
> hr-library@1.0.0 build
> npm run docs && cross-env NODE_ENV=production webpack --config webpack/webpack.prod.js --progress


> hr-library@1.0.0 docs
> jsdoc -c jsdoc.json

WARNING: The @type tag does not permit a description; the description will be ignored. File: Alert.js, line: 249
WARNING: The @type tag does not permit a description; the description will be ignored. File: Alert.js, line: 250
<s> [webpack.Progress] 0% 

<s> [webpack.Progress] 1% setup before run
<s> [webpack.Progress] 1% setup before run NodeEnvironmentPlugin
<s> [webpack.Progress] 1% setup before run
<s> [webpack.Progress] 2% setup run
<s> [webpack.Progress] 2% setup run webpack-cli
<s> [webpack.Progress] 2% setup run
<s> [webpack.Progress] 4% setup normal module factory
<s> [webpack.Progress] 4% setup normal module factory
<s> [webpack.Progress] 5% setup context module factory
<s> [webpack.Progress] 5% setup context module factory
<s> [webpack.Progress] 6% setup before compile
<s> [webpack.Progress] 6% setup before compile ProgressPlugin
<s> [webpack.Progress] 6% setup before compile
<s> [webpack.Progress] 7% setup compile
<s> [webpack.Progress] 7% setup compile ExternalsPlugin
<s> [webpack.Progress] 7% setup compile
<s> [webpack.Progress] 8% setup compilation
<s> [webpack.Progress] 8% setup compilation HtmlWebpackPlugin
<s> [webpack.Progress] 8% setup compilation HtmlWebpackPlugin
<s> [webpack.Progress] 8% setup compilation HtmlWebpackPlugin
<s> [webpack.Progress] 8% setup compilation HtmlWebpackPlugin
<s> [webpack.Progress] 8% setup compilation HtmlWebpackPlugin
<s> [webpack.Progress] 8% setup compilation HtmlWebpackPlugin
<s> [webpack.Progress] 8% setup compilation HtmlWebpackPlugin
<s> [webpack.Progress] 8% setup compilation HtmlWebpackPlugin
<s> [webpack.Progress] 8% setup compilation HtmlWebpackPlugin
<s> [webpack.Progress] 8% setup compilation HtmlWebpackPlugin
<s> [webpack.Progress] 8% setup compilation HtmlWebpackPlugin
<s> [webpack.Progress] 8% setup compilation HtmlWebpackPlugin
<s> [webpack.Progress] 8% setup compilation HtmlWebpackPlugin
<s> [webpack.Progress] 8% setup compilation HtmlWebpackPlugin
<s> [webpack.Progress] 8% setup compilation HtmlWebpackPlugin
<s> [webpack.Progress] 8% setup compilation HtmlWebpackPlugin
<s> [webpack.Progress] 8% setup compilation HtmlWebpackPlugin
<s> [webpack.Progress] 8% setup compilation HtmlWebpackPlugin
<s> [webpack.Progress] 8% setup compilation HtmlWebpackPlugin
<s> [webpack.Progress] 8% setup compilation HtmlWebpackPlugin
<s> [webpack.Progress] 8% setup compilation HtmlWebpackPlugin
<s> [webpack.Progress] 8% setup compilation HtmlWebpackPlugin
<s> [webpack.Progress] 8% setup compilation HtmlWebpackPlugin
<s> [webpack.Progress] 8% setup compilation HtmlWebpackPlugin
<s> [webpack.Progress] 8% setup compilation HtmlWebpackPlugin
<s> [webpack.Progress] 8% setup compilation HtmlWebpackPlugin
<s> [webpack.Progress] 8% setup compilation HtmlWebpackPlugin
<s> [webpack.Progress] 8% setup compilation HtmlWebpackPlugin
<s> [webpack.Progress] 8% setup compilation HtmlWebpackPlugin
<s> [webpack.Progress] 8% setup compilation HtmlWebpackPlugin
<s> [webpack.Progress] 8% setup compilation HtmlWebpackPlugin
<s> [webpack.Progress] 8% setup compilation HtmlWebpackPlugin
<s> [webpack.Progress] 8% setup compilation HtmlWebpackPlugin
<s> [webpack.Progress] 8% setup compilation HtmlWebpackPlugin
<s> [webpack.Progress] 8% setup compilation HtmlWebpackPlugin
<s> [webpack.Progress] 8% setup compilation HtmlWebpackPlugin
<s> [webpack.Progress] 8% setup compilation HtmlWebpackPlugin
<s> [webpack.Progress] 8% setup compilation HtmlWebpackPlugin
<s> [webpack.Progress] 8% setup compilation HtmlWebpackPlugin
<s> [webpack.Progress] 8% setup compilation HtmlWebpackPlugin
<s> [webpack.Progress] 8% setup compilation HtmlWebpackPlugin
<s> [webpack.Progress] 8% setup compilation HtmlWebpackPlugin
<s> [webpack.Progress] 8% setup compilation HtmlWebpackPlugin
<s> [webpack.Progress] 8% setup compilation HtmlWebpackPlugin
<s> [webpack.Progress] 8% setup compilation HtmlWebpackPlugin
<s> [webpack.Progress] 8% setup compilation HtmlWebpackPlugin
<s> [webpack.Progress] 8% setup compilation HtmlWebpackPlugin
<s> [webpack.Progress] 8% setup compilation HtmlWebpackPlugin
<s> [webpack.Progress] 8% setup compilation HtmlWebpackPlugin
<s> [webpack.Progress] 8% setup compilation HtmlWebpackPlugin
<s> [webpack.Progress] 8% setup compilation HtmlWebpackPlugin
<s> [webpack.Progress] 8% setup compilation CopyPlugin
<s> [webpack.Progress] 8% setup compilation mini-css-extract-plugin
<s> [webpack.Progress] 8% setup compilation ArrayPushCallbackChunkFormatPlugin
<s> [webpack.Progress] 8% setup compilation JsonpChunkLoadingPlugin
<s> [webpack.Progress] 8% setup compilation StartupChunkDependenciesPlugin
<s> [webpack.Progress] 8% setup compilation ImportScriptsChunkLoadingPlugin
<s> [webpack.Progress] 8% setup compilation WorkerPlugin
<s> [webpack.Progress] 8% setup compilation SplitChunksPlugin
<s> [webpack.Progress] 8% setup compilation ResolverCachePlugin
<s> [webpack.Progress] 8% setup compilation
<s> [webpack.Progress] 9% setup compilation
<s> [webpack.Progress] 9% setup compilation ProgressPlugin
<s> [webpack.Progress] 9% setup compilation mini-css-extract-plugin
<s> [webpack.Progress] 9% setup compilation DefinePlugin
<s> [webpack.Progress] 9% setup compilation ExternalsPlugin
<s> [webpack.Progress] 9% setup compilation ChunkPrefetchPreloadPlugin
<s> [webpack.Progress] 9% setup compilation JavascriptModulesPlugin
<s> [webpack.Progress] 9% setup compilation JsonModulesPlugin
<s> [webpack.Progress] 9% setup compilation AssetModulesPlugin
<s> [webpack.Progress] 9% setup compilation EntryPlugin
<s> [webpack.Progress] 9% setup compilation EntryPlugin
<s> [webpack.Progress] 9% setup compilation EntryPlugin
<s> [webpack.Progress] 9% setup compilation EntryPlugin
<s> [webpack.Progress] 9% setup compilation EntryPlugin
<s> [webpack.Progress] 9% setup compilation EntryPlugin
<s> [webpack.Progress] 9% setup compilation EntryPlugin
<s> [webpack.Progress] 9% setup compilation EntryPlugin
<s> [webpack.Progress] 9% setup compilation EntryPlugin
<s> [webpack.Progress] 9% setup compilation EntryPlugin
<s> [webpack.Progress] 9% setup compilation EntryPlugin
<s> [webpack.Progress] 9% setup compilation EntryPlugin
<s> [webpack.Progress] 9% setup compilation EntryPlugin
<s> [webpack.Progress] 9% setup compilation EntryPlugin
<s> [webpack.Progress] 9% setup compilation EntryPlugin
<s> [webpack.Progress] 9% setup compilation EntryPlugin
<s> [webpack.Progress] 9% setup compilation EntryPlugin
<s> [webpack.Progress] 9% setup compilation EntryPlugin
<s> [webpack.Progress] 9% setup compilation RuntimePlugin
<s> [webpack.Progress] 9% setup compilation InferAsyncModulesPlugin
<s> [webpack.Progress] 9% setup compilation DataUriPlugin
<s> [webpack.Progress] 9% setup compilation FileUriPlugin
<s> [webpack.Progress] 9% setup compilation CompatibilityPlugin
<s> [webpack.Progress] 9% setup compilation HarmonyModulesPlugin
<s> [webpack.Progress] 9% setup compilation AMDPlugin
<s> [webpack.Progress] 9% setup compilation RequireJsStuffPlugin
<s> [webpack.Progress] 9% setup compilation CommonJsPlugin
<s> [webpack.Progress] 9% setup compilation LoaderPlugin
<s> [webpack.Progress] 9% setup compilation LoaderPlugin
<s> [webpack.Progress] 9% setup compilation NodeStuffPlugin
<s> [webpack.Progress] 9% setup compilation APIPlugin
<s> [webpack.Progress] 9% setup compilation ExportsInfoApiPlugin
<s> [webpack.Progress] 9% setup compilation WebpackIsIncludedPlugin
<s> [webpack.Progress] 9% setup compilation ConstPlugin
<s> [webpack.Progress] 9% setup compilation UseStrictPlugin
<s> [webpack.Progress] 9% setup compilation RequireIncludePlugin
<s> [webpack.Progress] 9% setup compilation RequireEnsurePlugin
<s> [webpack.Progress] 9% setup compilation RequireContextPlugin
<s> [webpack.Progress] 9% setup compilation ImportPlugin
<s> [webpack.Progress] 9% setup compilation ImportMetaContextPlugin
<s> [webpack.Progress] 9% setup compilation SystemPlugin
<s> [webpack.Progress] 9% setup compilation ImportMetaPlugin
<s> [webpack.Progress] 9% setup compilation URLPlugin
<s> [webpack.Progress] 9% setup compilation DefaultStatsFactoryPlugin
<s> [webpack.Progress] 9% setup compilation DefaultStatsPresetPlugin
<s> [webpack.Progress] 9% setup compilation DefaultStatsPrinterPlugin
<s> [webpack.Progress] 9% setup compilation JavascriptMetaInfoPlugin
<s> [webpack.Progress] 9% setup compilation EnsureChunkConditionsPlugin
<s> [webpack.Progress] 9% setup compilation RemoveEmptyChunksPlugin
<s> [webpack.Progress] 9% setup compilation MergeDuplicateChunksPlugin
<s> [webpack.Progress] 9% setup compilation FlagIncludedChunksPlugin
<s> [webpack.Progress] 9% setup compilation SideEffectsFlagPlugin
<s> [webpack.Progress] 9% setup compilation FlagDependencyExportsPlugin
<s> [webpack.Progress] 9% setup compilation FlagDependencyUsagePlugin
<s> [webpack.Progress] 9% setup compilation InnerGraphPlugin
<s> [webpack.Progress] 9% setup compilation MangleExportsPlugin
<s> [webpack.Progress] 9% setup compilation ModuleConcatenationPlugin
<s> [webpack.Progress] 9% setup compilation NoEmitOnErrorsPlugin
<s> [webpack.Progress] 9% setup compilation RealContentHashPlugin
<s> [webpack.Progress] 9% setup compilation WasmFinalizeExportsPlugin
<s> [webpack.Progress] 9% setup compilation DeterministicModuleIdsPlugin
<s> [webpack.Progress] 9% setup compilation DeterministicChunkIdsPlugin
<s> [webpack.Progress] 9% setup compilation DefinePlugin
<s> [webpack.Progress] 9% setup compilation TerserPlugin
<s> [webpack.Progress] 9% setup compilation CssMinimizerPlugin
<s> [webpack.Progress] 9% setup compilation TemplatedPathPlugin
<s> [webpack.Progress] 9% setup compilation RecordIdsPlugin
<s> [webpack.Progress] 9% setup compilation WarnCaseSensitiveModulesPlugin
<s> [webpack.Progress] 9% setup compilation AddBuildDependenciesPlugin
<s> [webpack.Progress] 9% setup compilation AddBuildDependenciesPlugin
<s> [webpack.Progress] 9% setup compilation AddBuildDependenciesPlugin
<s> [webpack.Progress] 9% setup compilation
<s> [webpack.Progress] 10% building
<s> [webpack.Progress] 10% building 0/1 entries 0/0 dependencies 0/0 modules
<s> [webpack.Progress] 13% building 1/18 entries 18/18 dependencies 1/18 modules
<s> [webpack.Progress] 16% building 2/18 entries 18/18 dependencies 2/18 modules
<s> [webpack.Progress] 16% building 3/18 entries 18/18 dependencies 3/18 modules
<s> [webpack.Progress] 16% building 4/18 entries 18/18 dependencies 4/18 modules
<s> [webpack.Progress] 16% building 5/18 entries 18/18 dependencies 5/18 modules
<s> [webpack.Progress] 16% building 6/18 entries 18/18 dependencies 6/18 modules
<s> [webpack.Progress] 16% building 7/18 entries 18/18 dependencies 7/18 modules
<s> [webpack.Progress] 16% building 8/18 entries 18/18 dependencies 8/18 modules
<s> [webpack.Progress] 16% building 9/18 entries 18/18 dependencies 9/18 modules
<s> [webpack.Progress] 16% building 10/18 entries 18/18 dependencies 10/18 modules
<s> [webpack.Progress] 16% building 11/18 entries 18/18 dependencies 11/18 modules
<s> [webpack.Progress] 16% building 12/18 entries 18/18 dependencies 12/18 modules
<s> [webpack.Progress] 17% building 13/18 entries 18/18 dependencies 13/18 modules
<s> [webpack.Progress] 17% building 14/18 entries 18/18 dependencies 14/18 modules
<s> [webpack.Progress] 18% building 15/18 entries 18/18 dependencies 15/18 modules
<s> [webpack.Progress] 18% building 16/18 entries 18/18 dependencies 16/18 modules
<s> [webpack.Progress] 19% building 17/18 entries 18/47 dependencies 17/18 modules
<s> [webpack.Progress] 26% building import loader ./node_modules/mini-css-extract-plugin/dist/loader.js
<s> [webpack.Progress] 26% building import loader ./node_modules/css-loader/dist/cjs.js
<s> [webpack.Progress] 26% building import loader ./node_modules/postcss-loader/dist/cjs.js
<s> [webpack.Progress] 26% building import loader ./node_modules/sass-loader/dist/cjs.js
<s> [webpack.Progress] 26% building 17/18 entries 42/96 dependencies 17/42 modules
<s> [webpack.Progress] 65% building 18/18 entries 3551/3551 dependencies 1164/1164 modules
<s> [webpack.Progress] 65% building
<s> [webpack.Progress] 69% building finish
<s> [webpack.Progress] 69% building finish
<s> [webpack.Progress] 70% sealing finish module graph
<s> [webpack.Progress] 70% sealing finish module graph ResolverCachePlugin
<s> [webpack.Progress] 70% sealing finish module graph InferAsyncModulesPlugin
<s> [webpack.Progress] 70% sealing finish module graph FlagDependencyExportsPlugin
<s> [webpack.Progress] 70% sealing finish module graph InnerGraphPlugin
<s> [webpack.Progress] 70% sealing finish module graph WasmFinalizeExportsPlugin
<s> [webpack.Progress] 70% sealing finish module graph
<s> [webpack.Progress] 70% sealing plugins
<s> [webpack.Progress] 70% sealing plugins WarnCaseSensitiveModulesPlugin
<s> [webpack.Progress] 70% sealing plugins
<s> [webpack.Progress] 71% sealing dependencies optimization
<s> [webpack.Progress] 71% sealing dependencies optimization SideEffectsFlagPlugin
<s> [webpack.Progress] 71% sealing dependencies optimization FlagDependencyUsagePlugin
<s> [webpack.Progress] 71% sealing dependencies optimization
<s> [webpack.Progress] 71% sealing after dependencies optimization
<s> [webpack.Progress] 71% sealing after dependencies optimization
<s> [webpack.Progress] 72% sealing chunk graph
<s> [webpack.Progress] 72% sealing chunk graph
<s> [webpack.Progress] 73% sealing after chunk graph
<s> [webpack.Progress] 73% sealing after chunk graph
<s> [webpack.Progress] 73% sealing optimizing
<s> [webpack.Progress] 73% sealing optimizing
<s> [webpack.Progress] 74% sealing module optimization
<s> [webpack.Progress] 74% sealing module optimization
<s> [webpack.Progress] 75% sealing after module optimization
<s> [webpack.Progress] 75% sealing after module optimization
<s> [webpack.Progress] 75% sealing chunk optimization
<s> [webpack.Progress] 75% sealing chunk optimization EnsureChunkConditionsPlugin
<s> [webpack.Progress] 75% sealing chunk optimization RemoveEmptyChunksPlugin
<s> [webpack.Progress] 75% sealing chunk optimization MergeDuplicateChunksPlugin
<s> [webpack.Progress] 75% sealing chunk optimization SplitChunksPlugin
<s> [webpack.Progress] 75% sealing chunk optimization RemoveEmptyChunksPlugin
<s> [webpack.Progress] 75% sealing chunk optimization
<s> [webpack.Progress] 76% sealing after chunk optimization
<s> [webpack.Progress] 76% sealing after chunk optimization
<s> [webpack.Progress] 77% sealing module and chunk tree optimization
<s> [webpack.Progress] 77% sealing module and chunk tree optimization PersistentChildCompilerSingletonPlugin
<s> [webpack.Progress] 77% sealing module and chunk tree optimization
<s> [webpack.Progress] 77% sealing after module and chunk tree optimization
<s> [webpack.Progress] 77% sealing after module and chunk tree optimization
<s> [webpack.Progress] 78% sealing chunk modules optimization
<s> [webpack.Progress] 78% sealing chunk modules optimization ModuleConcatenationPlugin
<s> [webpack.Progress] 78% sealing chunk modules optimization
<s> [webpack.Progress] 78% sealing after chunk modules optimization
<s> [webpack.Progress] 78% sealing after chunk modules optimization
<s> [webpack.Progress] 79% sealing module reviving
<s> [webpack.Progress] 79% sealing module reviving RecordIdsPlugin
<s> [webpack.Progress] 79% sealing module reviving
<s> [webpack.Progress] 80% sealing before module ids
<s> [webpack.Progress] 80% sealing before module ids
<s> [webpack.Progress] 80% sealing module ids
<s> [webpack.Progress] 80% sealing module ids DeterministicModuleIdsPlugin
<s> [webpack.Progress] 80% sealing module ids
<s> [webpack.Progress] 81% sealing module id optimization
<s> [webpack.Progress] 81% sealing module id optimization
<s> [webpack.Progress] 82% sealing module id optimization
<s> [webpack.Progress] 82% sealing module id optimization
<s> [webpack.Progress] 82% sealing chunk reviving
<s> [webpack.Progress] 82% sealing chunk reviving RecordIdsPlugin
<s> [webpack.Progress] 82% sealing chunk reviving
<s> [webpack.Progress] 83% sealing before chunk ids
<s> [webpack.Progress] 83% sealing before chunk ids
<s> [webpack.Progress] 84% sealing chunk ids
<s> [webpack.Progress] 84% sealing chunk ids DeterministicChunkIdsPlugin
<s> [webpack.Progress] 84% sealing chunk ids
<s> [webpack.Progress] 84% sealing chunk id optimization
<s> [webpack.Progress] 84% sealing chunk id optimization FlagIncludedChunksPlugin
<s> [webpack.Progress] 84% sealing chunk id optimization
<s> [webpack.Progress] 85% sealing after chunk id optimization
<s> [webpack.Progress] 85% sealing after chunk id optimization
<s> [webpack.Progress] 87% sealing module hashing
<s> [webpack.Progress] 87% sealing module hashing
<s> [webpack.Progress] 87% sealing code generation
<s> [webpack.Progress] 87% sealing code generation
<s> [webpack.Progress] 88% sealing runtime requirements
<s> [webpack.Progress] 88% sealing runtime requirements
<s> [webpack.Progress] 89% sealing hashing
<s> [webpack.Progress] 89% sealing hashing
<s> [webpack.Progress] 89% sealing after hashing
<s> [webpack.Progress] 89% sealing after hashing
<s> [webpack.Progress] 91% sealing module assets processing
<s> [webpack.Progress] 91% sealing module assets processing
<s> [webpack.Progress] 91% sealing chunk assets processing
<s> [webpack.Progress] 91% sealing chunk assets processing
<s> [webpack.Progress] 92% sealing asset processing
<s> [webpack.Progress] 92% sealing asset processing CopyPlugin
<s> [webpack.Progress] 92% sealing asset processing PersistentChildCompilerSingletonPlugin
<s> [webpack.Progress] 92% sealing asset processing TerserPlugin
<s> [webpack.Progress] 92% sealing asset processing CssMinimizerPlugin
<s> [webpack.Progress] 92% sealing asset processing HtmlWebpackPlugin
<s> [webpack.Progress] 92% sealing asset processing HtmlWebpackPlugin
<s> [webpack.Progress] 92% sealing asset processing HtmlWebpackPlugin
<s> [webpack.Progress] 92% sealing asset processing HtmlWebpackPlugin
<s> [webpack.Progress] 92% sealing asset processing HtmlWebpackPlugin
<s> [webpack.Progress] 92% sealing asset processing HtmlWebpackPlugin
<s> [webpack.Progress] 92% sealing asset processing HtmlWebpackPlugin
<s> [webpack.Progress] 92% sealing asset processing HtmlWebpackPlugin
<s> [webpack.Progress] 92% sealing asset processing HtmlWebpackPlugin
<s> [webpack.Progress] 92% sealing asset processing HtmlWebpackPlugin
<s> [webpack.Progress] 92% sealing asset processing HtmlWebpackPlugin
<s> [webpack.Progress] 92% sealing asset processing HtmlWebpackPlugin
<s> [webpack.Progress] 92% sealing asset processing HtmlWebpackPlugin
<s> [webpack.Progress] 92% sealing asset processing HtmlWebpackPlugin
<s> [webpack.Progress] 92% sealing asset processing HtmlWebpackPlugin
<s> [webpack.Progress] 92% sealing asset processing HtmlWebpackPlugin
<s> [webpack.Progress] 92% sealing asset processing HtmlWebpackPlugin
<s> [webpack.Progress] 92% sealing asset processing HtmlWebpackPlugin
<s> [webpack.Progress] 92% sealing asset processing HtmlWebpackPlugin
<s> [webpack.Progress] 92% sealing asset processing HtmlWebpackPlugin
<s> [webpack.Progress] 92% sealing asset processing HtmlWebpackPlugin
<s> [webpack.Progress] 92% sealing asset processing HtmlWebpackPlugin
<s> [webpack.Progress] 92% sealing asset processing HtmlWebpackPlugin
<s> [webpack.Progress] 92% sealing asset processing HtmlWebpackPlugin
<s> [webpack.Progress] 92% sealing asset processing HtmlWebpackPlugin
<s> [webpack.Progress] 92% sealing asset processing HtmlWebpackPlugin
<s> [webpack.Progress] 92% sealing asset processing HtmlWebpackPlugin
<s> [webpack.Progress] 92% sealing asset processing HtmlWebpackPlugin
<s> [webpack.Progress] 92% sealing asset processing HtmlWebpackPlugin
<s> [webpack.Progress] 92% sealing asset processing HtmlWebpackPlugin
<s> [webpack.Progress] 92% sealing asset processing HtmlWebpackPlugin
<s> [webpack.Progress] 92% sealing asset processing HtmlWebpackPlugin
<s> [webpack.Progress] 92% sealing asset processing HtmlWebpackPlugin
<s> [webpack.Progress] 92% sealing asset processing HtmlWebpackPlugin
<s> [webpack.Progress] 92% sealing asset processing HtmlWebpackPlugin
<s> [webpack.Progress] 92% sealing asset processing HtmlWebpackPlugin
<s> [webpack.Progress] 92% sealing asset processing HtmlWebpackPlugin
<s> [webpack.Progress] 92% sealing asset processing HtmlWebpackPlugin
<s> [webpack.Progress] 92% sealing asset processing HtmlWebpackPlugin
<s> [webpack.Progress] 92% sealing asset processing HtmlWebpackPlugin
<s> [webpack.Progress] 92% sealing asset processing HtmlWebpackPlugin
<s> [webpack.Progress] 92% sealing asset processing HtmlWebpackPlugin
<s> [webpack.Progress] 92% sealing asset processing HtmlWebpackPlugin
<s> [webpack.Progress] 92% sealing asset processing HtmlWebpackPlugin
<s> [webpack.Progress] 92% sealing asset processing HtmlWebpackPlugin
<s> [webpack.Progress] 92% sealing asset processing HtmlWebpackPlugin
<s> [webpack.Progress] 92% sealing asset processing HtmlWebpackPlugin
<s> [webpack.Progress] 92% sealing asset processing HtmlWebpackPlugin
<s> [webpack.Progress] 92% sealing asset processing HtmlWebpackPlugin
<s> [webpack.Progress] 92% sealing asset processing HtmlWebpackPlugin
<s> [webpack.Progress] 92% sealing asset processing HtmlWebpackPlugin
<s> [webpack.Progress] 92% sealing asset processing RealContentHashPlugin
<s> [webpack.Progress] 92% sealing asset processing
<s> [webpack.Progress] 93% sealing after asset optimization
<s> [webpack.Progress] 93% sealing after asset optimization
<s> [webpack.Progress] 94% sealing after seal
<s> [webpack.Progress] 94% sealing after seal
<s> [webpack.Progress] 99% done plugins
<s> [webpack.Progress] 99% done plugins IdleFileCachePlugin
<s> [webpack.Progress] 99% done plugins
<s> [webpack.Progress] 99% 

<s> [webpack.Progress] 99% cache begin idle
<s> [webpack.Progress] 99% cache begin idle IdleFileCachePlugin
<s> [webpack.Progress] 99% cache begin idle
<s> [webpack.Progress] 100% 

<s> [webpack.Progress] 99% cache shutdown
<s> [webpack.Progress] 99% cache shutdown MemoryCachePlugin
<s> [webpack.Progress] 99% cache shutdown IdleFileCachePlugin
<s> [webpack.Progress] 99% cache shutdown IdleFileCachePlugin process pending cache items
<s> [webpack.Progress] 99% cache shutdown IdleFileCachePlugin serialize pack
<w> [webpack.cache.PackFileCacheStrategy] Serializing big strings (772kiB) impacts deserialization performance (consider using Buffer instead and decode when needed)
<w> [webpack.cache.PackFileCacheStrategy] Serializing big strings (771kiB) impacts deserialization performance (consider using Buffer instead and decode when needed)
<w> [webpack.cache.PackFileCacheStrategy] Serializing big strings (771kiB) impacts deserialization performance (consider using Buffer instead and decode when needed)
<w> [webpack.cache.PackFileCacheStrategy] Serializing big strings (772kiB) impacts deserialization performance (consider using Buffer instead and decode when needed)
<w> [webpack.cache.PackFileCacheStrategy] Serializing big strings (773kiB) impacts deserialization performance (consider using Buffer instead and decode when needed)
<s> [webpack.Progress] 99% cache shutdown IdleFileCachePlugin stored
<s> [webpack.Progress] 99% cache shutdown
<s> [webpack.Progress] 100% 

assets by status 75.7 MiB [1m[32m[cached][39m[22m 273 assets
cached modules 11.2 MiB (javascript) 189 KiB (css/mini-extract) 307 KiB (asset) 5 KiB (runtime) [1m[32m[cached][39m[22m 1177 modules
orphan modules 39 bytes [1m[33m[orphan][39m[22m 1 module

[1m[33mWARNING[39m[22m in [1m./src/scss/app.scss[39m[22m (./src/scss/app.scss.webpack[javascript/auto]!=!./node_modules/css-loader/dist/cjs.js!./node_modules/postcss-loader/dist/cjs.js!./node_modules/sass-loader/dist/cjs.js??ruleSet[1].rules[4].use[3]!./src/scss/app.scss)
[1mModule Warning (from ./node_modules/sass-loader/dist/cjs.js):
Deprecation Warning on line 0, column 8 of file:///D:/Proyectos/HR-Library/src/scss/app.scss:0:8:
Sass @import rules are [1m[33mdeprecated[39m[22m[1m and will be removed in Dart Sass 3.0.0.

More info and automated migrator: https://sass-lang.com/d/import

0 | @import "bootstrap/scss/functions";


src\scss\app.scss 1:9  root stylesheet
[39m[22m
 @ ./src/scss/app.scss
 @ ./src/js/app.js 4:0-26

[1m[33mWARNING[39m[22m in [1m./src/scss/app.scss[39m[22m (./src/scss/app.scss.webpack[javascript/auto]!=!./node_modules/css-loader/dist/cjs.js!./node_modules/postcss-loader/dist/cjs.js!./node_modules/sass-loader/dist/cjs.js??ruleSet[1].rules[4].use[3]!./src/scss/app.scss)
[1mModule Warning (from ./node_modules/sass-loader/dist/cjs.js):
Deprecation Warning on line 0, column 18 of file:///D:/Proyectos/HR-Library/src/scss/1-variables/_navbar.scss:0:18:
Global built-in functions are [1m[33mdeprecated[39m[22m[1m and will be removed in Dart Sass 3.0.0.
[1m[33mUse color.adjust instead[39m[22m[1m.

More info and automated migrator: https://sass-lang.com/d/import

0 | $navbar-input-bg: darken($body-bg, 0.5%) !default;


src\scss\1-variables\_navbar.scss 1:19  @import
src\scss\1-variables\_app.scss 11:9     @import
src\scss\app.scss 4:9                   root stylesheet
[39m[22m
 @ ./src/scss/app.scss
 @ ./src/js/app.js 4:0-26

[1m[33mWARNING[39m[22m in [1m./src/scss/app.scss[39m[22m (./src/scss/app.scss.webpack[javascript/auto]!=!./node_modules/css-loader/dist/cjs.js!./node_modules/postcss-loader/dist/cjs.js!./node_modules/sass-loader/dist/cjs.js??ruleSet[1].rules[4].use[3]!./src/scss/app.scss)
[1mModule Warning (from ./node_modules/sass-loader/dist/cjs.js):
Deprecation Warning on line 0, column 18 of file:///D:/Proyectos/HR-Library/src/scss/1-variables/_navbar.scss:0:18:
darken() is [1m[33mdeprecated[39m[22m[1m. Suggestions:

color.scale($color, $lightness: -0.5120481928%)
color.adjust($color, $lightness: -0.5%)

More info: https://sass-lang.com/d/color-functions

0 | $navbar-input-bg: darken($body-bg, 0.5%) !default;


src\scss\1-variables\_navbar.scss 1:19  @import
src\scss\1-variables\_app.scss 11:9     @import
src\scss\app.scss 4:9                   root stylesheet
[39m[22m
 @ ./src/scss/app.scss
 @ ./src/js/app.js 4:0-26

[1m[33mWARNING[39m[22m in [1m./src/scss/app.scss[39m[22m (./src/scss/app.scss.webpack[javascript/auto]!=!./node_modules/css-loader/dist/cjs.js!./node_modules/postcss-loader/dist/cjs.js!./node_modules/sass-loader/dist/cjs.js??ruleSet[1].rules[4].use[3]!./src/scss/app.scss)
[1mModule Warning (from ./node_modules/sass-loader/dist/cjs.js):
Deprecation Warning on line 3, column 8 of file:///D:/Proyectos/HR-Library/src/scss/app.scss:3:8:
Sass @import rules are [1m[33mdeprecated[39m[22m[1m and will be removed in Dart Sass 3.0.0.

More info and automated migrator: https://sass-lang.com/d/import

3 | @import "1-variables/app";


src\scss\app.scss 4:9  root stylesheet
[39m[22m
 @ ./src/scss/app.scss
 @ ./src/js/app.js 4:0-26

[1m[33mWARNING[39m[22m in [1m./src/scss/app.scss[39m[22m (./src/scss/app.scss.webpack[javascript/auto]!=!./node_modules/css-loader/dist/cjs.js!./node_modules/postcss-loader/dist/cjs.js!./node_modules/sass-loader/dist/cjs.js??ruleSet[1].rules[4].use[3]!./src/scss/app.scss)
[1mModule Warning (from ./node_modules/sass-loader/dist/cjs.js):
Deprecation Warning on line 6, column 8 of file:///D:/Proyectos/HR-Library/src/scss/app.scss:6:8:
Sass @import rules are [1m[33mdeprecated[39m[22m[1m and will be removed in Dart Sass 3.0.0.

More info and automated migrator: https://sass-lang.com/d/import

6 | @import "1-variables/bootstrap";


src\scss\app.scss 7:9  root stylesheet
[39m[22m
 @ ./src/scss/app.scss
 @ ./src/js/app.js 4:0-26

[1m[33mWARNING[39m[22m in [1m./src/scss/app.scss[39m[22m (./src/scss/app.scss.webpack[javascript/auto]!=!./node_modules/css-loader/dist/cjs.js!./node_modules/postcss-loader/dist/cjs.js!./node_modules/sass-loader/dist/cjs.js??ruleSet[1].rules[4].use[3]!./src/scss/app.scss)
[1mModule Warning (from ./node_modules/sass-loader/dist/cjs.js):
Deprecation Warning on line 9, column 8 of file:///D:/Proyectos/HR-Library/src/scss/app.scss:9:8:
Sass @import rules are [1m[33mdeprecated[39m[22m[1m and will be removed in Dart Sass 3.0.0.

More info and automated migrator: https://sass-lang.com/d/import

9 | @import "bootstrap-icons/font/bootstrap-icons";


src\scss\app.scss 10:9  root stylesheet
[39m[22m
 @ ./src/scss/app.scss
 @ ./src/js/app.js 4:0-26

[1m[33mWARNING[39m[22m in [1m./src/scss/app.scss[39m[22m (./src/scss/app.scss.webpack[javascript/auto]!=!./node_modules/css-loader/dist/cjs.js!./node_modules/postcss-loader/dist/cjs.js!./node_modules/sass-loader/dist/cjs.js??ruleSet[1].rules[4].use[3]!./src/scss/app.scss)
[1mModule Warning (from ./node_modules/sass-loader/dist/cjs.js):
Deprecation Warning on line 10, column 10 of file:///D:/Proyectos/HR-Library/src/scss/1-variables/_utils.scss:10:10:
Global built-in functions are [1m[33mdeprecated[39m[22m[1m and will be removed in Dart Sass 3.0.0.
[1m[33mUse color.adjust instead[39m[22m[1m.

More info and automated migrator: https://sass-lang.com/d/import

10 | $stat-bg: lighten($primary, 35%) !default;


src\scss\1-variables\_utils.scss 11:11  @import
src\scss\1-variables\_app.scss 20:9     @import
src\scss\app.scss 4:9                   root stylesheet
[39m[22m
 @ ./src/scss/app.scss
 @ ./src/js/app.js 4:0-26

[1m[33mWARNING[39m[22m in [1m./src/scss/app.scss[39m[22m (./src/scss/app.scss.webpack[javascript/auto]!=!./node_modules/css-loader/dist/cjs.js!./node_modules/postcss-loader/dist/cjs.js!./node_modules/sass-loader/dist/cjs.js??ruleSet[1].rules[4].use[3]!./src/scss/app.scss)
[1mModule Warning (from ./node_modules/sass-loader/dist/cjs.js):
Deprecation Warning on line 10, column 10 of file:///D:/Proyectos/HR-Library/src/scss/1-variables/_utils.scss:10:10:
lighten() is [1m[33mdeprecated[39m[22m[1m. Suggestions:

color.scale($color, $lightness: 45.5357142857%)
color.adjust($color, $lightness: 35%)

More info: https://sass-lang.com/d/color-functions

10 | $stat-bg: lighten($primary, 35%) !default;


src\scss\1-variables\_utils.scss 11:11  @import
src\scss\1-variables\_app.scss 20:9     @import
src\scss\app.scss 4:9                   root stylesheet
[39m[22m
 @ ./src/scss/app.scss
 @ ./src/js/app.js 4:0-26

[1m[33mWARNING[39m[22m in [1m./src/scss/app.scss[39m[22m (./src/scss/app.scss.webpack[javascript/auto]!=!./node_modules/css-loader/dist/cjs.js!./node_modules/postcss-loader/dist/cjs.js!./node_modules/sass-loader/dist/cjs.js??ruleSet[1].rules[4].use[3]!./src/scss/app.scss)
[1mModule Warning (from ./node_modules/sass-loader/dist/cjs.js):
Deprecation Warning on line 12, column 8 of file:///D:/Proyectos/HR-Library/src/scss/app.scss:12:8:
Sass @import rules are [1m[33mdeprecated[39m[22m[1m and will be removed in Dart Sass 3.0.0.

More info and automated migrator: https://sass-lang.com/d/import

12 | @import "2-mixins/button";


src\scss\app.scss 13:9  root stylesheet
[39m[22m
 @ ./src/scss/app.scss
 @ ./src/js/app.js 4:0-26

[1m[33mWARNING[39m[22m in [1m./src/scss/app.scss[39m[22m (./src/scss/app.scss.webpack[javascript/auto]!=!./node_modules/css-loader/dist/cjs.js!./node_modules/postcss-loader/dist/cjs.js!./node_modules/sass-loader/dist/cjs.js??ruleSet[1].rules[4].use[3]!./src/scss/app.scss)
[1mModule Warning (from ./node_modules/sass-loader/dist/cjs.js):
Deprecation Warning on line 21, column 34 of file:///D:/Proyectos/HR-Library/src/scss/2-mixins/_table.scss:21:34:
Global built-in functions are [1m[33mdeprecated[39m[22m[1m and will be removed in Dart Sass 3.0.0.
[1m[33mUse color.adjust instead[39m[22m[1m.

More info and automated migrator: https://sass-lang.com/d/import

21 | @mixin table-header($bg, $border: darken($bg, 8%)) {


src\scss\2-mixins\_table.scss 22:35      table-header()
src\scss\3-components\_tables.scss 94:3  @import
src\scss\3-components\_index.scss 19:9   @import
src\scss\app.scss 17:9                   root stylesheet
[39m[22m
 @ ./src/scss/app.scss
 @ ./src/js/app.js 4:0-26

[1m[33mWARNING[39m[22m in [1m./src/scss/app.scss[39m[22m (./src/scss/app.scss.webpack[javascript/auto]!=!./node_modules/css-loader/dist/cjs.js!./node_modules/postcss-loader/dist/cjs.js!./node_modules/sass-loader/dist/cjs.js??ruleSet[1].rules[4].use[3]!./src/scss/app.scss)
[1mModule Warning (from ./node_modules/sass-loader/dist/cjs.js):
Deprecation Warning on line 21, column 34 of file:///D:/Proyectos/HR-Library/src/scss/2-mixins/_table.scss:21:34:
darken() is [1m[33mdeprecated[39m[22m[1m. Suggestions:

color.scale($color, $lightness: -8.7741935484%)
color.adjust($color, $lightness: -8%)

More info: https://sass-lang.com/d/color-functions

21 | @mixin table-header($bg, $border: darken($bg, 8%)) {


src\scss\2-mixins\_table.scss 22:35      table-header()
src\scss\3-components\_tables.scss 94:3  @import
src\scss\3-components\_index.scss 19:9   @import
src\scss\app.scss 17:9                   root stylesheet
[39m[22m
 @ ./src/scss/app.scss
 @ ./src/js/app.js 4:0-26

[1m[33mWARNING[39m[22m in [1m./src/scss/app.scss[39m[22m (./src/scss/app.scss.webpack[javascript/auto]!=!./node_modules/css-loader/dist/cjs.js!./node_modules/postcss-loader/dist/cjs.js!./node_modules/sass-loader/dist/cjs.js??ruleSet[1].rules[4].use[3]!./src/scss/app.scss)
[1mModule Warning (from ./node_modules/sass-loader/dist/cjs.js):
Deprecation Warning on line 21, column 34 of file:///D:/Proyectos/HR-Library/src/scss/2-mixins/_table.scss:21:34:
darken() is [1m[33mdeprecated[39m[22m[1m. Suggestions:

color.scale($color, $lightness: -16%)
color.adjust($color, $lightness: -8%)

More info: https://sass-lang.com/d/color-functions

21 | @mixin table-header($bg, $border: darken($bg, 8%)) {


src\scss\2-mixins\_table.scss 22:35      table-header()
src\scss\3-components\_tables.scss 94:3  @import
src\scss\3-components\_index.scss 19:9   @import
src\scss\app.scss 17:9                   root stylesheet
[39m[22m
 @ ./src/scss/app.scss
 @ ./src/js/app.js 4:0-26

[1m[33mWARNING[39m[22m in [1m./src/scss/app.scss[39m[22m (./src/scss/app.scss.webpack[javascript/auto]!=!./node_modules/css-loader/dist/cjs.js!./node_modules/postcss-loader/dist/cjs.js!./node_modules/sass-loader/dist/cjs.js??ruleSet[1].rules[4].use[3]!./src/scss/app.scss)
[1mModule Warning (from ./node_modules/sass-loader/dist/cjs.js):
Deprecation Warning on line 110, column 44 of file:///D:/Proyectos/HR-Library/src/scss/3-components/_sidebar.scss:110:44:
Global built-in functions are [1m[33mdeprecated[39m[22m[1m and will be removed in Dart Sass 3.0.0.
[1m[33mUse map.get instead[39m[22m[1m.

More info and automated migrator: https://sass-lang.com/d/import

110 |   @media (min-width: 1px) and (max-width: #{map-get($grid-breakpoints, 'lg') - .02px}) {


src\scss\3-components\_sidebar.scss 111:45  @import
src\scss\3-components\_index.scss 16:9      @import
src\scss\app.scss 17:9                      root stylesheet
[39m[22m
 @ ./src/scss/app.scss
 @ ./src/js/app.js 4:0-26

[1m[33mWARNING[39m[22m in [1m./src/scss/app.scss[39m[22m (./src/scss/app.scss.webpack[javascript/auto]!=!./node_modules/css-loader/dist/cjs.js!./node_modules/postcss-loader/dist/cjs.js!./node_modules/sass-loader/dist/cjs.js??ruleSet[1].rules[4].use[3]!./src/scss/app.scss)
[1mModule Warning (from ./node_modules/sass-loader/dist/cjs.js):
Deprecation Warning on line 170, column 17 of file:///D:/Proyectos/HR-Library/src/scss/1-variables/_colors.scss:170:17:
Global built-in functions are [1m[33mdeprecated[39m[22m[1m and will be removed in Dart Sass 3.0.0.
[1m[33mUse color.adjust instead[39m[22m[1m.

More info and automated migrator: https://sass-lang.com/d/import

170 | $sidebar-cta-bg: lighten($sidebar-bg, 5%) !default;


src\scss\1-variables\_colors.scss 171:18  @import
src\scss\1-variables\_app.scss 5:9        @import
src\scss\app.scss 4:9                     root stylesheet
[39m[22m
 @ ./src/scss/app.scss
 @ ./src/js/app.js 4:0-26

[1m[33mWARNING[39m[22m in [1m./src/scss/app.scss[39m[22m (./src/scss/app.scss.webpack[javascript/auto]!=!./node_modules/css-loader/dist/cjs.js!./node_modules/postcss-loader/dist/cjs.js!./node_modules/sass-loader/dist/cjs.js??ruleSet[1].rules[4].use[3]!./src/scss/app.scss)
[1mModule Warning (from ./node_modules/sass-loader/dist/cjs.js):
Deprecation Warning on line 170, column 17 of file:///D:/Proyectos/HR-Library/src/scss/1-variables/_colors.scss:170:17:
lighten() is [1m[33mdeprecated[39m[22m[1m. Suggestions:

color.scale($color, $lightness: 5.7692307692%)
color.adjust($color, $lightness: 5%)

More info: https://sass-lang.com/d/color-functions

170 | $sidebar-cta-bg: lighten($sidebar-bg, 5%) !default;


src\scss\1-variables\_colors.scss 171:18  @import
src\scss\1-variables\_app.scss 5:9        @import
src\scss\app.scss 4:9                     root stylesheet
[39m[22m
 @ ./src/scss/app.scss
 @ ./src/js/app.js 4:0-26

[1m[33mWARNING[39m[22m in [1m./src/scss/app.scss[39m[22m (./src/scss/app.scss.webpack[javascript/auto]!=!./node_modules/css-loader/dist/cjs.js!./node_modules/postcss-loader/dist/cjs.js!./node_modules/sass-loader/dist/cjs.js??ruleSet[1].rules[4].use[3]!./src/scss/app.scss)
[1mModule Warning (from ./node_modules/sass-loader/dist/cjs.js):
160 repetitive deprecation warnings omitted.
Run in verbose mode to see all warnings.[39m[22m
 @ ./src/scss/app.scss
 @ ./src/js/app.js 4:0-26

[1m[31mERROR[39m[22m in [1m./src/scss/app.scss[39m[22m (./src/scss/app.scss.webpack[javascript/auto]!=!./node_modules/css-loader/dist/cjs.js!./node_modules/postcss-loader/dist/cjs.js!./node_modules/sass-loader/dist/cjs.js??ruleSet[1].rules[4].use[3]!./src/scss/app.scss) [1m[32m21:37-78[39m[22m
[1mModule [1m[31mnot found[39m[22m[1m: [1m[31mError[39m[22m[1m: Can't resolve '/img/bg/1.jpg' in 'D:\Proyectos\HR-Library\src\scss'[39m[22m
resolve '/img/bg/1.jpg' in 'D:\Proyectos\HR-Library\src\scss'
  using description file: D:\Proyectos\HR-Library\package.json (relative path: ./src/scss)
    No description file found in /img/bg or above
    no extension
[1m[31m      /img/bg/1.jpg doesn't exist[39m[22m
    .js
[1m[31m      /img/bg/1.jpg.js doesn't exist[39m[22m
    .jsx
[1m[31m      /img/bg/1.jpg.jsx doesn't exist[39m[22m
    .hbs
[1m[31m      /img/bg/1.jpg.hbs doesn't exist[39m[22m
    as directory
[1m[31m      /img/bg/1.jpg doesn't exist[39m[22m
    root path D:\Proyectos\HR-Library
      using description file: D:\Proyectos\HR-Library\package.json (relative path: ./img/bg/1.jpg)
        no extension
[1m[31m          D:\Proyectos\HR-Library\img\bg\1.jpg doesn't exist[39m[22m
        .js
[1m[31m          D:\Proyectos\HR-Library\img\bg\1.jpg.js doesn't exist[39m[22m
        .jsx
[1m[31m          D:\Proyectos\HR-Library\img\bg\1.jpg.jsx doesn't exist[39m[22m
        .hbs
[1m[31m          D:\Proyectos\HR-Library\img\bg\1.jpg.hbs doesn't exist[39m[22m
        as directory
[1m[31m          D:\Proyectos\HR-Library\img\bg\1.jpg doesn't exist[39m[22m
 @ ./src/scss/app.scss
 @ ./src/js/app.js 4:0-26

[1m[31mERROR[39m[22m in [1m./src/scss/app.scss[39m[22m
[1mModule build [1m[31mfailed[39m[22m[1m (from ./node_modules/mini-css-extract-plugin/dist/loader.js):
HookWebpackError: Cannot find module '/img/bg/1.jpg'
    at tryRunOrWebpackError (D:\Proyectos\HR-Library\node_modules\webpack\lib\HookWebpackError.js:116:9)
    at __webpack_require_module__ (D:\Proyectos\HR-Library\node_modules\webpack\lib\Compilation.js:5626:14)
    at __webpack_require__ (D:\Proyectos\HR-Library\node_modules\webpack\lib\Compilation.js:5570:20)
    at D:\Proyectos\HR-Library\node_modules\webpack\lib\Compilation.js:5661:22
    at symbolIterator (D:\Proyectos\HR-Library\node_modules\neo-async\async.js:3485:9)
    at done (D:\Proyectos\HR-Library\node_modules\neo-async\async.js:3527:9)
    at Hook.eval [as callAsync] (eval at create (D:\Proyectos\HR-Library\node_modules\webpack\node_modules\tapable\lib\HookCodeFactory.js:31:10), <anonymous>:15:1)
    at D:\Proyectos\HR-Library\node_modules\webpack\lib\Compilation.js:5545:45
    at symbolIterator (D:\Proyectos\HR-Library\node_modules\neo-async\async.js:3482:9)
    at process.processTicksAndRejections (node:internal/process/task_queues:85:11)
-- inner [1m[31merror[39m[22m[1m --
[1m[31mError[39m[22m[1m: Cannot find module '/img/bg/1.jpg'
    at webpackMissingModule (D:\Proyectos\HR-Library\node_modules\css-loader\dist\cjs.js!D:\Proyectos\HR-Library\node_modules\postcss-loader\dist\cjs.js!D:\Proyectos\HR-Library\node_modules\sass-loader\dist\cjs.js??ruleSet[1].rules[4].use[3]!D:\Proyectos\HR-Library\src\scss\app.scss:28:114)
    at Module.<anonymous> (D:\Proyectos\HR-Library\node_modules\css-loader\dist\cjs.js!D:\Proyectos\HR-Library\node_modules\postcss-loader\dist\cjs.js!D:\Proyectos\HR-Library\node_modules\sass-loader\dist\cjs.js??ruleSet[1].rules[4].use[3]!D:\Proyectos\HR-Library\src\scss\app.scss:28:202)
    at D:\Proyectos\HR-Library\node_modules\webpack\lib\javascript\JavascriptModulesPlugin.js:596:10
    at Hook.eval [as call] (eval at create (D:\Proyectos\HR-Library\node_modules\webpack\node_modules\tapable\lib\HookCodeFactory.js:19:10), <anonymous>:7:1)
    at D:\Proyectos\HR-Library\node_modules\webpack\lib\Compilation.js:5628:41
    at tryRunOrWebpackError (D:\Proyectos\HR-Library\node_modules\webpack\lib\HookWebpackError.js:111:7)
    at __webpack_require_module__ (D:\Proyectos\HR-Library\node_modules\webpack\lib\Compilation.js:5626:14)
    at __webpack_require__ (D:\Proyectos\HR-Library\node_modules\webpack\lib\Compilation.js:5570:20)
    at D:\Proyectos\HR-Library\node_modules\webpack\lib\Compilation.js:5661:22
    at symbolIterator (D:\Proyectos\HR-Library\node_modules\neo-async\async.js:3485:9)

Generated code for D:\Proyectos\HR-Library\node_modules\css-loader\dist\cjs.js!D:\Proyectos\HR-Library\node_modules\postcss-loader\dist\cjs.js!D:\Proyectos\HR-Library\node_modules\sass-loader\dist\cjs.js??ruleSet[1].rules[4].use[3]!D:\Proyectos\HR-Library\src\scss\app.scss
 1 | __webpack_require__.r(__webpack_exports__);
 2 | /* harmony import */ var _node_modules_css_loader_dist_runtime_noSourceMaps_js__WEBPACK_IMPORTED_MODULE_0__ = __webpack_require__("D:\\Proyectos\\HR-Library\\node_modules\\css-loader\\dist\\runtime\\noSourceMaps.js");
 3 | /* harmony import */ var _node_modules_css_loader_dist_runtime_noSourceMaps_js__WEBPACK_IMPORTED_MODULE_0___default = /*#__PURE__*/__webpack_require__.n(_node_modules_css_loader_dist_runtime_noSourceMaps_js__WEBPACK_IMPORTED_MODULE_0__);
 4 | /* harmony import */ var _node_modules_css_loader_dist_runtime_api_js__WEBPACK_IMPORTED_MODULE_1__ = __webpack_require__("D:\\Proyectos\\HR-Library\\node_modules\\css-loader\\dist\\runtime\\api.js");
 5 | /* harmony import */ var _node_modules_css_loader_dist_runtime_api_js__WEBPACK_IMPORTED_MODULE_1___default = /*#__PURE__*/__webpack_require__.n(_node_modules_css_loader_dist_runtime_api_js__WEBPACK_IMPORTED_MODULE_1__);
 6 | /* harmony import */ var _node_modules_css_loader_dist_runtime_getUrl_js__WEBPACK_IMPORTED_MODULE_2__ = __webpack_require__("D:\\Proyectos\\HR-Library\\node_modules\\css-loader\\dist\\runtime\\getUrl.js");
 7 | /* harmony import */ var _node_modules_css_loader_dist_runtime_getUrl_js__WEBPACK_IMPORTED_MODULE_2___default = /*#__PURE__*/__webpack_require__.n(_node_modules_css_loader_dist_runtime_getUrl_js__WEBPACK_IMPORTED_MODULE_2__);
 8 | // Imports
 9 | 
10 | 
11 | 
12 | var ___CSS_LOADER_URL_IMPORT_0___ = new URL(/* asset import */ __webpack_require__("asset/inline|data:image/svg+xml,%3csvg xmlns=%27http://www.w3.org/2000/svg%27 viewBox=%270 0 16 16%27%3e%3cpath fill=%27none%27 stroke=%27%23343a40%27 stroke-linecap=%27round%27 stroke-linejoin=%27round%27 stroke-width=%272%27 d=%27m2 5 6 6 6-6%27/%3e%3c/svg%3e"), __webpack_require__.b);
13 | var ___CSS_LOADER_URL_IMPORT_1___ = new URL(/* asset import */ __webpack_require__("asset/inline|data:image/svg+xml,%3csvg xmlns=%27http://www.w3.org/2000/svg%27 viewBox=%270 0 20 20%27%3e%3cpath fill=%27none%27 stroke=%27%23ffffff%27 stroke-linecap=%27round%27 stroke-linejoin=%27round%27 stroke-width=%273%27 d=%27m6 10 3 3 6-6%27/%3e%3c/svg%3e"), __webpack_require__.b);
14 | var ___CSS_LOADER_URL_IMPORT_2___ = new URL(/* asset import */ __webpack_require__("asset/inline|data:image/svg+xml,%3csvg xmlns=%27http://www.w3.org/2000/svg%27 viewBox=%27-4 -4 8 8%27%3e%3ccircle r=%272%27 fill=%27%23ffffff%27/%3e%3c/svg%3e"), __webpack_require__.b);
15 | var ___CSS_LOADER_URL_IMPORT_3___ = new URL(/* asset import */ __webpack_require__("asset/inline|data:image/svg+xml,%3csvg xmlns=%27http://www.w3.org/2000/svg%27 viewBox=%270 0 20 20%27%3e%3cpath fill=%27none%27 stroke=%27%23ffffff%27 stroke-linecap=%27round%27 stroke-linejoin=%27round%27 stroke-width=%273%27 d=%27M6 10h8%27/%3e%3c/svg%3e"), __webpack_require__.b);
16 | var ___CSS_LOADER_URL_IMPORT_4___ = new URL(/* asset import */ __webpack_require__("asset/inline|data:image/svg+xml,%3csvg xmlns=%27http://www.w3.org/2000/svg%27 viewBox=%27-4 -4 8 8%27%3e%3ccircle r=%273%27 fill=%27rgba%2826, 26, 26, 0.25%29%27/%3e%3c/svg%3e"), __webpack_require__.b);
17 | var ___CSS_LOADER_URL_IMPORT_5___ = new URL(/* asset import */ __webpack_require__("asset/inline|data:image/svg+xml,%3csvg xmlns=%27http://www.w3.org/2000/svg%27 viewBox=%27-4 -4 8 8%27%3e%3ccircle r=%273%27 fill=%27rgb%28127.5, 155.5, 186.5%29%27/%3e%3c/svg%3e"), __webpack_require__.b);
18 | var ___CSS_LOADER_URL_IMPORT_6___ = new URL(/* asset import */ __webpack_require__("asset/inline|data:image/svg+xml,%3csvg xmlns=%27http://www.w3.org/2000/svg%27 viewBox=%27-4 -4 8 8%27%3e%3ccircle r=%273%27 fill=%27%23ffffff%27/%3e%3c/svg%3e"), __webpack_require__.b);
19 | var ___CSS_LOADER_URL_IMPORT_7___ = new URL(/* asset import */ __webpack_require__("asset/inline|data:image/svg+xml,%3csvg xmlns=%27http://www.w3.org/2000/svg%27 viewBox=%270 0 30 30%27%3e%3cpath stroke=%27rgba%2852, 58, 64, 0.75%29%27 stroke-linecap=%27round%27 stroke-miterlimit=%2710%27 stroke-width=%272%27 d=%27M4 7h22M4 15h22M4 23h22%27/%3e%3c/svg%3e"), __webpack_require__.b);
20 | var ___CSS_LOADER_URL_IMPORT_8___ = new URL(/* asset import */ __webpack_require__("asset/inline|data:image/svg+xml,%3csvg xmlns=%27http://www.w3.org/2000/svg%27 viewBox=%270 0 30 30%27%3e%3cpath stroke=%27rgba%28255, 255, 255, 0.55%29%27 stroke-linecap=%27round%27 stroke-miterlimit=%2710%27 stroke-width=%272%27 d=%27M4 7h22M4 15h22M4 23h22%27/%3e%3c/svg%3e"), __webpack_require__.b);
21 | var ___CSS_LOADER_URL_IMPORT_9___ = new URL(/* asset import */ __webpack_require__("asset/inline|data:image/svg+xml,%3csvg xmlns=%27http://www.w3.org/2000/svg%27 viewBox=%270 0 16 16%27 fill=%27none%27 stroke=%27%23343a40%27 stroke-linecap=%27round%27 stroke-linejoin=%27round%27%3e%3cpath d=%27m2 5 6 6 6-6%27/%3e%3c/svg%3e"), __webpack_require__.b);
22 | var ___CSS_LOADER_URL_IMPORT_10___ = new URL(/* asset import */ __webpack_require__("asset/inline|data:image/svg+xml,%3csvg xmlns=%27http://www.w3.org/2000/svg%27 viewBox=%270 0 16 16%27 fill=%27none%27 stroke=%27rgb%280, 22.4, 47.2%29%27 stroke-linecap=%27round%27 stroke-linejoin=%27round%27%3e%3cpath d=%27m2 5 6 6 6-6%27/%3e%3c/svg%3e"), __webpack_require__.b);
23 | var ___CSS_LOADER_URL_IMPORT_11___ = new URL(/* asset import */ __webpack_require__("asset/inline|data:image/svg+xml,%3csvg xmlns=%27http://www.w3.org/2000/svg%27 viewBox=%270 0 16 16%27 fill=%27%231a1a1a%27%3e%3cpath d=%27M.293.293a1 1 0 0 1 1.414 0L8 6.586 14.293.293a1 1 0 1 1 1.414 1.414L9.414 8l6.293 6.293a1 1 0 0 1-1.414 1.414L8 9.414l-6.293 6.293a1 1 0 0 1-1.414-1.414L6.586 8 .293 1.707a1 1 0 0 1 0-1.414%27/%3e%3c/svg%3e"), __webpack_require__.b);
24 | var ___CSS_LOADER_URL_IMPORT_12___ = new URL(/* asset import */ __webpack_require__("asset/inline|data:image/svg+xml,%3csvg xmlns=%27http://www.w3.org/2000/svg%27 viewBox=%270 0 16 16%27 fill=%27%23ffffff%27%3e%3cpath d=%27M11.354 1.646a.5.5 0 0 1 0 .708L5.707 8l5.647 5.646a.5.5 0 0 1-.708.708l-6-6a.5.5 0 0 1 0-.708l6-6a.5.5 0 0 1 .708 0%27/%3e%3c/svg%3e"), __webpack_require__.b);
25 | var ___CSS_LOADER_URL_IMPORT_13___ = new URL(/* asset import */ __webpack_require__("asset/inline|data:image/svg+xml,%3csvg xmlns=%27http://www.w3.org/2000/svg%27 viewBox=%270 0 16 16%27 fill=%27%23ffffff%27%3e%3cpath d=%27M4.646 1.646a.5.5 0 0 1 .708 0l6 6a.5.5 0 0 1 0 .708l-6 6a.5.5 0 0 1-.708-.708L10.293 8 4.646 2.354a.5.5 0 0 1 0-.708%27/%3e%3c/svg%3e"), __webpack_require__.b);
26 | var ___CSS_LOADER_URL_IMPORT_14___ = new URL(/* asset import */ __webpack_require__("asset/resource|D:\\Proyectos\\HR-Library\\node_modules\\bootstrap-icons\\font\\fonts\\bootstrap-icons.woff2?24e3eb84d0bcaf83d77f904c78ac1f47"), __webpack_require__.b);
27 | var ___CSS_LOADER_URL_IMPORT_15___ = new URL(/* asset import */ __webpack_require__("asset/resource|D:\\Proyectos\\HR-Library\\node_modules\\bootstrap-icons\\font\\fonts\\bootstrap-icons.woff?24e3eb84d0bcaf83d77f904c78ac1f47"), __webpack_require__.b);
28 | var ___CSS_LOADER_URL_IMPORT_16___ = new URL(/* asset import */ Object(function webpackMissingModule() { var e = new [1m[31mError[39m[22m[1m("Cannot find module '/img/bg/1.jpg'"); e.code = 'MODULE_NOT_FOUND'; throw e; }()), __webpack_require__.b);
29 | var ___CSS_LOADER_URL_IMPORT_17___ = new URL(/* asset import */ __webpack_require__("asset/inline|data:image/svg+xml,%3csvg xmlns=%27http://www.w3.org/2000/svg%27 viewBox=%270 0 16 16%27 fill=%27%23676a6d%27%3e%3cpath d=%27M.293.293a1 1 0 011.414 0L8 6.586 14.293.293a1 1 0 111.414 1.414L9.414 8l6.293 6.293a1 1 0 01-1.414 1.414L8 9.414l-6.293 6.293a1 1 0 01-1.414-1.414L6.586 8 .293 1.707a1 1 0 010-1.414z%27/%3e%3c/svg%3e"), __webpack_require__.b);
30 | var ___CSS_LOADER_URL_IMPORT_18___ = new URL(/* asset import */ __webpack_require__("asset/inline|data:image/svg+xml,%3csvg xmlns=%27http://www.w3.org/2000/svg%27 viewBox=%270 0 16 16%27 fill=%27%23000%27%3e%3cpath d=%27M.293.293a1 1 0 011.414 0L8 6.586 14.293.293a1 1 0 111.414 1.414L9.414 8l6.293 6.293a1 1 0 01-1.414 1.414L8 9.414l-6.293 6.293a1 1 0 01-1.414-1.414L6.586 8 .293 1.707a1 1 0 010-1.414z%27/%3e%3c/svg%3e"), __webpack_require__.b);
31 | var ___CSS_LOADER_URL_IMPORT_19___ = new URL(/* asset import */ __webpack_require__("asset/inline|data:image/svg+xml,%3csvg xmlns=%27http://www.w3.org/2000/svg%27 viewBox=%270 0 16 16%27%3e%3cpath fill=%27none%27 stroke=%27%23343a40%27 stroke-linecap=%27round%27 stroke-linejoin=%27round%27 stroke-width=%272%27 d=%27M2 5l6 6 6-6%27/%3e%3c/svg%3e"), __webpack_require__.b);
32 | var ___CSS_LOADER_EXPORT___ = _node_modules_css_loader_dist_runtime_api_js__WEBPACK_IMPORTED_MODULE_1___default()((_node_modules_css_loader_dist_runtime_noSourceMaps_js__WEBPACK_IMPORTED_MODULE_0___default()));
33 | ___CSS_LOADER_EXPORT___.push([module.id, "@import url(https://fonts.googleapis.com/css2?family=M+PLUS+Code+Latin:wght@100..700&family=Ubuntu:ital,wght@0,300;0,400;0,500;0,700;1,300;1,400;1,500;1,700&display=swap);"]);
34 | var ___CSS_LOADER_URL_REPLACEMENT_0___ = _node_modules_css_loader_dist_runtime_getUrl_js__WEBPACK_IMPORTED_MODULE_2___default()(___CSS_LOADER_URL_IMPORT_0___);
35 | var ___CSS_LOADER_URL_REPLACEMENT_1___ = _node_modules_css_loader_dist_runtime_getUrl_js__WEBPACK_IMPORTED_MODULE_2___default()(___CSS_LOADER_URL_IMPORT_1___);
36 | var ___CSS_LOADER_URL_REPLACEMENT_2___ = _node_modules_css_loader_dist_runtime_getUrl_js__WEBPACK_IMPORTED_MODULE_2___default()(___CSS_LOADER_URL_IMPORT_2___);
37 | var ___CSS_LOADER_URL_REPLACEMENT_3___ = _node_modules_css_loader_dist_runtime_getUrl_js__WEBPACK_IMPORTED_MODULE_2___default()(___CSS_LOADER_URL_IMPORT_3___);
38 | var ___CSS_LOADER_URL_REPLACEMENT_4___ = _node_modules_css_loader_dist_runtime_getUrl_js__WEBPACK_IMPORTED_MODULE_2___default()(___CSS_LOADER_URL_IMPORT_4___);
39 | var ___CSS_LOADER_URL_REPLACEMENT_5___ = _node_modules_css_loader_dist_runtime_getUrl_js__WEBPACK_IMPORTED_MODULE_2___default()(___CSS_LOADER_URL_IMPORT_5___);
40 | var ___CSS_LOADER_URL_REPLACEMENT_6___ = _node_modules_css_loader_dist_runtime_getUrl_js__WEBPACK_IMPORTED_MODULE_2___default()(___CSS_LOADER_URL_IMPORT_6___);
41 | var ___CSS_LOADER_URL_REPLACEMENT_7___ = _node_modules_css_loader_dist_runtime_getUrl_js__WEBPACK_IMPORTED_MODULE_2___default()(___CSS_LOADER_URL_IMPORT_7___);
42 | var ___CSS_LOADER_URL_REPLACEMENT_8___ = _node_modules_css_loader_dist_runtime_getUrl_js__WEBPACK_IMPORTED_MODULE_2___default()(___CSS_LOADER_URL_IMPORT_8___);
43 | var ___CSS_LOADER_URL_REPLACEMENT_9___ = _node_modules_css_loader_dist_runtime_getUrl_js__WEBPACK_IMPORTED_MODULE_2___default()(___CSS_LOADER_URL_IMPORT_9___);
44 | var ___CSS_LOADER_URL_REPLACEMENT_10___ = _node_modules_css_loader_dist_runtime_getUrl_js__WEBPACK_IMPORTED_MODULE_2___default()(___CSS_LOADER_URL_IMPORT_10___);
45 | var ___CSS_LOADER_URL_REPLACEMENT_11___ = _node_modules_css_loader_dist_runtime_getUrl_js__WEBPACK_IMPORTED_MODULE_2___default()(___CSS_LOADER_URL_IMPORT_11___);
46 | var ___CSS_LOADER_URL_REPLACEMENT_12___ = _node_modules_css_loader_dist_runtime_getUrl_js__WEBPACK_IMPORTED_MODULE_2___default()(___CSS_LOADER_URL_IMPORT_12___);
47 | var ___CSS_LOADER_URL_REPLACEMENT_13___ = _node_modules_css_loader_dist_runtime_getUrl_js__WEBPACK_IMPORTED_MODULE_2___default()(___CSS_LOADER_URL_IMPORT_13___);
48 | var ___CSS_LOADER_URL_REPLACEMENT_14___ = _node_modules_css_loader_dist_runtime_getUrl_js__WEBPACK_IMPORTED_MODULE_2___default()(___CSS_LOADER_URL_IMPORT_14___);
49 | var ___CSS_LOADER_URL_REPLACEMENT_15___ = _node_modules_css_loader_dist_runtime_getUrl_js__WEBPACK_IMPORTED_MODULE_2___default()(___CSS_LOADER_URL_IMPORT_15___);
50 | var ___CSS_LOADER_URL_REPLACEMENT_16___ = _node_modules_css_loader_dist_runtime_getUrl_js__WEBPACK_IMPORTED_MODULE_2___default()(___CSS_LOADER_URL_IMPORT_16___);
51 | var ___CSS_LOADER_URL_REPLACEMENT_17___ = _node_modules_css_loader_dist_runtime_getUrl_js__WEBPACK_IMPORTED_MODULE_2___default()(___CSS_LOADER_URL_IMPORT_17___);
52 | var ___CSS_LOADER_URL_REPLACEMENT_18___ = _node_modules_css_loader_dist_runtime_getUrl_js__WEBPACK_IMPORTED_MODULE_2___default()(___CSS_LOADER_URL_IMPORT_18___);
53 | var ___CSS_LOADER_URL_REPLACEMENT_19___ = _node_modules_css_loader_dist_runtime_getUrl_js__WEBPACK_IMPORTED_MODULE_2___default()(___CSS_LOADER_URL_IMPORT_19___);
54 | // Module
55 | ___CSS_LOADER_EXPORT___.push([module.id, ":root,[data-bs-theme=light]{--bs-blue: #003876;--bs-indigo: #0a0a0a;--bs-purple: #800080;--bs-pink: #FF69B4;--bs-red: #CE1126;--bs-orange: #fe5000;--bs-yellow: #efdf00;--bs-green: #087208;--bs-teal: #008080;--bs-cyan: #00FFFF;--bs-black: #1a1a1a;--bs-white: #ffffff;--bs-gray: #6c757d;--bs-gray-dark: #343a40;--bs-gray-100: #f8f9fa;--bs-gray-200: #e9ecef;--bs-gray-300: #dee2e6;--bs-gray-400: #ced4da;--bs-gray-500: #adb5bd;--bs-gray-600: #6c757d;--bs-gray-700: #495057;--bs-gray-800: #343a40;--bs-gray-900: #212529;--bs-aqua: #00FFFF;--bs-beige: #F5F5DC;--bs-bisque: #FFE4C4;--bs-black: #1a1a1a;--bs-blue: #003876;--bs-blueviolet: #8A2BE2;--bs-brown: #A52A2A;--bs-burly: #DEB887;--bs-cadet: #5F9EA0;--bs-charcoal: #2B2F36;--bs-chocolate: #D2691E;--bs-coral: #C65A4A;--bs-crimson: #DC143C;--bs-cyan: #00FFFF;--bs-danger: #CE1126;--bs-dark: #2B2F36;--bs-deep: #FF1493;--bs-dodger: #1E90FF;--bs-fire: #B22222;--bs-gold: #C9A227;--bs-goldenrod: #DAA520;--bs-gray: #708090;--bs-green: #087208;--bs-indian: #CD5C5C;--bs-indigo: #0a0a0a;--bs-info: #00FFFF;--bs-lemon: #FFFACD;--bs-light: #f5f7fb;--bs-lime: #00FF00;--bs-magenta: #FF00FF;--bs-maroon: #800000;--bs-midnight: #191970;--bs-mint: #5FB3A2;--bs-moccasin: #FFE4B5;--bs-navy: #183A5D;--bs-navajo: #FFDEAD;--bs-olive: #7A8F3A;--bs-orange: #fe5000;--bs-orangered: #FF4500;--bs-papaya: #FFEFD5;--bs-peru: #CD853F;--bs-pink: #FF69B4;--bs-primary: #003876;--bs-purple: #800080;--bs-red: #CE1126;--bs-rose: #B85C7A;--bs-royal: #4169E1;--bs-salmon: #FA8072;--bs-sand: #E6D8C3;--bs-secondary: #6c757d;--bs-sienna: #A0522D;--bs-silver: #C0C0C0;--bs-sky: #6FA3D8;--bs-slate: #4A5D73;--bs-success: #198754;--bs-tan: #D2B48C;--bs-teal: #008080;--bs-tomato: #FF6347;--bs-turquoise: #40E0D0;--bs-violet: #EE82EE;--bs-violetred: #C71585;--bs-warning: #ffc107;--bs-yellow: #efdf00;--bs-bitbucket: #0052CC;--bs-dribbble: #EA4C89;--bs-facebook: #1877F2;--bs-flickr: #0063DC;--bs-github: #181717;--bs-google: #DB4437;--bs-instagram: #E4405F;--bs-pinterest: #BD081C;--bs-twitter: #1DA1F2;--bs-vimeo: #1AB7EA;--bs-youtube: #FF0000;--bs-aqua-rgb: 0, 255, 255;--bs-beige-rgb: 245, 245, 220;--bs-bisque-rgb: 255, 228, 196;--bs-black-rgb: 26, 26, 26;--bs-blue-rgb: 0, 56, 118;--bs-blueviolet-rgb: 138, 43, 226;--bs-brown-rgb: 165, 42, 42;--bs-burly-rgb: 222, 184, 135;--bs-cadet-rgb: 95, 158, 160;--bs-charcoal-rgb: 43, 47, 54;--bs-chocolate-rgb: 210, 105, 30;--bs-coral-rgb: 198, 90, 74;--bs-crimson-rgb: 220, 20, 60;--bs-cyan-rgb: 0, 255, 255;--bs-danger-rgb: 206, 17, 38;--bs-dark-rgb: 43, 47, 54;--bs-deep-rgb: 255, 20, 147;--bs-dodger-rgb: 30, 144, 255;--bs-fire-rgb: 178, 34, 34;--bs-gold-rgb: 201, 162, 39;--bs-goldenrod-rgb: 218, 165, 32;--bs-gray-rgb: 112, 128, 144;--bs-green-rgb: 8, 114, 8;--bs-indian-rgb: 205, 92, 92;--bs-indigo-rgb: 10, 10, 10;--bs-info-rgb: 0, 255, 255;--bs-lemon-rgb: 255, 250, 205;--bs-light-rgb: 245, 247, 251;--bs-lime-rgb: 0, 255, 0;--bs-magenta-rgb: 255, 0, 255;--bs-maroon-rgb: 128, 0, 0;--bs-midnight-rgb: 25, 25, 112;--bs-mint-rgb: 95, 179, 162;--bs-moccasin-rgb: 255, 228, 181;--bs-navy-rgb: 24, 58, 93;--bs-navajo-rgb: 255, 222, 173;--bs-olive-rgb: 122, 143, 58;--bs-orange-rgb: 254, 80, 0;--bs-orangered-rgb: 255, 69, 0;--bs-papaya-rgb: 255, 239, 213;--bs-peru-rgb: 205, 133, 63;--bs-pink-rgb: 255, 105, 180;--bs-primary-rgb: 0, 56, 118;--bs-purple-rgb: 128, 0, 128;--bs-red-rgb: 206, 17, 38;--bs-rose-rgb: 184, 92, 122;--bs-royal-rgb: 65, 105, 225;--bs-salmon-rgb: 250, 128, 114;--bs-sand-rgb: 230, 216, 195;--bs-secondary-rgb: 108, 117, 125;--bs-sienna-rgb: 160, 82, 45;--bs-silver-rgb: 192, 192, 192;--bs-sky-rgb: 111, 163, 216;--bs-slate-rgb: 74, 93, 115;--bs-success-rgb: 25, 135, 84;--bs-tan-rgb: 210, 180, 140;--bs-teal-rgb: 0, 128, 128;--bs-tomato-rgb: 255, 99, 71;--bs-turquoise-rgb: 64, 224, 208;--bs-violet-rgb: 238, 130, 238;--bs-violetred-rgb: 199, 21, 133;--bs-warning-rgb: 255, 193, 7;--bs-yellow-rgb: 239, 223, 0;--bs-bitbucket-rgb: 0, 82, 204;--bs-dribbble-rgb: 234, 76, 137;--bs-facebook-rgb: 24, 119, 242;--bs-flickr-rgb: 0, 99, 220;--bs-github-rgb: 24, 23, 23;--bs-google-rgb: 219, 68, 55;--bs-instagram-rgb: 228, 64, 95;--bs-pinterest-rgb: 189, 8, 28;--bs-twitter-rgb: 29, 161, 242;--bs-vimeo-rgb: 26, 183, 234;--bs-youtube-rgb: 255, 0, 0;--bs-primary-text-emphasis: rgb(0, 22.4, 47.2);--bs-secondary-text-emphasis: rgb(43.2, 46.8, 50);--bs-success-text-emphasis: rgb(10, 54, 33.6);--bs-info-text-emphasis: #006666;--bs-warning-text-emphasis: rgb(102, 77.2, 2.8);--bs-danger-text-emphasis: rgb(82.4, 6.8, 15.2);--bs-light-text-emphasis: #495057;--bs-dark-text-emphasis: #495057;--bs-primary-bg-subtle: rgb(204, 215.2, 227.6);--bs-secondary-bg-subtle: rgb(225.6, 227.4, 229);--bs-success-bg-subtle: rgb(209, 231, 220.8);--bs-info-bg-subtle: #ccffff;--bs-warning-bg-subtle: rgb(255, 242.6, 205.4);--bs-danger-bg-subtle: rgb(245.2, 207.4, 211.6);--bs-light-bg-subtle: rgb(251.5, 252, 252.5);--bs-dark-bg-subtle: #ced4da;--bs-primary-border-subtle: rgb(153, 175.4, 200.2);--bs-secondary-border-subtle: rgb(196.2, 199.8, 203);--bs-success-border-subtle: rgb(163, 207, 186.6);--bs-info-border-subtle: #99ffff;--bs-warning-border-subtle: rgb(255, 230.2, 155.8);--bs-danger-border-subtle: rgb(235.4, 159.8, 168.2);--bs-light-border-subtle: #e9ecef;--bs-dark-border-subtle: #adb5bd;--bs-white-rgb: 255, 255, 255;--bs-black-rgb: 26, 26, 26;--bs-font-sans-serif: \"Ubuntu\", \"Helvetica Neue\", Arial, -apple-system, BlinkMacSystemFont, \"Segoe UI\", Roboto, \"Noto Sans\", sans-serif, \"Apple Color Emoji\", \"Segoe UI Emoji\", \"Segoe UI Symbol\", \"Noto Color Emoji\";--bs-font-monospace: SFMono-Regular, Menlo, Monaco, Consolas, \"Liberation Mono\", \"Courier New\", monospace;--bs-gradient: linear-gradient(180deg, rgba(255, 255, 255, 0.15), rgba(255, 255, 255, 0));--bs-body-font-family: var(--bs-font-sans-serif);--bs-body-font-size:0.875rem;--bs-body-font-weight: 400;--bs-body-line-height: 1.5;--bs-body-color: #343a40;--bs-body-color-rgb: 52, 58, 64;--bs-body-bg: #f8f9fa;--bs-body-bg-rgb: 248, 249, 250;--bs-emphasis-color: #1a1a1a;--bs-emphasis-color-rgb: 26, 26, 26;--bs-secondary-color: rgba(52, 58, 64, 0.75);--bs-secondary-color-rgb: 52, 58, 64;--bs-secondary-bg: #e9ecef;--bs-secondary-bg-rgb: 233, 236, 239;--bs-tertiary-color: rgba(52, 58, 64, 0.5);--bs-tertiary-color-rgb: 52, 58, 64;--bs-tertiary-bg: #f8f9fa;--bs-tertiary-bg-rgb: 248, 249, 250;--bs-heading-color: #1a1a1a;--bs-link-color: #003876;--bs-link-color-rgb: 0, 56, 118;--bs-link-decoration: underline;--bs-link-hover-color: rgb(0, 44.8, 94.4);--bs-link-hover-color-rgb: 0, 45, 94;--bs-code-color: #FF69B4;--bs-highlight-color: #343a40;--bs-highlight-bg: rgb(251.8, 248.6, 204);--bs-border-width: 1px;--bs-border-style: solid;--bs-border-color: #dee2e6;--bs-border-color-translucent: rgba(26, 26, 26, 0.175);--bs-border-radius: 0.2rem;--bs-border-radius-sm: 0.1rem;--bs-border-radius-lg: 0.3rem;--bs-border-radius-xl: 1rem;--bs-border-radius-xxl: 2rem;--bs-border-radius-2xl: var(--bs-border-radius-xxl);--bs-border-radius-pill: 50rem;--bs-box-shadow: 0 0.1rem 0.2rem rgba(26, 26, 26, 0.05);--bs-box-shadow-sm: 0 0.05rem 0.2rem rgba(26, 26, 26, 0.05);--bs-box-shadow-lg: 0 0.2rem 0.2rem rgba(26, 26, 26, 0.05);--bs-box-shadow-inset: inset 0 1px 2px rgba(26, 26, 26, 0.075);--bs-focus-ring-width: 0.25rem;--bs-focus-ring-opacity: 0.25;--bs-focus-ring-color: rgba(0, 56, 118, 0.25);--bs-form-valid-color: #198754;--bs-form-valid-border-color: #198754;--bs-form-[1m[31minvalid[39m[22m[1m-color: #CE1126;--bs-form-[1m[31minvalid[39m[22m[1m-border-color: #CE1126}*,*::before,*::after{box-sizing:border-box}@media(prefers-reduced-motion: no-preference){:root{scroll-behavior:smooth}}body{margin:0;font-family:\"Ubuntu\", \"Helvetica Neue\", Arial, -apple-system, BlinkMacSystemFont, \"Segoe UI\", Roboto, \"Noto Sans\", sans-serif, \"Apple Color Emoji\", \"Segoe UI Emoji\", \"Segoe UI Symbol\", \"Noto Color Emoji\";font-family:var(--bs-body-font-family);font-size:0.875rem;font-size:var(--bs-body-font-size);font-weight:400;font-weight:var(--bs-body-font-weight);line-height:1.5;line-height:var(--bs-body-line-height);color:#343a40;color:var(--bs-body-color);text-align:var(--bs-body-text-align);background-color:#f8f9fa;background-color:var(--bs-body-bg);-webkit-text-size-adjust:100%;-webkit-tap-highlight-color:rgba(26,26,26,0)}hr{margin:1rem 0;color:inherit;border:0;border-top:1px solid;border-top:var(--bs-border-width) solid;opacity:.25}h6,.h6,h5,.h5,h4,.h4,h3,.h3,h2,.h2,h1,.h1{margin-top:0;margin-bottom:.5rem;font-weight:400;line-height:1.2;color:#1a1a1a;color:var(--bs-heading-color)}h1,.h1{font-size:1.75rem}h2,.h2{font-size:1.53125rem}h3,.h3{font-size:1.3125rem}h4,.h4{font-size:1.09375rem}h5,.h5{font-size:0.875rem}h6,.h6{font-size:0.875rem}p{margin-top:0;margin-bottom:1rem}abbr[title]{-webkit-text-decoration:underline dotted;text-decoration:underline dotted;cursor:help;-webkit-text-decoration-skip-ink:none;text-decoration-skip-ink:none}address{margin-bottom:1rem;font-style:normal;line-height:inherit}ol,ul{padding-left:2rem}ol,ul,dl{margin-top:0;margin-bottom:1rem}ol ol,ul ul,ol ul,ul ol{margin-bottom:0}dt{font-weight:600}dd{margin-bottom:.5rem;margin-left:0}blockquote{margin:0 0 1rem}b,strong{font-weight:bolder}small,.small{font-size:80%}mark,.mark{padding:.1875em;color:#343a40;color:var(--bs-highlight-color);background-color:rgb(251.8, 248.6, 204);background-color:var(--bs-highlight-bg)}sub,sup{position:relative;font-size:0.75em;line-height:0;vertical-align:baseline}sub{bottom:-0.25em}sup{top:-0.5em}a{color:rgba(0, 56, 118, 1);color:rgba(var(--bs-link-color-rgb), var(--bs-link-opacity, 1));text-decoration:underline}a:hover{--bs-link-color-rgb: var(--bs-link-hover-color-rgb)}a:not([href]):not([class]),a:not([href]):not([class]):hover{color:inherit;text-decoration:none}pre,code,kbd,samp{font-family:SFMono-Regular, Menlo, Monaco, Consolas, \"Liberation Mono\", \"Courier New\", monospace;font-family:var(--bs-font-monospace);font-size:1em}pre{display:block;margin-top:0;margin-bottom:1rem;overflow:auto;font-size:80%}pre code{font-size:inherit;color:inherit;word-break:normal}code{font-size:80%;color:#FF69B4;color:var(--bs-code-color);word-wrap:break-word}a>code{color:inherit}kbd{padding:.1875rem .375rem;font-size:80%;color:#f8f9fa;color:var(--bs-body-bg);background-color:#343a40;background-color:var(--bs-body-color);border-radius:.1rem}kbd kbd{padding:0;font-size:1em}figure{margin:0 0 1rem}img,svg{vertical-align:middle}table{caption-side:bottom;border-collapse:collapse}caption{padding-top:.75rem;padding-bottom:.75rem;color:rgba(52, 58, 64, 0.75);color:var(--bs-secondary-color);text-align:left}th{text-align:inherit;text-align:-webkit-match-parent}thead,tbody,tfoot,tr,td,th{border-color:inherit;border-style:solid;border-width:0}label{display:inline-block}button{border-radius:0}button:focus:not(:focus-visible){outline:0}input,button,select,optgroup,textarea{margin:0;font-family:inherit;font-size:inherit;line-height:inherit}button,select{text-transform:none}[role=button]{cursor:pointer}select{word-wrap:normal}select:disabled{opacity:1}[list]:not([type=date]):not([type=datetime-local]):not([type=month]):not([type=week]):not([type=time])::-webkit-calendar-picker-indicator{display:none !important}button,[type=button],[type=reset],[type=submit]{-webkit-appearance:button}button:not(:disabled),[type=button]:not(:disabled),[type=reset]:not(:disabled),[type=submit]:not(:disabled){cursor:pointer}::-moz-focus-inner{padding:0;border-style:none}textarea{resize:vertical}fieldset{min-width:0;padding:0;margin:0;border:0}legend{float:left;width:100%;padding:0;margin-bottom:.5rem;line-height:inherit;font-size:1.5rem}legend+*{clear:left}::-webkit-datetime-edit-fields-wrapper,::-webkit-datetime-edit-text,::-webkit-datetime-edit-minute,::-webkit-datetime-edit-hour-field,::-webkit-datetime-edit-day-field,::-webkit-datetime-edit-month-field,::-webkit-datetime-edit-year-field{padding:0}::-webkit-inner-spin-button{height:auto}[type=search]{-webkit-appearance:textfield;outline-offset:-2px}[type=search]::-webkit-search-cancel-button{cursor:pointer;filter:grayscale(1)}::-webkit-search-decoration{-webkit-appearance:none}::-webkit-color-swatch-wrapper{padding:0}::-webkit-file-upload-button{font:inherit;-webkit-appearance:button}::file-selector-button{font:inherit;-webkit-appearance:button}output{display:inline-block}iframe{border:0}summary{display:list-item;cursor:pointer}progress{vertical-align:baseline}[hidden]{display:none !important}.lead{font-size:1.09375rem;font-weight:300}.display-1{font-weight:300;line-height:1.2;font-size:6rem}.display-2{font-weight:300;line-height:1.2;font-size:5.5rem}.display-3{font-weight:300;line-height:1.2;font-size:4.5rem}.display-4{font-weight:300;line-height:1.2;font-size:3.5rem}.display-5{font-weight:300;line-height:1.2;font-size:3rem}.display-6{font-weight:300;line-height:1.2;font-size:2.5rem}.list-unstyled{padding-left:0;list-style:none}.list-inline{padding-left:0;list-style:none}.list-inline-item{display:inline-block}.list-inline-item:not(:last-child){margin-right:.5rem}.initialism{font-size:80%;text-transform:uppercase}.blockquote{margin-bottom:1rem;font-size:1.09375rem}.blockquote>:last-child{margin-bottom:0}.blockquote-footer{margin-top:-1rem;margin-bottom:1rem;font-size:80%;color:#6c757d}.blockquote-footer::before{content:\"ÔÇö┬á\"}.img-fluid{max-width:100%;height:auto}.img-thumbnail{padding:.25rem;background-color:#f8f9fa;background-color:var(--bs-body-bg);border:1px solid #dee2e6;border:var(--bs-border-width) solid var(--bs-border-color);border-radius:0.2rem;border-radius:var(--bs-border-radius);max-width:100%;height:auto}.figure{display:inline-block}.figure-img{margin-bottom:.5rem;line-height:1}.figure-caption{font-size:80%;color:rgba(52, 58, 64, 0.75);color:var(--bs-secondary-color)}.container,.container-fluid,.container-xl,.container-lg,.container-md,.container-sm{--bs-gutter-x: 0.75rem;--bs-gutter-y: 0;width:100%;padding-right:calc(0.75rem*.5);padding-right:calc(var(--bs-gutter-x)*.5);padding-left:calc(0.75rem*.5);padding-left:calc(var(--bs-gutter-x)*.5);margin-right:auto;margin-left:auto}@media(min-width: 576px){.container-sm,.container{max-width:540px}}@media(min-width: 768px){.container-md,.container-sm,.container{max-width:720px}}@media(min-width: 992px){.container-lg,.container-md,.container-sm,.container{max-width:960px}}@media(min-width: 1200px){.container-xl,.container-lg,.container-md,.container-sm,.container{max-width:1200px}}:root{--bs-breakpoint-xs: 0;--bs-breakpoint-sm: 576px;--bs-breakpoint-md: 768px;--bs-breakpoint-lg: 992px;--bs-breakpoint-xl: 1200px;--bs-breakpoint-xxl: 1440px}.row{--bs-gutter-x: 24px;--bs-gutter-y: 0;display:flex;flex-wrap:wrap;margin-top:calc(-1*0);margin-top:calc(-1*var(--bs-gutter-y));margin-right:calc(-0.5*24px);margin-right:calc(-0.5*var(--bs-gutter-x));margin-left:calc(-0.5*24px);margin-left:calc(-0.5*var(--bs-gutter-x))}.row>*{flex-shrink:0;width:100%;max-width:100%;padding-right:calc(var(--bs-gutter-x)*.5);padding-left:calc(var(--bs-gutter-x)*.5);margin-top:var(--bs-gutter-y)}.col{flex:1 0 0}.row-cols-auto>*{flex:0 0 auto;width:auto}.row-cols-1>*{flex:0 0 auto;width:100%}.row-cols-2>*{flex:0 0 auto;width:50%}.row-cols-3>*{flex:0 0 auto;width:33.33333333%}.row-cols-4>*{flex:0 0 auto;width:25%}.row-cols-5>*{flex:0 0 auto;width:20%}.row-cols-6>*{flex:0 0 auto;width:16.66666667%}.col-auto{flex:0 0 auto;width:auto}.col-1{flex:0 0 auto;width:8.33333333%}.col-2{flex:0 0 auto;width:16.66666667%}.col-3{flex:0 0 auto;width:25%}.col-4{flex:0 0 auto;width:33.33333333%}.col-5{flex:0 0 auto;width:41.66666667%}.col-6{flex:0 0 auto;width:50%}.col-7{flex:0 0 auto;width:58.33333333%}.col-8{flex:0 0 auto;width:66.66666667%}.col-9{flex:0 0 auto;width:75%}.col-10{flex:0 0 auto;width:83.33333333%}.col-11{flex:0 0 auto;width:91.66666667%}.col-12{flex:0 0 auto;width:100%}.offset-1{margin-left:8.33333333%}.offset-2{margin-left:16.66666667%}.offset-3{margin-left:25%}.offset-4{margin-left:33.33333333%}.offset-5{margin-left:41.66666667%}.offset-6{margin-left:50%}.offset-7{margin-left:58.33333333%}.offset-8{margin-left:66.66666667%}.offset-9{margin-left:75%}.offset-10{margin-left:83.33333333%}.offset-11{margin-left:91.66666667%}.g-0,.gx-0{--bs-gutter-x: 0}.g-0,.gy-0{--bs-gutter-y: 0}.g-1,.gx-1{--bs-gutter-x: 0.25rem}.g-1,.gy-1{--bs-gutter-y: 0.25rem}.g-2,.gx-2{--bs-gutter-x: 0.5rem}.g-2,.gy-2{--bs-gutter-y: 0.5rem}.g-3,.gx-3{--bs-gutter-x: 1rem}.g-3,.gy-3{--bs-gutter-y: 1rem}.g-4,.gx-4{--bs-gutter-x: 1.5rem}.g-4,.gy-4{--bs-gutter-y: 1.5rem}.g-5,.gx-5{--bs-gutter-x: 3rem}.g-5,.gy-5{--bs-gutter-y: 3rem}.g-6,.gx-6{--bs-gutter-x: 4.5rem}.g-6,.gy-6{--bs-gutter-y: 4.5rem}.g-7,.gx-7{--bs-gutter-x: 6rem}.g-7,.gy-7{--bs-gutter-y: 6rem}@media(min-width: 576px){.col-sm{flex:1 0 0}.row-cols-sm-auto>*{flex:0 0 auto;width:auto}.row-cols-sm-1>*{flex:0 0 auto;width:100%}.row-cols-sm-2>*{flex:0 0 auto;width:50%}.row-cols-sm-3>*{flex:0 0 auto;width:33.33333333%}.row-cols-sm-4>*{flex:0 0 auto;width:25%}.row-cols-sm-5>*{flex:0 0 auto;width:20%}.row-cols-sm-6>*{flex:0 0 auto;width:16.66666667%}.col-sm-auto{flex:0 0 auto;width:auto}.col-sm-1{flex:0 0 auto;width:8.33333333%}.col-sm-2{flex:0 0 auto;width:16.66666667%}.col-sm-3{flex:0 0 auto;width:25%}.col-sm-4{flex:0 0 auto;width:33.33333333%}.col-sm-5{flex:0 0 auto;width:41.66666667%}.col-sm-6{flex:0 0 auto;width:50%}.col-sm-7{flex:0 0 auto;width:58.33333333%}.col-sm-8{flex:0 0 auto;width:66.66666667%}.col-sm-9{flex:0 0 auto;width:75%}.col-sm-10{flex:0 0 auto;width:83.33333333%}.col-sm-11{flex:0 0 auto;width:91.66666667%}.col-sm-12{flex:0 0 auto;width:100%}.offset-sm-0{margin-left:0}.offset-sm-1{margin-left:8.33333333%}.offset-sm-2{margin-left:16.66666667%}.offset-sm-3{margin-left:25%}.offset-sm-4{margin-left:33.33333333%}.offset-sm-5{margin-left:41.66666667%}.offset-sm-6{margin-left:50%}.offset-sm-7{margin-left:58.33333333%}.offset-sm-8{margin-left:66.66666667%}.offset-sm-9{margin-left:75%}.offset-sm-10{margin-left:83.33333333%}.offset-sm-11{margin-left:91.66666667%}.g-sm-0,.gx-sm-0{--bs-gutter-x: 0}.g-sm-0,.gy-sm-0{--bs-gutter-y: 0}.g-sm-1,.gx-sm-1{--bs-gutter-x: 0.25rem}.g-sm-1,.gy-sm-1{--bs-gutter-y: 0.25rem}.g-sm-2,.gx-sm-2{--bs-gutter-x: 0.5rem}.g-sm-2,.gy-sm-2{--bs-gutter-y: 0.5rem}.g-sm-3,.gx-sm-3{--bs-gutter-x: 1rem}.g-sm-3,.gy-sm-3{--bs-gutter-y: 1rem}.g-sm-4,.gx-sm-4{--bs-gutter-x: 1.5rem}.g-sm-4,.gy-sm-4{--bs-gutter-y: 1.5rem}.g-sm-5,.gx-sm-5{--bs-gutter-x: 3rem}.g-sm-5,.gy-sm-5{--bs-gutter-y: 3rem}.g-sm-6,.gx-sm-6{--bs-gutter-x: 4.5rem}.g-sm-6,.gy-sm-6{--bs-gutter-y: 4.5rem}.g-sm-7,.gx-sm-7{--bs-gutter-x: 6rem}.g-sm-7,.gy-sm-7{--bs-gutter-y: 6rem}}@media(min-width: 768px){.col-md{flex:1 0 0}.row-cols-md-auto>*{flex:0 0 auto;width:auto}.row-cols-md-1>*{flex:0 0 auto;width:100%}.row-cols-md-2>*{flex:0 0 auto;width:50%}.row-cols-md-3>*{flex:0 0 auto;width:33.33333333%}.row-cols-md-4>*{flex:0 0 auto;width:25%}.row-cols-md-5>*{flex:0 0 auto;width:20%}.row-cols-md-6>*{flex:0 0 auto;width:16.66666667%}.col-md-auto{flex:0 0 auto;width:auto}.col-md-1{flex:0 0 auto;width:8.33333333%}.col-md-2{flex:0 0 auto;width:16.66666667%}.col-md-3{flex:0 0 auto;width:25%}.col-md-4{flex:0 0 auto;width:33.33333333%}.col-md-5{flex:0 0 auto;width:41.66666667%}.col-md-6{flex:0 0 auto;width:50%}.col-md-7{flex:0 0 auto;width:58.33333333%}.col-md-8{flex:0 0 auto;width:66.66666667%}.col-md-9{flex:0 0 auto;width:75%}.col-md-10{flex:0 0 auto;width:83.33333333%}.col-md-11{flex:0 0 auto;width:91.66666667%}.col-md-12{flex:0 0 auto;width:100%}.offset-md-0{margin-left:0}.offset-md-1{margin-left:8.33333333%}.offset-md-2{margin-left:16.66666667%}.offset-md-3{margin-left:25%}.offset-md-4{margin-left:33.33333333%}.offset-md-5{margin-left:41.66666667%}.offset-md-6{margin-left:50%}.offset-md-7{margin-left:58.33333333%}.offset-md-8{margin-left:66.66666667%}.offset-md-9{margin-left:75%}.offset-md-10{margin-left:83.33333333%}.offset-md-11{margin-left:91.66666667%}.g-md-0,.gx-md-0{--bs-gutter-x: 0}.g-md-0,.gy-md-0{--bs-gutter-y: 0}.g-md-1,.gx-md-1{--bs-gutter-x: 0.25rem}.g-md-1,.gy-md-1{--bs-gutter-y: 0.25rem}.g-md-2,.gx-md-2{--bs-gutter-x: 0.5rem}.g-md-2,.gy-md-2{--bs-gutter-y: 0.5rem}.g-md-3,.gx-md-3{--bs-gutter-x: 1rem}.g-md-3,.gy-md-3{--bs-gutter-y: 1rem}.g-md-4,.gx-md-4{--bs-gutter-x: 1.5rem}.g-md-4,.gy-md-4{--bs-gutter-y: 1.5rem}.g-md-5,.gx-md-5{--bs-gutter-x: 3rem}.g-md-5,.gy-md-5{--bs-gutter-y: 3rem}.g-md-6,.gx-md-6{--bs-gutter-x: 4.5rem}.g-md-6,.gy-md-6{--bs-gutter-y: 4.5rem}.g-md-7,.gx-md-7{--bs-gutter-x: 6rem}.g-md-7,.gy-md-7{--bs-gutter-y: 6rem}}@media(min-width: 992px){.col-lg{flex:1 0 0}.row-cols-lg-auto>*{flex:0 0 auto;width:auto}.row-cols-lg-1>*{flex:0 0 auto;width:100%}.row-cols-lg-2>*{flex:0 0 auto;width:50%}.row-cols-lg-3>*{flex:0 0 auto;width:33.33333333%}.row-cols-lg-4>*{flex:0 0 auto;width:25%}.row-cols-lg-5>*{flex:0 0 auto;width:20%}.row-cols-lg-6>*{flex:0 0 auto;width:16.66666667%}.col-lg-auto{flex:0 0 auto;width:auto}.col-lg-1{flex:0 0 auto;width:8.33333333%}.col-lg-2{flex:0 0 auto;width:16.66666667%}.col-lg-3{flex:0 0 auto;width:25%}.col-lg-4{flex:0 0 auto;width:33.33333333%}.col-lg-5{flex:0 0 auto;width:41.66666667%}.col-lg-6{flex:0 0 auto;width:50%}.col-lg-7{flex:0 0 auto;width:58.33333333%}.col-lg-8{flex:0 0 auto;width:66.66666667%}.col-lg-9{flex:0 0 auto;width:75%}.col-lg-10{flex:0 0 auto;width:83.33333333%}.col-lg-11{flex:0 0 auto;width:91.66666667%}.col-lg-12{flex:0 0 auto;width:100%}.offset-lg-0{margin-left:0}.offset-lg-1{margin-left:8.33333333%}.offset-lg-2{margin-left:16.66666667%}.offset-lg-3{margin-left:25%}.offset-lg-4{margin-left:33.33333333%}.offset-lg-5{margin-left:41.66666667%}.offset-lg-6{margin-left:50%}.offset-lg-7{margin-left:58.33333333%}.offset-lg-8{margin-left:66.66666667%}.offset-lg-9{margin-left:75%}.offset-lg-10{margin-left:83.33333333%}.offset-lg-11{margin-left:91.66666667%}.g-lg-0,.gx-lg-0{--bs-gutter-x: 0}.g-lg-0,.gy-lg-0{--bs-gutter-y: 0}.g-lg-1,.gx-lg-1{--bs-gutter-x: 0.25rem}.g-lg-1,.gy-lg-1{--bs-gutter-y: 0.25rem}.g-lg-2,.gx-lg-2{--bs-gutter-x: 0.5rem}.g-lg-2,.gy-lg-2{--bs-gutter-y: 0.5rem}.g-lg-3,.gx-lg-3{--bs-gutter-x: 1rem}.g-lg-3,.gy-lg-3{--bs-gutter-y: 1rem}.g-lg-4,.gx-lg-4{--bs-gutter-x: 1.5rem}.g-lg-4,.gy-lg-4{--bs-gutter-y: 1.5rem}.g-lg-5,.gx-lg-5{--bs-gutter-x: 3rem}.g-lg-5,.gy-lg-5{--bs-gutter-y: 3rem}.g-lg-6,.gx-lg-6{--bs-gutter-x: 4.5rem}.g-lg-6,.gy-lg-6{--bs-gutter-y: 4.5rem}.g-lg-7,.gx-lg-7{--bs-gutter-x: 6rem}.g-lg-7,.gy-lg-7{--bs-gutter-y: 6rem}}@media(min-width: 1200px){.col-xl{flex:1 0 0}.row-cols-xl-auto>*{flex:0 0 auto;width:auto}.row-cols-xl-1>*{flex:0 0 auto;width:100%}.row-cols-xl-2>*{flex:0 0 auto;width:50%}.row-cols-xl-3>*{flex:0 0 auto;width:33.33333333%}.row-cols-xl-4>*{flex:0 0 auto;width:25%}.row-cols-xl-5>*{flex:0 0 auto;width:20%}.row-cols-xl-6>*{flex:0 0 auto;width:16.66666667%}.col-xl-auto{flex:0 0 auto;width:auto}.col-xl-1{flex:0 0 auto;width:8.33333333%}.col-xl-2{flex:0 0 auto;width:16.66666667%}.col-xl-3{flex:0 0 auto;width:25%}.col-xl-4{flex:0 0 auto;width:33.33333333%}.col-xl-5{flex:0 0 auto;width:41.66666667%}.col-xl-6{flex:0 0 auto;width:50%}.col-xl-7{flex:0 0 auto;width:58.33333333%}.col-xl-8{flex:0 0 auto;width:66.66666667%}.col-xl-9{flex:0 0 auto;width:75%}.col-xl-10{flex:0 0 auto;width:83.33333333%}.col-xl-11{flex:0 0 auto;width:91.66666667%}.col-xl-12{flex:0 0 auto;width:100%}.offset-xl-0{margin-left:0}.offset-xl-1{margin-left:8.33333333%}.offset-xl-2{margin-left:16.66666667%}.offset-xl-3{margin-left:25%}.offset-xl-4{margin-left:33.33333333%}.offset-xl-5{margin-left:41.66666667%}.offset-xl-6{margin-left:50%}.offset-xl-7{margin-left:58.33333333%}.offset-xl-8{margin-left:66.66666667%}.offset-xl-9{margin-left:75%}.offset-xl-10{margin-left:83.33333333%}.offset-xl-11{margin-left:91.66666667%}.g-xl-0,.gx-xl-0{--bs-gutter-x: 0}.g-xl-0,.gy-xl-0{--bs-gutter-y: 0}.g-xl-1,.gx-xl-1{--bs-gutter-x: 0.25rem}.g-xl-1,.gy-xl-1{--bs-gutter-y: 0.25rem}.g-xl-2,.gx-xl-2{--bs-gutter-x: 0.5rem}.g-xl-2,.gy-xl-2{--bs-gutter-y: 0.5rem}.g-xl-3,.gx-xl-3{--bs-gutter-x: 1rem}.g-xl-3,.gy-xl-3{--bs-gutter-y: 1rem}.g-xl-4,.gx-xl-4{--bs-gutter-x: 1.5rem}.g-xl-4,.gy-xl-4{--bs-gutter-y: 1.5rem}.g-xl-5,.gx-xl-5{--bs-gutter-x: 3rem}.g-xl-5,.gy-xl-5{--bs-gutter-y: 3rem}.g-xl-6,.gx-xl-6{--bs-gutter-x: 4.5rem}.g-xl-6,.gy-xl-6{--bs-gutter-y: 4.5rem}.g-xl-7,.gx-xl-7{--bs-gutter-x: 6rem}.g-xl-7,.gy-xl-7{--bs-gutter-y: 6rem}}@media(min-width: 1440px){.col-xxl{flex:1 0 0}.row-cols-xxl-auto>*{flex:0 0 auto;width:auto}.row-cols-xxl-1>*{flex:0 0 auto;width:100%}.row-cols-xxl-2>*{flex:0 0 auto;width:50%}.row-cols-xxl-3>*{flex:0 0 auto;width:33.33333333%}.row-cols-xxl-4>*{flex:0 0 auto;width:25%}.row-cols-xxl-5>*{flex:0 0 auto;width:20%}.row-cols-xxl-6>*{flex:0 0 auto;width:16.66666667%}.col-xxl-auto{flex:0 0 auto;width:auto}.col-xxl-1{flex:0 0 auto;width:8.33333333%}.col-xxl-2{flex:0 0 auto;width:16.66666667%}.col-xxl-3{flex:0 0 auto;width:25%}.col-xxl-4{flex:0 0 auto;width:33.33333333%}.col-xxl-5{flex:0 0 auto;width:41.66666667%}.col-xxl-6{flex:0 0 auto;width:50%}.col-xxl-7{flex:0 0 auto;width:58.33333333%}.col-xxl-8{flex:0 0 auto;width:66.66666667%}.col-xxl-9{flex:0 0 auto;width:75%}.col-xxl-10{flex:0 0 auto;width:83.33333333%}.col-xxl-11{flex:0 0 auto;width:91.66666667%}.col-xxl-12{flex:0 0 auto;width:100%}.offset-xxl-0{margin-left:0}.offset-xxl-1{margin-left:8.33333333%}.offset-xxl-2{margin-left:16.66666667%}.offset-xxl-3{margin-left:25%}.offset-xxl-4{margin-left:33.33333333%}.offset-xxl-5{margin-left:41.66666667%}.offset-xxl-6{margin-left:50%}.offset-xxl-7{margin-left:58.33333333%}.offset-xxl-8{margin-left:66.66666667%}.offset-xxl-9{margin-left:75%}.offset-xxl-10{margin-left:83.33333333%}.offset-xxl-11{margin-left:91.66666667%}.g-xxl-0,.gx-xxl-0{--bs-gutter-x: 0}.g-xxl-0,.gy-xxl-0{--bs-gutter-y: 0}.g-xxl-1,.gx-xxl-1{--bs-gutter-x: 0.25rem}.g-xxl-1,.gy-xxl-1{--bs-gutter-y: 0.25rem}.g-xxl-2,.gx-xxl-2{--bs-gutter-x: 0.5rem}.g-xxl-2,.gy-xxl-2{--bs-gutter-y: 0.5rem}.g-xxl-3,.gx-xxl-3{--bs-gutter-x: 1rem}.g-xxl-3,.gy-xxl-3{--bs-gutter-y: 1rem}.g-xxl-4,.gx-xxl-4{--bs-gutter-x: 1.5rem}.g-xxl-4,.gy-xxl-4{--bs-gutter-y: 1.5rem}.g-xxl-5,.gx-xxl-5{--bs-gutter-x: 3rem}.g-xxl-5,.gy-xxl-5{--bs-gutter-y: 3rem}.g-xxl-6,.gx-xxl-6{--bs-gutter-x: 4.5rem}.g-xxl-6,.gy-xxl-6{--bs-gutter-y: 4.5rem}.g-xxl-7,.gx-xxl-7{--bs-gutter-x: 6rem}.g-xxl-7,.gy-xxl-7{--bs-gutter-y: 6rem}}.table{--bs-table-color-type: initial;--bs-table-bg-type: initial;--bs-table-color-state: initial;--bs-table-bg-state: initial;--bs-table-color: var(--bs-emphasis-color);--bs-table-bg: transparent;--bs-table-border-color: var(--bs-border-color);--bs-table-accent-bg: transparent;--bs-table-striped-color: var(--bs-emphasis-color);--bs-table-striped-bg: #f8f9fa;--bs-table-active-color: var(--bs-emphasis-color);--bs-table-active-bg: rgba(var(--bs-emphasis-color-rgb), 0.1);--bs-table-hover-color: var(--bs-emphasis-color);--bs-table-hover-bg: rgba(26, 26, 26, 0.0375);width:100%;margin-bottom:1rem;vertical-align:top;border-color:#dee2e6;border-color:var(--bs-table-border-color)}.table>:not(caption)>*>*{padding:.75rem .75rem;color:var(--bs-table-color-state, var(--bs-table-color-type, var(--bs-table-color)));background-color:var(--bs-table-bg);border-bottom-width:1px;border-bottom-width:var(--bs-border-width);box-shadow:inset 0 0 0 9999px var(--bs-table-bg-state, var(--bs-table-bg-type, var(--bs-table-accent-bg)))}.table>tbody{vertical-align:inherit}.table>thead{vertical-align:bottom}.table-group-divider{border-top:calc(1px*2) solid currentcolor;border-top:calc(var(--bs-border-width)*2) solid currentcolor}.caption-top{caption-side:top}.table-sm>:not(caption)>*>*{padding:.3rem .3rem}.table-bordered>:not(caption)>*{border-width:1px 0;border-width:var(--bs-border-width) 0}.table-bordered>:not(caption)>*>*{border-width:0 1px;border-width:0 var(--bs-border-width)}.table-borderless>:not(caption)>*>*{border-bottom-width:0}.table-borderless>:not(:first-child){border-top-width:0}.table-striped>tbody>tr:nth-of-type(odd)>*{--bs-table-color-type: var(--bs-table-striped-color);--bs-table-bg-type: var(--bs-table-striped-bg)}.table-striped-columns>:not(caption)>tr>:nth-child(even){--bs-table-color-type: var(--bs-table-striped-color);--bs-table-bg-type: var(--bs-table-striped-bg)}.table-active{--bs-table-color-state: var(--bs-table-active-color);--bs-table-bg-state: var(--bs-table-active-bg)}.table-hover>tbody>tr:hover>*{--bs-table-color-state: var(--bs-table-hover-color);--bs-table-bg-state: var(--bs-table-hover-bg)}.table-primary{--bs-table-color: #1a1a1a;--bs-table-bg: rgb(204, 215.2, 227.6);--bs-table-border-color: rgb(168.4, 177.36, 187.28);--bs-table-striped-bg: rgb(195.1, 205.74, 217.52);--bs-table-striped-color: #1a1a1a;--bs-table-active-bg: rgb(186.2, 196.28, 207.44);--bs-table-active-color: #1a1a1a;--bs-table-hover-bg: rgb(190.65, 201.01, 212.48);--bs-table-hover-color: #1a1a1a;color:#1a1a1a;color:var(--bs-table-color);border-color:rgb(168.4, 177.36, 187.28);border-color:var(--bs-table-border-color)}.table-secondary{--bs-table-color: #1a1a1a;--bs-table-bg: rgb(225.6, 227.4, 229);--bs-table-border-color: rgb(185.68, 187.12, 188.4);--bs-table-striped-bg: rgb(215.62, 217.33, 218.85);--bs-table-striped-color: #1a1a1a;--bs-table-active-bg: rgb(205.64, 207.26, 208.7);--bs-table-active-color: #1a1a1a;--bs-table-hover-bg: rgb(210.63, 212.295, 213.775);--bs-table-hover-color: #1a1a1a;color:#1a1a1a;color:var(--bs-table-color);border-color:rgb(185.68, 187.12, 188.4);border-color:var(--bs-table-border-color)}.table-success{--bs-table-color: #1a1a1a;--bs-table-bg: rgb(209, 231, 220.8);--bs-table-border-color: rgb(172.4, 190, 181.84);--bs-table-striped-bg: rgb(199.85, 220.75, 211.06);--bs-table-striped-color: #1a1a1a;--bs-table-active-bg: rgb(190.7, 210.5, 201.32);--bs-table-active-color: #1a1a1a;--bs-table-hover-bg: rgb(195.275, 215.625, 206.19);--bs-table-hover-color: #1a1a1a;color:#1a1a1a;color:var(--bs-table-color);border-color:rgb(172.4, 190, 181.84);border-color:var(--bs-table-border-color)}.table-info{--bs-table-color: #1a1a1a;--bs-table-bg: #ccffff;--bs-table-border-color: rgb(168.4, 209.2, 209.2);--bs-table-striped-bg: rgb(195.1, 243.55, 243.55);--bs-table-striped-color: #1a1a1a;--bs-table-active-bg: rgb(186.2, 232.1, 232.1);--bs-table-active-color: #1a1a1a;--bs-table-hover-bg: rgb(190.65, 237.825, 237.825);--bs-table-hover-color: #1a1a1a;color:#1a1a1a;color:var(--bs-table-color);border-color:rgb(168.4, 209.2, 209.2);border-color:var(--bs-table-border-color)}.table-warning{--bs-table-color: #1a1a1a;--bs-table-bg: rgb(255, 242.6, 205.4);--bs-table-border-color: rgb(209.2, 199.28, 169.52);--bs-table-striped-bg: rgb(243.55, 231.77, 196.43);--bs-table-striped-color: #1a1a1a;--bs-table-active-bg: rgb(232.1, 220.94, 187.46);--bs-table-active-color: #1a1a1a;--bs-table-hover-bg: rgb(237.825, 226.355, 191.945);--bs-table-hover-color: #1a1a1a;color:#1a1a1a;color:var(--bs-table-color);border-color:rgb(209.2, 199.28, 169.52);border-color:var(--bs-table-border-color)}.table-danger{--bs-table-color: #1a1a1a;--bs-table-bg: rgb(245.2, 207.4, 211.6);--bs-table-border-color: rgb(201.36, 171.12, 174.48);--bs-table-striped-bg: rgb(234.24, 198.33, 202.32);--bs-table-striped-color: #1a1a1a;--bs-table-active-bg: rgb(223.28, 189.26, 193.04);--bs-table-active-color: #1a1a1a;--bs-table-hover-bg: rgb(228.76, 193.795, 197.68);--bs-table-hover-color: #1a1a1a;color:#1a1a1a;color:var(--bs-table-color);border-color:rgb(201.36, 171.12, 174.48);border-color:var(--bs-table-border-color)}.table-light{--bs-table-color: #1a1a1a;--bs-table-bg: #f5f7fb;--bs-table-border-color: rgb(201.2, 202.8, 206);--bs-table-striped-bg: rgb(234.05, 235.95, 239.75);--bs-table-striped-color: #1a1a1a;--bs-table-active-bg: rgb(223.1, 224.9, 228.5);--bs-table-active-color: #1a1a1a;--bs-table-hover-bg: rgb(228.575, 230.425, 234.125);--bs-table-hover-color: #1a1a1a;color:#1a1a1a;color:var(--bs-table-color);border-color:rgb(201.2, 202.8, 206);border-color:var(--bs-table-border-color)}.table-dark{--bs-table-color: #ffffff;--bs-table-bg: #2B2F36;--bs-table-border-color: rgb(85.4, 88.6, 94.2);--bs-table-striped-bg: rgb(53.6, 57.4, 64.05);--bs-table-striped-color: #ffffff;--bs-table-active-bg: rgb(64.2, 67.8, 74.1);--bs-table-active-color: #ffffff;--bs-table-hover-bg: rgb(58.9, 62.6, 69.075);--bs-table-hover-color: #ffffff;color:#ffffff;color:var(--bs-table-color);border-color:rgb(85.4, 88.6, 94.2);border-color:var(--bs-table-border-color)}.table-responsive{overflow-x:auto;-webkit-overflow-scrolling:touch}@media(max-width: 575.98px){.table-responsive-sm{overflow-x:auto;-webkit-overflow-scrolling:touch}}@media(max-width: 767.98px){.table-responsive-md{overflow-x:auto;-webkit-overflow-scrolling:touch}}@media(max-width: 991.98px){.table-responsive-lg{overflow-x:auto;-webkit-overflow-scrolling:touch}}@media(max-width: 1199.98px){.table-responsive-xl{overflow-x:auto;-webkit-overflow-scrolling:touch}}@media(max-width: 1439.98px){.table-responsive-xxl{overflow-x:auto;-webkit-overflow-scrolling:touch}}.form-label{margin-bottom:.5rem}.col-form-label{padding-top:calc(0.3rem + 1px);padding-bottom:calc(0.3rem + 1px);margin-bottom:0;font-size:inherit;line-height:1.5}.col-form-label-lg{padding-top:calc(0.4rem + 1px);padding-bottom:calc(0.4rem + 1px);font-size:0.925rem}.col-form-label-sm{padding-top:calc(0.2rem + 1px);padding-bottom:calc(0.2rem + 1px);font-size:0.75rem}.form-text{margin-top:.25rem;font-size:80%;color:rgba(52, 58, 64, 0.75);color:var(--bs-secondary-color)}.form-control{display:block;width:100%;padding:.3rem .85rem;font-size:0.875rem;font-weight:400;line-height:1.5;color:#495057;-webkit-appearance:none;-moz-appearance:none;appearance:none;background-color:#fff;background-clip:padding-box;border:1px solid #dee2e6;border:1px solid var(--bs-border-color);border-radius:0.2rem;border-radius:var(--bs-border-radius);transition:border-color .15s ease-in-out,box-shadow .15s ease-in-out}@media(prefers-reduced-motion: reduce){.form-control{transition:none}}.form-control[type=file]{overflow:hidden}.form-control[type=file]:not(:disabled):not([readonly]){cursor:pointer}.form-control:focus{color:#495057;background-color:#fff;border-color:rgb(127.5,155.5,186.5);outline:0;box-shadow:0 0 0 .25rem rgba(0,56,118,.25)}.form-control::-webkit-date-and-time-value{min-width:85px;height:1.5em;margin:0}.form-control::-webkit-datetime-edit{display:block;padding:0}.form-control::-moz-placeholder{color:rgba(52, 58, 64, 0.75);color:var(--bs-secondary-color);opacity:1}.form-control::placeholder{color:rgba(52, 58, 64, 0.75);color:var(--bs-secondary-color);opacity:1}.form-control:disabled{background-color:#e9ecef;opacity:1}.form-control::-webkit-file-upload-button{padding:.3rem .85rem;margin:-0.3rem -0.85rem;-webkit-margin-end:.85rem;margin-inline-end:.85rem;color:#495057;background-color:#f8f9fa;background-color:var(--bs-tertiary-bg);pointer-events:none;border-color:inherit;border-style:solid;border-width:0;border-inline-end-width:1px;border-radius:0;-webkit-transition:color .15s ease-in-out,background-color .15s ease-in-out,border-color .15s ease-in-out,box-shadow .15s ease-in-out;transition:color .15s ease-in-out,background-color .15s ease-in-out,border-color .15s ease-in-out,box-shadow .15s ease-in-out}.form-control::file-selector-button{padding:.3rem .85rem;margin:-0.3rem -0.85rem;-webkit-margin-end:.85rem;margin-inline-end:.85rem;color:#495057;background-color:#f8f9fa;background-color:var(--bs-tertiary-bg);pointer-events:none;border-color:inherit;border-style:solid;border-width:0;border-inline-end-width:1px;border-radius:0;transition:color .15s ease-in-out,background-color .15s ease-in-out,border-color .15s ease-in-out,box-shadow .15s ease-in-out}@media(prefers-reduced-motion: reduce){.form-control::-webkit-file-upload-button{-webkit-transition:none;transition:none}.form-control::file-selector-button{transition:none}}.form-control:hover:not(:disabled):not([readonly])::-webkit-file-upload-button{background-color:#e9ecef;background-color:var(--bs-secondary-bg)}.form-control:hover:not(:disabled):not([readonly])::file-selector-button{background-color:#e9ecef;background-color:var(--bs-secondary-bg)}.form-control-plaintext{display:block;width:100%;padding:.3rem 0;margin-bottom:0;line-height:1.5;color:#343a40;color:var(--bs-body-color);background-color:rgba(0,0,0,0);border:solid rgba(0,0,0,0);border-width:1px 0}.form-control-plaintext:focus{outline:0}.form-control-plaintext.form-control-sm,.form-control-plaintext.form-control-lg{padding-right:0;padding-left:0}.form-control-sm{min-height:calc(1.525rem + 2px);padding:.2rem .5rem;font-size:0.75rem;border-radius:0.1rem;border-radius:var(--bs-border-radius-sm)}.form-control-sm::-webkit-file-upload-button{padding:.2rem .5rem;margin:-0.2rem -0.5rem;-webkit-margin-end:.5rem;margin-inline-end:.5rem}.form-control-sm::file-selector-button{padding:.2rem .5rem;margin:-0.2rem -0.5rem;-webkit-margin-end:.5rem;margin-inline-end:.5rem}.form-control-lg{min-height:calc(2.1875rem + 2px);padding:.4rem 1rem;font-size:0.925rem;border-radius:0.3rem;border-radius:var(--bs-border-radius-lg)}.form-control-lg::-webkit-file-upload-button{padding:.4rem 1rem;margin:-0.4rem -1rem;-webkit-margin-end:1rem;margin-inline-end:1rem}.form-control-lg::file-selector-button{padding:.4rem 1rem;margin:-0.4rem -1rem;-webkit-margin-end:1rem;margin-inline-end:1rem}textarea.form-control{min-height:calc(1.9125rem + 2px)}textarea.form-control-sm{min-height:calc(1.525rem + 2px)}textarea.form-control-lg{min-height:calc(2.1875rem + 2px)}.form-control-color{width:3rem;height:calc(1.9125rem + 2px);padding:.3rem}.form-control-color:not(:disabled):not([readonly]){cursor:pointer}.form-control-color::-moz-color-swatch{border:0 !important;border-radius:0.2rem;border-radius:var(--bs-border-radius)}.form-control-color::-webkit-color-swatch{border:0 !important;border-radius:0.2rem;border-radius:var(--bs-border-radius)}.form-control-color.form-control-sm{height:calc(1.525rem + 2px)}.form-control-color.form-control-lg{height:calc(2.1875rem + 2px)}.form-select{--bs-form-select-bg-img: url(" + ___CSS_LOADER_URL_REPLACEMENT_0___ + ");display:block;width:100%;padding:.3rem 2.55rem .3rem .85rem;font-size:0.875rem;font-weight:400;line-height:1.5;color:#495057;-webkit-appearance:none;-moz-appearance:none;appearance:none;background-color:#fff;background-image:url(" + ___CSS_LOADER_URL_REPLACEMENT_0___ + "),none;background-image:var(--bs-form-select-bg-img),var(--bs-form-select-bg-icon, none);background-repeat:no-repeat;background-position:right .85rem center;background-size:16px 12px;border:1px solid #dee2e6;border:1px solid var(--bs-border-color);border-radius:0.2rem;border-radius:var(--bs-border-radius);transition:border-color .15s ease-in-out,box-shadow .15s ease-in-out}@media(prefers-reduced-motion: reduce){.form-select{transition:none}}.form-select:focus{border-color:rgb(127.5,155.5,186.5);outline:0;box-shadow:0 0 0 .2rem rgba(0,56,118,.25)}.form-select[multiple],.form-select[size]:not([size=\"1\"]){padding-right:.85rem;background-image:none}.form-select:disabled{background-color:#e9ecef}.form-select:-moz-focusring{color:rgba(0,0,0,0);text-shadow:0 0 0 #495057}.form-select-sm{padding-top:.2rem;padding-bottom:.2rem;padding-left:.5rem;font-size:0.75rem;border-radius:0.1rem;border-radius:var(--bs-border-radius-sm)}.form-select-lg{padding-top:.4rem;padding-bottom:.4rem;padding-left:1rem;font-size:0.925rem;border-radius:0.3rem;border-radius:var(--bs-border-radius-lg)}.form-check{display:block;min-height:1.3125rem;padding-left:1.5em;margin-bottom:.125rem}.form-check .form-check-input{float:left;margin-left:-1.5em}.form-check-reverse{padding-right:1.5em;padding-left:0;text-align:right}.form-check-reverse .form-check-input{float:right;margin-right:-1.5em;margin-left:0}.form-check-input{--bs-form-check-bg: #ffffff;flex-shrink:0;width:1em;height:1em;margin-top:.25em;vertical-align:top;-webkit-appearance:none;-moz-appearance:none;appearance:none;background-color:#ffffff;background-color:var(--bs-form-check-bg);background-image:var(--bs-form-check-bg-image);background-repeat:no-repeat;background-position:center;background-size:contain;border:1px solid #dee2e6;border:var(--bs-border-width) solid var(--bs-border-color);-webkit-print-color-adjust:exact;color-adjust:exact;print-color-adjust:exact}.form-check-input[type=checkbox]{border-radius:.25em}.form-check-input[type=radio]{border-radius:50%}.form-check-input:active{filter:brightness(90%)}.form-check-input:focus{border-color:rgb(127.5,155.5,186.5);outline:0;box-shadow:0 0 0 .25rem rgba(0,56,118,.25)}.form-check-input:checked{background-color:#003876;border-color:#003876}.form-check-input:checked[type=checkbox]{--bs-form-check-bg-image: url(" + ___CSS_LOADER_URL_REPLACEMENT_1___ + ")}.form-check-input:checked[type=radio]{--bs-form-check-bg-image: url(" + ___CSS_LOADER_URL_REPLACEMENT_2___ + ")}.form-check-input[type=checkbox]:indeterminate{background-color:#003876;border-color:#003876;--bs-form-check-bg-image: url(" + ___CSS_LOADER_URL_REPLACEMENT_3___ + ")}.form-check-input:disabled{pointer-events:none;filter:none;opacity:.5}.form-check-input[disabled]~.form-check-label,.form-check-input:disabled~.form-check-label{cursor:default;opacity:.5}.form-switch{padding-left:2.5em}.form-switch .form-check-input{--bs-form-switch-bg: url(" + ___CSS_LOADER_URL_REPLACEMENT_4___ + ");width:2em;margin-left:-2.5em;background-image:url(" + ___CSS_LOADER_URL_REPLACEMENT_4___ + ");background-image:var(--bs-form-switch-bg);background-position:left center;border-radius:2em;transition:background-position .15s ease-in-out}@media(prefers-reduced-motion: reduce){.form-switch .form-check-input{transition:none}}.form-switch .form-check-input:focus{--bs-form-switch-bg: url(" + ___CSS_LOADER_URL_REPLACEMENT_5___ + ")}.form-switch .form-check-input:checked{background-position:right center;--bs-form-switch-bg: url(" + ___CSS_LOADER_URL_REPLACEMENT_6___ + ")}.form-switch.form-check-reverse{padding-right:2.5em;padding-left:0}.form-switch.form-check-reverse .form-check-input{margin-right:-2.5em;margin-left:0}.form-check-inline{display:inline-block;margin-right:1rem}.btn-check{position:absolute;clip:rect(0, 0, 0, 0);pointer-events:none}.btn-check[disabled]+.btn,.btn-check:disabled+.btn{pointer-events:none;filter:none;opacity:.65}.form-range{width:100%;height:1.4rem;padding:0;-webkit-appearance:none;-moz-appearance:none;appearance:none;background-color:rgba(0,0,0,0)}.form-range:focus{outline:0}.form-range:focus::-webkit-slider-thumb{box-shadow:0 0 0 1px #f8f9fa,0 0 0 .25rem rgba(0,56,118,.25)}.form-range:focus::-moz-range-thumb{box-shadow:0 0 0 1px #f8f9fa,0 0 0 .25rem rgba(0,56,118,.25)}.form-range::-moz-focus-outer{border:0}.form-range::-webkit-slider-thumb{width:1rem;height:1rem;margin-top:-0.25rem;-webkit-appearance:none;appearance:none;background-color:#003876;border:0;border-radius:1rem;-webkit-transition:background-color .15s ease-in-out,border-color .15s ease-in-out,box-shadow .15s ease-in-out;transition:background-color .15s ease-in-out,border-color .15s ease-in-out,box-shadow .15s ease-in-out}@media(prefers-reduced-motion: reduce){.form-range::-webkit-slider-thumb{-webkit-transition:none;transition:none}}.form-range::-webkit-slider-thumb:active{background-color:rgb(178.5,195.3,213.9)}.form-range::-webkit-slider-runnable-track{width:100%;height:.5rem;color:rgba(0,0,0,0);cursor:pointer;background-color:#e9ecef;background-color:var(--bs-secondary-bg);border-color:rgba(0,0,0,0);border-radius:1rem}.form-range::-moz-range-thumb{width:1rem;height:1rem;-moz-appearance:none;appearance:none;background-color:#003876;border:0;border-radius:1rem;-moz-transition:background-color .15s ease-in-out,border-color .15s ease-in-out,box-shadow .15s ease-in-out;transition:background-color .15s ease-in-out,border-color .15s ease-in-out,box-shadow .15s ease-in-out}@media(prefers-reduced-motion: reduce){.form-range::-moz-range-thumb{-moz-transition:none;transition:none}}.form-range::-moz-range-thumb:active{background-color:rgb(178.5,195.3,213.9)}.form-range::-moz-range-track{width:100%;height:.5rem;color:rgba(0,0,0,0);cursor:pointer;background-color:#e9ecef;background-color:var(--bs-secondary-bg);border-color:rgba(0,0,0,0);border-radius:1rem}.form-range:disabled{pointer-events:none}.form-range:disabled::-webkit-slider-thumb{background-color:rgba(52, 58, 64, 0.75);background-color:var(--bs-secondary-color)}.form-range:disabled::-moz-range-thumb{background-color:rgba(52, 58, 64, 0.75);background-color:var(--bs-secondary-color)}.form-floating{position:relative}.form-floating>.form-control,.form-floating>.form-control-plaintext,.form-floating>.form-select{height:calc(3.5rem + 2px);min-height:calc(3.5rem + 2px);line-height:1.25}.form-floating>label{position:absolute;top:0;left:0;z-index:2;max-width:100%;height:100%;padding:1rem .85rem;overflow:hidden;color:rgba(52, 58, 64, 0.65);color:rgba(var(--bs-body-color-rgb), 0.65);text-align:start;text-overflow:ellipsis;white-space:nowrap;pointer-events:none;border:1px solid rgba(0,0,0,0);transform-origin:0 0;transition:opacity .1s ease-in-out,transform .1s ease-in-out}@media(prefers-reduced-motion: reduce){.form-floating>label{transition:none}}.form-floating>.form-control,.form-floating>.form-control-plaintext{padding:1rem .85rem}.form-floating>.form-control::-moz-placeholder, .form-floating>.form-control-plaintext::-moz-placeholder{color:rgba(0,0,0,0)}.form-floating>.form-control::placeholder,.form-floating>.form-control-plaintext::placeholder{color:rgba(0,0,0,0)}.form-floating>.form-control:not(:-moz-placeholder), .form-floating>.form-control-plaintext:not(:-moz-placeholder){padding-top:1.625rem;padding-bottom:.625rem}.form-floating>.form-control:focus,.form-floating>.form-control:not(:placeholder-shown),.form-floating>.form-control-plaintext:focus,.form-floating>.form-control-plaintext:not(:placeholder-shown){padding-top:1.625rem;padding-bottom:.625rem}.form-floating>.form-control:-webkit-autofill,.form-floating>.form-control-plaintext:-webkit-autofill{padding-top:1.625rem;padding-bottom:.625rem}.form-floating>.form-select{padding-top:1.625rem;padding-bottom:.625rem;padding-left:.85rem}.form-floating>.form-control:not(:-moz-placeholder)~label{transform:scale(0.85) translateY(-0.5rem) translateX(0.15rem)}.form-floating>.form-control:focus~label,.form-floating>.form-control:not(:placeholder-shown)~label,.form-floating>.form-control-plaintext~label,.form-floating>.form-select~label{transform:scale(0.85) translateY(-0.5rem) translateX(0.15rem)}.form-floating>.form-control:-webkit-autofill~label{transform:scale(0.85) translateY(-0.5rem) translateX(0.15rem)}.form-floating>textarea:not(:-moz-placeholder)~label::after{position:absolute;inset:1rem .425rem;z-index:-1;height:1.5em;content:\"\";background-color:#fff;border-radius:0.2rem;border-radius:var(--bs-border-radius)}.form-floating>textarea:focus~label::after,.form-floating>textarea:not(:placeholder-shown)~label::after{position:absolute;inset:1rem .425rem;z-index:-1;height:1.5em;content:\"\";background-color:#fff;border-radius:0.2rem;border-radius:var(--bs-border-radius)}.form-floating>textarea:disabled~label::after{background-color:#e9ecef}.form-floating>.form-control-plaintext~label{border-width:1px 0}.form-floating>:disabled~label,.form-floating>.form-control:disabled~label{color:#6c757d}.input-group{position:relative;display:flex;flex-wrap:wrap;align-items:stretch;width:100%}.input-group>.form-control,.input-group>.form-select,.input-group>.form-floating{position:relative;flex:1 1 auto;width:1%;min-width:0}.input-group>.form-control:focus,.input-group>.form-select:focus,.input-group>.form-floating:focus-within{z-index:5}.input-group .btn{position:relative;z-index:2}.input-group .btn:focus{z-index:5}.input-group-text{display:flex;align-items:center;padding:.3rem .85rem;font-size:0.875rem;font-weight:400;line-height:1.5;color:#495057;text-align:center;white-space:nowrap;background-color:#f8f9fa;background-color:var(--bs-tertiary-bg);border:1px solid #dee2e6;border:1px solid var(--bs-border-color);border-radius:0.2rem;border-radius:var(--bs-border-radius)}.input-group-lg>.form-control,.input-group-lg>.form-select,.input-group-lg>.input-group-text,.input-group-lg>.btn{padding:.4rem 1rem;font-size:0.925rem;border-radius:0.3rem;border-radius:var(--bs-border-radius-lg)}.input-group-sm>.form-control,.input-group-sm>.form-select,.input-group-sm>.input-group-text,.input-group-sm>.btn{padding:.2rem .5rem;font-size:0.75rem;border-radius:0.1rem;border-radius:var(--bs-border-radius-sm)}.input-group-lg>.form-select,.input-group-sm>.form-select{padding-right:3.4rem}.input-group:not(.has-validation)>:not(:last-child):not(.dropdown-toggle):not(.dropdown-menu):not(.form-floating),.input-group:not(.has-validation)>.dropdown-toggle:nth-last-child(n+3),.input-group:not(.has-validation)>.form-floating:not(:last-child)>.form-control,.input-group:not(.has-validation)>.form-floating:not(:last-child)>.form-select{border-top-right-radius:0;border-bottom-right-radius:0}.input-group.has-validation>:nth-last-child(n+3):not(.dropdown-toggle):not(.dropdown-menu):not(.form-floating),.input-group.has-validation>.dropdown-toggle:nth-last-child(n+4),.input-group.has-validation>.form-floating:nth-last-child(n+3)>.form-control,.input-group.has-validation>.form-floating:nth-last-child(n+3)>.form-select{border-top-right-radius:0;border-bottom-right-radius:0}.input-group>:not(:first-child):not(.dropdown-menu):not(.valid-tooltip):not(.valid-feedback):not(.[1m[31minvalid[39m[22m[1m-tooltip):not(.[1m[31minvalid[39m[22m[1m-feedback){margin-left:calc(-1*1px);border-top-left-radius:0;border-bottom-left-radius:0}.input-group>.form-floating:not(:first-child)>.form-control,.input-group>.form-floating:not(:first-child)>.form-select{border-top-left-radius:0;border-bottom-left-radius:0}.valid-feedback{display:none;width:100%;margin-top:.25rem;font-size:80%;color:#198754;color:var(--bs-form-valid-color)}.valid-tooltip{position:absolute;top:100%;z-index:5;display:none;max-width:100%;padding:.25rem .5rem;margin-top:.1rem;font-size:0.75rem;color:#fff;background-color:#198754;background-color:var(--bs-success);border-radius:0.2rem;border-radius:var(--bs-border-radius)}.was-validated :valid~.valid-feedback,.was-validated :valid~.valid-tooltip,.is-valid~.valid-feedback,.is-valid~.valid-tooltip{display:block}.was-validated .form-control:valid,.form-control.is-valid{border-color:#198754;border-color:var(--bs-form-valid-border-color)}.was-validated .form-control:valid:focus,.form-control.is-valid:focus{border-color:#198754;border-color:var(--bs-form-valid-border-color);box-shadow:0 0 0 .2rem rgba(25, 135, 84, 0.25);box-shadow:0 0 0 .2rem rgba(var(--bs-success-rgb), 0.25)}.was-validated .form-select:valid,.form-select.is-valid{border-color:#198754;border-color:var(--bs-form-valid-border-color)}.was-validated .form-select:valid:focus,.form-select.is-valid:focus{border-color:#198754;border-color:var(--bs-form-valid-border-color);box-shadow:0 0 0 .2rem rgba(25, 135, 84, 0.25);box-shadow:0 0 0 .2rem rgba(var(--bs-success-rgb), 0.25)}.was-validated .form-check-input:valid,.form-check-input.is-valid{border-color:#198754;border-color:var(--bs-form-valid-border-color)}.was-validated .form-check-input:valid:checked,.form-check-input.is-valid:checked{background-color:#198754;background-color:var(--bs-form-valid-color)}.was-validated .form-check-input:valid:focus,.form-check-input.is-valid:focus{box-shadow:0 0 0 .2rem rgba(25, 135, 84, 0.25);box-shadow:0 0 0 .2rem rgba(var(--bs-success-rgb), 0.25)}.was-validated .form-check-input:valid~.form-check-label,.form-check-input.is-valid~.form-check-label{color:#198754;color:var(--bs-form-valid-color)}.form-check-inline .form-check-input~.valid-feedback{margin-left:.5em}.was-validated .input-group>.form-control:not(:focus):valid,.input-group>.form-control:not(:focus).is-valid,.was-validated .input-group>.form-select:not(:focus):valid,.input-group>.form-select:not(:focus).is-valid,.was-validated .input-group>.form-floating:not(:focus-within):valid,.input-group>.form-floating:not(:focus-within).is-valid{z-index:3}.[1m[31minvalid[39m[22m[1m-feedback{display:none;width:100%;margin-top:.25rem;font-size:80%;color:#CE1126;color:var(--bs-form-[1m[31minvalid[39m[22m[1m-color)}.[1m[31minvalid[39m[22m[1m-tooltip{position:absolute;top:100%;z-index:5;display:none;max-width:100%;padding:.25rem .5rem;margin-top:.1rem;font-size:0.75rem;color:#fff;background-color:#CE1126;background-color:var(--bs-danger);border-radius:0.2rem;border-radius:var(--bs-border-radius)}.was-validated :[1m[31minvalid[39m[22m[1m~.[1m[31minvalid[39m[22m[1m-feedback,.was-validated :[1m[31minvalid[39m[22m[1m~.[1m[31minvalid[39m[22m[1m-tooltip,.is-[1m[31minvalid[39m[22m[1m~.[1m[31minvalid[39m[22m[1m-feedback,.is-[1m[31minvalid[39m[22m[1m~.[1m[31minvalid[39m[22m[1m-tooltip{display:block}.was-validated .form-control:[1m[31minvalid[39m[22m[1m,.form-control.is-[1m[31minvalid[39m[22m[1m{border-color:#CE1126;border-color:var(--bs-form-[1m[31minvalid[39m[22m[1m-border-color)}.was-validated .form-control:[1m[31minvalid[39m[22m[1m:focus,.form-control.is-[1m[31minvalid[39m[22m[1m:focus{border-color:#CE1126;border-color:var(--bs-form-[1m[31minvalid[39m[22m[1m-border-color);box-shadow:0 0 0 .2rem rgba(206, 17, 38, 0.25);box-shadow:0 0 0 .2rem rgba(var(--bs-danger-rgb), 0.25)}.was-validated .form-select:[1m[31minvalid[39m[22m[1m,.form-select.is-[1m[31minvalid[39m[22m[1m{border-color:#CE1126;border-color:var(--bs-form-[1m[31minvalid[39m[22m[1m-border-color)}.was-validated .form-select:[1m[31minvalid[39m[22m[1m:focus,.form-select.is-[1m[31minvalid[39m[22m[1m:focus{border-color:#CE1126;border-color:var(--bs-form-[1m[31minvalid[39m[22m[1m-border-color);box-shadow:0 0 0 .2rem rgba(206, 17, 38, 0.25);box-shadow:0 0 0 .2rem rgba(var(--bs-danger-rgb), 0.25)}.was-validated .form-check-input:[1m[31minvalid[39m[22m[1m,.form-check-input.is-[1m[31minvalid[39m[22m[1m{border-color:#CE1126;border-color:var(--bs-form-[1m[31minvalid[39m[22m[1m-border-color)}.was-validated .form-check-input:[1m[31minvalid[39m[22m[1m:checked,.form-check-input.is-[1m[31minvalid[39m[22m[1m:checked{background-color:#CE1126;background-color:var(--bs-form-[1m[31minvalid[39m[22m[1m-color)}.was-validated .form-check-input:[1m[31minvalid[39m[22m[1m:focus,.form-check-input.is-[1m[31minvalid[39m[22m[1m:focus{box-shadow:0 0 0 .2rem rgba(206, 17, 38, 0.25);box-shadow:0 0 0 .2rem rgba(var(--bs-danger-rgb), 0.25)}.was-validated .form-check-input:[1m[31minvalid[39m[22m[1m~.form-check-label,.form-check-input.is-[1m[31minvalid[39m[22m[1m~.form-check-label{color:#CE1126;color:var(--bs-form-[1m[31minvalid[39m[22m[1m-color)}.form-check-inline .form-check-input~.[1m[31minvalid[39m[22m[1m-feedback{margin-left:.5em}.was-validated .input-group>.form-control:not(:focus):[1m[31minvalid[39m[22m[1m,.input-group>.form-control:not(:focus).is-[1m[31minvalid[39m[22m[1m,.was-validated .input-group>.form-select:not(:focus):[1m[31minvalid[39m[22m[1m,.input-group>.form-select:not(:focus).is-[1m[31minvalid[39m[22m[1m,.was-validated .input-group>.form-floating:not(:focus-within):[1m[31minvalid[39m[22m[1m,.input-group>.form-floating:not(:focus-within).is-[1m[31minvalid[39m[22m[1m{z-index:4}.btn{--bs-btn-padding-x: 0.85rem;--bs-btn-padding-y: 0.3rem;--bs-btn-font-family: ;--bs-btn-font-size:0.875rem;--bs-btn-font-weight: 400;--bs-btn-line-height: 1.5;--bs-btn-color: var(--bs-body-color);--bs-btn-bg: transparent;--bs-btn-border-width: 1px;--bs-btn-border-color: transparent;--bs-btn-border-radius: var(--bs-border-radius);--bs-btn-hover-border-color: transparent;--bs-btn-box-shadow: inset 0 1px 0 rgba(255, 255, 255, 0.15), 0 1px 1px rgba(26, 26, 26, 0.075);--bs-btn-disabled-opacity: 0.65;--bs-btn-focus-box-shadow: 0 0 0 0.2rem rgba(var(--bs-btn-focus-shadow-rgb), .5);display:inline-block;padding:0.3rem 0.85rem;padding:var(--bs-btn-padding-y) var(--bs-btn-padding-x);font-family: ;font-family:var(--bs-btn-font-family);font-size:0.875rem;font-size:var(--bs-btn-font-size);font-weight:400;font-weight:var(--bs-btn-font-weight);line-height:1.5;line-height:var(--bs-btn-line-height);color:#343a40;color:var(--bs-btn-color);text-align:center;text-decoration:none;vertical-align:middle;cursor:pointer;-webkit-user-select:none;-moz-user-select:none;user-select:none;border:1px solid transparent;border:var(--bs-btn-border-width) solid var(--bs-btn-border-color);border-radius:0.2rem;border-radius:var(--bs-btn-border-radius);background-color:transparent;background-color:var(--bs-btn-bg);transition:color .15s ease-in-out,background-color .15s ease-in-out,border-color .15s ease-in-out,box-shadow .15s ease-in-out}@media(prefers-reduced-motion: reduce){.btn{transition:none}}.btn:hover{color:var(--bs-btn-hover-color);background-color:var(--bs-btn-hover-bg);border-color:var(--bs-btn-hover-border-color)}.btn-check+.btn:hover{color:var(--bs-btn-color);background-color:var(--bs-btn-bg);border-color:var(--bs-btn-border-color)}.btn:focus-visible{color:var(--bs-btn-hover-color);background-color:var(--bs-btn-hover-bg);border-color:var(--bs-btn-hover-border-color);outline:0;box-shadow:var(--bs-btn-focus-box-shadow)}.btn-check:focus-visible+.btn{border-color:var(--bs-btn-hover-border-color);outline:0;box-shadow:var(--bs-btn-focus-box-shadow)}.btn-check:checked+.btn,:not(.btn-check)+.btn:active,.btn:first-child:active,.btn.active,.btn.show{color:var(--bs-btn-active-color);background-color:var(--bs-btn-active-bg);border-color:var(--bs-btn-active-border-color)}.btn-check:checked+.btn:focus-visible,:not(.btn-check)+.btn:active:focus-visible,.btn:first-child:active:focus-visible,.btn.active:focus-visible,.btn.show:focus-visible{box-shadow:var(--bs-btn-focus-box-shadow)}.btn-check:checked:focus-visible+.btn{box-shadow:var(--bs-btn-focus-box-shadow)}.btn:disabled,.btn.disabled,fieldset:disabled .btn{color:var(--bs-btn-disabled-color);pointer-events:none;background-color:var(--bs-btn-disabled-bg);border-color:var(--bs-btn-disabled-border-color);opacity:var(--bs-btn-disabled-opacity)}.btn-aqua{--bs-btn-color: #1a1a1a;--bs-btn-bg: #00FFFF;--bs-btn-border-color: #00FFFF;--bs-btn-hover-color: #1a1a1a;--bs-btn-hover-bg: rgb(38.25, 255, 255);--bs-btn-hover-border-color: rgb(25.5, 255, 255);--bs-btn-focus-shadow-rgb: 4, 221, 221;--bs-btn-active-color: #1a1a1a;--bs-btn-active-bg: #33ffff;--bs-btn-active-border-color: rgb(25.5, 255, 255);--bs-btn-active-shadow: inset 0 3px 5px rgba(26, 26, 26, 0.125);--bs-btn-disabled-color: #1a1a1a;--bs-btn-disabled-bg: #00FFFF;--bs-btn-disabled-border-color: #00FFFF}.btn-beige{--bs-btn-color: #1a1a1a;--bs-btn-bg: #F5F5DC;--bs-btn-border-color: #F5F5DC;--bs-btn-hover-color: #1a1a1a;--bs-btn-hover-bg: rgb(246.5, 246.5, 225.25);--bs-btn-hover-border-color: rgb(246, 246, 223.5);--bs-btn-focus-shadow-rgb: 212, 212, 191;--bs-btn-active-color: #1a1a1a;--bs-btn-active-bg: #f7f7e3;--bs-btn-active-border-color: rgb(246, 246, 223.5);--bs-btn-active-shadow: inset 0 3px 5px rgba(26, 26, 26, 0.125);--bs-btn-disabled-color: #1a1a1a;--bs-btn-disabled-bg: #F5F5DC;--bs-btn-disabled-border-color: #F5F5DC}.btn-bisque{--bs-btn-color: #1a1a1a;--bs-btn-bg: #FFE4C4;--bs-btn-border-color: #FFE4C4;--bs-btn-hover-color: #1a1a1a;--bs-btn-hover-bg: rgb(255, 232.05, 204.85);--bs-btn-hover-border-color: rgb(255, 230.7, 201.9);--bs-btn-focus-shadow-rgb: 221, 198, 171;--bs-btn-active-color: #1a1a1a;--bs-btn-active-bg: rgb(255, 233.4, 207.8);--bs-btn-active-border-color: rgb(255, 230.7, 201.9);--bs-btn-active-shadow: inset 0 3px 5px rgba(26, 26, 26, 0.125);--bs-btn-disabled-color: #1a1a1a;--bs-btn-disabled-bg: #FFE4C4;--bs-btn-disabled-border-color: #FFE4C4}.btn-black{--bs-btn-color: #ffffff;--bs-btn-bg: #1a1a1a;--bs-btn-border-color: #1a1a1a;--bs-btn-hover-color: #ffffff;--bs-btn-hover-bg: rgb(22.1, 22.1, 22.1);--bs-btn-hover-border-color: rgb(20.8, 20.8, 20.8);--bs-btn-focus-shadow-rgb: 60, 60, 60;--bs-btn-active-color: #ffffff;--bs-btn-active-bg: rgb(20.8, 20.8, 20.8);--bs-btn-active-border-color: rgb(19.5, 19.5, 19.5);--bs-btn-active-shadow: inset 0 3px 5px rgba(26, 26, 26, 0.125);--bs-btn-disabled-color: #ffffff;--bs-btn-disabled-bg: #1a1a1a;--bs-btn-disabled-border-color: #1a1a1a}.btn-blue{--bs-btn-color: #ffffff;--bs-btn-bg: #003876;--bs-btn-border-color: #003876;--bs-btn-hover-color: #ffffff;--bs-btn-hover-bg: rgb(0, 47.6, 100.3);--bs-btn-hover-border-color: rgb(0, 44.8, 94.4);--bs-btn-focus-shadow-rgb: 38, 86, 139;--bs-btn-active-color: #ffffff;--bs-btn-active-bg: rgb(0, 44.8, 94.4);--bs-btn-active-border-color: rgb(0, 42, 88.5);--bs-btn-active-shadow: inset 0 3px 5px rgba(26, 26, 26, 0.125);--bs-btn-disabled-color: #ffffff;--bs-btn-disabled-bg: #003876;--bs-btn-disabled-border-color: #003876}.btn-blueviolet{--bs-btn-color: #ffffff;--bs-btn-bg: #8A2BE2;--bs-btn-border-color: #8A2BE2;--bs-btn-hover-color: #ffffff;--bs-btn-hover-bg: rgb(117.3, 36.55, 192.1);--bs-btn-hover-border-color: rgb(110.4, 34.4, 180.8);--bs-btn-focus-shadow-rgb: 156, 75, 230;--bs-btn-active-color: #ffffff;--bs-btn-active-bg: rgb(110.4, 34.4, 180.8);--bs-btn-active-border-color: rgb(103.5, 32.25, 169.5);--bs-btn-active-shadow: inset 0 3px 5px rgba(26, 26, 26, 0.125);--bs-btn-disabled-color: #ffffff;--bs-btn-disabled-bg: #8A2BE2;--bs-btn-disabled-border-color: #8A2BE2}.btn-brown{--bs-btn-color: #ffffff;--bs-btn-bg: #A52A2A;--bs-btn-border-color: #A52A2A;--bs-btn-hover-color: #ffffff;--bs-btn-hover-bg: rgb(140.25, 35.7, 35.7);--bs-btn-hover-border-color: rgb(132, 33.6, 33.6);--bs-btn-focus-shadow-rgb: 179, 74, 74;--bs-btn-active-color: #ffffff;--bs-btn-active-bg: rgb(132, 33.6, 33.6);--bs-btn-active-border-color: rgb(123.75, 31.5, 31.5);--bs-btn-active-shadow: inset 0 3px 5px rgba(26, 26, 26, 0.125);--bs-btn-disabled-color: #ffffff;--bs-btn-disabled-bg: #A52A2A;--bs-btn-disabled-border-color: #A52A2A}.btn-burly{--bs-btn-color: #1a1a1a;--bs-btn-bg: #DEB887;--bs-btn-border-color: #DEB887;--bs-btn-hover-color: #1a1a1a;--bs-btn-hover-bg: rgb(226.95, 194.65, 153);--bs-btn-hover-border-color: rgb(225.3, 191.1, 147);--bs-btn-focus-shadow-rgb: 193, 160, 119;--bs-btn-active-color: #1a1a1a;--bs-btn-active-bg: rgb(228.6, 198.2, 159);--bs-btn-active-border-color: rgb(225.3, 191.1, 147);--bs-btn-active-shadow: inset 0 3px 5px rgba(26, 26, 26, 0.125);--bs-btn-disabled-color: #1a1a1a;--bs-btn-disabled-bg: #DEB887;--bs-btn-disabled-border-color: #DEB887}.btn-cadet{--bs-btn-color: #ffffff;--bs-btn-bg: #5F9EA0;--bs-btn-border-color: #5F9EA0;--bs-btn-hover-color: #ffffff;--bs-btn-hover-bg: rgb(80.75, 134.3, 136);--bs-btn-hover-border-color: rgb(76, 126.4, 128);--bs-btn-focus-shadow-rgb: 119, 173, 174;--bs-btn-active-color: #ffffff;--bs-btn-active-bg: rgb(76, 126.4, 128);--bs-btn-active-border-color: rgb(71.25, 118.5, 120);--bs-btn-active-shadow: inset 0 3px 5px rgba(26, 26, 26, 0.125);--bs-btn-disabled-color: #ffffff;--bs-btn-disabled-bg: #5F9EA0;--bs-btn-disabled-border-color: #5F9EA0}.btn-charcoal{--bs-btn-color: #ffffff;--bs-btn-bg: #2B2F36;--bs-btn-border-color: #2B2F36;--bs-btn-hover-color: #ffffff;--bs-btn-hover-bg: rgb(36.55, 39.95, 45.9);--bs-btn-hover-border-color: rgb(34.4, 37.6, 43.2);--bs-btn-focus-shadow-rgb: 75, 78, 84;--bs-btn-active-color: #ffffff;--bs-btn-active-bg: rgb(34.4, 37.6, 43.2);--bs-btn-active-border-color: rgb(32.25, 35.25, 40.5);--bs-btn-active-shadow: inset 0 3px 5px rgba(26, 26, 26, 0.125);--bs-btn-disabled-color: #ffffff;--bs-btn-disabled-bg: #2B2F36;--bs-btn-disabled-border-color: #2B2F36}.btn-chocolate{--bs-btn-color: #ffffff;--bs-btn-bg: #D2691E;--bs-btn-border-color: #D2691E;--bs-btn-hover-color: #ffffff;--bs-btn-hover-bg: rgb(178.5, 89.25, 25.5);--bs-btn-hover-border-color: #a85418;--bs-btn-focus-shadow-rgb: 217, 128, 64;--bs-btn-active-color: #ffffff;--bs-btn-active-bg: #a85418;--bs-btn-active-border-color: rgb(157.5, 78.75, 22.5);--bs-btn-active-shadow: inset 0 3px 5px rgba(26, 26, 26, 0.125);--bs-btn-disabled-color: #ffffff;--bs-btn-disabled-bg: #D2691E;--bs-btn-disabled-border-color: #D2691E}.btn-coral{--bs-btn-color: #ffffff;--bs-btn-bg: #C65A4A;--bs-btn-border-color: #C65A4A;--bs-btn-hover-color: #ffffff;--bs-btn-hover-bg: rgb(168.3, 76.5, 62.9);--bs-btn-hover-border-color: rgb(158.4, 72, 59.2);--bs-btn-focus-shadow-rgb: 207, 115, 101;--bs-btn-active-color: #ffffff;--bs-btn-active-bg: rgb(158.4, 72, 59.2);--bs-btn-active-border-color: rgb(148.5, 67.5, 55.5);--bs-btn-active-shadow: inset 0 3px 5px rgba(26, 26, 26, 0.125);--bs-btn-disabled-color: #ffffff;--bs-btn-disabled-bg: #C65A4A;--bs-btn-disabled-border-color: #C65A4A}.btn-crimson{--bs-btn-color: #ffffff;--bs-btn-bg: #DC143C;--bs-btn-border-color: #DC143C;--bs-btn-hover-color: #ffffff;--bs-btn-hover-bg: #bb1133;--bs-btn-hover-border-color: #b01030;--bs-btn-focus-shadow-rgb: 225, 55, 89;--bs-btn-active-color: #ffffff;--bs-btn-active-bg: #b01030;--bs-btn-active-border-color: #a50f2d;--bs-btn-active-shadow: inset 0 3px 5px rgba(26, 26, 26, 0.125);--bs-btn-disabled-color: #ffffff;--bs-btn-disabled-bg: #DC143C;--bs-btn-disabled-border-color: #DC143C}.btn-cyan{--bs-btn-color: #1a1a1a;--bs-btn-bg: #00FFFF;--bs-btn-border-color: #00FFFF;--bs-btn-hover-color: #1a1a1a;--bs-btn-hover-bg: rgb(38.25, 255, 255);--bs-btn-hover-border-color: rgb(25.5, 255, 255);--bs-btn-focus-shadow-rgb: 4, 221, 221;--bs-btn-active-color: #1a1a1a;--bs-btn-active-bg: #33ffff;--bs-btn-active-border-color: rgb(25.5, 255, 255);--bs-btn-active-shadow: inset 0 3px 5px rgba(26, 26, 26, 0.125);--bs-btn-disabled-color: #1a1a1a;--bs-btn-disabled-bg: #00FFFF;--bs-btn-disabled-border-color: #00FFFF}.btn-danger{--bs-btn-color: #ffffff;--bs-btn-bg: #CE1126;--bs-btn-border-color: #CE1126;--bs-btn-hover-color: #ffffff;--bs-btn-hover-bg: rgb(175.1, 14.45, 32.3);--bs-btn-hover-border-color: rgb(164.8, 13.6, 30.4);--bs-btn-focus-shadow-rgb: 213, 53, 71;--bs-btn-active-color: #ffffff;--bs-btn-active-bg: rgb(164.8, 13.6, 30.4);--bs-btn-active-border-color: rgb(154.5, 12.75, 28.5);--bs-btn-active-shadow: inset 0 3px 5px rgba(26, 26, 26, 0.125);--bs-btn-disabled-color: #ffffff;--bs-btn-disabled-bg: #CE1126;--bs-btn-disabled-border-color: #CE1126}.btn-dark{--bs-btn-color: #ffffff;--bs-btn-bg: #2B2F36;--bs-btn-border-color: #2B2F36;--bs-btn-hover-color: #ffffff;--bs-btn-hover-bg: rgb(74.8, 78.2, 84.15);--bs-btn-hover-border-color: rgb(64.2, 67.8, 74.1);--bs-btn-focus-shadow-rgb: 75, 78, 84;--bs-btn-active-color: #ffffff;--bs-btn-active-bg: rgb(85.4, 88.6, 94.2);--bs-btn-active-border-color: rgb(64.2, 67.8, 74.1);--bs-btn-active-shadow: inset 0 3px 5px rgba(26, 26, 26, 0.125);--bs-btn-disabled-color: #ffffff;--bs-btn-disabled-bg: #2B2F36;--bs-btn-disabled-border-color: #2B2F36}.btn-deep{--bs-btn-color: #ffffff;--bs-btn-bg: #FF1493;--bs-btn-border-color: #FF1493;--bs-btn-hover-color: #ffffff;--bs-btn-hover-bg: rgb(216.75, 17, 124.95);--bs-btn-hover-border-color: rgb(204, 16, 117.6);--bs-btn-focus-shadow-rgb: 255, 55, 163;--bs-btn-active-color: #ffffff;--bs-btn-active-bg: rgb(204, 16, 117.6);--bs-btn-active-border-color: rgb(191.25, 15, 110.25);--bs-btn-active-shadow: inset 0 3px 5px rgba(26, 26, 26, 0.125);--bs-btn-disabled-color: #ffffff;--bs-btn-disabled-bg: #FF1493;--bs-btn-disabled-border-color: #FF1493}.btn-dodger{--bs-btn-color: #ffffff;--bs-btn-bg: #1E90FF;--bs-btn-border-color: #1E90FF;--bs-btn-hover-color: #ffffff;--bs-btn-hover-bg: rgb(25.5, 122.4, 216.75);--bs-btn-hover-border-color: rgb(24, 115.2, 204);--bs-btn-focus-shadow-rgb: 64, 161, 255;--bs-btn-active-color: #ffffff;--bs-btn-active-bg: rgb(24, 115.2, 204);--bs-btn-active-border-color: rgb(22.5, 108, 191.25);--bs-btn-active-shadow: inset 0 3px 5px rgba(26, 26, 26, 0.125);--bs-btn-disabled-color: #ffffff;--bs-btn-disabled-bg: #1E90FF;--bs-btn-disabled-border-color: #1E90FF}.btn-fire{--bs-btn-color: #ffffff;--bs-btn-bg: #B22222;--bs-btn-border-color: #B22222;--bs-btn-hover-color: #ffffff;--bs-btn-hover-bg: rgb(151.3, 28.9, 28.9);--bs-btn-hover-border-color: rgb(142.4, 27.2, 27.2);--bs-btn-focus-shadow-rgb: 190, 67, 67;--bs-btn-active-color: #ffffff;--bs-btn-active-bg: rgb(142.4, 27.2, 27.2);--bs-btn-active-border-color: rgb(133.5, 25.5, 25.5);--bs-btn-active-shadow: inset 0 3px 5px rgba(26, 26, 26, 0.125);--bs-btn-disabled-color: #ffffff;--bs-btn-disabled-bg: #B22222;--bs-btn-disabled-border-color: #B22222}.btn-gold{--bs-btn-color: #1a1a1a;--bs-btn-bg: #C9A227;--bs-btn-border-color: #C9A227;--bs-btn-hover-color: #1a1a1a;--bs-btn-hover-bg: rgb(209.1, 175.95, 71.4);--bs-btn-hover-border-color: rgb(206.4, 171.3, 60.6);--bs-btn-focus-shadow-rgb: 175, 142, 37;--bs-btn-active-color: #1a1a1a;--bs-btn-active-bg: rgb(211.8, 180.6, 82.2);--bs-btn-active-border-color: rgb(206.4, 171.3, 60.6);--bs-btn-active-shadow: inset 0 3px 5px rgba(26, 26, 26, 0.125);--bs-btn-disabled-color: #1a1a1a;--bs-btn-disabled-bg: #C9A227;--bs-btn-disabled-border-color: #C9A227}.btn-goldenrod{--bs-btn-color: #1a1a1a;--bs-btn-bg: #DAA520;--bs-btn-border-color: #DAA520;--bs-btn-hover-color: #1a1a1a;--bs-btn-hover-bg: rgb(223.55, 178.5, 65.45);--bs-btn-hover-border-color: rgb(221.7, 174, 54.3);--bs-btn-focus-shadow-rgb: 189, 144, 31;--bs-btn-active-color: #1a1a1a;--bs-btn-active-bg: rgb(225.4, 183, 76.6);--bs-btn-active-border-color: rgb(221.7, 174, 54.3);--bs-btn-active-shadow: inset 0 3px 5px rgba(26, 26, 26, 0.125);--bs-btn-disabled-color: #1a1a1a;--bs-btn-disabled-bg: #DAA520;--bs-btn-disabled-border-color: #DAA520}.btn-gray{--bs-btn-color: #ffffff;--bs-btn-bg: #708090;--bs-btn-border-color: #708090;--bs-btn-hover-color: #ffffff;--bs-btn-hover-bg: rgb(95.2, 108.8, 122.4);--bs-btn-hover-border-color: rgb(89.6, 102.4, 115.2);--bs-btn-focus-shadow-rgb: 133, 147, 161;--bs-btn-active-color: #ffffff;--bs-btn-active-bg: rgb(89.6, 102.4, 115.2);--bs-btn-active-border-color: #54606c;--bs-btn-active-shadow: inset 0 3px 5px rgba(26, 26, 26, 0.125);--bs-btn-disabled-color: #ffffff;--bs-btn-disabled-bg: #708090;--bs-btn-disabled-border-color: #708090}.btn-green{--bs-btn-color: #ffffff;--bs-btn-bg: #087208;--bs-btn-border-color: #087208;--bs-btn-hover-color: #ffffff;--bs-btn-hover-bg: rgb(6.8, 96.9, 6.8);--bs-btn-hover-border-color: rgb(6.4, 91.2, 6.4);--bs-btn-focus-shadow-rgb: 45, 135, 45;--bs-btn-active-color: #ffffff;--bs-btn-active-bg: rgb(6.4, 91.2, 6.4);--bs-btn-active-border-color: rgb(6, 85.5, 6);--bs-btn-active-shadow: inset 0 3px 5px rgba(26, 26, 26, 0.125);--bs-btn-disabled-color: #ffffff;--bs-btn-disabled-bg: #087208;--bs-btn-disabled-border-color: #087208}.btn-indian{--bs-btn-color: #ffffff;--bs-btn-bg: #CD5C5C;--bs-btn-border-color: #CD5C5C;--bs-btn-hover-color: #ffffff;--bs-btn-hover-bg: rgb(174.25, 78.2, 78.2);--bs-btn-hover-border-color: rgb(164, 73.6, 73.6);--bs-btn-focus-shadow-rgb: 213, 116, 116;--bs-btn-active-color: #ffffff;--bs-btn-active-bg: rgb(164, 73.6, 73.6);--bs-btn-active-border-color: rgb(153.75, 69, 69);--bs-btn-active-shadow: inset 0 3px 5px rgba(26, 26, 26, 0.125);--bs-btn-disabled-color: #ffffff;--bs-btn-disabled-bg: #CD5C5C;--bs-btn-disabled-border-color: #CD5C5C}.btn-indigo{--bs-btn-color: #ffffff;--bs-btn-bg: #0a0a0a;--bs-btn-border-color: #0a0a0a;--bs-btn-hover-color: #ffffff;--bs-btn-hover-bg: rgb(8.5, 8.5, 8.5);--bs-btn-hover-border-color: #080808;--bs-btn-focus-shadow-rgb: 47, 47, 47;--bs-btn-active-color: #ffffff;--bs-btn-active-bg: #080808;--bs-btn-active-border-color: rgb(7.5, 7.5, 7.5);--bs-btn-active-shadow: inset 0 3px 5px rgba(26, 26, 26, 0.125);--bs-btn-disabled-color: #ffffff;--bs-btn-disabled-bg: #0a0a0a;--bs-btn-disabled-border-color: #0a0a0a}.btn-info{--bs-btn-color: #1a1a1a;--bs-btn-bg: #00FFFF;--bs-btn-border-color: #00FFFF;--bs-btn-hover-color: #1a1a1a;--bs-btn-hover-bg: rgb(38.25, 255, 255);--bs-btn-hover-border-color: rgb(25.5, 255, 255);--bs-btn-focus-shadow-rgb: 4, 221, 221;--bs-btn-active-color: #1a1a1a;--bs-btn-active-bg: #33ffff;--bs-btn-active-border-color: rgb(25.5, 255, 255);--bs-btn-active-shadow: inset 0 3px 5px rgba(26, 26, 26, 0.125);--bs-btn-disabled-color: #1a1a1a;--bs-btn-disabled-bg: #00FFFF;--bs-btn-disabled-border-color: #00FFFF}.btn-lemon{--bs-btn-color: #1a1a1a;--bs-btn-bg: #FFFACD;--bs-btn-border-color: #FFFACD;--bs-btn-hover-color: #1a1a1a;--bs-btn-hover-bg: rgb(255, 250.75, 212.5);--bs-btn-hover-border-color: rgb(255, 250.5, 210);--bs-btn-focus-shadow-rgb: 221, 216, 178;--bs-btn-active-color: #1a1a1a;--bs-btn-active-bg: #fffbd7;--bs-btn-active-border-color: rgb(255, 250.5, 210);--bs-btn-active-shadow: inset 0 3px 5px rgba(26, 26, 26, 0.125);--bs-btn-disabled-color: #1a1a1a;--bs-btn-disabled-bg: #FFFACD;--bs-btn-disabled-border-color: #FFFACD}.btn-light{--bs-btn-color: #1a1a1a;--bs-btn-bg: #f5f7fb;--bs-btn-border-color: #f5f7fb;--bs-btn-hover-color: #1a1a1a;--bs-btn-hover-bg: rgb(208.25, 209.95, 213.35);--bs-btn-hover-border-color: rgb(196, 197.6, 200.8);--bs-btn-focus-shadow-rgb: 212, 214, 217;--bs-btn-active-color: #1a1a1a;--bs-btn-active-bg: rgb(196, 197.6, 200.8);--bs-btn-active-border-color: rgb(183.75, 185.25, 188.25);--bs-btn-active-shadow: inset 0 3px 5px rgba(26, 26, 26, 0.125);--bs-btn-disabled-color: #1a1a1a;--bs-btn-disabled-bg: #f5f7fb;--bs-btn-disabled-border-color: #f5f7fb}.btn-lime{--bs-btn-color: #1a1a1a;--bs-btn-bg: #00FF00;--bs-btn-border-color: #00FF00;--bs-btn-hover-color: #1a1a1a;--bs-btn-hover-bg: rgb(38.25, 255, 38.25);--bs-btn-hover-border-color: rgb(25.5, 255, 25.5);--bs-btn-focus-shadow-rgb: 4, 221, 4;--bs-btn-active-color: #1a1a1a;--bs-btn-active-bg: #33ff33;--bs-btn-active-border-color: rgb(25.5, 255, 25.5);--bs-btn-active-shadow: inset 0 3px 5px rgba(26, 26, 26, 0.125);--bs-btn-disabled-color: #1a1a1a;--bs-btn-disabled-bg: #00FF00;--bs-btn-disabled-border-color: #00FF00}.btn-magenta{--bs-btn-color: #ffffff;--bs-btn-bg: #FF00FF;--bs-btn-border-color: #FF00FF;--bs-btn-hover-color: #ffffff;--bs-btn-hover-bg: rgb(216.75, 0, 216.75);--bs-btn-hover-border-color: #cc00cc;--bs-btn-focus-shadow-rgb: 255, 38, 255;--bs-btn-active-color: #ffffff;--bs-btn-active-bg: #cc00cc;--bs-btn-active-border-color: rgb(191.25, 0, 191.25);--bs-btn-active-shadow: inset 0 3px 5px rgba(26, 26, 26, 0.125);--bs-btn-disabled-color: #ffffff;--bs-btn-disabled-bg: #FF00FF;--bs-btn-disabled-border-color: #FF00FF}.btn-maroon{--bs-btn-color: #ffffff;--bs-btn-bg: #800000;--bs-btn-border-color: #800000;--bs-btn-hover-color: #ffffff;--bs-btn-hover-bg: rgb(108.8, 0, 0);--bs-btn-hover-border-color: rgb(102.4, 0, 0);--bs-btn-focus-shadow-rgb: 147, 38, 38;--bs-btn-active-color: #ffffff;--bs-btn-active-bg: rgb(102.4, 0, 0);--bs-btn-active-border-color: #600000;--bs-btn-active-shadow: inset 0 3px 5px rgba(26, 26, 26, 0.125);--bs-btn-disabled-color: #ffffff;--bs-btn-disabled-bg: #800000;--bs-btn-disabled-border-color: #800000}.btn-midnight{--bs-btn-color: #ffffff;--bs-btn-bg: #191970;--bs-btn-border-color: #191970;--bs-btn-hover-color: #ffffff;--bs-btn-hover-bg: rgb(21.25, 21.25, 95.2);--bs-btn-hover-border-color: rgb(20, 20, 89.6);--bs-btn-focus-shadow-rgb: 60, 60, 133;--bs-btn-active-color: #ffffff;--bs-btn-active-bg: rgb(20, 20, 89.6);--bs-btn-active-border-color: rgb(18.75, 18.75, 84);--bs-btn-active-shadow: inset 0 3px 5px rgba(26, 26, 26, 0.125);--bs-btn-disabled-color: #ffffff;--bs-btn-disabled-bg: #191970;--bs-btn-disabled-border-color: #191970}.btn-mint{--bs-btn-color: #1a1a1a;--bs-btn-bg: #5FB3A2;--bs-btn-border-color: #5FB3A2;--bs-btn-hover-color: #1a1a1a;--bs-btn-hover-bg: rgb(119, 190.4, 175.95);--bs-btn-hover-border-color: rgb(111, 186.6, 171.3);--bs-btn-focus-shadow-rgb: 85, 156, 142;--bs-btn-active-color: #1a1a1a;--bs-btn-active-bg: rgb(127, 194.2, 180.6);--bs-btn-active-border-color: rgb(111, 186.6, 171.3);--bs-btn-active-shadow: inset 0 3px 5px rgba(26, 26, 26, 0.125);--bs-btn-disabled-color: #1a1a1a;--bs-btn-disabled-bg: #5FB3A2;--bs-btn-disabled-border-color: #5FB3A2}.btn-moccasin{--bs-btn-color: #1a1a1a;--bs-btn-bg: #FFE4B5;--bs-btn-border-color: #FFE4B5;--bs-btn-hover-color: #1a1a1a;--bs-btn-hover-bg: rgb(255, 232.05, 192.1);--bs-btn-hover-border-color: rgb(255, 230.7, 188.4);--bs-btn-focus-shadow-rgb: 221, 198, 158;--bs-btn-active-color: #1a1a1a;--bs-btn-active-bg: rgb(255, 233.4, 195.8);--bs-btn-active-border-color: rgb(255, 230.7, 188.4);--bs-btn-active-shadow: inset 0 3px 5px rgba(26, 26, 26, 0.125);--bs-btn-disabled-color: #1a1a1a;--bs-btn-disabled-bg: #FFE4B5;--bs-btn-disabled-border-color: #FFE4B5}.btn-navy{--bs-btn-color: #ffffff;--bs-btn-bg: #183A5D;--bs-btn-border-color: #183A5D;--bs-btn-hover-color: #ffffff;--bs-btn-hover-bg: rgb(20.4, 49.3, 79.05);--bs-btn-hover-border-color: rgb(19.2, 46.4, 74.4);--bs-btn-focus-shadow-rgb: 59, 88, 117;--bs-btn-active-color: #ffffff;--bs-btn-active-bg: rgb(19.2, 46.4, 74.4);--bs-btn-active-border-color: rgb(18, 43.5, 69.75);--bs-btn-active-shadow: inset 0 3px 5px rgba(26, 26, 26, 0.125);--bs-btn-disabled-color: #ffffff;--bs-btn-disabled-bg: #183A5D;--bs-btn-disabled-border-color: #183A5D}.btn-navajo{--bs-btn-color: #1a1a1a;--bs-btn-bg: #FFDEAD;--bs-btn-border-color: #FFDEAD;--bs-btn-hover-color: #1a1a1a;--bs-btn-hover-bg: rgb(255, 226.95, 185.3);--bs-btn-hover-border-color: rgb(255, 225.3, 181.2);--bs-btn-focus-shadow-rgb: 221, 193, 151;--bs-btn-active-color: #1a1a1a;--bs-btn-active-bg: rgb(255, 228.6, 189.4);--bs-btn-active-border-color: rgb(255, 225.3, 181.2);--bs-btn-active-shadow: inset 0 3px 5px rgba(26, 26, 26, 0.125);--bs-btn-disabled-color: #1a1a1a;--bs-btn-disabled-bg: #FFDEAD;--bs-btn-disabled-border-color: #FFDEAD}.btn-olive{--bs-btn-color: #ffffff;--bs-btn-bg: #7A8F3A;--bs-btn-border-color: #7A8F3A;--bs-btn-hover-color: #ffffff;--bs-btn-hover-bg: rgb(103.7, 121.55, 49.3);--bs-btn-hover-border-color: rgb(97.6, 114.4, 46.4);--bs-btn-focus-shadow-rgb: 142, 160, 88;--bs-btn-active-color: #ffffff;--bs-btn-active-bg: rgb(97.6, 114.4, 46.4);--bs-btn-active-border-color: rgb(91.5, 107.25, 43.5);--bs-btn-active-shadow: inset 0 3px 5px rgba(26, 26, 26, 0.125);--bs-btn-disabled-color: #ffffff;--bs-btn-disabled-bg: #7A8F3A;--bs-btn-disabled-border-color: #7A8F3A}.btn-orange{--bs-btn-color: #ffffff;--bs-btn-bg: #fe5000;--bs-btn-border-color: #fe5000;--bs-btn-hover-color: #ffffff;--bs-btn-hover-bg: rgb(215.9, 68, 0);--bs-btn-hover-border-color: rgb(203.2, 64, 0);--bs-btn-focus-shadow-rgb: 254, 106, 38;--bs-btn-active-color: #ffffff;--bs-btn-active-bg: rgb(203.2, 64, 0);--bs-btn-active-border-color: rgb(190.5, 60, 0);--bs-btn-active-shadow: inset 0 3px 5px rgba(26, 26, 26, 0.125);--bs-btn-disabled-color: #ffffff;--bs-btn-disabled-bg: #fe5000;--bs-btn-disabled-border-color: #fe5000}.btn-orangered{--bs-btn-color: #ffffff;--bs-btn-bg: #FF4500;--bs-btn-border-color: #FF4500;--bs-btn-hover-color: #ffffff;--bs-btn-hover-bg: rgb(216.75, 58.65, 0);--bs-btn-hover-border-color: rgb(204, 55.2, 0);--bs-btn-focus-shadow-rgb: 255, 97, 38;--bs-btn-active-color: #ffffff;--bs-btn-active-bg: rgb(204, 55.2, 0);--bs-btn-active-border-color: rgb(191.25, 51.75, 0);--bs-btn-active-shadow: inset 0 3px 5px rgba(26, 26, 26, 0.125);--bs-btn-disabled-color: #ffffff;--bs-btn-disabled-bg: #FF4500;--bs-btn-disabled-border-color: #FF4500}.btn-papaya{--bs-btn-color: #1a1a1a;--bs-btn-bg: #FFEFD5;--bs-btn-border-color: #FFEFD5;--bs-btn-hover-color: #1a1a1a;--bs-btn-hover-bg: rgb(255, 241.4, 219.3);--bs-btn-hover-border-color: rgb(255, 240.6, 217.2);--bs-btn-focus-shadow-rgb: 221, 207, 185;--bs-btn-active-color: #1a1a1a;--bs-btn-active-bg: rgb(255, 242.2, 221.4);--bs-btn-active-border-color: rgb(255, 240.6, 217.2);--bs-btn-active-shadow: inset 0 3px 5px rgba(26, 26, 26, 0.125);--bs-btn-disabled-color: #1a1a1a;--bs-btn-disabled-bg: #FFEFD5;--bs-btn-disabled-border-color: #FFEFD5}.btn-peru{--bs-btn-color: #1a1a1a;--bs-btn-bg: #CD853F;--bs-btn-border-color: #CD853F;--bs-btn-hover-color: #1a1a1a;--bs-btn-hover-bg: rgb(212.5, 151.3, 91.8);--bs-btn-hover-border-color: rgb(210, 145.2, 82.2);--bs-btn-focus-shadow-rgb: 178, 117, 57;--bs-btn-active-color: #1a1a1a;--bs-btn-active-bg: rgb(215, 157.4, 101.4);--bs-btn-active-border-color: rgb(210, 145.2, 82.2);--bs-btn-active-shadow: inset 0 3px 5px rgba(26, 26, 26, 0.125);--bs-btn-disabled-color: #1a1a1a;--bs-btn-disabled-bg: #CD853F;--bs-btn-disabled-border-color: #CD853F}.btn-pink{--bs-btn-color: #1a1a1a;--bs-btn-bg: #FF69B4;--bs-btn-border-color: #FF69B4;--bs-btn-hover-color: #1a1a1a;--bs-btn-hover-bg: rgb(255, 127.5, 191.25);--bs-btn-hover-border-color: rgb(255, 120, 187.5);--bs-btn-focus-shadow-rgb: 221, 93, 157;--bs-btn-active-color: #1a1a1a;--bs-btn-active-bg: #ff87c3;--bs-btn-active-border-color: rgb(255, 120, 187.5);--bs-btn-active-shadow: inset 0 3px 5px rgba(26, 26, 26, 0.125);--bs-btn-disabled-color: #1a1a1a;--bs-btn-disabled-bg: #FF69B4;--bs-btn-disabled-border-color: #FF69B4}.btn-primary{--bs-btn-color: #ffffff;--bs-btn-bg: #003876;--bs-btn-border-color: #003876;--bs-btn-hover-color: #ffffff;--bs-btn-hover-bg: rgb(0, 47.6, 100.3);--bs-btn-hover-border-color: rgb(0, 44.8, 94.4);--bs-btn-focus-shadow-rgb: 38, 86, 139;--bs-btn-active-color: #ffffff;--bs-btn-active-bg: rgb(0, 44.8, 94.4);--bs-btn-active-border-color: rgb(0, 42, 88.5);--bs-btn-active-shadow: inset 0 3px 5px rgba(26, 26, 26, 0.125);--bs-btn-disabled-color: #ffffff;--bs-btn-disabled-bg: #003876;--bs-btn-disabled-border-color: #003876}.btn-purple{--bs-btn-color: #ffffff;--bs-btn-bg: #800080;--bs-btn-border-color: #800080;--bs-btn-hover-color: #ffffff;--bs-btn-hover-bg: rgb(108.8, 0, 108.8);--bs-btn-hover-border-color: rgb(102.4, 0, 102.4);--bs-btn-focus-shadow-rgb: 147, 38, 147;--bs-btn-active-color: #ffffff;--bs-btn-active-bg: rgb(102.4, 0, 102.4);--bs-btn-active-border-color: #600060;--bs-btn-active-shadow: inset 0 3px 5px rgba(26, 26, 26, 0.125);--bs-btn-disabled-color: #ffffff;--bs-btn-disabled-bg: #800080;--bs-btn-disabled-border-color: #800080}.btn-red{--bs-btn-color: #ffffff;--bs-btn-bg: #CE1126;--bs-btn-border-color: #CE1126;--bs-btn-hover-color: #ffffff;--bs-btn-hover-bg: rgb(175.1, 14.45, 32.3);--bs-btn-hover-border-color: rgb(164.8, 13.6, 30.4);--bs-btn-focus-shadow-rgb: 213, 53, 71;--bs-btn-active-color: #ffffff;--bs-btn-active-bg: rgb(164.8, 13.6, 30.4);--bs-btn-active-border-color: rgb(154.5, 12.75, 28.5);--bs-btn-active-shadow: inset 0 3px 5px rgba(26, 26, 26, 0.125);--bs-btn-disabled-color: #ffffff;--bs-btn-disabled-bg: #CE1126;--bs-btn-disabled-border-color: #CE1126}.btn-rose{--bs-btn-color: #ffffff;--bs-btn-bg: #B85C7A;--bs-btn-border-color: #B85C7A;--bs-btn-hover-color: #ffffff;--bs-btn-hover-bg: rgb(156.4, 78.2, 103.7);--bs-btn-hover-border-color: rgb(147.2, 73.6, 97.6);--bs-btn-focus-shadow-rgb: 195, 116, 142;--bs-btn-active-color: #ffffff;--bs-btn-active-bg: rgb(147.2, 73.6, 97.6);--bs-btn-active-border-color: rgb(138, 69, 91.5);--bs-btn-active-shadow: inset 0 3px 5px rgba(26, 26, 26, 0.125);--bs-btn-disabled-color: #ffffff;--bs-btn-disabled-bg: #B85C7A;--bs-btn-disabled-border-color: #B85C7A}.btn-royal{--bs-btn-color: #ffffff;--bs-btn-bg: #4169E1;--bs-btn-border-color: #4169E1;--bs-btn-hover-color: #ffffff;--bs-btn-hover-bg: rgb(55.25, 89.25, 191.25);--bs-btn-hover-border-color: #3454b4;--bs-btn-focus-shadow-rgb: 94, 128, 230;--bs-btn-active-color: #ffffff;--bs-btn-active-bg: #3454b4;--bs-btn-active-border-color: rgb(48.75, 78.75, 168.75);--bs-btn-active-shadow: inset 0 3px 5px rgba(26, 26, 26, 0.125);--bs-btn-disabled-color: #ffffff;--bs-btn-disabled-bg: #4169E1;--bs-btn-disabled-border-color: #4169E1}.btn-salmon{--bs-btn-color: #1a1a1a;--bs-btn-bg: #FA8072;--bs-btn-border-color: #FA8072;--bs-btn-hover-color: #1a1a1a;--bs-btn-hover-bg: rgb(250.75, 147.05, 135.15);--bs-btn-hover-border-color: rgb(250.5, 140.7, 128.1);--bs-btn-focus-shadow-rgb: 216, 113, 101;--bs-btn-active-color: #1a1a1a;--bs-btn-active-bg: rgb(251, 153.4, 142.2);--bs-btn-active-border-color: rgb(250.5, 140.7, 128.1);--bs-btn-active-shadow: inset 0 3px 5px rgba(26, 26, 26, 0.125);--bs-btn-disabled-color: #1a1a1a;--bs-btn-disabled-bg: #FA8072;--bs-btn-disabled-border-color: #FA8072}.btn-sand{--bs-btn-color: #1a1a1a;--bs-btn-bg: #E6D8C3;--bs-btn-border-color: #E6D8C3;--bs-btn-hover-color: #1a1a1a;--bs-btn-hover-bg: rgb(233.75, 221.85, 204);--bs-btn-hover-border-color: rgb(232.5, 219.9, 201);--bs-btn-focus-shadow-rgb: 199, 188, 170;--bs-btn-active-color: #1a1a1a;--bs-btn-active-bg: rgb(235, 223.8, 207);--bs-btn-active-border-color: rgb(232.5, 219.9, 201);--bs-btn-active-shadow: inset 0 3px 5px rgba(26, 26, 26, 0.125);--bs-btn-disabled-color: #1a1a1a;--bs-btn-disabled-bg: #E6D8C3;--bs-btn-disabled-border-color: #E6D8C3}.btn-secondary{--bs-btn-color: #ffffff;--bs-btn-bg: #6c757d;--bs-btn-border-color: #6c757d;--bs-btn-hover-color: #ffffff;--bs-btn-hover-bg: rgb(91.8, 99.45, 106.25);--bs-btn-hover-border-color: rgb(86.4, 93.6, 100);--bs-btn-focus-shadow-rgb: 130, 138, 145;--bs-btn-active-color: #ffffff;--bs-btn-active-bg: rgb(86.4, 93.6, 100);--bs-btn-active-border-color: rgb(81, 87.75, 93.75);--bs-btn-active-shadow: inset 0 3px 5px rgba(26, 26, 26, 0.125);--bs-btn-disabled-color: #ffffff;--bs-btn-disabled-bg: #6c757d;--bs-btn-disabled-border-color: #6c757d}.btn-sienna{--bs-btn-color: #ffffff;--bs-btn-bg: #A0522D;--bs-btn-border-color: #A0522D;--bs-btn-hover-color: #ffffff;--bs-btn-hover-bg: rgb(136, 69.7, 38.25);--bs-btn-hover-border-color: rgb(128, 65.6, 36);--bs-btn-focus-shadow-rgb: 174, 108, 77;--bs-btn-active-color: #ffffff;--bs-btn-active-bg: rgb(128, 65.6, 36);--bs-btn-active-border-color: rgb(120, 61.5, 33.75);--bs-btn-active-shadow: inset 0 3px 5px rgba(26, 26, 26, 0.125);--bs-btn-disabled-color: #ffffff;--bs-btn-disabled-bg: #A0522D;--bs-btn-disabled-border-color: #A0522D}.btn-silver{--bs-btn-color: #1a1a1a;--bs-btn-bg: #C0C0C0;--bs-btn-border-color: #C0C0C0;--bs-btn-hover-color: #1a1a1a;--bs-btn-hover-bg: rgb(201.45, 201.45, 201.45);--bs-btn-hover-border-color: rgb(198.3, 198.3, 198.3);--bs-btn-focus-shadow-rgb: 167, 167, 167;--bs-btn-active-color: #1a1a1a;--bs-btn-active-bg: rgb(204.6, 204.6, 204.6);--bs-btn-active-border-color: rgb(198.3, 198.3, 198.3);--bs-btn-active-shadow: inset 0 3px 5px rgba(26, 26, 26, 0.125);--bs-btn-disabled-color: #1a1a1a;--bs-btn-disabled-bg: #C0C0C0;--bs-btn-disabled-border-color: #C0C0C0}.btn-sky{--bs-btn-color: #1a1a1a;--bs-btn-bg: #6FA3D8;--bs-btn-border-color: #6FA3D8;--bs-btn-hover-color: #1a1a1a;--bs-btn-hover-bg: rgb(132.6, 176.8, 221.85);--bs-btn-hover-border-color: rgb(125.4, 172.2, 219.9);--bs-btn-focus-shadow-rgb: 98, 142, 188;--bs-btn-active-color: #1a1a1a;--bs-btn-active-bg: rgb(139.8, 181.4, 223.8);--bs-btn-active-border-color: rgb(125.4, 172.2, 219.9);--bs-btn-active-shadow: inset 0 3px 5px rgba(26, 26, 26, 0.125);--bs-btn-disabled-color: #1a1a1a;--bs-btn-disabled-bg: #6FA3D8;--bs-btn-disabled-border-color: #6FA3D8}.btn-slate{--bs-btn-color: #ffffff;--bs-btn-bg: #4A5D73;--bs-btn-border-color: #4A5D73;--bs-btn-hover-color: #ffffff;--bs-btn-hover-bg: rgb(62.9, 79.05, 97.75);--bs-btn-hover-border-color: rgb(59.2, 74.4, 92);--bs-btn-focus-shadow-rgb: 101, 117, 136;--bs-btn-active-color: #ffffff;--bs-btn-active-bg: rgb(59.2, 74.4, 92);--bs-btn-active-border-color: rgb(55.5, 69.75, 86.25);--bs-btn-active-shadow: inset 0 3px 5px rgba(26, 26, 26, 0.125);--bs-btn-disabled-color: #ffffff;--bs-btn-disabled-bg: #4A5D73;--bs-btn-disabled-border-color: #4A5D73}.btn-success{--bs-btn-color: #ffffff;--bs-btn-bg: #198754;--bs-btn-border-color: #198754;--bs-btn-hover-color: #ffffff;--bs-btn-hover-bg: rgb(21.25, 114.75, 71.4);--bs-btn-hover-border-color: rgb(20, 108, 67.2);--bs-btn-focus-shadow-rgb: 60, 153, 110;--bs-btn-active-color: #ffffff;--bs-btn-active-bg: rgb(20, 108, 67.2);--bs-btn-active-border-color: rgb(18.75, 101.25, 63);--bs-btn-active-shadow: inset 0 3px 5px rgba(26, 26, 26, 0.125);--bs-btn-disabled-color: #ffffff;--bs-btn-disabled-bg: #198754;--bs-btn-disabled-border-color: #198754}.btn-tan{--bs-btn-color: #1a1a1a;--bs-btn-bg: #D2B48C;--bs-btn-border-color: #D2B48C;--bs-btn-hover-color: #1a1a1a;--bs-btn-hover-bg: rgb(216.75, 191.25, 157.25);--bs-btn-hover-border-color: rgb(214.5, 187.5, 151.5);--bs-btn-focus-shadow-rgb: 182, 157, 123;--bs-btn-active-color: #1a1a1a;--bs-btn-active-bg: #dbc3a3;--bs-btn-active-border-color: rgb(214.5, 187.5, 151.5);--bs-btn-active-shadow: inset 0 3px 5px rgba(26, 26, 26, 0.125);--bs-btn-disabled-color: #1a1a1a;--bs-btn-disabled-bg: #D2B48C;--bs-btn-disabled-border-color: #D2B48C}.btn-teal{--bs-btn-color: #ffffff;--bs-btn-bg: #008080;--bs-btn-border-color: #008080;--bs-btn-hover-color: #ffffff;--bs-btn-hover-bg: rgb(0, 108.8, 108.8);--bs-btn-hover-border-color: rgb(0, 102.4, 102.4);--bs-btn-focus-shadow-rgb: 38, 147, 147;--bs-btn-active-color: #ffffff;--bs-btn-active-bg: rgb(0, 102.4, 102.4);--bs-btn-active-border-color: #006060;--bs-btn-active-shadow: inset 0 3px 5px rgba(26, 26, 26, 0.125);--bs-btn-disabled-color: #ffffff;--bs-btn-disabled-bg: #008080;--bs-btn-disabled-border-color: #008080}.btn-tomato{--bs-btn-color: #1a1a1a;--bs-btn-bg: #FF6347;--bs-btn-border-color: #FF6347;--bs-btn-hover-color: #1a1a1a;--bs-btn-hover-bg: rgb(255, 122.4, 98.6);--bs-btn-hover-border-color: rgb(255, 114.6, 89.4);--bs-btn-focus-shadow-rgb: 221, 88, 64;--bs-btn-active-color: #1a1a1a;--bs-btn-active-bg: rgb(255, 130.2, 107.8);--bs-btn-active-border-color: rgb(255, 114.6, 89.4);--bs-btn-active-shadow: inset 0 3px 5px rgba(26, 26, 26, 0.125);--bs-btn-disabled-color: #1a1a1a;--bs-btn-disabled-bg: #FF6347;--bs-btn-disabled-border-color: #FF6347}.btn-turquoise{--bs-btn-color: #1a1a1a;--bs-btn-bg: #40E0D0;--bs-btn-border-color: #40E0D0;--bs-btn-hover-color: #1a1a1a;--bs-btn-hover-bg: rgb(92.65, 228.65, 215.05);--bs-btn-hover-border-color: rgb(83.1, 227.1, 212.7);--bs-btn-focus-shadow-rgb: 58, 194, 181;--bs-btn-active-color: #1a1a1a;--bs-btn-active-bg: rgb(102.2, 230.2, 217.4);--bs-btn-active-border-color: rgb(83.1, 227.1, 212.7);--bs-btn-active-shadow: inset 0 3px 5px rgba(26, 26, 26, 0.125);--bs-btn-disabled-color: #1a1a1a;--bs-btn-disabled-bg: #40E0D0;--bs-btn-disabled-border-color: #40E0D0}.btn-violet{--bs-btn-color: #1a1a1a;--bs-btn-bg: #EE82EE;--bs-btn-border-color: #EE82EE;--bs-btn-hover-color: #1a1a1a;--bs-btn-hover-bg: rgb(240.55, 148.75, 240.55);--bs-btn-hover-border-color: rgb(239.7, 142.5, 239.7);--bs-btn-focus-shadow-rgb: 206, 114, 206;--bs-btn-active-color: #1a1a1a;--bs-btn-active-bg: rgb(241.4, 155, 241.4);--bs-btn-active-border-color: rgb(239.7, 142.5, 239.7);--bs-btn-active-shadow: inset 0 3px 5px rgba(26, 26, 26, 0.125);--bs-btn-disabled-color: #1a1a1a;--bs-btn-disabled-bg: #EE82EE;--bs-btn-disabled-border-color: #EE82EE}.btn-violetred{--bs-btn-color: #ffffff;--bs-btn-bg: #C71585;--bs-btn-border-color: #C71585;--bs-btn-hover-color: #ffffff;--bs-btn-hover-bg: rgb(169.15, 17.85, 113.05);--bs-btn-hover-border-color: rgb(159.2, 16.8, 106.4);--bs-btn-focus-shadow-rgb: 207, 56, 151;--bs-btn-active-color: #ffffff;--bs-btn-active-bg: rgb(159.2, 16.8, 106.4);--bs-btn-active-border-color: rgb(149.25, 15.75, 99.75);--bs-btn-active-shadow: inset 0 3px 5px rgba(26, 26, 26, 0.125);--bs-btn-disabled-color: #ffffff;--bs-btn-disabled-bg: #C71585;--bs-btn-disabled-border-color: #C71585}.btn-warning{--bs-btn-color: #1a1a1a;--bs-btn-bg: #ffc107;--bs-btn-border-color: #ffc107;--bs-btn-hover-color: #1a1a1a;--bs-btn-hover-bg: rgb(255, 202.3, 44.2);--bs-btn-hover-border-color: rgb(255, 199.2, 31.8);--bs-btn-focus-shadow-rgb: 221, 168, 10;--bs-btn-active-color: #1a1a1a;--bs-btn-active-bg: rgb(255, 205.4, 56.6);--bs-btn-active-border-color: rgb(255, 199.2, 31.8);--bs-btn-active-shadow: inset 0 3px 5px rgba(26, 26, 26, 0.125);--bs-btn-disabled-color: #1a1a1a;--bs-btn-disabled-bg: #ffc107;--bs-btn-disabled-border-color: #ffc107}.btn-yellow{--bs-btn-color: #1a1a1a;--bs-btn-bg: #efdf00;--bs-btn-border-color: #efdf00;--bs-btn-hover-color: #1a1a1a;--bs-btn-hover-bg: rgb(241.4, 227.8, 38.25);--bs-btn-hover-border-color: rgb(240.6, 226.2, 25.5);--bs-btn-focus-shadow-rgb: 207, 193, 4;--bs-btn-active-color: #1a1a1a;--bs-btn-active-bg: rgb(242.2, 229.4, 51);--bs-btn-active-border-color: rgb(240.6, 226.2, 25.5);--bs-btn-active-shadow: inset 0 3px 5px rgba(26, 26, 26, 0.125);--bs-btn-disabled-color: #1a1a1a;--bs-btn-disabled-bg: #efdf00;--bs-btn-disabled-border-color: #efdf00}.btn-bitbucket{--bs-btn-color: #ffffff;--bs-btn-bg: #0052CC;--bs-btn-border-color: #0052CC;--bs-btn-hover-color: #ffffff;--bs-btn-hover-bg: rgb(0, 69.7, 173.4);--bs-btn-hover-border-color: rgb(0, 65.6, 163.2);--bs-btn-focus-shadow-rgb: 38, 108, 212;--bs-btn-active-color: #ffffff;--bs-btn-active-bg: rgb(0, 65.6, 163.2);--bs-btn-active-border-color: rgb(0, 61.5, 153);--bs-btn-active-shadow: inset 0 3px 5px rgba(26, 26, 26, 0.125);--bs-btn-disabled-color: #ffffff;--bs-btn-disabled-bg: #0052CC;--bs-btn-disabled-border-color: #0052CC}.btn-dribbble{--bs-btn-color: #ffffff;--bs-btn-bg: #EA4C89;--bs-btn-border-color: #EA4C89;--bs-btn-hover-color: #ffffff;--bs-btn-hover-bg: rgb(198.9, 64.6, 116.45);--bs-btn-hover-border-color: rgb(187.2, 60.8, 109.6);--bs-btn-focus-shadow-rgb: 237, 103, 155;--bs-btn-active-color: #ffffff;--bs-btn-active-bg: rgb(187.2, 60.8, 109.6);--bs-btn-active-border-color: rgb(175.5, 57, 102.75);--bs-btn-active-shadow: inset 0 3px 5px rgba(26, 26, 26, 0.125);--bs-btn-disabled-color: #ffffff;--bs-btn-disabled-bg: #EA4C89;--bs-btn-disabled-border-color: #EA4C89}.btn-facebook{--bs-btn-color: #ffffff;--bs-btn-bg: #1877F2;--bs-btn-border-color: #1877F2;--bs-btn-hover-color: #ffffff;--bs-btn-hover-bg: rgb(20.4, 101.15, 205.7);--bs-btn-hover-border-color: rgb(19.2, 95.2, 193.6);--bs-btn-focus-shadow-rgb: 59, 139, 244;--bs-btn-active-color: #ffffff;--bs-btn-active-bg: rgb(19.2, 95.2, 193.6);--bs-btn-active-border-color: rgb(18, 89.25, 181.5);--bs-btn-active-shadow: inset 0 3px 5px rgba(26, 26, 26, 0.125);--bs-btn-disabled-color: #ffffff;--bs-btn-disabled-bg: #1877F2;--bs-btn-disabled-border-color: #1877F2}.btn-flickr{--bs-btn-color: #ffffff;--bs-btn-bg: #0063DC;--bs-btn-border-color: #0063DC;--bs-btn-hover-color: #ffffff;--bs-btn-hover-bg: rgb(0, 84.15, 187);--bs-btn-hover-border-color: rgb(0, 79.2, 176);--bs-btn-focus-shadow-rgb: 38, 122, 225;--bs-btn-active-color: #ffffff;--bs-btn-active-bg: rgb(0, 79.2, 176);--bs-btn-active-border-color: rgb(0, 74.25, 165);--bs-btn-active-shadow: inset 0 3px 5px rgba(26, 26, 26, 0.125);--bs-btn-disabled-color: #ffffff;--bs-btn-disabled-bg: #0063DC;--bs-btn-disabled-border-color: #0063DC}.btn-github{--bs-btn-color: #ffffff;--bs-btn-bg: #181717;--bs-btn-border-color: #181717;--bs-btn-hover-color: #ffffff;--bs-btn-hover-bg: rgb(20.4, 19.55, 19.55);--bs-btn-hover-border-color: rgb(19.2, 18.4, 18.4);--bs-btn-focus-shadow-rgb: 59, 58, 58;--bs-btn-active-color: #ffffff;--bs-btn-active-bg: rgb(19.2, 18.4, 18.4);--bs-btn-active-border-color: rgb(18, 17.25, 17.25);--bs-btn-active-shadow: inset 0 3px 5px rgba(26, 26, 26, 0.125);--bs-btn-disabled-color: #ffffff;--bs-btn-disabled-bg: #181717;--bs-btn-disabled-border-color: #181717}.btn-google{--bs-btn-color: #ffffff;--bs-btn-bg: #DB4437;--bs-btn-border-color: #DB4437;--bs-btn-hover-color: #ffffff;--bs-btn-hover-bg: rgb(186.15, 57.8, 46.75);--bs-btn-hover-border-color: rgb(175.2, 54.4, 44);--bs-btn-focus-shadow-rgb: 224, 96, 85;--bs-btn-active-color: #ffffff;--bs-btn-active-bg: rgb(175.2, 54.4, 44);--bs-btn-active-border-color: rgb(164.25, 51, 41.25);--bs-btn-active-shadow: inset 0 3px 5px rgba(26, 26, 26, 0.125);--bs-btn-disabled-color: #ffffff;--bs-btn-disabled-bg: #DB4437;--bs-btn-disabled-border-color: #DB4437}.btn-instagram{--bs-btn-color: #ffffff;--bs-btn-bg: #E4405F;--bs-btn-border-color: #E4405F;--bs-btn-hover-color: #ffffff;--bs-btn-hover-bg: rgb(193.8, 54.4, 80.75);--bs-btn-hover-border-color: rgb(182.4, 51.2, 76);--bs-btn-focus-shadow-rgb: 232, 93, 119;--bs-btn-active-color: #ffffff;--bs-btn-active-bg: rgb(182.4, 51.2, 76);--bs-btn-active-border-color: rgb(171, 48, 71.25);--bs-btn-active-shadow: inset 0 3px 5px rgba(26, 26, 26, 0.125);--bs-btn-disabled-color: #ffffff;--bs-btn-disabled-bg: #E4405F;--bs-btn-disabled-border-color: #E4405F}.btn-pinterest{--bs-btn-color: #ffffff;--bs-btn-bg: #BD081C;--bs-btn-border-color: #BD081C;--bs-btn-hover-color: #ffffff;--bs-btn-hover-bg: rgb(160.65, 6.8, 23.8);--bs-btn-hover-border-color: rgb(151.2, 6.4, 22.4);--bs-btn-focus-shadow-rgb: 199, 45, 62;--bs-btn-active-color: #ffffff;--bs-btn-active-bg: rgb(151.2, 6.4, 22.4);--bs-btn-active-border-color: rgb(141.75, 6, 21);--bs-btn-active-shadow: inset 0 3px 5px rgba(26, 26, 26, 0.125);--bs-btn-disabled-color: #ffffff;--bs-btn-disabled-bg: #BD081C;--bs-btn-disabled-border-color: #BD081C}.btn-twitter{--bs-btn-color: #1a1a1a;--bs-btn-bg: #1DA1F2;--bs-btn-border-color: #1DA1F2;--bs-btn-hover-color: #1a1a1a;--bs-btn-hover-bg: rgb(62.9, 175.1, 243.95);--bs-btn-hover-border-color: rgb(51.6, 170.4, 243.3);--bs-btn-focus-shadow-rgb: 29, 141, 210;--bs-btn-active-color: #1a1a1a;--bs-btn-active-bg: rgb(74.2, 179.8, 244.6);--bs-btn-active-border-color: rgb(51.6, 170.4, 243.3);--bs-btn-active-shadow: inset 0 3px 5px rgba(26, 26, 26, 0.125);--bs-btn-disabled-color: #1a1a1a;--bs-btn-disabled-bg: #1DA1F2;--bs-btn-disabled-border-color: #1DA1F2}.btn-vimeo{--bs-btn-color: #1a1a1a;--bs-btn-bg: #1AB7EA;--bs-btn-border-color: #1AB7EA;--bs-btn-hover-color: #1a1a1a;--bs-btn-hover-bg: rgb(60.35, 193.8, 237.15);--bs-btn-hover-border-color: rgb(48.9, 190.2, 236.1);--bs-btn-focus-shadow-rgb: 26, 159, 203;--bs-btn-active-color: #1a1a1a;--bs-btn-active-bg: rgb(71.8, 197.4, 238.2);--bs-btn-active-border-color: rgb(48.9, 190.2, 236.1);--bs-btn-active-shadow: inset 0 3px 5px rgba(26, 26, 26, 0.125);--bs-btn-disabled-color: #1a1a1a;--bs-btn-disabled-bg: #1AB7EA;--bs-btn-disabled-border-color: #1AB7EA}.btn-youtube{--bs-btn-color: #ffffff;--bs-btn-bg: #FF0000;--bs-btn-border-color: #FF0000;--bs-btn-hover-color: #ffffff;--bs-btn-hover-bg: rgb(216.75, 0, 0);--bs-btn-hover-border-color: #cc0000;--bs-btn-focus-shadow-rgb: 255, 38, 38;--bs-btn-active-color: #ffffff;--bs-btn-active-bg: #cc0000;--bs-btn-active-border-color: rgb(191.25, 0, 0);--bs-btn-active-shadow: inset 0 3px 5px rgba(26, 26, 26, 0.125);--bs-btn-disabled-color: #ffffff;--bs-btn-disabled-bg: #FF0000;--bs-btn-disabled-border-color: #FF0000}.btn-outline-aqua{--bs-btn-color: #00FFFF;--bs-btn-border-color: #00FFFF;--bs-btn-hover-color: #1a1a1a;--bs-btn-hover-bg: #00FFFF;--bs-btn-hover-border-color: #00FFFF;--bs-btn-focus-shadow-rgb: 0, 255, 255;--bs-btn-active-color: #1a1a1a;--bs-btn-active-bg: #00FFFF;--bs-btn-active-border-color: #00FFFF;--bs-btn-active-shadow: inset 0 3px 5px rgba(26, 26, 26, 0.125);--bs-btn-disabled-color: #00FFFF;--bs-btn-disabled-bg: transparent;--bs-btn-disabled-border-color: #00FFFF;--bs-gradient: none}.btn-outline-beige{--bs-btn-color: #F5F5DC;--bs-btn-border-color: #F5F5DC;--bs-btn-hover-color: #1a1a1a;--bs-btn-hover-bg: #F5F5DC;--bs-btn-hover-border-color: #F5F5DC;--bs-btn-focus-shadow-rgb: 245, 245, 220;--bs-btn-active-color: #1a1a1a;--bs-btn-active-bg: #F5F5DC;--bs-btn-active-border-color: #F5F5DC;--bs-btn-active-shadow: inset 0 3px 5px rgba(26, 26, 26, 0.125);--bs-btn-disabled-color: #F5F5DC;--bs-btn-disabled-bg: transparent;--bs-btn-disabled-border-color: #F5F5DC;--bs-gradient: none}.btn-outline-bisque{--bs-btn-color: #FFE4C4;--bs-btn-border-color: #FFE4C4;--bs-btn-hover-color: #1a1a1a;--bs-btn-hover-bg: #FFE4C4;--bs-btn-hover-border-color: #FFE4C4;--bs-btn-focus-shadow-rgb: 255, 228, 196;--bs-btn-active-color: #1a1a1a;--bs-btn-active-bg: #FFE4C4;--bs-btn-active-border-color: #FFE4C4;--bs-btn-active-shadow: inset 0 3px 5px rgba(26, 26, 26, 0.125);--bs-btn-disabled-color: #FFE4C4;--bs-btn-disabled-bg: transparent;--bs-btn-disabled-border-color: #FFE4C4;--bs-gradient: none}.btn-outline-black{--bs-btn-color: #1a1a1a;--bs-btn-border-color: #1a1a1a;--bs-btn-hover-color: #ffffff;--bs-btn-hover-bg: #1a1a1a;--bs-btn-hover-border-color: #1a1a1a;--bs-btn-focus-shadow-rgb: 26, 26, 26;--bs-btn-active-color: #ffffff;--bs-btn-active-bg: #1a1a1a;--bs-btn-active-border-color: #1a1a1a;--bs-btn-active-shadow: inset 0 3px 5px rgba(26, 26, 26, 0.125);--bs-btn-disabled-color: #1a1a1a;--bs-btn-disabled-bg: transparent;--bs-btn-disabled-border-color: #1a1a1a;--bs-gradient: none}.btn-outline-blue{--bs-btn-color: #003876;--bs-btn-border-color: #003876;--bs-btn-hover-color: #ffffff;--bs-btn-hover-bg: #003876;--bs-btn-hover-border-color: #003876;--bs-btn-focus-shadow-rgb: 0, 56, 118;--bs-btn-active-color: #ffffff;--bs-btn-active-bg: #003876;--bs-btn-active-border-color: #003876;--bs-btn-active-shadow: inset 0 3px 5px rgba(26, 26, 26, 0.125);--bs-btn-disabled-color: #003876;--bs-btn-disabled-bg: transparent;--bs-btn-disabled-border-color: #003876;--bs-gradient: none}.btn-outline-blueviolet{--bs-btn-color: #8A2BE2;--bs-btn-border-color: #8A2BE2;--bs-btn-hover-color: #ffffff;--bs-btn-hover-bg: #8A2BE2;--bs-btn-hover-border-color: #8A2BE2;--bs-btn-focus-shadow-rgb: 138, 43, 226;--bs-btn-active-color: #ffffff;--bs-btn-active-bg: #8A2BE2;--bs-btn-active-border-color: #8A2BE2;--bs-btn-active-shadow: inset 0 3px 5px rgba(26, 26, 26, 0.125);--bs-btn-disabled-color: #8A2BE2;--bs-btn-disabled-bg: transparent;--bs-btn-disabled-border-color: #8A2BE2;--bs-gradient: none}.btn-outline-brown{--bs-btn-color: #A52A2A;--bs-btn-border-color: #A52A2A;--bs-btn-hover-color: #ffffff;--bs-btn-hover-bg: #A52A2A;--bs-btn-hover-border-color: #A52A2A;--bs-btn-focus-shadow-rgb: 165, 42, 42;--bs-btn-active-color: #ffffff;--bs-btn-active-bg: #A52A2A;--bs-btn-active-border-color: #A52A2A;--bs-btn-active-shadow: inset 0 3px 5px rgba(26, 26, 26, 0.125);--bs-btn-disabled-color: #A52A2A;--bs-btn-disabled-bg: transparent;--bs-btn-disabled-border-color: #A52A2A;--bs-gradient: none}.btn-outline-burly{--bs-btn-color: #DEB887;--bs-btn-border-color: #DEB887;--bs-btn-hover-color: #1a1a1a;--bs-btn-hover-bg: #DEB887;--bs-btn-hover-border-color: #DEB887;--bs-btn-focus-shadow-rgb: 222, 184, 135;--bs-btn-active-color: #1a1a1a;--bs-btn-active-bg: #DEB887;--bs-btn-active-border-color: #DEB887;--bs-btn-active-shadow: inset 0 3px 5px rgba(26, 26, 26, 0.125);--bs-btn-disabled-color: #DEB887;--bs-btn-disabled-bg: transparent;--bs-btn-disabled-border-color: #DEB887;--bs-gradient: none}.btn-outline-cadet{--bs-btn-color: #5F9EA0;--bs-btn-border-color: #5F9EA0;--bs-btn-hover-color: #ffffff;--bs-btn-hover-bg: #5F9EA0;--bs-btn-hover-border-color: #5F9EA0;--bs-btn-focus-shadow-rgb: 95, 158, 160;--bs-btn-active-color: #ffffff;--bs-btn-active-bg: #5F9EA0;--bs-btn-active-border-color: #5F9EA0;--bs-btn-active-shadow: inset 0 3px 5px rgba(26, 26, 26, 0.125);--bs-btn-disabled-color: #5F9EA0;--bs-btn-disabled-bg: transparent;--bs-btn-disabled-border-color: #5F9EA0;--bs-gradient: none}.btn-outline-charcoal{--bs-btn-color: #2B2F36;--bs-btn-border-color: #2B2F36;--bs-btn-hover-color: #ffffff;--bs-btn-hover-bg: #2B2F36;--bs-btn-hover-border-color: #2B2F36;--bs-btn-focus-shadow-rgb: 43, 47, 54;--bs-btn-active-color: #ffffff;--bs-btn-active-bg: #2B2F36;--bs-btn-active-border-color: #2B2F36;--bs-btn-active-shadow: inset 0 3px 5px rgba(26, 26, 26, 0.125);--bs-btn-disabled-color: #2B2F36;--bs-btn-disabled-bg: transparent;--bs-btn-disabled-border-color: #2B2F36;--bs-gradient: none}.btn-outline-chocolate{--bs-btn-color: #D2691E;--bs-btn-border-color: #D2691E;--bs-btn-hover-color: #ffffff;--bs-btn-hover-bg: #D2691E;--bs-btn-hover-border-color: #D2691E;--bs-btn-focus-shadow-rgb: 210, 105, 30;--bs-btn-active-color: #ffffff;--bs-btn-active-bg: #D2691E;--bs-btn-active-border-color: #D2691E;--bs-btn-active-shadow: inset 0 3px 5px rgba(26, 26, 26, 0.125);--bs-btn-disabled-color: #D2691E;--bs-btn-disabled-bg: transparent;--bs-btn-disabled-border-color: #D2691E;--bs-gradient: none}.btn-outline-coral{--bs-btn-color: #C65A4A;--bs-btn-border-color: #C65A4A;--bs-btn-hover-color: #ffffff;--bs-btn-hover-bg: #C65A4A;--bs-btn-hover-border-color: #C65A4A;--bs-btn-focus-shadow-rgb: 198, 90, 74;--bs-btn-active-color: #ffffff;--bs-btn-active-bg: #C65A4A;--bs-btn-active-border-color: #C65A4A;--bs-btn-active-shadow: inset 0 3px 5px rgba(26, 26, 26, 0.125);--bs-btn-disabled-color: #C65A4A;--bs-btn-disabled-bg: transparent;--bs-btn-disabled-border-color: #C65A4A;--bs-gradient: none}.btn-outline-crimson{--bs-btn-color: #DC143C;--bs-btn-border-color: #DC143C;--bs-btn-hover-color: #ffffff;--bs-btn-hover-bg: #DC143C;--bs-btn-hover-border-color: #DC143C;--bs-btn-focus-shadow-rgb: 220, 20, 60;--bs-btn-active-color: #ffffff;--bs-btn-active-bg: #DC143C;--bs-btn-active-border-color: #DC143C;--bs-btn-active-shadow: inset 0 3px 5px rgba(26, 26, 26, 0.125);--bs-btn-disabled-color: #DC143C;--bs-btn-disabled-bg: transparent;--bs-btn-disabled-border-color: #DC143C;--bs-gradient: none}.btn-outline-cyan{--bs-btn-color: #00FFFF;--bs-btn-border-color: #00FFFF;--bs-btn-hover-color: #1a1a1a;--bs-btn-hover-bg: #00FFFF;--bs-btn-hover-border-color: #00FFFF;--bs-btn-focus-shadow-rgb: 0, 255, 255;--bs-btn-active-color: #1a1a1a;--bs-btn-active-bg: #00FFFF;--bs-btn-active-border-color: #00FFFF;--bs-btn-active-shadow: inset 0 3px 5px rgba(26, 26, 26, 0.125);--bs-btn-disabled-color: #00FFFF;--bs-btn-disabled-bg: transparent;--bs-btn-disabled-border-color: #00FFFF;--bs-gradient: none}.btn-outline-danger{--bs-btn-color: #CE1126;--bs-btn-border-color: #CE1126;--bs-btn-hover-color: #ffffff;--bs-btn-hover-bg: #CE1126;--bs-btn-hover-border-color: #CE1126;--bs-btn-focus-shadow-rgb: 206, 17, 38;--bs-btn-active-color: #ffffff;--bs-btn-active-bg: #CE1126;--bs-btn-active-border-color: #CE1126;--bs-btn-active-shadow: inset 0 3px 5px rgba(26, 26, 26, 0.125);--bs-btn-disabled-color: #CE1126;--bs-btn-disabled-bg: transparent;--bs-btn-disabled-border-color: #CE1126;--bs-gradient: none}.btn-outline-dark{--bs-btn-color: #2B2F36;--bs-btn-border-color: #2B2F36;--bs-btn-hover-color: #ffffff;--bs-btn-hover-bg: #2B2F36;--bs-btn-hover-border-color: #2B2F36;--bs-btn-focus-shadow-rgb: 43, 47, 54;--bs-btn-active-color: #ffffff;--bs-btn-active-bg: #2B2F36;--bs-btn-active-border-color: #2B2F36;--bs-btn-active-shadow: inset 0 3px 5px rgba(26, 26, 26, 0.125);--bs-btn-disabled-color: #2B2F36;--bs-btn-disabled-bg: transparent;--bs-btn-disabled-border-color: #2B2F36;--bs-gradient: none}.btn-outline-deep{--bs-btn-color: #FF1493;--bs-btn-border-color: #FF1493;--bs-btn-hover-color: #ffffff;--bs-btn-hover-bg: #FF1493;--bs-btn-hover-border-color: #FF1493;--bs-btn-focus-shadow-rgb: 255, 20, 147;--bs-btn-active-color: #ffffff;--bs-btn-active-bg: #FF1493;--bs-btn-active-border-color: #FF1493;--bs-btn-active-shadow: inset 0 3px 5px rgba(26, 26, 26, 0.125);--bs-btn-disabled-color: #FF1493;--bs-btn-disabled-bg: transparent;--bs-btn-disabled-border-color: #FF1493;--bs-gradient: none}.btn-outline-dodger{--bs-btn-color: #1E90FF;--bs-btn-border-color: #1E90FF;--bs-btn-hover-color: #ffffff;--bs-btn-hover-bg: #1E90FF;--bs-btn-hover-border-color: #1E90FF;--bs-btn-focus-shadow-rgb: 30, 144, 255;--bs-btn-active-color: #ffffff;--bs-btn-active-bg: #1E90FF;--bs-btn-active-border-color: #1E90FF;--bs-btn-active-shadow: inset 0 3px 5px rgba(26, 26, 26, 0.125);--bs-btn-disabled-color: #1E90FF;--bs-btn-disabled-bg: transparent;--bs-btn-disabled-border-color: #1E90FF;--bs-gradient: none}.btn-outline-fire{--bs-btn-color: #B22222;--bs-btn-border-color: #B22222;--bs-btn-hover-color: #ffffff;--bs-btn-hover-bg: #B22222;--bs-btn-hover-border-color: #B22222;--bs-btn-focus-shadow-rgb: 178, 34, 34;--bs-btn-active-color: #ffffff;--bs-btn-active-bg: #B22222;--bs-btn-active-border-color: #B22222;--bs-btn-active-shadow: inset 0 3px 5px rgba(26, 26, 26, 0.125);--bs-btn-disabled-color: #B22222;--bs-btn-disabled-bg: transparent;--bs-btn-disabled-border-color: #B22222;--bs-gradient: none}.btn-outline-gold{--bs-btn-color: #C9A227;--bs-btn-border-color: #C9A227;--bs-btn-hover-color: #1a1a1a;--bs-btn-hover-bg: #C9A227;--bs-btn-hover-border-color: #C9A227;--bs-btn-focus-shadow-rgb: 201, 162, 39;--bs-btn-active-color: #1a1a1a;--bs-btn-active-bg: #C9A227;--bs-btn-active-border-color: #C9A227;--bs-btn-active-shadow: inset 0 3px 5px rgba(26, 26, 26, 0.125);--bs-btn-disabled-color: #C9A227;--bs-btn-disabled-bg: transparent;--bs-btn-disabled-border-color: #C9A227;--bs-gradient: none}.btn-outline-goldenrod{--bs-btn-color: #DAA520;--bs-btn-border-color: #DAA520;--bs-btn-hover-color: #1a1a1a;--bs-btn-hover-bg: #DAA520;--bs-btn-hover-border-color: #DAA520;--bs-btn-focus-shadow-rgb: 218, 165, 32;--bs-btn-active-color: #1a1a1a;--bs-btn-active-bg: #DAA520;--bs-btn-active-border-color: #DAA520;--bs-btn-active-shadow: inset 0 3px 5px rgba(26, 26, 26, 0.125);--bs-btn-disabled-color: #DAA520;--bs-btn-disabled-bg: transparent;--bs-btn-disabled-border-color: #DAA520;--bs-gradient: none}.btn-outline-gray{--bs-btn-color: #708090;--bs-btn-border-color: #708090;--bs-btn-hover-color: #ffffff;--bs-btn-hover-bg: #708090;--bs-btn-hover-border-color: #708090;--bs-btn-focus-shadow-rgb: 112, 128, 144;--bs-btn-active-color: #ffffff;--bs-btn-active-bg: #708090;--bs-btn-active-border-color: #708090;--bs-btn-active-shadow: inset 0 3px 5px rgba(26, 26, 26, 0.125);--bs-btn-disabled-color: #708090;--bs-btn-disabled-bg: transparent;--bs-btn-disabled-border-color: #708090;--bs-gradient: none}.btn-outline-green{--bs-btn-color: #087208;--bs-btn-border-color: #087208;--bs-btn-hover-color: #ffffff;--bs-btn-hover-bg: #087208;--bs-btn-hover-border-color: #087208;--bs-btn-focus-shadow-rgb: 8, 114, 8;--bs-btn-active-color: #ffffff;--bs-btn-active-bg: #087208;--bs-btn-active-border-color: #087208;--bs-btn-active-shadow: inset 0 3px 5px rgba(26, 26, 26, 0.125);--bs-btn-disabled-color: #087208;--bs-btn-disabled-bg: transparent;--bs-btn-disabled-border-color: #087208;--bs-gradient: none}.btn-outline-indian{--bs-btn-color: #CD5C5C;--bs-btn-border-color: #CD5C5C;--bs-btn-hover-color: #ffffff;--bs-btn-hover-bg: #CD5C5C;--bs-btn-hover-border-color: #CD5C5C;--bs-btn-focus-shadow-rgb: 205, 92, 92;--bs-btn-active-color: #ffffff;--bs-btn-active-bg: #CD5C5C;--bs-btn-active-border-color: #CD5C5C;--bs-btn-active-shadow: inset 0 3px 5px rgba(26, 26, 26, 0.125);--bs-btn-disabled-color: #CD5C5C;--bs-btn-disabled-bg: transparent;--bs-btn-disabled-border-color: #CD5C5C;--bs-gradient: none}.btn-outline-indigo{--bs-btn-color: #0a0a0a;--bs-btn-border-color: #0a0a0a;--bs-btn-hover-color: #ffffff;--bs-btn-hover-bg: #0a0a0a;--bs-btn-hover-border-color: #0a0a0a;--bs-btn-focus-shadow-rgb: 10, 10, 10;--bs-btn-active-color: #ffffff;--bs-btn-active-bg: #0a0a0a;--bs-btn-active-border-color: #0a0a0a;--bs-btn-active-shadow: inset 0 3px 5px rgba(26, 26, 26, 0.125);--bs-btn-disabled-color: #0a0a0a;--bs-btn-disabled-bg: transparent;--bs-btn-disabled-border-color: #0a0a0a;--bs-gradient: none}.btn-outline-info{--bs-btn-color: #00FFFF;--bs-btn-border-color: #00FFFF;--bs-btn-hover-color: #1a1a1a;--bs-btn-hover-bg: #00FFFF;--bs-btn-hover-border-color: #00FFFF;--bs-btn-focus-shadow-rgb: 0, 255, 255;--bs-btn-active-color: #1a1a1a;--bs-btn-active-bg: #00FFFF;--bs-btn-active-border-color: #00FFFF;--bs-btn-active-shadow: inset 0 3px 5px rgba(26, 26, 26, 0.125);--bs-btn-disabled-color: #00FFFF;--bs-btn-disabled-bg: transparent;--bs-btn-disabled-border-color: #00FFFF;--bs-gradient: none}.btn-outline-lemon{--bs-btn-color: #FFFACD;--bs-btn-border-color: #FFFACD;--bs-btn-hover-color: #1a1a1a;--bs-btn-hover-bg: #FFFACD;--bs-btn-hover-border-color: #FFFACD;--bs-btn-focus-shadow-rgb: 255, 250, 205;--bs-btn-active-color: #1a1a1a;--bs-btn-active-bg: #FFFACD;--bs-btn-active-border-color: #FFFACD;--bs-btn-active-shadow: inset 0 3px 5px rgba(26, 26, 26, 0.125);--bs-btn-disabled-color: #FFFACD;--bs-btn-disabled-bg: transparent;--bs-btn-disabled-border-color: #FFFACD;--bs-gradient: none}.btn-outline-light{--bs-btn-color: #f5f7fb;--bs-btn-border-color: #f5f7fb;--bs-btn-hover-color: #1a1a1a;--bs-btn-hover-bg: #f5f7fb;--bs-btn-hover-border-color: #f5f7fb;--bs-btn-focus-shadow-rgb: 245, 247, 251;--bs-btn-active-color: #1a1a1a;--bs-btn-active-bg: #f5f7fb;--bs-btn-active-border-color: #f5f7fb;--bs-btn-active-shadow: inset 0 3px 5px rgba(26, 26, 26, 0.125);--bs-btn-disabled-color: #f5f7fb;--bs-btn-disabled-bg: transparent;--bs-btn-disabled-border-color: #f5f7fb;--bs-gradient: none}.btn-outline-lime{--bs-btn-color: #00FF00;--bs-btn-border-color: #00FF00;--bs-btn-hover-color: #1a1a1a;--bs-btn-hover-bg: #00FF00;--bs-btn-hover-border-color: #00FF00;--bs-btn-focus-shadow-rgb: 0, 255, 0;--bs-btn-active-color: #1a1a1a;--bs-btn-active-bg: #00FF00;--bs-btn-active-border-color: #00FF00;--bs-btn-active-shadow: inset 0 3px 5px rgba(26, 26, 26, 0.125);--bs-btn-disabled-color: #00FF00;--bs-btn-disabled-bg: transparent;--bs-btn-disabled-border-color: #00FF00;--bs-gradient: none}.btn-outline-magenta{--bs-btn-color: #FF00FF;--bs-btn-border-color: #FF00FF;--bs-btn-hover-color: #ffffff;--bs-btn-hover-bg: #FF00FF;--bs-btn-hover-border-color: #FF00FF;--bs-btn-focus-shadow-rgb: 255, 0, 255;--bs-btn-active-color: #ffffff;--bs-btn-active-bg: #FF00FF;--bs-btn-active-border-color: #FF00FF;--bs-btn-active-shadow: inset 0 3px 5px rgba(26, 26, 26, 0.125);--bs-btn-disabled-color: #FF00FF;--bs-btn-disabled-bg: transparent;--bs-btn-disabled-border-color: #FF00FF;--bs-gradient: none}.btn-outline-maroon{--bs-btn-color: #800000;--bs-btn-border-color: #800000;--bs-btn-hover-color: #ffffff;--bs-btn-hover-bg: #800000;--bs-btn-hover-border-color: #800000;--bs-btn-focus-shadow-rgb: 128, 0, 0;--bs-btn-active-color: #ffffff;--bs-btn-active-bg: #800000;--bs-btn-active-border-color: #800000;--bs-btn-active-shadow: inset 0 3px 5px rgba(26, 26, 26, 0.125);--bs-btn-disabled-color: #800000;--bs-btn-disabled-bg: transparent;--bs-btn-disabled-border-color: #800000;--bs-gradient: none}.btn-outline-midnight{--bs-btn-color: #191970;--bs-btn-border-color: #191970;--bs-btn-hover-color: #ffffff;--bs-btn-hover-bg: #191970;--bs-btn-hover-border-color: #191970;--bs-btn-focus-shadow-rgb: 25, 25, 112;--bs-btn-active-color: #ffffff;--bs-btn-active-bg: #191970;--bs-btn-active-border-color: #191970;--bs-btn-active-shadow: inset 0 3px 5px rgba(26, 26, 26, 0.125);--bs-btn-disabled-color: #191970;--bs-btn-disabled-bg: transparent;--bs-btn-disabled-border-color: #191970;--bs-gradient: none}.btn-outline-mint{--bs-btn-color: #5FB3A2;--bs-btn-border-color: #5FB3A2;--bs-btn-hover-color: #1a1a1a;--bs-btn-hover-bg: #5FB3A2;--bs-btn-hover-border-color: #5FB3A2;--bs-btn-focus-shadow-rgb: 95, 179, 162;--bs-btn-active-color: #1a1a1a;--bs-btn-active-bg: #5FB3A2;--bs-btn-active-border-color: #5FB3A2;--bs-btn-active-shadow: inset 0 3px 5px rgba(26, 26, 26, 0.125);--bs-btn-disabled-color: #5FB3A2;--bs-btn-disabled-bg: transparent;--bs-btn-disabled-border-color: #5FB3A2;--bs-gradient: none}.btn-outline-moccasin{--bs-btn-color: #FFE4B5;--bs-btn-border-color: #FFE4B5;--bs-btn-hover-color: #1a1a1a;--bs-btn-hover-bg: #FFE4B5;--bs-btn-hover-border-color: #FFE4B5;--bs-btn-focus-shadow-rgb: 255, 228, 181;--bs-btn-active-color: #1a1a1a;--bs-btn-active-bg: #FFE4B5;--bs-btn-active-border-color: #FFE4B5;--bs-btn-active-shadow: inset 0 3px 5px rgba(26, 26, 26, 0.125);--bs-btn-disabled-color: #FFE4B5;--bs-btn-disabled-bg: transparent;--bs-btn-disabled-border-color: #FFE4B5;--bs-gradient: none}.btn-outline-navy{--bs-btn-color: #183A5D;--bs-btn-border-color: #183A5D;--bs-btn-hover-color: #ffffff;--bs-btn-hover-bg: #183A5D;--bs-btn-hover-border-color: #183A5D;--bs-btn-focus-shadow-rgb: 24, 58, 93;--bs-btn-active-color: #ffffff;--bs-btn-active-bg: #183A5D;--bs-btn-active-border-color: #183A5D;--bs-btn-active-shadow: inset 0 3px 5px rgba(26, 26, 26, 0.125);--bs-btn-disabled-color: #183A5D;--bs-btn-disabled-bg: transparent;--bs-btn-disabled-border-color: #183A5D;--bs-gradient: none}.btn-outline-navajo{--bs-btn-color: #FFDEAD;--bs-btn-border-color: #FFDEAD;--bs-btn-hover-color: #1a1a1a;--bs-btn-hover-bg: #FFDEAD;--bs-btn-hover-border-color: #FFDEAD;--bs-btn-focus-shadow-rgb: 255, 222, 173;--bs-btn-active-color: #1a1a1a;--bs-btn-active-bg: #FFDEAD;--bs-btn-active-border-color: #FFDEAD;--bs-btn-active-shadow: inset 0 3px 5px rgba(26, 26, 26, 0.125);--bs-btn-disabled-color: #FFDEAD;--bs-btn-disabled-bg: transparent;--bs-btn-disabled-border-color: #FFDEAD;--bs-gradient: none}.btn-outline-olive{--bs-btn-color: #7A8F3A;--bs-btn-border-color: #7A8F3A;--bs-btn-hover-color: #ffffff;--bs-btn-hover-bg: #7A8F3A;--bs-btn-hover-border-color: #7A8F3A;--bs-btn-focus-shadow-rgb: 122, 143, 58;--bs-btn-active-color: #ffffff;--bs-btn-active-bg: #7A8F3A;--bs-btn-active-border-color: #7A8F3A;--bs-btn-active-shadow: inset 0 3px 5px rgba(26, 26, 26, 0.125);--bs-btn-disabled-color: #7A8F3A;--bs-btn-disabled-bg: transparent;--bs-btn-disabled-border-color: #7A8F3A;--bs-gradient: none}.btn-outline-orange{--bs-btn-color: #fe5000;--bs-btn-border-color: #fe5000;--bs-btn-hover-color: #ffffff;--bs-btn-hover-bg: #fe5000;--bs-btn-hover-border-color: #fe5000;--bs-btn-focus-shadow-rgb: 254, 80, 0;--bs-btn-active-color: #ffffff;--bs-btn-active-bg: #fe5000;--bs-btn-active-border-color: #fe5000;--bs-btn-active-shadow: inset 0 3px 5px rgba(26, 26, 26, 0.125);--bs-btn-disabled-color: #fe5000;--bs-btn-disabled-bg: transparent;--bs-btn-disabled-border-color: #fe5000;--bs-gradient: none}.btn-outline-orangered{--bs-btn-color: #FF4500;--bs-btn-border-color: #FF4500;--bs-btn-hover-color: #ffffff;--bs-btn-hover-bg: #FF4500;--bs-btn-hover-border-color: #FF4500;--bs-btn-focus-shadow-rgb: 255, 69, 0;--bs-btn-active-color: #ffffff;--bs-btn-active-bg: #FF4500;--bs-btn-active-border-color: #FF4500;--bs-btn-active-shadow: inset 0 3px 5px rgba(26, 26, 26, 0.125);--bs-btn-disabled-color: #FF4500;--bs-btn-disabled-bg: transparent;--bs-btn-disabled-border-color: #FF4500;--bs-gradient: none}.btn-outline-papaya{--bs-btn-color: #FFEFD5;--bs-btn-border-color: #FFEFD5;--bs-btn-hover-color: #1a1a1a;--bs-btn-hover-bg: #FFEFD5;--bs-btn-hover-border-color: #FFEFD5;--bs-btn-focus-shadow-rgb: 255, 239, 213;--bs-btn-active-color: #1a1a1a;--bs-btn-active-bg: #FFEFD5;--bs-btn-active-border-color: #FFEFD5;--bs-btn-active-shadow: inset 0 3px 5px rgba(26, 26, 26, 0.125);--bs-btn-disabled-color: #FFEFD5;--bs-btn-disabled-bg: transparent;--bs-btn-disabled-border-color: #FFEFD5;--bs-gradient: none}.btn-outline-peru{--bs-btn-color: #CD853F;--bs-btn-border-color: #CD853F;--bs-btn-hover-color: #1a1a1a;--bs-btn-hover-bg: #CD853F;--bs-btn-hover-border-color: #CD853F;--bs-btn-focus-shadow-rgb: 205, 133, 63;--bs-btn-active-color: #1a1a1a;--bs-btn-active-bg: #CD853F;--bs-btn-active-border-color: #CD853F;--bs-btn-active-shadow: inset 0 3px 5px rgba(26, 26, 26, 0.125);--bs-btn-disabled-color: #CD853F;--bs-btn-disabled-bg: transparent;--bs-btn-disabled-border-color: #CD853F;--bs-gradient: none}.btn-outline-pink{--bs-btn-color: #FF69B4;--bs-btn-border-color: #FF69B4;--bs-btn-hover-color: #1a1a1a;--bs-btn-hover-bg: #FF69B4;--bs-btn-hover-border-color: #FF69B4;--bs-btn-focus-shadow-rgb: 255, 105, 180;--bs-btn-active-color: #1a1a1a;--bs-btn-active-bg: #FF69B4;--bs-btn-active-border-color: #FF69B4;--bs-btn-active-shadow: inset 0 3px 5px rgba(26, 26, 26, 0.125);--bs-btn-disabled-color: #FF69B4;--bs-btn-disabled-bg: transparent;--bs-btn-disabled-border-color: #FF69B4;--bs-gradient: none}.btn-outline-primary{--bs-btn-color: #003876;--bs-btn-border-color: #003876;--bs-btn-hover-color: #ffffff;--bs-btn-hover-bg: #003876;--bs-btn-hover-border-color: #003876;--bs-btn-focus-shadow-rgb: 0, 56, 118;--bs-btn-active-color: #ffffff;--bs-btn-active-bg: #003876;--bs-btn-active-border-color: #003876;--bs-btn-active-shadow: inset 0 3px 5px rgba(26, 26, 26, 0.125);--bs-btn-disabled-color: #003876;--bs-btn-disabled-bg: transparent;--bs-btn-disabled-border-color: #003876;--bs-gradient: none}.btn-outline-purple{--bs-btn-color: #800080;--bs-btn-border-color: #800080;--bs-btn-hover-color: #ffffff;--bs-btn-hover-bg: #800080;--bs-btn-hover-border-color: #800080;--bs-btn-focus-shadow-rgb: 128, 0, 128;--bs-btn-active-color: #ffffff;--bs-btn-active-bg: #800080;--bs-btn-active-border-color: #800080;--bs-btn-active-shadow: inset 0 3px 5px rgba(26, 26, 26, 0.125);--bs-btn-disabled-color: #800080;--bs-btn-disabled-bg: transparent;--bs-btn-disabled-border-color: #800080;--bs-gradient: none}.btn-outline-red{--bs-btn-color: #CE1126;--bs-btn-border-color: #CE1126;--bs-btn-hover-color: #ffffff;--bs-btn-hover-bg: #CE1126;--bs-btn-hover-border-color: #CE1126;--bs-btn-focus-shadow-rgb: 206, 17, 38;--bs-btn-active-color: #ffffff;--bs-btn-active-bg: #CE1126;--bs-btn-active-border-color: #CE1126;--bs-btn-active-shadow: inset 0 3px 5px rgba(26, 26, 26, 0.125);--bs-btn-disabled-color: #CE1126;--bs-btn-disabled-bg: transparent;--bs-btn-disabled-border-color: #CE1126;--bs-gradient: none}.btn-outline-rose{--bs-btn-color: #B85C7A;--bs-btn-border-color: #B85C7A;--bs-btn-hover-color: #ffffff;--bs-btn-hover-bg: #B85C7A;--bs-btn-hover-border-color: #B85C7A;--bs-btn-focus-shadow-rgb: 184, 92, 122;--bs-btn-active-color: #ffffff;--bs-btn-active-bg: #B85C7A;--bs-btn-active-border-color: #B85C7A;--bs-btn-active-shadow: inset 0 3px 5px rgba(26, 26, 26, 0.125);--bs-btn-disabled-color: #B85C7A;--bs-btn-disabled-bg: transparent;--bs-btn-disabled-border-color: #B85C7A;--bs-gradient: none}.btn-outline-royal{--bs-btn-color: #4169E1;--bs-btn-border-color: #4169E1;--bs-btn-hover-color: #ffffff;--bs-btn-hover-bg: #4169E1;--bs-btn-hover-border-color: #4169E1;--bs-btn-focus-shadow-rgb: 65, 105, 225;--bs-btn-active-color: #ffffff;--bs-btn-active-bg: #4169E1;--bs-btn-active-border-color: #4169E1;--bs-btn-active-shadow: inset 0 3px 5px rgba(26, 26, 26, 0.125);--bs-btn-disabled-color: #4169E1;--bs-btn-disabled-bg: transparent;--bs-btn-disabled-border-color: #4169E1;--bs-gradient: none}.btn-outline-salmon{--bs-btn-color: #FA8072;--bs-btn-border-color: #FA8072;--bs-btn-hover-color: #1a1a1a;--bs-btn-hover-bg: #FA8072;--bs-btn-hover-border-color: #FA8072;--bs-btn-focus-shadow-rgb: 250, 128, 114;--bs-btn-active-color: #1a1a1a;--bs-btn-active-bg: #FA8072;--bs-btn-active-border-color: #FA8072;--bs-btn-active-shadow: inset 0 3px 5px rgba(26, 26, 26, 0.125);--bs-btn-disabled-color: #FA8072;--bs-btn-disabled-bg: transparent;--bs-btn-disabled-border-color: #FA8072;--bs-gradient: none}.btn-outline-sand{--bs-btn-color: #E6D8C3;--bs-btn-border-color: #E6D8C3;--bs-btn-hover-color: #1a1a1a;--bs-btn-hover-bg: #E6D8C3;--bs-btn-hover-border-color: #E6D8C3;--bs-btn-focus-shadow-rgb: 230, 216, 195;--bs-btn-active-color: #1a1a1a;--bs-btn-active-bg: #E6D8C3;--bs-btn-active-border-color: #E6D8C3;--bs-btn-active-shadow: inset 0 3px 5px rgba(26, 26, 26, 0.125);--bs-btn-disabled-color: #E6D8C3;--bs-btn-disabled-bg: transparent;--bs-btn-disabled-border-color: #E6D8C3;--bs-gradient: none}.btn-outline-secondary{--bs-btn-color: #6c757d;--bs-btn-border-color: #6c757d;--bs-btn-hover-color: #ffffff;--bs-btn-hover-bg: #6c757d;--bs-btn-hover-border-color: #6c757d;--bs-btn-focus-shadow-rgb: 108, 117, 125;--bs-btn-active-color: #ffffff;--bs-btn-active-bg: #6c757d;--bs-btn-active-border-color: #6c757d;--bs-btn-active-shadow: inset 0 3px 5px rgba(26, 26, 26, 0.125);--bs-btn-disabled-color: #6c757d;--bs-btn-disabled-bg: transparent;--bs-btn-disabled-border-color: #6c757d;--bs-gradient: none}.btn-outline-sienna{--bs-btn-color: #A0522D;--bs-btn-border-color: #A0522D;--bs-btn-hover-color: #ffffff;--bs-btn-hover-bg: #A0522D;--bs-btn-hover-border-color: #A0522D;--bs-btn-focus-shadow-rgb: 160, 82, 45;--bs-btn-active-color: #ffffff;--bs-btn-active-bg: #A0522D;--bs-btn-active-border-color: #A0522D;--bs-btn-active-shadow: inset 0 3px 5px rgba(26, 26, 26, 0.125);--bs-btn-disabled-color: #A0522D;--bs-btn-disabled-bg: transparent;--bs-btn-disabled-border-color: #A0522D;--bs-gradient: none}.btn-outline-silver{--bs-btn-color: #C0C0C0;--bs-btn-border-color: #C0C0C0;--bs-btn-hover-color: #1a1a1a;--bs-btn-hover-bg: #C0C0C0;--bs-btn-hover-border-color: #C0C0C0;--bs-btn-focus-shadow-rgb: 192, 192, 192;--bs-btn-active-color: #1a1a1a;--bs-btn-active-bg: #C0C0C0;--bs-btn-active-border-color: #C0C0C0;--bs-btn-active-shadow: inset 0 3px 5px rgba(26, 26, 26, 0.125);--bs-btn-disabled-color: #C0C0C0;--bs-btn-disabled-bg: transparent;--bs-btn-disabled-border-color: #C0C0C0;--bs-gradient: none}.btn-outline-sky{--bs-btn-color: #6FA3D8;--bs-btn-border-color: #6FA3D8;--bs-btn-hover-color: #1a1a1a;--bs-btn-hover-bg: #6FA3D8;--bs-btn-hover-border-color: #6FA3D8;--bs-btn-focus-shadow-rgb: 111, 163, 216;--bs-btn-active-color: #1a1a1a;--bs-btn-active-bg: #6FA3D8;--bs-btn-active-border-color: #6FA3D8;--bs-btn-active-shadow: inset 0 3px 5px rgba(26, 26, 26, 0.125);--bs-btn-disabled-color: #6FA3D8;--bs-btn-disabled-bg: transparent;--bs-btn-disabled-border-color: #6FA3D8;--bs-gradient: none}.btn-outline-slate{--bs-btn-color: #4A5D73;--bs-btn-border-color: #4A5D73;--bs-btn-hover-color: #ffffff;--bs-btn-hover-bg: #4A5D73;--bs-btn-hover-border-color: #4A5D73;--bs-btn-focus-shadow-rgb: 74, 93, 115;--bs-btn-active-color: #ffffff;--bs-btn-active-bg: #4A5D73;--bs-btn-active-border-color: #4A5D73;--bs-btn-active-shadow: inset 0 3px 5px rgba(26, 26, 26, 0.125);--bs-btn-disabled-color: #4A5D73;--bs-btn-disabled-bg: transparent;--bs-btn-disabled-border-color: #4A5D73;--bs-gradient: none}.btn-outline-success{--bs-btn-color: #198754;--bs-btn-border-color: #198754;--bs-btn-hover-color: #ffffff;--bs-btn-hover-bg: #198754;--bs-btn-hover-border-color: #198754;--bs-btn-focus-shadow-rgb: 25, 135, 84;--bs-btn-active-color: #ffffff;--bs-btn-active-bg: #198754;--bs-btn-active-border-color: #198754;--bs-btn-active-shadow: inset 0 3px 5px rgba(26, 26, 26, 0.125);--bs-btn-disabled-color: #198754;--bs-btn-disabled-bg: transparent;--bs-btn-disabled-border-color: #198754;--bs-gradient: none}.btn-outline-tan{--bs-btn-color: #D2B48C;--bs-btn-border-color: #D2B48C;--bs-btn-hover-color: #1a1a1a;--bs-btn-hover-bg: #D2B48C;--bs-btn-hover-border-color: #D2B48C;--bs-btn-focus-shadow-rgb: 210, 180, 140;--bs-btn-active-color: #1a1a1a;--bs-btn-active-bg: #D2B48C;--bs-btn-active-border-color: #D2B48C;--bs-btn-active-shadow: inset 0 3px 5px rgba(26, 26, 26, 0.125);--bs-btn-disabled-color: #D2B48C;--bs-btn-disabled-bg: transparent;--bs-btn-disabled-border-color: #D2B48C;--bs-gradient: none}.btn-outline-teal{--bs-btn-color: #008080;--bs-btn-border-color: #008080;--bs-btn-hover-color: #ffffff;--bs-btn-hover-bg: #008080;--bs-btn-hover-border-color: #008080;--bs-btn-focus-shadow-rgb: 0, 128, 128;--bs-btn-active-color: #ffffff;--bs-btn-active-bg: #008080;--bs-btn-active-border-color: #008080;--bs-btn-active-shadow: inset 0 3px 5px rgba(26, 26, 26, 0.125);--bs-btn-disabled-color: #008080;--bs-btn-disabled-bg: transparent;--bs-btn-disabled-border-color: #008080;--bs-gradient: none}.btn-outline-tomato{--bs-btn-color: #FF6347;--bs-btn-border-color: #FF6347;--bs-btn-hover-color: #1a1a1a;--bs-btn-hover-bg: #FF6347;--bs-btn-hover-border-color: #FF6347;--bs-btn-focus-shadow-rgb: 255, 99, 71;--bs-btn-active-color: #1a1a1a;--bs-btn-active-bg: #FF6347;--bs-btn-active-border-color: #FF6347;--bs-btn-active-shadow: inset 0 3px 5px rgba(26, 26, 26, 0.125);--bs-btn-disabled-color: #FF6347;--bs-btn-disabled-bg: transparent;--bs-btn-disabled-border-color: #FF6347;--bs-gradient: none}.btn-outline-turquoise{--bs-btn-color: #40E0D0;--bs-btn-border-color: #40E0D0;--bs-btn-hover-color: #1a1a1a;--bs-btn-hover-bg: #40E0D0;--bs-btn-hover-border-color: #40E0D0;--bs-btn-focus-shadow-rgb: 64, 224, 208;--bs-btn-active-color: #1a1a1a;--bs-btn-active-bg: #40E0D0;--bs-btn-active-border-color: #40E0D0;--bs-btn-active-shadow: inset 0 3px 5px rgba(26, 26, 26, 0.125);--bs-btn-disabled-color: #40E0D0;--bs-btn-disabled-bg: transparent;--bs-btn-disabled-border-color: #40E0D0;--bs-gradient: none}.btn-outline-violet{--bs-btn-color: #EE82EE;--bs-btn-border-color: #EE82EE;--bs-btn-hover-color: #1a1a1a;--bs-btn-hover-bg: #EE82EE;--bs-btn-hover-border-color: #EE82EE;--bs-btn-focus-shadow-rgb: 238, 130, 238;--bs-btn-active-color: #1a1a1a;--bs-btn-active-bg: #EE82EE;--bs-btn-active-border-color: #EE82EE;--bs-btn-active-shadow: inset 0 3px 5px rgba(26, 26, 26, 0.125);--bs-btn-disabled-color: #EE82EE;--bs-btn-disabled-bg: transparent;--bs-btn-disabled-border-color: #EE82EE;--bs-gradient: none}.btn-outline-violetred{--bs-btn-color: #C71585;--bs-btn-border-color: #C71585;--bs-btn-hover-color: #ffffff;--bs-btn-hover-bg: #C71585;--bs-btn-hover-border-color: #C71585;--bs-btn-focus-shadow-rgb: 199, 21, 133;--bs-btn-active-color: #ffffff;--bs-btn-active-bg: #C71585;--bs-btn-active-border-color: #C71585;--bs-btn-active-shadow: inset 0 3px 5px rgba(26, 26, 26, 0.125);--bs-btn-disabled-color: #C71585;--bs-btn-disabled-bg: transparent;--bs-btn-disabled-border-color: #C71585;--bs-gradient: none}.btn-outline-warning{--bs-btn-color: #ffc107;--bs-btn-border-color: #ffc107;--bs-btn-hover-color: #1a1a1a;--bs-btn-hover-bg: #ffc107;--bs-btn-hover-border-color: #ffc107;--bs-btn-focus-shadow-rgb: 255, 193, 7;--bs-btn-active-color: #1a1a1a;--bs-btn-active-bg: #ffc107;--bs-btn-active-border-color: #ffc107;--bs-btn-active-shadow: inset 0 3px 5px rgba(26, 26, 26, 0.125);--bs-btn-disabled-color: #ffc107;--bs-btn-disabled-bg: transparent;--bs-btn-disabled-border-color: #ffc107;--bs-gradient: none}.btn-outline-yellow{--bs-btn-color: #efdf00;--bs-btn-border-color: #efdf00;--bs-btn-hover-color: #1a1a1a;--bs-btn-hover-bg: #efdf00;--bs-btn-hover-border-color: #efdf00;--bs-btn-focus-shadow-rgb: 239, 223, 0;--bs-btn-active-color: #1a1a1a;--bs-btn-active-bg: #efdf00;--bs-btn-active-border-color: #efdf00;--bs-btn-active-shadow: inset 0 3px 5px rgba(26, 26, 26, 0.125);--bs-btn-disabled-color: #efdf00;--bs-btn-disabled-bg: transparent;--bs-btn-disabled-border-color: #efdf00;--bs-gradient: none}.btn-outline-bitbucket{--bs-btn-color: #0052CC;--bs-btn-border-color: #0052CC;--bs-btn-hover-color: #ffffff;--bs-btn-hover-bg: #0052CC;--bs-btn-hover-border-color: #0052CC;--bs-btn-focus-shadow-rgb: 0, 82, 204;--bs-btn-active-color: #ffffff;--bs-btn-active-bg: #0052CC;--bs-btn-active-border-color: #0052CC;--bs-btn-active-shadow: inset 0 3px 5px rgba(26, 26, 26, 0.125);--bs-btn-disabled-color: #0052CC;--bs-btn-disabled-bg: transparent;--bs-btn-disabled-border-color: #0052CC;--bs-gradient: none}.btn-outline-dribbble{--bs-btn-color: #EA4C89;--bs-btn-border-color: #EA4C89;--bs-btn-hover-color: #ffffff;--bs-btn-hover-bg: #EA4C89;--bs-btn-hover-border-color: #EA4C89;--bs-btn-focus-shadow-rgb: 234, 76, 137;--bs-btn-active-color: #ffffff;--bs-btn-active-bg: #EA4C89;--bs-btn-active-border-color: #EA4C89;--bs-btn-active-shadow: inset 0 3px 5px rgba(26, 26, 26, 0.125);--bs-btn-disabled-color: #EA4C89;--bs-btn-disabled-bg: transparent;--bs-btn-disabled-border-color: #EA4C89;--bs-gradient: none}.btn-outline-facebook{--bs-btn-color: #1877F2;--bs-btn-border-color: #1877F2;--bs-btn-hover-color: #ffffff;--bs-btn-hover-bg: #1877F2;--bs-btn-hover-border-color: #1877F2;--bs-btn-focus-shadow-rgb: 24, 119, 242;--bs-btn-active-color: #ffffff;--bs-btn-active-bg: #1877F2;--bs-btn-active-border-color: #1877F2;--bs-btn-active-shadow: inset 0 3px 5px rgba(26, 26, 26, 0.125);--bs-btn-disabled-color: #1877F2;--bs-btn-disabled-bg: transparent;--bs-btn-disabled-border-color: #1877F2;--bs-gradient: none}.btn-outline-flickr{--bs-btn-color: #0063DC;--bs-btn-border-color: #0063DC;--bs-btn-hover-color: #ffffff;--bs-btn-hover-bg: #0063DC;--bs-btn-hover-border-color: #0063DC;--bs-btn-focus-shadow-rgb: 0, 99, 220;--bs-btn-active-color: #ffffff;--bs-btn-active-bg: #0063DC;--bs-btn-active-border-color: #0063DC;--bs-btn-active-shadow: inset 0 3px 5px rgba(26, 26, 26, 0.125);--bs-btn-disabled-color: #0063DC;--bs-btn-disabled-bg: transparent;--bs-btn-disabled-border-color: #0063DC;--bs-gradient: none}.btn-outline-github{--bs-btn-color: #181717;--bs-btn-border-color: #181717;--bs-btn-hover-color: #ffffff;--bs-btn-hover-bg: #181717;--bs-btn-hover-border-color: #181717;--bs-btn-focus-shadow-rgb: 24, 23, 23;--bs-btn-active-color: #ffffff;--bs-btn-active-bg: #181717;--bs-btn-active-border-color: #181717;--bs-btn-active-shadow: inset 0 3px 5px rgba(26, 26, 26, 0.125);--bs-btn-disabled-color: #181717;--bs-btn-disabled-bg: transparent;--bs-btn-disabled-border-color: #181717;--bs-gradient: none}.btn-outline-google{--bs-btn-color: #DB4437;--bs-btn-border-color: #DB4437;--bs-btn-hover-color: #ffffff;--bs-btn-hover-bg: #DB4437;--bs-btn-hover-border-color: #DB4437;--bs-btn-focus-shadow-rgb: 219, 68, 55;--bs-btn-active-color: #ffffff;--bs-btn-active-bg: #DB4437;--bs-btn-active-border-color: #DB4437;--bs-btn-active-shadow: inset 0 3px 5px rgba(26, 26, 26, 0.125);--bs-btn-disabled-color: #DB4437;--bs-btn-disabled-bg: transparent;--bs-btn-disabled-border-color: #DB4437;--bs-gradient: none}.btn-outline-instagram{--bs-btn-color: #E4405F;--bs-btn-border-color: #E4405F;--bs-btn-hover-color: #ffffff;--bs-btn-hover-bg: #E4405F;--bs-btn-hover-border-color: #E4405F;--bs-btn-focus-shadow-rgb: 228, 64, 95;--bs-btn-active-color: #ffffff;--bs-btn-active-bg: #E4405F;--bs-btn-active-border-color: #E4405F;--bs-btn-active-shadow: inset 0 3px 5px rgba(26, 26, 26, 0.125);--bs-btn-disabled-color: #E4405F;--bs-btn-disabled-bg: transparent;--bs-btn-disabled-border-color: #E4405F;--bs-gradient: none}.btn-outline-pinterest{--bs-btn-color: #BD081C;--bs-btn-border-color: #BD081C;--bs-btn-hover-color: #ffffff;--bs-btn-hover-bg: #BD081C;--bs-btn-hover-border-color: #BD081C;--bs-btn-focus-shadow-rgb: 189, 8, 28;--bs-btn-active-color: #ffffff;--bs-btn-active-bg: #BD081C;--bs-btn-active-border-color: #BD081C;--bs-btn-active-shadow: inset 0 3px 5px rgba(26, 26, 26, 0.125);--bs-btn-disabled-color: #BD081C;--bs-btn-disabled-bg: transparent;--bs-btn-disabled-border-color: #BD081C;--bs-gradient: none}.btn-outline-twitter{--bs-btn-color: #1DA1F2;--bs-btn-border-color: #1DA1F2;--bs-btn-hover-color: #1a1a1a;--bs-btn-hover-bg: #1DA1F2;--bs-btn-hover-border-color: #1DA1F2;--bs-btn-focus-shadow-rgb: 29, 161, 242;--bs-btn-active-color: #1a1a1a;--bs-btn-active-bg: #1DA1F2;--bs-btn-active-border-color: #1DA1F2;--bs-btn-active-shadow: inset 0 3px 5px rgba(26, 26, 26, 0.125);--bs-btn-disabled-color: #1DA1F2;--bs-btn-disabled-bg: transparent;--bs-btn-disabled-border-color: #1DA1F2;--bs-gradient: none}.btn-outline-vimeo{--bs-btn-color: #1AB7EA;--bs-btn-border-color: #1AB7EA;--bs-btn-hover-color: #1a1a1a;--bs-btn-hover-bg: #1AB7EA;--bs-btn-hover-border-color: #1AB7EA;--bs-btn-focus-shadow-rgb: 26, 183, 234;--bs-btn-active-color: #1a1a1a;--bs-btn-active-bg: #1AB7EA;--bs-btn-active-border-color: #1AB7EA;--bs-btn-active-shadow: inset 0 3px 5px rgba(26, 26, 26, 0.125);--bs-btn-disabled-color: #1AB7EA;--bs-btn-disabled-bg: transparent;--bs-btn-disabled-border-color: #1AB7EA;--bs-gradient: none}.btn-outline-youtube{--bs-btn-color: #FF0000;--bs-btn-border-color: #FF0000;--bs-btn-hover-color: #ffffff;--bs-btn-hover-bg: #FF0000;--bs-btn-hover-border-color: #FF0000;--bs-btn-focus-shadow-rgb: 255, 0, 0;--bs-btn-active-color: #ffffff;--bs-btn-active-bg: #FF0000;--bs-btn-active-border-color: #FF0000;--bs-btn-active-shadow: inset 0 3px 5px rgba(26, 26, 26, 0.125);--bs-btn-disabled-color: #FF0000;--bs-btn-disabled-bg: transparent;--bs-btn-disabled-border-color: #FF0000;--bs-gradient: none}.btn-link{--bs-btn-font-weight: 400;--bs-btn-color: var(--bs-link-color);--bs-btn-bg: transparent;--bs-btn-border-color: transparent;--bs-btn-hover-color: var(--bs-link-hover-color);--bs-btn-hover-border-color: transparent;--bs-btn-active-color: var(--bs-link-hover-color);--bs-btn-active-border-color: transparent;--bs-btn-disabled-color: #6c757d;--bs-btn-disabled-border-color: transparent;--bs-btn-box-shadow: 0 0 0 #000;--bs-btn-focus-shadow-rgb: 38, 86, 139;text-decoration:underline}.btn-link:focus-visible{color:var(--bs-btn-color)}.btn-link:hover{color:var(--bs-btn-hover-color)}.btn-lg,.btn-group-lg>.btn{--bs-btn-padding-y: 0.4rem;--bs-btn-padding-x: 1rem;--bs-btn-font-size:0.925rem;--bs-btn-border-radius: var(--bs-border-radius-lg)}.btn-sm,.btn-group-sm>.btn{--bs-btn-padding-y: 0.2rem;--bs-btn-padding-x: 0.5rem;--bs-btn-font-size:0.75rem;--bs-btn-border-radius: var(--bs-border-radius-sm)}.fade{transition:opacity .15s linear}@media(prefers-reduced-motion: reduce){.fade{transition:none}}.fade:not(.show){opacity:0}.collapse:not(.show){display:none}.collapsing{height:0;overflow:hidden;transition:height .35s ease}@media(prefers-reduced-motion: reduce){.collapsing{transition:none}}.collapsing.collapse-horizontal{width:0;height:auto;transition:width .35s ease}@media(prefers-reduced-motion: reduce){.collapsing.collapse-horizontal{transition:none}}.dropup,.dropend,.dropdown,.dropstart,.dropup-center,.dropdown-center{position:relative}.dropdown-toggle{white-space:nowrap}.dropdown-toggle::after{display:inline-block;margin-left:.255em;vertical-align:.255em;content:\"\";border-top:.3em solid;border-right:.3em solid rgba(0,0,0,0);border-bottom:0;border-left:.3em solid rgba(0,0,0,0)}.dropdown-toggle:empty::after{margin-left:0}.dropdown-menu{--bs-dropdown-zindex: 1000;--bs-dropdown-min-width: 10rem;--bs-dropdown-padding-x: 0;--bs-dropdown-padding-y: 0.5rem;--bs-dropdown-spacer: 0.125rem;--bs-dropdown-font-size:0.875rem;--bs-dropdown-color: var(--bs-body-color);--bs-dropdown-bg: #ffffff;--bs-dropdown-border-color: var(--bs-border-color-translucent);--bs-dropdown-border-radius: var(--bs-border-radius);--bs-dropdown-border-width: var(--bs-border-width);--bs-dropdown-inner-border-radius: calc(var(--bs-border-radius) - var(--bs-border-width));--bs-dropdown-divider-bg: var(--bs-border-color-translucent);--bs-dropdown-divider-margin-y: 0.5rem;--bs-dropdown-box-shadow: var(--bs-box-shadow);--bs-dropdown-link-color: var(--bs-body-color);--bs-dropdown-link-hover-color: var(--bs-body-color);--bs-dropdown-link-hover-bg: var(--bs-tertiary-bg);--bs-dropdown-link-active-color: #ffffff;--bs-dropdown-link-active-bg: #003876;--bs-dropdown-link-disabled-color: var(--bs-tertiary-color);--bs-dropdown-item-padding-x: 1rem;--bs-dropdown-item-padding-y: 0.25rem;--bs-dropdown-header-color: #6c757d;--bs-dropdown-header-padding-x: 1rem;--bs-dropdown-header-padding-y: 0.5rem;position:absolute;z-index:1000;z-index:var(--bs-dropdown-zindex);display:none;min-width:10rem;min-width:var(--bs-dropdown-min-width);padding:0.5rem 0;padding:var(--bs-dropdown-padding-y) var(--bs-dropdown-padding-x);margin:0;font-size:0.875rem;font-size:var(--bs-dropdown-font-size);color:#343a40;color:var(--bs-dropdown-color);text-align:left;list-style:none;background-color:#ffffff;background-color:var(--bs-dropdown-bg);background-clip:padding-box;border:1px solid rgba(26, 26, 26, 0.175);border:var(--bs-dropdown-border-width) solid var(--bs-dropdown-border-color);border-radius:0.2rem;border-radius:var(--bs-dropdown-border-radius)}.dropdown-menu[data-bs-popper]{top:100%;left:0;margin-top:var(--bs-dropdown-spacer)}.dropdown-menu-start{--bs-position: start}.dropdown-menu-start[data-bs-popper]{right:auto;left:0}.dropdown-menu-end{--bs-position: end}.dropdown-menu-end[data-bs-popper]{right:0;left:auto}@media(min-width: 576px){.dropdown-menu-sm-start{--bs-position: start}.dropdown-menu-sm-start[data-bs-popper]{right:auto;left:0}.dropdown-menu-sm-end{--bs-position: end}.dropdown-menu-sm-end[data-bs-popper]{right:0;left:auto}}@media(min-width: 768px){.dropdown-menu-md-start{--bs-position: start}.dropdown-menu-md-start[data-bs-popper]{right:auto;left:0}.dropdown-menu-md-end{--bs-position: end}.dropdown-menu-md-end[data-bs-popper]{right:0;left:auto}}@media(min-width: 992px){.dropdown-menu-lg-start{--bs-position: start}.dropdown-menu-lg-start[data-bs-popper]{right:auto;left:0}.dropdown-menu-lg-end{--bs-position: end}.dropdown-menu-lg-end[data-bs-popper]{right:0;left:auto}}@media(min-width: 1200px){.dropdown-menu-xl-start{--bs-position: start}.dropdown-menu-xl-start[data-bs-popper]{right:auto;left:0}.dropdown-menu-xl-end{--bs-position: end}.dropdown-menu-xl-end[data-bs-popper]{right:0;left:auto}}@media(min-width: 1440px){.dropdown-menu-xxl-start{--bs-position: start}.dropdown-menu-xxl-start[data-bs-popper]{right:auto;left:0}.dropdown-menu-xxl-end{--bs-position: end}.dropdown-menu-xxl-end[data-bs-popper]{right:0;left:auto}}.dropup .dropdown-menu[data-bs-popper]{top:auto;bottom:100%;margin-top:0;margin-bottom:var(--bs-dropdown-spacer)}.dropup .dropdown-toggle::after{display:inline-block;margin-left:.255em;vertical-align:.255em;content:\"\";border-top:0;border-right:.3em solid rgba(0,0,0,0);border-bottom:.3em solid;border-left:.3em solid rgba(0,0,0,0)}.dropup .dropdown-toggle:empty::after{margin-left:0}.dropend .dropdown-menu[data-bs-popper]{top:0;right:auto;left:100%;margin-top:0;margin-left:var(--bs-dropdown-spacer)}.dropend .dropdown-toggle::after{display:inline-block;margin-left:.255em;vertical-align:.255em;content:\"\";border-top:.3em solid rgba(0,0,0,0);border-right:0;border-bottom:.3em solid rgba(0,0,0,0);border-left:.3em solid}.dropend .dropdown-toggle:empty::after{margin-left:0}.dropend .dropdown-toggle::after{vertical-align:0}.dropstart .dropdown-menu[data-bs-popper]{top:0;right:100%;left:auto;margin-top:0;margin-right:var(--bs-dropdown-spacer)}.dropstart .dropdown-toggle::after{display:inline-block;margin-left:.255em;vertical-align:.255em;content:\"\"}.dropstart .dropdown-toggle::after{display:none}.dropstart .dropdown-toggle::before{display:inline-block;margin-right:.255em;vertical-align:.255em;content:\"\";border-top:.3em solid rgba(0,0,0,0);border-right:.3em solid;border-bottom:.3em solid rgba(0,0,0,0)}.dropstart .dropdown-toggle:empty::after{margin-left:0}.dropstart .dropdown-toggle::before{vertical-align:0}.dropdown-divider{height:0;margin:var(--bs-dropdown-divider-margin-y) 0;overflow:hidden;border-top:1px solid var(--bs-dropdown-divider-bg);opacity:1}.dropdown-item{display:block;width:100%;padding:var(--bs-dropdown-item-padding-y) var(--bs-dropdown-item-padding-x);clear:both;font-weight:400;color:var(--bs-dropdown-link-color);text-align:inherit;text-decoration:none;white-space:nowrap;background-color:rgba(0,0,0,0);border:0;border-radius:0;border-radius:var(--bs-dropdown-item-border-radius, 0)}.dropdown-item:hover,.dropdown-item:focus{color:var(--bs-dropdown-link-hover-color);background-color:var(--bs-dropdown-link-hover-bg)}.dropdown-item.active,.dropdown-item:active{color:var(--bs-dropdown-link-active-color);text-decoration:none;background-color:var(--bs-dropdown-link-active-bg)}.dropdown-item.disabled,.dropdown-item:disabled{color:var(--bs-dropdown-link-disabled-color);pointer-events:none;background-color:rgba(0,0,0,0)}.dropdown-menu.show{display:block}.dropdown-header{display:block;padding:var(--bs-dropdown-header-padding-y) var(--bs-dropdown-header-padding-x);margin-bottom:0;font-size:0.75rem;color:var(--bs-dropdown-header-color);white-space:nowrap}.dropdown-item-text{display:block;padding:var(--bs-dropdown-item-padding-y) var(--bs-dropdown-item-padding-x);color:var(--bs-dropdown-link-color)}.dropdown-menu-dark{--bs-dropdown-color: #dee2e6;--bs-dropdown-bg: #343a40;--bs-dropdown-border-color: var(--bs-border-color-translucent);--bs-dropdown-box-shadow: ;--bs-dropdown-link-color: #dee2e6;--bs-dropdown-link-hover-color: #ffffff;--bs-dropdown-divider-bg: var(--bs-border-color-translucent);--bs-dropdown-link-hover-bg: rgba(255, 255, 255, 0.15);--bs-dropdown-link-active-color: #ffffff;--bs-dropdown-link-active-bg: #003876;--bs-dropdown-link-disabled-color: #adb5bd;--bs-dropdown-header-color: #adb5bd}.btn-group,.btn-group-vertical{position:relative;display:inline-flex;vertical-align:middle}.btn-group>.btn,.btn-group-vertical>.btn{position:relative;flex:1 1 auto}.btn-group>.btn-check:checked+.btn,.btn-group>.btn-check:focus+.btn,.btn-group>.btn:hover,.btn-group>.btn:focus,.btn-group>.btn:active,.btn-group>.btn.active,.btn-group-vertical>.btn-check:checked+.btn,.btn-group-vertical>.btn-check:focus+.btn,.btn-group-vertical>.btn:hover,.btn-group-vertical>.btn:focus,.btn-group-vertical>.btn:active,.btn-group-vertical>.btn.active{z-index:1}.btn-toolbar{display:flex;flex-wrap:wrap;justify-content:flex-start}.btn-toolbar .input-group{width:auto}.btn-group{border-radius:0.2rem;border-radius:var(--bs-border-radius)}.btn-group>:not(.btn-check:first-child)+.btn,.btn-group>.btn-group:not(:first-child){margin-left:calc(-1*1px)}.btn-group>.btn:not(:last-child):not(.dropdown-toggle),.btn-group>.btn.dropdown-toggle-split:first-child,.btn-group>.btn-group:not(:last-child)>.btn{border-top-right-radius:0;border-bottom-right-radius:0}.btn-group>.btn:nth-child(n+3),.btn-group>:not(.btn-check)+.btn,.btn-group>.btn-group:not(:first-child)>.btn{border-top-left-radius:0;border-bottom-left-radius:0}.dropdown-toggle-split{padding-right:.6375rem;padding-left:.6375rem}.dropdown-toggle-split::after,.dropup .dropdown-toggle-split::after,.dropend .dropdown-toggle-split::after{margin-left:0}.dropstart .dropdown-toggle-split::before{margin-right:0}.btn-sm+.dropdown-toggle-split,.btn-group-sm>.btn+.dropdown-toggle-split{padding-right:.375rem;padding-left:.375rem}.btn-lg+.dropdown-toggle-split,.btn-group-lg>.btn+.dropdown-toggle-split{padding-right:.75rem;padding-left:.75rem}.btn-group-vertical{flex-direction:column;align-items:flex-start;justify-content:center}.btn-group-vertical>.btn,.btn-group-vertical>.btn-group{width:100%}.btn-group-vertical>.btn:not(:first-child),.btn-group-vertical>.btn-group:not(:first-child){margin-top:calc(-1*1px)}.btn-group-vertical>.btn:not(:last-child):not(.dropdown-toggle),.btn-group-vertical>.btn-group:not(:last-child)>.btn{border-bottom-right-radius:0;border-bottom-left-radius:0}.btn-group-vertical>.btn:nth-child(n+3),.btn-group-vertical>:not(.btn-check)+.btn,.btn-group-vertical>.btn-group:not(:first-child)>.btn{border-top-left-radius:0;border-top-right-radius:0}.nav{--bs-nav-link-padding-x: 1rem;--bs-nav-link-padding-y: 0.5rem;--bs-nav-link-font-weight: ;--bs-nav-link-color: var(--bs-link-color);--bs-nav-link-hover-color: var(--bs-link-hover-color);--bs-nav-link-disabled-color: var(--bs-secondary-color);display:flex;flex-wrap:wrap;padding-left:0;margin-bottom:0;list-style:none}.nav-link{display:block;padding:var(--bs-nav-link-padding-y) var(--bs-nav-link-padding-x);font-size:var(--bs-nav-link-font-size);font-weight:var(--bs-nav-link-font-weight);color:var(--bs-nav-link-color);text-decoration:none;background:none;border:0;transition:color .15s ease-in-out,background-color .15s ease-in-out,border-color .15s ease-in-out}@media(prefers-reduced-motion: reduce){.nav-link{transition:none}}.nav-link:hover,.nav-link:focus{color:var(--bs-nav-link-hover-color)}.nav-link:focus-visible{outline:0;box-shadow:0 0 0 .25rem rgba(0,56,118,.25)}.nav-link.disabled,.nav-link:disabled{color:var(--bs-nav-link-disabled-color);pointer-events:none;cursor:default}.nav-tabs{--bs-nav-tabs-border-width: var(--bs-border-width);--bs-nav-tabs-border-color: var(--bs-border-color);--bs-nav-tabs-border-radius: var(--bs-border-radius);--bs-nav-tabs-link-hover-border-color: var(--bs-secondary-bg) var(--bs-secondary-bg) var(--bs-border-color);--bs-nav-tabs-link-active-color: var(--bs-emphasis-color);--bs-nav-tabs-link-active-bg: var(--bs-body-bg);--bs-nav-tabs-link-active-border-color: var(--bs-border-color) var(--bs-border-color) var(--bs-body-bg);border-bottom:1px solid #dee2e6;border-bottom:var(--bs-nav-tabs-border-width) solid var(--bs-nav-tabs-border-color)}.nav-tabs .nav-link{margin-bottom:calc(-1*var(--bs-nav-tabs-border-width));border:var(--bs-nav-tabs-border-width) solid rgba(0,0,0,0);border-top-left-radius:var(--bs-nav-tabs-border-radius);border-top-right-radius:var(--bs-nav-tabs-border-radius)}.nav-tabs .nav-link:hover,.nav-tabs .nav-link:focus{isolation:isolate;border-color:var(--bs-nav-tabs-link-hover-border-color)}.nav-tabs .nav-link.active,.nav-tabs .nav-item.show .nav-link{color:var(--bs-nav-tabs-link-active-color);background-color:var(--bs-nav-tabs-link-active-bg);border-color:var(--bs-nav-tabs-link-active-border-color)}.nav-tabs .dropdown-menu{margin-top:calc(-1*var(--bs-nav-tabs-border-width));border-top-left-radius:0;border-top-right-radius:0}.nav-pills{--bs-nav-pills-border-radius: var(--bs-border-radius);--bs-nav-pills-link-active-color: #ffffff;--bs-nav-pills-link-active-bg: #003876}.nav-pills .nav-link{border-radius:var(--bs-nav-pills-border-radius)}.nav-pills .nav-link.active,.nav-pills .show>.nav-link{color:var(--bs-nav-pills-link-active-color);background-color:var(--bs-nav-pills-link-active-bg)}.nav-underline{--bs-nav-underline-gap: 1rem;--bs-nav-underline-border-width: 0.125rem;--bs-nav-underline-link-active-color: var(--bs-emphasis-color);gap:1rem;gap:var(--bs-nav-underline-gap)}.nav-underline .nav-link{padding-right:0;padding-left:0;border-bottom:var(--bs-nav-underline-border-width) solid rgba(0,0,0,0)}.nav-underline .nav-link:hover,.nav-underline .nav-link:focus{border-bottom-color:currentcolor}.nav-underline .nav-link.active,.nav-underline .show>.nav-link{font-weight:600;color:var(--bs-nav-underline-link-active-color);border-bottom-color:currentcolor}.nav-fill>.nav-link,.nav-fill .nav-item{flex:1 1 auto;text-align:center}.nav-justified>.nav-link,.nav-justified .nav-item{flex-grow:1;flex-basis:0;text-align:center}.nav-fill .nav-item .nav-link,.nav-justified .nav-item .nav-link{width:100%}.tab-content>.tab-pane{display:none}.tab-content>.active{display:block}.navbar{--bs-navbar-padding-x: 1.375rem;--bs-navbar-padding-y: 0.875rem;--bs-navbar-color: rgba(var(--bs-emphasis-color-rgb), 0.65);--bs-navbar-hover-color: rgba(var(--bs-emphasis-color-rgb), 0.8);--bs-navbar-disabled-color: rgba(var(--bs-emphasis-color-rgb), 0.3);--bs-navbar-active-color: rgba(var(--bs-emphasis-color-rgb), 1);--bs-navbar-brand-padding-y: 0.875rem;--bs-navbar-brand-margin-end: 1rem;--bs-navbar-brand-font-size: 1.15rem;--bs-navbar-brand-color: rgba(var(--bs-emphasis-color-rgb), 1);--bs-navbar-brand-hover-color: rgba(var(--bs-emphasis-color-rgb), 1);--bs-navbar-nav-link-padding-x: 0.5rem;--bs-navbar-toggler-padding-y: 0.25rem;--bs-navbar-toggler-padding-x: 0.75rem;--bs-navbar-toggler-font-size: 0.925rem;--bs-navbar-toggler-icon-bg: url(" + ___CSS_LOADER_URL_REPLACEMENT_7___ + ");--bs-navbar-toggler-border-color: rgba(var(--bs-emphasis-color-rgb), 0.15);--bs-navbar-toggler-border-radius: var(--bs-border-radius);--bs-navbar-toggler-focus-width: 0.2rem;--bs-navbar-toggler-transition: box-shadow 0.15s ease-in-out;position:relative;display:flex;flex-wrap:wrap;align-items:center;justify-content:space-between;padding:0.875rem 1.375rem;padding:var(--bs-navbar-padding-y) var(--bs-navbar-padding-x)}.navbar>.container,.navbar>.container-fluid,.navbar>.container-sm,.navbar>.container-md,.navbar>.container-lg,.navbar>.container-xl{display:flex;flex-wrap:inherit;align-items:center;justify-content:space-between}.navbar-brand{padding-top:var(--bs-navbar-brand-padding-y);padding-bottom:var(--bs-navbar-brand-padding-y);margin-right:var(--bs-navbar-brand-margin-end);font-size:var(--bs-navbar-brand-font-size);color:var(--bs-navbar-brand-color);text-decoration:none;white-space:nowrap}.navbar-brand:hover,.navbar-brand:focus{color:var(--bs-navbar-brand-hover-color)}.navbar-nav{--bs-nav-link-padding-x: 0;--bs-nav-link-padding-y: 0.5rem;--bs-nav-link-font-weight: ;--bs-nav-link-color: var(--bs-navbar-color);--bs-nav-link-hover-color: var(--bs-navbar-hover-color);--bs-nav-link-disabled-color: var(--bs-navbar-disabled-color);display:flex;flex-direction:column;padding-left:0;margin-bottom:0;list-style:none}.navbar-nav .nav-link.active,.navbar-nav .nav-link.show{color:var(--bs-navbar-active-color)}.navbar-nav .dropdown-menu{position:static}.navbar-text{padding-top:.5rem;padding-bottom:.5rem;color:var(--bs-navbar-color)}.navbar-text a,.navbar-text a:hover,.navbar-text a:focus{color:var(--bs-navbar-active-color)}.navbar-collapse{flex-grow:1;flex-basis:100%;align-items:center}.navbar-toggler{padding:var(--bs-navbar-toggler-padding-y) var(--bs-navbar-toggler-padding-x);font-size:var(--bs-navbar-toggler-font-size);line-height:1;color:var(--bs-navbar-color);background-color:rgba(0,0,0,0);border:1px solid var(--bs-navbar-toggler-border-color);border:var(--bs-border-width) solid var(--bs-navbar-toggler-border-color);border-radius:var(--bs-navbar-toggler-border-radius);transition:var(--bs-navbar-toggler-transition)}@media(prefers-reduced-motion: reduce){.navbar-toggler{transition:none}}.navbar-toggler:hover{text-decoration:none}.navbar-toggler:focus{text-decoration:none;outline:0;box-shadow:0 0 0 var(--bs-navbar-toggler-focus-width)}.navbar-toggler-icon{display:inline-block;width:1.5em;height:1.5em;vertical-align:middle;background-image:var(--bs-navbar-toggler-icon-bg);background-repeat:no-repeat;background-position:center;background-size:100%}.navbar-nav-scroll{max-height:75vh;max-height:var(--bs-scroll-height, 75vh);overflow-y:auto}@media(min-width: 576px){.navbar-expand-sm{flex-wrap:nowrap;justify-content:flex-start}.navbar-expand-sm .navbar-nav{flex-direction:row}.navbar-expand-sm .navbar-nav .dropdown-menu{position:absolute}.navbar-expand-sm .navbar-nav .nav-link{padding-right:var(--bs-navbar-nav-link-padding-x);padding-left:var(--bs-navbar-nav-link-padding-x)}.navbar-expand-sm .navbar-nav-scroll{overflow:visible}.navbar-expand-sm .navbar-collapse{display:flex !important;flex-basis:auto}.navbar-expand-sm .navbar-toggler{display:none}.navbar-expand-sm .offcanvas{position:static;z-index:auto;flex-grow:1;width:auto !important;height:auto !important;visibility:visible !important;background-color:rgba(0,0,0,0) !important;border:0 !important;transform:none !important;transition:none}.navbar-expand-sm .offcanvas .offcanvas-header{display:none}.navbar-expand-sm .offcanvas .offcanvas-body{display:flex;flex-grow:0;padding:0;overflow-y:visible}}@media(min-width: 768px){.navbar-expand-md{flex-wrap:nowrap;justify-content:flex-start}.navbar-expand-md .navbar-nav{flex-direction:row}.navbar-expand-md .navbar-nav .dropdown-menu{position:absolute}.navbar-expand-md .navbar-nav .nav-link{padding-right:var(--bs-navbar-nav-link-padding-x);padding-left:var(--bs-navbar-nav-link-padding-x)}.navbar-expand-md .navbar-nav-scroll{overflow:visible}.navbar-expand-md .navbar-collapse{display:flex !important;flex-basis:auto}.navbar-expand-md .navbar-toggler{display:none}.navbar-expand-md .offcanvas{position:static;z-index:auto;flex-grow:1;width:auto !important;height:auto !important;visibility:visible !important;background-color:rgba(0,0,0,0) !important;border:0 !important;transform:none !important;transition:none}.navbar-expand-md .offcanvas .offcanvas-header{display:none}.navbar-expand-md .offcanvas .offcanvas-body{display:flex;flex-grow:0;padding:0;overflow-y:visible}}@media(min-width: 992px){.navbar-expand-lg{flex-wrap:nowrap;justify-content:flex-start}.navbar-expand-lg .navbar-nav{flex-direction:row}.navbar-expand-lg .navbar-nav .dropdown-menu{position:absolute}.navbar-expand-lg .navbar-nav .nav-link{padding-right:var(--bs-navbar-nav-link-padding-x);padding-left:var(--bs-navbar-nav-link-padding-x)}.navbar-expand-lg .navbar-nav-scroll{overflow:visible}.navbar-expand-lg .navbar-collapse{display:flex !important;flex-basis:auto}.navbar-expand-lg .navbar-toggler{display:none}.navbar-expand-lg .offcanvas{position:static;z-index:auto;flex-grow:1;width:auto !important;height:auto !important;visibility:visible !important;background-color:rgba(0,0,0,0) !important;border:0 !important;transform:none !important;transition:none}.navbar-expand-lg .offcanvas .offcanvas-header{display:none}.navbar-expand-lg .offcanvas .offcanvas-body{display:flex;flex-grow:0;padding:0;overflow-y:visible}}@media(min-width: 1200px){.navbar-expand-xl{flex-wrap:nowrap;justify-content:flex-start}.navbar-expand-xl .navbar-nav{flex-direction:row}.navbar-expand-xl .navbar-nav .dropdown-menu{position:absolute}.navbar-expand-xl .navbar-nav .nav-link{padding-right:var(--bs-navbar-nav-link-padding-x);padding-left:var(--bs-navbar-nav-link-padding-x)}.navbar-expand-xl .navbar-nav-scroll{overflow:visible}.navbar-expand-xl .navbar-collapse{display:flex !important;flex-basis:auto}.navbar-expand-xl .navbar-toggler{display:none}.navbar-expand-xl .offcanvas{position:static;z-index:auto;flex-grow:1;width:auto !important;height:auto !important;visibility:visible !important;background-color:rgba(0,0,0,0) !important;border:0 !important;transform:none !important;transition:none}.navbar-expand-xl .offcanvas .offcanvas-header{display:none}.navbar-expand-xl .offcanvas .offcanvas-body{display:flex;flex-grow:0;padding:0;overflow-y:visible}}@media(min-width: 1440px){.navbar-expand-xxl{flex-wrap:nowrap;justify-content:flex-start}.navbar-expand-xxl .navbar-nav{flex-direction:row}.navbar-expand-xxl .navbar-nav .dropdown-menu{position:absolute}.navbar-expand-xxl .navbar-nav .nav-link{padding-right:var(--bs-navbar-nav-link-padding-x);padding-left:var(--bs-navbar-nav-link-padding-x)}.navbar-expand-xxl .navbar-nav-scroll{overflow:visible}.navbar-expand-xxl .navbar-collapse{display:flex !important;flex-basis:auto}.navbar-expand-xxl .navbar-toggler{display:none}.navbar-expand-xxl .offcanvas{position:static;z-index:auto;flex-grow:1;width:auto !important;height:auto !important;visibility:visible !important;background-color:rgba(0,0,0,0) !important;border:0 !important;transform:none !important;transition:none}.navbar-expand-xxl .offcanvas .offcanvas-header{display:none}.navbar-expand-xxl .offcanvas .offcanvas-body{display:flex;flex-grow:0;padding:0;overflow-y:visible}}.navbar-expand{flex-wrap:nowrap;justify-content:flex-start}.navbar-expand .navbar-nav{flex-direction:row}.navbar-expand .navbar-nav .dropdown-menu{position:absolute}.navbar-expand .navbar-nav .nav-link{padding-right:var(--bs-navbar-nav-link-padding-x);padding-left:var(--bs-navbar-nav-link-padding-x)}.navbar-expand .navbar-nav-scroll{overflow:visible}.navbar-expand .navbar-collapse{display:flex !important;flex-basis:auto}.navbar-expand .navbar-toggler{display:none}.navbar-expand .offcanvas{position:static;z-index:auto;flex-grow:1;width:auto !important;height:auto !important;visibility:visible !important;background-color:rgba(0,0,0,0) !important;border:0 !important;transform:none !important;transition:none}.navbar-expand .offcanvas .offcanvas-header{display:none}.navbar-expand .offcanvas .offcanvas-body{display:flex;flex-grow:0;padding:0;overflow-y:visible}.navbar-dark,.navbar[data-bs-theme=dark]{--bs-navbar-color: rgba(255, 255, 255, 0.55);--bs-navbar-hover-color: rgba(255, 255, 255, 0.75);--bs-navbar-disabled-color: rgba(255, 255, 255, 0.25);--bs-navbar-active-color: #ffffff;--bs-navbar-brand-color: #ffffff;--bs-navbar-brand-hover-color: #ffffff;--bs-navbar-toggler-border-color: rgba(255, 255, 255, 0.1);--bs-navbar-toggler-icon-bg: url(" + ___CSS_LOADER_URL_REPLACEMENT_8___ + ")}.card{--bs-card-spacer-y: 1.25rem;--bs-card-spacer-x: 1.25rem;--bs-card-title-spacer-y: 0.5rem;--bs-card-title-color: #003876;--bs-card-subtitle-color: ;--bs-card-border-width: 0;--bs-card-border-color: #e9ecef;--bs-card-border-radius: 0.5rem;--bs-card-box-shadow: ;--bs-card-inner-border-radius: 0.5rem;--bs-card-cap-padding-y: 1rem;--bs-card-cap-padding-x: 1.25rem;--bs-card-cap-bg: #ffffff;--bs-card-cap-color: ;--bs-card-height: ;--bs-card-color: ;--bs-card-bg: #ffffff;--bs-card-img-overlay-padding: 1rem;--bs-card-group-margin: 12px;position:relative;display:flex;flex-direction:column;min-width:0;height: ;height:var(--bs-card-height);color:#343a40;color:var(--bs-body-color);word-wrap:break-word;background-color:#ffffff;background-color:var(--bs-card-bg);background-clip:border-box;border:0 solid #e9ecef;border:var(--bs-card-border-width) solid var(--bs-card-border-color);border-radius:0.5rem;border-radius:var(--bs-card-border-radius)}.card>hr{margin-right:0;margin-left:0}.card>.list-group{border-top:inherit;border-bottom:inherit}.card>.list-group:first-child{border-top-width:0;border-top-left-radius:var(--bs-card-inner-border-radius);border-top-right-radius:var(--bs-card-inner-border-radius)}.card>.list-group:last-child{border-bottom-width:0;border-bottom-right-radius:var(--bs-card-inner-border-radius);border-bottom-left-radius:var(--bs-card-inner-border-radius)}.card>.card-header+.list-group,.card>.list-group+.card-footer{border-top:0}.card-body{flex:1 1 auto;padding:var(--bs-card-spacer-y) var(--bs-card-spacer-x);color:var(--bs-card-color)}.card-title{margin-bottom:var(--bs-card-title-spacer-y);color:var(--bs-card-title-color)}.card-subtitle{margin-top:calc(-0.5*var(--bs-card-title-spacer-y));margin-bottom:0;color:var(--bs-card-subtitle-color)}.card-text:last-child{margin-bottom:0}.card-link+.card-link{margin-left:var(--bs-card-spacer-x)}.card-header{padding:var(--bs-card-cap-padding-y) var(--bs-card-cap-padding-x);margin-bottom:0;color:var(--bs-card-cap-color);background-color:var(--bs-card-cap-bg);border-bottom:var(--bs-card-border-width) solid var(--bs-card-border-color)}.card-header:first-child{border-radius:var(--bs-card-inner-border-radius) var(--bs-card-inner-border-radius) 0 0}.card-footer{padding:var(--bs-card-cap-padding-y) var(--bs-card-cap-padding-x);color:var(--bs-card-cap-color);background-color:var(--bs-card-cap-bg);border-top:var(--bs-card-border-width) solid var(--bs-card-border-color)}.card-footer:last-child{border-radius:0 0 var(--bs-card-inner-border-radius) var(--bs-card-inner-border-radius)}.card-header-tabs{margin-right:calc(-0.5*var(--bs-card-cap-padding-x));margin-bottom:calc(-1*var(--bs-card-cap-padding-y));margin-left:calc(-0.5*var(--bs-card-cap-padding-x));border-bottom:0}.card-header-tabs .nav-link.active{background-color:var(--bs-card-bg);border-bottom-color:var(--bs-card-bg)}.card-header-pills{margin-right:calc(-0.5*var(--bs-card-cap-padding-x));margin-left:calc(-0.5*var(--bs-card-cap-padding-x))}.card-img-overlay{position:absolute;top:0;right:0;bottom:0;left:0;padding:var(--bs-card-img-overlay-padding);border-radius:var(--bs-card-inner-border-radius)}.card-img,.card-img-top,.card-img-bottom{width:100%}.card-img,.card-img-top{border-top-left-radius:var(--bs-card-inner-border-radius);border-top-right-radius:var(--bs-card-inner-border-radius)}.card-img,.card-img-bottom{border-bottom-right-radius:var(--bs-card-inner-border-radius);border-bottom-left-radius:var(--bs-card-inner-border-radius)}.card-group>.card{margin-bottom:var(--bs-card-group-margin)}@media(min-width: 576px){.card-group{display:flex;flex-flow:row wrap}.card-group>.card{flex:1 0 0;margin-bottom:0}.card-group>.card+.card{margin-left:0;border-left:0}.card-group>.card:not(:last-child){border-top-right-radius:0;border-bottom-right-radius:0}.card-group>.card:not(:last-child)>.card-img-top,.card-group>.card:not(:last-child)>.card-header{border-top-right-radius:0}.card-group>.card:not(:last-child)>.card-img-bottom,.card-group>.card:not(:last-child)>.card-footer{border-bottom-right-radius:0}.card-group>.card:not(:first-child){border-top-left-radius:0;border-bottom-left-radius:0}.card-group>.card:not(:first-child)>.card-img-top,.card-group>.card:not(:first-child)>.card-header{border-top-left-radius:0}.card-group>.card:not(:first-child)>.card-img-bottom,.card-group>.card:not(:first-child)>.card-footer{border-bottom-left-radius:0}}.accordion{--bs-accordion-color: var(--bs-body-color);--bs-accordion-bg: var(--bs-body-bg);--bs-accordion-transition: color 0.15s ease-in-out, background-color 0.15s ease-in-out, border-color 0.15s ease-in-out, box-shadow 0.15s ease-in-out, border-radius 0.15s ease;--bs-accordion-border-color: var(--bs-border-color);--bs-accordion-border-width: var(--bs-border-width);--bs-accordion-border-radius: var(--bs-border-radius);--bs-accordion-inner-border-radius: calc(var(--bs-border-radius) - (var(--bs-border-width)));--bs-accordion-btn-padding-x: 1.25rem;--bs-accordion-btn-padding-y: 1rem;--bs-accordion-btn-color: var(--bs-body-color);--bs-accordion-btn-bg: var(--bs-accordion-bg);--bs-accordion-btn-icon: url(" + ___CSS_LOADER_URL_REPLACEMENT_9___ + ");--bs-accordion-btn-icon-width: 1.25rem;--bs-accordion-btn-icon-transform: rotate(-180deg);--bs-accordion-btn-icon-transition: transform 0.2s ease-in-out;--bs-accordion-btn-active-icon: url(" + ___CSS_LOADER_URL_REPLACEMENT_10___ + ");--bs-accordion-btn-focus-box-shadow: 0 0 0 0.25rem rgba(0, 56, 118, 0.25);--bs-accordion-body-padding-x: 1.25rem;--bs-accordion-body-padding-y: 1rem;--bs-accordion-active-color: var(--bs-primary-text-emphasis);--bs-accordion-active-bg: var(--bs-primary-bg-subtle)}.accordion-button{position:relative;display:flex;align-items:center;width:100%;padding:var(--bs-accordion-btn-padding-y) var(--bs-accordion-btn-padding-x);font-size:0.875rem;color:var(--bs-accordion-btn-color);text-align:left;background-color:var(--bs-accordion-btn-bg);border:0;border-radius:0;overflow-anchor:none;transition:var(--bs-accordion-transition)}@media(prefers-reduced-motion: reduce){.accordion-button{transition:none}}.accordion-button:not(.collapsed){color:var(--bs-accordion-active-color);background-color:var(--bs-accordion-active-bg);box-shadow:inset 0 calc(-1*var(--bs-accordion-border-width)) 0 var(--bs-accordion-border-color)}.accordion-button:not(.collapsed)::after{background-image:var(--bs-accordion-btn-active-icon);transform:var(--bs-accordion-btn-icon-transform)}.accordion-button::after{flex-shrink:0;width:var(--bs-accordion-btn-icon-width);height:var(--bs-accordion-btn-icon-width);margin-left:auto;content:\"\";background-image:var(--bs-accordion-btn-icon);background-repeat:no-repeat;background-size:var(--bs-accordion-btn-icon-width);transition:var(--bs-accordion-btn-icon-transition)}@media(prefers-reduced-motion: reduce){.accordion-button::after{transition:none}}.accordion-button:hover{z-index:2}.accordion-button:focus{z-index:3;outline:0;box-shadow:var(--bs-accordion-btn-focus-box-shadow)}.accordion-header{margin-bottom:0}.accordion-item{color:var(--bs-accordion-color);background-color:var(--bs-accordion-bg);border:var(--bs-accordion-border-width) solid var(--bs-accordion-border-color)}.accordion-item:first-of-type{border-top-left-radius:var(--bs-accordion-border-radius);border-top-right-radius:var(--bs-accordion-border-radius)}.accordion-item:first-of-type>.accordion-header .accordion-button{border-top-left-radius:var(--bs-accordion-inner-border-radius);border-top-right-radius:var(--bs-accordion-inner-border-radius)}.accordion-item:not(:first-of-type){border-top:0}.accordion-item:last-of-type{border-bottom-right-radius:var(--bs-accordion-border-radius);border-bottom-left-radius:var(--bs-accordion-border-radius)}.accordion-item:last-of-type>.accordion-header .accordion-button.collapsed{border-bottom-right-radius:var(--bs-accordion-inner-border-radius);border-bottom-left-radius:var(--bs-accordion-inner-border-radius)}.accordion-item:last-of-type>.accordion-collapse{border-bottom-right-radius:var(--bs-accordion-border-radius);border-bottom-left-radius:var(--bs-accordion-border-radius)}.accordion-body{padding:var(--bs-accordion-body-padding-y) var(--bs-accordion-body-padding-x)}.accordion-flush>.accordion-item{border-right:0;border-left:0;border-radius:0}.accordion-flush>.accordion-item:first-child{border-top:0}.accordion-flush>.accordion-item:last-child{border-bottom:0}.accordion-flush>.accordion-item>.accordion-collapse,.accordion-flush>.accordion-item>.accordion-header .accordion-button,.accordion-flush>.accordion-item>.accordion-header .accordion-button.collapsed{border-radius:0}.breadcrumb{--bs-breadcrumb-padding-x: 0;--bs-breadcrumb-padding-y: 0;--bs-breadcrumb-margin-bottom: 1rem;--bs-breadcrumb-bg: ;--bs-breadcrumb-border-radius: ;--bs-breadcrumb-divider-color: var(--bs-secondary-color);--bs-breadcrumb-item-padding-x: 0.5rem;--bs-breadcrumb-item-active-color: var(--bs-secondary-color);display:flex;flex-wrap:wrap;padding:0 0;padding:var(--bs-breadcrumb-padding-y) var(--bs-breadcrumb-padding-x);margin-bottom:1rem;margin-bottom:var(--bs-breadcrumb-margin-bottom);font-size:var(--bs-breadcrumb-font-size);list-style:none;background-color: ;background-color:var(--bs-breadcrumb-bg);border-radius: ;border-radius:var(--bs-breadcrumb-border-radius)}.breadcrumb-item+.breadcrumb-item{padding-left:var(--bs-breadcrumb-item-padding-x)}.breadcrumb-item+.breadcrumb-item::before{float:left;padding-right:var(--bs-breadcrumb-item-padding-x);color:var(--bs-breadcrumb-divider-color);content:\"/\";content:var(--bs-breadcrumb-divider, \"/\") /* rtl: var(--bs-breadcrumb-divider, \"/\") */}.breadcrumb-item.active{color:var(--bs-breadcrumb-item-active-color)}.pagination{--bs-pagination-padding-x: 0.75rem;--bs-pagination-padding-y: 0.375rem;--bs-pagination-font-size:0.875rem;--bs-pagination-color: var(--bs-link-color);--bs-pagination-bg: var(--bs-body-bg);--bs-pagination-border-width: var(--bs-border-width);--bs-pagination-border-color: var(--bs-border-color);--bs-pagination-border-radius: var(--bs-border-radius);--bs-pagination-hover-color: var(--bs-link-hover-color);--bs-pagination-hover-bg: var(--bs-tertiary-bg);--bs-pagination-hover-border-color: var(--bs-border-color);--bs-pagination-focus-color: var(--bs-link-hover-color);--bs-pagination-focus-bg: var(--bs-secondary-bg);--bs-pagination-focus-box-shadow: 0 0 0 0.25rem rgba(0, 56, 118, 0.25);--bs-pagination-active-color: #ffffff;--bs-pagination-active-bg: #003876;--bs-pagination-active-border-color: #003876;--bs-pagination-disabled-color: var(--bs-secondary-color);--bs-pagination-disabled-bg: var(--bs-secondary-bg);--bs-pagination-disabled-border-color: var(--bs-border-color);display:flex;padding-left:0;list-style:none}.page-link{position:relative;display:block;padding:var(--bs-pagination-padding-y) var(--bs-pagination-padding-x);font-size:var(--bs-pagination-font-size);color:var(--bs-pagination-color);text-decoration:none;background-color:var(--bs-pagination-bg);border:var(--bs-pagination-border-width) solid var(--bs-pagination-border-color);transition:color .15s ease-in-out,background-color .15s ease-in-out,border-color .15s ease-in-out,box-shadow .15s ease-in-out}@media(prefers-reduced-motion: reduce){.page-link{transition:none}}.page-link:hover{z-index:2;color:var(--bs-pagination-hover-color);background-color:var(--bs-pagination-hover-bg);border-color:var(--bs-pagination-hover-border-color)}.page-link:focus{z-index:3;color:var(--bs-pagination-focus-color);background-color:var(--bs-pagination-focus-bg);outline:0;box-shadow:var(--bs-pagination-focus-box-shadow)}.page-link.active,.active>.page-link{z-index:3;color:var(--bs-pagination-active-color);background-color:var(--bs-pagination-active-bg);border-color:var(--bs-pagination-active-border-color)}.page-link.disabled,.disabled>.page-link{color:var(--bs-pagination-disabled-color);pointer-events:none;background-color:var(--bs-pagination-disabled-bg);border-color:var(--bs-pagination-disabled-border-color)}.page-item:not(:first-child) .page-link{margin-left:calc(-1*1px);margin-left:calc(-1*var(--bs-border-width))}.page-item:first-child .page-link{border-top-left-radius:var(--bs-pagination-border-radius);border-bottom-left-radius:var(--bs-pagination-border-radius)}.page-item:last-child .page-link{border-top-right-radius:var(--bs-pagination-border-radius);border-bottom-right-radius:var(--bs-pagination-border-radius)}.pagination-lg{--bs-pagination-padding-x: 1.5rem;--bs-pagination-padding-y: 0.75rem;--bs-pagination-font-size:0.925rem;--bs-pagination-border-radius: var(--bs-border-radius-lg)}.pagination-sm{--bs-pagination-padding-x: 0.5rem;--bs-pagination-padding-y: 0.25rem;--bs-pagination-font-size:0.75rem;--bs-pagination-border-radius: var(--bs-border-radius-sm)}.badge{--bs-badge-padding-x: 0.45em;--bs-badge-padding-y: 0.3em;--bs-badge-font-size:80%;--bs-badge-font-weight: 600;--bs-badge-color: #ffffff;--bs-badge-border-radius: var(--bs-border-radius);display:inline-block;padding:0.3em 0.45em;padding:var(--bs-badge-padding-y) var(--bs-badge-padding-x);font-size:80%;font-size:var(--bs-badge-font-size);font-weight:600;font-weight:var(--bs-badge-font-weight);line-height:1;color:#ffffff;color:var(--bs-badge-color);text-align:center;white-space:nowrap;vertical-align:baseline;border-radius:0.2rem;border-radius:var(--bs-badge-border-radius)}.badge:empty{display:none}.btn .badge{position:relative;top:-1px}.alert{--bs-alert-bg: transparent;--bs-alert-padding-x: 1rem;--bs-alert-padding-y: 1rem;--bs-alert-margin-bottom: 1rem;--bs-alert-color: inherit;--bs-alert-border-color: transparent;--bs-alert-border: var(--bs-border-width) solid var(--bs-alert-border-color);--bs-alert-border-radius: var(--bs-border-radius);--bs-alert-link-color: inherit;position:relative;padding:1rem 1rem;padding:var(--bs-alert-padding-y) var(--bs-alert-padding-x);margin-bottom:1rem;margin-bottom:var(--bs-alert-margin-bottom);color:inherit;color:var(--bs-alert-color);background-color:transparent;background-color:var(--bs-alert-bg);border:1px solid transparent;border:var(--bs-alert-border);border-radius:0.2rem;border-radius:var(--bs-alert-border-radius)}.alert-heading{color:inherit}.alert-link{font-weight:600;color:var(--bs-alert-link-color)}.alert-dismissible{padding-right:3rem}.alert-dismissible .btn-close{position:absolute;top:0;right:0;z-index:2;padding:1.25rem 1rem}.alert-aqua{--bs-alert-color: var(--bs-aqua-text-emphasis);--bs-alert-bg: var(--bs-aqua-bg-subtle);--bs-alert-border-color: var(--bs-aqua-border-subtle);--bs-alert-link-color: var(--bs-aqua-text-emphasis)}.alert-beige{--bs-alert-color: var(--bs-beige-text-emphasis);--bs-alert-bg: var(--bs-beige-bg-subtle);--bs-alert-border-color: var(--bs-beige-border-subtle);--bs-alert-link-color: var(--bs-beige-text-emphasis)}.alert-bisque{--bs-alert-color: var(--bs-bisque-text-emphasis);--bs-alert-bg: var(--bs-bisque-bg-subtle);--bs-alert-border-color: var(--bs-bisque-border-subtle);--bs-alert-link-color: var(--bs-bisque-text-emphasis)}.alert-black{--bs-alert-color: var(--bs-black-text-emphasis);--bs-alert-bg: var(--bs-black-bg-subtle);--bs-alert-border-color: var(--bs-black-border-subtle);--bs-alert-link-color: var(--bs-black-text-emphasis)}.alert-blue{--bs-alert-color: var(--bs-blue-text-emphasis);--bs-alert-bg: var(--bs-blue-bg-subtle);--bs-alert-border-color: var(--bs-blue-border-subtle);--bs-alert-link-color: var(--bs-blue-text-emphasis)}.alert-blueviolet{--bs-alert-color: var(--bs-blueviolet-text-emphasis);--bs-alert-bg: var(--bs-blueviolet-bg-subtle);--bs-alert-border-color: var(--bs-blueviolet-border-subtle);--bs-alert-link-color: var(--bs-blueviolet-text-emphasis)}.alert-brown{--bs-alert-color: var(--bs-brown-text-emphasis);--bs-alert-bg: var(--bs-brown-bg-subtle);--bs-alert-border-color: var(--bs-brown-border-subtle);--bs-alert-link-color: var(--bs-brown-text-emphasis)}.alert-burly{--bs-alert-color: var(--bs-burly-text-emphasis);--bs-alert-bg: var(--bs-burly-bg-subtle);--bs-alert-border-color: var(--bs-burly-border-subtle);--bs-alert-link-color: var(--bs-burly-text-emphasis)}.alert-cadet{--bs-alert-color: var(--bs-cadet-text-emphasis);--bs-alert-bg: var(--bs-cadet-bg-subtle);--bs-alert-border-color: var(--bs-cadet-border-subtle);--bs-alert-link-color: var(--bs-cadet-text-emphasis)}.alert-charcoal{--bs-alert-color: var(--bs-charcoal-text-emphasis);--bs-alert-bg: var(--bs-charcoal-bg-subtle);--bs-alert-border-color: var(--bs-charcoal-border-subtle);--bs-alert-link-color: var(--bs-charcoal-text-emphasis)}.alert-chocolate{--bs-alert-color: var(--bs-chocolate-text-emphasis);--bs-alert-bg: var(--bs-chocolate-bg-subtle);--bs-alert-border-color: var(--bs-chocolate-border-subtle);--bs-alert-link-color: var(--bs-chocolate-text-emphasis)}.alert-coral{--bs-alert-color: var(--bs-coral-text-emphasis);--bs-alert-bg: var(--bs-coral-bg-subtle);--bs-alert-border-color: var(--bs-coral-border-subtle);--bs-alert-link-color: var(--bs-coral-text-emphasis)}.alert-crimson{--bs-alert-color: var(--bs-crimson-text-emphasis);--bs-alert-bg: var(--bs-crimson-bg-subtle);--bs-alert-border-color: var(--bs-crimson-border-subtle);--bs-alert-link-color: var(--bs-crimson-text-emphasis)}.alert-cyan{--bs-alert-color: var(--bs-cyan-text-emphasis);--bs-alert-bg: var(--bs-cyan-bg-subtle);--bs-alert-border-color: var(--bs-cyan-border-subtle);--bs-alert-link-color: var(--bs-cyan-text-emphasis)}.alert-danger{--bs-alert-color: var(--bs-danger-text-emphasis);--bs-alert-bg: var(--bs-danger-bg-subtle);--bs-alert-border-color: var(--bs-danger-border-subtle);--bs-alert-link-color: var(--bs-danger-text-emphasis)}.alert-dark{--bs-alert-color: var(--bs-dark-text-emphasis);--bs-alert-bg: var(--bs-dark-bg-subtle);--bs-alert-border-color: var(--bs-dark-border-subtle);--bs-alert-link-color: var(--bs-dark-text-emphasis)}.alert-deep{--bs-alert-color: var(--bs-deep-text-emphasis);--bs-alert-bg: var(--bs-deep-bg-subtle);--bs-alert-border-color: var(--bs-deep-border-subtle);--bs-alert-link-color: var(--bs-deep-text-emphasis)}.alert-dodger{--bs-alert-color: var(--bs-dodger-text-emphasis);--bs-alert-bg: var(--bs-dodger-bg-subtle);--bs-alert-border-color: var(--bs-dodger-border-subtle);--bs-alert-link-color: var(--bs-dodger-text-emphasis)}.alert-fire{--bs-alert-color: var(--bs-fire-text-emphasis);--bs-alert-bg: var(--bs-fire-bg-subtle);--bs-alert-border-color: var(--bs-fire-border-subtle);--bs-alert-link-color: var(--bs-fire-text-emphasis)}.alert-gold{--bs-alert-color: var(--bs-gold-text-emphasis);--bs-alert-bg: var(--bs-gold-bg-subtle);--bs-alert-border-color: var(--bs-gold-border-subtle);--bs-alert-link-color: var(--bs-gold-text-emphasis)}.alert-goldenrod{--bs-alert-color: var(--bs-goldenrod-text-emphasis);--bs-alert-bg: var(--bs-goldenrod-bg-subtle);--bs-alert-border-color: var(--bs-goldenrod-border-subtle);--bs-alert-link-color: var(--bs-goldenrod-text-emphasis)}.alert-gray{--bs-alert-color: var(--bs-gray-text-emphasis);--bs-alert-bg: var(--bs-gray-bg-subtle);--bs-alert-border-color: var(--bs-gray-border-subtle);--bs-alert-link-color: var(--bs-gray-text-emphasis)}.alert-green{--bs-alert-color: var(--bs-green-text-emphasis);--bs-alert-bg: var(--bs-green-bg-subtle);--bs-alert-border-color: var(--bs-green-border-subtle);--bs-alert-link-color: var(--bs-green-text-emphasis)}.alert-indian{--bs-alert-color: var(--bs-indian-text-emphasis);--bs-alert-bg: var(--bs-indian-bg-subtle);--bs-alert-border-color: var(--bs-indian-border-subtle);--bs-alert-link-color: var(--bs-indian-text-emphasis)}.alert-indigo{--bs-alert-color: var(--bs-indigo-text-emphasis);--bs-alert-bg: var(--bs-indigo-bg-subtle);--bs-alert-border-color: var(--bs-indigo-border-subtle);--bs-alert-link-color: var(--bs-indigo-text-emphasis)}.alert-info{--bs-alert-color: var(--bs-info-text-emphasis);--bs-alert-bg: var(--bs-info-bg-subtle);--bs-alert-border-color: var(--bs-info-border-subtle);--bs-alert-link-color: var(--bs-info-text-emphasis)}.alert-lemon{--bs-alert-color: var(--bs-lemon-text-emphasis);--bs-alert-bg: var(--bs-lemon-bg-subtle);--bs-alert-border-color: var(--bs-lemon-border-subtle);--bs-alert-link-color: var(--bs-lemon-text-emphasis)}.alert-light{--bs-alert-color: var(--bs-light-text-emphasis);--bs-alert-bg: var(--bs-light-bg-subtle);--bs-alert-border-color: var(--bs-light-border-subtle);--bs-alert-link-color: var(--bs-light-text-emphasis)}.alert-lime{--bs-alert-color: var(--bs-lime-text-emphasis);--bs-alert-bg: var(--bs-lime-bg-subtle);--bs-alert-border-color: var(--bs-lime-border-subtle);--bs-alert-link-color: var(--bs-lime-text-emphasis)}.alert-magenta{--bs-alert-color: var(--bs-magenta-text-emphasis);--bs-alert-bg: var(--bs-magenta-bg-subtle);--bs-alert-border-color: var(--bs-magenta-border-subtle);--bs-alert-link-color: var(--bs-magenta-text-emphasis)}.alert-maroon{--bs-alert-color: var(--bs-maroon-text-emphasis);--bs-alert-bg: var(--bs-maroon-bg-subtle);--bs-alert-border-color: var(--bs-maroon-border-subtle);--bs-alert-link-color: var(--bs-maroon-text-emphasis)}.alert-midnight{--bs-alert-color: var(--bs-midnight-text-emphasis);--bs-alert-bg: var(--bs-midnight-bg-subtle);--bs-alert-border-color: var(--bs-midnight-border-subtle);--bs-alert-link-color: var(--bs-midnight-text-emphasis)}.alert-mint{--bs-alert-color: var(--bs-mint-text-emphasis);--bs-alert-bg: var(--bs-mint-bg-subtle);--bs-alert-border-color: var(--bs-mint-border-subtle);--bs-alert-link-color: var(--bs-mint-text-emphasis)}.alert-moccasin{--bs-alert-color: var(--bs-moccasin-text-emphasis);--bs-alert-bg: var(--bs-moccasin-bg-subtle);--bs-alert-border-color: var(--bs-moccasin-border-subtle);--bs-alert-link-color: var(--bs-moccasin-text-emphasis)}.alert-navy{--bs-alert-color: var(--bs-navy-text-emphasis);--bs-alert-bg: var(--bs-navy-bg-subtle);--bs-alert-border-color: var(--bs-navy-border-subtle);--bs-alert-link-color: var(--bs-navy-text-emphasis)}.alert-navajo{--bs-alert-color: var(--bs-navajo-text-emphasis);--bs-alert-bg: var(--bs-navajo-bg-subtle);--bs-alert-border-color: var(--bs-navajo-border-subtle);--bs-alert-link-color: var(--bs-navajo-text-emphasis)}.alert-olive{--bs-alert-color: var(--bs-olive-text-emphasis);--bs-alert-bg: var(--bs-olive-bg-subtle);--bs-alert-border-color: var(--bs-olive-border-subtle);--bs-alert-link-color: var(--bs-olive-text-emphasis)}.alert-orange{--bs-alert-color: var(--bs-orange-text-emphasis);--bs-alert-bg: var(--bs-orange-bg-subtle);--bs-alert-border-color: var(--bs-orange-border-subtle);--bs-alert-link-color: var(--bs-orange-text-emphasis)}.alert-orangered{--bs-alert-color: var(--bs-orangered-text-emphasis);--bs-alert-bg: var(--bs-orangered-bg-subtle);--bs-alert-border-color: var(--bs-orangered-border-subtle);--bs-alert-link-color: var(--bs-orangered-text-emphasis)}.alert-papaya{--bs-alert-color: var(--bs-papaya-text-emphasis);--bs-alert-bg: var(--bs-papaya-bg-subtle);--bs-alert-border-color: var(--bs-papaya-border-subtle);--bs-alert-link-color: var(--bs-papaya-text-emphasis)}.alert-peru{--bs-alert-color: var(--bs-peru-text-emphasis);--bs-alert-bg: var(--bs-peru-bg-subtle);--bs-alert-border-color: var(--bs-peru-border-subtle);--bs-alert-link-color: var(--bs-peru-text-emphasis)}.alert-pink{--bs-alert-color: var(--bs-pink-text-emphasis);--bs-alert-bg: var(--bs-pink-bg-subtle);--bs-alert-border-color: var(--bs-pink-border-subtle);--bs-alert-link-color: var(--bs-pink-text-emphasis)}.alert-primary{--bs-alert-color: var(--bs-primary-text-emphasis);--bs-alert-bg: var(--bs-primary-bg-subtle);--bs-alert-border-color: var(--bs-primary-border-subtle);--bs-alert-link-color: var(--bs-primary-text-emphasis)}.alert-purple{--bs-alert-color: var(--bs-purple-text-emphasis);--bs-alert-bg: var(--bs-purple-bg-subtle);--bs-alert-border-color: var(--bs-purple-border-subtle);--bs-alert-link-color: var(--bs-purple-text-emphasis)}.alert-red{--bs-alert-color: var(--bs-red-text-emphasis);--bs-alert-bg: var(--bs-red-bg-subtle);--bs-alert-border-color: var(--bs-red-border-subtle);--bs-alert-link-color: var(--bs-red-text-emphasis)}.alert-rose{--bs-alert-color: var(--bs-rose-text-emphasis);--bs-alert-bg: var(--bs-rose-bg-subtle);--bs-alert-border-color: var(--bs-rose-border-subtle);--bs-alert-link-color: var(--bs-rose-text-emphasis)}.alert-royal{--bs-alert-color: var(--bs-royal-text-emphasis);--bs-alert-bg: var(--bs-royal-bg-subtle);--bs-alert-border-color: var(--bs-royal-border-subtle);--bs-alert-link-color: var(--bs-royal-text-emphasis)}.alert-salmon{--bs-alert-color: var(--bs-salmon-text-emphasis);--bs-alert-bg: var(--bs-salmon-bg-subtle);--bs-alert-border-color: var(--bs-salmon-border-subtle);--bs-alert-link-color: var(--bs-salmon-text-emphasis)}.alert-sand{--bs-alert-color: var(--bs-sand-text-emphasis);--bs-alert-bg: var(--bs-sand-bg-subtle);--bs-alert-border-color: var(--bs-sand-border-subtle);--bs-alert-link-color: var(--bs-sand-text-emphasis)}.alert-secondary{--bs-alert-color: var(--bs-secondary-text-emphasis);--bs-alert-bg: var(--bs-secondary-bg-subtle);--bs-alert-border-color: var(--bs-secondary-border-subtle);--bs-alert-link-color: var(--bs-secondary-text-emphasis)}.alert-sienna{--bs-alert-color: var(--bs-sienna-text-emphasis);--bs-alert-bg: var(--bs-sienna-bg-subtle);--bs-alert-border-color: var(--bs-sienna-border-subtle);--bs-alert-link-color: var(--bs-sienna-text-emphasis)}.alert-silver{--bs-alert-color: var(--bs-silver-text-emphasis);--bs-alert-bg: var(--bs-silver-bg-subtle);--bs-alert-border-color: var(--bs-silver-border-subtle);--bs-alert-link-color: var(--bs-silver-text-emphasis)}.alert-sky{--bs-alert-color: var(--bs-sky-text-emphasis);--bs-alert-bg: var(--bs-sky-bg-subtle);--bs-alert-border-color: var(--bs-sky-border-subtle);--bs-alert-link-color: var(--bs-sky-text-emphasis)}.alert-slate{--bs-alert-color: var(--bs-slate-text-emphasis);--bs-alert-bg: var(--bs-slate-bg-subtle);--bs-alert-border-color: var(--bs-slate-border-subtle);--bs-alert-link-color: var(--bs-slate-text-emphasis)}.alert-success{--bs-alert-color: var(--bs-success-text-emphasis);--bs-alert-bg: var(--bs-success-bg-subtle);--bs-alert-border-color: var(--bs-success-border-subtle);--bs-alert-link-color: var(--bs-success-text-emphasis)}.alert-tan{--bs-alert-color: var(--bs-tan-text-emphasis);--bs-alert-bg: var(--bs-tan-bg-subtle);--bs-alert-border-color: var(--bs-tan-border-subtle);--bs-alert-link-color: var(--bs-tan-text-emphasis)}.alert-teal{--bs-alert-color: var(--bs-teal-text-emphasis);--bs-alert-bg: var(--bs-teal-bg-subtle);--bs-alert-border-color: var(--bs-teal-border-subtle);--bs-alert-link-color: var(--bs-teal-text-emphasis)}.alert-tomato{--bs-alert-color: var(--bs-tomato-text-emphasis);--bs-alert-bg: var(--bs-tomato-bg-subtle);--bs-alert-border-color: var(--bs-tomato-border-subtle);--bs-alert-link-color: var(--bs-tomato-text-emphasis)}.alert-turquoise{--bs-alert-color: var(--bs-turquoise-text-emphasis);--bs-alert-bg: var(--bs-turquoise-bg-subtle);--bs-alert-border-color: var(--bs-turquoise-border-subtle);--bs-alert-link-color: var(--bs-turquoise-text-emphasis)}.alert-violet{--bs-alert-color: var(--bs-violet-text-emphasis);--bs-alert-bg: var(--bs-violet-bg-subtle);--bs-alert-border-color: var(--bs-violet-border-subtle);--bs-alert-link-color: var(--bs-violet-text-emphasis)}.alert-violetred{--bs-alert-color: var(--bs-violetred-text-emphasis);--bs-alert-bg: var(--bs-violetred-bg-subtle);--bs-alert-border-color: var(--bs-violetred-border-subtle);--bs-alert-link-color: var(--bs-violetred-text-emphasis)}.alert-warning{--bs-alert-color: var(--bs-warning-text-emphasis);--bs-alert-bg: var(--bs-warning-bg-subtle);--bs-alert-border-color: var(--bs-warning-border-subtle);--bs-alert-link-color: var(--bs-warning-text-emphasis)}.alert-yellow{--bs-alert-color: var(--bs-yellow-text-emphasis);--bs-alert-bg: var(--bs-yellow-bg-subtle);--bs-alert-border-color: var(--bs-yellow-border-subtle);--bs-alert-link-color: var(--bs-yellow-text-emphasis)}.alert-bitbucket{--bs-alert-color: var(--bs-bitbucket-text-emphasis);--bs-alert-bg: var(--bs-bitbucket-bg-subtle);--bs-alert-border-color: var(--bs-bitbucket-border-subtle);--bs-alert-link-color: var(--bs-bitbucket-text-emphasis)}.alert-dribbble{--bs-alert-color: var(--bs-dribbble-text-emphasis);--bs-alert-bg: var(--bs-dribbble-bg-subtle);--bs-alert-border-color: var(--bs-dribbble-border-subtle);--bs-alert-link-color: var(--bs-dribbble-text-emphasis)}.alert-facebook{--bs-alert-color: var(--bs-facebook-text-emphasis);--bs-alert-bg: var(--bs-facebook-bg-subtle);--bs-alert-border-color: var(--bs-facebook-border-subtle);--bs-alert-link-color: var(--bs-facebook-text-emphasis)}.alert-flickr{--bs-alert-color: var(--bs-flickr-text-emphasis);--bs-alert-bg: var(--bs-flickr-bg-subtle);--bs-alert-border-color: var(--bs-flickr-border-subtle);--bs-alert-link-color: var(--bs-flickr-text-emphasis)}.alert-github{--bs-alert-color: var(--bs-github-text-emphasis);--bs-alert-bg: var(--bs-github-bg-subtle);--bs-alert-border-color: var(--bs-github-border-subtle);--bs-alert-link-color: var(--bs-github-text-emphasis)}.alert-google{--bs-alert-color: var(--bs-google-text-emphasis);--bs-alert-bg: var(--bs-google-bg-subtle);--bs-alert-border-color: var(--bs-google-border-subtle);--bs-alert-link-color: var(--bs-google-text-emphasis)}.alert-instagram{--bs-alert-color: var(--bs-instagram-text-emphasis);--bs-alert-bg: var(--bs-instagram-bg-subtle);--bs-alert-border-color: var(--bs-instagram-border-subtle);--bs-alert-link-color: var(--bs-instagram-text-emphasis)}.alert-pinterest{--bs-alert-color: var(--bs-pinterest-text-emphasis);--bs-alert-bg: var(--bs-pinterest-bg-subtle);--bs-alert-border-color: var(--bs-pinterest-border-subtle);--bs-alert-link-color: var(--bs-pinterest-text-emphasis)}.alert-twitter{--bs-alert-color: var(--bs-twitter-text-emphasis);--bs-alert-bg: var(--bs-twitter-bg-subtle);--bs-alert-border-color: var(--bs-twitter-border-subtle);--bs-alert-link-color: var(--bs-twitter-text-emphasis)}.alert-vimeo{--bs-alert-color: var(--bs-vimeo-text-emphasis);--bs-alert-bg: var(--bs-vimeo-bg-subtle);--bs-alert-border-color: var(--bs-vimeo-border-subtle);--bs-alert-link-color: var(--bs-vimeo-text-emphasis)}.alert-youtube{--bs-alert-color: var(--bs-youtube-text-emphasis);--bs-alert-bg: var(--bs-youtube-bg-subtle);--bs-alert-border-color: var(--bs-youtube-border-subtle);--bs-alert-link-color: var(--bs-youtube-text-emphasis)}@keyframes progress-bar-stripes{0%{background-position-x:var(--bs-progress-height)}}.progress,.progress-stacked{--bs-progress-height: 1rem;--bs-progress-font-size:0.65625rem;--bs-progress-bg: var(--bs-secondary-bg);--bs-progress-border-radius: var(--bs-border-radius);--bs-progress-box-shadow: var(--bs-box-shadow-inset);--bs-progress-bar-color: #ffffff;--bs-progress-bar-bg: #003876;--bs-progress-bar-transition: width 0.6s ease;display:flex;height:1rem;height:var(--bs-progress-height);overflow:hidden;font-size:0.65625rem;font-size:var(--bs-progress-font-size);background-color:#e9ecef;background-color:var(--bs-progress-bg);border-radius:0.2rem;border-radius:var(--bs-progress-border-radius)}.progress-bar{display:flex;flex-direction:column;justify-content:center;overflow:hidden;color:var(--bs-progress-bar-color);text-align:center;white-space:nowrap;background-color:var(--bs-progress-bar-bg);transition:var(--bs-progress-bar-transition)}@media(prefers-reduced-motion: reduce){.progress-bar{transition:none}}.progress-bar-striped{background-image:linear-gradient(45deg, rgba(255, 255, 255, 0.15) 25%, transparent 25%, transparent 50%, rgba(255, 255, 255, 0.15) 50%, rgba(255, 255, 255, 0.15) 75%, transparent 75%, transparent);background-size:var(--bs-progress-height) var(--bs-progress-height)}.progress-stacked>.progress{overflow:visible}.progress-stacked>.progress>.progress-bar{width:100%}.progress-bar-animated{animation:1s linear infinite progress-bar-stripes}@media(prefers-reduced-motion: reduce){.progress-bar-animated{animation:none}}.list-group{--bs-list-group-color: var(--bs-body-color);--bs-list-group-bg: var(--bs-body-bg);--bs-list-group-border-color: var(--bs-border-color);--bs-list-group-border-width: var(--bs-border-width);--bs-list-group-border-radius: var(--bs-border-radius);--bs-list-group-item-padding-x: 1rem;--bs-list-group-item-padding-y: 0.5rem;--bs-list-group-action-color: var(--bs-secondary-color);--bs-list-group-action-hover-color: var(--bs-emphasis-color);--bs-list-group-action-hover-bg: var(--bs-tertiary-bg);--bs-list-group-action-active-color: var(--bs-body-color);--bs-list-group-action-active-bg: var(--bs-secondary-bg);--bs-list-group-disabled-color: var(--bs-secondary-color);--bs-list-group-disabled-bg: var(--bs-body-bg);--bs-list-group-active-color: #ffffff;--bs-list-group-active-bg: #003876;--bs-list-group-active-border-color: #003876;display:flex;flex-direction:column;padding-left:0;margin-bottom:0;border-radius:0.2rem;border-radius:var(--bs-list-group-border-radius)}.list-group-numbered{list-style-type:none;counter-reset:section}.list-group-numbered>.list-group-item::before{content:counters(section, \".\") \". \";counter-increment:section}.list-group-item{position:relative;display:block;padding:var(--bs-list-group-item-padding-y) var(--bs-list-group-item-padding-x);color:var(--bs-list-group-color);text-decoration:none;background-color:var(--bs-list-group-bg);border:var(--bs-list-group-border-width) solid var(--bs-list-group-border-color)}.list-group-item:first-child{border-top-left-radius:inherit;border-top-right-radius:inherit}.list-group-item:last-child{border-bottom-right-radius:inherit;border-bottom-left-radius:inherit}.list-group-item.disabled,.list-group-item:disabled{color:var(--bs-list-group-disabled-color);pointer-events:none;background-color:var(--bs-list-group-disabled-bg)}.list-group-item.active{z-index:2;color:var(--bs-list-group-active-color);background-color:var(--bs-list-group-active-bg);border-color:var(--bs-list-group-active-border-color)}.list-group-item+.list-group-item{border-top-width:0}.list-group-item+.list-group-item.active{margin-top:calc(-1*var(--bs-list-group-border-width));border-top-width:var(--bs-list-group-border-width)}.list-group-item-action{width:100%;color:var(--bs-list-group-action-color);text-align:inherit}.list-group-item-action:not(.active):hover,.list-group-item-action:not(.active):focus{z-index:1;color:var(--bs-list-group-action-hover-color);text-decoration:none;background-color:var(--bs-list-group-action-hover-bg)}.list-group-item-action:not(.active):active{color:var(--bs-list-group-action-active-color);background-color:var(--bs-list-group-action-active-bg)}.list-group-horizontal{flex-direction:row}.list-group-horizontal>.list-group-item:first-child:not(:last-child){border-bottom-left-radius:var(--bs-list-group-border-radius);border-top-right-radius:0}.list-group-horizontal>.list-group-item:last-child:not(:first-child){border-top-right-radius:var(--bs-list-group-border-radius);border-bottom-left-radius:0}.list-group-horizontal>.list-group-item.active{margin-top:0}.list-group-horizontal>.list-group-item+.list-group-item{border-top-width:var(--bs-list-group-border-width);border-left-width:0}.list-group-horizontal>.list-group-item+.list-group-item.active{margin-left:calc(-1*var(--bs-list-group-border-width));border-left-width:var(--bs-list-group-border-width)}@media(min-width: 576px){.list-group-horizontal-sm{flex-direction:row}.list-group-horizontal-sm>.list-group-item:first-child:not(:last-child){border-bottom-left-radius:var(--bs-list-group-border-radius);border-top-right-radius:0}.list-group-horizontal-sm>.list-group-item:last-child:not(:first-child){border-top-right-radius:var(--bs-list-group-border-radius);border-bottom-left-radius:0}.list-group-horizontal-sm>.list-group-item.active{margin-top:0}.list-group-horizontal-sm>.list-group-item+.list-group-item{border-top-width:var(--bs-list-group-border-width);border-left-width:0}.list-group-horizontal-sm>.list-group-item+.list-group-item.active{margin-left:calc(-1*var(--bs-list-group-border-width));border-left-width:var(--bs-list-group-border-width)}}@media(min-width: 768px){.list-group-horizontal-md{flex-direction:row}.list-group-horizontal-md>.list-group-item:first-child:not(:last-child){border-bottom-left-radius:var(--bs-list-group-border-radius);border-top-right-radius:0}.list-group-horizontal-md>.list-group-item:last-child:not(:first-child){border-top-right-radius:var(--bs-list-group-border-radius);border-bottom-left-radius:0}.list-group-horizontal-md>.list-group-item.active{margin-top:0}.list-group-horizontal-md>.list-group-item+.list-group-item{border-top-width:var(--bs-list-group-border-width);border-left-width:0}.list-group-horizontal-md>.list-group-item+.list-group-item.active{margin-left:calc(-1*var(--bs-list-group-border-width));border-left-width:var(--bs-list-group-border-width)}}@media(min-width: 992px){.list-group-horizontal-lg{flex-direction:row}.list-group-horizontal-lg>.list-group-item:first-child:not(:last-child){border-bottom-left-radius:var(--bs-list-group-border-radius);border-top-right-radius:0}.list-group-horizontal-lg>.list-group-item:last-child:not(:first-child){border-top-right-radius:var(--bs-list-group-border-radius);border-bottom-left-radius:0}.list-group-horizontal-lg>.list-group-item.active{margin-top:0}.list-group-horizontal-lg>.list-group-item+.list-group-item{border-top-width:var(--bs-list-group-border-width);border-left-width:0}.list-group-horizontal-lg>.list-group-item+.list-group-item.active{margin-left:calc(-1*var(--bs-list-group-border-width));border-left-width:var(--bs-list-group-border-width)}}@media(min-width: 1200px){.list-group-horizontal-xl{flex-direction:row}.list-group-horizontal-xl>.list-group-item:first-child:not(:last-child){border-bottom-left-radius:var(--bs-list-group-border-radius);border-top-right-radius:0}.list-group-horizontal-xl>.list-group-item:last-child:not(:first-child){border-top-right-radius:var(--bs-list-group-border-radius);border-bottom-left-radius:0}.list-group-horizontal-xl>.list-group-item.active{margin-top:0}.list-group-horizontal-xl>.list-group-item+.list-group-item{border-top-width:var(--bs-list-group-border-width);border-left-width:0}.list-group-horizontal-xl>.list-group-item+.list-group-item.active{margin-left:calc(-1*var(--bs-list-group-border-width));border-left-width:var(--bs-list-group-border-width)}}@media(min-width: 1440px){.list-group-horizontal-xxl{flex-direction:row}.list-group-horizontal-xxl>.list-group-item:first-child:not(:last-child){border-bottom-left-radius:var(--bs-list-group-border-radius);border-top-right-radius:0}.list-group-horizontal-xxl>.list-group-item:last-child:not(:first-child){border-top-right-radius:var(--bs-list-group-border-radius);border-bottom-left-radius:0}.list-group-horizontal-xxl>.list-group-item.active{margin-top:0}.list-group-horizontal-xxl>.list-group-item+.list-group-item{border-top-width:var(--bs-list-group-border-width);border-left-width:0}.list-group-horizontal-xxl>.list-group-item+.list-group-item.active{margin-left:calc(-1*var(--bs-list-group-border-width));border-left-width:var(--bs-list-group-border-width)}}.list-group-flush{border-radius:0}.list-group-flush>.list-group-item{border-width:0 0 var(--bs-list-group-border-width)}.list-group-flush>.list-group-item:last-child{border-bottom-width:0}.list-group-item-aqua{--bs-list-group-color: var(--bs-aqua-text-emphasis);--bs-list-group-bg: var(--bs-aqua-bg-subtle);--bs-list-group-border-color: var(--bs-aqua-border-subtle);--bs-list-group-action-hover-color: var(--bs-emphasis-color);--bs-list-group-action-hover-bg: var(--bs-aqua-border-subtle);--bs-list-group-action-active-color: var(--bs-emphasis-color);--bs-list-group-action-active-bg: var(--bs-aqua-border-subtle);--bs-list-group-active-color: var(--bs-aqua-bg-subtle);--bs-list-group-active-bg: var(--bs-aqua-text-emphasis);--bs-list-group-active-border-color: var(--bs-aqua-text-emphasis)}.list-group-item-beige{--bs-list-group-color: var(--bs-beige-text-emphasis);--bs-list-group-bg: var(--bs-beige-bg-subtle);--bs-list-group-border-color: var(--bs-beige-border-subtle);--bs-list-group-action-hover-color: var(--bs-emphasis-color);--bs-list-group-action-hover-bg: var(--bs-beige-border-subtle);--bs-list-group-action-active-color: var(--bs-emphasis-color);--bs-list-group-action-active-bg: var(--bs-beige-border-subtle);--bs-list-group-active-color: var(--bs-beige-bg-subtle);--bs-list-group-active-bg: var(--bs-beige-text-emphasis);--bs-list-group-active-border-color: var(--bs-beige-text-emphasis)}.list-group-item-bisque{--bs-list-group-color: var(--bs-bisque-text-emphasis);--bs-list-group-bg: var(--bs-bisque-bg-subtle);--bs-list-group-border-color: var(--bs-bisque-border-subtle);--bs-list-group-action-hover-color: var(--bs-emphasis-color);--bs-list-group-action-hover-bg: var(--bs-bisque-border-subtle);--bs-list-group-action-active-color: var(--bs-emphasis-color);--bs-list-group-action-active-bg: var(--bs-bisque-border-subtle);--bs-list-group-active-color: var(--bs-bisque-bg-subtle);--bs-list-group-active-bg: var(--bs-bisque-text-emphasis);--bs-list-group-active-border-color: var(--bs-bisque-text-emphasis)}.list-group-item-black{--bs-list-group-color: var(--bs-black-text-emphasis);--bs-list-group-bg: var(--bs-black-bg-subtle);--bs-list-group-border-color: var(--bs-black-border-subtle);--bs-list-group-action-hover-color: var(--bs-emphasis-color);--bs-list-group-action-hover-bg: var(--bs-black-border-subtle);--bs-list-group-action-active-color: var(--bs-emphasis-color);--bs-list-group-action-active-bg: var(--bs-black-border-subtle);--bs-list-group-active-color: var(--bs-black-bg-subtle);--bs-list-group-active-bg: var(--bs-black-text-emphasis);--bs-list-group-active-border-color: var(--bs-black-text-emphasis)}.list-group-item-blue{--bs-list-group-color: var(--bs-blue-text-emphasis);--bs-list-group-bg: var(--bs-blue-bg-subtle);--bs-list-group-border-color: var(--bs-blue-border-subtle);--bs-list-group-action-hover-color: var(--bs-emphasis-color);--bs-list-group-action-hover-bg: var(--bs-blue-border-subtle);--bs-list-group-action-active-color: var(--bs-emphasis-color);--bs-list-group-action-active-bg: var(--bs-blue-border-subtle);--bs-list-group-active-color: var(--bs-blue-bg-subtle);--bs-list-group-active-bg: var(--bs-blue-text-emphasis);--bs-list-group-active-border-color: var(--bs-blue-text-emphasis)}.list-group-item-blueviolet{--bs-list-group-color: var(--bs-blueviolet-text-emphasis);--bs-list-group-bg: var(--bs-blueviolet-bg-subtle);--bs-list-group-border-color: var(--bs-blueviolet-border-subtle);--bs-list-group-action-hover-color: var(--bs-emphasis-color);--bs-list-group-action-hover-bg: var(--bs-blueviolet-border-subtle);--bs-list-group-action-active-color: var(--bs-emphasis-color);--bs-list-group-action-active-bg: var(--bs-blueviolet-border-subtle);--bs-list-group-active-color: var(--bs-blueviolet-bg-subtle);--bs-list-group-active-bg: var(--bs-blueviolet-text-emphasis);--bs-list-group-active-border-color: var(--bs-blueviolet-text-emphasis)}.list-group-item-brown{--bs-list-group-color: var(--bs-brown-text-emphasis);--bs-list-group-bg: var(--bs-brown-bg-subtle);--bs-list-group-border-color: var(--bs-brown-border-subtle);--bs-list-group-action-hover-color: var(--bs-emphasis-color);--bs-list-group-action-hover-bg: var(--bs-brown-border-subtle);--bs-list-group-action-active-color: var(--bs-emphasis-color);--bs-list-group-action-active-bg: var(--bs-brown-border-subtle);--bs-list-group-active-color: var(--bs-brown-bg-subtle);--bs-list-group-active-bg: var(--bs-brown-text-emphasis);--bs-list-group-active-border-color: var(--bs-brown-text-emphasis)}.list-group-item-burly{--bs-list-group-color: var(--bs-burly-text-emphasis);--bs-list-group-bg: var(--bs-burly-bg-subtle);--bs-list-group-border-color: var(--bs-burly-border-subtle);--bs-list-group-action-hover-color: var(--bs-emphasis-color);--bs-list-group-action-hover-bg: var(--bs-burly-border-subtle);--bs-list-group-action-active-color: var(--bs-emphasis-color);--bs-list-group-action-active-bg: var(--bs-burly-border-subtle);--bs-list-group-active-color: var(--bs-burly-bg-subtle);--bs-list-group-active-bg: var(--bs-burly-text-emphasis);--bs-list-group-active-border-color: var(--bs-burly-text-emphasis)}.list-group-item-cadet{--bs-list-group-color: var(--bs-cadet-text-emphasis);--bs-list-group-bg: var(--bs-cadet-bg-subtle);--bs-list-group-border-color: var(--bs-cadet-border-subtle);--bs-list-group-action-hover-color: var(--bs-emphasis-color);--bs-list-group-action-hover-bg: var(--bs-cadet-border-subtle);--bs-list-group-action-active-color: var(--bs-emphasis-color);--bs-list-group-action-active-bg: var(--bs-cadet-border-subtle);--bs-list-group-active-color: var(--bs-cadet-bg-subtle);--bs-list-group-active-bg: var(--bs-cadet-text-emphasis);--bs-list-group-active-border-color: var(--bs-cadet-text-emphasis)}.list-group-item-charcoal{--bs-list-group-color: var(--bs-charcoal-text-emphasis);--bs-list-group-bg: var(--bs-charcoal-bg-subtle);--bs-list-group-border-color: var(--bs-charcoal-border-subtle);--bs-list-group-action-hover-color: var(--bs-emphasis-color);--bs-list-group-action-hover-bg: var(--bs-charcoal-border-subtle);--bs-list-group-action-active-color: var(--bs-emphasis-color);--bs-list-group-action-active-bg: var(--bs-charcoal-border-subtle);--bs-list-group-active-color: var(--bs-charcoal-bg-subtle);--bs-list-group-active-bg: var(--bs-charcoal-text-emphasis);--bs-list-group-active-border-color: var(--bs-charcoal-text-emphasis)}.list-group-item-chocolate{--bs-list-group-color: var(--bs-chocolate-text-emphasis);--bs-list-group-bg: var(--bs-chocolate-bg-subtle);--bs-list-group-border-color: var(--bs-chocolate-border-subtle);--bs-list-group-action-hover-color: var(--bs-emphasis-color);--bs-list-group-action-hover-bg: var(--bs-chocolate-border-subtle);--bs-list-group-action-active-color: var(--bs-emphasis-color);--bs-list-group-action-active-bg: var(--bs-chocolate-border-subtle);--bs-list-group-active-color: var(--bs-chocolate-bg-subtle);--bs-list-group-active-bg: var(--bs-chocolate-text-emphasis);--bs-list-group-active-border-color: var(--bs-chocolate-text-emphasis)}.list-group-item-coral{--bs-list-group-color: var(--bs-coral-text-emphasis);--bs-list-group-bg: var(--bs-coral-bg-subtle);--bs-list-group-border-color: var(--bs-coral-border-subtle);--bs-list-group-action-hover-color: var(--bs-emphasis-color);--bs-list-group-action-hover-bg: var(--bs-coral-border-subtle);--bs-list-group-action-active-color: var(--bs-emphasis-color);--bs-list-group-action-active-bg: var(--bs-coral-border-subtle);--bs-list-group-active-color: var(--bs-coral-bg-subtle);--bs-list-group-active-bg: var(--bs-coral-text-emphasis);--bs-list-group-active-border-color: var(--bs-coral-text-emphasis)}.list-group-item-crimson{--bs-list-group-color: var(--bs-crimson-text-emphasis);--bs-list-group-bg: var(--bs-crimson-bg-subtle);--bs-list-group-border-color: var(--bs-crimson-border-subtle);--bs-list-group-action-hover-color: var(--bs-emphasis-color);--bs-list-group-action-hover-bg: var(--bs-crimson-border-subtle);--bs-list-group-action-active-color: var(--bs-emphasis-color);--bs-list-group-action-active-bg: var(--bs-crimson-border-subtle);--bs-list-group-active-color: var(--bs-crimson-bg-subtle);--bs-list-group-active-bg: var(--bs-crimson-text-emphasis);--bs-list-group-active-border-color: var(--bs-crimson-text-emphasis)}.list-group-item-cyan{--bs-list-group-color: var(--bs-cyan-text-emphasis);--bs-list-group-bg: var(--bs-cyan-bg-subtle);--bs-list-group-border-color: var(--bs-cyan-border-subtle);--bs-list-group-action-hover-color: var(--bs-emphasis-color);--bs-list-group-action-hover-bg: var(--bs-cyan-border-subtle);--bs-list-group-action-active-color: var(--bs-emphasis-color);--bs-list-group-action-active-bg: var(--bs-cyan-border-subtle);--bs-list-group-active-color: var(--bs-cyan-bg-subtle);--bs-list-group-active-bg: var(--bs-cyan-text-emphasis);--bs-list-group-active-border-color: var(--bs-cyan-text-emphasis)}.list-group-item-danger{--bs-list-group-color: var(--bs-danger-text-emphasis);--bs-list-group-bg: var(--bs-danger-bg-subtle);--bs-list-group-border-color: var(--bs-danger-border-subtle);--bs-list-group-action-hover-color: var(--bs-emphasis-color);--bs-list-group-action-hover-bg: var(--bs-danger-border-subtle);--bs-list-group-action-active-color: var(--bs-emphasis-color);--bs-list-group-action-active-bg: var(--bs-danger-border-subtle);--bs-list-group-active-color: var(--bs-danger-bg-subtle);--bs-list-group-active-bg: var(--bs-danger-text-emphasis);--bs-list-group-active-border-color: var(--bs-danger-text-emphasis)}.list-group-item-dark{--bs-list-group-color: var(--bs-dark-text-emphasis);--bs-list-group-bg: var(--bs-dark-bg-subtle);--bs-list-group-border-color: var(--bs-dark-border-subtle);--bs-list-group-action-hover-color: var(--bs-emphasis-color);--bs-list-group-action-hover-bg: var(--bs-dark-border-subtle);--bs-list-group-action-active-color: var(--bs-emphasis-color);--bs-list-group-action-active-bg: var(--bs-dark-border-subtle);--bs-list-group-active-color: var(--bs-dark-bg-subtle);--bs-list-group-active-bg: var(--bs-dark-text-emphasis);--bs-list-group-active-border-color: var(--bs-dark-text-emphasis)}.list-group-item-deep{--bs-list-group-color: var(--bs-deep-text-emphasis);--bs-list-group-bg: var(--bs-deep-bg-subtle);--bs-list-group-border-color: var(--bs-deep-border-subtle);--bs-list-group-action-hover-color: var(--bs-emphasis-color);--bs-list-group-action-hover-bg: var(--bs-deep-border-subtle);--bs-list-group-action-active-color: var(--bs-emphasis-color);--bs-list-group-action-active-bg: var(--bs-deep-border-subtle);--bs-list-group-active-color: var(--bs-deep-bg-subtle);--bs-list-group-active-bg: var(--bs-deep-text-emphasis);--bs-list-group-active-border-color: var(--bs-deep-text-emphasis)}.list-group-item-dodger{--bs-list-group-color: var(--bs-dodger-text-emphasis);--bs-list-group-bg: var(--bs-dodger-bg-subtle);--bs-list-group-border-color: var(--bs-dodger-border-subtle);--bs-list-group-action-hover-color: var(--bs-emphasis-color);--bs-list-group-action-hover-bg: var(--bs-dodger-border-subtle);--bs-list-group-action-active-color: var(--bs-emphasis-color);--bs-list-group-action-active-bg: var(--bs-dodger-border-subtle);--bs-list-group-active-color: var(--bs-dodger-bg-subtle);--bs-list-group-active-bg: var(--bs-dodger-text-emphasis);--bs-list-group-active-border-color: var(--bs-dodger-text-emphasis)}.list-group-item-fire{--bs-list-group-color: var(--bs-fire-text-emphasis);--bs-list-group-bg: var(--bs-fire-bg-subtle);--bs-list-group-border-color: var(--bs-fire-border-subtle);--bs-list-group-action-hover-color: var(--bs-emphasis-color);--bs-list-group-action-hover-bg: var(--bs-fire-border-subtle);--bs-list-group-action-active-color: var(--bs-emphasis-color);--bs-list-group-action-active-bg: var(--bs-fire-border-subtle);--bs-list-group-active-color: var(--bs-fire-bg-subtle);--bs-list-group-active-bg: var(--bs-fire-text-emphasis);--bs-list-group-active-border-color: var(--bs-fire-text-emphasis)}.list-group-item-gold{--bs-list-group-color: var(--bs-gold-text-emphasis);--bs-list-group-bg: var(--bs-gold-bg-subtle);--bs-list-group-border-color: var(--bs-gold-border-subtle);--bs-list-group-action-hover-color: var(--bs-emphasis-color);--bs-list-group-action-hover-bg: var(--bs-gold-border-subtle);--bs-list-group-action-active-color: var(--bs-emphasis-color);--bs-list-group-action-active-bg: var(--bs-gold-border-subtle);--bs-list-group-active-color: var(--bs-gold-bg-subtle);--bs-list-group-active-bg: var(--bs-gold-text-emphasis);--bs-list-group-active-border-color: var(--bs-gold-text-emphasis)}.list-group-item-goldenrod{--bs-list-group-color: var(--bs-goldenrod-text-emphasis);--bs-list-group-bg: var(--bs-goldenrod-bg-subtle);--bs-list-group-border-color: var(--bs-goldenrod-border-subtle);--bs-list-group-action-hover-color: var(--bs-emphasis-color);--bs-list-group-action-hover-bg: var(--bs-goldenrod-border-subtle);--bs-list-group-action-active-color: var(--bs-emphasis-color);--bs-list-group-action-active-bg: var(--bs-goldenrod-border-subtle);--bs-list-group-active-color: var(--bs-goldenrod-bg-subtle);--bs-list-group-active-bg: var(--bs-goldenrod-text-emphasis);--bs-list-group-active-border-color: var(--bs-goldenrod-text-emphasis)}.list-group-item-gray{--bs-list-group-color: var(--bs-gray-text-emphasis);--bs-list-group-bg: var(--bs-gray-bg-subtle);--bs-list-group-border-color: var(--bs-gray-border-subtle);--bs-list-group-action-hover-color: var(--bs-emphasis-color);--bs-list-group-action-hover-bg: var(--bs-gray-border-subtle);--bs-list-group-action-active-color: var(--bs-emphasis-color);--bs-list-group-action-active-bg: var(--bs-gray-border-subtle);--bs-list-group-active-color: var(--bs-gray-bg-subtle);--bs-list-group-active-bg: var(--bs-gray-text-emphasis);--bs-list-group-active-border-color: var(--bs-gray-text-emphasis)}.list-group-item-green{--bs-list-group-color: var(--bs-green-text-emphasis);--bs-list-group-bg: var(--bs-green-bg-subtle);--bs-list-group-border-color: var(--bs-green-border-subtle);--bs-list-group-action-hover-color: var(--bs-emphasis-color);--bs-list-group-action-hover-bg: var(--bs-green-border-subtle);--bs-list-group-action-active-color: var(--bs-emphasis-color);--bs-list-group-action-active-bg: var(--bs-green-border-subtle);--bs-list-group-active-color: var(--bs-green-bg-subtle);--bs-list-group-active-bg: var(--bs-green-text-emphasis);--bs-list-group-active-border-color: var(--bs-green-text-emphasis)}.list-group-item-indian{--bs-list-group-color: var(--bs-indian-text-emphasis);--bs-list-group-bg: var(--bs-indian-bg-subtle);--bs-list-group-border-color: var(--bs-indian-border-subtle);--bs-list-group-action-hover-color: var(--bs-emphasis-color);--bs-list-group-action-hover-bg: var(--bs-indian-border-subtle);--bs-list-group-action-active-color: var(--bs-emphasis-color);--bs-list-group-action-active-bg: var(--bs-indian-border-subtle);--bs-list-group-active-color: var(--bs-indian-bg-subtle);--bs-list-group-active-bg: var(--bs-indian-text-emphasis);--bs-list-group-active-border-color: var(--bs-indian-text-emphasis)}.list-group-item-indigo{--bs-list-group-color: var(--bs-indigo-text-emphasis);--bs-list-group-bg: var(--bs-indigo-bg-subtle);--bs-list-group-border-color: var(--bs-indigo-border-subtle);--bs-list-group-action-hover-color: var(--bs-emphasis-color);--bs-list-group-action-hover-bg: var(--bs-indigo-border-subtle);--bs-list-group-action-active-color: var(--bs-emphasis-color);--bs-list-group-action-active-bg: var(--bs-indigo-border-subtle);--bs-list-group-active-color: var(--bs-indigo-bg-subtle);--bs-list-group-active-bg: var(--bs-indigo-text-emphasis);--bs-list-group-active-border-color: var(--bs-indigo-text-emphasis)}.list-group-item-info{--bs-list-group-color: var(--bs-info-text-emphasis);--bs-list-group-bg: var(--bs-info-bg-subtle);--bs-list-group-border-color: var(--bs-info-border-subtle);--bs-list-group-action-hover-color: var(--bs-emphasis-color);--bs-list-group-action-hover-bg: var(--bs-info-border-subtle);--bs-list-group-action-active-color: var(--bs-emphasis-color);--bs-list-group-action-active-bg: var(--bs-info-border-subtle);--bs-list-group-active-color: var(--bs-info-bg-subtle);--bs-list-group-active-bg: var(--bs-info-text-emphasis);--bs-list-group-active-border-color: var(--bs-info-text-emphasis)}.list-group-item-lemon{--bs-list-group-color: var(--bs-lemon-text-emphasis);--bs-list-group-bg: var(--bs-lemon-bg-subtle);--bs-list-group-border-color: var(--bs-lemon-border-subtle);--bs-list-group-action-hover-color: var(--bs-emphasis-color);--bs-list-group-action-hover-bg: var(--bs-lemon-border-subtle);--bs-list-group-action-active-color: var(--bs-emphasis-color);--bs-list-group-action-active-bg: var(--bs-lemon-border-subtle);--bs-list-group-active-color: var(--bs-lemon-bg-subtle);--bs-list-group-active-bg: var(--bs-lemon-text-emphasis);--bs-list-group-active-border-color: var(--bs-lemon-text-emphasis)}.list-group-item-light{--bs-list-group-color: var(--bs-light-text-emphasis);--bs-list-group-bg: var(--bs-light-bg-subtle);--bs-list-group-border-color: var(--bs-light-border-subtle);--bs-list-group-action-hover-color: var(--bs-emphasis-color);--bs-list-group-action-hover-bg: var(--bs-light-border-subtle);--bs-list-group-action-active-color: var(--bs-emphasis-color);--bs-list-group-action-active-bg: var(--bs-light-border-subtle);--bs-list-group-active-color: var(--bs-light-bg-subtle);--bs-list-group-active-bg: var(--bs-light-text-emphasis);--bs-list-group-active-border-color: var(--bs-light-text-emphasis)}.list-group-item-lime{--bs-list-group-color: var(--bs-lime-text-emphasis);--bs-list-group-bg: var(--bs-lime-bg-subtle);--bs-list-group-border-color: var(--bs-lime-border-subtle);--bs-list-group-action-hover-color: var(--bs-emphasis-color);--bs-list-group-action-hover-bg: var(--bs-lime-border-subtle);--bs-list-group-action-active-color: var(--bs-emphasis-color);--bs-list-group-action-active-bg: var(--bs-lime-border-subtle);--bs-list-group-active-color: var(--bs-lime-bg-subtle);--bs-list-group-active-bg: var(--bs-lime-text-emphasis);--bs-list-group-active-border-color: var(--bs-lime-text-emphasis)}.list-group-item-magenta{--bs-list-group-color: var(--bs-magenta-text-emphasis);--bs-list-group-bg: var(--bs-magenta-bg-subtle);--bs-list-group-border-color: var(--bs-magenta-border-subtle);--bs-list-group-action-hover-color: var(--bs-emphasis-color);--bs-list-group-action-hover-bg: var(--bs-magenta-border-subtle);--bs-list-group-action-active-color: var(--bs-emphasis-color);--bs-list-group-action-active-bg: var(--bs-magenta-border-subtle);--bs-list-group-active-color: var(--bs-magenta-bg-subtle);--bs-list-group-active-bg: var(--bs-magenta-text-emphasis);--bs-list-group-active-border-color: var(--bs-magenta-text-emphasis)}.list-group-item-maroon{--bs-list-group-color: var(--bs-maroon-text-emphasis);--bs-list-group-bg: var(--bs-maroon-bg-subtle);--bs-list-group-border-color: var(--bs-maroon-border-subtle);--bs-list-group-action-hover-color: var(--bs-emphasis-color);--bs-list-group-action-hover-bg: var(--bs-maroon-border-subtle);--bs-list-group-action-active-color: var(--bs-emphasis-color);--bs-list-group-action-active-bg: var(--bs-maroon-border-subtle);--bs-list-group-active-color: var(--bs-maroon-bg-subtle);--bs-list-group-active-bg: var(--bs-maroon-text-emphasis);--bs-list-group-active-border-color: var(--bs-maroon-text-emphasis)}.list-group-item-midnight{--bs-list-group-color: var(--bs-midnight-text-emphasis);--bs-list-group-bg: var(--bs-midnight-bg-subtle);--bs-list-group-border-color: var(--bs-midnight-border-subtle);--bs-list-group-action-hover-color: var(--bs-emphasis-color);--bs-list-group-action-hover-bg: var(--bs-midnight-border-subtle);--bs-list-group-action-active-color: var(--bs-emphasis-color);--bs-list-group-action-active-bg: var(--bs-midnight-border-subtle);--bs-list-group-active-color: var(--bs-midnight-bg-subtle);--bs-list-group-active-bg: var(--bs-midnight-text-emphasis);--bs-list-group-active-border-color: var(--bs-midnight-text-emphasis)}.list-group-item-mint{--bs-list-group-color: var(--bs-mint-text-emphasis);--bs-list-group-bg: var(--bs-mint-bg-subtle);--bs-list-group-border-color: var(--bs-mint-border-subtle);--bs-list-group-action-hover-color: var(--bs-emphasis-color);--bs-list-group-action-hover-bg: var(--bs-mint-border-subtle);--bs-list-group-action-active-color: var(--bs-emphasis-color);--bs-list-group-action-active-bg: var(--bs-mint-border-subtle);--bs-list-group-active-color: var(--bs-mint-bg-subtle);--bs-list-group-active-bg: var(--bs-mint-text-emphasis);--bs-list-group-active-border-color: var(--bs-mint-text-emphasis)}.list-group-item-moccasin{--bs-list-group-color: var(--bs-moccasin-text-emphasis);--bs-list-group-bg: var(--bs-moccasin-bg-subtle);--bs-list-group-border-color: var(--bs-moccasin-border-subtle);--bs-list-group-action-hover-color: var(--bs-emphasis-color);--bs-list-group-action-hover-bg: var(--bs-moccasin-border-subtle);--bs-list-group-action-active-color: var(--bs-emphasis-color);--bs-list-group-action-active-bg: var(--bs-moccasin-border-subtle);--bs-list-group-active-color: var(--bs-moccasin-bg-subtle);--bs-list-group-active-bg: var(--bs-moccasin-text-emphasis);--bs-list-group-active-border-color: var(--bs-moccasin-text-emphasis)}.list-group-item-navy{--bs-list-group-color: var(--bs-navy-text-emphasis);--bs-list-group-bg: var(--bs-navy-bg-subtle);--bs-list-group-border-color: var(--bs-navy-border-subtle);--bs-list-group-action-hover-color: var(--bs-emphasis-color);--bs-list-group-action-hover-bg: var(--bs-navy-border-subtle);--bs-list-group-action-active-color: var(--bs-emphasis-color);--bs-list-group-action-active-bg: var(--bs-navy-border-subtle);--bs-list-group-active-color: var(--bs-navy-bg-subtle);--bs-list-group-active-bg: var(--bs-navy-text-emphasis);--bs-list-group-active-border-color: var(--bs-navy-text-emphasis)}.list-group-item-navajo{--bs-list-group-color: var(--bs-navajo-text-emphasis);--bs-list-group-bg: var(--bs-navajo-bg-subtle);--bs-list-group-border-color: var(--bs-navajo-border-subtle);--bs-list-group-action-hover-color: var(--bs-emphasis-color);--bs-list-group-action-hover-bg: var(--bs-navajo-border-subtle);--bs-list-group-action-active-color: var(--bs-emphasis-color);--bs-list-group-action-active-bg: var(--bs-navajo-border-subtle);--bs-list-group-active-color: var(--bs-navajo-bg-subtle);--bs-list-group-active-bg: var(--bs-navajo-text-emphasis);--bs-list-group-active-border-color: var(--bs-navajo-text-emphasis)}.list-group-item-olive{--bs-list-group-color: var(--bs-olive-text-emphasis);--bs-list-group-bg: var(--bs-olive-bg-subtle);--bs-list-group-border-color: var(--bs-olive-border-subtle);--bs-list-group-action-hover-color: var(--bs-emphasis-color);--bs-list-group-action-hover-bg: var(--bs-olive-border-subtle);--bs-list-group-action-active-color: var(--bs-emphasis-color);--bs-list-group-action-active-bg: var(--bs-olive-border-subtle);--bs-list-group-active-color: var(--bs-olive-bg-subtle);--bs-list-group-active-bg: var(--bs-olive-text-emphasis);--bs-list-group-active-border-color: var(--bs-olive-text-emphasis)}.list-group-item-orange{--bs-list-group-color: var(--bs-orange-text-emphasis);--bs-list-group-bg: var(--bs-orange-bg-subtle);--bs-list-group-border-color: var(--bs-orange-border-subtle);--bs-list-group-action-hover-color: var(--bs-emphasis-color);--bs-list-group-action-hover-bg: var(--bs-orange-border-subtle);--bs-list-group-action-active-color: var(--bs-emphasis-color);--bs-list-group-action-active-bg: var(--bs-orange-border-subtle);--bs-list-group-active-color: var(--bs-orange-bg-subtle);--bs-list-group-active-bg: var(--bs-orange-text-emphasis);--bs-list-group-active-border-color: var(--bs-orange-text-emphasis)}.list-group-item-orangered{--bs-list-group-color: var(--bs-orangered-text-emphasis);--bs-list-group-bg: var(--bs-orangered-bg-subtle);--bs-list-group-border-color: var(--bs-orangered-border-subtle);--bs-list-group-action-hover-color: var(--bs-emphasis-color);--bs-list-group-action-hover-bg: var(--bs-orangered-border-subtle);--bs-list-group-action-active-color: var(--bs-emphasis-color);--bs-list-group-action-active-bg: var(--bs-orangered-border-subtle);--bs-list-group-active-color: var(--bs-orangered-bg-subtle);--bs-list-group-active-bg: var(--bs-orangered-text-emphasis);--bs-list-group-active-border-color: var(--bs-orangered-text-emphasis)}.list-group-item-papaya{--bs-list-group-color: var(--bs-papaya-text-emphasis);--bs-list-group-bg: var(--bs-papaya-bg-subtle);--bs-list-group-border-color: var(--bs-papaya-border-subtle);--bs-list-group-action-hover-color: var(--bs-emphasis-color);--bs-list-group-action-hover-bg: var(--bs-papaya-border-subtle);--bs-list-group-action-active-color: var(--bs-emphasis-color);--bs-list-group-action-active-bg: var(--bs-papaya-border-subtle);--bs-list-group-active-color: var(--bs-papaya-bg-subtle);--bs-list-group-active-bg: var(--bs-papaya-text-emphasis);--bs-list-group-active-border-color: var(--bs-papaya-text-emphasis)}.list-group-item-peru{--bs-list-group-color: var(--bs-peru-text-emphasis);--bs-list-group-bg: var(--bs-peru-bg-subtle);--bs-list-group-border-color: var(--bs-peru-border-subtle);--bs-list-group-action-hover-color: var(--bs-emphasis-color);--bs-list-group-action-hover-bg: var(--bs-peru-border-subtle);--bs-list-group-action-active-color: var(--bs-emphasis-color);--bs-list-group-action-active-bg: var(--bs-peru-border-subtle);--bs-list-group-active-color: var(--bs-peru-bg-subtle);--bs-list-group-active-bg: var(--bs-peru-text-emphasis);--bs-list-group-active-border-color: var(--bs-peru-text-emphasis)}.list-group-item-pink{--bs-list-group-color: var(--bs-pink-text-emphasis);--bs-list-group-bg: var(--bs-pink-bg-subtle);--bs-list-group-border-color: var(--bs-pink-border-subtle);--bs-list-group-action-hover-color: var(--bs-emphasis-color);--bs-list-group-action-hover-bg: var(--bs-pink-border-subtle);--bs-list-group-action-active-color: var(--bs-emphasis-color);--bs-list-group-action-active-bg: var(--bs-pink-border-subtle);--bs-list-group-active-color: var(--bs-pink-bg-subtle);--bs-list-group-active-bg: var(--bs-pink-text-emphasis);--bs-list-group-active-border-color: var(--bs-pink-text-emphasis)}.list-group-item-primary{--bs-list-group-color: var(--bs-primary-text-emphasis);--bs-list-group-bg: var(--bs-primary-bg-subtle);--bs-list-group-border-color: var(--bs-primary-border-subtle);--bs-list-group-action-hover-color: var(--bs-emphasis-color);--bs-list-group-action-hover-bg: var(--bs-primary-border-subtle);--bs-list-group-action-active-color: var(--bs-emphasis-color);--bs-list-group-action-active-bg: var(--bs-primary-border-subtle);--bs-list-group-active-color: var(--bs-primary-bg-subtle);--bs-list-group-active-bg: var(--bs-primary-text-emphasis);--bs-list-group-active-border-color: var(--bs-primary-text-emphasis)}.list-group-item-purple{--bs-list-group-color: var(--bs-purple-text-emphasis);--bs-list-group-bg: var(--bs-purple-bg-subtle);--bs-list-group-border-color: var(--bs-purple-border-subtle);--bs-list-group-action-hover-color: var(--bs-emphasis-color);--bs-list-group-action-hover-bg: var(--bs-purple-border-subtle);--bs-list-group-action-active-color: var(--bs-emphasis-color);--bs-list-group-action-active-bg: var(--bs-purple-border-subtle);--bs-list-group-active-color: var(--bs-purple-bg-subtle);--bs-list-group-active-bg: var(--bs-purple-text-emphasis);--bs-list-group-active-border-color: var(--bs-purple-text-emphasis)}.list-group-item-red{--bs-list-group-color: var(--bs-red-text-emphasis);--bs-list-group-bg: var(--bs-red-bg-subtle);--bs-list-group-border-color: var(--bs-red-border-subtle);--bs-list-group-action-hover-color: var(--bs-emphasis-color);--bs-list-group-action-hover-bg: var(--bs-red-border-subtle);--bs-list-group-action-active-color: var(--bs-emphasis-color);--bs-list-group-action-active-bg: var(--bs-red-border-subtle);--bs-list-group-active-color: var(--bs-red-bg-subtle);--bs-list-group-active-bg: var(--bs-red-text-emphasis);--bs-list-group-active-border-color: var(--bs-red-text-emphasis)}.list-group-item-rose{--bs-list-group-color: var(--bs-rose-text-emphasis);--bs-list-group-bg: var(--bs-rose-bg-subtle);--bs-list-group-border-color: var(--bs-rose-border-subtle);--bs-list-group-action-hover-color: var(--bs-emphasis-color);--bs-list-group-action-hover-bg: var(--bs-rose-border-subtle);--bs-list-group-action-active-color: var(--bs-emphasis-color);--bs-list-group-action-active-bg: var(--bs-rose-border-subtle);--bs-list-group-active-color: var(--bs-rose-bg-subtle);--bs-list-group-active-bg: var(--bs-rose-text-emphasis);--bs-list-group-active-border-color: var(--bs-rose-text-emphasis)}.list-group-item-royal{--bs-list-group-color: var(--bs-royal-text-emphasis);--bs-list-group-bg: var(--bs-royal-bg-subtle);--bs-list-group-border-color: var(--bs-royal-border-subtle);--bs-list-group-action-hover-color: var(--bs-emphasis-color);--bs-list-group-action-hover-bg: var(--bs-royal-border-subtle);--bs-list-group-action-active-color: var(--bs-emphasis-color);--bs-list-group-action-active-bg: var(--bs-royal-border-subtle);--bs-list-group-active-color: var(--bs-royal-bg-subtle);--bs-list-group-active-bg: var(--bs-royal-text-emphasis);--bs-list-group-active-border-color: var(--bs-royal-text-emphasis)}.list-group-item-salmon{--bs-list-group-color: var(--bs-salmon-text-emphasis);--bs-list-group-bg: var(--bs-salmon-bg-subtle);--bs-list-group-border-color: var(--bs-salmon-border-subtle);--bs-list-group-action-hover-color: var(--bs-emphasis-color);--bs-list-group-action-hover-bg: var(--bs-salmon-border-subtle);--bs-list-group-action-active-color: var(--bs-emphasis-color);--bs-list-group-action-active-bg: var(--bs-salmon-border-subtle);--bs-list-group-active-color: var(--bs-salmon-bg-subtle);--bs-list-group-active-bg: var(--bs-salmon-text-emphasis);--bs-list-group-active-border-color: var(--bs-salmon-text-emphasis)}.list-group-item-sand{--bs-list-group-color: var(--bs-sand-text-emphasis);--bs-list-group-bg: var(--bs-sand-bg-subtle);--bs-list-group-border-color: var(--bs-sand-border-subtle);--bs-list-group-action-hover-color: var(--bs-emphasis-color);--bs-list-group-action-hover-bg: var(--bs-sand-border-subtle);--bs-list-group-action-active-color: var(--bs-emphasis-color);--bs-list-group-action-active-bg: var(--bs-sand-border-subtle);--bs-list-group-active-color: var(--bs-sand-bg-subtle);--bs-list-group-active-bg: var(--bs-sand-text-emphasis);--bs-list-group-active-border-color: var(--bs-sand-text-emphasis)}.list-group-item-secondary{--bs-list-group-color: var(--bs-secondary-text-emphasis);--bs-list-group-bg: var(--bs-secondary-bg-subtle);--bs-list-group-border-color: var(--bs-secondary-border-subtle);--bs-list-group-action-hover-color: var(--bs-emphasis-color);--bs-list-group-action-hover-bg: var(--bs-secondary-border-subtle);--bs-list-group-action-active-color: var(--bs-emphasis-color);--bs-list-group-action-active-bg: var(--bs-secondary-border-subtle);--bs-list-group-active-color: var(--bs-secondary-bg-subtle);--bs-list-group-active-bg: var(--bs-secondary-text-emphasis);--bs-list-group-active-border-color: var(--bs-secondary-text-emphasis)}.list-group-item-sienna{--bs-list-group-color: var(--bs-sienna-text-emphasis);--bs-list-group-bg: var(--bs-sienna-bg-subtle);--bs-list-group-border-color: var(--bs-sienna-border-subtle);--bs-list-group-action-hover-color: var(--bs-emphasis-color);--bs-list-group-action-hover-bg: var(--bs-sienna-border-subtle);--bs-list-group-action-active-color: var(--bs-emphasis-color);--bs-list-group-action-active-bg: var(--bs-sienna-border-subtle);--bs-list-group-active-color: var(--bs-sienna-bg-subtle);--bs-list-group-active-bg: var(--bs-sienna-text-emphasis);--bs-list-group-active-border-color: var(--bs-sienna-text-emphasis)}.list-group-item-silver{--bs-list-group-color: var(--bs-silver-text-emphasis);--bs-list-group-bg: var(--bs-silver-bg-subtle);--bs-list-group-border-color: var(--bs-silver-border-subtle);--bs-list-group-action-hover-color: var(--bs-emphasis-color);--bs-list-group-action-hover-bg: var(--bs-silver-border-subtle);--bs-list-group-action-active-color: var(--bs-emphasis-color);--bs-list-group-action-active-bg: var(--bs-silver-border-subtle);--bs-list-group-active-color: var(--bs-silver-bg-subtle);--bs-list-group-active-bg: var(--bs-silver-text-emphasis);--bs-list-group-active-border-color: var(--bs-silver-text-emphasis)}.list-group-item-sky{--bs-list-group-color: var(--bs-sky-text-emphasis);--bs-list-group-bg: var(--bs-sky-bg-subtle);--bs-list-group-border-color: var(--bs-sky-border-subtle);--bs-list-group-action-hover-color: var(--bs-emphasis-color);--bs-list-group-action-hover-bg: var(--bs-sky-border-subtle);--bs-list-group-action-active-color: var(--bs-emphasis-color);--bs-list-group-action-active-bg: var(--bs-sky-border-subtle);--bs-list-group-active-color: var(--bs-sky-bg-subtle);--bs-list-group-active-bg: var(--bs-sky-text-emphasis);--bs-list-group-active-border-color: var(--bs-sky-text-emphasis)}.list-group-item-slate{--bs-list-group-color: var(--bs-slate-text-emphasis);--bs-list-group-bg: var(--bs-slate-bg-subtle);--bs-list-group-border-color: var(--bs-slate-border-subtle);--bs-list-group-action-hover-color: var(--bs-emphasis-color);--bs-list-group-action-hover-bg: var(--bs-slate-border-subtle);--bs-list-group-action-active-color: var(--bs-emphasis-color);--bs-list-group-action-active-bg: var(--bs-slate-border-subtle);--bs-list-group-active-color: var(--bs-slate-bg-subtle);--bs-list-group-active-bg: var(--bs-slate-text-emphasis);--bs-list-group-active-border-color: var(--bs-slate-text-emphasis)}.list-group-item-success{--bs-list-group-color: var(--bs-success-text-emphasis);--bs-list-group-bg: var(--bs-success-bg-subtle);--bs-list-group-border-color: var(--bs-success-border-subtle);--bs-list-group-action-hover-color: var(--bs-emphasis-color);--bs-list-group-action-hover-bg: var(--bs-success-border-subtle);--bs-list-group-action-active-color: var(--bs-emphasis-color);--bs-list-group-action-active-bg: var(--bs-success-border-subtle);--bs-list-group-active-color: var(--bs-success-bg-subtle);--bs-list-group-active-bg: var(--bs-success-text-emphasis);--bs-list-group-active-border-color: var(--bs-success-text-emphasis)}.list-group-item-tan{--bs-list-group-color: var(--bs-tan-text-emphasis);--bs-list-group-bg: var(--bs-tan-bg-subtle);--bs-list-group-border-color: var(--bs-tan-border-subtle);--bs-list-group-action-hover-color: var(--bs-emphasis-color);--bs-list-group-action-hover-bg: var(--bs-tan-border-subtle);--bs-list-group-action-active-color: var(--bs-emphasis-color);--bs-list-group-action-active-bg: var(--bs-tan-border-subtle);--bs-list-group-active-color: var(--bs-tan-bg-subtle);--bs-list-group-active-bg: var(--bs-tan-text-emphasis);--bs-list-group-active-border-color: var(--bs-tan-text-emphasis)}.list-group-item-teal{--bs-list-group-color: var(--bs-teal-text-emphasis);--bs-list-group-bg: var(--bs-teal-bg-subtle);--bs-list-group-border-color: var(--bs-teal-border-subtle);--bs-list-group-action-hover-color: var(--bs-emphasis-color);--bs-list-group-action-hover-bg: var(--bs-teal-border-subtle);--bs-list-group-action-active-color: var(--bs-emphasis-color);--bs-list-group-action-active-bg: var(--bs-teal-border-subtle);--bs-list-group-active-color: var(--bs-teal-bg-subtle);--bs-list-group-active-bg: var(--bs-teal-text-emphasis);--bs-list-group-active-border-color: var(--bs-teal-text-emphasis)}.list-group-item-tomato{--bs-list-group-color: var(--bs-tomato-text-emphasis);--bs-list-group-bg: var(--bs-tomato-bg-subtle);--bs-list-group-border-color: var(--bs-tomato-border-subtle);--bs-list-group-action-hover-color: var(--bs-emphasis-color);--bs-list-group-action-hover-bg: var(--bs-tomato-border-subtle);--bs-list-group-action-active-color: var(--bs-emphasis-color);--bs-list-group-action-active-bg: var(--bs-tomato-border-subtle);--bs-list-group-active-color: var(--bs-tomato-bg-subtle);--bs-list-group-active-bg: var(--bs-tomato-text-emphasis);--bs-list-group-active-border-color: var(--bs-tomato-text-emphasis)}.list-group-item-turquoise{--bs-list-group-color: var(--bs-turquoise-text-emphasis);--bs-list-group-bg: var(--bs-turquoise-bg-subtle);--bs-list-group-border-color: var(--bs-turquoise-border-subtle);--bs-list-group-action-hover-color: var(--bs-emphasis-color);--bs-list-group-action-hover-bg: var(--bs-turquoise-border-subtle);--bs-list-group-action-active-color: var(--bs-emphasis-color);--bs-list-group-action-active-bg: var(--bs-turquoise-border-subtle);--bs-list-group-active-color: var(--bs-turquoise-bg-subtle);--bs-list-group-active-bg: var(--bs-turquoise-text-emphasis);--bs-list-group-active-border-color: var(--bs-turquoise-text-emphasis)}.list-group-item-violet{--bs-list-group-color: var(--bs-violet-text-emphasis);--bs-list-group-bg: var(--bs-violet-bg-subtle);--bs-list-group-border-color: var(--bs-violet-border-subtle);--bs-list-group-action-hover-color: var(--bs-emphasis-color);--bs-list-group-action-hover-bg: var(--bs-violet-border-subtle);--bs-list-group-action-active-color: var(--bs-emphasis-color);--bs-list-group-action-active-bg: var(--bs-violet-border-subtle);--bs-list-group-active-color: var(--bs-violet-bg-subtle);--bs-list-group-active-bg: var(--bs-violet-text-emphasis);--bs-list-group-active-border-color: var(--bs-violet-text-emphasis)}.list-group-item-violetred{--bs-list-group-color: var(--bs-violetred-text-emphasis);--bs-list-group-bg: var(--bs-violetred-bg-subtle);--bs-list-group-border-color: var(--bs-violetred-border-subtle);--bs-list-group-action-hover-color: var(--bs-emphasis-color);--bs-list-group-action-hover-bg: var(--bs-violetred-border-subtle);--bs-list-group-action-active-color: var(--bs-emphasis-color);--bs-list-group-action-active-bg: var(--bs-violetred-border-subtle);--bs-list-group-active-color: var(--bs-violetred-bg-subtle);--bs-list-group-active-bg: var(--bs-violetred-text-emphasis);--bs-list-group-active-border-color: var(--bs-violetred-text-emphasis)}.list-group-item-warning{--bs-list-group-color: var(--bs-warning-text-emphasis);--bs-list-group-bg: var(--bs-warning-bg-subtle);--bs-list-group-border-color: var(--bs-warning-border-subtle);--bs-list-group-action-hover-color: var(--bs-emphasis-color);--bs-list-group-action-hover-bg: var(--bs-warning-border-subtle);--bs-list-group-action-active-color: var(--bs-emphasis-color);--bs-list-group-action-active-bg: var(--bs-warning-border-subtle);--bs-list-group-active-color: var(--bs-warning-bg-subtle);--bs-list-group-active-bg: var(--bs-warning-text-emphasis);--bs-list-group-active-border-color: var(--bs-warning-text-emphasis)}.list-group-item-yellow{--bs-list-group-color: var(--bs-yellow-text-emphasis);--bs-list-group-bg: var(--bs-yellow-bg-subtle);--bs-list-group-border-color: var(--bs-yellow-border-subtle);--bs-list-group-action-hover-color: var(--bs-emphasis-color);--bs-list-group-action-hover-bg: var(--bs-yellow-border-subtle);--bs-list-group-action-active-color: var(--bs-emphasis-color);--bs-list-group-action-active-bg: var(--bs-yellow-border-subtle);--bs-list-group-active-color: var(--bs-yellow-bg-subtle);--bs-list-group-active-bg: var(--bs-yellow-text-emphasis);--bs-list-group-active-border-color: var(--bs-yellow-text-emphasis)}.list-group-item-bitbucket{--bs-list-group-color: var(--bs-bitbucket-text-emphasis);--bs-list-group-bg: var(--bs-bitbucket-bg-subtle);--bs-list-group-border-color: var(--bs-bitbucket-border-subtle);--bs-list-group-action-hover-color: var(--bs-emphasis-color);--bs-list-group-action-hover-bg: var(--bs-bitbucket-border-subtle);--bs-list-group-action-active-color: var(--bs-emphasis-color);--bs-list-group-action-active-bg: var(--bs-bitbucket-border-subtle);--bs-list-group-active-color: var(--bs-bitbucket-bg-subtle);--bs-list-group-active-bg: var(--bs-bitbucket-text-emphasis);--bs-list-group-active-border-color: var(--bs-bitbucket-text-emphasis)}.list-group-item-dribbble{--bs-list-group-color: var(--bs-dribbble-text-emphasis);--bs-list-group-bg: var(--bs-dribbble-bg-subtle);--bs-list-group-border-color: var(--bs-dribbble-border-subtle);--bs-list-group-action-hover-color: var(--bs-emphasis-color);--bs-list-group-action-hover-bg: var(--bs-dribbble-border-subtle);--bs-list-group-action-active-color: var(--bs-emphasis-color);--bs-list-group-action-active-bg: var(--bs-dribbble-border-subtle);--bs-list-group-active-color: var(--bs-dribbble-bg-subtle);--bs-list-group-active-bg: var(--bs-dribbble-text-emphasis);--bs-list-group-active-border-color: var(--bs-dribbble-text-emphasis)}.list-group-item-facebook{--bs-list-group-color: var(--bs-facebook-text-emphasis);--bs-list-group-bg: var(--bs-facebook-bg-subtle);--bs-list-group-border-color: var(--bs-facebook-border-subtle);--bs-list-group-action-hover-color: var(--bs-emphasis-color);--bs-list-group-action-hover-bg: var(--bs-facebook-border-subtle);--bs-list-group-action-active-color: var(--bs-emphasis-color);--bs-list-group-action-active-bg: var(--bs-facebook-border-subtle);--bs-list-group-active-color: var(--bs-facebook-bg-subtle);--bs-list-group-active-bg: var(--bs-facebook-text-emphasis);--bs-list-group-active-border-color: var(--bs-facebook-text-emphasis)}.list-group-item-flickr{--bs-list-group-color: var(--bs-flickr-text-emphasis);--bs-list-group-bg: var(--bs-flickr-bg-subtle);--bs-list-group-border-color: var(--bs-flickr-border-subtle);--bs-list-group-action-hover-color: var(--bs-emphasis-color);--bs-list-group-action-hover-bg: var(--bs-flickr-border-subtle);--bs-list-group-action-active-color: var(--bs-emphasis-color);--bs-list-group-action-active-bg: var(--bs-flickr-border-subtle);--bs-list-group-active-color: var(--bs-flickr-bg-subtle);--bs-list-group-active-bg: var(--bs-flickr-text-emphasis);--bs-list-group-active-border-color: var(--bs-flickr-text-emphasis)}.list-group-item-github{--bs-list-group-color: var(--bs-github-text-emphasis);--bs-list-group-bg: var(--bs-github-bg-subtle);--bs-list-group-border-color: var(--bs-github-border-subtle);--bs-list-group-action-hover-color: var(--bs-emphasis-color);--bs-list-group-action-hover-bg: var(--bs-github-border-subtle);--bs-list-group-action-active-color: var(--bs-emphasis-color);--bs-list-group-action-active-bg: var(--bs-github-border-subtle);--bs-list-group-active-color: var(--bs-github-bg-subtle);--bs-list-group-active-bg: var(--bs-github-text-emphasis);--bs-list-group-active-border-color: var(--bs-github-text-emphasis)}.list-group-item-google{--bs-list-group-color: var(--bs-google-text-emphasis);--bs-list-group-bg: var(--bs-google-bg-subtle);--bs-list-group-border-color: var(--bs-google-border-subtle);--bs-list-group-action-hover-color: var(--bs-emphasis-color);--bs-list-group-action-hover-bg: var(--bs-google-border-subtle);--bs-list-group-action-active-color: var(--bs-emphasis-color);--bs-list-group-action-active-bg: var(--bs-google-border-subtle);--bs-list-group-active-color: var(--bs-google-bg-subtle);--bs-list-group-active-bg: var(--bs-google-text-emphasis);--bs-list-group-active-border-color: var(--bs-google-text-emphasis)}.list-group-item-instagram{--bs-list-group-color: var(--bs-instagram-text-emphasis);--bs-list-group-bg: var(--bs-instagram-bg-subtle);--bs-list-group-border-color: var(--bs-instagram-border-subtle);--bs-list-group-action-hover-color: var(--bs-emphasis-color);--bs-list-group-action-hover-bg: var(--bs-instagram-border-subtle);--bs-list-group-action-active-color: var(--bs-emphasis-color);--bs-list-group-action-active-bg: var(--bs-instagram-border-subtle);--bs-list-group-active-color: var(--bs-instagram-bg-subtle);--bs-list-group-active-bg: var(--bs-instagram-text-emphasis);--bs-list-group-active-border-color: var(--bs-instagram-text-emphasis)}.list-group-item-pinterest{--bs-list-group-color: var(--bs-pinterest-text-emphasis);--bs-list-group-bg: var(--bs-pinterest-bg-subtle);--bs-list-group-border-color: var(--bs-pinterest-border-subtle);--bs-list-group-action-hover-color: var(--bs-emphasis-color);--bs-list-group-action-hover-bg: var(--bs-pinterest-border-subtle);--bs-list-group-action-active-color: var(--bs-emphasis-color);--bs-list-group-action-active-bg: var(--bs-pinterest-border-subtle);--bs-list-group-active-color: var(--bs-pinterest-bg-subtle);--bs-list-group-active-bg: var(--bs-pinterest-text-emphasis);--bs-list-group-active-border-color: var(--bs-pinterest-text-emphasis)}.list-group-item-twitter{--bs-list-group-color: var(--bs-twitter-text-emphasis);--bs-list-group-bg: var(--bs-twitter-bg-subtle);--bs-list-group-border-color: var(--bs-twitter-border-subtle);--bs-list-group-action-hover-color: var(--bs-emphasis-color);--bs-list-group-action-hover-bg: var(--bs-twitter-border-subtle);--bs-list-group-action-active-color: var(--bs-emphasis-color);--bs-list-group-action-active-bg: var(--bs-twitter-border-subtle);--bs-list-group-active-color: var(--bs-twitter-bg-subtle);--bs-list-group-active-bg: var(--bs-twitter-text-emphasis);--bs-list-group-active-border-color: var(--bs-twitter-text-emphasis)}.list-group-item-vimeo{--bs-list-group-color: var(--bs-vimeo-text-emphasis);--bs-list-group-bg: var(--bs-vimeo-bg-subtle);--bs-list-group-border-color: var(--bs-vimeo-border-subtle);--bs-list-group-action-hover-color: var(--bs-emphasis-color);--bs-list-group-action-hover-bg: var(--bs-vimeo-border-subtle);--bs-list-group-action-active-color: var(--bs-emphasis-color);--bs-list-group-action-active-bg: var(--bs-vimeo-border-subtle);--bs-list-group-active-color: var(--bs-vimeo-bg-subtle);--bs-list-group-active-bg: var(--bs-vimeo-text-emphasis);--bs-list-group-active-border-color: var(--bs-vimeo-text-emphasis)}.list-group-item-youtube{--bs-list-group-color: var(--bs-youtube-text-emphasis);--bs-list-group-bg: var(--bs-youtube-bg-subtle);--bs-list-group-border-color: var(--bs-youtube-border-subtle);--bs-list-group-action-hover-color: var(--bs-emphasis-color);--bs-list-group-action-hover-bg: var(--bs-youtube-border-subtle);--bs-list-group-action-active-color: var(--bs-emphasis-color);--bs-list-group-action-active-bg: var(--bs-youtube-border-subtle);--bs-list-group-active-color: var(--bs-youtube-bg-subtle);--bs-list-group-active-bg: var(--bs-youtube-text-emphasis);--bs-list-group-active-border-color: var(--bs-youtube-text-emphasis)}.btn-close{--bs-btn-close-color: #1a1a1a;--bs-btn-close-bg: url(" + ___CSS_LOADER_URL_REPLACEMENT_11___ + ");--bs-btn-close-opacity: 0.5;--bs-btn-close-hover-opacity: 0.75;--bs-btn-close-focus-shadow: 0 0 0 0.25rem rgba(0, 56, 118, 0.25);--bs-btn-close-focus-opacity: 1;--bs-btn-close-disabled-opacity: 0.25;box-sizing:content-box;width:1em;height:1em;padding:.25em .25em;color:#1a1a1a;color:var(--bs-btn-close-color);background:rgba(0,0,0,0) url(" + ___CSS_LOADER_URL_REPLACEMENT_11___ + ") center/1em auto no-repeat;background:rgba(0,0,0,0) var(--bs-btn-close-bg) center/1em auto no-repeat;filter: ;filter:var(--bs-btn-close-filter);border:0;border-radius:.2rem;opacity:0.5;opacity:var(--bs-btn-close-opacity)}.btn-close:hover{color:var(--bs-btn-close-color);text-decoration:none;opacity:var(--bs-btn-close-hover-opacity)}.btn-close:focus{outline:0;box-shadow:var(--bs-btn-close-focus-shadow);opacity:var(--bs-btn-close-focus-opacity)}.btn-close:disabled,.btn-close.disabled{pointer-events:none;-webkit-user-select:none;-moz-user-select:none;user-select:none;opacity:var(--bs-btn-close-disabled-opacity)}.btn-close-white{--bs-btn-close-filter: invert(1) grayscale(100%) brightness(200%)}:root,[data-bs-theme=light]{--bs-btn-close-filter: }.toast{--bs-toast-zindex: 1090;--bs-toast-padding-x: 0.75rem;--bs-toast-padding-y: 0.5rem;--bs-toast-spacing: 0.75rem;--bs-toast-max-width: 350px;--bs-toast-font-size:0.875rem;--bs-toast-color: ;--bs-toast-bg: rgba(var(--bs-body-bg-rgb), 0.85);--bs-toast-border-width: var(--bs-border-width);--bs-toast-border-color: var(--bs-border-color-translucent);--bs-toast-border-radius: var(--bs-border-radius);--bs-toast-box-shadow: var(--bs-box-shadow);--bs-toast-header-color: var(--bs-secondary-color);--bs-toast-header-bg: rgba(var(--bs-body-bg-rgb), 0.85);--bs-toast-header-border-color: var(--bs-border-color-translucent);width:350px;width:var(--bs-toast-max-width);max-width:100%;font-size:0.875rem;font-size:var(--bs-toast-font-size);color: ;color:var(--bs-toast-color);pointer-events:auto;background-color:rgba(248, 249, 250, 0.85);background-color:var(--bs-toast-bg);background-clip:padding-box;border:1px solid rgba(26, 26, 26, 0.175);border:var(--bs-toast-border-width) solid var(--bs-toast-border-color);box-shadow:0 0.1rem 0.2rem rgba(26, 26, 26, 0.05);box-shadow:var(--bs-toast-box-shadow);border-radius:0.2rem;border-radius:var(--bs-toast-border-radius)}.toast.showing{opacity:0}.toast:not(.show){display:none}.toast-container{--bs-toast-zindex: 1090;position:absolute;z-index:1090;z-index:var(--bs-toast-zindex);width:-webkit-max-content;width:-moz-max-content;width:max-content;max-width:100%;pointer-events:none}.toast-container>:not(:last-child){margin-bottom:var(--bs-toast-spacing)}.toast-header{display:flex;align-items:center;padding:var(--bs-toast-padding-y) var(--bs-toast-padding-x);color:var(--bs-toast-header-color);background-color:var(--bs-toast-header-bg);background-clip:padding-box;border-bottom:var(--bs-toast-border-width) solid var(--bs-toast-header-border-color);border-top-left-radius:calc(var(--bs-toast-border-radius) - var(--bs-toast-border-width));border-top-right-radius:calc(var(--bs-toast-border-radius) - var(--bs-toast-border-width))}.toast-header .btn-close{margin-right:calc(-0.5*var(--bs-toast-padding-x));margin-left:var(--bs-toast-padding-x)}.toast-body{padding:var(--bs-toast-padding-x);word-wrap:break-word}.modal{--bs-modal-zindex: 1055;--bs-modal-width: 600px;--bs-modal-padding: 1rem;--bs-modal-margin: 0.5rem;--bs-modal-color: var(--bs-body-color);--bs-modal-bg: var(--bs-body-bg);--bs-modal-border-color: var(--bs-border-color-translucent);--bs-modal-border-width: 0;--bs-modal-border-radius: var(--bs-border-radius-lg);--bs-modal-box-shadow: var(--bs-box-shadow-sm);--bs-modal-inner-border-radius: calc(var(--bs-border-radius-lg) - 0);--bs-modal-header-padding-x: 1rem;--bs-modal-header-padding-y: 1rem;--bs-modal-header-padding: 1rem 1rem;--bs-modal-header-border-color: var(--bs-border-color);--bs-modal-header-border-width: 1px;--bs-modal-title-line-height: 1.5;--bs-modal-footer-gap: 0.5rem;--bs-modal-footer-bg: ;--bs-modal-footer-border-color: var(--bs-border-color);--bs-modal-footer-border-width: 1px;position:fixed;top:0;left:0;z-index:1055;z-index:var(--bs-modal-zindex);display:none;width:100%;height:100%;overflow-x:hidden;overflow-y:auto;outline:0}.modal-dialog{position:relative;width:auto;margin:var(--bs-modal-margin);pointer-events:none}.modal.fade .modal-dialog{transform:translate(0, -50px);transition:transform .25s ease-out}@media(prefers-reduced-motion: reduce){.modal.fade .modal-dialog{transition:none}}.modal.show .modal-dialog{transform:none}.modal.modal-static .modal-dialog{transform:scale(1.02)}.modal-dialog-scrollable{height:calc(100% - var(--bs-modal-margin)*2)}.modal-dialog-scrollable .modal-content{max-height:100%;overflow:hidden}.modal-dialog-scrollable .modal-body{overflow-y:auto}.modal-dialog-centered{display:flex;align-items:center;min-height:calc(100% - var(--bs-modal-margin)*2)}.modal-content{position:relative;display:flex;flex-direction:column;width:100%;color:var(--bs-modal-color);pointer-events:auto;background-color:var(--bs-modal-bg);background-clip:padding-box;border:var(--bs-modal-border-width) solid var(--bs-modal-border-color);border-radius:var(--bs-modal-border-radius);outline:0}.modal-backdrop{--bs-backdrop-zindex: 1050;--bs-backdrop-bg: #1a1a1a;--bs-backdrop-opacity: 0.5;position:fixed;top:0;left:0;z-index:1050;z-index:var(--bs-backdrop-zindex);width:100vw;height:100vh;background-color:#1a1a1a;background-color:var(--bs-backdrop-bg)}.modal-backdrop.fade{opacity:0}.modal-backdrop.show{opacity:var(--bs-backdrop-opacity)}.modal-header{display:flex;flex-shrink:0;align-items:center;padding:var(--bs-modal-header-padding);border-bottom:var(--bs-modal-header-border-width) solid var(--bs-modal-header-border-color);border-top-left-radius:var(--bs-modal-inner-border-radius);border-top-right-radius:var(--bs-modal-inner-border-radius)}.modal-header .btn-close{padding:calc(var(--bs-modal-header-padding-y)*.5) calc(var(--bs-modal-header-padding-x)*.5);margin-top:calc(-0.5*var(--bs-modal-header-padding-y));margin-right:calc(-0.5*var(--bs-modal-header-padding-x));margin-bottom:calc(-0.5*var(--bs-modal-header-padding-y));margin-left:auto}.modal-title{margin-bottom:0;line-height:var(--bs-modal-title-line-height)}.modal-body{position:relative;flex:1 1 auto;padding:var(--bs-modal-padding)}.modal-footer{display:flex;flex-shrink:0;flex-wrap:wrap;align-items:center;justify-content:flex-end;padding:calc(var(--bs-modal-padding) - var(--bs-modal-footer-gap)*.5);background-color:var(--bs-modal-footer-bg);border-top:var(--bs-modal-footer-border-width) solid var(--bs-modal-footer-border-color);border-bottom-right-radius:var(--bs-modal-inner-border-radius);border-bottom-left-radius:var(--bs-modal-inner-border-radius)}.modal-footer>*{margin:calc(var(--bs-modal-footer-gap)*.5)}@media(min-width: 576px){.modal{--bs-modal-margin: 1.75rem;--bs-modal-box-shadow: var(--bs-box-shadow)}.modal-dialog{max-width:var(--bs-modal-width);margin-right:auto;margin-left:auto}.modal-sm{--bs-modal-width: 400px}}@media(min-width: 992px){.modal-lg,.modal-xl{--bs-modal-width: 900px}}@media(min-width: 1200px){.modal-xl{--bs-modal-width: 1140px}}.modal-fullscreen{width:100vw;max-width:none;height:100%;margin:0}.modal-fullscreen .modal-content{height:100%;border:0;border-radius:0}.modal-fullscreen .modal-header,.modal-fullscreen .modal-footer{border-radius:0}.modal-fullscreen .modal-body{overflow-y:auto}@media(max-width: 575.98px){.modal-fullscreen-sm-down{width:100vw;max-width:none;height:100%;margin:0}.modal-fullscreen-sm-down .modal-content{height:100%;border:0;border-radius:0}.modal-fullscreen-sm-down .modal-header,.modal-fullscreen-sm-down .modal-footer{border-radius:0}.modal-fullscreen-sm-down .modal-body{overflow-y:auto}}@media(max-width: 767.98px){.modal-fullscreen-md-down{width:100vw;max-width:none;height:100%;margin:0}.modal-fullscreen-md-down .modal-content{height:100%;border:0;border-radius:0}.modal-fullscreen-md-down .modal-header,.modal-fullscreen-md-down .modal-footer{border-radius:0}.modal-fullscreen-md-down .modal-body{overflow-y:auto}}@media(max-width: 991.98px){.modal-fullscreen-lg-down{width:100vw;max-width:none;height:100%;margin:0}.modal-fullscreen-lg-down .modal-content{height:100%;border:0;border-radius:0}.modal-fullscreen-lg-down .modal-header,.modal-fullscreen-lg-down .modal-footer{border-radius:0}.modal-fullscreen-lg-down .modal-body{overflow-y:auto}}@media(max-width: 1199.98px){.modal-fullscreen-xl-down{width:100vw;max-width:none;height:100%;margin:0}.modal-fullscreen-xl-down .modal-content{height:100%;border:0;border-radius:0}.modal-fullscreen-xl-down .modal-header,.modal-fullscreen-xl-down .modal-footer{border-radius:0}.modal-fullscreen-xl-down .modal-body{overflow-y:auto}}@media(max-width: 1439.98px){.modal-fullscreen-xxl-down{width:100vw;max-width:none;height:100%;margin:0}.modal-fullscreen-xxl-down .modal-content{height:100%;border:0;border-radius:0}.modal-fullscreen-xxl-down .modal-header,.modal-fullscreen-xxl-down .modal-footer{border-radius:0}.modal-fullscreen-xxl-down .modal-body{overflow-y:auto}}.tooltip{--bs-tooltip-zindex: 1080;--bs-tooltip-max-width: 200px;--bs-tooltip-padding-x: 0.5rem;--bs-tooltip-padding-y: 0.25rem;--bs-tooltip-margin: ;--bs-tooltip-font-size:0.75rem;--bs-tooltip-color: var(--bs-body-bg);--bs-tooltip-bg: var(--bs-emphasis-color);--bs-tooltip-border-radius: var(--bs-border-radius);--bs-tooltip-opacity: 0.9;--bs-tooltip-arrow-width: 0.8rem;--bs-tooltip-arrow-height: 0.4rem;z-index:1080;z-index:var(--bs-tooltip-zindex);display:block;margin: ;margin:var(--bs-tooltip-margin);font-family:\"Ubuntu\", \"Helvetica Neue\", Arial, -apple-system, BlinkMacSystemFont, \"Segoe UI\", Roboto, \"Noto Sans\", sans-serif, \"Apple Color Emoji\", \"Segoe UI Emoji\", \"Segoe UI Symbol\", \"Noto Color Emoji\";font-family:var(--bs-font-sans-serif);font-style:normal;font-weight:400;line-height:1.5;text-align:left;text-align:start;text-decoration:none;text-shadow:none;text-transform:none;letter-spacing:normal;word-break:normal;white-space:normal;word-spacing:normal;line-break:auto;font-size:0.75rem;font-size:var(--bs-tooltip-font-size);word-wrap:break-word;opacity:0}.tooltip.show{opacity:var(--bs-tooltip-opacity)}.tooltip .tooltip-arrow{display:block;width:var(--bs-tooltip-arrow-width);height:var(--bs-tooltip-arrow-height)}.tooltip .tooltip-arrow::before{position:absolute;content:\"\";border-color:rgba(0,0,0,0);border-style:solid}.bs-tooltip-top .tooltip-arrow,.bs-tooltip-auto[data-popper-placement^=top] .tooltip-arrow{bottom:calc(-1*var(--bs-tooltip-arrow-height))}.bs-tooltip-top .tooltip-arrow::before,.bs-tooltip-auto[data-popper-placement^=top] .tooltip-arrow::before{top:-1px;border-width:var(--bs-tooltip-arrow-height) calc(var(--bs-tooltip-arrow-width)*.5) 0;border-top-color:var(--bs-tooltip-bg)}.bs-tooltip-end .tooltip-arrow,.bs-tooltip-auto[data-popper-placement^=right] .tooltip-arrow{left:calc(-1*var(--bs-tooltip-arrow-height));width:var(--bs-tooltip-arrow-height);height:var(--bs-tooltip-arrow-width)}.bs-tooltip-end .tooltip-arrow::before,.bs-tooltip-auto[data-popper-placement^=right] .tooltip-arrow::before{right:-1px;border-width:calc(var(--bs-tooltip-arrow-width)*.5) var(--bs-tooltip-arrow-height) calc(var(--bs-tooltip-arrow-width)*.5) 0;border-right-color:var(--bs-tooltip-bg)}.bs-tooltip-bottom .tooltip-arrow,.bs-tooltip-auto[data-popper-placement^=bottom] .tooltip-arrow{top:calc(-1*var(--bs-tooltip-arrow-height))}.bs-tooltip-bottom .tooltip-arrow::before,.bs-tooltip-auto[data-popper-placement^=bottom] .tooltip-arrow::before{bottom:-1px;border-width:0 calc(var(--bs-tooltip-arrow-width)*.5) var(--bs-tooltip-arrow-height);border-bottom-color:var(--bs-tooltip-bg)}.bs-tooltip-start .tooltip-arrow,.bs-tooltip-auto[data-popper-placement^=left] .tooltip-arrow{right:calc(-1*var(--bs-tooltip-arrow-height));width:var(--bs-tooltip-arrow-height);height:var(--bs-tooltip-arrow-width)}.bs-tooltip-start .tooltip-arrow::before,.bs-tooltip-auto[data-popper-placement^=left] .tooltip-arrow::before{left:-1px;border-width:calc(var(--bs-tooltip-arrow-width)*.5) 0 calc(var(--bs-tooltip-arrow-width)*.5) var(--bs-tooltip-arrow-height);border-left-color:var(--bs-tooltip-bg)}.tooltip-inner{max-width:var(--bs-tooltip-max-width);padding:var(--bs-tooltip-padding-y) var(--bs-tooltip-padding-x);color:var(--bs-tooltip-color);text-align:center;background-color:var(--bs-tooltip-bg);border-radius:var(--bs-tooltip-border-radius)}.popover{--bs-popover-zindex: 1070;--bs-popover-max-width: 276px;--bs-popover-font-size:0.75rem;--bs-popover-bg: var(--bs-body-bg);--bs-popover-border-width: var(--bs-border-width);--bs-popover-border-color: var(--bs-border-color-translucent);--bs-popover-border-radius: var(--bs-border-radius-lg);--bs-popover-inner-border-radius: calc(var(--bs-border-radius-lg) - var(--bs-border-width));--bs-popover-box-shadow: var(--bs-box-shadow);--bs-popover-header-padding-x: 1rem;--bs-popover-header-padding-y: 0.5rem;--bs-popover-header-font-size:0.875rem;--bs-popover-header-color: #1a1a1a;--bs-popover-header-bg: var(--bs-secondary-bg);--bs-popover-body-padding-x: 1rem;--bs-popover-body-padding-y: 1rem;--bs-popover-body-color: var(--bs-body-color);--bs-popover-arrow-width: 1rem;--bs-popover-arrow-height: 0.5rem;--bs-popover-arrow-border: var(--bs-popover-border-color);z-index:1070;z-index:var(--bs-popover-zindex);display:block;max-width:276px;max-width:var(--bs-popover-max-width);font-family:\"Ubuntu\", \"Helvetica Neue\", Arial, -apple-system, BlinkMacSystemFont, \"Segoe UI\", Roboto, \"Noto Sans\", sans-serif, \"Apple Color Emoji\", \"Segoe UI Emoji\", \"Segoe UI Symbol\", \"Noto Color Emoji\";font-family:var(--bs-font-sans-serif);font-style:normal;font-weight:400;line-height:1.5;text-align:left;text-align:start;text-decoration:none;text-shadow:none;text-transform:none;letter-spacing:normal;word-break:normal;white-space:normal;word-spacing:normal;line-break:auto;font-size:0.75rem;font-size:var(--bs-popover-font-size);word-wrap:break-word;background-color:#f8f9fa;background-color:var(--bs-popover-bg);background-clip:padding-box;border:1px solid rgba(26, 26, 26, 0.175);border:var(--bs-popover-border-width) solid var(--bs-popover-border-color);border-radius:0.3rem;border-radius:var(--bs-popover-border-radius)}.popover .popover-arrow{display:block;width:var(--bs-popover-arrow-width);height:var(--bs-popover-arrow-height)}.popover .popover-arrow::before,.popover .popover-arrow::after{position:absolute;display:block;content:\"\";border-color:rgba(0,0,0,0);border-style:solid;border-width:0}.bs-popover-top>.popover-arrow,.bs-popover-auto[data-popper-placement^=top]>.popover-arrow{bottom:calc(-1*(var(--bs-popover-arrow-height)) - var(--bs-popover-border-width))}.bs-popover-top>.popover-arrow::before,.bs-popover-auto[data-popper-placement^=top]>.popover-arrow::before,.bs-popover-top>.popover-arrow::after,.bs-popover-auto[data-popper-placement^=top]>.popover-arrow::after{border-width:var(--bs-popover-arrow-height) calc(var(--bs-popover-arrow-width)*.5) 0}.bs-popover-top>.popover-arrow::before,.bs-popover-auto[data-popper-placement^=top]>.popover-arrow::before{bottom:0;border-top-color:var(--bs-popover-arrow-border)}.bs-popover-top>.popover-arrow::after,.bs-popover-auto[data-popper-placement^=top]>.popover-arrow::after{bottom:var(--bs-popover-border-width);border-top-color:var(--bs-popover-bg)}.bs-popover-end>.popover-arrow,.bs-popover-auto[data-popper-placement^=right]>.popover-arrow{left:calc(-1*(var(--bs-popover-arrow-height)) - var(--bs-popover-border-width));width:var(--bs-popover-arrow-height);height:var(--bs-popover-arrow-width)}.bs-popover-end>.popover-arrow::before,.bs-popover-auto[data-popper-placement^=right]>.popover-arrow::before,.bs-popover-end>.popover-arrow::after,.bs-popover-auto[data-popper-placement^=right]>.popover-arrow::after{border-width:calc(var(--bs-popover-arrow-width)*.5) var(--bs-popover-arrow-height) calc(var(--bs-popover-arrow-width)*.5) 0}.bs-popover-end>.popover-arrow::before,.bs-popover-auto[data-popper-placement^=right]>.popover-arrow::before{left:0;border-right-color:var(--bs-popover-arrow-border)}.bs-popover-end>.popover-arrow::after,.bs-popover-auto[data-popper-placement^=right]>.popover-arrow::after{left:var(--bs-popover-border-width);border-right-color:var(--bs-popover-bg)}.bs-popover-bottom>.popover-arrow,.bs-popover-auto[data-popper-placement^=bottom]>.popover-arrow{top:calc(-1*(var(--bs-popover-arrow-height)) - var(--bs-popover-border-width))}.bs-popover-bottom>.popover-arrow::before,.bs-popover-auto[data-popper-placement^=bottom]>.popover-arrow::before,.bs-popover-bottom>.popover-arrow::after,.bs-popover-auto[data-popper-placement^=bottom]>.popover-arrow::after{border-width:0 calc(var(--bs-popover-arrow-width)*.5) var(--bs-popover-arrow-height)}.bs-popover-bottom>.popover-arrow::before,.bs-popover-auto[data-popper-placement^=bottom]>.popover-arrow::before{top:0;border-bottom-color:var(--bs-popover-arrow-border)}.bs-popover-bottom>.popover-arrow::after,.bs-popover-auto[data-popper-placement^=bottom]>.popover-arrow::after{top:var(--bs-popover-border-width);border-bottom-color:var(--bs-popover-bg)}.bs-popover-bottom .popover-header::before,.bs-popover-auto[data-popper-placement^=bottom] .popover-header::before{position:absolute;top:0;left:50%;display:block;width:var(--bs-popover-arrow-width);margin-left:calc(-0.5*var(--bs-popover-arrow-width));content:\"\";border-bottom:var(--bs-popover-border-width) solid var(--bs-popover-header-bg)}.bs-popover-start>.popover-arrow,.bs-popover-auto[data-popper-placement^=left]>.popover-arrow{right:calc(-1*(var(--bs-popover-arrow-height)) - var(--bs-popover-border-width));width:var(--bs-popover-arrow-height);height:var(--bs-popover-arrow-width)}.bs-popover-start>.popover-arrow::before,.bs-popover-auto[data-popper-placement^=left]>.popover-arrow::before,.bs-popover-start>.popover-arrow::after,.bs-popover-auto[data-popper-placement^=left]>.popover-arrow::after{border-width:calc(var(--bs-popover-arrow-width)*.5) 0 calc(var(--bs-popover-arrow-width)*.5) var(--bs-popover-arrow-height)}.bs-popover-start>.popover-arrow::before,.bs-popover-auto[data-popper-placement^=left]>.popover-arrow::before{right:0;border-left-color:var(--bs-popover-arrow-border)}.bs-popover-start>.popover-arrow::after,.bs-popover-auto[data-popper-placement^=left]>.popover-arrow::after{right:var(--bs-popover-border-width);border-left-color:var(--bs-popover-bg)}.popover-header{padding:var(--bs-popover-header-padding-y) var(--bs-popover-header-padding-x);margin-bottom:0;font-size:var(--bs-popover-header-font-size);color:var(--bs-popover-header-color);background-color:var(--bs-popover-header-bg);border-bottom:var(--bs-popover-border-width) solid var(--bs-popover-border-color);border-top-left-radius:var(--bs-popover-inner-border-radius);border-top-right-radius:var(--bs-popover-inner-border-radius)}.popover-header:empty{display:none}.popover-body{padding:var(--bs-popover-body-padding-y) var(--bs-popover-body-padding-x);color:var(--bs-popover-body-color)}.carousel{position:relative}.carousel.pointer-event{touch-action:pan-y}.carousel-inner{position:relative;width:100%;overflow:hidden}.carousel-inner::after{display:block;clear:both;content:\"\"}.carousel-item{position:relative;display:none;float:left;width:100%;margin-right:-100%;-webkit-backface-visibility:hidden;backface-visibility:hidden;transition:transform .6s ease-in-out}@media(prefers-reduced-motion: reduce){.carousel-item{transition:none}}.carousel-item.active,.carousel-item-next,.carousel-item-prev{display:block}.carousel-item-next:not(.carousel-item-start),.active.carousel-item-end{transform:translateX(100%)}.carousel-item-prev:not(.carousel-item-end),.active.carousel-item-start{transform:translateX(-100%)}.carousel-fade .carousel-item{opacity:0;transition-property:opacity;transform:none}.carousel-fade .carousel-item.active,.carousel-fade .carousel-item-next.carousel-item-start,.carousel-fade .carousel-item-prev.carousel-item-end{z-index:1;opacity:1}.carousel-fade .active.carousel-item-start,.carousel-fade .active.carousel-item-end{z-index:0;opacity:0;transition:opacity 0s .6s}@media(prefers-reduced-motion: reduce){.carousel-fade .active.carousel-item-start,.carousel-fade .active.carousel-item-end{transition:none}}.carousel-control-prev,.carousel-control-next{position:absolute;top:0;bottom:0;z-index:1;display:flex;align-items:center;justify-content:center;width:15%;padding:0;color:#fff;text-align:center;background:none;filter: ;filter:var(--bs-carousel-control-icon-filter);border:0;opacity:.5;transition:opacity .15s ease}@media(prefers-reduced-motion: reduce){.carousel-control-prev,.carousel-control-next{transition:none}}.carousel-control-prev:hover,.carousel-control-prev:focus,.carousel-control-next:hover,.carousel-control-next:focus{color:#fff;text-decoration:none;outline:0;opacity:.9}.carousel-control-prev{left:0}.carousel-control-next{right:0}.carousel-control-prev-icon,.carousel-control-next-icon{display:inline-block;width:2rem;height:2rem;background-repeat:no-repeat;background-position:50%;background-size:100% 100%}.carousel-control-prev-icon{background-image:url(" + ___CSS_LOADER_URL_REPLACEMENT_12___ + ") /*rtl:url(\"data:image/svg+xml,%3csvg xmlns='http://www.w3.org/2000/svg' viewBox='0 0 16 16' fill='%23ffffff'%3e%3cpath d='M4.646 1.646a.5.5 0 0 1 .708 0l6 6a.5.5 0 0 1 0 .708l-6 6a.5.5 0 0 1-.708-.708L10.293 8 4.646 2.354a.5.5 0 0 1 0-.708'/%3e%3c/svg%3e\")*/}.carousel-control-next-icon{background-image:url(" + ___CSS_LOADER_URL_REPLACEMENT_13___ + ") /*rtl:url(\"data:image/svg+xml,%3csvg xmlns='http://www.w3.org/2000/svg' viewBox='0 0 16 16' fill='%23ffffff'%3e%3cpath d='M11.354 1.646a.5.5 0 0 1 0 .708L5.707 8l5.647 5.646a.5.5 0 0 1-.708.708l-6-6a.5.5 0 0 1 0-.708l6-6a.5.5 0 0 1 .708 0'/%3e%3c/svg%3e\")*/}.carousel-indicators{position:absolute;right:0;bottom:0;left:0;z-index:2;display:flex;justify-content:center;padding:0;margin-right:15%;margin-bottom:1rem;margin-left:15%}.carousel-indicators [data-bs-target]{box-sizing:content-box;flex:0 1 auto;width:30px;height:3px;padding:0;margin-right:3px;margin-left:3px;text-indent:-999px;cursor:pointer;background-color:#ffffff;background-color:var(--bs-carousel-indicator-active-bg);background-clip:padding-box;border:0;border-top:10px solid rgba(0,0,0,0);border-bottom:10px solid rgba(0,0,0,0);opacity:.5;transition:opacity .6s ease}@media(prefers-reduced-motion: reduce){.carousel-indicators [data-bs-target]{transition:none}}.carousel-indicators .active{opacity:1}.carousel-caption{position:absolute;right:15%;bottom:1.25rem;left:15%;padding-top:1.25rem;padding-bottom:1.25rem;color:#ffffff;color:var(--bs-carousel-caption-color);text-align:center}.carousel-dark{--bs-carousel-indicator-active-bg: #1a1a1a;--bs-carousel-caption-color: #1a1a1a;--bs-carousel-control-icon-filter: invert(1) grayscale(100)}:root,[data-bs-theme=light]{--bs-carousel-indicator-active-bg: #ffffff;--bs-carousel-caption-color: #ffffff;--bs-carousel-control-icon-filter: }.spinner-grow,.spinner-border{display:inline-block;flex-shrink:0;width:var(--bs-spinner-width);height:var(--bs-spinner-height);vertical-align:var(--bs-spinner-vertical-align);border-radius:50%;animation:var(--bs-spinner-animation-speed) linear infinite var(--bs-spinner-animation-name)}@keyframes spinner-border{to{transform:rotate(360deg) /* rtl:ignore */}}.spinner-border{--bs-spinner-width: 2rem;--bs-spinner-height: 2rem;--bs-spinner-vertical-align: -0.125em;--bs-spinner-border-width: 0.25em;--bs-spinner-animation-speed: 0.75s;--bs-spinner-animation-name: spinner-border;border:0.25em solid currentcolor;border:var(--bs-spinner-border-width) solid currentcolor;border-right-color:rgba(0,0,0,0)}.spinner-border-sm{--bs-spinner-width: 1rem;--bs-spinner-height: 1rem;--bs-spinner-border-width: 0.2em}@keyframes spinner-grow{0%{transform:scale(0)}50%{opacity:1;transform:none}}.spinner-grow{--bs-spinner-width: 2rem;--bs-spinner-height: 2rem;--bs-spinner-vertical-align: -0.125em;--bs-spinner-animation-speed: 0.75s;--bs-spinner-animation-name: spinner-grow;background-color:currentcolor;opacity:0}.spinner-grow-sm{--bs-spinner-width: 1rem;--bs-spinner-height: 1rem}@media(prefers-reduced-motion: reduce){.spinner-border,.spinner-grow{--bs-spinner-animation-speed: 1.5s}}.offcanvas,.offcanvas-xxl,.offcanvas-xl,.offcanvas-lg,.offcanvas-md,.offcanvas-sm{--bs-offcanvas-zindex: 1045;--bs-offcanvas-width: 400px;--bs-offcanvas-height: 30vh;--bs-offcanvas-padding-x: 1rem;--bs-offcanvas-padding-y: 1rem;--bs-offcanvas-color: var(--bs-body-color);--bs-offcanvas-bg: var(--bs-body-bg);--bs-offcanvas-border-width: 0;--bs-offcanvas-border-color: var(--bs-border-color-translucent);--bs-offcanvas-box-shadow: var(--bs-box-shadow-sm);--bs-offcanvas-transition: transform 0.3s ease-in-out;--bs-offcanvas-title-line-height: 1.5}@media(max-width: 575.98px){.offcanvas-sm{position:fixed;bottom:0;z-index:var(--bs-offcanvas-zindex);display:flex;flex-direction:column;max-width:100%;color:var(--bs-offcanvas-color);visibility:hidden;background-color:var(--bs-offcanvas-bg);background-clip:padding-box;outline:0;transition:var(--bs-offcanvas-transition)}}@media(max-width: 575.98px)and (prefers-reduced-motion: reduce){.offcanvas-sm{transition:none}}@media(max-width: 575.98px){.offcanvas-sm.offcanvas-start{top:0;left:0;width:var(--bs-offcanvas-width);border-right:var(--bs-offcanvas-border-width) solid var(--bs-offcanvas-border-color);transform:translateX(-100%)}.offcanvas-sm.offcanvas-end{top:0;right:0;width:var(--bs-offcanvas-width);border-left:var(--bs-offcanvas-border-width) solid var(--bs-offcanvas-border-color);transform:translateX(100%)}.offcanvas-sm.offcanvas-top{top:0;right:0;left:0;height:var(--bs-offcanvas-height);max-height:100%;border-bottom:var(--bs-offcanvas-border-width) solid var(--bs-offcanvas-border-color);transform:translateY(-100%)}.offcanvas-sm.offcanvas-bottom{right:0;left:0;height:var(--bs-offcanvas-height);max-height:100%;border-top:var(--bs-offcanvas-border-width) solid var(--bs-offcanvas-border-color);transform:translateY(100%)}.offcanvas-sm.showing,.offcanvas-sm.show:not(.hiding){transform:none}.offcanvas-sm.showing,.offcanvas-sm.hiding,.offcanvas-sm.show{visibility:visible}}@media(min-width: 576px){.offcanvas-sm{--bs-offcanvas-height: auto;--bs-offcanvas-border-width: 0;background-color:rgba(0,0,0,0) !important}.offcanvas-sm .offcanvas-header{display:none}.offcanvas-sm .offcanvas-body{display:flex;flex-grow:0;padding:0;overflow-y:visible;background-color:rgba(0,0,0,0) !important}}@media(max-width: 767.98px){.offcanvas-md{position:fixed;bottom:0;z-index:var(--bs-offcanvas-zindex);display:flex;flex-direction:column;max-width:100%;color:var(--bs-offcanvas-color);visibility:hidden;background-color:var(--bs-offcanvas-bg);background-clip:padding-box;outline:0;transition:var(--bs-offcanvas-transition)}}@media(max-width: 767.98px)and (prefers-reduced-motion: reduce){.offcanvas-md{transition:none}}@media(max-width: 767.98px){.offcanvas-md.offcanvas-start{top:0;left:0;width:var(--bs-offcanvas-width);border-right:var(--bs-offcanvas-border-width) solid var(--bs-offcanvas-border-color);transform:translateX(-100%)}.offcanvas-md.offcanvas-end{top:0;right:0;width:var(--bs-offcanvas-width);border-left:var(--bs-offcanvas-border-width) solid var(--bs-offcanvas-border-color);transform:translateX(100%)}.offcanvas-md.offcanvas-top{top:0;right:0;left:0;height:var(--bs-offcanvas-height);max-height:100%;border-bottom:var(--bs-offcanvas-border-width) solid var(--bs-offcanvas-border-color);transform:translateY(-100%)}.offcanvas-md.offcanvas-bottom{right:0;left:0;height:var(--bs-offcanvas-height);max-height:100%;border-top:var(--bs-offcanvas-border-width) solid var(--bs-offcanvas-border-color);transform:translateY(100%)}.offcanvas-md.showing,.offcanvas-md.show:not(.hiding){transform:none}.offcanvas-md.showing,.offcanvas-md.hiding,.offcanvas-md.show{visibility:visible}}@media(min-width: 768px){.offcanvas-md{--bs-offcanvas-height: auto;--bs-offcanvas-border-width: 0;background-color:rgba(0,0,0,0) !important}.offcanvas-md .offcanvas-header{display:none}.offcanvas-md .offcanvas-body{display:flex;flex-grow:0;padding:0;overflow-y:visible;background-color:rgba(0,0,0,0) !important}}@media(max-width: 991.98px){.offcanvas-lg{position:fixed;bottom:0;z-index:var(--bs-offcanvas-zindex);display:flex;flex-direction:column;max-width:100%;color:var(--bs-offcanvas-color);visibility:hidden;background-color:var(--bs-offcanvas-bg);background-clip:padding-box;outline:0;transition:var(--bs-offcanvas-transition)}}@media(max-width: 991.98px)and (prefers-reduced-motion: reduce){.offcanvas-lg{transition:none}}@media(max-width: 991.98px){.offcanvas-lg.offcanvas-start{top:0;left:0;width:var(--bs-offcanvas-width);border-right:var(--bs-offcanvas-border-width) solid var(--bs-offcanvas-border-color);transform:translateX(-100%)}.offcanvas-lg.offcanvas-end{top:0;right:0;width:var(--bs-offcanvas-width);border-left:var(--bs-offcanvas-border-width) solid var(--bs-offcanvas-border-color);transform:translateX(100%)}.offcanvas-lg.offcanvas-top{top:0;right:0;left:0;height:var(--bs-offcanvas-height);max-height:100%;border-bottom:var(--bs-offcanvas-border-width) solid var(--bs-offcanvas-border-color);transform:translateY(-100%)}.offcanvas-lg.offcanvas-bottom{right:0;left:0;height:var(--bs-offcanvas-height);max-height:100%;border-top:var(--bs-offcanvas-border-width) solid var(--bs-offcanvas-border-color);transform:translateY(100%)}.offcanvas-lg.showing,.offcanvas-lg.show:not(.hiding){transform:none}.offcanvas-lg.showing,.offcanvas-lg.hiding,.offcanvas-lg.show{visibility:visible}}@media(min-width: 992px){.offcanvas-lg{--bs-offcanvas-height: auto;--bs-offcanvas-border-width: 0;background-color:rgba(0,0,0,0) !important}.offcanvas-lg .offcanvas-header{display:none}.offcanvas-lg .offcanvas-body{display:flex;flex-grow:0;padding:0;overflow-y:visible;background-color:rgba(0,0,0,0) !important}}@media(max-width: 1199.98px){.offcanvas-xl{position:fixed;bottom:0;z-index:var(--bs-offcanvas-zindex);display:flex;flex-direction:column;max-width:100%;color:var(--bs-offcanvas-color);visibility:hidden;background-color:var(--bs-offcanvas-bg);background-clip:padding-box;outline:0;transition:var(--bs-offcanvas-transition)}}@media(max-width: 1199.98px)and (prefers-reduced-motion: reduce){.offcanvas-xl{transition:none}}@media(max-width: 1199.98px){.offcanvas-xl.offcanvas-start{top:0;left:0;width:var(--bs-offcanvas-width);border-right:var(--bs-offcanvas-border-width) solid var(--bs-offcanvas-border-color);transform:translateX(-100%)}.offcanvas-xl.offcanvas-end{top:0;right:0;width:var(--bs-offcanvas-width);border-left:var(--bs-offcanvas-border-width) solid var(--bs-offcanvas-border-color);transform:translateX(100%)}.offcanvas-xl.offcanvas-top{top:0;right:0;left:0;height:var(--bs-offcanvas-height);max-height:100%;border-bottom:var(--bs-offcanvas-border-width) solid var(--bs-offcanvas-border-color);transform:translateY(-100%)}.offcanvas-xl.offcanvas-bottom{right:0;left:0;height:var(--bs-offcanvas-height);max-height:100%;border-top:var(--bs-offcanvas-border-width) solid var(--bs-offcanvas-border-color);transform:translateY(100%)}.offcanvas-xl.showing,.offcanvas-xl.show:not(.hiding){transform:none}.offcanvas-xl.showing,.offcanvas-xl.hiding,.offcanvas-xl.show{visibility:visible}}@media(min-width: 1200px){.offcanvas-xl{--bs-offcanvas-height: auto;--bs-offcanvas-border-width: 0;background-color:rgba(0,0,0,0) !important}.offcanvas-xl .offcanvas-header{display:none}.offcanvas-xl .offcanvas-body{display:flex;flex-grow:0;padding:0;overflow-y:visible;background-color:rgba(0,0,0,0) !important}}@media(max-width: 1439.98px){.offcanvas-xxl{position:fixed;bottom:0;z-index:var(--bs-offcanvas-zindex);display:flex;flex-direction:column;max-width:100%;color:var(--bs-offcanvas-color);visibility:hidden;background-color:var(--bs-offcanvas-bg);background-clip:padding-box;outline:0;transition:var(--bs-offcanvas-transition)}}@media(max-width: 1439.98px)and (prefers-reduced-motion: reduce){.offcanvas-xxl{transition:none}}@media(max-width: 1439.98px){.offcanvas-xxl.offcanvas-start{top:0;left:0;width:var(--bs-offcanvas-width);border-right:var(--bs-offcanvas-border-width) solid var(--bs-offcanvas-border-color);transform:translateX(-100%)}.offcanvas-xxl.offcanvas-end{top:0;right:0;width:var(--bs-offcanvas-width);border-left:var(--bs-offcanvas-border-width) solid var(--bs-offcanvas-border-color);transform:translateX(100%)}.offcanvas-xxl.offcanvas-top{top:0;right:0;left:0;height:var(--bs-offcanvas-height);max-height:100%;border-bottom:var(--bs-offcanvas-border-width) solid var(--bs-offcanvas-border-color);transform:translateY(-100%)}.offcanvas-xxl.offcanvas-bottom{right:0;left:0;height:var(--bs-offcanvas-height);max-height:100%;border-top:var(--bs-offcanvas-border-width) solid var(--bs-offcanvas-border-color);transform:translateY(100%)}.offcanvas-xxl.showing,.offcanvas-xxl.show:not(.hiding){transform:none}.offcanvas-xxl.showing,.offcanvas-xxl.hiding,.offcanvas-xxl.show{visibility:visible}}@media(min-width: 1440px){.offcanvas-xxl{--bs-offcanvas-height: auto;--bs-offcanvas-border-width: 0;background-color:rgba(0,0,0,0) !important}.offcanvas-xxl .offcanvas-header{display:none}.offcanvas-xxl .offcanvas-body{display:flex;flex-grow:0;padding:0;overflow-y:visible;background-color:rgba(0,0,0,0) !important}}.offcanvas{position:fixed;bottom:0;z-index:var(--bs-offcanvas-zindex);display:flex;flex-direction:column;max-width:100%;color:var(--bs-offcanvas-color);visibility:hidden;background-color:var(--bs-offcanvas-bg);background-clip:padding-box;outline:0;transition:var(--bs-offcanvas-transition)}@media(prefers-reduced-motion: reduce){.offcanvas{transition:none}}.offcanvas.offcanvas-start{top:0;left:0;width:var(--bs-offcanvas-width);border-right:var(--bs-offcanvas-border-width) solid var(--bs-offcanvas-border-color);transform:translateX(-100%)}.offcanvas.offcanvas-end{top:0;right:0;width:var(--bs-offcanvas-width);border-left:var(--bs-offcanvas-border-width) solid var(--bs-offcanvas-border-color);transform:translateX(100%)}.offcanvas.offcanvas-top{top:0;right:0;left:0;height:var(--bs-offcanvas-height);max-height:100%;border-bottom:var(--bs-offcanvas-border-width) solid var(--bs-offcanvas-border-color);transform:translateY(-100%)}.offcanvas.offcanvas-bottom{right:0;left:0;height:var(--bs-offcanvas-height);max-height:100%;border-top:var(--bs-offcanvas-border-width) solid var(--bs-offcanvas-border-color);transform:translateY(100%)}.offcanvas.showing,.offcanvas.show:not(.hiding){transform:none}.offcanvas.showing,.offcanvas.hiding,.offcanvas.show{visibility:visible}.offcanvas-backdrop{position:fixed;top:0;left:0;z-index:1040;width:100vw;height:100vh;background-color:#1a1a1a}.offcanvas-backdrop.fade{opacity:0}.offcanvas-backdrop.show{opacity:.5}.offcanvas-header{display:flex;align-items:center;padding:var(--bs-offcanvas-padding-y) var(--bs-offcanvas-padding-x)}.offcanvas-header .btn-close{padding:calc(var(--bs-offcanvas-padding-y)*.5) calc(var(--bs-offcanvas-padding-x)*.5);margin-top:calc(-0.5*var(--bs-offcanvas-padding-y));margin-right:calc(-0.5*var(--bs-offcanvas-padding-x));margin-bottom:calc(-0.5*var(--bs-offcanvas-padding-y));margin-left:auto}.offcanvas-title{margin-bottom:0;line-height:var(--bs-offcanvas-title-line-height)}.offcanvas-body{flex-grow:1;padding:var(--bs-offcanvas-padding-y) var(--bs-offcanvas-padding-x);overflow-y:auto}.placeholder{display:inline-block;min-height:1em;vertical-align:middle;cursor:wait;background-color:currentcolor;opacity:.5}.placeholder.btn::before{display:inline-block;content:\"\"}.placeholder-xs{min-height:.6em}.placeholder-sm{min-height:.8em}.placeholder-lg{min-height:1.2em}.placeholder-glow .placeholder{animation:placeholder-glow 2s ease-in-out infinite}@keyframes placeholder-glow{50%{opacity:.2}}.placeholder-wave{-webkit-mask-image:linear-gradient(130deg, #1a1a1a 55%, rgba(0, 0, 0, 0.8) 75%, #1a1a1a 95%);mask-image:linear-gradient(130deg, #1a1a1a 55%, rgba(0, 0, 0, 0.8) 75%, #1a1a1a 95%);-webkit-mask-size:200% 100%;mask-size:200% 100%;animation:placeholder-wave 2s linear infinite}@keyframes placeholder-wave{100%{-webkit-mask-position:-200% 0%;mask-position:-200% 0%}}.clearfix::after{display:block;clear:both;content:\"\"}.text-bg-aqua{color:#1a1a1a !important;background-color:RGBA(0, 255, 255, 1) !important;background-color:RGBA(var(--bs-aqua-rgb), var(--bs-bg-opacity, 1)) !important}.text-bg-beige{color:#1a1a1a !important;background-color:RGBA(245, 245, 220, 1) !important;background-color:RGBA(var(--bs-beige-rgb), var(--bs-bg-opacity, 1)) !important}.text-bg-bisque{color:#1a1a1a !important;background-color:RGBA(255, 228, 196, 1) !important;background-color:RGBA(var(--bs-bisque-rgb), var(--bs-bg-opacity, 1)) !important}.text-bg-black{color:#fff !important;background-color:RGBA(26, 26, 26, 1) !important;background-color:RGBA(var(--bs-black-rgb), var(--bs-bg-opacity, 1)) !important}.text-bg-blue{color:#fff !important;background-color:RGBA(0, 56, 118, 1) !important;background-color:RGBA(var(--bs-blue-rgb), var(--bs-bg-opacity, 1)) !important}.text-bg-blueviolet{color:#fff !important;background-color:RGBA(138, 43, 226, 1) !important;background-color:RGBA(var(--bs-blueviolet-rgb), var(--bs-bg-opacity, 1)) !important}.text-bg-brown{color:#fff !important;background-color:RGBA(165, 42, 42, 1) !important;background-color:RGBA(var(--bs-brown-rgb), var(--bs-bg-opacity, 1)) !important}.text-bg-burly{color:#1a1a1a !important;background-color:RGBA(222, 184, 135, 1) !important;background-color:RGBA(var(--bs-burly-rgb), var(--bs-bg-opacity, 1)) !important}.text-bg-cadet{color:#fff !important;background-color:RGBA(95, 158, 160, 1) !important;background-color:RGBA(var(--bs-cadet-rgb), var(--bs-bg-opacity, 1)) !important}.text-bg-charcoal{color:#fff !important;background-color:RGBA(43, 47, 54, 1) !important;background-color:RGBA(var(--bs-charcoal-rgb), var(--bs-bg-opacity, 1)) !important}.text-bg-chocolate{color:#fff !important;background-color:RGBA(210, 105, 30, 1) !important;background-color:RGBA(var(--bs-chocolate-rgb), var(--bs-bg-opacity, 1)) !important}.text-bg-coral{color:#fff !important;background-color:RGBA(198, 90, 74, 1) !important;background-color:RGBA(var(--bs-coral-rgb), var(--bs-bg-opacity, 1)) !important}.text-bg-crimson{color:#fff !important;background-color:RGBA(220, 20, 60, 1) !important;background-color:RGBA(var(--bs-crimson-rgb), var(--bs-bg-opacity, 1)) !important}.text-bg-cyan{color:#1a1a1a !important;background-color:RGBA(0, 255, 255, 1) !important;background-color:RGBA(var(--bs-cyan-rgb), var(--bs-bg-opacity, 1)) !important}.text-bg-danger{color:#fff !important;background-color:RGBA(206, 17, 38, 1) !important;background-color:RGBA(var(--bs-danger-rgb), var(--bs-bg-opacity, 1)) !important}.text-bg-dark{color:#fff !important;background-color:RGBA(43, 47, 54, 1) !important;background-color:RGBA(var(--bs-dark-rgb), var(--bs-bg-opacity, 1)) !important}.text-bg-deep{color:#fff !important;background-color:RGBA(255, 20, 147, 1) !important;background-color:RGBA(var(--bs-deep-rgb), var(--bs-bg-opacity, 1)) !important}.text-bg-dodger{color:#fff !important;background-color:RGBA(30, 144, 255, 1) !important;background-color:RGBA(var(--bs-dodger-rgb), var(--bs-bg-opacity, 1)) !important}.text-bg-fire{color:#fff !important;background-color:RGBA(178, 34, 34, 1) !important;background-color:RGBA(var(--bs-fire-rgb), var(--bs-bg-opacity, 1)) !important}.text-bg-gold{color:#1a1a1a !important;background-color:RGBA(201, 162, 39, 1) !important;background-color:RGBA(var(--bs-gold-rgb), var(--bs-bg-opacity, 1)) !important}.text-bg-goldenrod{color:#1a1a1a !important;background-color:RGBA(218, 165, 32, 1) !important;background-color:RGBA(var(--bs-goldenrod-rgb), var(--bs-bg-opacity, 1)) !important}.text-bg-gray{color:#fff !important;background-color:RGBA(112, 128, 144, 1) !important;background-color:RGBA(var(--bs-gray-rgb), var(--bs-bg-opacity, 1)) !important}.text-bg-green{color:#fff !important;background-color:RGBA(8, 114, 8, 1) !important;background-color:RGBA(var(--bs-green-rgb), var(--bs-bg-opacity, 1)) !important}.text-bg-indian{color:#fff !important;background-color:RGBA(205, 92, 92, 1) !important;background-color:RGBA(var(--bs-indian-rgb), var(--bs-bg-opacity, 1)) !important}.text-bg-indigo{color:#fff !important;background-color:RGBA(10, 10, 10, 1) !important;background-color:RGBA(var(--bs-indigo-rgb), var(--bs-bg-opacity, 1)) !important}.text-bg-info{color:#1a1a1a !important;background-color:RGBA(0, 255, 255, 1) !important;background-color:RGBA(var(--bs-info-rgb), var(--bs-bg-opacity, 1)) !important}.text-bg-lemon{color:#1a1a1a !important;background-color:RGBA(255, 250, 205, 1) !important;background-color:RGBA(var(--bs-lemon-rgb), var(--bs-bg-opacity, 1)) !important}.text-bg-light{color:#1a1a1a !important;background-color:RGBA(245, 247, 251, 1) !important;background-color:RGBA(var(--bs-light-rgb), var(--bs-bg-opacity, 1)) !important}.text-bg-lime{color:#1a1a1a !important;background-color:RGBA(0, 255, 0, 1) !important;background-color:RGBA(var(--bs-lime-rgb), var(--bs-bg-opacity, 1)) !important}.text-bg-magenta{color:#fff !important;background-color:RGBA(255, 0, 255, 1) !important;background-color:RGBA(var(--bs-magenta-rgb), var(--bs-bg-opacity, 1)) !important}.text-bg-maroon{color:#fff !important;background-color:RGBA(128, 0, 0, 1) !important;background-color:RGBA(var(--bs-maroon-rgb), var(--bs-bg-opacity, 1)) !important}.text-bg-midnight{color:#fff !important;background-color:RGBA(25, 25, 112, 1) !important;background-color:RGBA(var(--bs-midnight-rgb), var(--bs-bg-opacity, 1)) !important}.text-bg-mint{color:#1a1a1a !important;background-color:RGBA(95, 179, 162, 1) !important;background-color:RGBA(var(--bs-mint-rgb), var(--bs-bg-opacity, 1)) !important}.text-bg-moccasin{color:#1a1a1a !important;background-color:RGBA(255, 228, 181, 1) !important;background-color:RGBA(var(--bs-moccasin-rgb), var(--bs-bg-opacity, 1)) !important}.text-bg-navy{color:#fff !important;background-color:RGBA(24, 58, 93, 1) !important;background-color:RGBA(var(--bs-navy-rgb), var(--bs-bg-opacity, 1)) !important}.text-bg-navajo{color:#1a1a1a !important;background-color:RGBA(255, 222, 173, 1) !important;background-color:RGBA(var(--bs-navajo-rgb), var(--bs-bg-opacity, 1)) !important}.text-bg-olive{color:#fff !important;background-color:RGBA(122, 143, 58, 1) !important;background-color:RGBA(var(--bs-olive-rgb), var(--bs-bg-opacity, 1)) !important}.text-bg-orange{color:#fff !important;background-color:RGBA(254, 80, 0, 1) !important;background-color:RGBA(var(--bs-orange-rgb), var(--bs-bg-opacity, 1)) !important}.text-bg-orangered{color:#fff !important;background-color:RGBA(255, 69, 0, 1) !important;background-color:RGBA(var(--bs-orangered-rgb), var(--bs-bg-opacity, 1)) !important}.text-bg-papaya{color:#1a1a1a !important;background-color:RGBA(255, 239, 213, 1) !important;background-color:RGBA(var(--bs-papaya-rgb), var(--bs-bg-opacity, 1)) !important}.text-bg-peru{color:#1a1a1a !important;background-color:RGBA(205, 133, 63, 1) !important;background-color:RGBA(var(--bs-peru-rgb), var(--bs-bg-opacity, 1)) !important}.text-bg-pink{color:#1a1a1a !important;background-color:RGBA(255, 105, 180, 1) !important;background-color:RGBA(var(--bs-pink-rgb), var(--bs-bg-opacity, 1)) !important}.text-bg-primary{color:#fff !important;background-color:RGBA(0, 56, 118, 1) !important;background-color:RGBA(var(--bs-primary-rgb), var(--bs-bg-opacity, 1)) !important}.text-bg-purple{color:#fff !important;background-color:RGBA(128, 0, 128, 1) !important;background-color:RGBA(var(--bs-purple-rgb), var(--bs-bg-opacity, 1)) !important}.text-bg-red{color:#fff !important;background-color:RGBA(206, 17, 38, 1) !important;background-color:RGBA(var(--bs-red-rgb), var(--bs-bg-opacity, 1)) !important}.text-bg-rose{color:#fff !important;background-color:RGBA(184, 92, 122, 1) !important;background-color:RGBA(var(--bs-rose-rgb), var(--bs-bg-opacity, 1)) !important}.text-bg-royal{color:#fff !important;background-color:RGBA(65, 105, 225, 1) !important;background-color:RGBA(var(--bs-royal-rgb), var(--bs-bg-opacity, 1)) !important}.text-bg-salmon{color:#1a1a1a !important;background-color:RGBA(250, 128, 114, 1) !important;background-color:RGBA(var(--bs-salmon-rgb), var(--bs-bg-opacity, 1)) !important}.text-bg-sand{color:#1a1a1a !important;background-color:RGBA(230, 216, 195, 1) !important;background-color:RGBA(var(--bs-sand-rgb), var(--bs-bg-opacity, 1)) !important}.text-bg-secondary{color:#fff !important;background-color:RGBA(108, 117, 125, 1) !important;background-color:RGBA(var(--bs-secondary-rgb), var(--bs-bg-opacity, 1)) !important}.text-bg-sienna{color:#fff !important;background-color:RGBA(160, 82, 45, 1) !important;background-color:RGBA(var(--bs-sienna-rgb), var(--bs-bg-opacity, 1)) !important}.text-bg-silver{color:#1a1a1a !important;background-color:RGBA(192, 192, 192, 1) !important;background-color:RGBA(var(--bs-silver-rgb), var(--bs-bg-opacity, 1)) !important}.text-bg-sky{color:#1a1a1a !important;background-color:RGBA(111, 163, 216, 1) !important;background-color:RGBA(var(--bs-sky-rgb), var(--bs-bg-opacity, 1)) !important}.text-bg-slate{color:#fff !important;background-color:RGBA(74, 93, 115, 1) !important;background-color:RGBA(var(--bs-slate-rgb), var(--bs-bg-opacity, 1)) !important}.text-bg-success{color:#fff !important;background-color:RGBA(25, 135, 84, 1) !important;background-color:RGBA(var(--bs-success-rgb), var(--bs-bg-opacity, 1)) !important}.text-bg-tan{color:#1a1a1a !important;background-color:RGBA(210, 180, 140, 1) !important;background-color:RGBA(var(--bs-tan-rgb), var(--bs-bg-opacity, 1)) !important}.text-bg-teal{color:#fff !important;background-color:RGBA(0, 128, 128, 1) !important;background-color:RGBA(var(--bs-teal-rgb), var(--bs-bg-opacity, 1)) !important}.text-bg-tomato{color:#1a1a1a !important;background-color:RGBA(255, 99, 71, 1) !important;background-color:RGBA(var(--bs-tomato-rgb), var(--bs-bg-opacity, 1)) !important}.text-bg-turquoise{color:#1a1a1a !important;background-color:RGBA(64, 224, 208, 1) !important;background-color:RGBA(var(--bs-turquoise-rgb), var(--bs-bg-opacity, 1)) !important}.text-bg-violet{color:#1a1a1a !important;background-color:RGBA(238, 130, 238, 1) !important;background-color:RGBA(var(--bs-violet-rgb), var(--bs-bg-opacity, 1)) !important}.text-bg-violetred{color:#fff !important;background-color:RGBA(199, 21, 133, 1) !important;background-color:RGBA(var(--bs-violetred-rgb), var(--bs-bg-opacity, 1)) !important}.text-bg-warning{color:#1a1a1a !important;background-color:RGBA(255, 193, 7, 1) !important;background-color:RGBA(var(--bs-warning-rgb), var(--bs-bg-opacity, 1)) !important}.text-bg-yellow{color:#1a1a1a !important;background-color:RGBA(239, 223, 0, 1) !important;background-color:RGBA(var(--bs-yellow-rgb), var(--bs-bg-opacity, 1)) !important}.text-bg-bitbucket{color:#fff !important;background-color:RGBA(0, 82, 204, 1) !important;background-color:RGBA(var(--bs-bitbucket-rgb), var(--bs-bg-opacity, 1)) !important}.text-bg-dribbble{color:#fff !important;background-color:RGBA(234, 76, 137, 1) !important;background-color:RGBA(var(--bs-dribbble-rgb), var(--bs-bg-opacity, 1)) !important}.text-bg-facebook{color:#fff !important;background-color:RGBA(24, 119, 242, 1) !important;background-color:RGBA(var(--bs-facebook-rgb), var(--bs-bg-opacity, 1)) !important}.text-bg-flickr{color:#fff !important;background-color:RGBA(0, 99, 220, 1) !important;background-color:RGBA(var(--bs-flickr-rgb), var(--bs-bg-opacity, 1)) !important}.text-bg-github{color:#fff !important;background-color:RGBA(24, 23, 23, 1) !important;background-color:RGBA(var(--bs-github-rgb), var(--bs-bg-opacity, 1)) !important}.text-bg-google{color:#fff !important;background-color:RGBA(219, 68, 55, 1) !important;background-color:RGBA(var(--bs-google-rgb), var(--bs-bg-opacity, 1)) !important}.text-bg-instagram{color:#fff !important;background-color:RGBA(228, 64, 95, 1) !important;background-color:RGBA(var(--bs-instagram-rgb), var(--bs-bg-opacity, 1)) !important}.text-bg-pinterest{color:#fff !important;background-color:RGBA(189, 8, 28, 1) !important;background-color:RGBA(var(--bs-pinterest-rgb), var(--bs-bg-opacity, 1)) !important}.text-bg-twitter{color:#1a1a1a !important;background-color:RGBA(29, 161, 242, 1) !important;background-color:RGBA(var(--bs-twitter-rgb), var(--bs-bg-opacity, 1)) !important}.text-bg-vimeo{color:#1a1a1a !important;background-color:RGBA(26, 183, 234, 1) !important;background-color:RGBA(var(--bs-vimeo-rgb), var(--bs-bg-opacity, 1)) !important}.text-bg-youtube{color:#fff !important;background-color:RGBA(255, 0, 0, 1) !important;background-color:RGBA(var(--bs-youtube-rgb), var(--bs-bg-opacity, 1)) !important}.link-aqua{color:RGBA(0, 255, 255, 1) !important;color:RGBA(var(--bs-aqua-rgb), var(--bs-link-opacity, 1)) !important;-webkit-text-decoration-color:RGBA(0, 255, 255, 1) !important;text-decoration-color:RGBA(0, 255, 255, 1) !important;-webkit-text-decoration-color:RGBA(var(--bs-aqua-rgb), var(--bs-link-underline-opacity, 1)) !important;text-decoration-color:RGBA(var(--bs-aqua-rgb), var(--bs-link-underline-opacity, 1)) !important}.link-aqua:hover,.link-aqua:focus{color:RGBA(51, 255, 255, 1) !important;color:RGBA(51, 255, 255, var(--bs-link-opacity, 1)) !important;-webkit-text-decoration-color:RGBA(51, 255, 255, 1) !important;text-decoration-color:RGBA(51, 255, 255, 1) !important;-webkit-text-decoration-color:RGBA(51, 255, 255, var(--bs-link-underline-opacity, 1)) !important;text-decoration-color:RGBA(51, 255, 255, var(--bs-link-underline-opacity, 1)) !important}.link-beige{color:RGBA(245, 245, 220, 1) !important;color:RGBA(var(--bs-beige-rgb), var(--bs-link-opacity, 1)) !important;-webkit-text-decoration-color:RGBA(245, 245, 220, 1) !important;text-decoration-color:RGBA(245, 245, 220, 1) !important;-webkit-text-decoration-color:RGBA(var(--bs-beige-rgb), var(--bs-link-underline-opacity, 1)) !important;text-decoration-color:RGBA(var(--bs-beige-rgb), var(--bs-link-underline-opacity, 1)) !important}.link-beige:hover,.link-beige:focus{color:RGBA(247, 247, 227, 1) !important;color:RGBA(247, 247, 227, var(--bs-link-opacity, 1)) !important;-webkit-text-decoration-color:RGBA(247, 247, 227, 1) !important;text-decoration-color:RGBA(247, 247, 227, 1) !important;-webkit-text-decoration-color:RGBA(247, 247, 227, var(--bs-link-underline-opacity, 1)) !important;text-decoration-color:RGBA(247, 247, 227, var(--bs-link-underline-opacity, 1)) !important}.link-bisque{color:RGBA(255, 228, 196, 1) !important;color:RGBA(var(--bs-bisque-rgb), var(--bs-link-opacity, 1)) !important;-webkit-text-decoration-color:RGBA(255, 228, 196, 1) !important;text-decoration-color:RGBA(255, 228, 196, 1) !important;-webkit-text-decoration-color:RGBA(var(--bs-bisque-rgb), var(--bs-link-underline-opacity, 1)) !important;text-decoration-color:RGBA(var(--bs-bisque-rgb), var(--bs-link-underline-opacity, 1)) !important}.link-bisque:hover,.link-bisque:focus{color:RGBA(255, 233, 208, 1) !important;color:RGBA(255, 233, 208, var(--bs-link-opacity, 1)) !important;-webkit-text-decoration-color:RGBA(255, 233, 208, 1) !important;text-decoration-color:RGBA(255, 233, 208, 1) !important;-webkit-text-decoration-color:RGBA(255, 233, 208, var(--bs-link-underline-opacity, 1)) !important;text-decoration-color:RGBA(255, 233, 208, var(--bs-link-underline-opacity, 1)) !important}.link-black{color:RGBA(26, 26, 26, 1) !important;color:RGBA(var(--bs-black-rgb), var(--bs-link-opacity, 1)) !important;-webkit-text-decoration-color:RGBA(26, 26, 26, 1) !important;text-decoration-color:RGBA(26, 26, 26, 1) !important;-webkit-text-decoration-color:RGBA(var(--bs-black-rgb), var(--bs-link-underline-opacity, 1)) !important;text-decoration-color:RGBA(var(--bs-black-rgb), var(--bs-link-underline-opacity, 1)) !important}.link-black:hover,.link-black:focus{color:RGBA(21, 21, 21, 1) !important;color:RGBA(21, 21, 21, var(--bs-link-opacity, 1)) !important;-webkit-text-decoration-color:RGBA(21, 21, 21, 1) !important;text-decoration-color:RGBA(21, 21, 21, 1) !important;-webkit-text-decoration-color:RGBA(21, 21, 21, var(--bs-link-underline-opacity, 1)) !important;text-decoration-color:RGBA(21, 21, 21, var(--bs-link-underline-opacity, 1)) !important}.link-blue{color:RGBA(0, 56, 118, 1) !important;color:RGBA(var(--bs-blue-rgb), var(--bs-link-opacity, 1)) !important;-webkit-text-decoration-color:RGBA(0, 56, 118, 1) !important;text-decoration-color:RGBA(0, 56, 118, 1) !important;-webkit-text-decoration-color:RGBA(var(--bs-blue-rgb), var(--bs-link-underline-opacity, 1)) !important;text-decoration-color:RGBA(var(--bs-blue-rgb), var(--bs-link-underline-opacity, 1)) !important}.link-blue:hover,.link-blue:focus{color:RGBA(0, 45, 94, 1) !important;color:RGBA(0, 45, 94, var(--bs-link-opacity, 1)) !important;-webkit-text-decoration-color:RGBA(0, 45, 94, 1) !important;text-decoration-color:RGBA(0, 45, 94, 1) !important;-webkit-text-decoration-color:RGBA(0, 45, 94, var(--bs-link-underline-opacity, 1)) !important;text-decoration-color:RGBA(0, 45, 94, var(--bs-link-underline-opacity, 1)) !important}.link-blueviolet{color:RGBA(138, 43, 226, 1) !important;color:RGBA(var(--bs-blueviolet-rgb), var(--bs-link-opacity, 1)) !important;-webkit-text-decoration-color:RGBA(138, 43, 226, 1) !important;text-decoration-color:RGBA(138, 43, 226, 1) !important;-webkit-text-decoration-color:RGBA(var(--bs-blueviolet-rgb), var(--bs-link-underline-opacity, 1)) !important;text-decoration-color:RGBA(var(--bs-blueviolet-rgb), var(--bs-link-underline-opacity, 1)) !important}.link-blueviolet:hover,.link-blueviolet:focus{color:RGBA(110, 34, 181, 1) !important;color:RGBA(110, 34, 181, var(--bs-link-opacity, 1)) !important;-webkit-text-decoration-color:RGBA(110, 34, 181, 1) !important;text-decoration-color:RGBA(110, 34, 181, 1) !important;-webkit-text-decoration-color:RGBA(110, 34, 181, var(--bs-link-underline-opacity, 1)) !important;text-decoration-color:RGBA(110, 34, 181, var(--bs-link-underline-opacity, 1)) !important}.link-brown{color:RGBA(165, 42, 42, 1) !important;color:RGBA(var(--bs-brown-rgb), var(--bs-link-opacity, 1)) !important;-webkit-text-decoration-color:RGBA(165, 42, 42, 1) !important;text-decoration-color:RGBA(165, 42, 42, 1) !important;-webkit-text-decoration-color:RGBA(var(--bs-brown-rgb), var(--bs-link-underline-opacity, 1)) !important;text-decoration-color:RGBA(var(--bs-brown-rgb), var(--bs-link-underline-opacity, 1)) !important}.link-brown:hover,.link-brown:focus{color:RGBA(132, 34, 34, 1) !important;color:RGBA(132, 34, 34, var(--bs-link-opacity, 1)) !important;-webkit-text-decoration-color:RGBA(132, 34, 34, 1) !important;text-decoration-color:RGBA(132, 34, 34, 1) !important;-webkit-text-decoration-color:RGBA(132, 34, 34, var(--bs-link-underline-opacity, 1)) !important;text-decoration-color:RGBA(132, 34, 34, var(--bs-link-underline-opacity, 1)) !important}.link-burly{color:RGBA(222, 184, 135, 1) !important;color:RGBA(var(--bs-burly-rgb), var(--bs-link-opacity, 1)) !important;-webkit-text-decoration-color:RGBA(222, 184, 135, 1) !important;text-decoration-color:RGBA(222, 184, 135, 1) !important;-webkit-text-decoration-color:RGBA(var(--bs-burly-rgb), var(--bs-link-underline-opacity, 1)) !important;text-decoration-color:RGBA(var(--bs-burly-rgb), var(--bs-link-underline-opacity, 1)) !important}.link-burly:hover,.link-burly:focus{color:RGBA(229, 198, 159, 1) !important;color:RGBA(229, 198, 159, var(--bs-link-opacity, 1)) !important;-webkit-text-decoration-color:RGBA(229, 198, 159, 1) !important;text-decoration-color:RGBA(229, 198, 159, 1) !important;-webkit-text-decoration-color:RGBA(229, 198, 159, var(--bs-link-underline-opacity, 1)) !important;text-decoration-color:RGBA(229, 198, 159, var(--bs-link-underline-opacity, 1)) !important}.link-cadet{color:RGBA(95, 158, 160, 1) !important;color:RGBA(var(--bs-cadet-rgb), var(--bs-link-opacity, 1)) !important;-webkit-text-decoration-color:RGBA(95, 158, 160, 1) !important;text-decoration-color:RGBA(95, 158, 160, 1) !important;-webkit-text-decoration-color:RGBA(var(--bs-cadet-rgb), var(--bs-link-underline-opacity, 1)) !important;text-decoration-color:RGBA(var(--bs-cadet-rgb), var(--bs-link-underline-opacity, 1)) !important}.link-cadet:hover,.link-cadet:focus{color:RGBA(76, 126, 128, 1) !important;color:RGBA(76, 126, 128, var(--bs-link-opacity, 1)) !important;-webkit-text-decoration-color:RGBA(76, 126, 128, 1) !important;text-decoration-color:RGBA(76, 126, 128, 1) !important;-webkit-text-decoration-color:RGBA(76, 126, 128, var(--bs-link-underline-opacity, 1)) !important;text-decoration-color:RGBA(76, 126, 128, var(--bs-link-underline-opacity, 1)) !important}.link-charcoal{color:RGBA(43, 47, 54, 1) !important;color:RGBA(var(--bs-charcoal-rgb), var(--bs-link-opacity, 1)) !important;-webkit-text-decoration-color:RGBA(43, 47, 54, 1) !important;text-decoration-color:RGBA(43, 47, 54, 1) !important;-webkit-text-decoration-color:RGBA(var(--bs-charcoal-rgb), var(--bs-link-underline-opacity, 1)) !important;text-decoration-color:RGBA(var(--bs-charcoal-rgb), var(--bs-link-underline-opacity, 1)) !important}.link-charcoal:hover,.link-charcoal:focus{color:RGBA(34, 38, 43, 1) !important;color:RGBA(34, 38, 43, var(--bs-link-opacity, 1)) !important;-webkit-text-decoration-color:RGBA(34, 38, 43, 1) !important;text-decoration-color:RGBA(34, 38, 43, 1) !important;-webkit-text-decoration-color:RGBA(34, 38, 43, var(--bs-link-underline-opacity, 1)) !important;text-decoration-color:RGBA(34, 38, 43, var(--bs-link-underline-opacity, 1)) !important}.link-chocolate{color:RGBA(210, 105, 30, 1) !important;color:RGBA(var(--bs-chocolate-rgb), var(--bs-link-opacity, 1)) !important;-webkit-text-decoration-color:RGBA(210, 105, 30, 1) !important;text-decoration-color:RGBA(210, 105, 30, 1) !important;-webkit-text-decoration-color:RGBA(var(--bs-chocolate-rgb), var(--bs-link-underline-opacity, 1)) !important;text-decoration-color:RGBA(var(--bs-chocolate-rgb), var(--bs-link-underline-opacity, 1)) !important}.link-chocolate:hover,.link-chocolate:focus{color:RGBA(168, 84, 24, 1) !important;color:RGBA(168, 84, 24, var(--bs-link-opacity, 1)) !important;-webkit-text-decoration-color:RGBA(168, 84, 24, 1) !important;text-decoration-color:RGBA(168, 84, 24, 1) !important;-webkit-text-decoration-color:RGBA(168, 84, 24, var(--bs-link-underline-opacity, 1)) !important;text-decoration-color:RGBA(168, 84, 24, var(--bs-link-underline-opacity, 1)) !important}.link-coral{color:RGBA(198, 90, 74, 1) !important;color:RGBA(var(--bs-coral-rgb), var(--bs-link-opacity, 1)) !important;-webkit-text-decoration-color:RGBA(198, 90, 74, 1) !important;text-decoration-color:RGBA(198, 90, 74, 1) !important;-webkit-text-decoration-color:RGBA(var(--bs-coral-rgb), var(--bs-link-underline-opacity, 1)) !important;text-decoration-color:RGBA(var(--bs-coral-rgb), var(--bs-link-underline-opacity, 1)) !important}.link-coral:hover,.link-coral:focus{color:RGBA(158, 72, 59, 1) !important;color:RGBA(158, 72, 59, var(--bs-link-opacity, 1)) !important;-webkit-text-decoration-color:RGBA(158, 72, 59, 1) !important;text-decoration-color:RGBA(158, 72, 59, 1) !important;-webkit-text-decoration-color:RGBA(158, 72, 59, var(--bs-link-underline-opacity, 1)) !important;text-decoration-color:RGBA(158, 72, 59, var(--bs-link-underline-opacity, 1)) !important}.link-crimson{color:RGBA(220, 20, 60, 1) !important;color:RGBA(var(--bs-crimson-rgb), var(--bs-link-opacity, 1)) !important;-webkit-text-decoration-color:RGBA(220, 20, 60, 1) !important;text-decoration-color:RGBA(220, 20, 60, 1) !important;-webkit-text-decoration-color:RGBA(var(--bs-crimson-rgb), var(--bs-link-underline-opacity, 1)) !important;text-decoration-color:RGBA(var(--bs-crimson-rgb), var(--bs-link-underline-opacity, 1)) !important}.link-crimson:hover,.link-crimson:focus{color:RGBA(176, 16, 48, 1) !important;color:RGBA(176, 16, 48, var(--bs-link-opacity, 1)) !important;-webkit-text-decoration-color:RGBA(176, 16, 48, 1) !important;text-decoration-color:RGBA(176, 16, 48, 1) !important;-webkit-text-decoration-color:RGBA(176, 16, 48, var(--bs-link-underline-opacity, 1)) !important;text-decoration-color:RGBA(176, 16, 48, var(--bs-link-underline-opacity, 1)) !important}.link-cyan{color:RGBA(0, 255, 255, 1) !important;color:RGBA(var(--bs-cyan-rgb), var(--bs-link-opacity, 1)) !important;-webkit-text-decoration-color:RGBA(0, 255, 255, 1) !important;text-decoration-color:RGBA(0, 255, 255, 1) !important;-webkit-text-decoration-color:RGBA(var(--bs-cyan-rgb), var(--bs-link-underline-opacity, 1)) !important;text-decoration-color:RGBA(var(--bs-cyan-rgb), var(--bs-link-underline-opacity, 1)) !important}.link-cyan:hover,.link-cyan:focus{color:RGBA(51, 255, 255, 1) !important;color:RGBA(51, 255, 255, var(--bs-link-opacity, 1)) !important;-webkit-text-decoration-color:RGBA(51, 255, 255, 1) !important;text-decoration-color:RGBA(51, 255, 255, 1) !important;-webkit-text-decoration-color:RGBA(51, 255, 255, var(--bs-link-underline-opacity, 1)) !important;text-decoration-color:RGBA(51, 255, 255, var(--bs-link-underline-opacity, 1)) !important}.link-danger{color:RGBA(206, 17, 38, 1) !important;color:RGBA(var(--bs-danger-rgb), var(--bs-link-opacity, 1)) !important;-webkit-text-decoration-color:RGBA(206, 17, 38, 1) !important;text-decoration-color:RGBA(206, 17, 38, 1) !important;-webkit-text-decoration-color:RGBA(var(--bs-danger-rgb), var(--bs-link-underline-opacity, 1)) !important;text-decoration-color:RGBA(var(--bs-danger-rgb), var(--bs-link-underline-opacity, 1)) !important}.link-danger:hover,.link-danger:focus{color:RGBA(165, 14, 30, 1) !important;color:RGBA(165, 14, 30, var(--bs-link-opacity, 1)) !important;-webkit-text-decoration-color:RGBA(165, 14, 30, 1) !important;text-decoration-color:RGBA(165, 14, 30, 1) !important;-webkit-text-decoration-color:RGBA(165, 14, 30, var(--bs-link-underline-opacity, 1)) !important;text-decoration-color:RGBA(165, 14, 30, var(--bs-link-underline-opacity, 1)) !important}.link-dark{color:RGBA(43, 47, 54, 1) !important;color:RGBA(var(--bs-dark-rgb), var(--bs-link-opacity, 1)) !important;-webkit-text-decoration-color:RGBA(43, 47, 54, 1) !important;text-decoration-color:RGBA(43, 47, 54, 1) !important;-webkit-text-decoration-color:RGBA(var(--bs-dark-rgb), var(--bs-link-underline-opacity, 1)) !important;text-decoration-color:RGBA(var(--bs-dark-rgb), var(--bs-link-underline-opacity, 1)) !important}.link-dark:hover,.link-dark:focus{color:RGBA(34, 38, 43, 1) !important;color:RGBA(34, 38, 43, var(--bs-link-opacity, 1)) !important;-webkit-text-decoration-color:RGBA(34, 38, 43, 1) !important;text-decoration-color:RGBA(34, 38, 43, 1) !important;-webkit-text-decoration-color:RGBA(34, 38, 43, var(--bs-link-underline-opacity, 1)) !important;text-decoration-color:RGBA(34, 38, 43, var(--bs-link-underline-opacity, 1)) !important}.link-deep{color:RGBA(255, 20, 147, 1) !important;color:RGBA(var(--bs-deep-rgb), var(--bs-link-opacity, 1)) !important;-webkit-text-decoration-color:RGBA(255, 20, 147, 1) !important;text-decoration-color:RGBA(255, 20, 147, 1) !important;-webkit-text-decoration-color:RGBA(var(--bs-deep-rgb), var(--bs-link-underline-opacity, 1)) !important;text-decoration-color:RGBA(var(--bs-deep-rgb), var(--bs-link-underline-opacity, 1)) !important}.link-deep:hover,.link-deep:focus{color:RGBA(204, 16, 118, 1) !important;color:RGBA(204, 16, 118, var(--bs-link-opacity, 1)) !important;-webkit-text-decoration-color:RGBA(204, 16, 118, 1) !important;text-decoration-color:RGBA(204, 16, 118, 1) !important;-webkit-text-decoration-color:RGBA(204, 16, 118, var(--bs-link-underline-opacity, 1)) !important;text-decoration-color:RGBA(204, 16, 118, var(--bs-link-underline-opacity, 1)) !important}.link-dodger{color:RGBA(30, 144, 255, 1) !important;color:RGBA(var(--bs-dodger-rgb), var(--bs-link-opacity, 1)) !important;-webkit-text-decoration-color:RGBA(30, 144, 255, 1) !important;text-decoration-color:RGBA(30, 144, 255, 1) !important;-webkit-text-decoration-color:RGBA(var(--bs-dodger-rgb), var(--bs-link-underline-opacity, 1)) !important;text-decoration-color:RGBA(var(--bs-dodger-rgb), var(--bs-link-underline-opacity, 1)) !important}.link-dodger:hover,.link-dodger:focus{color:RGBA(24, 115, 204, 1) !important;color:RGBA(24, 115, 204, var(--bs-link-opacity, 1)) !important;-webkit-text-decoration-color:RGBA(24, 115, 204, 1) !important;text-decoration-color:RGBA(24, 115, 204, 1) !important;-webkit-text-decoration-color:RGBA(24, 115, 204, var(--bs-link-underline-opacity, 1)) !important;text-decoration-color:RGBA(24, 115, 204, var(--bs-link-underline-opacity, 1)) !important}.link-fire{color:RGBA(178, 34, 34, 1) !important;color:RGBA(var(--bs-fire-rgb), var(--bs-link-opacity, 1)) !important;-webkit-text-decoration-color:RGBA(178, 34, 34, 1) !important;text-decoration-color:RGBA(178, 34, 34, 1) !important;-webkit-text-decoration-color:RGBA(var(--bs-fire-rgb), var(--bs-link-underline-opacity, 1)) !important;text-decoration-color:RGBA(var(--bs-fire-rgb), var(--bs-link-underline-opacity, 1)) !important}.link-fire:hover,.link-fire:focus{color:RGBA(142, 27, 27, 1) !important;color:RGBA(142, 27, 27, var(--bs-link-opacity, 1)) !important;-webkit-text-decoration-color:RGBA(142, 27, 27, 1) !important;text-decoration-color:RGBA(142, 27, 27, 1) !important;-webkit-text-decoration-color:RGBA(142, 27, 27, var(--bs-link-underline-opacity, 1)) !important;text-decoration-color:RGBA(142, 27, 27, var(--bs-link-underline-opacity, 1)) !important}.link-gold{color:RGBA(201, 162, 39, 1) !important;color:RGBA(var(--bs-gold-rgb), var(--bs-link-opacity, 1)) !important;-webkit-text-decoration-color:RGBA(201, 162, 39, 1) !important;text-decoration-color:RGBA(201, 162, 39, 1) !important;-webkit-text-decoration-color:RGBA(var(--bs-gold-rgb), var(--bs-link-underline-opacity, 1)) !important;text-decoration-color:RGBA(var(--bs-gold-rgb), var(--bs-link-underline-opacity, 1)) !important}.link-gold:hover,.link-gold:focus{color:RGBA(212, 181, 82, 1) !important;color:RGBA(212, 181, 82, var(--bs-link-opacity, 1)) !important;-webkit-text-decoration-color:RGBA(212, 181, 82, 1) !important;text-decoration-color:RGBA(212, 181, 82, 1) !important;-webkit-text-decoration-color:RGBA(212, 181, 82, var(--bs-link-underline-opacity, 1)) !important;text-decoration-color:RGBA(212, 181, 82, var(--bs-link-underline-opacity, 1)) !important}.link-goldenrod{color:RGBA(218, 165, 32, 1) !important;color:RGBA(var(--bs-goldenrod-rgb), var(--bs-link-opacity, 1)) !important;-webkit-text-decoration-color:RGBA(218, 165, 32, 1) !important;text-decoration-color:RGBA(218, 165, 32, 1) !important;-webkit-text-decoration-color:RGBA(var(--bs-goldenrod-rgb), var(--bs-link-underline-opacity, 1)) !important;text-decoration-color:RGBA(var(--bs-goldenrod-rgb), var(--bs-link-underline-opacity, 1)) !important}.link-goldenrod:hover,.link-goldenrod:focus{color:RGBA(225, 183, 77, 1) !important;color:RGBA(225, 183, 77, var(--bs-link-opacity, 1)) !important;-webkit-text-decoration-color:RGBA(225, 183, 77, 1) !important;text-decoration-color:RGBA(225, 183, 77, 1) !important;-webkit-text-decoration-color:RGBA(225, 183, 77, var(--bs-link-underline-opacity, 1)) !important;text-decoration-color:RGBA(225, 183, 77, var(--bs-link-underline-opacity, 1)) !important}.link-gray{color:RGBA(112, 128, 144, 1) !important;color:RGBA(var(--bs-gray-rgb), var(--bs-link-opacity, 1)) !important;-webkit-text-decoration-color:RGBA(112, 128, 144, 1) !important;text-decoration-color:RGBA(112, 128, 144, 1) !important;-webkit-text-decoration-color:RGBA(var(--bs-gray-rgb), var(--bs-link-underline-opacity, 1)) !important;text-decoration-color:RGBA(var(--bs-gray-rgb), var(--bs-link-underline-opacity, 1)) !important}.link-gray:hover,.link-gray:focus{color:RGBA(90, 102, 115, 1) !important;color:RGBA(90, 102, 115, var(--bs-link-opacity, 1)) !important;-webkit-text-decoration-color:RGBA(90, 102, 115, 1) !important;text-decoration-color:RGBA(90, 102, 115, 1) !important;-webkit-text-decoration-color:RGBA(90, 102, 115, var(--bs-link-underline-opacity, 1)) !important;text-decoration-color:RGBA(90, 102, 115, var(--bs-link-underline-opacity, 1)) !important}.link-green{color:RGBA(8, 114, 8, 1) !important;color:RGBA(var(--bs-green-rgb), var(--bs-link-opacity, 1)) !important;-webkit-text-decoration-color:RGBA(8, 114, 8, 1) !important;text-decoration-color:RGBA(8, 114, 8, 1) !important;-webkit-text-decoration-color:RGBA(var(--bs-green-rgb), var(--bs-link-underline-opacity, 1)) !important;text-decoration-color:RGBA(var(--bs-green-rgb), var(--bs-link-underline-opacity, 1)) !important}.link-green:hover,.link-green:focus{color:RGBA(6, 91, 6, 1) !important;color:RGBA(6, 91, 6, var(--bs-link-opacity, 1)) !important;-webkit-text-decoration-color:RGBA(6, 91, 6, 1) !important;text-decoration-color:RGBA(6, 91, 6, 1) !important;-webkit-text-decoration-color:RGBA(6, 91, 6, var(--bs-link-underline-opacity, 1)) !important;text-decoration-color:RGBA(6, 91, 6, var(--bs-link-underline-opacity, 1)) !important}.link-indian{color:RGBA(205, 92, 92, 1) !important;color:RGBA(var(--bs-indian-rgb), var(--bs-link-opacity, 1)) !important;-webkit-text-decoration-color:RGBA(205, 92, 92, 1) !important;text-decoration-color:RGBA(205, 92, 92, 1) !important;-webkit-text-decoration-color:RGBA(var(--bs-indian-rgb), var(--bs-link-underline-opacity, 1)) !important;text-decoration-color:RGBA(var(--bs-indian-rgb), var(--bs-link-underline-opacity, 1)) !important}.link-indian:hover,.link-indian:focus{color:RGBA(164, 74, 74, 1) !important;color:RGBA(164, 74, 74, var(--bs-link-opacity, 1)) !important;-webkit-text-decoration-color:RGBA(164, 74, 74, 1) !important;text-decoration-color:RGBA(164, 74, 74, 1) !important;-webkit-text-decoration-color:RGBA(164, 74, 74, var(--bs-link-underline-opacity, 1)) !important;text-decoration-color:RGBA(164, 74, 74, var(--bs-link-underline-opacity, 1)) !important}.link-indigo{color:RGBA(10, 10, 10, 1) !important;color:RGBA(var(--bs-indigo-rgb), var(--bs-link-opacity, 1)) !important;-webkit-text-decoration-color:RGBA(10, 10, 10, 1) !important;text-decoration-color:RGBA(10, 10, 10, 1) !important;-webkit-text-decoration-color:RGBA(var(--bs-indigo-rgb), var(--bs-link-underline-opacity, 1)) !important;text-decoration-color:RGBA(var(--bs-indigo-rgb), var(--bs-link-underline-opacity, 1)) !important}.link-indigo:hover,.link-indigo:focus{color:RGBA(8, 8, 8, 1) !important;color:RGBA(8, 8, 8, var(--bs-link-opacity, 1)) !important;-webkit-text-decoration-color:RGBA(8, 8, 8, 1) !important;text-decoration-color:RGBA(8, 8, 8, 1) !important;-webkit-text-decoration-color:RGBA(8, 8, 8, var(--bs-link-underline-opacity, 1)) !important;text-decoration-color:RGBA(8, 8, 8, var(--bs-link-underline-opacity, 1)) !important}.link-info{color:RGBA(0, 255, 255, 1) !important;color:RGBA(var(--bs-info-rgb), var(--bs-link-opacity, 1)) !important;-webkit-text-decoration-color:RGBA(0, 255, 255, 1) !important;text-decoration-color:RGBA(0, 255, 255, 1) !important;-webkit-text-decoration-color:RGBA(var(--bs-info-rgb), var(--bs-link-underline-opacity, 1)) !important;text-decoration-color:RGBA(var(--bs-info-rgb), var(--bs-link-underline-opacity, 1)) !important}.link-info:hover,.link-info:focus{color:RGBA(51, 255, 255, 1) !important;color:RGBA(51, 255, 255, var(--bs-link-opacity, 1)) !important;-webkit-text-decoration-color:RGBA(51, 255, 255, 1) !important;text-decoration-color:RGBA(51, 255, 255, 1) !important;-webkit-text-decoration-color:RGBA(51, 255, 255, var(--bs-link-underline-opacity, 1)) !important;text-decoration-color:RGBA(51, 255, 255, var(--bs-link-underline-opacity, 1)) !important}.link-lemon{color:RGBA(255, 250, 205, 1) !important;color:RGBA(var(--bs-lemon-rgb), var(--bs-link-opacity, 1)) !important;-webkit-text-decoration-color:RGBA(255, 250, 205, 1) !important;text-decoration-color:RGBA(255, 250, 205, 1) !important;-webkit-text-decoration-color:RGBA(var(--bs-lemon-rgb), var(--bs-link-underline-opacity, 1)) !important;text-decoration-color:RGBA(var(--bs-lemon-rgb), var(--bs-link-underline-opacity, 1)) !important}.link-lemon:hover,.link-lemon:focus{color:RGBA(255, 251, 215, 1) !important;color:RGBA(255, 251, 215, var(--bs-link-opacity, 1)) !important;-webkit-text-decoration-color:RGBA(255, 251, 215, 1) !important;text-decoration-color:RGBA(255, 251, 215, 1) !important;-webkit-text-decoration-color:RGBA(255, 251, 215, var(--bs-link-underline-opacity, 1)) !important;text-decoration-color:RGBA(255, 251, 215, var(--bs-link-underline-opacity, 1)) !important}.link-light{color:RGBA(245, 247, 251, 1) !important;color:RGBA(var(--bs-light-rgb), var(--bs-link-opacity, 1)) !important;-webkit-text-decoration-color:RGBA(245, 247, 251, 1) !important;text-decoration-color:RGBA(245, 247, 251, 1) !important;-webkit-text-decoration-color:RGBA(var(--bs-light-rgb), var(--bs-link-underline-opacity, 1)) !important;text-decoration-color:RGBA(var(--bs-light-rgb), var(--bs-link-underline-opacity, 1)) !important}.link-light:hover,.link-light:focus{color:RGBA(247, 249, 252, 1) !important;color:RGBA(247, 249, 252, var(--bs-link-opacity, 1)) !important;-webkit-text-decoration-color:RGBA(247, 249, 252, 1) !important;text-decoration-color:RGBA(247, 249, 252, 1) !important;-webkit-text-decoration-color:RGBA(247, 249, 252, var(--bs-link-underline-opacity, 1)) !important;text-decoration-color:RGBA(247, 249, 252, var(--bs-link-underline-opacity, 1)) !important}.link-lime{color:RGBA(0, 255, 0, 1) !important;color:RGBA(var(--bs-lime-rgb), var(--bs-link-opacity, 1)) !important;-webkit-text-decoration-color:RGBA(0, 255, 0, 1) !important;text-decoration-color:RGBA(0, 255, 0, 1) !important;-webkit-text-decoration-color:RGBA(var(--bs-lime-rgb), var(--bs-link-underline-opacity, 1)) !important;text-decoration-color:RGBA(var(--bs-lime-rgb), var(--bs-link-underline-opacity, 1)) !important}.link-lime:hover,.link-lime:focus{color:RGBA(51, 255, 51, 1) !important;color:RGBA(51, 255, 51, var(--bs-link-opacity, 1)) !important;-webkit-text-decoration-color:RGBA(51, 255, 51, 1) !important;text-decoration-color:RGBA(51, 255, 51, 1) !important;-webkit-text-decoration-color:RGBA(51, 255, 51, var(--bs-link-underline-opacity, 1)) !important;text-decoration-color:RGBA(51, 255, 51, var(--bs-link-underline-opacity, 1)) !important}.link-magenta{color:RGBA(255, 0, 255, 1) !important;color:RGBA(var(--bs-magenta-rgb), var(--bs-link-opacity, 1)) !important;-webkit-text-decoration-color:RGBA(255, 0, 255, 1) !important;text-decoration-color:RGBA(255, 0, 255, 1) !important;-webkit-text-decoration-color:RGBA(var(--bs-magenta-rgb), var(--bs-link-underline-opacity, 1)) !important;text-decoration-color:RGBA(var(--bs-magenta-rgb), var(--bs-link-underline-opacity, 1)) !important}.link-magenta:hover,.link-magenta:focus{color:RGBA(204, 0, 204, 1) !important;color:RGBA(204, 0, 204, var(--bs-link-opacity, 1)) !important;-webkit-text-decoration-color:RGBA(204, 0, 204, 1) !important;text-decoration-color:RGBA(204, 0, 204, 1) !important;-webkit-text-decoration-color:RGBA(204, 0, 204, var(--bs-link-underline-opacity, 1)) !important;text-decoration-color:RGBA(204, 0, 204, var(--bs-link-underline-opacity, 1)) !important}.link-maroon{color:RGBA(128, 0, 0, 1) !important;color:RGBA(var(--bs-maroon-rgb), var(--bs-link-opacity, 1)) !important;-webkit-text-decoration-color:RGBA(128, 0, 0, 1) !important;text-decoration-color:RGBA(128, 0, 0, 1) !important;-webkit-text-decoration-color:RGBA(var(--bs-maroon-rgb), var(--bs-link-underline-opacity, 1)) !important;text-decoration-color:RGBA(var(--bs-maroon-rgb), var(--bs-link-underline-opacity, 1)) !important}.link-maroon:hover,.link-maroon:focus{color:RGBA(102, 0, 0, 1) !important;color:RGBA(102, 0, 0, var(--bs-link-opacity, 1)) !important;-webkit-text-decoration-color:RGBA(102, 0, 0, 1) !important;text-decoration-color:RGBA(102, 0, 0, 1) !important;-webkit-text-decoration-color:RGBA(102, 0, 0, var(--bs-link-underline-opacity, 1)) !important;text-decoration-color:RGBA(102, 0, 0, var(--bs-link-underline-opacity, 1)) !important}.link-midnight{color:RGBA(25, 25, 112, 1) !important;color:RGBA(var(--bs-midnight-rgb), var(--bs-link-opacity, 1)) !important;-webkit-text-decoration-color:RGBA(25, 25, 112, 1) !important;text-decoration-color:RGBA(25, 25, 112, 1) !important;-webkit-text-decoration-color:RGBA(var(--bs-midnight-rgb), var(--bs-link-underline-opacity, 1)) !important;text-decoration-color:RGBA(var(--bs-midnight-rgb), var(--bs-link-underline-opacity, 1)) !important}.link-midnight:hover,.link-midnight:focus{color:RGBA(20, 20, 90, 1) !important;color:RGBA(20, 20, 90, var(--bs-link-opacity, 1)) !important;-webkit-text-decoration-color:RGBA(20, 20, 90, 1) !important;text-decoration-color:RGBA(20, 20, 90, 1) !important;-webkit-text-decoration-color:RGBA(20, 20, 90, var(--bs-link-underline-opacity, 1)) !important;text-decoration-color:RGBA(20, 20, 90, var(--bs-link-underline-opacity, 1)) !important}.link-mint{color:RGBA(95, 179, 162, 1) !important;color:RGBA(var(--bs-mint-rgb), var(--bs-link-opacity, 1)) !important;-webkit-text-decoration-color:RGBA(95, 179, 162, 1) !important;text-decoration-color:RGBA(95, 179, 162, 1) !important;-webkit-text-decoration-color:RGBA(var(--bs-mint-rgb), var(--bs-link-underline-opacity, 1)) !important;text-decoration-color:RGBA(var(--bs-mint-rgb), var(--bs-link-underline-opacity, 1)) !important}.link-mint:hover,.link-mint:focus{color:RGBA(127, 194, 181, 1) !important;color:RGBA(127, 194, 181, var(--bs-link-opacity, 1)) !important;-webkit-text-decoration-color:RGBA(127, 194, 181, 1) !important;text-decoration-color:RGBA(127, 194, 181, 1) !important;-webkit-text-decoration-color:RGBA(127, 194, 181, var(--bs-link-underline-opacity, 1)) !important;text-decoration-color:RGBA(127, 194, 181, var(--bs-link-underline-opacity, 1)) !important}.link-moccasin{color:RGBA(255, 228, 181, 1) !important;color:RGBA(var(--bs-moccasin-rgb), var(--bs-link-opacity, 1)) !important;-webkit-text-decoration-color:RGBA(255, 228, 181, 1) !important;text-decoration-color:RGBA(255, 228, 181, 1) !important;-webkit-text-decoration-color:RGBA(var(--bs-moccasin-rgb), var(--bs-link-underline-opacity, 1)) !important;text-decoration-color:RGBA(var(--bs-moccasin-rgb), var(--bs-link-underline-opacity, 1)) !important}.link-moccasin:hover,.link-moccasin:focus{color:RGBA(255, 233, 196, 1) !important;color:RGBA(255, 233, 196, var(--bs-link-opacity, 1)) !important;-webkit-text-decoration-color:RGBA(255, 233, 196, 1) !important;text-decoration-color:RGBA(255, 233, 196, 1) !important;-webkit-text-decoration-color:RGBA(255, 233, 196, var(--bs-link-underline-opacity, 1)) !important;text-decoration-color:RGBA(255, 233, 196, var(--bs-link-underline-opacity, 1)) !important}.link-navy{color:RGBA(24, 58, 93, 1) !important;color:RGBA(var(--bs-navy-rgb), var(--bs-link-opacity, 1)) !important;-webkit-text-decoration-color:RGBA(24, 58, 93, 1) !important;text-decoration-color:RGBA(24, 58, 93, 1) !important;-webkit-text-decoration-color:RGBA(var(--bs-navy-rgb), var(--bs-link-underline-opacity, 1)) !important;text-decoration-color:RGBA(var(--bs-navy-rgb), var(--bs-link-underline-opacity, 1)) !important}.link-navy:hover,.link-navy:focus{color:RGBA(19, 46, 74, 1) !important;color:RGBA(19, 46, 74, var(--bs-link-opacity, 1)) !important;-webkit-text-decoration-color:RGBA(19, 46, 74, 1) !important;text-decoration-color:RGBA(19, 46, 74, 1) !important;-webkit-text-decoration-color:RGBA(19, 46, 74, var(--bs-link-underline-opacity, 1)) !important;text-decoration-color:RGBA(19, 46, 74, var(--bs-link-underline-opacity, 1)) !important}.link-navajo{color:RGBA(255, 222, 173, 1) !important;color:RGBA(var(--bs-navajo-rgb), var(--bs-link-opacity, 1)) !important;-webkit-text-decoration-color:RGBA(255, 222, 173, 1) !important;text-decoration-color:RGBA(255, 222, 173, 1) !important;-webkit-text-decoration-color:RGBA(var(--bs-navajo-rgb), var(--bs-link-underline-opacity, 1)) !important;text-decoration-color:RGBA(var(--bs-navajo-rgb), var(--bs-link-underline-opacity, 1)) !important}.link-navajo:hover,.link-navajo:focus{color:RGBA(255, 229, 189, 1) !important;color:RGBA(255, 229, 189, var(--bs-link-opacity, 1)) !important;-webkit-text-decoration-color:RGBA(255, 229, 189, 1) !important;text-decoration-color:RGBA(255, 229, 189, 1) !important;-webkit-text-decoration-color:RGBA(255, 229, 189, var(--bs-link-underline-opacity, 1)) !important;text-decoration-color:RGBA(255, 229, 189, var(--bs-link-underline-opacity, 1)) !important}.link-olive{color:RGBA(122, 143, 58, 1) !important;color:RGBA(var(--bs-olive-rgb), var(--bs-link-opacity, 1)) !important;-webkit-text-decoration-color:RGBA(122, 143, 58, 1) !important;text-decoration-color:RGBA(122, 143, 58, 1) !important;-webkit-text-decoration-color:RGBA(var(--bs-olive-rgb), var(--bs-link-underline-opacity, 1)) !important;text-decoration-color:RGBA(var(--bs-olive-rgb), var(--bs-link-underline-opacity, 1)) !important}.link-olive:hover,.link-olive:focus{color:RGBA(98, 114, 46, 1) !important;color:RGBA(98, 114, 46, var(--bs-link-opacity, 1)) !important;-webkit-text-decoration-color:RGBA(98, 114, 46, 1) !important;text-decoration-color:RGBA(98, 114, 46, 1) !important;-webkit-text-decoration-color:RGBA(98, 114, 46, var(--bs-link-underline-opacity, 1)) !important;text-decoration-color:RGBA(98, 114, 46, var(--bs-link-underline-opacity, 1)) !important}.link-orange{color:RGBA(254, 80, 0, 1) !important;color:RGBA(var(--bs-orange-rgb), var(--bs-link-opacity, 1)) !important;-webkit-text-decoration-color:RGBA(254, 80, 0, 1) !important;text-decoration-color:RGBA(254, 80, 0, 1) !important;-webkit-text-decoration-color:RGBA(var(--bs-orange-rgb), var(--bs-link-underline-opacity, 1)) !important;text-decoration-color:RGBA(var(--bs-orange-rgb), var(--bs-link-underline-opacity, 1)) !important}.link-orange:hover,.link-orange:focus{color:RGBA(203, 64, 0, 1) !important;color:RGBA(203, 64, 0, var(--bs-link-opacity, 1)) !important;-webkit-text-decoration-color:RGBA(203, 64, 0, 1) !important;text-decoration-color:RGBA(203, 64, 0, 1) !important;-webkit-text-decoration-color:RGBA(203, 64, 0, var(--bs-link-underline-opacity, 1)) !important;text-decoration-color:RGBA(203, 64, 0, var(--bs-link-underline-opacity, 1)) !important}.link-orangered{color:RGBA(255, 69, 0, 1) !important;color:RGBA(var(--bs-orangered-rgb), var(--bs-link-opacity, 1)) !important;-webkit-text-decoration-color:RGBA(255, 69, 0, 1) !important;text-decoration-color:RGBA(255, 69, 0, 1) !important;-webkit-text-decoration-color:RGBA(var(--bs-orangered-rgb), var(--bs-link-underline-opacity, 1)) !important;text-decoration-color:RGBA(var(--bs-orangered-rgb), var(--bs-link-underline-opacity, 1)) !important}.link-orangered:hover,.link-orangered:focus{color:RGBA(204, 55, 0, 1) !important;color:RGBA(204, 55, 0, var(--bs-link-opacity, 1)) !important;-webkit-text-decoration-color:RGBA(204, 55, 0, 1) !important;text-decoration-color:RGBA(204, 55, 0, 1) !important;-webkit-text-decoration-color:RGBA(204, 55, 0, var(--bs-link-underline-opacity, 1)) !important;text-decoration-color:RGBA(204, 55, 0, var(--bs-link-underline-opacity, 1)) !important}.link-papaya{color:RGBA(255, 239, 213, 1) !important;color:RGBA(var(--bs-papaya-rgb), var(--bs-link-opacity, 1)) !important;-webkit-text-decoration-color:RGBA(255, 239, 213, 1) !important;text-decoration-color:RGBA(255, 239, 213, 1) !important;-webkit-text-decoration-color:RGBA(var(--bs-papaya-rgb), var(--bs-link-underline-opacity, 1)) !important;text-decoration-color:RGBA(var(--bs-papaya-rgb), var(--bs-link-underline-opacity, 1)) !important}.link-papaya:hover,.link-papaya:focus{color:RGBA(255, 242, 221, 1) !important;color:RGBA(255, 242, 221, var(--bs-link-opacity, 1)) !important;-webkit-text-decoration-color:RGBA(255, 242, 221, 1) !important;text-decoration-color:RGBA(255, 242, 221, 1) !important;-webkit-text-decoration-color:RGBA(255, 242, 221, var(--bs-link-underline-opacity, 1)) !important;text-decoration-color:RGBA(255, 242, 221, var(--bs-link-underline-opacity, 1)) !important}.link-peru{color:RGBA(205, 133, 63, 1) !important;color:RGBA(var(--bs-peru-rgb), var(--bs-link-opacity, 1)) !important;-webkit-text-decoration-color:RGBA(205, 133, 63, 1) !important;text-decoration-color:RGBA(205, 133, 63, 1) !important;-webkit-text-decoration-color:RGBA(var(--bs-peru-rgb), var(--bs-link-underline-opacity, 1)) !important;text-decoration-color:RGBA(var(--bs-peru-rgb), var(--bs-link-underline-opacity, 1)) !important}.link-peru:hover,.link-peru:focus{color:RGBA(215, 157, 101, 1) !important;color:RGBA(215, 157, 101, var(--bs-link-opacity, 1)) !important;-webkit-text-decoration-color:RGBA(215, 157, 101, 1) !important;text-decoration-color:RGBA(215, 157, 101, 1) !important;-webkit-text-decoration-color:RGBA(215, 157, 101, var(--bs-link-underline-opacity, 1)) !important;text-decoration-color:RGBA(215, 157, 101, var(--bs-link-underline-opacity, 1)) !important}.link-pink{color:RGBA(255, 105, 180, 1) !important;color:RGBA(var(--bs-pink-rgb), var(--bs-link-opacity, 1)) !important;-webkit-text-decoration-color:RGBA(255, 105, 180, 1) !important;text-decoration-color:RGBA(255, 105, 180, 1) !important;-webkit-text-decoration-color:RGBA(var(--bs-pink-rgb), var(--bs-link-underline-opacity, 1)) !important;text-decoration-color:RGBA(var(--bs-pink-rgb), var(--bs-link-underline-opacity, 1)) !important}.link-pink:hover,.link-pink:focus{color:RGBA(255, 135, 195, 1) !important;color:RGBA(255, 135, 195, var(--bs-link-opacity, 1)) !important;-webkit-text-decoration-color:RGBA(255, 135, 195, 1) !important;text-decoration-color:RGBA(255, 135, 195, 1) !important;-webkit-text-decoration-color:RGBA(255, 135, 195, var(--bs-link-underline-opacity, 1)) !important;text-decoration-color:RGBA(255, 135, 195, var(--bs-link-underline-opacity, 1)) !important}.link-primary{color:RGBA(0, 56, 118, 1) !important;color:RGBA(var(--bs-primary-rgb), var(--bs-link-opacity, 1)) !important;-webkit-text-decoration-color:RGBA(0, 56, 118, 1) !important;text-decoration-color:RGBA(0, 56, 118, 1) !important;-webkit-text-decoration-color:RGBA(var(--bs-primary-rgb), var(--bs-link-underline-opacity, 1)) !important;text-decoration-color:RGBA(var(--bs-primary-rgb), var(--bs-link-underline-opacity, 1)) !important}.link-primary:hover,.link-primary:focus{color:RGBA(0, 45, 94, 1) !important;color:RGBA(0, 45, 94, var(--bs-link-opacity, 1)) !important;-webkit-text-decoration-color:RGBA(0, 45, 94, 1) !important;text-decoration-color:RGBA(0, 45, 94, 1) !important;-webkit-text-decoration-color:RGBA(0, 45, 94, var(--bs-link-underline-opacity, 1)) !important;text-decoration-color:RGBA(0, 45, 94, var(--bs-link-underline-opacity, 1)) !important}.link-purple{color:RGBA(128, 0, 128, 1) !important;color:RGBA(var(--bs-purple-rgb), var(--bs-link-opacity, 1)) !important;-webkit-text-decoration-color:RGBA(128, 0, 128, 1) !important;text-decoration-color:RGBA(128, 0, 128, 1) !important;-webkit-text-decoration-color:RGBA(var(--bs-purple-rgb), var(--bs-link-underline-opacity, 1)) !important;text-decoration-color:RGBA(var(--bs-purple-rgb), var(--bs-link-underline-opacity, 1)) !important}.link-purple:hover,.link-purple:focus{color:RGBA(102, 0, 102, 1) !important;color:RGBA(102, 0, 102, var(--bs-link-opacity, 1)) !important;-webkit-text-decoration-color:RGBA(102, 0, 102, 1) !important;text-decoration-color:RGBA(102, 0, 102, 1) !important;-webkit-text-decoration-color:RGBA(102, 0, 102, var(--bs-link-underline-opacity, 1)) !important;text-decoration-color:RGBA(102, 0, 102, var(--bs-link-underline-opacity, 1)) !important}.link-red{color:RGBA(206, 17, 38, 1) !important;color:RGBA(var(--bs-red-rgb), var(--bs-link-opacity, 1)) !important;-webkit-text-decoration-color:RGBA(206, 17, 38, 1) !important;text-decoration-color:RGBA(206, 17, 38, 1) !important;-webkit-text-decoration-color:RGBA(var(--bs-red-rgb), var(--bs-link-underline-opacity, 1)) !important;text-decoration-color:RGBA(var(--bs-red-rgb), var(--bs-link-underline-opacity, 1)) !important}.link-red:hover,.link-red:focus{color:RGBA(165, 14, 30, 1) !important;color:RGBA(165, 14, 30, var(--bs-link-opacity, 1)) !important;-webkit-text-decoration-color:RGBA(165, 14, 30, 1) !important;text-decoration-color:RGBA(165, 14, 30, 1) !important;-webkit-text-decoration-color:RGBA(165, 14, 30, var(--bs-link-underline-opacity, 1)) !important;text-decoration-color:RGBA(165, 14, 30, var(--bs-link-underline-opacity, 1)) !important}.link-rose{color:RGBA(184, 92, 122, 1) !important;color:RGBA(var(--bs-rose-rgb), var(--bs-link-opacity, 1)) !important;-webkit-text-decoration-color:RGBA(184, 92, 122, 1) !important;text-decoration-color:RGBA(184, 92, 122, 1) !important;-webkit-text-decoration-color:RGBA(var(--bs-rose-rgb), var(--bs-link-underline-opacity, 1)) !important;text-decoration-color:RGBA(var(--bs-rose-rgb), var(--bs-link-underline-opacity, 1)) !important}.link-rose:hover,.link-rose:focus{color:RGBA(147, 74, 98, 1) !important;color:RGBA(147, 74, 98, var(--bs-link-opacity, 1)) !important;-webkit-text-decoration-color:RGBA(147, 74, 98, 1) !important;text-decoration-color:RGBA(147, 74, 98, 1) !important;-webkit-text-decoration-color:RGBA(147, 74, 98, var(--bs-link-underline-opacity, 1)) !important;text-decoration-color:RGBA(147, 74, 98, var(--bs-link-underline-opacity, 1)) !important}.link-royal{color:RGBA(65, 105, 225, 1) !important;color:RGBA(var(--bs-royal-rgb), var(--bs-link-opacity, 1)) !important;-webkit-text-decoration-color:RGBA(65, 105, 225, 1) !important;text-decoration-color:RGBA(65, 105, 225, 1) !important;-webkit-text-decoration-color:RGBA(var(--bs-royal-rgb), var(--bs-link-underline-opacity, 1)) !important;text-decoration-color:RGBA(var(--bs-royal-rgb), var(--bs-link-underline-opacity, 1)) !important}.link-royal:hover,.link-royal:focus{color:RGBA(52, 84, 180, 1) !important;color:RGBA(52, 84, 180, var(--bs-link-opacity, 1)) !important;-webkit-text-decoration-color:RGBA(52, 84, 180, 1) !important;text-decoration-color:RGBA(52, 84, 180, 1) !important;-webkit-text-decoration-color:RGBA(52, 84, 180, var(--bs-link-underline-opacity, 1)) !important;text-decoration-color:RGBA(52, 84, 180, var(--bs-link-underline-opacity, 1)) !important}.link-salmon{color:RGBA(250, 128, 114, 1) !important;color:RGBA(var(--bs-salmon-rgb), var(--bs-link-opacity, 1)) !important;-webkit-text-decoration-color:RGBA(250, 128, 114, 1) !important;text-decoration-color:RGBA(250, 128, 114, 1) !important;-webkit-text-decoration-color:RGBA(var(--bs-salmon-rgb), var(--bs-link-underline-opacity, 1)) !important;text-decoration-color:RGBA(var(--bs-salmon-rgb), var(--bs-link-underline-opacity, 1)) !important}.link-salmon:hover,.link-salmon:focus{color:RGBA(251, 153, 142, 1) !important;color:RGBA(251, 153, 142, var(--bs-link-opacity, 1)) !important;-webkit-text-decoration-color:RGBA(251, 153, 142, 1) !important;text-decoration-color:RGBA(251, 153, 142, 1) !important;-webkit-text-decoration-color:RGBA(251, 153, 142, var(--bs-link-underline-opacity, 1)) !important;text-decoration-color:RGBA(251, 153, 142, var(--bs-link-underline-opacity, 1)) !important}.link-sand{color:RGBA(230, 216, 195, 1) !important;color:RGBA(var(--bs-sand-rgb), var(--bs-link-opacity, 1)) !important;-webkit-text-decoration-color:RGBA(230, 216, 195, 1) !important;text-decoration-color:RGBA(230, 216, 195, 1) !important;-webkit-text-decoration-color:RGBA(var(--bs-sand-rgb), var(--bs-link-underline-opacity, 1)) !important;text-decoration-color:RGBA(var(--bs-sand-rgb), var(--bs-link-underline-opacity, 1)) !important}.link-sand:hover,.link-sand:focus{color:RGBA(235, 224, 207, 1) !important;color:RGBA(235, 224, 207, var(--bs-link-opacity, 1)) !important;-webkit-text-decoration-color:RGBA(235, 224, 207, 1) !important;text-decoration-color:RGBA(235, 224, 207, 1) !important;-webkit-text-decoration-color:RGBA(235, 224, 207, var(--bs-link-underline-opacity, 1)) !important;text-decoration-color:RGBA(235, 224, 207, var(--bs-link-underline-opacity, 1)) !important}.link-secondary{color:RGBA(108, 117, 125, 1) !important;color:RGBA(var(--bs-secondary-rgb), var(--bs-link-opacity, 1)) !important;-webkit-text-decoration-color:RGBA(108, 117, 125, 1) !important;text-decoration-color:RGBA(108, 117, 125, 1) !important;-webkit-text-decoration-color:RGBA(var(--bs-secondary-rgb), var(--bs-link-underline-opacity, 1)) !important;text-decoration-color:RGBA(var(--bs-secondary-rgb), var(--bs-link-underline-opacity, 1)) !important}.link-secondary:hover,.link-secondary:focus{color:RGBA(86, 94, 100, 1) !important;color:RGBA(86, 94, 100, var(--bs-link-opacity, 1)) !important;-webkit-text-decoration-color:RGBA(86, 94, 100, 1) !important;text-decoration-color:RGBA(86, 94, 100, 1) !important;-webkit-text-decoration-color:RGBA(86, 94, 100, var(--bs-link-underline-opacity, 1)) !important;text-decoration-color:RGBA(86, 94, 100, var(--bs-link-underline-opacity, 1)) !important}.link-sienna{color:RGBA(160, 82, 45, 1) !important;color:RGBA(var(--bs-sienna-rgb), var(--bs-link-opacity, 1)) !important;-webkit-text-decoration-color:RGBA(160, 82, 45, 1) !important;text-decoration-color:RGBA(160, 82, 45, 1) !important;-webkit-text-decoration-color:RGBA(var(--bs-sienna-rgb), var(--bs-link-underline-opacity, 1)) !important;text-decoration-color:RGBA(var(--bs-sienna-rgb), var(--bs-link-underline-opacity, 1)) !important}.link-sienna:hover,.link-sienna:focus{color:RGBA(128, 66, 36, 1) !important;color:RGBA(128, 66, 36, var(--bs-link-opacity, 1)) !important;-webkit-text-decoration-color:RGBA(128, 66, 36, 1) !important;text-decoration-color:RGBA(128, 66, 36, 1) !important;-webkit-text-decoration-color:RGBA(128, 66, 36, var(--bs-link-underline-opacity, 1)) !important;text-decoration-color:RGBA(128, 66, 36, var(--bs-link-underline-opacity, 1)) !important}.link-silver{color:RGBA(192, 192, 192, 1) !important;color:RGBA(var(--bs-silver-rgb), var(--bs-link-opacity, 1)) !important;-webkit-text-decoration-color:RGBA(192, 192, 192, 1) !important;text-decoration-color:RGBA(192, 192, 192, 1) !important;-webkit-text-decoration-color:RGBA(var(--bs-silver-rgb), var(--bs-link-underline-opacity, 1)) !important;text-decoration-color:RGBA(var(--bs-silver-rgb), var(--bs-link-underline-opacity, 1)) !important}.link-silver:hover,.link-silver:focus{color:RGBA(205, 205, 205, 1) !important;color:RGBA(205, 205, 205, var(--bs-link-opacity, 1)) !important;-webkit-text-decoration-color:RGBA(205, 205, 205, 1) !important;text-decoration-color:RGBA(205, 205, 205, 1) !important;-webkit-text-decoration-color:RGBA(205, 205, 205, var(--bs-link-underline-opacity, 1)) !important;text-decoration-color:RGBA(205, 205, 205, var(--bs-link-underline-opacity, 1)) !important}.link-sky{color:RGBA(111, 163, 216, 1) !important;color:RGBA(var(--bs-sky-rgb), var(--bs-link-opacity, 1)) !important;-webkit-text-decoration-color:RGBA(111, 163, 216, 1) !important;text-decoration-color:RGBA(111, 163, 216, 1) !important;-webkit-text-decoration-color:RGBA(var(--bs-sky-rgb), var(--bs-link-underline-opacity, 1)) !important;text-decoration-color:RGBA(var(--bs-sky-rgb), var(--bs-link-underline-opacity, 1)) !important}.link-sky:hover,.link-sky:focus{color:RGBA(140, 181, 224, 1) !important;color:RGBA(140, 181, 224, var(--bs-link-opacity, 1)) !important;-webkit-text-decoration-color:RGBA(140, 181, 224, 1) !important;text-decoration-color:RGBA(140, 181, 224, 1) !important;-webkit-text-decoration-color:RGBA(140, 181, 224, var(--bs-link-underline-opacity, 1)) !important;text-decoration-color:RGBA(140, 181, 224, var(--bs-link-underline-opacity, 1)) !important}.link-slate{color:RGBA(74, 93, 115, 1) !important;color:RGBA(var(--bs-slate-rgb), var(--bs-link-opacity, 1)) !important;-webkit-text-decoration-color:RGBA(74, 93, 115, 1) !important;text-decoration-color:RGBA(74, 93, 115, 1) !important;-webkit-text-decoration-color:RGBA(var(--bs-slate-rgb), var(--bs-link-underline-opacity, 1)) !important;text-decoration-color:RGBA(var(--bs-slate-rgb), var(--bs-link-underline-opacity, 1)) !important}.link-slate:hover,.link-slate:focus{color:RGBA(59, 74, 92, 1) !important;color:RGBA(59, 74, 92, var(--bs-link-opacity, 1)) !important;-webkit-text-decoration-color:RGBA(59, 74, 92, 1) !important;text-decoration-color:RGBA(59, 74, 92, 1) !important;-webkit-text-decoration-color:RGBA(59, 74, 92, var(--bs-link-underline-opacity, 1)) !important;text-decoration-color:RGBA(59, 74, 92, var(--bs-link-underline-opacity, 1)) !important}.link-success{color:RGBA(25, 135, 84, 1) !important;color:RGBA(var(--bs-success-rgb), var(--bs-link-opacity, 1)) !important;-webkit-text-decoration-color:RGBA(25, 135, 84, 1) !important;text-decoration-color:RGBA(25, 135, 84, 1) !important;-webkit-text-decoration-color:RGBA(var(--bs-success-rgb), var(--bs-link-underline-opacity, 1)) !important;text-decoration-color:RGBA(var(--bs-success-rgb), var(--bs-link-underline-opacity, 1)) !important}.link-success:hover,.link-success:focus{color:RGBA(20, 108, 67, 1) !important;color:RGBA(20, 108, 67, var(--bs-link-opacity, 1)) !important;-webkit-text-decoration-color:RGBA(20, 108, 67, 1) !important;text-decoration-color:RGBA(20, 108, 67, 1) !important;-webkit-text-decoration-color:RGBA(20, 108, 67, var(--bs-link-underline-opacity, 1)) !important;text-decoration-color:RGBA(20, 108, 67, var(--bs-link-underline-opacity, 1)) !important}.link-tan{color:RGBA(210, 180, 140, 1) !important;color:RGBA(var(--bs-tan-rgb), var(--bs-link-opacity, 1)) !important;-webkit-text-decoration-color:RGBA(210, 180, 140, 1) !important;text-decoration-color:RGBA(210, 180, 140, 1) !important;-webkit-text-decoration-color:RGBA(var(--bs-tan-rgb), var(--bs-link-underline-opacity, 1)) !important;text-decoration-color:RGBA(var(--bs-tan-rgb), var(--bs-link-underline-opacity, 1)) !important}.link-tan:hover,.link-tan:focus{color:RGBA(219, 195, 163, 1) !important;color:RGBA(219, 195, 163, var(--bs-link-opacity, 1)) !important;-webkit-text-decoration-color:RGBA(219, 195, 163, 1) !important;text-decoration-color:RGBA(219, 195, 163, 1) !important;-webkit-text-decoration-color:RGBA(219, 195, 163, var(--bs-link-underline-opacity, 1)) !important;text-decoration-color:RGBA(219, 195, 163, var(--bs-link-underline-opacity, 1)) !important}.link-teal{color:RGBA(0, 128, 128, 1) !important;color:RGBA(var(--bs-teal-rgb), var(--bs-link-opacity, 1)) !important;-webkit-text-decoration-color:RGBA(0, 128, 128, 1) !important;text-decoration-color:RGBA(0, 128, 128, 1) !important;-webkit-text-decoration-color:RGBA(var(--bs-teal-rgb), var(--bs-link-underline-opacity, 1)) !important;text-decoration-color:RGBA(var(--bs-teal-rgb), var(--bs-link-underline-opacity, 1)) !important}.link-teal:hover,.link-teal:focus{color:RGBA(0, 102, 102, 1) !important;color:RGBA(0, 102, 102, var(--bs-link-opacity, 1)) !important;-webkit-text-decoration-color:RGBA(0, 102, 102, 1) !important;text-decoration-color:RGBA(0, 102, 102, 1) !important;-webkit-text-decoration-color:RGBA(0, 102, 102, var(--bs-link-underline-opacity, 1)) !important;text-decoration-color:RGBA(0, 102, 102, var(--bs-link-underline-opacity, 1)) !important}.link-tomato{color:RGBA(255, 99, 71, 1) !important;color:RGBA(var(--bs-tomato-rgb), var(--bs-link-opacity, 1)) !important;-webkit-text-decoration-color:RGBA(255, 99, 71, 1) !important;text-decoration-color:RGBA(255, 99, 71, 1) !important;-webkit-text-decoration-color:RGBA(var(--bs-tomato-rgb), var(--bs-link-underline-opacity, 1)) !important;text-decoration-color:RGBA(var(--bs-tomato-rgb), var(--bs-link-underline-opacity, 1)) !important}.link-tomato:hover,.link-tomato:focus{color:RGBA(255, 130, 108, 1) !important;color:RGBA(255, 130, 108, var(--bs-link-opacity, 1)) !important;-webkit-text-decoration-color:RGBA(255, 130, 108, 1) !important;text-decoration-color:RGBA(255, 130, 108, 1) !important;-webkit-text-decoration-color:RGBA(255, 130, 108, var(--bs-link-underline-opacity, 1)) !important;text-decoration-color:RGBA(255, 130, 108, var(--bs-link-underline-opacity, 1)) !important}.link-turquoise{color:RGBA(64, 224, 208, 1) !important;color:RGBA(var(--bs-turquoise-rgb), var(--bs-link-opacity, 1)) !important;-webkit-text-decoration-color:RGBA(64, 224, 208, 1) !important;text-decoration-color:RGBA(64, 224, 208, 1) !important;-webkit-text-decoration-color:RGBA(var(--bs-turquoise-rgb), var(--bs-link-underline-opacity, 1)) !important;text-decoration-color:RGBA(var(--bs-turquoise-rgb), var(--bs-link-underline-opacity, 1)) !important}.link-turquoise:hover,.link-turquoise:focus{color:RGBA(102, 230, 217, 1) !important;color:RGBA(102, 230, 217, var(--bs-link-opacity, 1)) !important;-webkit-text-decoration-color:RGBA(102, 230, 217, 1) !important;text-decoration-color:RGBA(102, 230, 217, 1) !important;-webkit-text-decoration-color:RGBA(102, 230, 217, var(--bs-link-underline-opacity, 1)) !important;text-decoration-color:RGBA(102, 230, 217, var(--bs-link-underline-opacity, 1)) !important}.link-violet{color:RGBA(238, 130, 238, 1) !important;color:RGBA(var(--bs-violet-rgb), var(--bs-link-opacity, 1)) !important;-webkit-text-decoration-color:RGBA(238, 130, 238, 1) !important;text-decoration-color:RGBA(238, 130, 238, 1) !important;-webkit-text-decoration-color:RGBA(var(--bs-violet-rgb), var(--bs-link-underline-opacity, 1)) !important;text-decoration-color:RGBA(var(--bs-violet-rgb), var(--bs-link-underline-opacity, 1)) !important}.link-violet:hover,.link-violet:focus{color:RGBA(241, 155, 241, 1) !important;color:RGBA(241, 155, 241, var(--bs-link-opacity, 1)) !important;-webkit-text-decoration-color:RGBA(241, 155, 241, 1) !important;text-decoration-color:RGBA(241, 155, 241, 1) !important;-webkit-text-decoration-color:RGBA(241, 155, 241, var(--bs-link-underline-opacity, 1)) !important;text-decoration-color:RGBA(241, 155, 241, var(--bs-link-underline-opacity, 1)) !important}.link-violetred{color:RGBA(199, 21, 133, 1) !important;color:RGBA(var(--bs-violetred-rgb), var(--bs-link-opacity, 1)) !important;-webkit-text-decoration-color:RGBA(199, 21, 133, 1) !important;text-decoration-color:RGBA(199, 21, 133, 1) !important;-webkit-text-decoration-color:RGBA(var(--bs-violetred-rgb), var(--bs-link-underline-opacity, 1)) !important;text-decoration-color:RGBA(var(--bs-violetred-rgb), var(--bs-link-underline-opacity, 1)) !important}.link-violetred:hover,.link-violetred:focus{color:RGBA(159, 17, 106, 1) !important;color:RGBA(159, 17, 106, var(--bs-link-opacity, 1)) !important;-webkit-text-decoration-color:RGBA(159, 17, 106, 1) !important;text-decoration-color:RGBA(159, 17, 106, 1) !important;-webkit-text-decoration-color:RGBA(159, 17, 106, var(--bs-link-underline-opacity, 1)) !important;text-decoration-color:RGBA(159, 17, 106, var(--bs-link-underline-opacity, 1)) !important}.link-warning{color:RGBA(255, 193, 7, 1) !important;color:RGBA(var(--bs-warning-rgb), var(--bs-link-opacity, 1)) !important;-webkit-text-decoration-color:RGBA(255, 193, 7, 1) !important;text-decoration-color:RGBA(255, 193, 7, 1) !important;-webkit-text-decoration-color:RGBA(var(--bs-warning-rgb), var(--bs-link-underline-opacity, 1)) !important;text-decoration-color:RGBA(var(--bs-warning-rgb), var(--bs-link-underline-opacity, 1)) !important}.link-warning:hover,.link-warning:focus{color:RGBA(255, 205, 57, 1) !important;color:RGBA(255, 205, 57, var(--bs-link-opacity, 1)) !important;-webkit-text-decoration-color:RGBA(255, 205, 57, 1) !important;text-decoration-color:RGBA(255, 205, 57, 1) !important;-webkit-text-decoration-color:RGBA(255, 205, 57, var(--bs-link-underline-opacity, 1)) !important;text-decoration-color:RGBA(255, 205, 57, var(--bs-link-underline-opacity, 1)) !important}.link-yellow{color:RGBA(239, 223, 0, 1) !important;color:RGBA(var(--bs-yellow-rgb), var(--bs-link-opacity, 1)) !important;-webkit-text-decoration-color:RGBA(239, 223, 0, 1) !important;text-decoration-color:RGBA(239, 223, 0, 1) !important;-webkit-text-decoration-color:RGBA(var(--bs-yellow-rgb), var(--bs-link-underline-opacity, 1)) !important;text-decoration-color:RGBA(var(--bs-yellow-rgb), var(--bs-link-underline-opacity, 1)) !important}.link-yellow:hover,.link-yellow:focus{color:RGBA(242, 229, 51, 1) !important;color:RGBA(242, 229, 51, var(--bs-link-opacity, 1)) !important;-webkit-text-decoration-color:RGBA(242, 229, 51, 1) !important;text-decoration-color:RGBA(242, 229, 51, 1) !important;-webkit-text-decoration-color:RGBA(242, 229, 51, var(--bs-link-underline-opacity, 1)) !important;text-decoration-color:RGBA(242, 229, 51, var(--bs-link-underline-opacity, 1)) !important}.link-bitbucket{color:RGBA(0, 82, 204, 1) !important;color:RGBA(var(--bs-bitbucket-rgb), var(--bs-link-opacity, 1)) !important;-webkit-text-decoration-color:RGBA(0, 82, 204, 1) !important;text-decoration-color:RGBA(0, 82, 204, 1) !important;-webkit-text-decoration-color:RGBA(var(--bs-bitbucket-rgb), var(--bs-link-underline-opacity, 1)) !important;text-decoration-color:RGBA(var(--bs-bitbucket-rgb), var(--bs-link-underline-opacity, 1)) !important}.link-bitbucket:hover,.link-bitbucket:focus{color:RGBA(0, 66, 163, 1) !important;color:RGBA(0, 66, 163, var(--bs-link-opacity, 1)) !important;-webkit-text-decoration-color:RGBA(0, 66, 163, 1) !important;text-decoration-color:RGBA(0, 66, 163, 1) !important;-webkit-text-decoration-color:RGBA(0, 66, 163, var(--bs-link-underline-opacity, 1)) !important;text-decoration-color:RGBA(0, 66, 163, var(--bs-link-underline-opacity, 1)) !important}.link-dribbble{color:RGBA(234, 76, 137, 1) !important;color:RGBA(var(--bs-dribbble-rgb), var(--bs-link-opacity, 1)) !important;-webkit-text-decoration-color:RGBA(234, 76, 137, 1) !important;text-decoration-color:RGBA(234, 76, 137, 1) !important;-webkit-text-decoration-color:RGBA(var(--bs-dribbble-rgb), var(--bs-link-underline-opacity, 1)) !important;text-decoration-color:RGBA(var(--bs-dribbble-rgb), var(--bs-link-underline-opacity, 1)) !important}.link-dribbble:hover,.link-dribbble:focus{color:RGBA(187, 61, 110, 1) !important;color:RGBA(187, 61, 110, var(--bs-link-opacity, 1)) !important;-webkit-text-decoration-color:RGBA(187, 61, 110, 1) !important;text-decoration-color:RGBA(187, 61, 110, 1) !important;-webkit-text-decoration-color:RGBA(187, 61, 110, var(--bs-link-underline-opacity, 1)) !important;text-decoration-color:RGBA(187, 61, 110, var(--bs-link-underline-opacity, 1)) !important}.link-facebook{color:RGBA(24, 119, 242, 1) !important;color:RGBA(var(--bs-facebook-rgb), var(--bs-link-opacity, 1)) !important;-webkit-text-decoration-color:RGBA(24, 119, 242, 1) !important;text-decoration-color:RGBA(24, 119, 242, 1) !important;-webkit-text-decoration-color:RGBA(var(--bs-facebook-rgb), var(--bs-link-underline-opacity, 1)) !important;text-decoration-color:RGBA(var(--bs-facebook-rgb), var(--bs-link-underline-opacity, 1)) !important}.link-facebook:hover,.link-facebook:focus{color:RGBA(19, 95, 194, 1) !important;color:RGBA(19, 95, 194, var(--bs-link-opacity, 1)) !important;-webkit-text-decoration-color:RGBA(19, 95, 194, 1) !important;text-decoration-color:RGBA(19, 95, 194, 1) !important;-webkit-text-decoration-color:RGBA(19, 95, 194, var(--bs-link-underline-opacity, 1)) !important;text-decoration-color:RGBA(19, 95, 194, var(--bs-link-underline-opacity, 1)) !important}.link-flickr{color:RGBA(0, 99, 220, 1) !important;color:RGBA(var(--bs-flickr-rgb), var(--bs-link-opacity, 1)) !important;-webkit-text-decoration-color:RGBA(0, 99, 220, 1) !important;text-decoration-color:RGBA(0, 99, 220, 1) !important;-webkit-text-decoration-color:RGBA(var(--bs-flickr-rgb), var(--bs-link-underline-opacity, 1)) !important;text-decoration-color:RGBA(var(--bs-flickr-rgb), var(--bs-link-underline-opacity, 1)) !important}.link-flickr:hover,.link-flickr:focus{color:RGBA(0, 79, 176, 1) !important;color:RGBA(0, 79, 176, var(--bs-link-opacity, 1)) !important;-webkit-text-decoration-color:RGBA(0, 79, 176, 1) !important;text-decoration-color:RGBA(0, 79, 176, 1) !important;-webkit-text-decoration-color:RGBA(0, 79, 176, var(--bs-link-underline-opacity, 1)) !important;text-decoration-color:RGBA(0, 79, 176, var(--bs-link-underline-opacity, 1)) !important}.link-github{color:RGBA(24, 23, 23, 1) !important;color:RGBA(var(--bs-github-rgb), var(--bs-link-opacity, 1)) !important;-webkit-text-decoration-color:RGBA(24, 23, 23, 1) !important;text-decoration-color:RGBA(24, 23, 23, 1) !important;-webkit-text-decoration-color:RGBA(var(--bs-github-rgb), var(--bs-link-underline-opacity, 1)) !important;text-decoration-color:RGBA(var(--bs-github-rgb), var(--bs-link-underline-opacity, 1)) !important}.link-github:hover,.link-github:focus{color:RGBA(19, 18, 18, 1) !important;color:RGBA(19, 18, 18, var(--bs-link-opacity, 1)) !important;-webkit-text-decoration-color:RGBA(19, 18, 18, 1) !important;text-decoration-color:RGBA(19, 18, 18, 1) !important;-webkit-text-decoration-color:RGBA(19, 18, 18, var(--bs-link-underline-opacity, 1)) !important;text-decoration-color:RGBA(19, 18, 18, var(--bs-link-underline-opacity, 1)) !important}.link-google{color:RGBA(219, 68, 55, 1) !important;color:RGBA(var(--bs-google-rgb), var(--bs-link-opacity, 1)) !important;-webkit-text-decoration-color:RGBA(219, 68, 55, 1) !important;text-decoration-color:RGBA(219, 68, 55, 1) !important;-webkit-text-decoration-color:RGBA(var(--bs-google-rgb), var(--bs-link-underline-opacity, 1)) !important;text-decoration-color:RGBA(var(--bs-google-rgb), var(--bs-link-underline-opacity, 1)) !important}.link-google:hover,.link-google:focus{color:RGBA(175, 54, 44, 1) !important;color:RGBA(175, 54, 44, var(--bs-link-opacity, 1)) !important;-webkit-text-decoration-color:RGBA(175, 54, 44, 1) !important;text-decoration-color:RGBA(175, 54, 44, 1) !important;-webkit-text-decoration-color:RGBA(175, 54, 44, var(--bs-link-underline-opacity, 1)) !important;text-decoration-color:RGBA(175, 54, 44, var(--bs-link-underline-opacity, 1)) !important}.link-instagram{color:RGBA(228, 64, 95, 1) !important;color:RGBA(var(--bs-instagram-rgb), var(--bs-link-opacity, 1)) !important;-webkit-text-decoration-color:RGBA(228, 64, 95, 1) !important;text-decoration-color:RGBA(228, 64, 95, 1) !important;-webkit-text-decoration-color:RGBA(var(--bs-instagram-rgb), var(--bs-link-underline-opacity, 1)) !important;text-decoration-color:RGBA(var(--bs-instagram-rgb), var(--bs-link-underline-opacity, 1)) !important}.link-instagram:hover,.link-instagram:focus{color:RGBA(182, 51, 76, 1) !important;color:RGBA(182, 51, 76, var(--bs-link-opacity, 1)) !important;-webkit-text-decoration-color:RGBA(182, 51, 76, 1) !important;text-decoration-color:RGBA(182, 51, 76, 1) !important;-webkit-text-decoration-color:RGBA(182, 51, 76, var(--bs-link-underline-opacity, 1)) !important;text-decoration-color:RGBA(182, 51, 76, var(--bs-link-underline-opacity, 1)) !important}.link-pinterest{color:RGBA(189, 8, 28, 1) !important;color:RGBA(var(--bs-pinterest-rgb), var(--bs-link-opacity, 1)) !important;-webkit-text-decoration-color:RGBA(189, 8, 28, 1) !important;text-decoration-color:RGBA(189, 8, 28, 1) !important;-webkit-text-decoration-color:RGBA(var(--bs-pinterest-rgb), var(--bs-link-underline-opacity, 1)) !important;text-decoration-color:RGBA(var(--bs-pinterest-rgb), var(--bs-link-underline-opacity, 1)) !important}.link-pinterest:hover,.link-pinterest:focus{color:RGBA(151, 6, 22, 1) !important;color:RGBA(151, 6, 22, var(--bs-link-opacity, 1)) !important;-webkit-text-decoration-color:RGBA(151, 6, 22, 1) !important;text-decoration-color:RGBA(151, 6, 22, 1) !important;-webkit-text-decoration-color:RGBA(151, 6, 22, var(--bs-link-underline-opacity, 1)) !important;text-decoration-color:RGBA(151, 6, 22, var(--bs-link-underline-opacity, 1)) !important}.link-twitter{color:RGBA(29, 161, 242, 1) !important;color:RGBA(var(--bs-twitter-rgb), var(--bs-link-opacity, 1)) !important;-webkit-text-decoration-color:RGBA(29, 161, 242, 1) !important;text-decoration-color:RGBA(29, 161, 242, 1) !important;-webkit-text-decoration-color:RGBA(var(--bs-twitter-rgb), var(--bs-link-underline-opacity, 1)) !important;text-decoration-color:RGBA(var(--bs-twitter-rgb), var(--bs-link-underline-opacity, 1)) !important}.link-twitter:hover,.link-twitter:focus{color:RGBA(74, 180, 245, 1) !important;color:RGBA(74, 180, 245, var(--bs-link-opacity, 1)) !important;-webkit-text-decoration-color:RGBA(74, 180, 245, 1) !important;text-decoration-color:RGBA(74, 180, 245, 1) !important;-webkit-text-decoration-color:RGBA(74, 180, 245, var(--bs-link-underline-opacity, 1)) !important;text-decoration-color:RGBA(74, 180, 245, var(--bs-link-underline-opacity, 1)) !important}.link-vimeo{color:RGBA(26, 183, 234, 1) !important;color:RGBA(var(--bs-vimeo-rgb), var(--bs-link-opacity, 1)) !important;-webkit-text-decoration-color:RGBA(26, 183, 234, 1) !important;text-decoration-color:RGBA(26, 183, 234, 1) !important;-webkit-text-decoration-color:RGBA(var(--bs-vimeo-rgb), var(--bs-link-underline-opacity, 1)) !important;text-decoration-color:RGBA(var(--bs-vimeo-rgb), var(--bs-link-underline-opacity, 1)) !important}.link-vimeo:hover,.link-vimeo:focus{color:RGBA(72, 197, 238, 1) !important;color:RGBA(72, 197, 238, var(--bs-link-opacity, 1)) !important;-webkit-text-decoration-color:RGBA(72, 197, 238, 1) !important;text-decoration-color:RGBA(72, 197, 238, 1) !important;-webkit-text-decoration-color:RGBA(72, 197, 238, var(--bs-link-underline-opacity, 1)) !important;text-decoration-color:RGBA(72, 197, 238, var(--bs-link-underline-opacity, 1)) !important}.link-youtube{color:RGBA(255, 0, 0, 1) !important;color:RGBA(var(--bs-youtube-rgb), var(--bs-link-opacity, 1)) !important;-webkit-text-decoration-color:RGBA(255, 0, 0, 1) !important;text-decoration-color:RGBA(255, 0, 0, 1) !important;-webkit-text-decoration-color:RGBA(var(--bs-youtube-rgb), var(--bs-link-underline-opacity, 1)) !important;text-decoration-color:RGBA(var(--bs-youtube-rgb), var(--bs-link-underline-opacity, 1)) !important}.link-youtube:hover,.link-youtube:focus{color:RGBA(204, 0, 0, 1) !important;color:RGBA(204, 0, 0, var(--bs-link-opacity, 1)) !important;-webkit-text-decoration-color:RGBA(204, 0, 0, 1) !important;text-decoration-color:RGBA(204, 0, 0, 1) !important;-webkit-text-decoration-color:RGBA(204, 0, 0, var(--bs-link-underline-opacity, 1)) !important;text-decoration-color:RGBA(204, 0, 0, var(--bs-link-underline-opacity, 1)) !important}.link-body-emphasis{color:RGBA(26, 26, 26, 1) !important;color:RGBA(var(--bs-emphasis-color-rgb), var(--bs-link-opacity, 1)) !important;-webkit-text-decoration-color:RGBA(26, 26, 26, 1) !important;text-decoration-color:RGBA(26, 26, 26, 1) !important;-webkit-text-decoration-color:RGBA(var(--bs-emphasis-color-rgb), var(--bs-link-underline-opacity, 1)) !important;text-decoration-color:RGBA(var(--bs-emphasis-color-rgb), var(--bs-link-underline-opacity, 1)) !important}.link-body-emphasis:hover,.link-body-emphasis:focus{color:RGBA(26, 26, 26, 0.75) !important;color:RGBA(var(--bs-emphasis-color-rgb), var(--bs-link-opacity, 0.75)) !important;-webkit-text-decoration-color:RGBA(26, 26, 26, 0.75) !important;text-decoration-color:RGBA(26, 26, 26, 0.75) !important;-webkit-text-decoration-color:RGBA(var(--bs-emphasis-color-rgb), var(--bs-link-underline-opacity, 0.75)) !important;text-decoration-color:RGBA(var(--bs-emphasis-color-rgb), var(--bs-link-underline-opacity, 0.75)) !important}.focus-ring:focus{outline:0;box-shadow:0 0 0 0.25rem rgba(0, 56, 118, 0.25);box-shadow:var(--bs-focus-ring-x, 0) var(--bs-focus-ring-y, 0) var(--bs-focus-ring-blur, 0) var(--bs-focus-ring-width) var(--bs-focus-ring-color)}.icon-link{display:inline-flex;gap:.375rem;align-items:center;-webkit-text-decoration-color:rgba(0, 56, 118, 0.5);text-decoration-color:rgba(0, 56, 118, 0.5);-webkit-text-decoration-color:rgba(var(--bs-link-color-rgb), var(--bs-link-opacity, 0.5));text-decoration-color:rgba(var(--bs-link-color-rgb), var(--bs-link-opacity, 0.5));text-underline-offset:.25em;-webkit-backface-visibility:hidden;backface-visibility:hidden}.icon-link>.bi{flex-shrink:0;width:1em;height:1em;fill:currentcolor;transition:.2s ease-in-out transform}@media(prefers-reduced-motion: reduce){.icon-link>.bi{transition:none}}.icon-link-hover:hover>.bi,.icon-link-hover:focus-visible>.bi{transform:translate3d(0.25em, 0, 0);transform:var(--bs-icon-link-transform, translate3d(0.25em, 0, 0))}.ratio{position:relative;width:100%}.ratio::before{display:block;padding-top:var(--bs-aspect-ratio);content:\"\"}.ratio>*{position:absolute;top:0;left:0;width:100%;height:100%}.ratio-1x1{--bs-aspect-ratio: 100%}.ratio-4x3{--bs-aspect-ratio: 75%}.ratio-16x9{--bs-aspect-ratio: 56.25%}.ratio-21x9{--bs-aspect-ratio: 42.8571428571%}.fixed-top{position:fixed;top:0;right:0;left:0;z-index:1030}.fixed-bottom{position:fixed;right:0;bottom:0;left:0;z-index:1030}.sticky-top{position:-webkit-sticky;position:sticky;top:0;z-index:1020}.sticky-bottom{position:-webkit-sticky;position:sticky;bottom:0;z-index:1020}@media(min-width: 576px){.sticky-sm-top{position:-webkit-sticky;position:sticky;top:0;z-index:1020}.sticky-sm-bottom{position:-webkit-sticky;position:sticky;bottom:0;z-index:1020}}@media(min-width: 768px){.sticky-md-top{position:-webkit-sticky;position:sticky;top:0;z-index:1020}.sticky-md-bottom{position:-webkit-sticky;position:sticky;bottom:0;z-index:1020}}@media(min-width: 992px){.sticky-lg-top{position:-webkit-sticky;position:sticky;top:0;z-index:1020}.sticky-lg-bottom{position:-webkit-sticky;position:sticky;bottom:0;z-index:1020}}@media(min-width: 1200px){.sticky-xl-top{position:-webkit-sticky;position:sticky;top:0;z-index:1020}.sticky-xl-bottom{position:-webkit-sticky;position:sticky;bottom:0;z-index:1020}}@media(min-width: 1440px){.sticky-xxl-top{position:-webkit-sticky;position:sticky;top:0;z-index:1020}.sticky-xxl-bottom{position:-webkit-sticky;position:sticky;bottom:0;z-index:1020}}.hstack{display:flex;flex-direction:row;align-items:center;align-self:stretch}.vstack{display:flex;flex:1 1 auto;flex-direction:column;align-self:stretch}.visually-hidden,.visually-hidden-focusable:not(:focus):not(:focus-within){width:1px !important;height:1px !important;padding:0 !important;margin:-1px !important;overflow:hidden !important;clip:rect(0, 0, 0, 0) !important;white-space:nowrap !important;border:0 !important}.visually-hidden:not(caption),.visually-hidden-focusable:not(:focus):not(:focus-within):not(caption){position:absolute !important}.visually-hidden *,.visually-hidden-focusable:not(:focus):not(:focus-within) *{overflow:hidden !important}.stretched-link::after{position:absolute;top:0;right:0;bottom:0;left:0;z-index:1;content:\"\"}.text-truncate{overflow:hidden;text-overflow:ellipsis;white-space:nowrap}.vr{display:inline-block;align-self:stretch;width:1px;width:var(--bs-border-width);min-height:1em;background-color:currentcolor;opacity:.25}.align-baseline{vertical-align:baseline !important}.align-top{vertical-align:top !important}.align-middle{vertical-align:middle !important}.align-bottom{vertical-align:bottom !important}.align-text-bottom{vertical-align:text-bottom !important}.align-text-top{vertical-align:text-top !important}.float-start{float:left !important}.float-end{float:right !important}.float-none{float:none !important}.object-fit-contain{-o-object-fit:contain !important;object-fit:contain !important}.object-fit-cover{-o-object-fit:cover !important;object-fit:cover !important}.object-fit-fill{-o-object-fit:fill !important;object-fit:fill !important}.object-fit-scale{-o-object-fit:scale-down !important;object-fit:scale-down !important}.object-fit-none{-o-object-fit:none !important;object-fit:none !important}.opacity-0{opacity:0 !important}.opacity-25{opacity:.25 !important}.opacity-50{opacity:.5 !important}.opacity-75{opacity:.75 !important}.opacity-100{opacity:1 !important}.overflow-auto{overflow:auto !important}.overflow-hidden{overflow:hidden !important}.overflow-visible{overflow:visible !important}.overflow-scroll{overflow:scroll !important}.overflow-x-auto{overflow-x:auto !important}.overflow-x-hidden{overflow-x:hidden !important}.overflow-x-visible{overflow-x:visible !important}.overflow-x-scroll{overflow-x:scroll !important}.overflow-y-auto{overflow-y:auto !important}.overflow-y-hidden{overflow-y:hidden !important}.overflow-y-visible{overflow-y:visible !important}.overflow-y-scroll{overflow-y:scroll !important}.d-inline{display:inline !important}.d-inline-block{display:inline-block !important}.d-block{display:block !important}.d-grid{display:grid !important}.d-inline-grid{display:inline-grid !important}.d-table{display:table !important}.d-table-row{display:table-row !important}.d-table-cell{display:table-cell !important}.d-flex{display:flex !important}.d-inline-flex{display:inline-flex !important}.d-none{display:none !important}.shadow{box-shadow:0 0.1rem 0.2rem rgba(26, 26, 26, 0.05) !important;box-shadow:var(--bs-box-shadow) !important}.shadow-sm{box-shadow:0 0.05rem 0.2rem rgba(26, 26, 26, 0.05) !important;box-shadow:var(--bs-box-shadow-sm) !important}.shadow-lg{box-shadow:0 0.2rem 0.2rem rgba(26, 26, 26, 0.05) !important;box-shadow:var(--bs-box-shadow-lg) !important}.shadow-none{box-shadow:none !important}.focus-ring-aqua{--bs-focus-ring-color: rgba(var(--bs-aqua-rgb), var(--bs-focus-ring-opacity))}.focus-ring-beige{--bs-focus-ring-color: rgba(var(--bs-beige-rgb), var(--bs-focus-ring-opacity))}.focus-ring-bisque{--bs-focus-ring-color: rgba(var(--bs-bisque-rgb), var(--bs-focus-ring-opacity))}.focus-ring-black{--bs-focus-ring-color: rgba(var(--bs-black-rgb), var(--bs-focus-ring-opacity))}.focus-ring-blue{--bs-focus-ring-color: rgba(var(--bs-blue-rgb), var(--bs-focus-ring-opacity))}.focus-ring-blueviolet{--bs-focus-ring-color: rgba(var(--bs-blueviolet-rgb), var(--bs-focus-ring-opacity))}.focus-ring-brown{--bs-focus-ring-color: rgba(var(--bs-brown-rgb), var(--bs-focus-ring-opacity))}.focus-ring-burly{--bs-focus-ring-color: rgba(var(--bs-burly-rgb), var(--bs-focus-ring-opacity))}.focus-ring-cadet{--bs-focus-ring-color: rgba(var(--bs-cadet-rgb), var(--bs-focus-ring-opacity))}.focus-ring-charcoal{--bs-focus-ring-color: rgba(var(--bs-charcoal-rgb), var(--bs-focus-ring-opacity))}.focus-ring-chocolate{--bs-focus-ring-color: rgba(var(--bs-chocolate-rgb), var(--bs-focus-ring-opacity))}.focus-ring-coral{--bs-focus-ring-color: rgba(var(--bs-coral-rgb), var(--bs-focus-ring-opacity))}.focus-ring-crimson{--bs-focus-ring-color: rgba(var(--bs-crimson-rgb), var(--bs-focus-ring-opacity))}.focus-ring-cyan{--bs-focus-ring-color: rgba(var(--bs-cyan-rgb), var(--bs-focus-ring-opacity))}.focus-ring-danger{--bs-focus-ring-color: rgba(var(--bs-danger-rgb), var(--bs-focus-ring-opacity))}.focus-ring-dark{--bs-focus-ring-color: rgba(var(--bs-dark-rgb), var(--bs-focus-ring-opacity))}.focus-ring-deep{--bs-focus-ring-color: rgba(var(--bs-deep-rgb), var(--bs-focus-ring-opacity))}.focus-ring-dodger{--bs-focus-ring-color: rgba(var(--bs-dodger-rgb), var(--bs-focus-ring-opacity))}.focus-ring-fire{--bs-focus-ring-color: rgba(var(--bs-fire-rgb), var(--bs-focus-ring-opacity))}.focus-ring-gold{--bs-focus-ring-color: rgba(var(--bs-gold-rgb), var(--bs-focus-ring-opacity))}.focus-ring-goldenrod{--bs-focus-ring-color: rgba(var(--bs-goldenrod-rgb), var(--bs-focus-ring-opacity))}.focus-ring-gray{--bs-focus-ring-color: rgba(var(--bs-gray-rgb), var(--bs-focus-ring-opacity))}.focus-ring-green{--bs-focus-ring-color: rgba(var(--bs-green-rgb), var(--bs-focus-ring-opacity))}.focus-ring-indian{--bs-focus-ring-color: rgba(var(--bs-indian-rgb), var(--bs-focus-ring-opacity))}.focus-ring-indigo{--bs-focus-ring-color: rgba(var(--bs-indigo-rgb), var(--bs-focus-ring-opacity))}.focus-ring-info{--bs-focus-ring-color: rgba(var(--bs-info-rgb), var(--bs-focus-ring-opacity))}.focus-ring-lemon{--bs-focus-ring-color: rgba(var(--bs-lemon-rgb), var(--bs-focus-ring-opacity))}.focus-ring-light{--bs-focus-ring-color: rgba(var(--bs-light-rgb), var(--bs-focus-ring-opacity))}.focus-ring-lime{--bs-focus-ring-color: rgba(var(--bs-lime-rgb), var(--bs-focus-ring-opacity))}.focus-ring-magenta{--bs-focus-ring-color: rgba(var(--bs-magenta-rgb), var(--bs-focus-ring-opacity))}.focus-ring-maroon{--bs-focus-ring-color: rgba(var(--bs-maroon-rgb), var(--bs-focus-ring-opacity))}.focus-ring-midnight{--bs-focus-ring-color: rgba(var(--bs-midnight-rgb), var(--bs-focus-ring-opacity))}.focus-ring-mint{--bs-focus-ring-color: rgba(var(--bs-mint-rgb), var(--bs-focus-ring-opacity))}.focus-ring-moccasin{--bs-focus-ring-color: rgba(var(--bs-moccasin-rgb), var(--bs-focus-ring-opacity))}.focus-ring-navy{--bs-focus-ring-color: rgba(var(--bs-navy-rgb), var(--bs-focus-ring-opacity))}.focus-ring-navajo{--bs-focus-ring-color: rgba(var(--bs-navajo-rgb), var(--bs-focus-ring-opacity))}.focus-ring-olive{--bs-focus-ring-color: rgba(var(--bs-olive-rgb), var(--bs-focus-ring-opacity))}.focus-ring-orange{--bs-focus-ring-color: rgba(var(--bs-orange-rgb), var(--bs-focus-ring-opacity))}.focus-ring-orangered{--bs-focus-ring-color: rgba(var(--bs-orangered-rgb), var(--bs-focus-ring-opacity))}.focus-ring-papaya{--bs-focus-ring-color: rgba(var(--bs-papaya-rgb), var(--bs-focus-ring-opacity))}.focus-ring-peru{--bs-focus-ring-color: rgba(var(--bs-peru-rgb), var(--bs-focus-ring-opacity))}.focus-ring-pink{--bs-focus-ring-color: rgba(var(--bs-pink-rgb), var(--bs-focus-ring-opacity))}.focus-ring-primary{--bs-focus-ring-color: rgba(var(--bs-primary-rgb), var(--bs-focus-ring-opacity))}.focus-ring-purple{--bs-focus-ring-color: rgba(var(--bs-purple-rgb), var(--bs-focus-ring-opacity))}.focus-ring-red{--bs-focus-ring-color: rgba(var(--bs-red-rgb), var(--bs-focus-ring-opacity))}.focus-ring-rose{--bs-focus-ring-color: rgba(var(--bs-rose-rgb), var(--bs-focus-ring-opacity))}.focus-ring-royal{--bs-focus-ring-color: rgba(var(--bs-royal-rgb), var(--bs-focus-ring-opacity))}.focus-ring-salmon{--bs-focus-ring-color: rgba(var(--bs-salmon-rgb), var(--bs-focus-ring-opacity))}.focus-ring-sand{--bs-focus-ring-color: rgba(var(--bs-sand-rgb), var(--bs-focus-ring-opacity))}.focus-ring-secondary{--bs-focus-ring-color: rgba(var(--bs-secondary-rgb), var(--bs-focus-ring-opacity))}.focus-ring-sienna{--bs-focus-ring-color: rgba(var(--bs-sienna-rgb), var(--bs-focus-ring-opacity))}.focus-ring-silver{--bs-focus-ring-color: rgba(var(--bs-silver-rgb), var(--bs-focus-ring-opacity))}.focus-ring-sky{--bs-focus-ring-color: rgba(var(--bs-sky-rgb), var(--bs-focus-ring-opacity))}.focus-ring-slate{--bs-focus-ring-color: rgba(var(--bs-slate-rgb), var(--bs-focus-ring-opacity))}.focus-ring-success{--bs-focus-ring-color: rgba(var(--bs-success-rgb), var(--bs-focus-ring-opacity))}.focus-ring-tan{--bs-focus-ring-color: rgba(var(--bs-tan-rgb), var(--bs-focus-ring-opacity))}.focus-ring-teal{--bs-focus-ring-color: rgba(var(--bs-teal-rgb), var(--bs-focus-ring-opacity))}.focus-ring-tomato{--bs-focus-ring-color: rgba(var(--bs-tomato-rgb), var(--bs-focus-ring-opacity))}.focus-ring-turquoise{--bs-focus-ring-color: rgba(var(--bs-turquoise-rgb), var(--bs-focus-ring-opacity))}.focus-ring-violet{--bs-focus-ring-color: rgba(var(--bs-violet-rgb), var(--bs-focus-ring-opacity))}.focus-ring-violetred{--bs-focus-ring-color: rgba(var(--bs-violetred-rgb), var(--bs-focus-ring-opacity))}.focus-ring-warning{--bs-focus-ring-color: rgba(var(--bs-warning-rgb), var(--bs-focus-ring-opacity))}.focus-ring-yellow{--bs-focus-ring-color: rgba(var(--bs-yellow-rgb), var(--bs-focus-ring-opacity))}.focus-ring-bitbucket{--bs-focus-ring-color: rgba(var(--bs-bitbucket-rgb), var(--bs-focus-ring-opacity))}.focus-ring-dribbble{--bs-focus-ring-color: rgba(var(--bs-dribbble-rgb), var(--bs-focus-ring-opacity))}.focus-ring-facebook{--bs-focus-ring-color: rgba(var(--bs-facebook-rgb), var(--bs-focus-ring-opacity))}.focus-ring-flickr{--bs-focus-ring-color: rgba(var(--bs-flickr-rgb), var(--bs-focus-ring-opacity))}.focus-ring-github{--bs-focus-ring-color: rgba(var(--bs-github-rgb), var(--bs-focus-ring-opacity))}.focus-ring-google{--bs-focus-ring-color: rgba(var(--bs-google-rgb), var(--bs-focus-ring-opacity))}.focus-ring-instagram{--bs-focus-ring-color: rgba(var(--bs-instagram-rgb), var(--bs-focus-ring-opacity))}.focus-ring-pinterest{--bs-focus-ring-color: rgba(var(--bs-pinterest-rgb), var(--bs-focus-ring-opacity))}.focus-ring-twitter{--bs-focus-ring-color: rgba(var(--bs-twitter-rgb), var(--bs-focus-ring-opacity))}.focus-ring-vimeo{--bs-focus-ring-color: rgba(var(--bs-vimeo-rgb), var(--bs-focus-ring-opacity))}.focus-ring-youtube{--bs-focus-ring-color: rgba(var(--bs-youtube-rgb), var(--bs-focus-ring-opacity))}.position-static{position:static !important}.position-relative{position:relative !important}.position-absolute{position:absolute !important}.position-fixed{position:fixed !important}.position-sticky{position:-webkit-sticky !important;position:sticky !important}.top-0{top:0 !important}.top-50{top:50% !important}.top-100{top:100% !important}.bottom-0{bottom:0 !important}.bottom-50{bottom:50% !important}.bottom-100{bottom:100% !important}.start-0{left:0 !important}.start-50{left:50% !important}.start-100{left:100% !important}.end-0{right:0 !important}.end-50{right:50% !important}.end-100{right:100% !important}.translate-middle{transform:translate(-50%, -50%) !important}.translate-middle-x{transform:translateX(-50%) !important}.translate-middle-y{transform:translateY(-50%) !important}.border{border:1px solid #dee2e6 !important;border:var(--bs-border-width) var(--bs-border-style) var(--bs-border-color) !important}.border-0{border:0 !important}.border-top{border-top:1px solid #dee2e6 !important;border-top:var(--bs-border-width) var(--bs-border-style) var(--bs-border-color) !important}.border-top-0{border-top:0 !important}.border-end{border-right:1px solid #dee2e6 !important;border-right:var(--bs-border-width) var(--bs-border-style) var(--bs-border-color) !important}.border-end-0{border-right:0 !important}.border-bottom{border-bottom:1px solid #dee2e6 !important;border-bottom:var(--bs-border-width) var(--bs-border-style) var(--bs-border-color) !important}.border-bottom-0{border-bottom:0 !important}.border-start{border-left:1px solid #dee2e6 !important;border-left:var(--bs-border-width) var(--bs-border-style) var(--bs-border-color) !important}.border-start-0{border-left:0 !important}.border-aqua{--bs-border-opacity: 1;border-color:rgba(0, 255, 255, 1) !important;border-color:rgba(var(--bs-aqua-rgb), var(--bs-border-opacity)) !important}.border-beige{--bs-border-opacity: 1;border-color:rgba(245, 245, 220, 1) !important;border-color:rgba(var(--bs-beige-rgb), var(--bs-border-opacity)) !important}.border-bisque{--bs-border-opacity: 1;border-color:rgba(255, 228, 196, 1) !important;border-color:rgba(var(--bs-bisque-rgb), var(--bs-border-opacity)) !important}.border-black{--bs-border-opacity: 1;border-color:rgba(26, 26, 26, 1) !important;border-color:rgba(var(--bs-black-rgb), var(--bs-border-opacity)) !important}.border-blue{--bs-border-opacity: 1;border-color:rgba(0, 56, 118, 1) !important;border-color:rgba(var(--bs-blue-rgb), var(--bs-border-opacity)) !important}.border-blueviolet{--bs-border-opacity: 1;border-color:rgba(138, 43, 226, 1) !important;border-color:rgba(var(--bs-blueviolet-rgb), var(--bs-border-opacity)) !important}.border-brown{--bs-border-opacity: 1;border-color:rgba(165, 42, 42, 1) !important;border-color:rgba(var(--bs-brown-rgb), var(--bs-border-opacity)) !important}.border-burly{--bs-border-opacity: 1;border-color:rgba(222, 184, 135, 1) !important;border-color:rgba(var(--bs-burly-rgb), var(--bs-border-opacity)) !important}.border-cadet{--bs-border-opacity: 1;border-color:rgba(95, 158, 160, 1) !important;border-color:rgba(var(--bs-cadet-rgb), var(--bs-border-opacity)) !important}.border-charcoal{--bs-border-opacity: 1;border-color:rgba(43, 47, 54, 1) !important;border-color:rgba(var(--bs-charcoal-rgb), var(--bs-border-opacity)) !important}.border-chocolate{--bs-border-opacity: 1;border-color:rgba(210, 105, 30, 1) !important;border-color:rgba(var(--bs-chocolate-rgb), var(--bs-border-opacity)) !important}.border-coral{--bs-border-opacity: 1;border-color:rgba(198, 90, 74, 1) !important;border-color:rgba(var(--bs-coral-rgb), var(--bs-border-opacity)) !important}.border-crimson{--bs-border-opacity: 1;border-color:rgba(220, 20, 60, 1) !important;border-color:rgba(var(--bs-crimson-rgb), var(--bs-border-opacity)) !important}.border-cyan{--bs-border-opacity: 1;border-color:rgba(0, 255, 255, 1) !important;border-color:rgba(var(--bs-cyan-rgb), var(--bs-border-opacity)) !important}.border-danger{--bs-border-opacity: 1;border-color:rgba(206, 17, 38, 1) !important;border-color:rgba(var(--bs-danger-rgb), var(--bs-border-opacity)) !important}.border-dark{--bs-border-opacity: 1;border-color:rgba(43, 47, 54, 1) !important;border-color:rgba(var(--bs-dark-rgb), var(--bs-border-opacity)) !important}.border-deep{--bs-border-opacity: 1;border-color:rgba(255, 20, 147, 1) !important;border-color:rgba(var(--bs-deep-rgb), var(--bs-border-opacity)) !important}.border-dodger{--bs-border-opacity: 1;border-color:rgba(30, 144, 255, 1) !important;border-color:rgba(var(--bs-dodger-rgb), var(--bs-border-opacity)) !important}.border-fire{--bs-border-opacity: 1;border-color:rgba(178, 34, 34, 1) !important;border-color:rgba(var(--bs-fire-rgb), var(--bs-border-opacity)) !important}.border-gold{--bs-border-opacity: 1;border-color:rgba(201, 162, 39, 1) !important;border-color:rgba(var(--bs-gold-rgb), var(--bs-border-opacity)) !important}.border-goldenrod{--bs-border-opacity: 1;border-color:rgba(218, 165, 32, 1) !important;border-color:rgba(var(--bs-goldenrod-rgb), var(--bs-border-opacity)) !important}.border-gray{--bs-border-opacity: 1;border-color:rgba(112, 128, 144, 1) !important;border-color:rgba(var(--bs-gray-rgb), var(--bs-border-opacity)) !important}.border-green{--bs-border-opacity: 1;border-color:rgba(8, 114, 8, 1) !important;border-color:rgba(var(--bs-green-rgb), var(--bs-border-opacity)) !important}.border-indian{--bs-border-opacity: 1;border-color:rgba(205, 92, 92, 1) !important;border-color:rgba(var(--bs-indian-rgb), var(--bs-border-opacity)) !important}.border-indigo{--bs-border-opacity: 1;border-color:rgba(10, 10, 10, 1) !important;border-color:rgba(var(--bs-indigo-rgb), var(--bs-border-opacity)) !important}.border-info{--bs-border-opacity: 1;border-color:rgba(0, 255, 255, 1) !important;border-color:rgba(var(--bs-info-rgb), var(--bs-border-opacity)) !important}.border-lemon{--bs-border-opacity: 1;border-color:rgba(255, 250, 205, 1) !important;border-color:rgba(var(--bs-lemon-rgb), var(--bs-border-opacity)) !important}.border-light{--bs-border-opacity: 1;border-color:rgba(245, 247, 251, 1) !important;border-color:rgba(var(--bs-light-rgb), var(--bs-border-opacity)) !important}.border-lime{--bs-border-opacity: 1;border-color:rgba(0, 255, 0, 1) !important;border-color:rgba(var(--bs-lime-rgb), var(--bs-border-opacity)) !important}.border-magenta{--bs-border-opacity: 1;border-color:rgba(255, 0, 255, 1) !important;border-color:rgba(var(--bs-magenta-rgb), var(--bs-border-opacity)) !important}.border-maroon{--bs-border-opacity: 1;border-color:rgba(128, 0, 0, 1) !important;border-color:rgba(var(--bs-maroon-rgb), var(--bs-border-opacity)) !important}.border-midnight{--bs-border-opacity: 1;border-color:rgba(25, 25, 112, 1) !important;border-color:rgba(var(--bs-midnight-rgb), var(--bs-border-opacity)) !important}.border-mint{--bs-border-opacity: 1;border-color:rgba(95, 179, 162, 1) !important;border-color:rgba(var(--bs-mint-rgb), var(--bs-border-opacity)) !important}.border-moccasin{--bs-border-opacity: 1;border-color:rgba(255, 228, 181, 1) !important;border-color:rgba(var(--bs-moccasin-rgb), var(--bs-border-opacity)) !important}.border-navy{--bs-border-opacity: 1;border-color:rgba(24, 58, 93, 1) !important;border-color:rgba(var(--bs-navy-rgb), var(--bs-border-opacity)) !important}.border-navajo{--bs-border-opacity: 1;border-color:rgba(255, 222, 173, 1) !important;border-color:rgba(var(--bs-navajo-rgb), var(--bs-border-opacity)) !important}.border-olive{--bs-border-opacity: 1;border-color:rgba(122, 143, 58, 1) !important;border-color:rgba(var(--bs-olive-rgb), var(--bs-border-opacity)) !important}.border-orange{--bs-border-opacity: 1;border-color:rgba(254, 80, 0, 1) !important;border-color:rgba(var(--bs-orange-rgb), var(--bs-border-opacity)) !important}.border-orangered{--bs-border-opacity: 1;border-color:rgba(255, 69, 0, 1) !important;border-color:rgba(var(--bs-orangered-rgb), var(--bs-border-opacity)) !important}.border-papaya{--bs-border-opacity: 1;border-color:rgba(255, 239, 213, 1) !important;border-color:rgba(var(--bs-papaya-rgb), var(--bs-border-opacity)) !important}.border-peru{--bs-border-opacity: 1;border-color:rgba(205, 133, 63, 1) !important;border-color:rgba(var(--bs-peru-rgb), var(--bs-border-opacity)) !important}.border-pink{--bs-border-opacity: 1;border-color:rgba(255, 105, 180, 1) !important;border-color:rgba(var(--bs-pink-rgb), var(--bs-border-opacity)) !important}.border-primary{--bs-border-opacity: 1;border-color:rgba(0, 56, 118, 1) !important;border-color:rgba(var(--bs-primary-rgb), var(--bs-border-opacity)) !important}.border-purple{--bs-border-opacity: 1;border-color:rgba(128, 0, 128, 1) !important;border-color:rgba(var(--bs-purple-rgb), var(--bs-border-opacity)) !important}.border-red{--bs-border-opacity: 1;border-color:rgba(206, 17, 38, 1) !important;border-color:rgba(var(--bs-red-rgb), var(--bs-border-opacity)) !important}.border-rose{--bs-border-opacity: 1;border-color:rgba(184, 92, 122, 1) !important;border-color:rgba(var(--bs-rose-rgb), var(--bs-border-opacity)) !important}.border-royal{--bs-border-opacity: 1;border-color:rgba(65, 105, 225, 1) !important;border-color:rgba(var(--bs-royal-rgb), var(--bs-border-opacity)) !important}.border-salmon{--bs-border-opacity: 1;border-color:rgba(250, 128, 114, 1) !important;border-color:rgba(var(--bs-salmon-rgb), var(--bs-border-opacity)) !important}.border-sand{--bs-border-opacity: 1;border-color:rgba(230, 216, 195, 1) !important;border-color:rgba(var(--bs-sand-rgb), var(--bs-border-opacity)) !important}.border-secondary{--bs-border-opacity: 1;border-color:rgba(108, 117, 125, 1) !important;border-color:rgba(var(--bs-secondary-rgb), var(--bs-border-opacity)) !important}.border-sienna{--bs-border-opacity: 1;border-color:rgba(160, 82, 45, 1) !important;border-color:rgba(var(--bs-sienna-rgb), var(--bs-border-opacity)) !important}.border-silver{--bs-border-opacity: 1;border-color:rgba(192, 192, 192, 1) !important;border-color:rgba(var(--bs-silver-rgb), var(--bs-border-opacity)) !important}.border-sky{--bs-border-opacity: 1;border-color:rgba(111, 163, 216, 1) !important;border-color:rgba(var(--bs-sky-rgb), var(--bs-border-opacity)) !important}.border-slate{--bs-border-opacity: 1;border-color:rgba(74, 93, 115, 1) !important;border-color:rgba(var(--bs-slate-rgb), var(--bs-border-opacity)) !important}.border-success{--bs-border-opacity: 1;border-color:rgba(25, 135, 84, 1) !important;border-color:rgba(var(--bs-success-rgb), var(--bs-border-opacity)) !important}.border-tan{--bs-border-opacity: 1;border-color:rgba(210, 180, 140, 1) !important;border-color:rgba(var(--bs-tan-rgb), var(--bs-border-opacity)) !important}.border-teal{--bs-border-opacity: 1;border-color:rgba(0, 128, 128, 1) !important;border-color:rgba(var(--bs-teal-rgb), var(--bs-border-opacity)) !important}.border-tomato{--bs-border-opacity: 1;border-color:rgba(255, 99, 71, 1) !important;border-color:rgba(var(--bs-tomato-rgb), var(--bs-border-opacity)) !important}.border-turquoise{--bs-border-opacity: 1;border-color:rgba(64, 224, 208, 1) !important;border-color:rgba(var(--bs-turquoise-rgb), var(--bs-border-opacity)) !important}.border-violet{--bs-border-opacity: 1;border-color:rgba(238, 130, 238, 1) !important;border-color:rgba(var(--bs-violet-rgb), var(--bs-border-opacity)) !important}.border-violetred{--bs-border-opacity: 1;border-color:rgba(199, 21, 133, 1) !important;border-color:rgba(var(--bs-violetred-rgb), var(--bs-border-opacity)) !important}.border-warning{--bs-border-opacity: 1;border-color:rgba(255, 193, 7, 1) !important;border-color:rgba(var(--bs-warning-rgb), var(--bs-border-opacity)) !important}.border-yellow{--bs-border-opacity: 1;border-color:rgba(239, 223, 0, 1) !important;border-color:rgba(var(--bs-yellow-rgb), var(--bs-border-opacity)) !important}.border-bitbucket{--bs-border-opacity: 1;border-color:rgba(0, 82, 204, 1) !important;border-color:rgba(var(--bs-bitbucket-rgb), var(--bs-border-opacity)) !important}.border-dribbble{--bs-border-opacity: 1;border-color:rgba(234, 76, 137, 1) !important;border-color:rgba(var(--bs-dribbble-rgb), var(--bs-border-opacity)) !important}.border-facebook{--bs-border-opacity: 1;border-color:rgba(24, 119, 242, 1) !important;border-color:rgba(var(--bs-facebook-rgb), var(--bs-border-opacity)) !important}.border-flickr{--bs-border-opacity: 1;border-color:rgba(0, 99, 220, 1) !important;border-color:rgba(var(--bs-flickr-rgb), var(--bs-border-opacity)) !important}.border-github{--bs-border-opacity: 1;border-color:rgba(24, 23, 23, 1) !important;border-color:rgba(var(--bs-github-rgb), var(--bs-border-opacity)) !important}.border-google{--bs-border-opacity: 1;border-color:rgba(219, 68, 55, 1) !important;border-color:rgba(var(--bs-google-rgb), var(--bs-border-opacity)) !important}.border-instagram{--bs-border-opacity: 1;border-color:rgba(228, 64, 95, 1) !important;border-color:rgba(var(--bs-instagram-rgb), var(--bs-border-opacity)) !important}.border-pinterest{--bs-border-opacity: 1;border-color:rgba(189, 8, 28, 1) !important;border-color:rgba(var(--bs-pinterest-rgb), var(--bs-border-opacity)) !important}.border-twitter{--bs-border-opacity: 1;border-color:rgba(29, 161, 242, 1) !important;border-color:rgba(var(--bs-twitter-rgb), var(--bs-border-opacity)) !important}.border-vimeo{--bs-border-opacity: 1;border-color:rgba(26, 183, 234, 1) !important;border-color:rgba(var(--bs-vimeo-rgb), var(--bs-border-opacity)) !important}.border-youtube{--bs-border-opacity: 1;border-color:rgba(255, 0, 0, 1) !important;border-color:rgba(var(--bs-youtube-rgb), var(--bs-border-opacity)) !important}.border-white{--bs-border-opacity: 1;border-color:rgba(255, 255, 255, 1) !important;border-color:rgba(var(--bs-white-rgb), var(--bs-border-opacity)) !important}.border-primary-subtle{border-color:rgb(153, 175.4, 200.2) !important;border-color:var(--bs-primary-border-subtle) !important}.border-secondary-subtle{border-color:rgb(196.2, 199.8, 203) !important;border-color:var(--bs-secondary-border-subtle) !important}.border-success-subtle{border-color:rgb(163, 207, 186.6) !important;border-color:var(--bs-success-border-subtle) !important}.border-info-subtle{border-color:#99ffff !important;border-color:var(--bs-info-border-subtle) !important}.border-warning-subtle{border-color:rgb(255, 230.2, 155.8) !important;border-color:var(--bs-warning-border-subtle) !important}.border-danger-subtle{border-color:rgb(235.4, 159.8, 168.2) !important;border-color:var(--bs-danger-border-subtle) !important}.border-light-subtle{border-color:#e9ecef !important;border-color:var(--bs-light-border-subtle) !important}.border-dark-subtle{border-color:#adb5bd !important;border-color:var(--bs-dark-border-subtle) !important}.border-1{border-width:1px !important}.border-2{border-width:2px !important}.border-3{border-width:3px !important}.border-4{border-width:4px !important}.border-5{border-width:5px !important}.border-opacity-10{--bs-border-opacity: 0.1}.border-opacity-25{--bs-border-opacity: 0.25}.border-opacity-50{--bs-border-opacity: 0.5}.border-opacity-75{--bs-border-opacity: 0.75}.border-opacity-100{--bs-border-opacity: 1}.w-25{width:25% !important}.w-50{width:50% !important}.w-75{width:75% !important}.w-100{width:100% !important}.w-auto{width:auto !important}.mw-100{max-width:100% !important}.vw-100{width:100vw !important}.min-vw-100{min-width:100vw !important}.h-25{height:25% !important}.h-50{height:50% !important}.h-75{height:75% !important}.h-100{height:100% !important}.h-auto{height:auto !important}.mh-100{max-height:100% !important}.vh-100{height:100vh !important}.min-vh-100{min-height:100vh !important}.flex-fill{flex:1 1 auto !important}.flex-row{flex-direction:row !important}.flex-column{flex-direction:column !important}.flex-row-reverse{flex-direction:row-reverse !important}.flex-column-reverse{flex-direction:column-reverse !important}.flex-grow-0{flex-grow:0 !important}.flex-grow-1{flex-grow:1 !important}.flex-shrink-0{flex-shrink:0 !important}.flex-shrink-1{flex-shrink:1 !important}.flex-wrap{flex-wrap:wrap !important}.flex-nowrap{flex-wrap:nowrap !important}.flex-wrap-reverse{flex-wrap:wrap-reverse !important}.justify-content-start{justify-content:flex-start !important}.justify-content-end{justify-content:flex-end !important}.justify-content-center{justify-content:center !important}.justify-content-between{justify-content:space-between !important}.justify-content-around{justify-content:space-around !important}.justify-content-evenly{justify-content:space-evenly !important}.align-items-start{align-items:flex-start !important}.align-items-end{align-items:flex-end !important}.align-items-center{align-items:center !important}.align-items-baseline{align-items:baseline !important}.align-items-stretch{align-items:stretch !important}.align-content-start{align-content:flex-start !important}.align-content-end{align-content:flex-end !important}.align-content-center{align-content:center !important}.align-content-between{align-content:space-between !important}.align-content-around{align-content:space-around !important}.align-content-stretch{align-content:stretch !important}.align-self-auto{align-self:auto !important}.align-self-start{align-self:flex-start !important}.align-self-end{align-self:flex-end !important}.align-self-center{align-self:center !important}.align-self-baseline{align-self:baseline !important}.align-self-stretch{align-self:stretch !important}.order-first{order:-1 !important}.order-0{order:0 !important}.order-1{order:1 !important}.order-2{order:2 !important}.order-3{order:3 !important}.order-4{order:4 !important}.order-5{order:5 !important}.order-last{order:6 !important}.m-0{margin:0 !important}.m-1{margin:.25rem !important}.m-2{margin:.5rem !important}.m-3{margin:1rem !important}.m-4{margin:1.5rem !important}.m-5{margin:3rem !important}.m-6{margin:4.5rem !important}.m-7{margin:6rem !important}.m-auto{margin:auto !important}.mx-0{margin-right:0 !important;margin-left:0 !important}.mx-1{margin-right:.25rem !important;margin-left:.25rem !important}.mx-2{margin-right:.5rem !important;margin-left:.5rem !important}.mx-3{margin-right:1rem !important;margin-left:1rem !important}.mx-4{margin-right:1.5rem !important;margin-left:1.5rem !important}.mx-5{margin-right:3rem !important;margin-left:3rem !important}.mx-6{margin-right:4.5rem !important;margin-left:4.5rem !important}.mx-7{margin-right:6rem !important;margin-left:6rem !important}.mx-auto{margin-right:auto !important;margin-left:auto !important}.my-0{margin-top:0 !important;margin-bottom:0 !important}.my-1{margin-top:.25rem !important;margin-bottom:.25rem !important}.my-2{margin-top:.5rem !important;margin-bottom:.5rem !important}.my-3{margin-top:1rem !important;margin-bottom:1rem !important}.my-4{margin-top:1.5rem !important;margin-bottom:1.5rem !important}.my-5{margin-top:3rem !important;margin-bottom:3rem !important}.my-6{margin-top:4.5rem !important;margin-bottom:4.5rem !important}.my-7{margin-top:6rem !important;margin-bottom:6rem !important}.my-auto{margin-top:auto !important;margin-bottom:auto !important}.mt-0{margin-top:0 !important}.mt-1{margin-top:.25rem !important}.mt-2{margin-top:.5rem !important}.mt-3{margin-top:1rem !important}.mt-4{margin-top:1.5rem !important}.mt-5{margin-top:3rem !important}.mt-6{margin-top:4.5rem !important}.mt-7{margin-top:6rem !important}.mt-auto{margin-top:auto !important}.me-0{margin-right:0 !important}.me-1{margin-right:.25rem !important}.me-2{margin-right:.5rem !important}.me-3{margin-right:1rem !important}.me-4{margin-right:1.5rem !important}.me-5{margin-right:3rem !important}.me-6{margin-right:4.5rem !important}.me-7{margin-right:6rem !important}.me-auto{margin-right:auto !important}.mb-0{margin-bottom:0 !important}.mb-1{margin-bottom:.25rem !important}.mb-2{margin-bottom:.5rem !important}.mb-3{margin-bottom:1rem !important}.mb-4{margin-bottom:1.5rem !important}.mb-5{margin-bottom:3rem !important}.mb-6{margin-bottom:4.5rem !important}.mb-7{margin-bottom:6rem !important}.mb-auto{margin-bottom:auto !important}.ms-0{margin-left:0 !important}.ms-1{margin-left:.25rem !important}.ms-2{margin-left:.5rem !important}.ms-3{margin-left:1rem !important}.ms-4{margin-left:1.5rem !important}.ms-5{margin-left:3rem !important}.ms-6{margin-left:4.5rem !important}.ms-7{margin-left:6rem !important}.ms-auto{margin-left:auto !important}.m-n1{margin:-0.25rem !important}.m-n2{margin:-0.5rem !important}.m-n3{margin:-1rem !important}.m-n4{margin:-1.5rem !important}.m-n5{margin:-3rem !important}.m-n6{margin:-4.5rem !important}.m-n7{margin:-6rem !important}.mx-n1{margin-right:-0.25rem !important;margin-left:-0.25rem !important}.mx-n2{margin-right:-0.5rem !important;margin-left:-0.5rem !important}.mx-n3{margin-right:-1rem !important;margin-left:-1rem !important}.mx-n4{margin-right:-1.5rem !important;margin-left:-1.5rem !important}.mx-n5{margin-right:-3rem !important;margin-left:-3rem !important}.mx-n6{margin-right:-4.5rem !important;margin-left:-4.5rem !important}.mx-n7{margin-right:-6rem !important;margin-left:-6rem !important}.my-n1{margin-top:-0.25rem !important;margin-bottom:-0.25rem !important}.my-n2{margin-top:-0.5rem !important;margin-bottom:-0.5rem !important}.my-n3{margin-top:-1rem !important;margin-bottom:-1rem !important}.my-n4{margin-top:-1.5rem !important;margin-bottom:-1.5rem !important}.my-n5{margin-top:-3rem !important;margin-bottom:-3rem !important}.my-n6{margin-top:-4.5rem !important;margin-bottom:-4.5rem !important}.my-n7{margin-top:-6rem !important;margin-bottom:-6rem !important}.mt-n1{margin-top:-0.25rem !important}.mt-n2{margin-top:-0.5rem !important}.mt-n3{margin-top:-1rem !important}.mt-n4{margin-top:-1.5rem !important}.mt-n5{margin-top:-3rem !important}.mt-n6{margin-top:-4.5rem !important}.mt-n7{margin-top:-6rem !important}.me-n1{margin-right:-0.25rem !important}.me-n2{margin-right:-0.5rem !important}.me-n3{margin-right:-1rem !important}.me-n4{margin-right:-1.5rem !important}.me-n5{margin-right:-3rem !important}.me-n6{margin-right:-4.5rem !important}.me-n7{margin-right:-6rem !important}.mb-n1{margin-bottom:-0.25rem !important}.mb-n2{margin-bottom:-0.5rem !important}.mb-n3{margin-bottom:-1rem !important}.mb-n4{margin-bottom:-1.5rem !important}.mb-n5{margin-bottom:-3rem !important}.mb-n6{margin-bottom:-4.5rem !important}.mb-n7{margin-bottom:-6rem !important}.ms-n1{margin-left:-0.25rem !important}.ms-n2{margin-left:-0.5rem !important}.ms-n3{margin-left:-1rem !important}.ms-n4{margin-left:-1.5rem !important}.ms-n5{margin-left:-3rem !important}.ms-n6{margin-left:-4.5rem !important}.ms-n7{margin-left:-6rem !important}.p-0{padding:0 !important}.p-1{padding:.25rem !important}.p-2{padding:.5rem !important}.p-3{padding:1rem !important}.p-4{padding:1.5rem !important}.p-5{padding:3rem !important}.p-6{padding:4.5rem !important}.p-7{padding:6rem !important}.px-0{padding-right:0 !important;padding-left:0 !important}.px-1{padding-right:.25rem !important;padding-left:.25rem !important}.px-2{padding-right:.5rem !important;padding-left:.5rem !important}.px-3{padding-right:1rem !important;padding-left:1rem !important}.px-4{padding-right:1.5rem !important;padding-left:1.5rem !important}.px-5{padding-right:3rem !important;padding-left:3rem !important}.px-6{padding-right:4.5rem !important;padding-left:4.5rem !important}.px-7{padding-right:6rem !important;padding-left:6rem !important}.py-0{padding-top:0 !important;padding-bottom:0 !important}.py-1{padding-top:.25rem !important;padding-bottom:.25rem !important}.py-2{padding-top:.5rem !important;padding-bottom:.5rem !important}.py-3{padding-top:1rem !important;padding-bottom:1rem !important}.py-4{padding-top:1.5rem !important;padding-bottom:1.5rem !important}.py-5{padding-top:3rem !important;padding-bottom:3rem !important}.py-6{padding-top:4.5rem !important;padding-bottom:4.5rem !important}.py-7{padding-top:6rem !important;padding-bottom:6rem !important}.pt-0{padding-top:0 !important}.pt-1{padding-top:.25rem !important}.pt-2{padding-top:.5rem !important}.pt-3{padding-top:1rem !important}.pt-4{padding-top:1.5rem !important}.pt-5{padding-top:3rem !important}.pt-6{padding-top:4.5rem !important}.pt-7{padding-top:6rem !important}.pe-0{padding-right:0 !important}.pe-1{padding-right:.25rem !important}.pe-2{padding-right:.5rem !important}.pe-3{padding-right:1rem !important}.pe-4{padding-right:1.5rem !important}.pe-5{padding-right:3rem !important}.pe-6{padding-right:4.5rem !important}.pe-7{padding-right:6rem !important}.pb-0{padding-bottom:0 !important}.pb-1{padding-bottom:.25rem !important}.pb-2{padding-bottom:.5rem !important}.pb-3{padding-bottom:1rem !important}.pb-4{padding-bottom:1.5rem !important}.pb-5{padding-bottom:3rem !important}.pb-6{padding-bottom:4.5rem !important}.pb-7{padding-bottom:6rem !important}.ps-0{padding-left:0 !important}.ps-1{padding-left:.25rem !important}.ps-2{padding-left:.5rem !important}.ps-3{padding-left:1rem !important}.ps-4{padding-left:1.5rem !important}.ps-5{padding-left:3rem !important}.ps-6{padding-left:4.5rem !important}.ps-7{padding-left:6rem !important}.gap-0{gap:0 !important}.gap-1{gap:.25rem !important}.gap-2{gap:.5rem !important}.gap-3{gap:1rem !important}.gap-4{gap:1.5rem !important}.gap-5{gap:3rem !important}.gap-6{gap:4.5rem !important}.gap-7{gap:6rem !important}.row-gap-0{row-gap:0 !important}.row-gap-1{row-gap:.25rem !important}.row-gap-2{row-gap:.5rem !important}.row-gap-3{row-gap:1rem !important}.row-gap-4{row-gap:1.5rem !important}.row-gap-5{row-gap:3rem !important}.row-gap-6{row-gap:4.5rem !important}.row-gap-7{row-gap:6rem !important}.column-gap-0{-moz-column-gap:0 !important;column-gap:0 !important}.column-gap-1{-moz-column-gap:.25rem !important;column-gap:.25rem !important}.column-gap-2{-moz-column-gap:.5rem !important;column-gap:.5rem !important}.column-gap-3{-moz-column-gap:1rem !important;column-gap:1rem !important}.column-gap-4{-moz-column-gap:1.5rem !important;column-gap:1.5rem !important}.column-gap-5{-moz-column-gap:3rem !important;column-gap:3rem !important}.column-gap-6{-moz-column-gap:4.5rem !important;column-gap:4.5rem !important}.column-gap-7{-moz-column-gap:6rem !important;column-gap:6rem !important}.font-monospace{font-family:SFMono-Regular, Menlo, Monaco, Consolas, \"Liberation Mono\", \"Courier New\", monospace !important;font-family:var(--bs-font-monospace) !important}.fs-1{font-size:1.75rem !important}.fs-2{font-size:1.53125rem !important}.fs-3{font-size:1.3125rem !important}.fs-4{font-size:1.09375rem !important}.fs-5{font-size:0.875rem !important}.fs-6{font-size:0.875rem !important}.fst-italic{font-style:italic !important}.fst-normal{font-style:normal !important}.fw-lighter{font-weight:lighter !important}.fw-light{font-weight:300 !important}.fw-normal{font-weight:400 !important}.fw-medium{font-weight:500 !important}.fw-semibold{font-weight:600 !important}.fw-bold{font-weight:600 !important}.fw-bolder{font-weight:bolder !important}.lh-1{line-height:1 !important}.lh-sm{line-height:1.5 !important}.lh-base{line-height:1.5 !important}.lh-lg{line-height:1.5 !important}.text-start{text-align:left !important}.text-end{text-align:right !important}.text-center{text-align:center !important}.text-decoration-none{text-decoration:none !important}.text-decoration-underline{text-decoration:underline !important}.text-decoration-line-through{text-decoration:line-through !important}.text-lowercase{text-transform:lowercase !important}.text-uppercase{text-transform:uppercase !important}.text-capitalize{text-transform:capitalize !important}.text-wrap{white-space:normal !important}.text-nowrap{white-space:nowrap !important}.text-break{word-wrap:break-word !important;word-break:break-word !important}.text-aqua{--bs-text-opacity: 1;color:rgba(0, 255, 255, 1) !important;color:rgba(var(--bs-aqua-rgb), var(--bs-text-opacity)) !important}.text-beige{--bs-text-opacity: 1;color:rgba(245, 245, 220, 1) !important;color:rgba(var(--bs-beige-rgb), var(--bs-text-opacity)) !important}.text-bisque{--bs-text-opacity: 1;color:rgba(255, 228, 196, 1) !important;color:rgba(var(--bs-bisque-rgb), var(--bs-text-opacity)) !important}.text-black{--bs-text-opacity: 1;color:rgba(26, 26, 26, 1) !important;color:rgba(var(--bs-black-rgb), var(--bs-text-opacity)) !important}.text-blue{--bs-text-opacity: 1;color:rgba(0, 56, 118, 1) !important;color:rgba(var(--bs-blue-rgb), var(--bs-text-opacity)) !important}.text-blueviolet{--bs-text-opacity: 1;color:rgba(138, 43, 226, 1) !important;color:rgba(var(--bs-blueviolet-rgb), var(--bs-text-opacity)) !important}.text-brown{--bs-text-opacity: 1;color:rgba(165, 42, 42, 1) !important;color:rgba(var(--bs-brown-rgb), var(--bs-text-opacity)) !important}.text-burly{--bs-text-opacity: 1;color:rgba(222, 184, 135, 1) !important;color:rgba(var(--bs-burly-rgb), var(--bs-text-opacity)) !important}.text-cadet{--bs-text-opacity: 1;color:rgba(95, 158, 160, 1) !important;color:rgba(var(--bs-cadet-rgb), var(--bs-text-opacity)) !important}.text-charcoal{--bs-text-opacity: 1;color:rgba(43, 47, 54, 1) !important;color:rgba(var(--bs-charcoal-rgb), var(--bs-text-opacity)) !important}.text-chocolate{--bs-text-opacity: 1;color:rgba(210, 105, 30, 1) !important;color:rgba(var(--bs-chocolate-rgb), var(--bs-text-opacity)) !important}.text-coral{--bs-text-opacity: 1;color:rgba(198, 90, 74, 1) !important;color:rgba(var(--bs-coral-rgb), var(--bs-text-opacity)) !important}.text-crimson{--bs-text-opacity: 1;color:rgba(220, 20, 60, 1) !important;color:rgba(var(--bs-crimson-rgb), var(--bs-text-opacity)) !important}.text-cyan{--bs-text-opacity: 1;color:rgba(0, 255, 255, 1) !important;color:rgba(var(--bs-cyan-rgb), var(--bs-text-opacity)) !important}.text-danger{--bs-text-opacity: 1;color:rgba(206, 17, 38, 1) !important;color:rgba(var(--bs-danger-rgb), var(--bs-text-opacity)) !important}.text-dark{--bs-text-opacity: 1;color:rgba(43, 47, 54, 1) !important;color:rgba(var(--bs-dark-rgb), var(--bs-text-opacity)) !important}.text-deep{--bs-text-opacity: 1;color:rgba(255, 20, 147, 1) !important;color:rgba(var(--bs-deep-rgb), var(--bs-text-opacity)) !important}.text-dodger{--bs-text-opacity: 1;color:rgba(30, 144, 255, 1) !important;color:rgba(var(--bs-dodger-rgb), var(--bs-text-opacity)) !important}.text-fire{--bs-text-opacity: 1;color:rgba(178, 34, 34, 1) !important;color:rgba(var(--bs-fire-rgb), var(--bs-text-opacity)) !important}.text-gold{--bs-text-opacity: 1;color:rgba(201, 162, 39, 1) !important;color:rgba(var(--bs-gold-rgb), var(--bs-text-opacity)) !important}.text-goldenrod{--bs-text-opacity: 1;color:rgba(218, 165, 32, 1) !important;color:rgba(var(--bs-goldenrod-rgb), var(--bs-text-opacity)) !important}.text-gray{--bs-text-opacity: 1;color:rgba(112, 128, 144, 1) !important;color:rgba(var(--bs-gray-rgb), var(--bs-text-opacity)) !important}.text-green{--bs-text-opacity: 1;color:rgba(8, 114, 8, 1) !important;color:rgba(var(--bs-green-rgb), var(--bs-text-opacity)) !important}.text-indian{--bs-text-opacity: 1;color:rgba(205, 92, 92, 1) !important;color:rgba(var(--bs-indian-rgb), var(--bs-text-opacity)) !important}.text-indigo{--bs-text-opacity: 1;color:rgba(10, 10, 10, 1) !important;color:rgba(var(--bs-indigo-rgb), var(--bs-text-opacity)) !important}.text-info{--bs-text-opacity: 1;color:rgba(0, 255, 255, 1) !important;color:rgba(var(--bs-info-rgb), var(--bs-text-opacity)) !important}.text-lemon{--bs-text-opacity: 1;color:rgba(255, 250, 205, 1) !important;color:rgba(var(--bs-lemon-rgb), var(--bs-text-opacity)) !important}.text-light{--bs-text-opacity: 1;color:rgba(245, 247, 251, 1) !important;color:rgba(var(--bs-light-rgb), var(--bs-text-opacity)) !important}.text-lime{--bs-text-opacity: 1;color:rgba(0, 255, 0, 1) !important;color:rgba(var(--bs-lime-rgb), var(--bs-text-opacity)) !important}.text-magenta{--bs-text-opacity: 1;color:rgba(255, 0, 255, 1) !important;color:rgba(var(--bs-magenta-rgb), var(--bs-text-opacity)) !important}.text-maroon{--bs-text-opacity: 1;color:rgba(128, 0, 0, 1) !important;color:rgba(var(--bs-maroon-rgb), var(--bs-text-opacity)) !important}.text-midnight{--bs-text-opacity: 1;color:rgba(25, 25, 112, 1) !important;color:rgba(var(--bs-midnight-rgb), var(--bs-text-opacity)) !important}.text-mint{--bs-text-opacity: 1;color:rgba(95, 179, 162, 1) !important;color:rgba(var(--bs-mint-rgb), var(--bs-text-opacity)) !important}.text-moccasin{--bs-text-opacity: 1;color:rgba(255, 228, 181, 1) !important;color:rgba(var(--bs-moccasin-rgb), var(--bs-text-opacity)) !important}.text-navy{--bs-text-opacity: 1;color:rgba(24, 58, 93, 1) !important;color:rgba(var(--bs-navy-rgb), var(--bs-text-opacity)) !important}.text-navajo{--bs-text-opacity: 1;color:rgba(255, 222, 173, 1) !important;color:rgba(var(--bs-navajo-rgb), var(--bs-text-opacity)) !important}.text-olive{--bs-text-opacity: 1;color:rgba(122, 143, 58, 1) !important;color:rgba(var(--bs-olive-rgb), var(--bs-text-opacity)) !important}.text-orange{--bs-text-opacity: 1;color:rgba(254, 80, 0, 1) !important;color:rgba(var(--bs-orange-rgb), var(--bs-text-opacity)) !important}.text-orangered{--bs-text-opacity: 1;color:rgba(255, 69, 0, 1) !important;color:rgba(var(--bs-orangered-rgb), var(--bs-text-opacity)) !important}.text-papaya{--bs-text-opacity: 1;color:rgba(255, 239, 213, 1) !important;color:rgba(var(--bs-papaya-rgb), var(--bs-text-opacity)) !important}.text-peru{--bs-text-opacity: 1;color:rgba(205, 133, 63, 1) !important;color:rgba(var(--bs-peru-rgb), var(--bs-text-opacity)) !important}.text-pink{--bs-text-opacity: 1;color:rgba(255, 105, 180, 1) !important;color:rgba(var(--bs-pink-rgb), var(--bs-text-opacity)) !important}.text-primary{--bs-text-opacity: 1;color:rgba(0, 56, 118, 1) !important;color:rgba(var(--bs-primary-rgb), var(--bs-text-opacity)) !important}.text-purple{--bs-text-opacity: 1;color:rgba(128, 0, 128, 1) !important;color:rgba(var(--bs-purple-rgb), var(--bs-text-opacity)) !important}.text-red{--bs-text-opacity: 1;color:rgba(206, 17, 38, 1) !important;color:rgba(var(--bs-red-rgb), var(--bs-text-opacity)) !important}.text-rose{--bs-text-opacity: 1;color:rgba(184, 92, 122, 1) !important;color:rgba(var(--bs-rose-rgb), var(--bs-text-opacity)) !important}.text-royal{--bs-text-opacity: 1;color:rgba(65, 105, 225, 1) !important;color:rgba(var(--bs-royal-rgb), var(--bs-text-opacity)) !important}.text-salmon{--bs-text-opacity: 1;color:rgba(250, 128, 114, 1) !important;color:rgba(var(--bs-salmon-rgb), var(--bs-text-opacity)) !important}.text-sand{--bs-text-opacity: 1;color:rgba(230, 216, 195, 1) !important;color:rgba(var(--bs-sand-rgb), var(--bs-text-opacity)) !important}.text-secondary{--bs-text-opacity: 1;color:rgba(108, 117, 125, 1) !important;color:rgba(var(--bs-secondary-rgb), var(--bs-text-opacity)) !important}.text-sienna{--bs-text-opacity: 1;color:rgba(160, 82, 45, 1) !important;color:rgba(var(--bs-sienna-rgb), var(--bs-text-opacity)) !important}.text-silver{--bs-text-opacity: 1;color:rgba(192, 192, 192, 1) !important;color:rgba(var(--bs-silver-rgb), var(--bs-text-opacity)) !important}.text-sky{--bs-text-opacity: 1;color:rgba(111, 163, 216, 1) !important;color:rgba(var(--bs-sky-rgb), var(--bs-text-opacity)) !important}.text-slate{--bs-text-opacity: 1;color:rgba(74, 93, 115, 1) !important;color:rgba(var(--bs-slate-rgb), var(--bs-text-opacity)) !important}.text-success{--bs-text-opacity: 1;color:rgba(25, 135, 84, 1) !important;color:rgba(var(--bs-success-rgb), var(--bs-text-opacity)) !important}.text-tan{--bs-text-opacity: 1;color:rgba(210, 180, 140, 1) !important;color:rgba(var(--bs-tan-rgb), var(--bs-text-opacity)) !important}.text-teal{--bs-text-opacity: 1;color:rgba(0, 128, 128, 1) !important;color:rgba(var(--bs-teal-rgb), var(--bs-text-opacity)) !important}.text-tomato{--bs-text-opacity: 1;color:rgba(255, 99, 71, 1) !important;color:rgba(var(--bs-tomato-rgb), var(--bs-text-opacity)) !important}.text-turquoise{--bs-text-opacity: 1;color:rgba(64, 224, 208, 1) !important;color:rgba(var(--bs-turquoise-rgb), var(--bs-text-opacity)) !important}.text-violet{--bs-text-opacity: 1;color:rgba(238, 130, 238, 1) !important;color:rgba(var(--bs-violet-rgb), var(--bs-text-opacity)) !important}.text-violetred{--bs-text-opacity: 1;color:rgba(199, 21, 133, 1) !important;color:rgba(var(--bs-violetred-rgb), var(--bs-text-opacity)) !important}.text-warning{--bs-text-opacity: 1;color:rgba(255, 193, 7, 1) !important;color:rgba(var(--bs-warning-rgb), var(--bs-text-opacity)) !important}.text-yellow{--bs-text-opacity: 1;color:rgba(239, 223, 0, 1) !important;color:rgba(var(--bs-yellow-rgb), var(--bs-text-opacity)) !important}.text-bitbucket{--bs-text-opacity: 1;color:rgba(0, 82, 204, 1) !important;color:rgba(var(--bs-bitbucket-rgb), var(--bs-text-opacity)) !important}.text-dribbble{--bs-text-opacity: 1;color:rgba(234, 76, 137, 1) !important;color:rgba(var(--bs-dribbble-rgb), var(--bs-text-opacity)) !important}.text-facebook{--bs-text-opacity: 1;color:rgba(24, 119, 242, 1) !important;color:rgba(var(--bs-facebook-rgb), var(--bs-text-opacity)) !important}.text-flickr{--bs-text-opacity: 1;color:rgba(0, 99, 220, 1) !important;color:rgba(var(--bs-flickr-rgb), var(--bs-text-opacity)) !important}.text-github{--bs-text-opacity: 1;color:rgba(24, 23, 23, 1) !important;color:rgba(var(--bs-github-rgb), var(--bs-text-opacity)) !important}.text-google{--bs-text-opacity: 1;color:rgba(219, 68, 55, 1) !important;color:rgba(var(--bs-google-rgb), var(--bs-text-opacity)) !important}.text-instagram{--bs-text-opacity: 1;color:rgba(228, 64, 95, 1) !important;color:rgba(var(--bs-instagram-rgb), var(--bs-text-opacity)) !important}.text-pinterest{--bs-text-opacity: 1;color:rgba(189, 8, 28, 1) !important;color:rgba(var(--bs-pinterest-rgb), var(--bs-text-opacity)) !important}.text-twitter{--bs-text-opacity: 1;color:rgba(29, 161, 242, 1) !important;color:rgba(var(--bs-twitter-rgb), var(--bs-text-opacity)) !important}.text-vimeo{--bs-text-opacity: 1;color:rgba(26, 183, 234, 1) !important;color:rgba(var(--bs-vimeo-rgb), var(--bs-text-opacity)) !important}.text-youtube{--bs-text-opacity: 1;color:rgba(255, 0, 0, 1) !important;color:rgba(var(--bs-youtube-rgb), var(--bs-text-opacity)) !important}.text-white{--bs-text-opacity: 1;color:rgba(255, 255, 255, 1) !important;color:rgba(var(--bs-white-rgb), var(--bs-text-opacity)) !important}.text-body{--bs-text-opacity: 1;color:rgba(52, 58, 64, 1) !important;color:rgba(var(--bs-body-color-rgb), var(--bs-text-opacity)) !important}.text-muted{--bs-text-opacity: 1;color:rgba(52, 58, 64, 0.75) !important;color:var(--bs-secondary-color) !important}.text-black-50{--bs-text-opacity: 1;color:rgba(26,26,26,.5) !important}.text-white-50{--bs-text-opacity: 1;color:hsla(0,0%,100%,.5) !important}.text-body-secondary{--bs-text-opacity: 1;color:rgba(52, 58, 64, 0.75) !important;color:var(--bs-secondary-color) !important}.text-body-tertiary{--bs-text-opacity: 1;color:rgba(52, 58, 64, 0.5) !important;color:var(--bs-tertiary-color) !important}.text-body-emphasis{--bs-text-opacity: 1;color:#1a1a1a !important;color:var(--bs-emphasis-color) !important}.text-reset{--bs-text-opacity: 1;color:inherit !important}.text-opacity-25{--bs-text-opacity: 0.25}.text-opacity-50{--bs-text-opacity: 0.5}.text-opacity-75{--bs-text-opacity: 0.75}.text-opacity-100{--bs-text-opacity: 1}.text-primary-emphasis{color:rgb(0, 22.4, 47.2) !important;color:var(--bs-primary-text-emphasis) !important}.text-secondary-emphasis{color:rgb(43.2, 46.8, 50) !important;color:var(--bs-secondary-text-emphasis) !important}.text-success-emphasis{color:rgb(10, 54, 33.6) !important;color:var(--bs-success-text-emphasis) !important}.text-info-emphasis{color:#006666 !important;color:var(--bs-info-text-emphasis) !important}.text-warning-emphasis{color:rgb(102, 77.2, 2.8) !important;color:var(--bs-warning-text-emphasis) !important}.text-danger-emphasis{color:rgb(82.4, 6.8, 15.2) !important;color:var(--bs-danger-text-emphasis) !important}.text-light-emphasis{color:#495057 !important;color:var(--bs-light-text-emphasis) !important}.text-dark-emphasis{color:#495057 !important;color:var(--bs-dark-text-emphasis) !important}.link-opacity-10{--bs-link-opacity: 0.1}.link-opacity-10-hover:hover{--bs-link-opacity: 0.1}.link-opacity-25{--bs-link-opacity: 0.25}.link-opacity-25-hover:hover{--bs-link-opacity: 0.25}.link-opacity-50{--bs-link-opacity: 0.5}.link-opacity-50-hover:hover{--bs-link-opacity: 0.5}.link-opacity-75{--bs-link-opacity: 0.75}.link-opacity-75-hover:hover{--bs-link-opacity: 0.75}.link-opacity-100{--bs-link-opacity: 1}.link-opacity-100-hover:hover{--bs-link-opacity: 1}.link-offset-1{text-underline-offset:.125em !important}.link-offset-1-hover:hover{text-underline-offset:.125em !important}.link-offset-2{text-underline-offset:.25em !important}.link-offset-2-hover:hover{text-underline-offset:.25em !important}.link-offset-3{text-underline-offset:.375em !important}.link-offset-3-hover:hover{text-underline-offset:.375em !important}.link-underline-aqua{--bs-link-underline-opacity: 1;-webkit-text-decoration-color:rgba(0, 255, 255, 1) !important;text-decoration-color:rgba(0, 255, 255, 1) !important;-webkit-text-decoration-color:rgba(var(--bs-aqua-rgb), var(--bs-link-underline-opacity)) !important;text-decoration-color:rgba(var(--bs-aqua-rgb), var(--bs-link-underline-opacity)) !important}.link-underline-beige{--bs-link-underline-opacity: 1;-webkit-text-decoration-color:rgba(245, 245, 220, 1) !important;text-decoration-color:rgba(245, 245, 220, 1) !important;-webkit-text-decoration-color:rgba(var(--bs-beige-rgb), var(--bs-link-underline-opacity)) !important;text-decoration-color:rgba(var(--bs-beige-rgb), var(--bs-link-underline-opacity)) !important}.link-underline-bisque{--bs-link-underline-opacity: 1;-webkit-text-decoration-color:rgba(255, 228, 196, 1) !important;text-decoration-color:rgba(255, 228, 196, 1) !important;-webkit-text-decoration-color:rgba(var(--bs-bisque-rgb), var(--bs-link-underline-opacity)) !important;text-decoration-color:rgba(var(--bs-bisque-rgb), var(--bs-link-underline-opacity)) !important}.link-underline-black{--bs-link-underline-opacity: 1;-webkit-text-decoration-color:rgba(26, 26, 26, 1) !important;text-decoration-color:rgba(26, 26, 26, 1) !important;-webkit-text-decoration-color:rgba(var(--bs-black-rgb), var(--bs-link-underline-opacity)) !important;text-decoration-color:rgba(var(--bs-black-rgb), var(--bs-link-underline-opacity)) !important}.link-underline-blue{--bs-link-underline-opacity: 1;-webkit-text-decoration-color:rgba(0, 56, 118, 1) !important;text-decoration-color:rgba(0, 56, 118, 1) !important;-webkit-text-decoration-color:rgba(var(--bs-blue-rgb), var(--bs-link-underline-opacity)) !important;text-decoration-color:rgba(var(--bs-blue-rgb), var(--bs-link-underline-opacity)) !important}.link-underline-blueviolet{--bs-link-underline-opacity: 1;-webkit-text-decoration-color:rgba(138, 43, 226, 1) !important;text-decoration-color:rgba(138, 43, 226, 1) !important;-webkit-text-decoration-color:rgba(var(--bs-blueviolet-rgb), var(--bs-link-underline-opacity)) !important;text-decoration-color:rgba(var(--bs-blueviolet-rgb), var(--bs-link-underline-opacity)) !important}.link-underline-brown{--bs-link-underline-opacity: 1;-webkit-text-decoration-color:rgba(165, 42, 42, 1) !important;text-decoration-color:rgba(165, 42, 42, 1) !important;-webkit-text-decoration-color:rgba(var(--bs-brown-rgb), var(--bs-link-underline-opacity)) !important;text-decoration-color:rgba(var(--bs-brown-rgb), var(--bs-link-underline-opacity)) !important}.link-underline-burly{--bs-link-underline-opacity: 1;-webkit-text-decoration-color:rgba(222, 184, 135, 1) !important;text-decoration-color:rgba(222, 184, 135, 1) !important;-webkit-text-decoration-color:rgba(var(--bs-burly-rgb), var(--bs-link-underline-opacity)) !important;text-decoration-color:rgba(var(--bs-burly-rgb), var(--bs-link-underline-opacity)) !important}.link-underline-cadet{--bs-link-underline-opacity: 1;-webkit-text-decoration-color:rgba(95, 158, 160, 1) !important;text-decoration-color:rgba(95, 158, 160, 1) !important;-webkit-text-decoration-color:rgba(var(--bs-cadet-rgb), var(--bs-link-underline-opacity)) !important;text-decoration-color:rgba(var(--bs-cadet-rgb), var(--bs-link-underline-opacity)) !important}.link-underline-charcoal{--bs-link-underline-opacity: 1;-webkit-text-decoration-color:rgba(43, 47, 54, 1) !important;text-decoration-color:rgba(43, 47, 54, 1) !important;-webkit-text-decoration-color:rgba(var(--bs-charcoal-rgb), var(--bs-link-underline-opacity)) !important;text-decoration-color:rgba(var(--bs-charcoal-rgb), var(--bs-link-underline-opacity)) !important}.link-underline-chocolate{--bs-link-underline-opacity: 1;-webkit-text-decoration-color:rgba(210, 105, 30, 1) !important;text-decoration-color:rgba(210, 105, 30, 1) !important;-webkit-text-decoration-color:rgba(var(--bs-chocolate-rgb), var(--bs-link-underline-opacity)) !important;text-decoration-color:rgba(var(--bs-chocolate-rgb), var(--bs-link-underline-opacity)) !important}.link-underline-coral{--bs-link-underline-opacity: 1;-webkit-text-decoration-color:rgba(198, 90, 74, 1) !important;text-decoration-color:rgba(198, 90, 74, 1) !important;-webkit-text-decoration-color:rgba(var(--bs-coral-rgb), var(--bs-link-underline-opacity)) !important;text-decoration-color:rgba(var(--bs-coral-rgb), var(--bs-link-underline-opacity)) !important}.link-underline-crimson{--bs-link-underline-opacity: 1;-webkit-text-decoration-color:rgba(220, 20, 60, 1) !important;text-decoration-color:rgba(220, 20, 60, 1) !important;-webkit-text-decoration-color:rgba(var(--bs-crimson-rgb), var(--bs-link-underline-opacity)) !important;text-decoration-color:rgba(var(--bs-crimson-rgb), var(--bs-link-underline-opacity)) !important}.link-underline-cyan{--bs-link-underline-opacity: 1;-webkit-text-decoration-color:rgba(0, 255, 255, 1) !important;text-decoration-color:rgba(0, 255, 255, 1) !important;-webkit-text-decoration-color:rgba(var(--bs-cyan-rgb), var(--bs-link-underline-opacity)) !important;text-decoration-color:rgba(var(--bs-cyan-rgb), var(--bs-link-underline-opacity)) !important}.link-underline-danger{--bs-link-underline-opacity: 1;-webkit-text-decoration-color:rgba(206, 17, 38, 1) !important;text-decoration-color:rgba(206, 17, 38, 1) !important;-webkit-text-decoration-color:rgba(var(--bs-danger-rgb), var(--bs-link-underline-opacity)) !important;text-decoration-color:rgba(var(--bs-danger-rgb), var(--bs-link-underline-opacity)) !important}.link-underline-dark{--bs-link-underline-opacity: 1;-webkit-text-decoration-color:rgba(43, 47, 54, 1) !important;text-decoration-color:rgba(43, 47, 54, 1) !important;-webkit-text-decoration-color:rgba(var(--bs-dark-rgb), var(--bs-link-underline-opacity)) !important;text-decoration-color:rgba(var(--bs-dark-rgb), var(--bs-link-underline-opacity)) !important}.link-underline-deep{--bs-link-underline-opacity: 1;-webkit-text-decoration-color:rgba(255, 20, 147, 1) !important;text-decoration-color:rgba(255, 20, 147, 1) !important;-webkit-text-decoration-color:rgba(var(--bs-deep-rgb), var(--bs-link-underline-opacity)) !important;text-decoration-color:rgba(var(--bs-deep-rgb), var(--bs-link-underline-opacity)) !important}.link-underline-dodger{--bs-link-underline-opacity: 1;-webkit-text-decoration-color:rgba(30, 144, 255, 1) !important;text-decoration-color:rgba(30, 144, 255, 1) !important;-webkit-text-decoration-color:rgba(var(--bs-dodger-rgb), var(--bs-link-underline-opacity)) !important;text-decoration-color:rgba(var(--bs-dodger-rgb), var(--bs-link-underline-opacity)) !important}.link-underline-fire{--bs-link-underline-opacity: 1;-webkit-text-decoration-color:rgba(178, 34, 34, 1) !important;text-decoration-color:rgba(178, 34, 34, 1) !important;-webkit-text-decoration-color:rgba(var(--bs-fire-rgb), var(--bs-link-underline-opacity)) !important;text-decoration-color:rgba(var(--bs-fire-rgb), var(--bs-link-underline-opacity)) !important}.link-underline-gold{--bs-link-underline-opacity: 1;-webkit-text-decoration-color:rgba(201, 162, 39, 1) !important;text-decoration-color:rgba(201, 162, 39, 1) !important;-webkit-text-decoration-color:rgba(var(--bs-gold-rgb), var(--bs-link-underline-opacity)) !important;text-decoration-color:rgba(var(--bs-gold-rgb), var(--bs-link-underline-opacity)) !important}.link-underline-goldenrod{--bs-link-underline-opacity: 1;-webkit-text-decoration-color:rgba(218, 165, 32, 1) !important;text-decoration-color:rgba(218, 165, 32, 1) !important;-webkit-text-decoration-color:rgba(var(--bs-goldenrod-rgb), var(--bs-link-underline-opacity)) !important;text-decoration-color:rgba(var(--bs-goldenrod-rgb), var(--bs-link-underline-opacity)) !important}.link-underline-gray{--bs-link-underline-opacity: 1;-webkit-text-decoration-color:rgba(112, 128, 144, 1) !important;text-decoration-color:rgba(112, 128, 144, 1) !important;-webkit-text-decoration-color:rgba(var(--bs-gray-rgb), var(--bs-link-underline-opacity)) !important;text-decoration-color:rgba(var(--bs-gray-rgb), var(--bs-link-underline-opacity)) !important}.link-underline-green{--bs-link-underline-opacity: 1;-webkit-text-decoration-color:rgba(8, 114, 8, 1) !important;text-decoration-color:rgba(8, 114, 8, 1) !important;-webkit-text-decoration-color:rgba(var(--bs-green-rgb), var(--bs-link-underline-opacity)) !important;text-decoration-color:rgba(var(--bs-green-rgb), var(--bs-link-underline-opacity)) !important}.link-underline-indian{--bs-link-underline-opacity: 1;-webkit-text-decoration-color:rgba(205, 92, 92, 1) !important;text-decoration-color:rgba(205, 92, 92, 1) !important;-webkit-text-decoration-color:rgba(var(--bs-indian-rgb), var(--bs-link-underline-opacity)) !important;text-decoration-color:rgba(var(--bs-indian-rgb), var(--bs-link-underline-opacity)) !important}.link-underline-indigo{--bs-link-underline-opacity: 1;-webkit-text-decoration-color:rgba(10, 10, 10, 1) !important;text-decoration-color:rgba(10, 10, 10, 1) !important;-webkit-text-decoration-color:rgba(var(--bs-indigo-rgb), var(--bs-link-underline-opacity)) !important;text-decoration-color:rgba(var(--bs-indigo-rgb), var(--bs-link-underline-opacity)) !important}.link-underline-info{--bs-link-underline-opacity: 1;-webkit-text-decoration-color:rgba(0, 255, 255, 1) !important;text-decoration-color:rgba(0, 255, 255, 1) !important;-webkit-text-decoration-color:rgba(var(--bs-info-rgb), var(--bs-link-underline-opacity)) !important;text-decoration-color:rgba(var(--bs-info-rgb), var(--bs-link-underline-opacity)) !important}.link-underline-lemon{--bs-link-underline-opacity: 1;-webkit-text-decoration-color:rgba(255, 250, 205, 1) !important;text-decoration-color:rgba(255, 250, 205, 1) !important;-webkit-text-decoration-color:rgba(var(--bs-lemon-rgb), var(--bs-link-underline-opacity)) !important;text-decoration-color:rgba(var(--bs-lemon-rgb), var(--bs-link-underline-opacity)) !important}.link-underline-light{--bs-link-underline-opacity: 1;-webkit-text-decoration-color:rgba(245, 247, 251, 1) !important;text-decoration-color:rgba(245, 247, 251, 1) !important;-webkit-text-decoration-color:rgba(var(--bs-light-rgb), var(--bs-link-underline-opacity)) !important;text-decoration-color:rgba(var(--bs-light-rgb), var(--bs-link-underline-opacity)) !important}.link-underline-lime{--bs-link-underline-opacity: 1;-webkit-text-decoration-color:rgba(0, 255, 0, 1) !important;text-decoration-color:rgba(0, 255, 0, 1) !important;-webkit-text-decoration-color:rgba(var(--bs-lime-rgb), var(--bs-link-underline-opacity)) !important;text-decoration-color:rgba(var(--bs-lime-rgb), var(--bs-link-underline-opacity)) !important}.link-underline-magenta{--bs-link-underline-opacity: 1;-webkit-text-decoration-color:rgba(255, 0, 255, 1) !important;text-decoration-color:rgba(255, 0, 255, 1) !important;-webkit-text-decoration-color:rgba(var(--bs-magenta-rgb), var(--bs-link-underline-opacity)) !important;text-decoration-color:rgba(var(--bs-magenta-rgb), var(--bs-link-underline-opacity)) !important}.link-underline-maroon{--bs-link-underline-opacity: 1;-webkit-text-decoration-color:rgba(128, 0, 0, 1) !important;text-decoration-color:rgba(128, 0, 0, 1) !important;-webkit-text-decoration-color:rgba(var(--bs-maroon-rgb), var(--bs-link-underline-opacity)) !important;text-decoration-color:rgba(var(--bs-maroon-rgb), var(--bs-link-underline-opacity)) !important}.link-underline-midnight{--bs-link-underline-opacity: 1;-webkit-text-decoration-color:rgba(25, 25, 112, 1) !important;text-decoration-color:rgba(25, 25, 112, 1) !important;-webkit-text-decoration-color:rgba(var(--bs-midnight-rgb), var(--bs-link-underline-opacity)) !important;text-decoration-color:rgba(var(--bs-midnight-rgb), var(--bs-link-underline-opacity)) !important}.link-underline-mint{--bs-link-underline-opacity: 1;-webkit-text-decoration-color:rgba(95, 179, 162, 1) !important;text-decoration-color:rgba(95, 179, 162, 1) !important;-webkit-text-decoration-color:rgba(var(--bs-mint-rgb), var(--bs-link-underline-opacity)) !important;text-decoration-color:rgba(var(--bs-mint-rgb), var(--bs-link-underline-opacity)) !important}.link-underline-moccasin{--bs-link-underline-opacity: 1;-webkit-text-decoration-color:rgba(255, 228, 181, 1) !important;text-decoration-color:rgba(255, 228, 181, 1) !important;-webkit-text-decoration-color:rgba(var(--bs-moccasin-rgb), var(--bs-link-underline-opacity)) !important;text-decoration-color:rgba(var(--bs-moccasin-rgb), var(--bs-link-underline-opacity)) !important}.link-underline-navy{--bs-link-underline-opacity: 1;-webkit-text-decoration-color:rgba(24, 58, 93, 1) !important;text-decoration-color:rgba(24, 58, 93, 1) !important;-webkit-text-decoration-color:rgba(var(--bs-navy-rgb), var(--bs-link-underline-opacity)) !important;text-decoration-color:rgba(var(--bs-navy-rgb), var(--bs-link-underline-opacity)) !important}.link-underline-navajo{--bs-link-underline-opacity: 1;-webkit-text-decoration-color:rgba(255, 222, 173, 1) !important;text-decoration-color:rgba(255, 222, 173, 1) !important;-webkit-text-decoration-color:rgba(var(--bs-navajo-rgb), var(--bs-link-underline-opacity)) !important;text-decoration-color:rgba(var(--bs-navajo-rgb), var(--bs-link-underline-opacity)) !important}.link-underline-olive{--bs-link-underline-opacity: 1;-webkit-text-decoration-color:rgba(122, 143, 58, 1) !important;text-decoration-color:rgba(122, 143, 58, 1) !important;-webkit-text-decoration-color:rgba(var(--bs-olive-rgb), var(--bs-link-underline-opacity)) !important;text-decoration-color:rgba(var(--bs-olive-rgb), var(--bs-link-underline-opacity)) !important}.link-underline-orange{--bs-link-underline-opacity: 1;-webkit-text-decoration-color:rgba(254, 80, 0, 1) !important;text-decoration-color:rgba(254, 80, 0, 1) !important;-webkit-text-decoration-color:rgba(var(--bs-orange-rgb), var(--bs-link-underline-opacity)) !important;text-decoration-color:rgba(var(--bs-orange-rgb), var(--bs-link-underline-opacity)) !important}.link-underline-orangered{--bs-link-underline-opacity: 1;-webkit-text-decoration-color:rgba(255, 69, 0, 1) !important;text-decoration-color:rgba(255, 69, 0, 1) !important;-webkit-text-decoration-color:rgba(var(--bs-orangered-rgb), var(--bs-link-underline-opacity)) !important;text-decoration-color:rgba(var(--bs-orangered-rgb), var(--bs-link-underline-opacity)) !important}.link-underline-papaya{--bs-link-underline-opacity: 1;-webkit-text-decoration-color:rgba(255, 239, 213, 1) !important;text-decoration-color:rgba(255, 239, 213, 1) !important;-webkit-text-decoration-color:rgba(var(--bs-papaya-rgb), var(--bs-link-underline-opacity)) !important;text-decoration-color:rgba(var(--bs-papaya-rgb), var(--bs-link-underline-opacity)) !important}.link-underline-peru{--bs-link-underline-opacity: 1;-webkit-text-decoration-color:rgba(205, 133, 63, 1) !important;text-decoration-color:rgba(205, 133, 63, 1) !important;-webkit-text-decoration-color:rgba(var(--bs-peru-rgb), var(--bs-link-underline-opacity)) !important;text-decoration-color:rgba(var(--bs-peru-rgb), var(--bs-link-underline-opacity)) !important}.link-underline-pink{--bs-link-underline-opacity: 1;-webkit-text-decoration-color:rgba(255, 105, 180, 1) !important;text-decoration-color:rgba(255, 105, 180, 1) !important;-webkit-text-decoration-color:rgba(var(--bs-pink-rgb), var(--bs-link-underline-opacity)) !important;text-decoration-color:rgba(var(--bs-pink-rgb), var(--bs-link-underline-opacity)) !important}.link-underline-primary{--bs-link-underline-opacity: 1;-webkit-text-decoration-color:rgba(0, 56, 118, 1) !important;text-decoration-color:rgba(0, 56, 118, 1) !important;-webkit-text-decoration-color:rgba(var(--bs-primary-rgb), var(--bs-link-underline-opacity)) !important;text-decoration-color:rgba(var(--bs-primary-rgb), var(--bs-link-underline-opacity)) !important}.link-underline-purple{--bs-link-underline-opacity: 1;-webkit-text-decoration-color:rgba(128, 0, 128, 1) !important;text-decoration-color:rgba(128, 0, 128, 1) !important;-webkit-text-decoration-color:rgba(var(--bs-purple-rgb), var(--bs-link-underline-opacity)) !important;text-decoration-color:rgba(var(--bs-purple-rgb), var(--bs-link-underline-opacity)) !important}.link-underline-red{--bs-link-underline-opacity: 1;-webkit-text-decoration-color:rgba(206, 17, 38, 1) !important;text-decoration-color:rgba(206, 17, 38, 1) !important;-webkit-text-decoration-color:rgba(var(--bs-red-rgb), var(--bs-link-underline-opacity)) !important;text-decoration-color:rgba(var(--bs-red-rgb), var(--bs-link-underline-opacity)) !important}.link-underline-rose{--bs-link-underline-opacity: 1;-webkit-text-decoration-color:rgba(184, 92, 122, 1) !important;text-decoration-color:rgba(184, 92, 122, 1) !important;-webkit-text-decoration-color:rgba(var(--bs-rose-rgb), var(--bs-link-underline-opacity)) !important;text-decoration-color:rgba(var(--bs-rose-rgb), var(--bs-link-underline-opacity)) !important}.link-underline-royal{--bs-link-underline-opacity: 1;-webkit-text-decoration-color:rgba(65, 105, 225, 1) !important;text-decoration-color:rgba(65, 105, 225, 1) !important;-webkit-text-decoration-color:rgba(var(--bs-royal-rgb), var(--bs-link-underline-opacity)) !important;text-decoration-color:rgba(var(--bs-royal-rgb), var(--bs-link-underline-opacity)) !important}.link-underline-salmon{--bs-link-underline-opacity: 1;-webkit-text-decoration-color:rgba(250, 128, 114, 1) !important;text-decoration-color:rgba(250, 128, 114, 1) !important;-webkit-text-decoration-color:rgba(var(--bs-salmon-rgb), var(--bs-link-underline-opacity)) !important;text-decoration-color:rgba(var(--bs-salmon-rgb), var(--bs-link-underline-opacity)) !important}.link-underline-sand{--bs-link-underline-opacity: 1;-webkit-text-decoration-color:rgba(230, 216, 195, 1) !important;text-decoration-color:rgba(230, 216, 195, 1) !important;-webkit-text-decoration-color:rgba(var(--bs-sand-rgb), var(--bs-link-underline-opacity)) !important;text-decoration-color:rgba(var(--bs-sand-rgb), var(--bs-link-underline-opacity)) !important}.link-underline-secondary{--bs-link-underline-opacity: 1;-webkit-text-decoration-color:rgba(108, 117, 125, 1) !important;text-decoration-color:rgba(108, 117, 125, 1) !important;-webkit-text-decoration-color:rgba(var(--bs-secondary-rgb), var(--bs-link-underline-opacity)) !important;text-decoration-color:rgba(var(--bs-secondary-rgb), var(--bs-link-underline-opacity)) !important}.link-underline-sienna{--bs-link-underline-opacity: 1;-webkit-text-decoration-color:rgba(160, 82, 45, 1) !important;text-decoration-color:rgba(160, 82, 45, 1) !important;-webkit-text-decoration-color:rgba(var(--bs-sienna-rgb), var(--bs-link-underline-opacity)) !important;text-decoration-color:rgba(var(--bs-sienna-rgb), var(--bs-link-underline-opacity)) !important}.link-underline-silver{--bs-link-underline-opacity: 1;-webkit-text-decoration-color:rgba(192, 192, 192, 1) !important;text-decoration-color:rgba(192, 192, 192, 1) !important;-webkit-text-decoration-color:rgba(var(--bs-silver-rgb), var(--bs-link-underline-opacity)) !important;text-decoration-color:rgba(var(--bs-silver-rgb), var(--bs-link-underline-opacity)) !important}.link-underline-sky{--bs-link-underline-opacity: 1;-webkit-text-decoration-color:rgba(111, 163, 216, 1) !important;text-decoration-color:rgba(111, 163, 216, 1) !important;-webkit-text-decoration-color:rgba(var(--bs-sky-rgb), var(--bs-link-underline-opacity)) !important;text-decoration-color:rgba(var(--bs-sky-rgb), var(--bs-link-underline-opacity)) !important}.link-underline-slate{--bs-link-underline-opacity: 1;-webkit-text-decoration-color:rgba(74, 93, 115, 1) !important;text-decoration-color:rgba(74, 93, 115, 1) !important;-webkit-text-decoration-color:rgba(var(--bs-slate-rgb), var(--bs-link-underline-opacity)) !important;text-decoration-color:rgba(var(--bs-slate-rgb), var(--bs-link-underline-opacity)) !important}.link-underline-success{--bs-link-underline-opacity: 1;-webkit-text-decoration-color:rgba(25, 135, 84, 1) !important;text-decoration-color:rgba(25, 135, 84, 1) !important;-webkit-text-decoration-color:rgba(var(--bs-success-rgb), var(--bs-link-underline-opacity)) !important;text-decoration-color:rgba(var(--bs-success-rgb), var(--bs-link-underline-opacity)) !important}.link-underline-tan{--bs-link-underline-opacity: 1;-webkit-text-decoration-color:rgba(210, 180, 140, 1) !important;text-decoration-color:rgba(210, 180, 140, 1) !important;-webkit-text-decoration-color:rgba(var(--bs-tan-rgb), var(--bs-link-underline-opacity)) !important;text-decoration-color:rgba(var(--bs-tan-rgb), var(--bs-link-underline-opacity)) !important}.link-underline-teal{--bs-link-underline-opacity: 1;-webkit-text-decoration-color:rgba(0, 128, 128, 1) !important;text-decoration-color:rgba(0, 128, 128, 1) !important;-webkit-text-decoration-color:rgba(var(--bs-teal-rgb), var(--bs-link-underline-opacity)) !important;text-decoration-color:rgba(var(--bs-teal-rgb), var(--bs-link-underline-opacity)) !important}.link-underline-tomato{--bs-link-underline-opacity: 1;-webkit-text-decoration-color:rgba(255, 99, 71, 1) !important;text-decoration-color:rgba(255, 99, 71, 1) !important;-webkit-text-decoration-color:rgba(var(--bs-tomato-rgb), var(--bs-link-underline-opacity)) !important;text-decoration-color:rgba(var(--bs-tomato-rgb), var(--bs-link-underline-opacity)) !important}.link-underline-turquoise{--bs-link-underline-opacity: 1;-webkit-text-decoration-color:rgba(64, 224, 208, 1) !important;text-decoration-color:rgba(64, 224, 208, 1) !important;-webkit-text-decoration-color:rgba(var(--bs-turquoise-rgb), var(--bs-link-underline-opacity)) !important;text-decoration-color:rgba(var(--bs-turquoise-rgb), var(--bs-link-underline-opacity)) !important}.link-underline-violet{--bs-link-underline-opacity: 1;-webkit-text-decoration-color:rgba(238, 130, 238, 1) !important;text-decoration-color:rgba(238, 130, 238, 1) !important;-webkit-text-decoration-color:rgba(var(--bs-violet-rgb), var(--bs-link-underline-opacity)) !important;text-decoration-color:rgba(var(--bs-violet-rgb), var(--bs-link-underline-opacity)) !important}.link-underline-violetred{--bs-link-underline-opacity: 1;-webkit-text-decoration-color:rgba(199, 21, 133, 1) !important;text-decoration-color:rgba(199, 21, 133, 1) !important;-webkit-text-decoration-color:rgba(var(--bs-violetred-rgb), var(--bs-link-underline-opacity)) !important;text-decoration-color:rgba(var(--bs-violetred-rgb), var(--bs-link-underline-opacity)) !important}.link-underline-warning{--bs-link-underline-opacity: 1;-webkit-text-decoration-color:rgba(255, 193, 7, 1) !important;text-decoration-color:rgba(255, 193, 7, 1) !important;-webkit-text-decoration-color:rgba(var(--bs-warning-rgb), var(--bs-link-underline-opacity)) !important;text-decoration-color:rgba(var(--bs-warning-rgb), var(--bs-link-underline-opacity)) !important}.link-underline-yellow{--bs-link-underline-opacity: 1;-webkit-text-decoration-color:rgba(239, 223, 0, 1) !important;text-decoration-color:rgba(239, 223, 0, 1) !important;-webkit-text-decoration-color:rgba(var(--bs-yellow-rgb), var(--bs-link-underline-opacity)) !important;text-decoration-color:rgba(var(--bs-yellow-rgb), var(--bs-link-underline-opacity)) !important}.link-underline-bitbucket{--bs-link-underline-opacity: 1;-webkit-text-decoration-color:rgba(0, 82, 204, 1) !important;text-decoration-color:rgba(0, 82, 204, 1) !important;-webkit-text-decoration-color:rgba(var(--bs-bitbucket-rgb), var(--bs-link-underline-opacity)) !important;text-decoration-color:rgba(var(--bs-bitbucket-rgb), var(--bs-link-underline-opacity)) !important}.link-underline-dribbble{--bs-link-underline-opacity: 1;-webkit-text-decoration-color:rgba(234, 76, 137, 1) !important;text-decoration-color:rgba(234, 76, 137, 1) !important;-webkit-text-decoration-color:rgba(var(--bs-dribbble-rgb), var(--bs-link-underline-opacity)) !important;text-decoration-color:rgba(var(--bs-dribbble-rgb), var(--bs-link-underline-opacity)) !important}.link-underline-facebook{--bs-link-underline-opacity: 1;-webkit-text-decoration-color:rgba(24, 119, 242, 1) !important;text-decoration-color:rgba(24, 119, 242, 1) !important;-webkit-text-decoration-color:rgba(var(--bs-facebook-rgb), var(--bs-link-underline-opacity)) !important;text-decoration-color:rgba(var(--bs-facebook-rgb), var(--bs-link-underline-opacity)) !important}.link-underline-flickr{--bs-link-underline-opacity: 1;-webkit-text-decoration-color:rgba(0, 99, 220, 1) !important;text-decoration-color:rgba(0, 99, 220, 1) !important;-webkit-text-decoration-color:rgba(var(--bs-flickr-rgb), var(--bs-link-underline-opacity)) !important;text-decoration-color:rgba(var(--bs-flickr-rgb), var(--bs-link-underline-opacity)) !important}.link-underline-github{--bs-link-underline-opacity: 1;-webkit-text-decoration-color:rgba(24, 23, 23, 1) !important;text-decoration-color:rgba(24, 23, 23, 1) !important;-webkit-text-decoration-color:rgba(var(--bs-github-rgb), var(--bs-link-underline-opacity)) !important;text-decoration-color:rgba(var(--bs-github-rgb), var(--bs-link-underline-opacity)) !important}.link-underline-google{--bs-link-underline-opacity: 1;-webkit-text-decoration-color:rgba(219, 68, 55, 1) !important;text-decoration-color:rgba(219, 68, 55, 1) !important;-webkit-text-decoration-color:rgba(var(--bs-google-rgb), var(--bs-link-underline-opacity)) !important;text-decoration-color:rgba(var(--bs-google-rgb), var(--bs-link-underline-opacity)) !important}.link-underline-instagram{--bs-link-underline-opacity: 1;-webkit-text-decoration-color:rgba(228, 64, 95, 1) !important;text-decoration-color:rgba(228, 64, 95, 1) !important;-webkit-text-decoration-color:rgba(var(--bs-instagram-rgb), var(--bs-link-underline-opacity)) !important;text-decoration-color:rgba(var(--bs-instagram-rgb), var(--bs-link-underline-opacity)) !important}.link-underline-pinterest{--bs-link-underline-opacity: 1;-webkit-text-decoration-color:rgba(189, 8, 28, 1) !important;text-decoration-color:rgba(189, 8, 28, 1) !important;-webkit-text-decoration-color:rgba(var(--bs-pinterest-rgb), var(--bs-link-underline-opacity)) !important;text-decoration-color:rgba(var(--bs-pinterest-rgb), var(--bs-link-underline-opacity)) !important}.link-underline-twitter{--bs-link-underline-opacity: 1;-webkit-text-decoration-color:rgba(29, 161, 242, 1) !important;text-decoration-color:rgba(29, 161, 242, 1) !important;-webkit-text-decoration-color:rgba(var(--bs-twitter-rgb), var(--bs-link-underline-opacity)) !important;text-decoration-color:rgba(var(--bs-twitter-rgb), var(--bs-link-underline-opacity)) !important}.link-underline-vimeo{--bs-link-underline-opacity: 1;-webkit-text-decoration-color:rgba(26, 183, 234, 1) !important;text-decoration-color:rgba(26, 183, 234, 1) !important;-webkit-text-decoration-color:rgba(var(--bs-vimeo-rgb), var(--bs-link-underline-opacity)) !important;text-decoration-color:rgba(var(--bs-vimeo-rgb), var(--bs-link-underline-opacity)) !important}.link-underline-youtube{--bs-link-underline-opacity: 1;-webkit-text-decoration-color:rgba(255, 0, 0, 1) !important;text-decoration-color:rgba(255, 0, 0, 1) !important;-webkit-text-decoration-color:rgba(var(--bs-youtube-rgb), var(--bs-link-underline-opacity)) !important;text-decoration-color:rgba(var(--bs-youtube-rgb), var(--bs-link-underline-opacity)) !important}.link-underline{--bs-link-underline-opacity: 1;-webkit-text-decoration-color:rgba(0, 56, 118, 1) !important;text-decoration-color:rgba(0, 56, 118, 1) !important;-webkit-text-decoration-color:rgba(var(--bs-link-color-rgb), var(--bs-link-underline-opacity, 1)) !important;text-decoration-color:rgba(var(--bs-link-color-rgb), var(--bs-link-underline-opacity, 1)) !important}.link-underline-opacity-0{--bs-link-underline-opacity: 0}.link-underline-opacity-0-hover:hover{--bs-link-underline-opacity: 0}.link-underline-opacity-10{--bs-link-underline-opacity: 0.1}.link-underline-opacity-10-hover:hover{--bs-link-underline-opacity: 0.1}.link-underline-opacity-25{--bs-link-underline-opacity: 0.25}.link-underline-opacity-25-hover:hover{--bs-link-underline-opacity: 0.25}.link-underline-opacity-50{--bs-link-underline-opacity: 0.5}.link-underline-opacity-50-hover:hover{--bs-link-underline-opacity: 0.5}.link-underline-opacity-75{--bs-link-underline-opacity: 0.75}.link-underline-opacity-75-hover:hover{--bs-link-underline-opacity: 0.75}.link-underline-opacity-100{--bs-link-underline-opacity: 1}.link-underline-opacity-100-hover:hover{--bs-link-underline-opacity: 1}.bg-aqua{--bs-bg-opacity: 1;background-color:rgba(0, 255, 255, 1) !important;background-color:rgba(var(--bs-aqua-rgb), var(--bs-bg-opacity)) !important}.bg-beige{--bs-bg-opacity: 1;background-color:rgba(245, 245, 220, 1) !important;background-color:rgba(var(--bs-beige-rgb), var(--bs-bg-opacity)) !important}.bg-bisque{--bs-bg-opacity: 1;background-color:rgba(255, 228, 196, 1) !important;background-color:rgba(var(--bs-bisque-rgb), var(--bs-bg-opacity)) !important}.bg-black{--bs-bg-opacity: 1;background-color:rgba(26, 26, 26, 1) !important;background-color:rgba(var(--bs-black-rgb), var(--bs-bg-opacity)) !important}.bg-blue{--bs-bg-opacity: 1;background-color:rgba(0, 56, 118, 1) !important;background-color:rgba(var(--bs-blue-rgb), var(--bs-bg-opacity)) !important}.bg-blueviolet{--bs-bg-opacity: 1;background-color:rgba(138, 43, 226, 1) !important;background-color:rgba(var(--bs-blueviolet-rgb), var(--bs-bg-opacity)) !important}.bg-brown{--bs-bg-opacity: 1;background-color:rgba(165, 42, 42, 1) !important;background-color:rgba(var(--bs-brown-rgb), var(--bs-bg-opacity)) !important}.bg-burly{--bs-bg-opacity: 1;background-color:rgba(222, 184, 135, 1) !important;background-color:rgba(var(--bs-burly-rgb), var(--bs-bg-opacity)) !important}.bg-cadet{--bs-bg-opacity: 1;background-color:rgba(95, 158, 160, 1) !important;background-color:rgba(var(--bs-cadet-rgb), var(--bs-bg-opacity)) !important}.bg-charcoal{--bs-bg-opacity: 1;background-color:rgba(43, 47, 54, 1) !important;background-color:rgba(var(--bs-charcoal-rgb), var(--bs-bg-opacity)) !important}.bg-chocolate{--bs-bg-opacity: 1;background-color:rgba(210, 105, 30, 1) !important;background-color:rgba(var(--bs-chocolate-rgb), var(--bs-bg-opacity)) !important}.bg-coral{--bs-bg-opacity: 1;background-color:rgba(198, 90, 74, 1) !important;background-color:rgba(var(--bs-coral-rgb), var(--bs-bg-opacity)) !important}.bg-crimson{--bs-bg-opacity: 1;background-color:rgba(220, 20, 60, 1) !important;background-color:rgba(var(--bs-crimson-rgb), var(--bs-bg-opacity)) !important}.bg-cyan{--bs-bg-opacity: 1;background-color:rgba(0, 255, 255, 1) !important;background-color:rgba(var(--bs-cyan-rgb), var(--bs-bg-opacity)) !important}.bg-danger{--bs-bg-opacity: 1;background-color:rgba(206, 17, 38, 1) !important;background-color:rgba(var(--bs-danger-rgb), var(--bs-bg-opacity)) !important}.bg-dark{--bs-bg-opacity: 1;background-color:rgba(43, 47, 54, 1) !important;background-color:rgba(var(--bs-dark-rgb), var(--bs-bg-opacity)) !important}.bg-deep{--bs-bg-opacity: 1;background-color:rgba(255, 20, 147, 1) !important;background-color:rgba(var(--bs-deep-rgb), var(--bs-bg-opacity)) !important}.bg-dodger{--bs-bg-opacity: 1;background-color:rgba(30, 144, 255, 1) !important;background-color:rgba(var(--bs-dodger-rgb), var(--bs-bg-opacity)) !important}.bg-fire{--bs-bg-opacity: 1;background-color:rgba(178, 34, 34, 1) !important;background-color:rgba(var(--bs-fire-rgb), var(--bs-bg-opacity)) !important}.bg-gold{--bs-bg-opacity: 1;background-color:rgba(201, 162, 39, 1) !important;background-color:rgba(var(--bs-gold-rgb), var(--bs-bg-opacity)) !important}.bg-goldenrod{--bs-bg-opacity: 1;background-color:rgba(218, 165, 32, 1) !important;background-color:rgba(var(--bs-goldenrod-rgb), var(--bs-bg-opacity)) !important}.bg-gray{--bs-bg-opacity: 1;background-color:rgba(112, 128, 144, 1) !important;background-color:rgba(var(--bs-gray-rgb), var(--bs-bg-opacity)) !important}.bg-green{--bs-bg-opacity: 1;background-color:rgba(8, 114, 8, 1) !important;background-color:rgba(var(--bs-green-rgb), var(--bs-bg-opacity)) !important}.bg-indian{--bs-bg-opacity: 1;background-color:rgba(205, 92, 92, 1) !important;background-color:rgba(var(--bs-indian-rgb), var(--bs-bg-opacity)) !important}.bg-indigo{--bs-bg-opacity: 1;background-color:rgba(10, 10, 10, 1) !important;background-color:rgba(var(--bs-indigo-rgb), var(--bs-bg-opacity)) !important}.bg-info{--bs-bg-opacity: 1;background-color:rgba(0, 255, 255, 1) !important;background-color:rgba(var(--bs-info-rgb), var(--bs-bg-opacity)) !important}.bg-lemon{--bs-bg-opacity: 1;background-color:rgba(255, 250, 205, 1) !important;background-color:rgba(var(--bs-lemon-rgb), var(--bs-bg-opacity)) !important}.bg-light{--bs-bg-opacity: 1;background-color:rgba(245, 247, 251, 1) !important;background-color:rgba(var(--bs-light-rgb), var(--bs-bg-opacity)) !important}.bg-lime{--bs-bg-opacity: 1;background-color:rgba(0, 255, 0, 1) !important;background-color:rgba(var(--bs-lime-rgb), var(--bs-bg-opacity)) !important}.bg-magenta{--bs-bg-opacity: 1;background-color:rgba(255, 0, 255, 1) !important;background-color:rgba(var(--bs-magenta-rgb), var(--bs-bg-opacity)) !important}.bg-maroon{--bs-bg-opacity: 1;background-color:rgba(128, 0, 0, 1) !important;background-color:rgba(var(--bs-maroon-rgb), var(--bs-bg-opacity)) !important}.bg-midnight{--bs-bg-opacity: 1;background-color:rgba(25, 25, 112, 1) !important;background-color:rgba(var(--bs-midnight-rgb), var(--bs-bg-opacity)) !important}.bg-mint{--bs-bg-opacity: 1;background-color:rgba(95, 179, 162, 1) !important;background-color:rgba(var(--bs-mint-rgb), var(--bs-bg-opacity)) !important}.bg-moccasin{--bs-bg-opacity: 1;background-color:rgba(255, 228, 181, 1) !important;background-color:rgba(var(--bs-moccasin-rgb), var(--bs-bg-opacity)) !important}.bg-navy{--bs-bg-opacity: 1;background-color:rgba(24, 58, 93, 1) !important;background-color:rgba(var(--bs-navy-rgb), var(--bs-bg-opacity)) !important}.bg-navajo{--bs-bg-opacity: 1;background-color:rgba(255, 222, 173, 1) !important;background-color:rgba(var(--bs-navajo-rgb), var(--bs-bg-opacity)) !important}.bg-olive{--bs-bg-opacity: 1;background-color:rgba(122, 143, 58, 1) !important;background-color:rgba(var(--bs-olive-rgb), var(--bs-bg-opacity)) !important}.bg-orange{--bs-bg-opacity: 1;background-color:rgba(254, 80, 0, 1) !important;background-color:rgba(var(--bs-orange-rgb), var(--bs-bg-opacity)) !important}.bg-orangered{--bs-bg-opacity: 1;background-color:rgba(255, 69, 0, 1) !important;background-color:rgba(var(--bs-orangered-rgb), var(--bs-bg-opacity)) !important}.bg-papaya{--bs-bg-opacity: 1;background-color:rgba(255, 239, 213, 1) !important;background-color:rgba(var(--bs-papaya-rgb), var(--bs-bg-opacity)) !important}.bg-peru{--bs-bg-opacity: 1;background-color:rgba(205, 133, 63, 1) !important;background-color:rgba(var(--bs-peru-rgb), var(--bs-bg-opacity)) !important}.bg-pink{--bs-bg-opacity: 1;background-color:rgba(255, 105, 180, 1) !important;background-color:rgba(var(--bs-pink-rgb), var(--bs-bg-opacity)) !important}.bg-primary{--bs-bg-opacity: 1;background-color:rgba(0, 56, 118, 1) !important;background-color:rgba(var(--bs-primary-rgb), var(--bs-bg-opacity)) !important}.bg-purple{--bs-bg-opacity: 1;background-color:rgba(128, 0, 128, 1) !important;background-color:rgba(var(--bs-purple-rgb), var(--bs-bg-opacity)) !important}.bg-red{--bs-bg-opacity: 1;background-color:rgba(206, 17, 38, 1) !important;background-color:rgba(var(--bs-red-rgb), var(--bs-bg-opacity)) !important}.bg-rose{--bs-bg-opacity: 1;background-color:rgba(184, 92, 122, 1) !important;background-color:rgba(var(--bs-rose-rgb), var(--bs-bg-opacity)) !important}.bg-royal{--bs-bg-opacity: 1;background-color:rgba(65, 105, 225, 1) !important;background-color:rgba(var(--bs-royal-rgb), var(--bs-bg-opacity)) !important}.bg-salmon{--bs-bg-opacity: 1;background-color:rgba(250, 128, 114, 1) !important;background-color:rgba(var(--bs-salmon-rgb), var(--bs-bg-opacity)) !important}.bg-sand{--bs-bg-opacity: 1;background-color:rgba(230, 216, 195, 1) !important;background-color:rgba(var(--bs-sand-rgb), var(--bs-bg-opacity)) !important}.bg-secondary{--bs-bg-opacity: 1;background-color:rgba(108, 117, 125, 1) !important;background-color:rgba(var(--bs-secondary-rgb), var(--bs-bg-opacity)) !important}.bg-sienna{--bs-bg-opacity: 1;background-color:rgba(160, 82, 45, 1) !important;background-color:rgba(var(--bs-sienna-rgb), var(--bs-bg-opacity)) !important}.bg-silver{--bs-bg-opacity: 1;background-color:rgba(192, 192, 192, 1) !important;background-color:rgba(var(--bs-silver-rgb), var(--bs-bg-opacity)) !important}.bg-sky{--bs-bg-opacity: 1;background-color:rgba(111, 163, 216, 1) !important;background-color:rgba(var(--bs-sky-rgb), var(--bs-bg-opacity)) !important}.bg-slate{--bs-bg-opacity: 1;background-color:rgba(74, 93, 115, 1) !important;background-color:rgba(var(--bs-slate-rgb), var(--bs-bg-opacity)) !important}.bg-success{--bs-bg-opacity: 1;background-color:rgba(25, 135, 84, 1) !important;background-color:rgba(var(--bs-success-rgb), var(--bs-bg-opacity)) !important}.bg-tan{--bs-bg-opacity: 1;background-color:rgba(210, 180, 140, 1) !important;background-color:rgba(var(--bs-tan-rgb), var(--bs-bg-opacity)) !important}.bg-teal{--bs-bg-opacity: 1;background-color:rgba(0, 128, 128, 1) !important;background-color:rgba(var(--bs-teal-rgb), var(--bs-bg-opacity)) !important}.bg-tomato{--bs-bg-opacity: 1;background-color:rgba(255, 99, 71, 1) !important;background-color:rgba(var(--bs-tomato-rgb), var(--bs-bg-opacity)) !important}.bg-turquoise{--bs-bg-opacity: 1;background-color:rgba(64, 224, 208, 1) !important;background-color:rgba(var(--bs-turquoise-rgb), var(--bs-bg-opacity)) !important}.bg-violet{--bs-bg-opacity: 1;background-color:rgba(238, 130, 238, 1) !important;background-color:rgba(var(--bs-violet-rgb), var(--bs-bg-opacity)) !important}.bg-violetred{--bs-bg-opacity: 1;background-color:rgba(199, 21, 133, 1) !important;background-color:rgba(var(--bs-violetred-rgb), var(--bs-bg-opacity)) !important}.bg-warning{--bs-bg-opacity: 1;background-color:rgba(255, 193, 7, 1) !important;background-color:rgba(var(--bs-warning-rgb), var(--bs-bg-opacity)) !important}.bg-yellow{--bs-bg-opacity: 1;background-color:rgba(239, 223, 0, 1) !important;background-color:rgba(var(--bs-yellow-rgb), var(--bs-bg-opacity)) !important}.bg-bitbucket{--bs-bg-opacity: 1;background-color:rgba(0, 82, 204, 1) !important;background-color:rgba(var(--bs-bitbucket-rgb), var(--bs-bg-opacity)) !important}.bg-dribbble{--bs-bg-opacity: 1;background-color:rgba(234, 76, 137, 1) !important;background-color:rgba(var(--bs-dribbble-rgb), var(--bs-bg-opacity)) !important}.bg-facebook{--bs-bg-opacity: 1;background-color:rgba(24, 119, 242, 1) !important;background-color:rgba(var(--bs-facebook-rgb), var(--bs-bg-opacity)) !important}.bg-flickr{--bs-bg-opacity: 1;background-color:rgba(0, 99, 220, 1) !important;background-color:rgba(var(--bs-flickr-rgb), var(--bs-bg-opacity)) !important}.bg-github{--bs-bg-opacity: 1;background-color:rgba(24, 23, 23, 1) !important;background-color:rgba(var(--bs-github-rgb), var(--bs-bg-opacity)) !important}.bg-google{--bs-bg-opacity: 1;background-color:rgba(219, 68, 55, 1) !important;background-color:rgba(var(--bs-google-rgb), var(--bs-bg-opacity)) !important}.bg-instagram{--bs-bg-opacity: 1;background-color:rgba(228, 64, 95, 1) !important;background-color:rgba(var(--bs-instagram-rgb), var(--bs-bg-opacity)) !important}.bg-pinterest{--bs-bg-opacity: 1;background-color:rgba(189, 8, 28, 1) !important;background-color:rgba(var(--bs-pinterest-rgb), var(--bs-bg-opacity)) !important}.bg-twitter{--bs-bg-opacity: 1;background-color:rgba(29, 161, 242, 1) !important;background-color:rgba(var(--bs-twitter-rgb), var(--bs-bg-opacity)) !important}.bg-vimeo{--bs-bg-opacity: 1;background-color:rgba(26, 183, 234, 1) !important;background-color:rgba(var(--bs-vimeo-rgb), var(--bs-bg-opacity)) !important}.bg-youtube{--bs-bg-opacity: 1;background-color:rgba(255, 0, 0, 1) !important;background-color:rgba(var(--bs-youtube-rgb), var(--bs-bg-opacity)) !important}.bg-white{--bs-bg-opacity: 1;background-color:rgba(255, 255, 255, 1) !important;background-color:rgba(var(--bs-white-rgb), var(--bs-bg-opacity)) !important}.bg-body{--bs-bg-opacity: 1;background-color:rgba(248, 249, 250, 1) !important;background-color:rgba(var(--bs-body-bg-rgb), var(--bs-bg-opacity)) !important}.bg-transparent{--bs-bg-opacity: 1;background-color:rgba(0,0,0,0) !important}.bg-body-secondary{--bs-bg-opacity: 1;background-color:rgba(233, 236, 239, 1) !important;background-color:rgba(var(--bs-secondary-bg-rgb), var(--bs-bg-opacity)) !important}.bg-body-tertiary{--bs-bg-opacity: 1;background-color:rgba(248, 249, 250, 1) !important;background-color:rgba(var(--bs-tertiary-bg-rgb), var(--bs-bg-opacity)) !important}.bg-opacity-10{--bs-bg-opacity: 0.1}.bg-opacity-25{--bs-bg-opacity: 0.25}.bg-opacity-50{--bs-bg-opacity: 0.5}.bg-opacity-75{--bs-bg-opacity: 0.75}.bg-opacity-100{--bs-bg-opacity: 1}.bg-primary-subtle{background-color:rgb(204, 215.2, 227.6) !important;background-color:var(--bs-primary-bg-subtle) !important}.bg-secondary-subtle{background-color:rgb(225.6, 227.4, 229) !important;background-color:var(--bs-secondary-bg-subtle) !important}.bg-success-subtle{background-color:rgb(209, 231, 220.8) !important;background-color:var(--bs-success-bg-subtle) !important}.bg-info-subtle{background-color:#ccffff !important;background-color:var(--bs-info-bg-subtle) !important}.bg-warning-subtle{background-color:rgb(255, 242.6, 205.4) !important;background-color:var(--bs-warning-bg-subtle) !important}.bg-danger-subtle{background-color:rgb(245.2, 207.4, 211.6) !important;background-color:var(--bs-danger-bg-subtle) !important}.bg-light-subtle{background-color:rgb(251.5, 252, 252.5) !important;background-color:var(--bs-light-bg-subtle) !important}.bg-dark-subtle{background-color:#ced4da !important;background-color:var(--bs-dark-bg-subtle) !important}.bg-gradient{background-image:linear-gradient(180deg, rgba(255, 255, 255, 0.15), rgba(255, 255, 255, 0)) !important;background-image:var(--bs-gradient) !important}.user-select-all{-webkit-user-select:all !important;-moz-user-select:all !important;user-select:all !important}.user-select-auto{-webkit-user-select:auto !important;-moz-user-select:auto !important;user-select:auto !important}.user-select-none{-webkit-user-select:none !important;-moz-user-select:none !important;user-select:none !important}.pe-none{pointer-events:none !important}.pe-auto{pointer-events:auto !important}.rounded{border-radius:0.2rem !important;border-radius:var(--bs-border-radius) !important}.rounded-0{border-radius:0 !important}.rounded-1{border-radius:0.1rem !important;border-radius:var(--bs-border-radius-sm) !important}.rounded-2{border-radius:0.2rem !important;border-radius:var(--bs-border-radius) !important}.rounded-3{border-radius:0.3rem !important;border-radius:var(--bs-border-radius-lg) !important}.rounded-4{border-radius:1rem !important;border-radius:var(--bs-border-radius-xl) !important}.rounded-5{border-radius:2rem !important;border-radius:var(--bs-border-radius-xxl) !important}.rounded-circle{border-radius:50% !important}.rounded-pill{border-radius:50rem !important;border-radius:var(--bs-border-radius-pill) !important}.rounded-top{border-top-left-radius:0.2rem !important;border-top-left-radius:var(--bs-border-radius) !important;border-top-right-radius:0.2rem !important;border-top-right-radius:var(--bs-border-radius) !important}.rounded-top-0{border-top-left-radius:0 !important;border-top-right-radius:0 !important}.rounded-top-1{border-top-left-radius:0.1rem !important;border-top-left-radius:var(--bs-border-radius-sm) !important;border-top-right-radius:0.1rem !important;border-top-right-radius:var(--bs-border-radius-sm) !important}.rounded-top-2{border-top-left-radius:0.2rem !important;border-top-left-radius:var(--bs-border-radius) !important;border-top-right-radius:0.2rem !important;border-top-right-radius:var(--bs-border-radius) !important}.rounded-top-3{border-top-left-radius:0.3rem !important;border-top-left-radius:var(--bs-border-radius-lg) !important;border-top-right-radius:0.3rem !important;border-top-right-radius:var(--bs-border-radius-lg) !important}.rounded-top-4{border-top-left-radius:1rem !important;border-top-left-radius:var(--bs-border-radius-xl) !important;border-top-right-radius:1rem !important;border-top-right-radius:var(--bs-border-radius-xl) !important}.rounded-top-5{border-top-left-radius:2rem !important;border-top-left-radius:var(--bs-border-radius-xxl) !important;border-top-right-radius:2rem !important;border-top-right-radius:var(--bs-border-radius-xxl) !important}.rounded-top-circle{border-top-left-radius:50% !important;border-top-right-radius:50% !important}.rounded-top-pill{border-top-left-radius:50rem !important;border-top-left-radius:var(--bs-border-radius-pill) !important;border-top-right-radius:50rem !important;border-top-right-radius:var(--bs-border-radius-pill) !important}.rounded-end{border-top-right-radius:0.2rem !important;border-top-right-radius:var(--bs-border-radius) !important;border-bottom-right-radius:0.2rem !important;border-bottom-right-radius:var(--bs-border-radius) !important}.rounded-end-0{border-top-right-radius:0 !important;border-bottom-right-radius:0 !important}.rounded-end-1{border-top-right-radius:0.1rem !important;border-top-right-radius:var(--bs-border-radius-sm) !important;border-bottom-right-radius:0.1rem !important;border-bottom-right-radius:var(--bs-border-radius-sm) !important}.rounded-end-2{border-top-right-radius:0.2rem !important;border-top-right-radius:var(--bs-border-radius) !important;border-bottom-right-radius:0.2rem !important;border-bottom-right-radius:var(--bs-border-radius) !important}.rounded-end-3{border-top-right-radius:0.3rem !important;border-top-right-radius:var(--bs-border-radius-lg) !important;border-bottom-right-radius:0.3rem !important;border-bottom-right-radius:var(--bs-border-radius-lg) !important}.rounded-end-4{border-top-right-radius:1rem !important;border-top-right-radius:var(--bs-border-radius-xl) !important;border-bottom-right-radius:1rem !important;border-bottom-right-radius:var(--bs-border-radius-xl) !important}.rounded-end-5{border-top-right-radius:2rem !important;border-top-right-radius:var(--bs-border-radius-xxl) !important;border-bottom-right-radius:2rem !important;border-bottom-right-radius:var(--bs-border-radius-xxl) !important}.rounded-end-circle{border-top-right-radius:50% !important;border-bottom-right-radius:50% !important}.rounded-end-pill{border-top-right-radius:50rem !important;border-top-right-radius:var(--bs-border-radius-pill) !important;border-bottom-right-radius:50rem !important;border-bottom-right-radius:var(--bs-border-radius-pill) !important}.rounded-bottom{border-bottom-right-radius:0.2rem !important;border-bottom-right-radius:var(--bs-border-radius) !important;border-bottom-left-radius:0.2rem !important;border-bottom-left-radius:var(--bs-border-radius) !important}.rounded-bottom-0{border-bottom-right-radius:0 !important;border-bottom-left-radius:0 !important}.rounded-bottom-1{border-bottom-right-radius:0.1rem !important;border-bottom-right-radius:var(--bs-border-radius-sm) !important;border-bottom-left-radius:0.1rem !important;border-bottom-left-radius:var(--bs-border-radius-sm) !important}.rounded-bottom-2{border-bottom-right-radius:0.2rem !important;border-bottom-right-radius:var(--bs-border-radius) !important;border-bottom-left-radius:0.2rem !important;border-bottom-left-radius:var(--bs-border-radius) !important}.rounded-bottom-3{border-bottom-right-radius:0.3rem !important;border-bottom-right-radius:var(--bs-border-radius-lg) !important;border-bottom-left-radius:0.3rem !important;border-bottom-left-radius:var(--bs-border-radius-lg) !important}.rounded-bottom-4{border-bottom-right-radius:1rem !important;border-bottom-right-radius:var(--bs-border-radius-xl) !important;border-bottom-left-radius:1rem !important;border-bottom-left-radius:var(--bs-border-radius-xl) !important}.rounded-bottom-5{border-bottom-right-radius:2rem !important;border-bottom-right-radius:var(--bs-border-radius-xxl) !important;border-bottom-left-radius:2rem !important;border-bottom-left-radius:var(--bs-border-radius-xxl) !important}.rounded-bottom-circle{border-bottom-right-radius:50% !important;border-bottom-left-radius:50% !important}.rounded-bottom-pill{border-bottom-right-radius:50rem !important;border-bottom-right-radius:var(--bs-border-radius-pill) !important;border-bottom-left-radius:50rem !important;border-bottom-left-radius:var(--bs-border-radius-pill) !important}.rounded-start{border-bottom-left-radius:0.2rem !important;border-bottom-left-radius:var(--bs-border-radius) !important;border-top-left-radius:0.2rem !important;border-top-left-radius:var(--bs-border-radius) !important}.rounded-start-0{border-bottom-left-radius:0 !important;border-top-left-radius:0 !important}.rounded-start-1{border-bottom-left-radius:0.1rem !important;border-bottom-left-radius:var(--bs-border-radius-sm) !important;border-top-left-radius:0.1rem !important;border-top-left-radius:var(--bs-border-radius-sm) !important}.rounded-start-2{border-bottom-left-radius:0.2rem !important;border-bottom-left-radius:var(--bs-border-radius) !important;border-top-left-radius:0.2rem !important;border-top-left-radius:var(--bs-border-radius) !important}.rounded-start-3{border-bottom-left-radius:0.3rem !important;border-bottom-left-radius:var(--bs-border-radius-lg) !important;border-top-left-radius:0.3rem !important;border-top-left-radius:var(--bs-border-radius-lg) !important}.rounded-start-4{border-bottom-left-radius:1rem !important;border-bottom-left-radius:var(--bs-border-radius-xl) !important;border-top-left-radius:1rem !important;border-top-left-radius:var(--bs-border-radius-xl) !important}.rounded-start-5{border-bottom-left-radius:2rem !important;border-bottom-left-radius:var(--bs-border-radius-xxl) !important;border-top-left-radius:2rem !important;border-top-left-radius:var(--bs-border-radius-xxl) !important}.rounded-start-circle{border-bottom-left-radius:50% !important;border-top-left-radius:50% !important}.rounded-start-pill{border-bottom-left-radius:50rem !important;border-bottom-left-radius:var(--bs-border-radius-pill) !important;border-top-left-radius:50rem !important;border-top-left-radius:var(--bs-border-radius-pill) !important}.visible{visibility:visible !important}.invisible{visibility:hidden !important}.z-n1{z-index:-1 !important}.z-0{z-index:0 !important}.z-1{z-index:1 !important}.z-2{z-index:2 !important}.z-3{z-index:3 !important}@media(min-width: 576px){.float-sm-start{float:left !important}.float-sm-end{float:right !important}.float-sm-none{float:none !important}.object-fit-sm-contain{-o-object-fit:contain !important;object-fit:contain !important}.object-fit-sm-cover{-o-object-fit:cover !important;object-fit:cover !important}.object-fit-sm-fill{-o-object-fit:fill !important;object-fit:fill !important}.object-fit-sm-scale{-o-object-fit:scale-down !important;object-fit:scale-down !important}.object-fit-sm-none{-o-object-fit:none !important;object-fit:none !important}.d-sm-inline{display:inline !important}.d-sm-inline-block{display:inline-block !important}.d-sm-block{display:block !important}.d-sm-grid{display:grid !important}.d-sm-inline-grid{display:inline-grid !important}.d-sm-table{display:table !important}.d-sm-table-row{display:table-row !important}.d-sm-table-cell{display:table-cell !important}.d-sm-flex{display:flex !important}.d-sm-inline-flex{display:inline-flex !important}.d-sm-none{display:none !important}.flex-sm-fill{flex:1 1 auto !important}.flex-sm-row{flex-direction:row !important}.flex-sm-column{flex-direction:column !important}.flex-sm-row-reverse{flex-direction:row-reverse !important}.flex-sm-column-reverse{flex-direction:column-reverse !important}.flex-sm-grow-0{flex-grow:0 !important}.flex-sm-grow-1{flex-grow:1 !important}.flex-sm-shrink-0{flex-shrink:0 !important}.flex-sm-shrink-1{flex-shrink:1 !important}.flex-sm-wrap{flex-wrap:wrap !important}.flex-sm-nowrap{flex-wrap:nowrap !important}.flex-sm-wrap-reverse{flex-wrap:wrap-reverse !important}.justify-content-sm-start{justify-content:flex-start !important}.justify-content-sm-end{justify-content:flex-end !important}.justify-content-sm-center{justify-content:center !important}.justify-content-sm-between{justify-content:space-between !important}.justify-content-sm-around{justify-content:space-around !important}.justify-content-sm-evenly{justify-content:space-evenly !important}.align-items-sm-start{align-items:flex-start !important}.align-items-sm-end{align-items:flex-end !important}.align-items-sm-center{align-items:center !important}.align-items-sm-baseline{align-items:baseline !important}.align-items-sm-stretch{align-items:stretch !important}.align-content-sm-start{align-content:flex-start !important}.align-content-sm-end{align-content:flex-end !important}.align-content-sm-center{align-content:center !important}.align-content-sm-between{align-content:space-between !important}.align-content-sm-around{align-content:space-around !important}.align-content-sm-stretch{align-content:stretch !important}.align-self-sm-auto{align-self:auto !important}.align-self-sm-start{align-self:flex-start !important}.align-self-sm-end{align-self:flex-end !important}.align-self-sm-center{align-self:center !important}.align-self-sm-baseline{align-self:baseline !important}.align-self-sm-stretch{align-self:stretch !important}.order-sm-first{order:-1 !important}.order-sm-0{order:0 !important}.order-sm-1{order:1 !important}.order-sm-2{order:2 !important}.order-sm-3{order:3 !important}.order-sm-4{order:4 !important}.order-sm-5{order:5 !important}.order-sm-last{order:6 !important}.m-sm-0{margin:0 !important}.m-sm-1{margin:.25rem !important}.m-sm-2{margin:.5rem !important}.m-sm-3{margin:1rem !important}.m-sm-4{margin:1.5rem !important}.m-sm-5{margin:3rem !important}.m-sm-6{margin:4.5rem !important}.m-sm-7{margin:6rem !important}.m-sm-auto{margin:auto !important}.mx-sm-0{margin-right:0 !important;margin-left:0 !important}.mx-sm-1{margin-right:.25rem !important;margin-left:.25rem !important}.mx-sm-2{margin-right:.5rem !important;margin-left:.5rem !important}.mx-sm-3{margin-right:1rem !important;margin-left:1rem !important}.mx-sm-4{margin-right:1.5rem !important;margin-left:1.5rem !important}.mx-sm-5{margin-right:3rem !important;margin-left:3rem !important}.mx-sm-6{margin-right:4.5rem !important;margin-left:4.5rem !important}.mx-sm-7{margin-right:6rem !important;margin-left:6rem !important}.mx-sm-auto{margin-right:auto !important;margin-left:auto !important}.my-sm-0{margin-top:0 !important;margin-bottom:0 !important}.my-sm-1{margin-top:.25rem !important;margin-bottom:.25rem !important}.my-sm-2{margin-top:.5rem !important;margin-bottom:.5rem !important}.my-sm-3{margin-top:1rem !important;margin-bottom:1rem !important}.my-sm-4{margin-top:1.5rem !important;margin-bottom:1.5rem !important}.my-sm-5{margin-top:3rem !important;margin-bottom:3rem !important}.my-sm-6{margin-top:4.5rem !important;margin-bottom:4.5rem !important}.my-sm-7{margin-top:6rem !important;margin-bottom:6rem !important}.my-sm-auto{margin-top:auto !important;margin-bottom:auto !important}.mt-sm-0{margin-top:0 !important}.mt-sm-1{margin-top:.25rem !important}.mt-sm-2{margin-top:.5rem !important}.mt-sm-3{margin-top:1rem !important}.mt-sm-4{margin-top:1.5rem !important}.mt-sm-5{margin-top:3rem !important}.mt-sm-6{margin-top:4.5rem !important}.mt-sm-7{margin-top:6rem !important}.mt-sm-auto{margin-top:auto !important}.me-sm-0{margin-right:0 !important}.me-sm-1{margin-right:.25rem !important}.me-sm-2{margin-right:.5rem !important}.me-sm-3{margin-right:1rem !important}.me-sm-4{margin-right:1.5rem !important}.me-sm-5{margin-right:3rem !important}.me-sm-6{margin-right:4.5rem !important}.me-sm-7{margin-right:6rem !important}.me-sm-auto{margin-right:auto !important}.mb-sm-0{margin-bottom:0 !important}.mb-sm-1{margin-bottom:.25rem !important}.mb-sm-2{margin-bottom:.5rem !important}.mb-sm-3{margin-bottom:1rem !important}.mb-sm-4{margin-bottom:1.5rem !important}.mb-sm-5{margin-bottom:3rem !important}.mb-sm-6{margin-bottom:4.5rem !important}.mb-sm-7{margin-bottom:6rem !important}.mb-sm-auto{margin-bottom:auto !important}.ms-sm-0{margin-left:0 !important}.ms-sm-1{margin-left:.25rem !important}.ms-sm-2{margin-left:.5rem !important}.ms-sm-3{margin-left:1rem !important}.ms-sm-4{margin-left:1.5rem !important}.ms-sm-5{margin-left:3rem !important}.ms-sm-6{margin-left:4.5rem !important}.ms-sm-7{margin-left:6rem !important}.ms-sm-auto{margin-left:auto !important}.m-sm-n1{margin:-0.25rem !important}.m-sm-n2{margin:-0.5rem !important}.m-sm-n3{margin:-1rem !important}.m-sm-n4{margin:-1.5rem !important}.m-sm-n5{margin:-3rem !important}.m-sm-n6{margin:-4.5rem !important}.m-sm-n7{margin:-6rem !important}.mx-sm-n1{margin-right:-0.25rem !important;margin-left:-0.25rem !important}.mx-sm-n2{margin-right:-0.5rem !important;margin-left:-0.5rem !important}.mx-sm-n3{margin-right:-1rem !important;margin-left:-1rem !important}.mx-sm-n4{margin-right:-1.5rem !important;margin-left:-1.5rem !important}.mx-sm-n5{margin-right:-3rem !important;margin-left:-3rem !important}.mx-sm-n6{margin-right:-4.5rem !important;margin-left:-4.5rem !important}.mx-sm-n7{margin-right:-6rem !important;margin-left:-6rem !important}.my-sm-n1{margin-top:-0.25rem !important;margin-bottom:-0.25rem !important}.my-sm-n2{margin-top:-0.5rem !important;margin-bottom:-0.5rem !important}.my-sm-n3{margin-top:-1rem !important;margin-bottom:-1rem !important}.my-sm-n4{margin-top:-1.5rem !important;margin-bottom:-1.5rem !important}.my-sm-n5{margin-top:-3rem !important;margin-bottom:-3rem !important}.my-sm-n6{margin-top:-4.5rem !important;margin-bottom:-4.5rem !important}.my-sm-n7{margin-top:-6rem !important;margin-bottom:-6rem !important}.mt-sm-n1{margin-top:-0.25rem !important}.mt-sm-n2{margin-top:-0.5rem !important}.mt-sm-n3{margin-top:-1rem !important}.mt-sm-n4{margin-top:-1.5rem !important}.mt-sm-n5{margin-top:-3rem !important}.mt-sm-n6{margin-top:-4.5rem !important}.mt-sm-n7{margin-top:-6rem !important}.me-sm-n1{margin-right:-0.25rem !important}.me-sm-n2{margin-right:-0.5rem !important}.me-sm-n3{margin-right:-1rem !important}.me-sm-n4{margin-right:-1.5rem !important}.me-sm-n5{margin-right:-3rem !important}.me-sm-n6{margin-right:-4.5rem !important}.me-sm-n7{margin-right:-6rem !important}.mb-sm-n1{margin-bottom:-0.25rem !important}.mb-sm-n2{margin-bottom:-0.5rem !important}.mb-sm-n3{margin-bottom:-1rem !important}.mb-sm-n4{margin-bottom:-1.5rem !important}.mb-sm-n5{margin-bottom:-3rem !important}.mb-sm-n6{margin-bottom:-4.5rem !important}.mb-sm-n7{margin-bottom:-6rem !important}.ms-sm-n1{margin-left:-0.25rem !important}.ms-sm-n2{margin-left:-0.5rem !important}.ms-sm-n3{margin-left:-1rem !important}.ms-sm-n4{margin-left:-1.5rem !important}.ms-sm-n5{margin-left:-3rem !important}.ms-sm-n6{margin-left:-4.5rem !important}.ms-sm-n7{margin-left:-6rem !important}.p-sm-0{padding:0 !important}.p-sm-1{padding:.25rem !important}.p-sm-2{padding:.5rem !important}.p-sm-3{padding:1rem !important}.p-sm-4{padding:1.5rem !important}.p-sm-5{padding:3rem !important}.p-sm-6{padding:4.5rem !important}.p-sm-7{padding:6rem !important}.px-sm-0{padding-right:0 !important;padding-left:0 !important}.px-sm-1{padding-right:.25rem !important;padding-left:.25rem !important}.px-sm-2{padding-right:.5rem !important;padding-left:.5rem !important}.px-sm-3{padding-right:1rem !important;padding-left:1rem !important}.px-sm-4{padding-right:1.5rem !important;padding-left:1.5rem !important}.px-sm-5{padding-right:3rem !important;padding-left:3rem !important}.px-sm-6{padding-right:4.5rem !important;padding-left:4.5rem !important}.px-sm-7{padding-right:6rem !important;padding-left:6rem !important}.py-sm-0{padding-top:0 !important;padding-bottom:0 !important}.py-sm-1{padding-top:.25rem !important;padding-bottom:.25rem !important}.py-sm-2{padding-top:.5rem !important;padding-bottom:.5rem !important}.py-sm-3{padding-top:1rem !important;padding-bottom:1rem !important}.py-sm-4{padding-top:1.5rem !important;padding-bottom:1.5rem !important}.py-sm-5{padding-top:3rem !important;padding-bottom:3rem !important}.py-sm-6{padding-top:4.5rem !important;padding-bottom:4.5rem !important}.py-sm-7{padding-top:6rem !important;padding-bottom:6rem !important}.pt-sm-0{padding-top:0 !important}.pt-sm-1{padding-top:.25rem !important}.pt-sm-2{padding-top:.5rem !important}.pt-sm-3{padding-top:1rem !important}.pt-sm-4{padding-top:1.5rem !important}.pt-sm-5{padding-top:3rem !important}.pt-sm-6{padding-top:4.5rem !important}.pt-sm-7{padding-top:6rem !important}.pe-sm-0{padding-right:0 !important}.pe-sm-1{padding-right:.25rem !important}.pe-sm-2{padding-right:.5rem !important}.pe-sm-3{padding-right:1rem !important}.pe-sm-4{padding-right:1.5rem !important}.pe-sm-5{padding-right:3rem !important}.pe-sm-6{padding-right:4.5rem !important}.pe-sm-7{padding-right:6rem !important}.pb-sm-0{padding-bottom:0 !important}.pb-sm-1{padding-bottom:.25rem !important}.pb-sm-2{padding-bottom:.5rem !important}.pb-sm-3{padding-bottom:1rem !important}.pb-sm-4{padding-bottom:1.5rem !important}.pb-sm-5{padding-bottom:3rem !important}.pb-sm-6{padding-bottom:4.5rem !important}.pb-sm-7{padding-bottom:6rem !important}.ps-sm-0{padding-left:0 !important}.ps-sm-1{padding-left:.25rem !important}.ps-sm-2{padding-left:.5rem !important}.ps-sm-3{padding-left:1rem !important}.ps-sm-4{padding-left:1.5rem !important}.ps-sm-5{padding-left:3rem !important}.ps-sm-6{padding-left:4.5rem !important}.ps-sm-7{padding-left:6rem !important}.gap-sm-0{gap:0 !important}.gap-sm-1{gap:.25rem !important}.gap-sm-2{gap:.5rem !important}.gap-sm-3{gap:1rem !important}.gap-sm-4{gap:1.5rem !important}.gap-sm-5{gap:3rem !important}.gap-sm-6{gap:4.5rem !important}.gap-sm-7{gap:6rem !important}.row-gap-sm-0{row-gap:0 !important}.row-gap-sm-1{row-gap:.25rem !important}.row-gap-sm-2{row-gap:.5rem !important}.row-gap-sm-3{row-gap:1rem !important}.row-gap-sm-4{row-gap:1.5rem !important}.row-gap-sm-5{row-gap:3rem !important}.row-gap-sm-6{row-gap:4.5rem !important}.row-gap-sm-7{row-gap:6rem !important}.column-gap-sm-0{-moz-column-gap:0 !important;column-gap:0 !important}.column-gap-sm-1{-moz-column-gap:.25rem !important;column-gap:.25rem !important}.column-gap-sm-2{-moz-column-gap:.5rem !important;column-gap:.5rem !important}.column-gap-sm-3{-moz-column-gap:1rem !important;column-gap:1rem !important}.column-gap-sm-4{-moz-column-gap:1.5rem !important;column-gap:1.5rem !important}.column-gap-sm-5{-moz-column-gap:3rem !important;column-gap:3rem !important}.column-gap-sm-6{-moz-column-gap:4.5rem !important;column-gap:4.5rem !important}.column-gap-sm-7{-moz-column-gap:6rem !important;column-gap:6rem !important}.text-sm-start{text-align:left !important}.text-sm-end{text-align:right !important}.text-sm-center{text-align:center !important}}@media(min-width: 768px){.float-md-start{float:left !important}.float-md-end{float:right !important}.float-md-none{float:none !important}.object-fit-md-contain{-o-object-fit:contain !important;object-fit:contain !important}.object-fit-md-cover{-o-object-fit:cover !important;object-fit:cover !important}.object-fit-md-fill{-o-object-fit:fill !important;object-fit:fill !important}.object-fit-md-scale{-o-object-fit:scale-down !important;object-fit:scale-down !important}.object-fit-md-none{-o-object-fit:none !important;object-fit:none !important}.d-md-inline{display:inline !important}.d-md-inline-block{display:inline-block !important}.d-md-block{display:block !important}.d-md-grid{display:grid !important}.d-md-inline-grid{display:inline-grid !important}.d-md-table{display:table !important}.d-md-table-row{display:table-row !important}.d-md-table-cell{display:table-cell !important}.d-md-flex{display:flex !important}.d-md-inline-flex{display:inline-flex !important}.d-md-none{display:none !important}.flex-md-fill{flex:1 1 auto !important}.flex-md-row{flex-direction:row !important}.flex-md-column{flex-direction:column !important}.flex-md-row-reverse{flex-direction:row-reverse !important}.flex-md-column-reverse{flex-direction:column-reverse !important}.flex-md-grow-0{flex-grow:0 !important}.flex-md-grow-1{flex-grow:1 !important}.flex-md-shrink-0{flex-shrink:0 !important}.flex-md-shrink-1{flex-shrink:1 !important}.flex-md-wrap{flex-wrap:wrap !important}.flex-md-nowrap{flex-wrap:nowrap !important}.flex-md-wrap-reverse{flex-wrap:wrap-reverse !important}.justify-content-md-start{justify-content:flex-start !important}.justify-content-md-end{justify-content:flex-end !important}.justify-content-md-center{justify-content:center !important}.justify-content-md-between{justify-content:space-between !important}.justify-content-md-around{justify-content:space-around !important}.justify-content-md-evenly{justify-content:space-evenly !important}.align-items-md-start{align-items:flex-start !important}.align-items-md-end{align-items:flex-end !important}.align-items-md-center{align-items:center !important}.align-items-md-baseline{align-items:baseline !important}.align-items-md-stretch{align-items:stretch !important}.align-content-md-start{align-content:flex-start !important}.align-content-md-end{align-content:flex-end !important}.align-content-md-center{align-content:center !important}.align-content-md-between{align-content:space-between !important}.align-content-md-around{align-content:space-around !important}.align-content-md-stretch{align-content:stretch !important}.align-self-md-auto{align-self:auto !important}.align-self-md-start{align-self:flex-start !important}.align-self-md-end{align-self:flex-end !important}.align-self-md-center{align-self:center !important}.align-self-md-baseline{align-self:baseline !important}.align-self-md-stretch{align-self:stretch !important}.order-md-first{order:-1 !important}.order-md-0{order:0 !important}.order-md-1{order:1 !important}.order-md-2{order:2 !important}.order-md-3{order:3 !important}.order-md-4{order:4 !important}.order-md-5{order:5 !important}.order-md-last{order:6 !important}.m-md-0{margin:0 !important}.m-md-1{margin:.25rem !important}.m-md-2{margin:.5rem !important}.m-md-3{margin:1rem !important}.m-md-4{margin:1.5rem !important}.m-md-5{margin:3rem !important}.m-md-6{margin:4.5rem !important}.m-md-7{margin:6rem !important}.m-md-auto{margin:auto !important}.mx-md-0{margin-right:0 !important;margin-left:0 !important}.mx-md-1{margin-right:.25rem !important;margin-left:.25rem !important}.mx-md-2{margin-right:.5rem !important;margin-left:.5rem !important}.mx-md-3{margin-right:1rem !important;margin-left:1rem !important}.mx-md-4{margin-right:1.5rem !important;margin-left:1.5rem !important}.mx-md-5{margin-right:3rem !important;margin-left:3rem !important}.mx-md-6{margin-right:4.5rem !important;margin-left:4.5rem !important}.mx-md-7{margin-right:6rem !important;margin-left:6rem !important}.mx-md-auto{margin-right:auto !important;margin-left:auto !important}.my-md-0{margin-top:0 !important;margin-bottom:0 !important}.my-md-1{margin-top:.25rem !important;margin-bottom:.25rem !important}.my-md-2{margin-top:.5rem !important;margin-bottom:.5rem !important}.my-md-3{margin-top:1rem !important;margin-bottom:1rem !important}.my-md-4{margin-top:1.5rem !important;margin-bottom:1.5rem !important}.my-md-5{margin-top:3rem !important;margin-bottom:3rem !important}.my-md-6{margin-top:4.5rem !important;margin-bottom:4.5rem !important}.my-md-7{margin-top:6rem !important;margin-bottom:6rem !important}.my-md-auto{margin-top:auto !important;margin-bottom:auto !important}.mt-md-0{margin-top:0 !important}.mt-md-1{margin-top:.25rem !important}.mt-md-2{margin-top:.5rem !important}.mt-md-3{margin-top:1rem !important}.mt-md-4{margin-top:1.5rem !important}.mt-md-5{margin-top:3rem !important}.mt-md-6{margin-top:4.5rem !important}.mt-md-7{margin-top:6rem !important}.mt-md-auto{margin-top:auto !important}.me-md-0{margin-right:0 !important}.me-md-1{margin-right:.25rem !important}.me-md-2{margin-right:.5rem !important}.me-md-3{margin-right:1rem !important}.me-md-4{margin-right:1.5rem !important}.me-md-5{margin-right:3rem !important}.me-md-6{margin-right:4.5rem !important}.me-md-7{margin-right:6rem !important}.me-md-auto{margin-right:auto !important}.mb-md-0{margin-bottom:0 !important}.mb-md-1{margin-bottom:.25rem !important}.mb-md-2{margin-bottom:.5rem !important}.mb-md-3{margin-bottom:1rem !important}.mb-md-4{margin-bottom:1.5rem !important}.mb-md-5{margin-bottom:3rem !important}.mb-md-6{margin-bottom:4.5rem !important}.mb-md-7{margin-bottom:6rem !important}.mb-md-auto{margin-bottom:auto !important}.ms-md-0{margin-left:0 !important}.ms-md-1{margin-left:.25rem !important}.ms-md-2{margin-left:.5rem !important}.ms-md-3{margin-left:1rem !important}.ms-md-4{margin-left:1.5rem !important}.ms-md-5{margin-left:3rem !important}.ms-md-6{margin-left:4.5rem !important}.ms-md-7{margin-left:6rem !important}.ms-md-auto{margin-left:auto !important}.m-md-n1{margin:-0.25rem !important}.m-md-n2{margin:-0.5rem !important}.m-md-n3{margin:-1rem !important}.m-md-n4{margin:-1.5rem !important}.m-md-n5{margin:-3rem !important}.m-md-n6{margin:-4.5rem !important}.m-md-n7{margin:-6rem !important}.mx-md-n1{margin-right:-0.25rem !important;margin-left:-0.25rem !important}.mx-md-n2{margin-right:-0.5rem !important;margin-left:-0.5rem !important}.mx-md-n3{margin-right:-1rem !important;margin-left:-1rem !important}.mx-md-n4{margin-right:-1.5rem !important;margin-left:-1.5rem !important}.mx-md-n5{margin-right:-3rem !important;margin-left:-3rem !important}.mx-md-n6{margin-right:-4.5rem !important;margin-left:-4.5rem !important}.mx-md-n7{margin-right:-6rem !important;margin-left:-6rem !important}.my-md-n1{margin-top:-0.25rem !important;margin-bottom:-0.25rem !important}.my-md-n2{margin-top:-0.5rem !important;margin-bottom:-0.5rem !important}.my-md-n3{margin-top:-1rem !important;margin-bottom:-1rem !important}.my-md-n4{margin-top:-1.5rem !important;margin-bottom:-1.5rem !important}.my-md-n5{margin-top:-3rem !important;margin-bottom:-3rem !important}.my-md-n6{margin-top:-4.5rem !important;margin-bottom:-4.5rem !important}.my-md-n7{margin-top:-6rem !important;margin-bottom:-6rem !important}.mt-md-n1{margin-top:-0.25rem !important}.mt-md-n2{margin-top:-0.5rem !important}.mt-md-n3{margin-top:-1rem !important}.mt-md-n4{margin-top:-1.5rem !important}.mt-md-n5{margin-top:-3rem !important}.mt-md-n6{margin-top:-4.5rem !important}.mt-md-n7{margin-top:-6rem !important}.me-md-n1{margin-right:-0.25rem !important}.me-md-n2{margin-right:-0.5rem !important}.me-md-n3{margin-right:-1rem !important}.me-md-n4{margin-right:-1.5rem !important}.me-md-n5{margin-right:-3rem !important}.me-md-n6{margin-right:-4.5rem !important}.me-md-n7{margin-right:-6rem !important}.mb-md-n1{margin-bottom:-0.25rem !important}.mb-md-n2{margin-bottom:-0.5rem !important}.mb-md-n3{margin-bottom:-1rem !important}.mb-md-n4{margin-bottom:-1.5rem !important}.mb-md-n5{margin-bottom:-3rem !important}.mb-md-n6{margin-bottom:-4.5rem !important}.mb-md-n7{margin-bottom:-6rem !important}.ms-md-n1{margin-left:-0.25rem !important}.ms-md-n2{margin-left:-0.5rem !important}.ms-md-n3{margin-left:-1rem !important}.ms-md-n4{margin-left:-1.5rem !important}.ms-md-n5{margin-left:-3rem !important}.ms-md-n6{margin-left:-4.5rem !important}.ms-md-n7{margin-left:-6rem !important}.p-md-0{padding:0 !important}.p-md-1{padding:.25rem !important}.p-md-2{padding:.5rem !important}.p-md-3{padding:1rem !important}.p-md-4{padding:1.5rem !important}.p-md-5{padding:3rem !important}.p-md-6{padding:4.5rem !important}.p-md-7{padding:6rem !important}.px-md-0{padding-right:0 !important;padding-left:0 !important}.px-md-1{padding-right:.25rem !important;padding-left:.25rem !important}.px-md-2{padding-right:.5rem !important;padding-left:.5rem !important}.px-md-3{padding-right:1rem !important;padding-left:1rem !important}.px-md-4{padding-right:1.5rem !important;padding-left:1.5rem !important}.px-md-5{padding-right:3rem !important;padding-left:3rem !important}.px-md-6{padding-right:4.5rem !important;padding-left:4.5rem !important}.px-md-7{padding-right:6rem !important;padding-left:6rem !important}.py-md-0{padding-top:0 !important;padding-bottom:0 !important}.py-md-1{padding-top:.25rem !important;padding-bottom:.25rem !important}.py-md-2{padding-top:.5rem !important;padding-bottom:.5rem !important}.py-md-3{padding-top:1rem !important;padding-bottom:1rem !important}.py-md-4{padding-top:1.5rem !important;padding-bottom:1.5rem !important}.py-md-5{padding-top:3rem !important;padding-bottom:3rem !important}.py-md-6{padding-top:4.5rem !important;padding-bottom:4.5rem !important}.py-md-7{padding-top:6rem !important;padding-bottom:6rem !important}.pt-md-0{padding-top:0 !important}.pt-md-1{padding-top:.25rem !important}.pt-md-2{padding-top:.5rem !important}.pt-md-3{padding-top:1rem !important}.pt-md-4{padding-top:1.5rem !important}.pt-md-5{padding-top:3rem !important}.pt-md-6{padding-top:4.5rem !important}.pt-md-7{padding-top:6rem !important}.pe-md-0{padding-right:0 !important}.pe-md-1{padding-right:.25rem !important}.pe-md-2{padding-right:.5rem !important}.pe-md-3{padding-right:1rem !important}.pe-md-4{padding-right:1.5rem !important}.pe-md-5{padding-right:3rem !important}.pe-md-6{padding-right:4.5rem !important}.pe-md-7{padding-right:6rem !important}.pb-md-0{padding-bottom:0 !important}.pb-md-1{padding-bottom:.25rem !important}.pb-md-2{padding-bottom:.5rem !important}.pb-md-3{padding-bottom:1rem !important}.pb-md-4{padding-bottom:1.5rem !important}.pb-md-5{padding-bottom:3rem !important}.pb-md-6{padding-bottom:4.5rem !important}.pb-md-7{padding-bottom:6rem !important}.ps-md-0{padding-left:0 !important}.ps-md-1{padding-left:.25rem !important}.ps-md-2{padding-left:.5rem !important}.ps-md-3{padding-left:1rem !important}.ps-md-4{padding-left:1.5rem !important}.ps-md-5{padding-left:3rem !important}.ps-md-6{padding-left:4.5rem !important}.ps-md-7{padding-left:6rem !important}.gap-md-0{gap:0 !important}.gap-md-1{gap:.25rem !important}.gap-md-2{gap:.5rem !important}.gap-md-3{gap:1rem !important}.gap-md-4{gap:1.5rem !important}.gap-md-5{gap:3rem !important}.gap-md-6{gap:4.5rem !important}.gap-md-7{gap:6rem !important}.row-gap-md-0{row-gap:0 !important}.row-gap-md-1{row-gap:.25rem !important}.row-gap-md-2{row-gap:.5rem !important}.row-gap-md-3{row-gap:1rem !important}.row-gap-md-4{row-gap:1.5rem !important}.row-gap-md-5{row-gap:3rem !important}.row-gap-md-6{row-gap:4.5rem !important}.row-gap-md-7{row-gap:6rem !important}.column-gap-md-0{-moz-column-gap:0 !important;column-gap:0 !important}.column-gap-md-1{-moz-column-gap:.25rem !important;column-gap:.25rem !important}.column-gap-md-2{-moz-column-gap:.5rem !important;column-gap:.5rem !important}.column-gap-md-3{-moz-column-gap:1rem !important;column-gap:1rem !important}.column-gap-md-4{-moz-column-gap:1.5rem !important;column-gap:1.5rem !important}.column-gap-md-5{-moz-column-gap:3rem !important;column-gap:3rem !important}.column-gap-md-6{-moz-column-gap:4.5rem !important;column-gap:4.5rem !important}.column-gap-md-7{-moz-column-gap:6rem !important;column-gap:6rem !important}.text-md-start{text-align:left !important}.text-md-end{text-align:right !important}.text-md-center{text-align:center !important}}@media(min-width: 992px){.float-lg-start{float:left !important}.float-lg-end{float:right !important}.float-lg-none{float:none !important}.object-fit-lg-contain{-o-object-fit:contain !important;object-fit:contain !important}.object-fit-lg-cover{-o-object-fit:cover !important;object-fit:cover !important}.object-fit-lg-fill{-o-object-fit:fill !important;object-fit:fill !important}.object-fit-lg-scale{-o-object-fit:scale-down !important;object-fit:scale-down !important}.object-fit-lg-none{-o-object-fit:none !important;object-fit:none !important}.d-lg-inline{display:inline !important}.d-lg-inline-block{display:inline-block !important}.d-lg-block{display:block !important}.d-lg-grid{display:grid !important}.d-lg-inline-grid{display:inline-grid !important}.d-lg-table{display:table !important}.d-lg-table-row{display:table-row !important}.d-lg-table-cell{display:table-cell !important}.d-lg-flex{display:flex !important}.d-lg-inline-flex{display:inline-flex !important}.d-lg-none{display:none !important}.flex-lg-fill{flex:1 1 auto !important}.flex-lg-row{flex-direction:row !important}.flex-lg-column{flex-direction:column !important}.flex-lg-row-reverse{flex-direction:row-reverse !important}.flex-lg-column-reverse{flex-direction:column-reverse !important}.flex-lg-grow-0{flex-grow:0 !important}.flex-lg-grow-1{flex-grow:1 !important}.flex-lg-shrink-0{flex-shrink:0 !important}.flex-lg-shrink-1{flex-shrink:1 !important}.flex-lg-wrap{flex-wrap:wrap !important}.flex-lg-nowrap{flex-wrap:nowrap !important}.flex-lg-wrap-reverse{flex-wrap:wrap-reverse !important}.justify-content-lg-start{justify-content:flex-start !important}.justify-content-lg-end{justify-content:flex-end !important}.justify-content-lg-center{justify-content:center !important}.justify-content-lg-between{justify-content:space-between !important}.justify-content-lg-around{justify-content:space-around !important}.justify-content-lg-evenly{justify-content:space-evenly !important}.align-items-lg-start{align-items:flex-start !important}.align-items-lg-end{align-items:flex-end !important}.align-items-lg-center{align-items:center !important}.align-items-lg-baseline{align-items:baseline !important}.align-items-lg-stretch{align-items:stretch !important}.align-content-lg-start{align-content:flex-start !important}.align-content-lg-end{align-content:flex-end !important}.align-content-lg-center{align-content:center !important}.align-content-lg-between{align-content:space-between !important}.align-content-lg-around{align-content:space-around !important}.align-content-lg-stretch{align-content:stretch !important}.align-self-lg-auto{align-self:auto !important}.align-self-lg-start{align-self:flex-start !important}.align-self-lg-end{align-self:flex-end !important}.align-self-lg-center{align-self:center !important}.align-self-lg-baseline{align-self:baseline !important}.align-self-lg-stretch{align-self:stretch !important}.order-lg-first{order:-1 !important}.order-lg-0{order:0 !important}.order-lg-1{order:1 !important}.order-lg-2{order:2 !important}.order-lg-3{order:3 !important}.order-lg-4{order:4 !important}.order-lg-5{order:5 !important}.order-lg-last{order:6 !important}.m-lg-0{margin:0 !important}.m-lg-1{margin:.25rem !important}.m-lg-2{margin:.5rem !important}.m-lg-3{margin:1rem !important}.m-lg-4{margin:1.5rem !important}.m-lg-5{margin:3rem !important}.m-lg-6{margin:4.5rem !important}.m-lg-7{margin:6rem !important}.m-lg-auto{margin:auto !important}.mx-lg-0{margin-right:0 !important;margin-left:0 !important}.mx-lg-1{margin-right:.25rem !important;margin-left:.25rem !important}.mx-lg-2{margin-right:.5rem !important;margin-left:.5rem !important}.mx-lg-3{margin-right:1rem !important;margin-left:1rem !important}.mx-lg-4{margin-right:1.5rem !important;margin-left:1.5rem !important}.mx-lg-5{margin-right:3rem !important;margin-left:3rem !important}.mx-lg-6{margin-right:4.5rem !important;margin-left:4.5rem !important}.mx-lg-7{margin-right:6rem !important;margin-left:6rem !important}.mx-lg-auto{margin-right:auto !important;margin-left:auto !important}.my-lg-0{margin-top:0 !important;margin-bottom:0 !important}.my-lg-1{margin-top:.25rem !important;margin-bottom:.25rem !important}.my-lg-2{margin-top:.5rem !important;margin-bottom:.5rem !important}.my-lg-3{margin-top:1rem !important;margin-bottom:1rem !important}.my-lg-4{margin-top:1.5rem !important;margin-bottom:1.5rem !important}.my-lg-5{margin-top:3rem !important;margin-bottom:3rem !important}.my-lg-6{margin-top:4.5rem !important;margin-bottom:4.5rem !important}.my-lg-7{margin-top:6rem !important;margin-bottom:6rem !important}.my-lg-auto{margin-top:auto !important;margin-bottom:auto !important}.mt-lg-0{margin-top:0 !important}.mt-lg-1{margin-top:.25rem !important}.mt-lg-2{margin-top:.5rem !important}.mt-lg-3{margin-top:1rem !important}.mt-lg-4{margin-top:1.5rem !important}.mt-lg-5{margin-top:3rem !important}.mt-lg-6{margin-top:4.5rem !important}.mt-lg-7{margin-top:6rem !important}.mt-lg-auto{margin-top:auto !important}.me-lg-0{margin-right:0 !important}.me-lg-1{margin-right:.25rem !important}.me-lg-2{margin-right:.5rem !important}.me-lg-3{margin-right:1rem !important}.me-lg-4{margin-right:1.5rem !important}.me-lg-5{margin-right:3rem !important}.me-lg-6{margin-right:4.5rem !important}.me-lg-7{margin-right:6rem !important}.me-lg-auto{margin-right:auto !important}.mb-lg-0{margin-bottom:0 !important}.mb-lg-1{margin-bottom:.25rem !important}.mb-lg-2{margin-bottom:.5rem !important}.mb-lg-3{margin-bottom:1rem !important}.mb-lg-4{margin-bottom:1.5rem !important}.mb-lg-5{margin-bottom:3rem !important}.mb-lg-6{margin-bottom:4.5rem !important}.mb-lg-7{margin-bottom:6rem !important}.mb-lg-auto{margin-bottom:auto !important}.ms-lg-0{margin-left:0 !important}.ms-lg-1{margin-left:.25rem !important}.ms-lg-2{margin-left:.5rem !important}.ms-lg-3{margin-left:1rem !important}.ms-lg-4{margin-left:1.5rem !important}.ms-lg-5{margin-left:3rem !important}.ms-lg-6{margin-left:4.5rem !important}.ms-lg-7{margin-left:6rem !important}.ms-lg-auto{margin-left:auto !important}.m-lg-n1{margin:-0.25rem !important}.m-lg-n2{margin:-0.5rem !important}.m-lg-n3{margin:-1rem !important}.m-lg-n4{margin:-1.5rem !important}.m-lg-n5{margin:-3rem !important}.m-lg-n6{margin:-4.5rem !important}.m-lg-n7{margin:-6rem !important}.mx-lg-n1{margin-right:-0.25rem !important;margin-left:-0.25rem !important}.mx-lg-n2{margin-right:-0.5rem !important;margin-left:-0.5rem !important}.mx-lg-n3{margin-right:-1rem !important;margin-left:-1rem !important}.mx-lg-n4{margin-right:-1.5rem !important;margin-left:-1.5rem !important}.mx-lg-n5{margin-right:-3rem !important;margin-left:-3rem !important}.mx-lg-n6{margin-right:-4.5rem !important;margin-left:-4.5rem !important}.mx-lg-n7{margin-right:-6rem !important;margin-left:-6rem !important}.my-lg-n1{margin-top:-0.25rem !important;margin-bottom:-0.25rem !important}.my-lg-n2{margin-top:-0.5rem !important;margin-bottom:-0.5rem !important}.my-lg-n3{margin-top:-1rem !important;margin-bottom:-1rem !important}.my-lg-n4{margin-top:-1.5rem !important;margin-bottom:-1.5rem !important}.my-lg-n5{margin-top:-3rem !important;margin-bottom:-3rem !important}.my-lg-n6{margin-top:-4.5rem !important;margin-bottom:-4.5rem !important}.my-lg-n7{margin-top:-6rem !important;margin-bottom:-6rem !important}.mt-lg-n1{margin-top:-0.25rem !important}.mt-lg-n2{margin-top:-0.5rem !important}.mt-lg-n3{margin-top:-1rem !important}.mt-lg-n4{margin-top:-1.5rem !important}.mt-lg-n5{margin-top:-3rem !important}.mt-lg-n6{margin-top:-4.5rem !important}.mt-lg-n7{margin-top:-6rem !important}.me-lg-n1{margin-right:-0.25rem !important}.me-lg-n2{margin-right:-0.5rem !important}.me-lg-n3{margin-right:-1rem !important}.me-lg-n4{margin-right:-1.5rem !important}.me-lg-n5{margin-right:-3rem !important}.me-lg-n6{margin-right:-4.5rem !important}.me-lg-n7{margin-right:-6rem !important}.mb-lg-n1{margin-bottom:-0.25rem !important}.mb-lg-n2{margin-bottom:-0.5rem !important}.mb-lg-n3{margin-bottom:-1rem !important}.mb-lg-n4{margin-bottom:-1.5rem !important}.mb-lg-n5{margin-bottom:-3rem !important}.mb-lg-n6{margin-bottom:-4.5rem !important}.mb-lg-n7{margin-bottom:-6rem !important}.ms-lg-n1{margin-left:-0.25rem !important}.ms-lg-n2{margin-left:-0.5rem !important}.ms-lg-n3{margin-left:-1rem !important}.ms-lg-n4{margin-left:-1.5rem !important}.ms-lg-n5{margin-left:-3rem !important}.ms-lg-n6{margin-left:-4.5rem !important}.ms-lg-n7{margin-left:-6rem !important}.p-lg-0{padding:0 !important}.p-lg-1{padding:.25rem !important}.p-lg-2{padding:.5rem !important}.p-lg-3{padding:1rem !important}.p-lg-4{padding:1.5rem !important}.p-lg-5{padding:3rem !important}.p-lg-6{padding:4.5rem !important}.p-lg-7{padding:6rem !important}.px-lg-0{padding-right:0 !important;padding-left:0 !important}.px-lg-1{padding-right:.25rem !important;padding-left:.25rem !important}.px-lg-2{padding-right:.5rem !important;padding-left:.5rem !important}.px-lg-3{padding-right:1rem !important;padding-left:1rem !important}.px-lg-4{padding-right:1.5rem !important;padding-left:1.5rem !important}.px-lg-5{padding-right:3rem !important;padding-left:3rem !important}.px-lg-6{padding-right:4.5rem !important;padding-left:4.5rem !important}.px-lg-7{padding-right:6rem !important;padding-left:6rem !important}.py-lg-0{padding-top:0 !important;padding-bottom:0 !important}.py-lg-1{padding-top:.25rem !important;padding-bottom:.25rem !important}.py-lg-2{padding-top:.5rem !important;padding-bottom:.5rem !important}.py-lg-3{padding-top:1rem !important;padding-bottom:1rem !important}.py-lg-4{padding-top:1.5rem !important;padding-bottom:1.5rem !important}.py-lg-5{padding-top:3rem !important;padding-bottom:3rem !important}.py-lg-6{padding-top:4.5rem !important;padding-bottom:4.5rem !important}.py-lg-7{padding-top:6rem !important;padding-bottom:6rem !important}.pt-lg-0{padding-top:0 !important}.pt-lg-1{padding-top:.25rem !important}.pt-lg-2{padding-top:.5rem !important}.pt-lg-3{padding-top:1rem !important}.pt-lg-4{padding-top:1.5rem !important}.pt-lg-5{padding-top:3rem !important}.pt-lg-6{padding-top:4.5rem !important}.pt-lg-7{padding-top:6rem !important}.pe-lg-0{padding-right:0 !important}.pe-lg-1{padding-right:.25rem !important}.pe-lg-2{padding-right:.5rem !important}.pe-lg-3{padding-right:1rem !important}.pe-lg-4{padding-right:1.5rem !important}.pe-lg-5{padding-right:3rem !important}.pe-lg-6{padding-right:4.5rem !important}.pe-lg-7{padding-right:6rem !important}.pb-lg-0{padding-bottom:0 !important}.pb-lg-1{padding-bottom:.25rem !important}.pb-lg-2{padding-bottom:.5rem !important}.pb-lg-3{padding-bottom:1rem !important}.pb-lg-4{padding-bottom:1.5rem !important}.pb-lg-5{padding-bottom:3rem !important}.pb-lg-6{padding-bottom:4.5rem !important}.pb-lg-7{padding-bottom:6rem !important}.ps-lg-0{padding-left:0 !important}.ps-lg-1{padding-left:.25rem !important}.ps-lg-2{padding-left:.5rem !important}.ps-lg-3{padding-left:1rem !important}.ps-lg-4{padding-left:1.5rem !important}.ps-lg-5{padding-left:3rem !important}.ps-lg-6{padding-left:4.5rem !important}.ps-lg-7{padding-left:6rem !important}.gap-lg-0{gap:0 !important}.gap-lg-1{gap:.25rem !important}.gap-lg-2{gap:.5rem !important}.gap-lg-3{gap:1rem !important}.gap-lg-4{gap:1.5rem !important}.gap-lg-5{gap:3rem !important}.gap-lg-6{gap:4.5rem !important}.gap-lg-7{gap:6rem !important}.row-gap-lg-0{row-gap:0 !important}.row-gap-lg-1{row-gap:.25rem !important}.row-gap-lg-2{row-gap:.5rem !important}.row-gap-lg-3{row-gap:1rem !important}.row-gap-lg-4{row-gap:1.5rem !important}.row-gap-lg-5{row-gap:3rem !important}.row-gap-lg-6{row-gap:4.5rem !important}.row-gap-lg-7{row-gap:6rem !important}.column-gap-lg-0{-moz-column-gap:0 !important;column-gap:0 !important}.column-gap-lg-1{-moz-column-gap:.25rem !important;column-gap:.25rem !important}.column-gap-lg-2{-moz-column-gap:.5rem !important;column-gap:.5rem !important}.column-gap-lg-3{-moz-column-gap:1rem !important;column-gap:1rem !important}.column-gap-lg-4{-moz-column-gap:1.5rem !important;column-gap:1.5rem !important}.column-gap-lg-5{-moz-column-gap:3rem !important;column-gap:3rem !important}.column-gap-lg-6{-moz-column-gap:4.5rem !important;column-gap:4.5rem !important}.column-gap-lg-7{-moz-column-gap:6rem !important;column-gap:6rem !important}.text-lg-start{text-align:left !important}.text-lg-end{text-align:right !important}.text-lg-center{text-align:center !important}}@media(min-width: 1200px){.float-xl-start{float:left !important}.float-xl-end{float:right !important}.float-xl-none{float:none !important}.object-fit-xl-contain{-o-object-fit:contain !important;object-fit:contain !important}.object-fit-xl-cover{-o-object-fit:cover !important;object-fit:cover !important}.object-fit-xl-fill{-o-object-fit:fill !important;object-fit:fill !important}.object-fit-xl-scale{-o-object-fit:scale-down !important;object-fit:scale-down !important}.object-fit-xl-none{-o-object-fit:none !important;object-fit:none !important}.d-xl-inline{display:inline !important}.d-xl-inline-block{display:inline-block !important}.d-xl-block{display:block !important}.d-xl-grid{display:grid !important}.d-xl-inline-grid{display:inline-grid !important}.d-xl-table{display:table !important}.d-xl-table-row{display:table-row !important}.d-xl-table-cell{display:table-cell !important}.d-xl-flex{display:flex !important}.d-xl-inline-flex{display:inline-flex !important}.d-xl-none{display:none !important}.flex-xl-fill{flex:1 1 auto !important}.flex-xl-row{flex-direction:row !important}.flex-xl-column{flex-direction:column !important}.flex-xl-row-reverse{flex-direction:row-reverse !important}.flex-xl-column-reverse{flex-direction:column-reverse !important}.flex-xl-grow-0{flex-grow:0 !important}.flex-xl-grow-1{flex-grow:1 !important}.flex-xl-shrink-0{flex-shrink:0 !important}.flex-xl-shrink-1{flex-shrink:1 !important}.flex-xl-wrap{flex-wrap:wrap !important}.flex-xl-nowrap{flex-wrap:nowrap !important}.flex-xl-wrap-reverse{flex-wrap:wrap-reverse !important}.justify-content-xl-start{justify-content:flex-start !important}.justify-content-xl-end{justify-content:flex-end !important}.justify-content-xl-center{justify-content:center !important}.justify-content-xl-between{justify-content:space-between !important}.justify-content-xl-around{justify-content:space-around !important}.justify-content-xl-evenly{justify-content:space-evenly !important}.align-items-xl-start{align-items:flex-start !important}.align-items-xl-end{align-items:flex-end !important}.align-items-xl-center{align-items:center !important}.align-items-xl-baseline{align-items:baseline !important}.align-items-xl-stretch{align-items:stretch !important}.align-content-xl-start{align-content:flex-start !important}.align-content-xl-end{align-content:flex-end !important}.align-content-xl-center{align-content:center !important}.align-content-xl-between{align-content:space-between !important}.align-content-xl-around{align-content:space-around !important}.align-content-xl-stretch{align-content:stretch !important}.align-self-xl-auto{align-self:auto !important}.align-self-xl-start{align-self:flex-start !important}.align-self-xl-end{align-self:flex-end !important}.align-self-xl-center{align-self:center !important}.align-self-xl-baseline{align-self:baseline !important}.align-self-xl-stretch{align-self:stretch !important}.order-xl-first{order:-1 !important}.order-xl-0{order:0 !important}.order-xl-1{order:1 !important}.order-xl-2{order:2 !important}.order-xl-3{order:3 !important}.order-xl-4{order:4 !important}.order-xl-5{order:5 !important}.order-xl-last{order:6 !important}.m-xl-0{margin:0 !important}.m-xl-1{margin:.25rem !important}.m-xl-2{margin:.5rem !important}.m-xl-3{margin:1rem !important}.m-xl-4{margin:1.5rem !important}.m-xl-5{margin:3rem !important}.m-xl-6{margin:4.5rem !important}.m-xl-7{margin:6rem !important}.m-xl-auto{margin:auto !important}.mx-xl-0{margin-right:0 !important;margin-left:0 !important}.mx-xl-1{margin-right:.25rem !important;margin-left:.25rem !important}.mx-xl-2{margin-right:.5rem !important;margin-left:.5rem !important}.mx-xl-3{margin-right:1rem !important;margin-left:1rem !important}.mx-xl-4{margin-right:1.5rem !important;margin-left:1.5rem !important}.mx-xl-5{margin-right:3rem !important;margin-left:3rem !important}.mx-xl-6{margin-right:4.5rem !important;margin-left:4.5rem !important}.mx-xl-7{margin-right:6rem !important;margin-left:6rem !important}.mx-xl-auto{margin-right:auto !important;margin-left:auto !important}.my-xl-0{margin-top:0 !important;margin-bottom:0 !important}.my-xl-1{margin-top:.25rem !important;margin-bottom:.25rem !important}.my-xl-2{margin-top:.5rem !important;margin-bottom:.5rem !important}.my-xl-3{margin-top:1rem !important;margin-bottom:1rem !important}.my-xl-4{margin-top:1.5rem !important;margin-bottom:1.5rem !important}.my-xl-5{margin-top:3rem !important;margin-bottom:3rem !important}.my-xl-6{margin-top:4.5rem !important;margin-bottom:4.5rem !important}.my-xl-7{margin-top:6rem !important;margin-bottom:6rem !important}.my-xl-auto{margin-top:auto !important;margin-bottom:auto !important}.mt-xl-0{margin-top:0 !important}.mt-xl-1{margin-top:.25rem !important}.mt-xl-2{margin-top:.5rem !important}.mt-xl-3{margin-top:1rem !important}.mt-xl-4{margin-top:1.5rem !important}.mt-xl-5{margin-top:3rem !important}.mt-xl-6{margin-top:4.5rem !important}.mt-xl-7{margin-top:6rem !important}.mt-xl-auto{margin-top:auto !important}.me-xl-0{margin-right:0 !important}.me-xl-1{margin-right:.25rem !important}.me-xl-2{margin-right:.5rem !important}.me-xl-3{margin-right:1rem !important}.me-xl-4{margin-right:1.5rem !important}.me-xl-5{margin-right:3rem !important}.me-xl-6{margin-right:4.5rem !important}.me-xl-7{margin-right:6rem !important}.me-xl-auto{margin-right:auto !important}.mb-xl-0{margin-bottom:0 !important}.mb-xl-1{margin-bottom:.25rem !important}.mb-xl-2{margin-bottom:.5rem !important}.mb-xl-3{margin-bottom:1rem !important}.mb-xl-4{margin-bottom:1.5rem !important}.mb-xl-5{margin-bottom:3rem !important}.mb-xl-6{margin-bottom:4.5rem !important}.mb-xl-7{margin-bottom:6rem !important}.mb-xl-auto{margin-bottom:auto !important}.ms-xl-0{margin-left:0 !important}.ms-xl-1{margin-left:.25rem !important}.ms-xl-2{margin-left:.5rem !important}.ms-xl-3{margin-left:1rem !important}.ms-xl-4{margin-left:1.5rem !important}.ms-xl-5{margin-left:3rem !important}.ms-xl-6{margin-left:4.5rem !important}.ms-xl-7{margin-left:6rem !important}.ms-xl-auto{margin-left:auto !important}.m-xl-n1{margin:-0.25rem !important}.m-xl-n2{margin:-0.5rem !important}.m-xl-n3{margin:-1rem !important}.m-xl-n4{margin:-1.5rem !important}.m-xl-n5{margin:-3rem !important}.m-xl-n6{margin:-4.5rem !important}.m-xl-n7{margin:-6rem !important}.mx-xl-n1{margin-right:-0.25rem !important;margin-left:-0.25rem !important}.mx-xl-n2{margin-right:-0.5rem !important;margin-left:-0.5rem !important}.mx-xl-n3{margin-right:-1rem !important;margin-left:-1rem !important}.mx-xl-n4{margin-right:-1.5rem !important;margin-left:-1.5rem !important}.mx-xl-n5{margin-right:-3rem !important;margin-left:-3rem !important}.mx-xl-n6{margin-right:-4.5rem !important;margin-left:-4.5rem !important}.mx-xl-n7{margin-right:-6rem !important;margin-left:-6rem !important}.my-xl-n1{margin-top:-0.25rem !important;margin-bottom:-0.25rem !important}.my-xl-n2{margin-top:-0.5rem !important;margin-bottom:-0.5rem !important}.my-xl-n3{margin-top:-1rem !important;margin-bottom:-1rem !important}.my-xl-n4{margin-top:-1.5rem !important;margin-bottom:-1.5rem !important}.my-xl-n5{margin-top:-3rem !important;margin-bottom:-3rem !important}.my-xl-n6{margin-top:-4.5rem !important;margin-bottom:-4.5rem !important}.my-xl-n7{margin-top:-6rem !important;margin-bottom:-6rem !important}.mt-xl-n1{margin-top:-0.25rem !important}.mt-xl-n2{margin-top:-0.5rem !important}.mt-xl-n3{margin-top:-1rem !important}.mt-xl-n4{margin-top:-1.5rem !important}.mt-xl-n5{margin-top:-3rem !important}.mt-xl-n6{margin-top:-4.5rem !important}.mt-xl-n7{margin-top:-6rem !important}.me-xl-n1{margin-right:-0.25rem !important}.me-xl-n2{margin-right:-0.5rem !important}.me-xl-n3{margin-right:-1rem !important}.me-xl-n4{margin-right:-1.5rem !important}.me-xl-n5{margin-right:-3rem !important}.me-xl-n6{margin-right:-4.5rem !important}.me-xl-n7{margin-right:-6rem !important}.mb-xl-n1{margin-bottom:-0.25rem !important}.mb-xl-n2{margin-bottom:-0.5rem !important}.mb-xl-n3{margin-bottom:-1rem !important}.mb-xl-n4{margin-bottom:-1.5rem !important}.mb-xl-n5{margin-bottom:-3rem !important}.mb-xl-n6{margin-bottom:-4.5rem !important}.mb-xl-n7{margin-bottom:-6rem !important}.ms-xl-n1{margin-left:-0.25rem !important}.ms-xl-n2{margin-left:-0.5rem !important}.ms-xl-n3{margin-left:-1rem !important}.ms-xl-n4{margin-left:-1.5rem !important}.ms-xl-n5{margin-left:-3rem !important}.ms-xl-n6{margin-left:-4.5rem !important}.ms-xl-n7{margin-left:-6rem !important}.p-xl-0{padding:0 !important}.p-xl-1{padding:.25rem !important}.p-xl-2{padding:.5rem !important}.p-xl-3{padding:1rem !important}.p-xl-4{padding:1.5rem !important}.p-xl-5{padding:3rem !important}.p-xl-6{padding:4.5rem !important}.p-xl-7{padding:6rem !important}.px-xl-0{padding-right:0 !important;padding-left:0 !important}.px-xl-1{padding-right:.25rem !important;padding-left:.25rem !important}.px-xl-2{padding-right:.5rem !important;padding-left:.5rem !important}.px-xl-3{padding-right:1rem !important;padding-left:1rem !important}.px-xl-4{padding-right:1.5rem !important;padding-left:1.5rem !important}.px-xl-5{padding-right:3rem !important;padding-left:3rem !important}.px-xl-6{padding-right:4.5rem !important;padding-left:4.5rem !important}.px-xl-7{padding-right:6rem !important;padding-left:6rem !important}.py-xl-0{padding-top:0 !important;padding-bottom:0 !important}.py-xl-1{padding-top:.25rem !important;padding-bottom:.25rem !important}.py-xl-2{padding-top:.5rem !important;padding-bottom:.5rem !important}.py-xl-3{padding-top:1rem !important;padding-bottom:1rem !important}.py-xl-4{padding-top:1.5rem !important;padding-bottom:1.5rem !important}.py-xl-5{padding-top:3rem !important;padding-bottom:3rem !important}.py-xl-6{padding-top:4.5rem !important;padding-bottom:4.5rem !important}.py-xl-7{padding-top:6rem !important;padding-bottom:6rem !important}.pt-xl-0{padding-top:0 !important}.pt-xl-1{padding-top:.25rem !important}.pt-xl-2{padding-top:.5rem !important}.pt-xl-3{padding-top:1rem !important}.pt-xl-4{padding-top:1.5rem !important}.pt-xl-5{padding-top:3rem !important}.pt-xl-6{padding-top:4.5rem !important}.pt-xl-7{padding-top:6rem !important}.pe-xl-0{padding-right:0 !important}.pe-xl-1{padding-right:.25rem !important}.pe-xl-2{padding-right:.5rem !important}.pe-xl-3{padding-right:1rem !important}.pe-xl-4{padding-right:1.5rem !important}.pe-xl-5{padding-right:3rem !important}.pe-xl-6{padding-right:4.5rem !important}.pe-xl-7{padding-right:6rem !important}.pb-xl-0{padding-bottom:0 !important}.pb-xl-1{padding-bottom:.25rem !important}.pb-xl-2{padding-bottom:.5rem !important}.pb-xl-3{padding-bottom:1rem !important}.pb-xl-4{padding-bottom:1.5rem !important}.pb-xl-5{padding-bottom:3rem !important}.pb-xl-6{padding-bottom:4.5rem !important}.pb-xl-7{padding-bottom:6rem !important}.ps-xl-0{padding-left:0 !important}.ps-xl-1{padding-left:.25rem !important}.ps-xl-2{padding-left:.5rem !important}.ps-xl-3{padding-left:1rem !important}.ps-xl-4{padding-left:1.5rem !important}.ps-xl-5{padding-left:3rem !important}.ps-xl-6{padding-left:4.5rem !important}.ps-xl-7{padding-left:6rem !important}.gap-xl-0{gap:0 !important}.gap-xl-1{gap:.25rem !important}.gap-xl-2{gap:.5rem !important}.gap-xl-3{gap:1rem !important}.gap-xl-4{gap:1.5rem !important}.gap-xl-5{gap:3rem !important}.gap-xl-6{gap:4.5rem !important}.gap-xl-7{gap:6rem !important}.row-gap-xl-0{row-gap:0 !important}.row-gap-xl-1{row-gap:.25rem !important}.row-gap-xl-2{row-gap:.5rem !important}.row-gap-xl-3{row-gap:1rem !important}.row-gap-xl-4{row-gap:1.5rem !important}.row-gap-xl-5{row-gap:3rem !important}.row-gap-xl-6{row-gap:4.5rem !important}.row-gap-xl-7{row-gap:6rem !important}.column-gap-xl-0{-moz-column-gap:0 !important;column-gap:0 !important}.column-gap-xl-1{-moz-column-gap:.25rem !important;column-gap:.25rem !important}.column-gap-xl-2{-moz-column-gap:.5rem !important;column-gap:.5rem !important}.column-gap-xl-3{-moz-column-gap:1rem !important;column-gap:1rem !important}.column-gap-xl-4{-moz-column-gap:1.5rem !important;column-gap:1.5rem !important}.column-gap-xl-5{-moz-column-gap:3rem !important;column-gap:3rem !important}.column-gap-xl-6{-moz-column-gap:4.5rem !important;column-gap:4.5rem !important}.column-gap-xl-7{-moz-column-gap:6rem !important;column-gap:6rem !important}.text-xl-start{text-align:left !important}.text-xl-end{text-align:right !important}.text-xl-center{text-align:center !important}}@media(min-width: 1440px){.float-xxl-start{float:left !important}.float-xxl-end{float:right !important}.float-xxl-none{float:none !important}.object-fit-xxl-contain{-o-object-fit:contain !important;object-fit:contain !important}.object-fit-xxl-cover{-o-object-fit:cover !important;object-fit:cover !important}.object-fit-xxl-fill{-o-object-fit:fill !important;object-fit:fill !important}.object-fit-xxl-scale{-o-object-fit:scale-down !important;object-fit:scale-down !important}.object-fit-xxl-none{-o-object-fit:none !important;object-fit:none !important}.d-xxl-inline{display:inline !important}.d-xxl-inline-block{display:inline-block !important}.d-xxl-block{display:block !important}.d-xxl-grid{display:grid !important}.d-xxl-inline-grid{display:inline-grid !important}.d-xxl-table{display:table !important}.d-xxl-table-row{display:table-row !important}.d-xxl-table-cell{display:table-cell !important}.d-xxl-flex{display:flex !important}.d-xxl-inline-flex{display:inline-flex !important}.d-xxl-none{display:none !important}.flex-xxl-fill{flex:1 1 auto !important}.flex-xxl-row{flex-direction:row !important}.flex-xxl-column{flex-direction:column !important}.flex-xxl-row-reverse{flex-direction:row-reverse !important}.flex-xxl-column-reverse{flex-direction:column-reverse !important}.flex-xxl-grow-0{flex-grow:0 !important}.flex-xxl-grow-1{flex-grow:1 !important}.flex-xxl-shrink-0{flex-shrink:0 !important}.flex-xxl-shrink-1{flex-shrink:1 !important}.flex-xxl-wrap{flex-wrap:wrap !important}.flex-xxl-nowrap{flex-wrap:nowrap !important}.flex-xxl-wrap-reverse{flex-wrap:wrap-reverse !important}.justify-content-xxl-start{justify-content:flex-start !important}.justify-content-xxl-end{justify-content:flex-end !important}.justify-content-xxl-center{justify-content:center !important}.justify-content-xxl-between{justify-content:space-between !important}.justify-content-xxl-around{justify-content:space-around !important}.justify-content-xxl-evenly{justify-content:space-evenly !important}.align-items-xxl-start{align-items:flex-start !important}.align-items-xxl-end{align-items:flex-end !important}.align-items-xxl-center{align-items:center !important}.align-items-xxl-baseline{align-items:baseline !important}.align-items-xxl-stretch{align-items:stretch !important}.align-content-xxl-start{align-content:flex-start !important}.align-content-xxl-end{align-content:flex-end !important}.align-content-xxl-center{align-content:center !important}.align-content-xxl-between{align-content:space-between !important}.align-content-xxl-around{align-content:space-around !important}.align-content-xxl-stretch{align-content:stretch !important}.align-self-xxl-auto{align-self:auto !important}.align-self-xxl-start{align-self:flex-start !important}.align-self-xxl-end{align-self:flex-end !important}.align-self-xxl-center{align-self:center !important}.align-self-xxl-baseline{align-self:baseline !important}.align-self-xxl-stretch{align-self:stretch !important}.order-xxl-first{order:-1 !important}.order-xxl-0{order:0 !important}.order-xxl-1{order:1 !important}.order-xxl-2{order:2 !important}.order-xxl-3{order:3 !important}.order-xxl-4{order:4 !important}.order-xxl-5{order:5 !important}.order-xxl-last{order:6 !important}.m-xxl-0{margin:0 !important}.m-xxl-1{margin:.25rem !important}.m-xxl-2{margin:.5rem !important}.m-xxl-3{margin:1rem !important}.m-xxl-4{margin:1.5rem !important}.m-xxl-5{margin:3rem !important}.m-xxl-6{margin:4.5rem !important}.m-xxl-7{margin:6rem !important}.m-xxl-auto{margin:auto !important}.mx-xxl-0{margin-right:0 !important;margin-left:0 !important}.mx-xxl-1{margin-right:.25rem !important;margin-left:.25rem !important}.mx-xxl-2{margin-right:.5rem !important;margin-left:.5rem !important}.mx-xxl-3{margin-right:1rem !important;margin-left:1rem !important}.mx-xxl-4{margin-right:1.5rem !important;margin-left:1.5rem !important}.mx-xxl-5{margin-right:3rem !important;margin-left:3rem !important}.mx-xxl-6{margin-right:4.5rem !important;margin-left:4.5rem !important}.mx-xxl-7{margin-right:6rem !important;margin-left:6rem !important}.mx-xxl-auto{margin-right:auto !important;margin-left:auto !important}.my-xxl-0{margin-top:0 !important;margin-bottom:0 !important}.my-xxl-1{margin-top:.25rem !important;margin-bottom:.25rem !important}.my-xxl-2{margin-top:.5rem !important;margin-bottom:.5rem !important}.my-xxl-3{margin-top:1rem !important;margin-bottom:1rem !important}.my-xxl-4{margin-top:1.5rem !important;margin-bottom:1.5rem !important}.my-xxl-5{margin-top:3rem !important;margin-bottom:3rem !important}.my-xxl-6{margin-top:4.5rem !important;margin-bottom:4.5rem !important}.my-xxl-7{margin-top:6rem !important;margin-bottom:6rem !important}.my-xxl-auto{margin-top:auto !important;margin-bottom:auto !important}.mt-xxl-0{margin-top:0 !important}.mt-xxl-1{margin-top:.25rem !important}.mt-xxl-2{margin-top:.5rem !important}.mt-xxl-3{margin-top:1rem !important}.mt-xxl-4{margin-top:1.5rem !important}.mt-xxl-5{margin-top:3rem !important}.mt-xxl-6{margin-top:4.5rem !important}.mt-xxl-7{margin-top:6rem !important}.mt-xxl-auto{margin-top:auto !important}.me-xxl-0{margin-right:0 !important}.me-xxl-1{margin-right:.25rem !important}.me-xxl-2{margin-right:.5rem !important}.me-xxl-3{margin-right:1rem !important}.me-xxl-4{margin-right:1.5rem !important}.me-xxl-5{margin-right:3rem !important}.me-xxl-6{margin-right:4.5rem !important}.me-xxl-7{margin-right:6rem !important}.me-xxl-auto{margin-right:auto !important}.mb-xxl-0{margin-bottom:0 !important}.mb-xxl-1{margin-bottom:.25rem !important}.mb-xxl-2{margin-bottom:.5rem !important}.mb-xxl-3{margin-bottom:1rem !important}.mb-xxl-4{margin-bottom:1.5rem !important}.mb-xxl-5{margin-bottom:3rem !important}.mb-xxl-6{margin-bottom:4.5rem !important}.mb-xxl-7{margin-bottom:6rem !important}.mb-xxl-auto{margin-bottom:auto !important}.ms-xxl-0{margin-left:0 !important}.ms-xxl-1{margin-left:.25rem !important}.ms-xxl-2{margin-left:.5rem !important}.ms-xxl-3{margin-left:1rem !important}.ms-xxl-4{margin-left:1.5rem !important}.ms-xxl-5{margin-left:3rem !important}.ms-xxl-6{margin-left:4.5rem !important}.ms-xxl-7{margin-left:6rem !important}.ms-xxl-auto{margin-left:auto !important}.m-xxl-n1{margin:-0.25rem !important}.m-xxl-n2{margin:-0.5rem !important}.m-xxl-n3{margin:-1rem !important}.m-xxl-n4{margin:-1.5rem !important}.m-xxl-n5{margin:-3rem !important}.m-xxl-n6{margin:-4.5rem !important}.m-xxl-n7{margin:-6rem !important}.mx-xxl-n1{margin-right:-0.25rem !important;margin-left:-0.25rem !important}.mx-xxl-n2{margin-right:-0.5rem !important;margin-left:-0.5rem !important}.mx-xxl-n3{margin-right:-1rem !important;margin-left:-1rem !important}.mx-xxl-n4{margin-right:-1.5rem !important;margin-left:-1.5rem !important}.mx-xxl-n5{margin-right:-3rem !important;margin-left:-3rem !important}.mx-xxl-n6{margin-right:-4.5rem !important;margin-left:-4.5rem !important}.mx-xxl-n7{margin-right:-6rem !important;margin-left:-6rem !important}.my-xxl-n1{margin-top:-0.25rem !important;margin-bottom:-0.25rem !important}.my-xxl-n2{margin-top:-0.5rem !important;margin-bottom:-0.5rem !important}.my-xxl-n3{margin-top:-1rem !important;margin-bottom:-1rem !important}.my-xxl-n4{margin-top:-1.5rem !important;margin-bottom:-1.5rem !important}.my-xxl-n5{margin-top:-3rem !important;margin-bottom:-3rem !important}.my-xxl-n6{margin-top:-4.5rem !important;margin-bottom:-4.5rem !important}.my-xxl-n7{margin-top:-6rem !important;margin-bottom:-6rem !important}.mt-xxl-n1{margin-top:-0.25rem !important}.mt-xxl-n2{margin-top:-0.5rem !important}.mt-xxl-n3{margin-top:-1rem !important}.mt-xxl-n4{margin-top:-1.5rem !important}.mt-xxl-n5{margin-top:-3rem !important}.mt-xxl-n6{margin-top:-4.5rem !important}.mt-xxl-n7{margin-top:-6rem !important}.me-xxl-n1{margin-right:-0.25rem !important}.me-xxl-n2{margin-right:-0.5rem !important}.me-xxl-n3{margin-right:-1rem !important}.me-xxl-n4{margin-right:-1.5rem !important}.me-xxl-n5{margin-right:-3rem !important}.me-xxl-n6{margin-right:-4.5rem !important}.me-xxl-n7{margin-right:-6rem !important}.mb-xxl-n1{margin-bottom:-0.25rem !important}.mb-xxl-n2{margin-bottom:-0.5rem !important}.mb-xxl-n3{margin-bottom:-1rem !important}.mb-xxl-n4{margin-bottom:-1.5rem !important}.mb-xxl-n5{margin-bottom:-3rem !important}.mb-xxl-n6{margin-bottom:-4.5rem !important}.mb-xxl-n7{margin-bottom:-6rem !important}.ms-xxl-n1{margin-left:-0.25rem !important}.ms-xxl-n2{margin-left:-0.5rem !important}.ms-xxl-n3{margin-left:-1rem !important}.ms-xxl-n4{margin-left:-1.5rem !important}.ms-xxl-n5{margin-left:-3rem !important}.ms-xxl-n6{margin-left:-4.5rem !important}.ms-xxl-n7{margin-left:-6rem !important}.p-xxl-0{padding:0 !important}.p-xxl-1{padding:.25rem !important}.p-xxl-2{padding:.5rem !important}.p-xxl-3{padding:1rem !important}.p-xxl-4{padding:1.5rem !important}.p-xxl-5{padding:3rem !important}.p-xxl-6{padding:4.5rem !important}.p-xxl-7{padding:6rem !important}.px-xxl-0{padding-right:0 !important;padding-left:0 !important}.px-xxl-1{padding-right:.25rem !important;padding-left:.25rem !important}.px-xxl-2{padding-right:.5rem !important;padding-left:.5rem !important}.px-xxl-3{padding-right:1rem !important;padding-left:1rem !important}.px-xxl-4{padding-right:1.5rem !important;padding-left:1.5rem !important}.px-xxl-5{padding-right:3rem !important;padding-left:3rem !important}.px-xxl-6{padding-right:4.5rem !important;padding-left:4.5rem !important}.px-xxl-7{padding-right:6rem !important;padding-left:6rem !important}.py-xxl-0{padding-top:0 !important;padding-bottom:0 !important}.py-xxl-1{padding-top:.25rem !important;padding-bottom:.25rem !important}.py-xxl-2{padding-top:.5rem !important;padding-bottom:.5rem !important}.py-xxl-3{padding-top:1rem !important;padding-bottom:1rem !important}.py-xxl-4{padding-top:1.5rem !important;padding-bottom:1.5rem !important}.py-xxl-5{padding-top:3rem !important;padding-bottom:3rem !important}.py-xxl-6{padding-top:4.5rem !important;padding-bottom:4.5rem !important}.py-xxl-7{padding-top:6rem !important;padding-bottom:6rem !important}.pt-xxl-0{padding-top:0 !important}.pt-xxl-1{padding-top:.25rem !important}.pt-xxl-2{padding-top:.5rem !important}.pt-xxl-3{padding-top:1rem !important}.pt-xxl-4{padding-top:1.5rem !important}.pt-xxl-5{padding-top:3rem !important}.pt-xxl-6{padding-top:4.5rem !important}.pt-xxl-7{padding-top:6rem !important}.pe-xxl-0{padding-right:0 !important}.pe-xxl-1{padding-right:.25rem !important}.pe-xxl-2{padding-right:.5rem !important}.pe-xxl-3{padding-right:1rem !important}.pe-xxl-4{padding-right:1.5rem !important}.pe-xxl-5{padding-right:3rem !important}.pe-xxl-6{padding-right:4.5rem !important}.pe-xxl-7{padding-right:6rem !important}.pb-xxl-0{padding-bottom:0 !important}.pb-xxl-1{padding-bottom:.25rem !important}.pb-xxl-2{padding-bottom:.5rem !important}.pb-xxl-3{padding-bottom:1rem !important}.pb-xxl-4{padding-bottom:1.5rem !important}.pb-xxl-5{padding-bottom:3rem !important}.pb-xxl-6{padding-bottom:4.5rem !important}.pb-xxl-7{padding-bottom:6rem !important}.ps-xxl-0{padding-left:0 !important}.ps-xxl-1{padding-left:.25rem !important}.ps-xxl-2{padding-left:.5rem !important}.ps-xxl-3{padding-left:1rem !important}.ps-xxl-4{padding-left:1.5rem !important}.ps-xxl-5{padding-left:3rem !important}.ps-xxl-6{padding-left:4.5rem !important}.ps-xxl-7{padding-left:6rem !important}.gap-xxl-0{gap:0 !important}.gap-xxl-1{gap:.25rem !important}.gap-xxl-2{gap:.5rem !important}.gap-xxl-3{gap:1rem !important}.gap-xxl-4{gap:1.5rem !important}.gap-xxl-5{gap:3rem !important}.gap-xxl-6{gap:4.5rem !important}.gap-xxl-7{gap:6rem !important}.row-gap-xxl-0{row-gap:0 !important}.row-gap-xxl-1{row-gap:.25rem !important}.row-gap-xxl-2{row-gap:.5rem !important}.row-gap-xxl-3{row-gap:1rem !important}.row-gap-xxl-4{row-gap:1.5rem !important}.row-gap-xxl-5{row-gap:3rem !important}.row-gap-xxl-6{row-gap:4.5rem !important}.row-gap-xxl-7{row-gap:6rem !important}.column-gap-xxl-0{-moz-column-gap:0 !important;column-gap:0 !important}.column-gap-xxl-1{-moz-column-gap:.25rem !important;column-gap:.25rem !important}.column-gap-xxl-2{-moz-column-gap:.5rem !important;column-gap:.5rem !important}.column-gap-xxl-3{-moz-column-gap:1rem !important;column-gap:1rem !important}.column-gap-xxl-4{-moz-column-gap:1.5rem !important;column-gap:1.5rem !important}.column-gap-xxl-5{-moz-column-gap:3rem !important;column-gap:3rem !important}.column-gap-xxl-6{-moz-column-gap:4.5rem !important;column-gap:4.5rem !important}.column-gap-xxl-7{-moz-column-gap:6rem !important;column-gap:6rem !important}.text-xxl-start{text-align:left !important}.text-xxl-end{text-align:right !important}.text-xxl-center{text-align:center !important}}@media print{.d-print-inline{display:inline !important}.d-print-inline-block{display:inline-block !important}.d-print-block{display:block !important}.d-print-grid{display:grid !important}.d-print-inline-grid{display:inline-grid !important}.d-print-table{display:table !important}.d-print-table-row{display:table-row !important}.d-print-table-cell{display:table-cell !important}.d-print-flex{display:flex !important}.d-print-inline-flex{display:inline-flex !important}.d-print-none{display:none !important}}/*!\n * Bootstrap Icons v1.13.1 (https://icons.getbootstrap.com/)\n * Copyright 2019-2024 The Bootstrap Authors\n * Licensed under MIT (https://github.com/twbs/icons/blob/main/LICENSE)\n */@font-face{font-display:block;font-family:\"bootstrap-icons\";src:url(" + ___CSS_LOADER_URL_REPLACEMENT_14___ + ") format(\"woff2\"),url(" + ___CSS_LOADER_URL_REPLACEMENT_15___ + ") format(\"woff\")}.bi::before,[class^=bi-]::before,[class*=\" bi-\"]::before{display:inline-block;font-family:\"bootstrap-icons\" !important;font-style:normal;font-weight:normal !important;font-feature-settings:normal;font-variant:normal;text-transform:none;line-height:1;vertical-align:-0.125em;-webkit-font-smoothing:antialiased;-moz-osx-font-smoothing:grayscale}.bi-123::before{content:\"´Ö┐\"}.bi-alarm-fill::before{content:\"´äü\"}.bi-alarm::before{content:\"´äé\"}.bi-align-bottom::before{content:\"´äâ\"}.bi-align-center::before{content:\"´ää\"}.bi-align-end::before{content:\"´äà\"}.bi-align-middle::before{content:\"´äå\"}.bi-align-start::before{content:\"´äç\"}.bi-align-top::before{content:\"´äê\"}.bi-alt::before{content:\"´äë\"}.bi-app-indicator::before{content:\"´äè\"}.bi-app::before{content:\"´äï\"}.bi-archive-fill::before{content:\"´äî\"}.bi-archive::before{content:\"´äì\"}.bi-arrow-90deg-down::before{content:\"´äÄ\"}.bi-arrow-90deg-left::before{content:\"´äÅ\"}.bi-arrow-90deg-right::before{content:\"´äÉ\"}.bi-arrow-90deg-up::before{content:\"´äæ\"}.bi-arrow-bar-down::before{content:\"´äÆ\"}.bi-arrow-bar-left::before{content:\"´äô\"}.bi-arrow-bar-right::before{content:\"´äö\"}.bi-arrow-bar-up::before{content:\"´äò\"}.bi-arrow-clockwise::before{content:\"´äû\"}.bi-arrow-counterclockwise::before{content:\"´äù\"}.bi-arrow-down-circle-fill::before{content:\"´äÿ\"}.bi-arrow-down-circle::before{content:\"´äÖ\"}.bi-arrow-down-left-circle-fill::before{content:\"´äÜ\"}.bi-arrow-down-left-circle::before{content:\"´äø\"}.bi-arrow-down-left-square-fill::before{content:\"´ä£\"}.bi-arrow-down-left-square::before{content:\"´äØ\"}.bi-arrow-down-left::before{content:\"´ä×\"}.bi-arrow-down-right-circle-fill::before{content:\"´äƒ\"}.bi-arrow-down-right-circle::before{content:\"´äá\"}.bi-arrow-down-right-square-fill::before{content:\"´äí\"}.bi-arrow-down-right-square::before{content:\"´äó\"}.bi-arrow-down-right::before{content:\"´äú\"}.bi-arrow-down-short::before{content:\"´äñ\"}.bi-arrow-down-square-fill::before{content:\"´äÑ\"}.bi-arrow-down-square::before{content:\"´äª\"}.bi-arrow-down-up::before{content:\"´äº\"}.bi-arrow-down::before{content:\"´ä¿\"}.bi-arrow-left-circle-fill::before{content:\"´ä®\"}.bi-arrow-left-circle::before{content:\"´ä¬\"}.bi-arrow-left-right::before{content:\"´ä½\"}.bi-arrow-left-short::before{content:\"´ä¼\"}.bi-arrow-left-square-fill::before{content:\"´ä¡\"}.bi-arrow-left-square::before{content:\"´ä«\"}.bi-arrow-left::before{content:\"´ä»\"}.bi-arrow-repeat::before{content:\"´ä░\"}.bi-arrow-return-left::before{content:\"´ä▒\"}.bi-arrow-return-right::before{content:\"´ä▓\"}.bi-arrow-right-circle-fill::before{content:\"´ä│\"}.bi-arrow-right-circle::before{content:\"´ä┤\"}.bi-arrow-right-short::before{content:\"´äÁ\"}.bi-arrow-right-square-fill::before{content:\"´äÂ\"}.bi-arrow-right-square::before{content:\"´äÀ\"}.bi-arrow-right::before{content:\"´ä©\"}.bi-arrow-up-circle-fill::before{content:\"´ä╣\"}.bi-arrow-up-circle::before{content:\"´ä║\"}.bi-arrow-up-left-circle-fill::before{content:\"´ä╗\"}.bi-arrow-up-left-circle::before{content:\"´ä╝\"}.bi-arrow-up-left-square-fill::before{content:\"´ä¢\"}.bi-arrow-up-left-square::before{content:\"´ä¥\"}.bi-arrow-up-left::before{content:\"´ä┐\"}.bi-arrow-up-right-circle-fill::before{content:\"´àÇ\"}.bi-arrow-up-right-circle::before{content:\"´àü\"}.bi-arrow-up-right-square-fill::before{content:\"´àé\"}.bi-arrow-up-right-square::before{content:\"´àâ\"}.bi-arrow-up-right::before{content:\"´àä\"}.bi-arrow-up-short::before{content:\"´àà\"}.bi-arrow-up-square-fill::before{content:\"´àå\"}.bi-arrow-up-square::before{content:\"´àç\"}.bi-arrow-up::before{content:\"´àê\"}.bi-arrows-angle-contract::before{content:\"´àë\"}.bi-arrows-angle-expand::before{content:\"´àè\"}.bi-arrows-collapse::before{content:\"´àï\"}.bi-arrows-expand::before{content:\"´àî\"}.bi-arrows-fullscreen::before{content:\"´àì\"}.bi-arrows-move::before{content:\"´àÄ\"}.bi-aspect-ratio-fill::before{content:\"´àÅ\"}.bi-aspect-ratio::before{content:\"´àÉ\"}.bi-asterisk::before{content:\"´àæ\"}.bi-at::before{content:\"´àÆ\"}.bi-award-fill::before{content:\"´àô\"}.bi-award::before{content:\"´àö\"}.bi-back::before{content:\"´àò\"}.bi-backspace-fill::before{content:\"´àû\"}.bi-backspace-reverse-fill::before{content:\"´àù\"}.bi-backspace-reverse::before{content:\"´àÿ\"}.bi-backspace::before{content:\"´àÖ\"}.bi-badge-3d-fill::before{content:\"´àÜ\"}.bi-badge-3d::before{content:\"´àø\"}.bi-badge-4k-fill::before{content:\"´à£\"}.bi-badge-4k::before{content:\"´àØ\"}.bi-badge-8k-fill::before{content:\"´à×\"}.bi-badge-8k::before{content:\"´àƒ\"}.bi-badge-ad-fill::before{content:\"´àá\"}.bi-badge-ad::before{content:\"´àí\"}.bi-badge-ar-fill::before{content:\"´àó\"}.bi-badge-ar::before{content:\"´àú\"}.bi-badge-cc-fill::before{content:\"´àñ\"}.bi-badge-cc::before{content:\"´àÑ\"}.bi-badge-hd-fill::before{content:\"´àª\"}.bi-badge-hd::before{content:\"´àº\"}.bi-badge-tm-fill::before{content:\"´à¿\"}.bi-badge-tm::before{content:\"´à®\"}.bi-badge-vo-fill::before{content:\"´à¬\"}.bi-badge-vo::before{content:\"´à½\"}.bi-badge-vr-fill::before{content:\"´à¼\"}.bi-badge-vr::before{content:\"´à¡\"}.bi-badge-wc-fill::before{content:\"´à«\"}.bi-badge-wc::before{content:\"´à»\"}.bi-bag-check-fill::before{content:\"´à░\"}.bi-bag-check::before{content:\"´à▒\"}.bi-bag-dash-fill::before{content:\"´à▓\"}.bi-bag-dash::before{content:\"´à│\"}.bi-bag-fill::before{content:\"´à┤\"}.bi-bag-plus-fill::before{content:\"´àÁ\"}.bi-bag-plus::before{content:\"´àÂ\"}.bi-bag-x-fill::before{content:\"´àÀ\"}.bi-bag-x::before{content:\"´à©\"}.bi-bag::before{content:\"´à╣\"}.bi-bar-chart-fill::before{content:\"´à║\"}.bi-bar-chart-line-fill::before{content:\"´à╗\"}.bi-bar-chart-line::before{content:\"´à╝\"}.bi-bar-chart-steps::before{content:\"´à¢\"}.bi-bar-chart::before{content:\"´à¥\"}.bi-basket-fill::before{content:\"´à┐\"}.bi-basket::before{content:\"´åÇ\"}.bi-basket2-fill::before{content:\"´åü\"}.bi-basket2::before{content:\"´åé\"}.bi-basket3-fill::before{content:\"´åâ\"}.bi-basket3::before{content:\"´åä\"}.bi-battery-charging::before{content:\"´åà\"}.bi-battery-full::before{content:\"´åå\"}.bi-battery-half::before{content:\"´åç\"}.bi-battery::before{content:\"´åê\"}.bi-bell-fill::before{content:\"´åë\"}.bi-bell::before{content:\"´åè\"}.bi-bezier::before{content:\"´åï\"}.bi-bezier2::before{content:\"´åî\"}.bi-bicycle::before{content:\"´åì\"}.bi-binoculars-fill::before{content:\"´åÄ\"}.bi-binoculars::before{content:\"´åÅ\"}.bi-blockquote-left::before{content:\"´åÉ\"}.bi-blockquote-right::before{content:\"´åæ\"}.bi-book-fill::before{content:\"´åÆ\"}.bi-book-half::before{content:\"´åô\"}.bi-book::before{content:\"´åö\"}.bi-bookmark-check-fill::before{content:\"´åò\"}.bi-bookmark-check::before{content:\"´åû\"}.bi-bookmark-dash-fill::before{content:\"´åù\"}.bi-bookmark-dash::before{content:\"´åÿ\"}.bi-bookmark-fill::before{content:\"´åÖ\"}.bi-bookmark-heart-fill::before{content:\"´åÜ\"}.bi-bookmark-heart::before{content:\"´åø\"}.bi-bookmark-plus-fill::before{content:\"´å£\"}.bi-bookmark-plus::before{content:\"´åØ\"}.bi-bookmark-star-fill::before{content:\"´å×\"}.bi-bookmark-star::before{content:\"´åƒ\"}.bi-bookmark-x-fill::before{content:\"´åá\"}.bi-bookmark-x::before{content:\"´åí\"}.bi-bookmark::before{content:\"´åó\"}.bi-bookmarks-fill::before{content:\"´åú\"}.bi-bookmarks::before{content:\"´åñ\"}.bi-bookshelf::before{content:\"´åÑ\"}.bi-bootstrap-fill::before{content:\"´åª\"}.bi-bootstrap-reboot::before{content:\"´åº\"}.bi-bootstrap::before{content:\"´å¿\"}.bi-border-all::before{content:\"´å®\"}.bi-border-bottom::before{content:\"´å¬\"}.bi-border-center::before{content:\"´å½\"}.bi-border-inner::before{content:\"´å¼\"}.bi-border-left::before{content:\"´å¡\"}.bi-border-middle::before{content:\"´å«\"}.bi-border-outer::before{content:\"´å»\"}.bi-border-right::before{content:\"´å░\"}.bi-border-style::before{content:\"´å▒\"}.bi-border-top::before{content:\"´å▓\"}.bi-border-width::before{content:\"´å│\"}.bi-border::before{content:\"´å┤\"}.bi-bounding-box-circles::before{content:\"´åÁ\"}.bi-bounding-box::before{content:\"´åÂ\"}.bi-box-arrow-down-left::before{content:\"´åÀ\"}.bi-box-arrow-down-right::before{content:\"´å©\"}.bi-box-arrow-down::before{content:\"´å╣\"}.bi-box-arrow-in-down-left::before{content:\"´å║\"}.bi-box-arrow-in-down-right::before{content:\"´å╗\"}.bi-box-arrow-in-down::before{content:\"´å╝\"}.bi-box-arrow-in-left::before{content:\"´å¢\"}.bi-box-arrow-in-right::before{content:\"´å¥\"}.bi-box-arrow-in-up-left::before{content:\"´å┐\"}.bi-box-arrow-in-up-right::before{content:\"´çÇ\"}.bi-box-arrow-in-up::before{content:\"´çü\"}.bi-box-arrow-left::before{content:\"´çé\"}.bi-box-arrow-right::before{content:\"´çâ\"}.bi-box-arrow-up-left::before{content:\"´çä\"}.bi-box-arrow-up-right::before{content:\"´çà\"}.bi-box-arrow-up::before{content:\"´çå\"}.bi-box-seam::before{content:\"´çç\"}.bi-box::before{content:\"´çê\"}.bi-braces::before{content:\"´çë\"}.bi-bricks::before{content:\"´çè\"}.bi-briefcase-fill::before{content:\"´çï\"}.bi-briefcase::before{content:\"´çî\"}.bi-brightness-alt-high-fill::before{content:\"´çì\"}.bi-brightness-alt-high::before{content:\"´çÄ\"}.bi-brightness-alt-low-fill::before{content:\"´çÅ\"}.bi-brightness-alt-low::before{content:\"´çÉ\"}.bi-brightness-high-fill::before{content:\"´çæ\"}.bi-brightness-high::before{content:\"´çÆ\"}.bi-brightness-low-fill::before{content:\"´çô\"}.bi-brightness-low::before{content:\"´çö\"}.bi-broadcast-pin::before{content:\"´çò\"}.bi-broadcast::before{content:\"´çû\"}.bi-brush-fill::before{content:\"´çù\"}.bi-brush::before{content:\"´çÿ\"}.bi-bucket-fill::before{content:\"´çÖ\"}.bi-bucket::before{content:\"´çÜ\"}.bi-bug-fill::before{content:\"´çø\"}.bi-bug::before{content:\"´ç£\"}.bi-building::before{content:\"´çØ\"}.bi-bullseye::before{content:\"´ç×\"}.bi-calculator-fill::before{content:\"´çƒ\"}.bi-calculator::before{content:\"´çá\"}.bi-calendar-check-fill::before{content:\"´çí\"}.bi-calendar-check::before{content:\"´çó\"}.bi-calendar-date-fill::before{content:\"´çú\"}.bi-calendar-date::before{content:\"´çñ\"}.bi-calendar-day-fill::before{content:\"´çÑ\"}.bi-calendar-day::before{content:\"´çª\"}.bi-calendar-event-fill::before{content:\"´çº\"}.bi-calendar-event::before{content:\"´ç¿\"}.bi-calendar-fill::before{content:\"´ç®\"}.bi-calendar-minus-fill::before{content:\"´ç¬\"}.bi-calendar-minus::before{content:\"´ç½\"}.bi-calendar-month-fill::before{content:\"´ç¼\"}.bi-calendar-month::before{content:\"´ç¡\"}.bi-calendar-plus-fill::before{content:\"´ç«\"}.bi-calendar-plus::before{content:\"´ç»\"}.bi-calendar-range-fill::before{content:\"´ç░\"}.bi-calendar-range::before{content:\"´ç▒\"}.bi-calendar-week-fill::before{content:\"´ç▓\"}.bi-calendar-week::before{content:\"´ç│\"}.bi-calendar-x-fill::before{content:\"´ç┤\"}.bi-calendar-x::before{content:\"´çÁ\"}.bi-calendar::before{content:\"´çÂ\"}.bi-calendar2-check-fill::before{content:\"´çÀ\"}.bi-calendar2-check::before{content:\"´ç©\"}.bi-calendar2-date-fill::before{content:\"´ç╣\"}.bi-calendar2-date::before{content:\"´ç║\"}.bi-calendar2-day-fill::before{content:\"´ç╗\"}.bi-calendar2-day::before{content:\"´ç╝\"}.bi-calendar2-event-fill::before{content:\"´ç¢\"}.bi-calendar2-event::before{content:\"´ç¥\"}.bi-calendar2-fill::before{content:\"´ç┐\"}.bi-calendar2-minus-fill::before{content:\"´êÇ\"}.bi-calendar2-minus::before{content:\"´êü\"}.bi-calendar2-month-fill::before{content:\"´êé\"}.bi-calendar2-month::before{content:\"´êâ\"}.bi-calendar2-plus-fill::before{content:\"´êä\"}.bi-calendar2-plus::before{content:\"´êà\"}.bi-calendar2-range-fill::before{content:\"´êå\"}.bi-calendar2-range::before{content:\"´êç\"}.bi-calendar2-week-fill::before{content:\"´êê\"}.bi-calendar2-week::before{content:\"´êë\"}.bi-calendar2-x-fill::before{content:\"´êè\"}.bi-calendar2-x::before{content:\"´êï\"}.bi-calendar2::before{content:\"´êî\"}.bi-calendar3-event-fill::before{content:\"´êì\"}.bi-calendar3-event::before{content:\"´êÄ\"}.bi-calendar3-fill::before{content:\"´êÅ\"}.bi-calendar3-range-fill::before{content:\"´êÉ\"}.bi-calendar3-range::before{content:\"´êæ\"}.bi-calendar3-week-fill::before{content:\"´êÆ\"}.bi-calendar3-week::before{content:\"´êô\"}.bi-calendar3::before{content:\"´êö\"}.bi-calendar4-event::before{content:\"´êò\"}.bi-calendar4-range::before{content:\"´êû\"}.bi-calendar4-week::before{content:\"´êù\"}.bi-calendar4::before{content:\"´êÿ\"}.bi-camera-fill::before{content:\"´êÖ\"}.bi-camera-reels-fill::before{content:\"´êÜ\"}.bi-camera-reels::before{content:\"´êø\"}.bi-camera-video-fill::before{content:\"´ê£\"}.bi-camera-video-off-fill::before{content:\"´êØ\"}.bi-camera-video-off::before{content:\"´ê×\"}.bi-camera-video::before{content:\"´êƒ\"}.bi-camera::before{content:\"´êá\"}.bi-camera2::before{content:\"´êí\"}.bi-capslock-fill::before{content:\"´êó\"}.bi-capslock::before{content:\"´êú\"}.bi-card-checklist::before{content:\"´êñ\"}.bi-card-heading::before{content:\"´êÑ\"}.bi-card-image::before{content:\"´êª\"}.bi-card-list::before{content:\"´êº\"}.bi-card-text::before{content:\"´ê¿\"}.bi-caret-down-fill::before{content:\"´ê®\"}.bi-caret-down-square-fill::before{content:\"´ê¬\"}.bi-caret-down-square::before{content:\"´ê½\"}.bi-caret-down::before{content:\"´ê¼\"}.bi-caret-left-fill::before{content:\"´ê¡\"}.bi-caret-left-square-fill::before{content:\"´ê«\"}.bi-caret-left-square::before{content:\"´ê»\"}.bi-caret-left::before{content:\"´ê░\"}.bi-caret-right-fill::before{content:\"´ê▒\"}.bi-caret-right-square-fill::before{content:\"´ê▓\"}.bi-caret-right-square::before{content:\"´ê│\"}.bi-caret-right::before{content:\"´ê┤\"}.bi-caret-up-fill::before{content:\"´êÁ\"}.bi-caret-up-square-fill::before{content:\"´êÂ\"}.bi-caret-up-square::before{content:\"´êÀ\"}.bi-caret-up::before{content:\"´ê©\"}.bi-cart-check-fill::before{content:\"´ê╣\"}.bi-cart-check::before{content:\"´ê║\"}.bi-cart-dash-fill::before{content:\"´ê╗\"}.bi-cart-dash::before{content:\"´ê╝\"}.bi-cart-fill::before{content:\"´ê¢\"}.bi-cart-plus-fill::before{content:\"´ê¥\"}.bi-cart-plus::before{content:\"´ê┐\"}.bi-cart-x-fill::before{content:\"´ëÇ\"}.bi-cart-x::before{content:\"´ëü\"}.bi-cart::before{content:\"´ëé\"}.bi-cart2::before{content:\"´ëâ\"}.bi-cart3::before{content:\"´ëä\"}.bi-cart4::before{content:\"´ëà\"}.bi-cash-stack::before{content:\"´ëå\"}.bi-cash::before{content:\"´ëç\"}.bi-cast::before{content:\"´ëê\"}.bi-chat-dots-fill::before{content:\"´ëë\"}.bi-chat-dots::before{content:\"´ëè\"}.bi-chat-fill::before{content:\"´ëï\"}.bi-chat-left-dots-fill::before{content:\"´ëî\"}.bi-chat-left-dots::before{content:\"´ëì\"}.bi-chat-left-fill::before{content:\"´ëÄ\"}.bi-chat-left-quote-fill::before{content:\"´ëÅ\"}.bi-chat-left-quote::before{content:\"´ëÉ\"}.bi-chat-left-text-fill::before{content:\"´ëæ\"}.bi-chat-left-text::before{content:\"´ëÆ\"}.bi-chat-left::before{content:\"´ëô\"}.bi-chat-quote-fill::before{content:\"´ëö\"}.bi-chat-quote::before{content:\"´ëò\"}.bi-chat-right-dots-fill::before{content:\"´ëû\"}.bi-chat-right-dots::before{content:\"´ëù\"}.bi-chat-right-fill::before{content:\"´ëÿ\"}.bi-chat-right-quote-fill::before{content:\"´ëÖ\"}.bi-chat-right-quote::before{content:\"´ëÜ\"}.bi-chat-right-text-fill::before{content:\"´ëø\"}.bi-chat-right-text::before{content:\"´ë£\"}.bi-chat-right::before{content:\"´ëØ\"}.bi-chat-square-dots-fill::before{content:\"´ë×\"}.bi-chat-square-dots::before{content:\"´ëƒ\"}.bi-chat-square-fill::before{content:\"´ëá\"}.bi-chat-square-quote-fill::before{content:\"´ëí\"}.bi-chat-square-quote::before{content:\"´ëó\"}.bi-chat-square-text-fill::before{content:\"´ëú\"}.bi-chat-square-text::before{content:\"´ëñ\"}.bi-chat-square::before{content:\"´ëÑ\"}.bi-chat-text-fill::before{content:\"´ëª\"}.bi-chat-text::before{content:\"´ëº\"}.bi-chat::before{content:\"´ë¿\"}.bi-check-all::before{content:\"´ë®\"}.bi-check-circle-fill::before{content:\"´ë¬\"}.bi-check-circle::before{content:\"´ë½\"}.bi-check-square-fill::before{content:\"´ë¼\"}.bi-check-square::before{content:\"´ë¡\"}.bi-check::before{content:\"´ë«\"}.bi-check2-all::before{content:\"´ë»\"}.bi-check2-circle::before{content:\"´ë░\"}.bi-check2-square::before{content:\"´ë▒\"}.bi-check2::before{content:\"´ë▓\"}.bi-chevron-bar-contract::before{content:\"´ë│\"}.bi-chevron-bar-down::before{content:\"´ë┤\"}.bi-chevron-bar-expand::before{content:\"´ëÁ\"}.bi-chevron-bar-left::before{content:\"´ëÂ\"}.bi-chevron-bar-right::before{content:\"´ëÀ\"}.bi-chevron-bar-up::before{content:\"´ë©\"}.bi-chevron-compact-down::before{content:\"´ë╣\"}.bi-chevron-compact-left::before{content:\"´ë║\"}.bi-chevron-compact-right::before{content:\"´ë╗\"}.bi-chevron-compact-up::before{content:\"´ë╝\"}.bi-chevron-contract::before{content:\"´ë¢\"}.bi-chevron-double-down::before{content:\"´ë¥\"}.bi-chevron-double-left::before{content:\"´ë┐\"}.bi-chevron-double-right::before{content:\"´èÇ\"}.bi-chevron-double-up::before{content:\"´èü\"}.bi-chevron-down::before{content:\"´èé\"}.bi-chevron-expand::before{content:\"´èâ\"}.bi-chevron-left::before{content:\"´èä\"}.bi-chevron-right::before{content:\"´èà\"}.bi-chevron-up::before{content:\"´èå\"}.bi-circle-fill::before{content:\"´èç\"}.bi-circle-half::before{content:\"´èê\"}.bi-circle-square::before{content:\"´èë\"}.bi-circle::before{content:\"´èè\"}.bi-clipboard-check::before{content:\"´èï\"}.bi-clipboard-data::before{content:\"´èî\"}.bi-clipboard-minus::before{content:\"´èì\"}.bi-clipboard-plus::before{content:\"´èÄ\"}.bi-clipboard-x::before{content:\"´èÅ\"}.bi-clipboard::before{content:\"´èÉ\"}.bi-clock-fill::before{content:\"´èæ\"}.bi-clock-history::before{content:\"´èÆ\"}.bi-clock::before{content:\"´èô\"}.bi-cloud-arrow-down-fill::before{content:\"´èö\"}.bi-cloud-arrow-down::before{content:\"´èò\"}.bi-cloud-arrow-up-fill::before{content:\"´èû\"}.bi-cloud-arrow-up::before{content:\"´èù\"}.bi-cloud-check-fill::before{content:\"´èÿ\"}.bi-cloud-check::before{content:\"´èÖ\"}.bi-cloud-download-fill::before{content:\"´èÜ\"}.bi-cloud-download::before{content:\"´èø\"}.bi-cloud-drizzle-fill::before{content:\"´è£\"}.bi-cloud-drizzle::before{content:\"´èØ\"}.bi-cloud-fill::before{content:\"´è×\"}.bi-cloud-fog-fill::before{content:\"´èƒ\"}.bi-cloud-fog::before{content:\"´èá\"}.bi-cloud-fog2-fill::before{content:\"´èí\"}.bi-cloud-fog2::before{content:\"´èó\"}.bi-cloud-hail-fill::before{content:\"´èú\"}.bi-cloud-hail::before{content:\"´èñ\"}.bi-cloud-haze-fill::before{content:\"´èª\"}.bi-cloud-haze::before{content:\"´èº\"}.bi-cloud-haze2-fill::before{content:\"´è¿\"}.bi-cloud-lightning-fill::before{content:\"´è®\"}.bi-cloud-lightning-rain-fill::before{content:\"´è¬\"}.bi-cloud-lightning-rain::before{content:\"´è½\"}.bi-cloud-lightning::before{content:\"´è¼\"}.bi-cloud-minus-fill::before{content:\"´è¡\"}.bi-cloud-minus::before{content:\"´è«\"}.bi-cloud-moon-fill::before{content:\"´è»\"}.bi-cloud-moon::before{content:\"´è░\"}.bi-cloud-plus-fill::before{content:\"´è▒\"}.bi-cloud-plus::before{content:\"´è▓\"}.bi-cloud-rain-fill::before{content:\"´è│\"}.bi-cloud-rain-heavy-fill::before{content:\"´è┤\"}.bi-cloud-rain-heavy::before{content:\"´èÁ\"}.bi-cloud-rain::before{content:\"´èÂ\"}.bi-cloud-slash-fill::before{content:\"´èÀ\"}.bi-cloud-slash::before{content:\"´è©\"}.bi-cloud-sleet-fill::before{content:\"´è╣\"}.bi-cloud-sleet::before{content:\"´è║\"}.bi-cloud-snow-fill::before{content:\"´è╗\"}.bi-cloud-snow::before{content:\"´è╝\"}.bi-cloud-sun-fill::before{content:\"´è¢\"}.bi-cloud-sun::before{content:\"´è¥\"}.bi-cloud-upload-fill::before{content:\"´è┐\"}.bi-cloud-upload::before{content:\"´ïÇ\"}.bi-cloud::before{content:\"´ïü\"}.bi-clouds-fill::before{content:\"´ïé\"}.bi-clouds::before{content:\"´ïâ\"}.bi-cloudy-fill::before{content:\"´ïä\"}.bi-cloudy::before{content:\"´ïà\"}.bi-code-slash::before{content:\"´ïå\"}.bi-code-square::before{content:\"´ïç\"}.bi-code::before{content:\"´ïê\"}.bi-collection-fill::before{content:\"´ïë\"}.bi-collection-play-fill::before{content:\"´ïè\"}.bi-collection-play::before{content:\"´ïï\"}.bi-collection::before{content:\"´ïî\"}.bi-columns-gap::before{content:\"´ïì\"}.bi-columns::before{content:\"´ïÄ\"}.bi-command::before{content:\"´ïÅ\"}.bi-compass-fill::before{content:\"´ïÉ\"}.bi-compass::before{content:\"´ïæ\"}.bi-cone-striped::before{content:\"´ïÆ\"}.bi-cone::before{content:\"´ïô\"}.bi-controller::before{content:\"´ïö\"}.bi-cpu-fill::before{content:\"´ïò\"}.bi-cpu::before{content:\"´ïû\"}.bi-credit-card-2-back-fill::before{content:\"´ïù\"}.bi-credit-card-2-back::before{content:\"´ïÿ\"}.bi-credit-card-2-front-fill::before{content:\"´ïÖ\"}.bi-credit-card-2-front::before{content:\"´ïÜ\"}.bi-credit-card-fill::before{content:\"´ïø\"}.bi-credit-card::before{content:\"´ï£\"}.bi-crop::before{content:\"´ïØ\"}.bi-cup-fill::before{content:\"´ï×\"}.bi-cup-straw::before{content:\"´ïƒ\"}.bi-cup::before{content:\"´ïá\"}.bi-cursor-fill::before{content:\"´ïí\"}.bi-cursor-text::before{content:\"´ïó\"}.bi-cursor::before{content:\"´ïú\"}.bi-dash-circle-dotted::before{content:\"´ïñ\"}.bi-dash-circle-fill::before{content:\"´ïÑ\"}.bi-dash-circle::before{content:\"´ïª\"}.bi-dash-square-dotted::before{content:\"´ïº\"}.bi-dash-square-fill::before{content:\"´ï¿\"}.bi-dash-square::before{content:\"´ï®\"}.bi-dash::before{content:\"´ï¬\"}.bi-diagram-2-fill::before{content:\"´ï½\"}.bi-diagram-2::before{content:\"´ï¼\"}.bi-diagram-3-fill::before{content:\"´ï¡\"}.bi-diagram-3::before{content:\"´ï«\"}.bi-diamond-fill::before{content:\"´ï»\"}.bi-diamond-half::before{content:\"´ï░\"}.bi-diamond::before{content:\"´ï▒\"}.bi-dice-1-fill::before{content:\"´ï▓\"}.bi-dice-1::before{content:\"´ï│\"}.bi-dice-2-fill::before{content:\"´ï┤\"}.bi-dice-2::before{content:\"´ïÁ\"}.bi-dice-3-fill::before{content:\"´ïÂ\"}.bi-dice-3::before{content:\"´ïÀ\"}.bi-dice-4-fill::before{content:\"´ï©\"}.bi-dice-4::before{content:\"´ï╣\"}.bi-dice-5-fill::before{content:\"´ï║\"}.bi-dice-5::before{content:\"´ï╗\"}.bi-dice-6-fill::before{content:\"´ï╝\"}.bi-dice-6::before{content:\"´ï¢\"}.bi-disc-fill::before{content:\"´ï¥\"}.bi-disc::before{content:\"´ï┐\"}.bi-discord::before{content:\"´îÇ\"}.bi-display-fill::before{content:\"´îü\"}.bi-display::before{content:\"´îé\"}.bi-distribute-horizontal::before{content:\"´îâ\"}.bi-distribute-vertical::before{content:\"´îä\"}.bi-door-closed-fill::before{content:\"´îà\"}.bi-door-closed::before{content:\"´îå\"}.bi-door-open-fill::before{content:\"´îç\"}.bi-door-open::before{content:\"´îê\"}.bi-dot::before{content:\"´îë\"}.bi-download::before{content:\"´îè\"}.bi-droplet-fill::before{content:\"´îï\"}.bi-droplet-half::before{content:\"´îî\"}.bi-droplet::before{content:\"´îì\"}.bi-earbuds::before{content:\"´îÄ\"}.bi-easel-fill::before{content:\"´îÅ\"}.bi-easel::before{content:\"´îÉ\"}.bi-egg-fill::before{content:\"´îæ\"}.bi-egg-fried::before{content:\"´îÆ\"}.bi-egg::before{content:\"´îô\"}.bi-eject-fill::before{content:\"´îö\"}.bi-eject::before{content:\"´îò\"}.bi-emoji-angry-fill::before{content:\"´îû\"}.bi-emoji-angry::before{content:\"´îù\"}.bi-emoji-dizzy-fill::before{content:\"´îÿ\"}.bi-emoji-dizzy::before{content:\"´îÖ\"}.bi-emoji-expressionless-fill::before{content:\"´îÜ\"}.bi-emoji-expressionless::before{content:\"´îø\"}.bi-emoji-frown-fill::before{content:\"´î£\"}.bi-emoji-frown::before{content:\"´îØ\"}.bi-emoji-heart-eyes-fill::before{content:\"´î×\"}.bi-emoji-heart-eyes::before{content:\"´îƒ\"}.bi-emoji-laughing-fill::before{content:\"´îá\"}.bi-emoji-laughing::before{content:\"´îí\"}.bi-emoji-neutral-fill::before{content:\"´îó\"}.bi-emoji-neutral::before{content:\"´îú\"}.bi-emoji-smile-fill::before{content:\"´îñ\"}.bi-emoji-smile-upside-down-fill::before{content:\"´îÑ\"}.bi-emoji-smile-upside-down::before{content:\"´îª\"}.bi-emoji-smile::before{content:\"´îº\"}.bi-emoji-sunglasses-fill::before{content:\"´î¿\"}.bi-emoji-sunglasses::before{content:\"´î®\"}.bi-emoji-wink-fill::before{content:\"´î¬\"}.bi-emoji-wink::before{content:\"´î½\"}.bi-envelope-fill::before{content:\"´î¼\"}.bi-envelope-open-fill::before{content:\"´î¡\"}.bi-envelope-open::before{content:\"´î«\"}.bi-envelope::before{content:\"´î»\"}.bi-eraser-fill::before{content:\"´î░\"}.bi-eraser::before{content:\"´î▒\"}.bi-exclamation-circle-fill::before{content:\"´î▓\"}.bi-exclamation-circle::before{content:\"´î│\"}.bi-exclamation-diamond-fill::before{content:\"´î┤\"}.bi-exclamation-diamond::before{content:\"´îÁ\"}.bi-exclamation-octagon-fill::before{content:\"´îÂ\"}.bi-exclamation-octagon::before{content:\"´îÀ\"}.bi-exclamation-square-fill::before{content:\"´î©\"}.bi-exclamation-square::before{content:\"´î╣\"}.bi-exclamation-triangle-fill::before{content:\"´î║\"}.bi-exclamation-triangle::before{content:\"´î╗\"}.bi-exclamation::before{content:\"´î╝\"}.bi-exclude::before{content:\"´î¢\"}.bi-eye-fill::before{content:\"´î¥\"}.bi-eye-slash-fill::before{content:\"´î┐\"}.bi-eye-slash::before{content:\"´ìÇ\"}.bi-eye::before{content:\"´ìü\"}.bi-eyedropper::before{content:\"´ìé\"}.bi-eyeglasses::before{content:\"´ìâ\"}.bi-facebook::before{content:\"´ìä\"}.bi-file-arrow-down-fill::before{content:\"´ìà\"}.bi-file-arrow-down::before{content:\"´ìå\"}.bi-file-arrow-up-fill::before{content:\"´ìç\"}.bi-file-arrow-up::before{content:\"´ìê\"}.bi-file-bar-graph-fill::before{content:\"´ìë\"}.bi-file-bar-graph::before{content:\"´ìè\"}.bi-file-binary-fill::before{content:\"´ìï\"}.bi-file-binary::before{content:\"´ìî\"}.bi-file-break-fill::before{content:\"´ìì\"}.bi-file-break::before{content:\"´ìÄ\"}.bi-file-check-fill::before{content:\"´ìÅ\"}.bi-file-check::before{content:\"´ìÉ\"}.bi-file-code-fill::before{content:\"´ìæ\"}.bi-file-code::before{content:\"´ìÆ\"}.bi-file-diff-fill::before{content:\"´ìô\"}.bi-file-diff::before{content:\"´ìö\"}.bi-file-earmark-arrow-down-fill::before{content:\"´ìò\"}.bi-file-earmark-arrow-down::before{content:\"´ìû\"}.bi-file-earmark-arrow-up-fill::before{content:\"´ìù\"}.bi-file-earmark-arrow-up::before{content:\"´ìÿ\"}.bi-file-earmark-bar-graph-fill::before{content:\"´ìÖ\"}.bi-file-earmark-bar-graph::before{content:\"´ìÜ\"}.bi-file-earmark-binary-fill::before{content:\"´ìø\"}.bi-file-earmark-binary::before{content:\"´ì£\"}.bi-file-earmark-break-fill::before{content:\"´ìØ\"}.bi-file-earmark-break::before{content:\"´ì×\"}.bi-file-earmark-check-fill::before{content:\"´ìƒ\"}.bi-file-earmark-check::before{content:\"´ìá\"}.bi-file-earmark-code-fill::before{content:\"´ìí\"}.bi-file-earmark-code::before{content:\"´ìó\"}.bi-file-earmark-diff-fill::before{content:\"´ìú\"}.bi-file-earmark-diff::before{content:\"´ìñ\"}.bi-file-earmark-easel-fill::before{content:\"´ìÑ\"}.bi-file-earmark-easel::before{content:\"´ìª\"}.bi-file-earmark-excel-fill::before{content:\"´ìº\"}.bi-file-earmark-excel::before{content:\"´ì¿\"}.bi-file-earmark-fill::before{content:\"´ì®\"}.bi-file-earmark-font-fill::before{content:\"´ì¬\"}.bi-file-earmark-font::before{content:\"´ì½\"}.bi-file-earmark-image-fill::before{content:\"´ì¼\"}.bi-file-earmark-image::before{content:\"´ì¡\"}.bi-file-earmark-lock-fill::before{content:\"´ì«\"}.bi-file-earmark-lock::before{content:\"´ì»\"}.bi-file-earmark-lock2-fill::before{content:\"´ì░\"}.bi-file-earmark-lock2::before{content:\"´ì▒\"}.bi-file-earmark-medical-fill::before{content:\"´ì▓\"}.bi-file-earmark-medical::before{content:\"´ì│\"}.bi-file-earmark-minus-fill::before{content:\"´ì┤\"}.bi-file-earmark-minus::before{content:\"´ìÁ\"}.bi-file-earmark-music-fill::before{content:\"´ìÂ\"}.bi-file-earmark-music::before{content:\"´ìÀ\"}.bi-file-earmark-person-fill::before{content:\"´ì©\"}.bi-file-earmark-person::before{content:\"´ì╣\"}.bi-file-earmark-play-fill::before{content:\"´ì║\"}.bi-file-earmark-play::before{content:\"´ì╗\"}.bi-file-earmark-plus-fill::before{content:\"´ì╝\"}.bi-file-earmark-plus::before{content:\"´ì¢\"}.bi-file-earmark-post-fill::before{content:\"´ì¥\"}.bi-file-earmark-post::before{content:\"´ì┐\"}.bi-file-earmark-ppt-fill::before{content:\"´ÄÇ\"}.bi-file-earmark-ppt::before{content:\"´Äü\"}.bi-file-earmark-richtext-fill::before{content:\"´Äé\"}.bi-file-earmark-richtext::before{content:\"´Äâ\"}.bi-file-earmark-ruled-fill::before{content:\"´Ää\"}.bi-file-earmark-ruled::before{content:\"´Äà\"}.bi-file-earmark-slides-fill::before{content:\"´Äå\"}.bi-file-earmark-slides::before{content:\"´Äç\"}.bi-file-earmark-spreadsheet-fill::before{content:\"´Äê\"}.bi-file-earmark-spreadsheet::before{content:\"´Äë\"}.bi-file-earmark-text-fill::before{content:\"´Äè\"}.bi-file-earmark-text::before{content:\"´Äï\"}.bi-file-earmark-word-fill::before{content:\"´Äî\"}.bi-file-earmark-word::before{content:\"´Äì\"}.bi-file-earmark-x-fill::before{content:\"´ÄÄ\"}.bi-file-earmark-x::before{content:\"´ÄÅ\"}.bi-file-earmark-zip-fill::before{content:\"´ÄÉ\"}.bi-file-earmark-zip::before{content:\"´Äæ\"}.bi-file-earmark::before{content:\"´ÄÆ\"}.bi-file-easel-fill::before{content:\"´Äô\"}.bi-file-easel::before{content:\"´Äö\"}.bi-file-excel-fill::before{content:\"´Äò\"}.bi-file-excel::before{content:\"´Äû\"}.bi-file-fill::before{content:\"´Äù\"}.bi-file-font-fill::before{content:\"´Äÿ\"}.bi-file-font::before{content:\"´ÄÖ\"}.bi-file-image-fill::before{content:\"´ÄÜ\"}.bi-file-image::before{content:\"´Äø\"}.bi-file-lock-fill::before{content:\"´Ä£\"}.bi-file-lock::before{content:\"´ÄØ\"}.bi-file-lock2-fill::before{content:\"´Ä×\"}.bi-file-lock2::before{content:\"´Äƒ\"}.bi-file-medical-fill::before{content:\"´Äá\"}.bi-file-medical::before{content:\"´Äí\"}.bi-file-minus-fill::before{content:\"´Äó\"}.bi-file-minus::before{content:\"´Äú\"}.bi-file-music-fill::before{content:\"´Äñ\"}.bi-file-music::before{content:\"´ÄÑ\"}.bi-file-person-fill::before{content:\"´Äª\"}.bi-file-person::before{content:\"´Äº\"}.bi-file-play-fill::before{content:\"´Ä¿\"}.bi-file-play::before{content:\"´Ä®\"}.bi-file-plus-fill::before{content:\"´Ä¬\"}.bi-file-plus::before{content:\"´Ä½\"}.bi-file-post-fill::before{content:\"´Ä¼\"}.bi-file-post::before{content:\"´Ä¡\"}.bi-file-ppt-fill::before{content:\"´Ä«\"}.bi-file-ppt::before{content:\"´Ä»\"}.bi-file-richtext-fill::before{content:\"´Ä░\"}.bi-file-richtext::before{content:\"´Ä▒\"}.bi-file-ruled-fill::before{content:\"´Ä▓\"}.bi-file-ruled::before{content:\"´Ä│\"}.bi-file-slides-fill::before{content:\"´Ä┤\"}.bi-file-slides::before{content:\"´ÄÁ\"}.bi-file-spreadsheet-fill::before{content:\"´ÄÂ\"}.bi-file-spreadsheet::before{content:\"´ÄÀ\"}.bi-file-text-fill::before{content:\"´Ä©\"}.bi-file-text::before{content:\"´Ä╣\"}.bi-file-word-fill::before{content:\"´Ä║\"}.bi-file-word::before{content:\"´Ä╗\"}.bi-file-x-fill::before{content:\"´Ä╝\"}.bi-file-x::before{content:\"´Ä¢\"}.bi-file-zip-fill::before{content:\"´Ä¥\"}.bi-file-zip::before{content:\"´Ä┐\"}.bi-file::before{content:\"´ÅÇ\"}.bi-files-alt::before{content:\"´Åü\"}.bi-files::before{content:\"´Åé\"}.bi-film::before{content:\"´Åâ\"}.bi-filter-circle-fill::before{content:\"´Åä\"}.bi-filter-circle::before{content:\"´Åà\"}.bi-filter-left::before{content:\"´Åå\"}.bi-filter-right::before{content:\"´Åç\"}.bi-filter-square-fill::before{content:\"´Åê\"}.bi-filter-square::before{content:\"´Åë\"}.bi-filter::before{content:\"´Åè\"}.bi-flag-fill::before{content:\"´Åï\"}.bi-flag::before{content:\"´Åî\"}.bi-flower1::before{content:\"´Åì\"}.bi-flower2::before{content:\"´ÅÄ\"}.bi-flower3::before{content:\"´ÅÅ\"}.bi-folder-check::before{content:\"´ÅÉ\"}.bi-folder-fill::before{content:\"´Åæ\"}.bi-folder-minus::before{content:\"´ÅÆ\"}.bi-folder-plus::before{content:\"´Åô\"}.bi-folder-symlink-fill::before{content:\"´Åö\"}.bi-folder-symlink::before{content:\"´Åò\"}.bi-folder-x::before{content:\"´Åû\"}.bi-folder::before{content:\"´Åù\"}.bi-folder2-open::before{content:\"´Åÿ\"}.bi-folder2::before{content:\"´ÅÖ\"}.bi-fonts::before{content:\"´ÅÜ\"}.bi-forward-fill::before{content:\"´Åø\"}.bi-forward::before{content:\"´Å£\"}.bi-front::before{content:\"´ÅØ\"}.bi-fullscreen-exit::before{content:\"´Å×\"}.bi-fullscreen::before{content:\"´Åƒ\"}.bi-funnel-fill::before{content:\"´Åá\"}.bi-funnel::before{content:\"´Åí\"}.bi-gear-fill::before{content:\"´Åó\"}.bi-gear-wide-connected::before{content:\"´Åú\"}.bi-gear-wide::before{content:\"´Åñ\"}.bi-gear::before{content:\"´ÅÑ\"}.bi-gem::before{content:\"´Åª\"}.bi-geo-alt-fill::before{content:\"´Åº\"}.bi-geo-alt::before{content:\"´Å¿\"}.bi-geo-fill::before{content:\"´Å®\"}.bi-geo::before{content:\"´Å¬\"}.bi-gift-fill::before{content:\"´Å½\"}.bi-gift::before{content:\"´Å¼\"}.bi-github::before{content:\"´Å¡\"}.bi-globe::before{content:\"´Å«\"}.bi-globe2::before{content:\"´Å»\"}.bi-google::before{content:\"´Å░\"}.bi-graph-down::before{content:\"´Å▒\"}.bi-graph-up::before{content:\"´Å▓\"}.bi-grid-1x2-fill::before{content:\"´Å│\"}.bi-grid-1x2::before{content:\"´Å┤\"}.bi-grid-3x2-gap-fill::before{content:\"´ÅÁ\"}.bi-grid-3x2-gap::before{content:\"´ÅÂ\"}.bi-grid-3x2::before{content:\"´ÅÀ\"}.bi-grid-3x3-gap-fill::before{content:\"´Å©\"}.bi-grid-3x3-gap::before{content:\"´Å╣\"}.bi-grid-3x3::before{content:\"´Å║\"}.bi-grid-fill::before{content:\"´Å╗\"}.bi-grid::before{content:\"´Å╝\"}.bi-grip-horizontal::before{content:\"´Å¢\"}.bi-grip-vertical::before{content:\"´Å¥\"}.bi-hammer::before{content:\"´Å┐\"}.bi-hand-index-fill::before{content:\"´ÉÇ\"}.bi-hand-index-thumb-fill::before{content:\"´Éü\"}.bi-hand-index-thumb::before{content:\"´Éé\"}.bi-hand-index::before{content:\"´Éâ\"}.bi-hand-thumbs-down-fill::before{content:\"´Éä\"}.bi-hand-thumbs-down::before{content:\"´Éà\"}.bi-hand-thumbs-up-fill::before{content:\"´Éå\"}.bi-hand-thumbs-up::before{content:\"´Éç\"}.bi-handbag-fill::before{content:\"´Éê\"}.bi-handbag::before{content:\"´Éë\"}.bi-hash::before{content:\"´Éè\"}.bi-hdd-fill::before{content:\"´Éï\"}.bi-hdd-network-fill::before{content:\"´Éî\"}.bi-hdd-network::before{content:\"´Éì\"}.bi-hdd-rack-fill::before{content:\"´ÉÄ\"}.bi-hdd-rack::before{content:\"´ÉÅ\"}.bi-hdd-stack-fill::before{content:\"´ÉÉ\"}.bi-hdd-stack::before{content:\"´Éæ\"}.bi-hdd::before{content:\"´ÉÆ\"}.bi-headphones::before{content:\"´Éô\"}.bi-headset::before{content:\"´Éö\"}.bi-heart-fill::before{content:\"´Éò\"}.bi-heart-half::before{content:\"´Éû\"}.bi-heart::before{content:\"´Éù\"}.bi-heptagon-fill::before{content:\"´Éÿ\"}.bi-heptagon-half::before{content:\"´ÉÖ\"}.bi-heptagon::before{content:\"´ÉÜ\"}.bi-hexagon-fill::before{content:\"´Éø\"}.bi-hexagon-half::before{content:\"´É£\"}.bi-hexagon::before{content:\"´ÉØ\"}.bi-hourglass-bottom::before{content:\"´É×\"}.bi-hourglass-split::before{content:\"´Éƒ\"}.bi-hourglass-top::before{content:\"´Éá\"}.bi-hourglass::before{content:\"´Éí\"}.bi-house-door-fill::before{content:\"´Éó\"}.bi-house-door::before{content:\"´Éú\"}.bi-house-fill::before{content:\"´Éñ\"}.bi-house::before{content:\"´ÉÑ\"}.bi-hr::before{content:\"´Éª\"}.bi-hurricane::before{content:\"´Éº\"}.bi-image-alt::before{content:\"´É¿\"}.bi-image-fill::before{content:\"´É®\"}.bi-image::before{content:\"´É¬\"}.bi-images::before{content:\"´É½\"}.bi-inbox-fill::before{content:\"´É¼\"}.bi-inbox::before{content:\"´É¡\"}.bi-inboxes-fill::before{content:\"´É«\"}.bi-inboxes::before{content:\"´É»\"}.bi-info-circle-fill::before{content:\"´É░\"}.bi-info-circle::before{content:\"´É▒\"}.bi-info-square-fill::before{content:\"´É▓\"}.bi-info-square::before{content:\"´É│\"}.bi-info::before{content:\"´É┤\"}.bi-input-cursor-text::before{content:\"´ÉÁ\"}.bi-input-cursor::before{content:\"´ÉÂ\"}.bi-instagram::before{content:\"´ÉÀ\"}.bi-intersect::before{content:\"´É©\"}.bi-journal-album::before{content:\"´É╣\"}.bi-journal-arrow-down::before{content:\"´É║\"}.bi-journal-arrow-up::before{content:\"´É╗\"}.bi-journal-bookmark-fill::before{content:\"´É╝\"}.bi-journal-bookmark::before{content:\"´É¢\"}.bi-journal-check::before{content:\"´É¥\"}.bi-journal-code::before{content:\"´É┐\"}.bi-journal-medical::before{content:\"´æÇ\"}.bi-journal-minus::before{content:\"´æü\"}.bi-journal-plus::before{content:\"´æé\"}.bi-journal-richtext::before{content:\"´æâ\"}.bi-journal-text::before{content:\"´æä\"}.bi-journal-x::before{content:\"´æà\"}.bi-journal::before{content:\"´æå\"}.bi-journals::before{content:\"´æç\"}.bi-joystick::before{content:\"´æê\"}.bi-justify-left::before{content:\"´æë\"}.bi-justify-right::before{content:\"´æè\"}.bi-justify::before{content:\"´æï\"}.bi-kanban-fill::before{content:\"´æî\"}.bi-kanban::before{content:\"´æì\"}.bi-key-fill::before{content:\"´æÄ\"}.bi-key::before{content:\"´æÅ\"}.bi-keyboard-fill::before{content:\"´æÉ\"}.bi-keyboard::before{content:\"´ææ\"}.bi-ladder::before{content:\"´æÆ\"}.bi-lamp-fill::before{content:\"´æô\"}.bi-lamp::before{content:\"´æö\"}.bi-laptop-fill::before{content:\"´æò\"}.bi-laptop::before{content:\"´æû\"}.bi-layer-backward::before{content:\"´æù\"}.bi-layer-forward::before{content:\"´æÿ\"}.bi-layers-fill::before{content:\"´æÖ\"}.bi-layers-half::before{content:\"´æÜ\"}.bi-layers::before{content:\"´æø\"}.bi-layout-sidebar-inset-reverse::before{content:\"´æ£\"}.bi-layout-sidebar-inset::before{content:\"´æØ\"}.bi-layout-sidebar-reverse::before{content:\"´æ×\"}.bi-layout-sidebar::before{content:\"´æƒ\"}.bi-layout-split::before{content:\"´æá\"}.bi-layout-text-sidebar-reverse::before{content:\"´æí\"}.bi-layout-text-sidebar::before{content:\"´æó\"}.bi-layout-text-window-reverse::before{content:\"´æú\"}.bi-layout-text-window::before{content:\"´æñ\"}.bi-layout-three-columns::before{content:\"´æÑ\"}.bi-layout-wtf::before{content:\"´æª\"}.bi-life-preserver::before{content:\"´æº\"}.bi-lightbulb-fill::before{content:\"´æ¿\"}.bi-lightbulb-off-fill::before{content:\"´æ®\"}.bi-lightbulb-off::before{content:\"´æ¬\"}.bi-lightbulb::before{content:\"´æ½\"}.bi-lightning-charge-fill::before{content:\"´æ¼\"}.bi-lightning-charge::before{content:\"´æ¡\"}.bi-lightning-fill::before{content:\"´æ«\"}.bi-lightning::before{content:\"´æ»\"}.bi-link-45deg::before{content:\"´æ░\"}.bi-link::before{content:\"´æ▒\"}.bi-linkedin::before{content:\"´æ▓\"}.bi-list-check::before{content:\"´æ│\"}.bi-list-nested::before{content:\"´æ┤\"}.bi-list-ol::before{content:\"´æÁ\"}.bi-list-stars::before{content:\"´æÂ\"}.bi-list-task::before{content:\"´æÀ\"}.bi-list-ul::before{content:\"´æ©\"}.bi-list::before{content:\"´æ╣\"}.bi-lock-fill::before{content:\"´æ║\"}.bi-lock::before{content:\"´æ╗\"}.bi-mailbox::before{content:\"´æ╝\"}.bi-mailbox2::before{content:\"´æ¢\"}.bi-map-fill::before{content:\"´æ¥\"}.bi-map::before{content:\"´æ┐\"}.bi-markdown-fill::before{content:\"´ÆÇ\"}.bi-markdown::before{content:\"´Æü\"}.bi-mask::before{content:\"´Æé\"}.bi-megaphone-fill::before{content:\"´Æâ\"}.bi-megaphone::before{content:\"´Æä\"}.bi-menu-app-fill::before{content:\"´Æà\"}.bi-menu-app::before{content:\"´Æå\"}.bi-menu-button-fill::before{content:\"´Æç\"}.bi-menu-button-wide-fill::before{content:\"´Æê\"}.bi-menu-button-wide::before{content:\"´Æë\"}.bi-menu-button::before{content:\"´Æè\"}.bi-menu-down::before{content:\"´Æï\"}.bi-menu-up::before{content:\"´Æî\"}.bi-mic-fill::before{content:\"´Æì\"}.bi-mic-mute-fill::before{content:\"´ÆÄ\"}.bi-mic-mute::before{content:\"´ÆÅ\"}.bi-mic::before{content:\"´ÆÉ\"}.bi-minecart-loaded::before{content:\"´Ææ\"}.bi-minecart::before{content:\"´ÆÆ\"}.bi-moisture::before{content:\"´Æô\"}.bi-moon-fill::before{content:\"´Æö\"}.bi-moon-stars-fill::before{content:\"´Æò\"}.bi-moon-stars::before{content:\"´Æû\"}.bi-moon::before{content:\"´Æù\"}.bi-mouse-fill::before{content:\"´Æÿ\"}.bi-mouse::before{content:\"´ÆÖ\"}.bi-mouse2-fill::before{content:\"´ÆÜ\"}.bi-mouse2::before{content:\"´Æø\"}.bi-mouse3-fill::before{content:\"´Æ£\"}.bi-mouse3::before{content:\"´ÆØ\"}.bi-music-note-beamed::before{content:\"´Æ×\"}.bi-music-note-list::before{content:\"´Æƒ\"}.bi-music-note::before{content:\"´Æá\"}.bi-music-player-fill::before{content:\"´Æí\"}.bi-music-player::before{content:\"´Æó\"}.bi-newspaper::before{content:\"´Æú\"}.bi-node-minus-fill::before{content:\"´Æñ\"}.bi-node-minus::before{content:\"´ÆÑ\"}.bi-node-plus-fill::before{content:\"´Æª\"}.bi-node-plus::before{content:\"´Æº\"}.bi-nut-fill::before{content:\"´Æ¿\"}.bi-nut::before{content:\"´Æ®\"}.bi-octagon-fill::before{content:\"´Æ¬\"}.bi-octagon-half::before{content:\"´Æ½\"}.bi-octagon::before{content:\"´Æ¼\"}.bi-option::before{content:\"´Æ¡\"}.bi-outlet::before{content:\"´Æ«\"}.bi-paint-bucket::before{content:\"´Æ»\"}.bi-palette-fill::before{content:\"´Æ░\"}.bi-palette::before{content:\"´Æ▒\"}.bi-palette2::before{content:\"´Æ▓\"}.bi-paperclip::before{content:\"´Æ│\"}.bi-paragraph::before{content:\"´Æ┤\"}.bi-patch-check-fill::before{content:\"´ÆÁ\"}.bi-patch-check::before{content:\"´ÆÂ\"}.bi-patch-exclamation-fill::before{content:\"´ÆÀ\"}.bi-patch-exclamation::before{content:\"´Æ©\"}.bi-patch-minus-fill::before{content:\"´Æ╣\"}.bi-patch-minus::before{content:\"´Æ║\"}.bi-patch-plus-fill::before{content:\"´Æ╗\"}.bi-patch-plus::before{content:\"´Æ╝\"}.bi-patch-question-fill::before{content:\"´Æ¢\"}.bi-patch-question::before{content:\"´Æ¥\"}.bi-pause-btn-fill::before{content:\"´Æ┐\"}.bi-pause-btn::before{content:\"´ôÇ\"}.bi-pause-circle-fill::before{content:\"´ôü\"}.bi-pause-circle::before{content:\"´ôé\"}.bi-pause-fill::before{content:\"´ôâ\"}.bi-pause::before{content:\"´ôä\"}.bi-peace-fill::before{content:\"´ôà\"}.bi-peace::before{content:\"´ôå\"}.bi-pen-fill::before{content:\"´ôç\"}.bi-pen::before{content:\"´ôê\"}.bi-pencil-fill::before{content:\"´ôë\"}.bi-pencil-square::before{content:\"´ôè\"}.bi-pencil::before{content:\"´ôï\"}.bi-pentagon-fill::before{content:\"´ôî\"}.bi-pentagon-half::before{content:\"´ôì\"}.bi-pentagon::before{content:\"´ôÄ\"}.bi-people-fill::before{content:\"´ôÅ\"}.bi-people::before{content:\"´ôÉ\"}.bi-percent::before{content:\"´ôæ\"}.bi-person-badge-fill::before{content:\"´ôÆ\"}.bi-person-badge::before{content:\"´ôô\"}.bi-person-bounding-box::before{content:\"´ôö\"}.bi-person-check-fill::before{content:\"´ôò\"}.bi-person-check::before{content:\"´ôû\"}.bi-person-circle::before{content:\"´ôù\"}.bi-person-dash-fill::before{content:\"´ôÿ\"}.bi-person-dash::before{content:\"´ôÖ\"}.bi-person-fill::before{content:\"´ôÜ\"}.bi-person-lines-fill::before{content:\"´ôø\"}.bi-person-plus-fill::before{content:\"´ô£\"}.bi-person-plus::before{content:\"´ôØ\"}.bi-person-square::before{content:\"´ô×\"}.bi-person-x-fill::before{content:\"´ôƒ\"}.bi-person-x::before{content:\"´ôá\"}.bi-person::before{content:\"´ôí\"}.bi-phone-fill::before{content:\"´ôó\"}.bi-phone-landscape-fill::before{content:\"´ôú\"}.bi-phone-landscape::before{content:\"´ôñ\"}.bi-phone-vibrate-fill::before{content:\"´ôÑ\"}.bi-phone-vibrate::before{content:\"´ôª\"}.bi-phone::before{content:\"´ôº\"}.bi-pie-chart-fill::before{content:\"´ô¿\"}.bi-pie-chart::before{content:\"´ô®\"}.bi-pin-angle-fill::before{content:\"´ô¬\"}.bi-pin-angle::before{content:\"´ô½\"}.bi-pin-fill::before{content:\"´ô¼\"}.bi-pin::before{content:\"´ô¡\"}.bi-pip-fill::before{content:\"´ô«\"}.bi-pip::before{content:\"´ô»\"}.bi-play-btn-fill::before{content:\"´ô░\"}.bi-play-btn::before{content:\"´ô▒\"}.bi-play-circle-fill::before{content:\"´ô▓\"}.bi-play-circle::before{content:\"´ô│\"}.bi-play-fill::before{content:\"´ô┤\"}.bi-play::before{content:\"´ôÁ\"}.bi-plug-fill::before{content:\"´ôÂ\"}.bi-plug::before{content:\"´ôÀ\"}.bi-plus-circle-dotted::before{content:\"´ô©\"}.bi-plus-circle-fill::before{content:\"´ô╣\"}.bi-plus-circle::before{content:\"´ô║\"}.bi-plus-square-dotted::before{content:\"´ô╗\"}.bi-plus-square-fill::before{content:\"´ô╝\"}.bi-plus-square::before{content:\"´ô¢\"}.bi-plus::before{content:\"´ô¥\"}.bi-power::before{content:\"´ô┐\"}.bi-printer-fill::before{content:\"´öÇ\"}.bi-printer::before{content:\"´öü\"}.bi-puzzle-fill::before{content:\"´öé\"}.bi-puzzle::before{content:\"´öâ\"}.bi-question-circle-fill::before{content:\"´öä\"}.bi-question-circle::before{content:\"´öà\"}.bi-question-diamond-fill::before{content:\"´öå\"}.bi-question-diamond::before{content:\"´öç\"}.bi-question-octagon-fill::before{content:\"´öê\"}.bi-question-octagon::before{content:\"´öë\"}.bi-question-square-fill::before{content:\"´öè\"}.bi-question-square::before{content:\"´öï\"}.bi-question::before{content:\"´öî\"}.bi-rainbow::before{content:\"´öì\"}.bi-receipt-cutoff::before{content:\"´öÄ\"}.bi-receipt::before{content:\"´öÅ\"}.bi-reception-0::before{content:\"´öÉ\"}.bi-reception-1::before{content:\"´öæ\"}.bi-reception-2::before{content:\"´öÆ\"}.bi-reception-3::before{content:\"´öô\"}.bi-reception-4::before{content:\"´öö\"}.bi-record-btn-fill::before{content:\"´öò\"}.bi-record-btn::before{content:\"´öû\"}.bi-record-circle-fill::before{content:\"´öù\"}.bi-record-circle::before{content:\"´öÿ\"}.bi-record-fill::before{content:\"´öÖ\"}.bi-record::before{content:\"´öÜ\"}.bi-record2-fill::before{content:\"´öø\"}.bi-record2::before{content:\"´ö£\"}.bi-reply-all-fill::before{content:\"´öØ\"}.bi-reply-all::before{content:\"´ö×\"}.bi-reply-fill::before{content:\"´öƒ\"}.bi-reply::before{content:\"´öá\"}.bi-rss-fill::before{content:\"´öí\"}.bi-rss::before{content:\"´öó\"}.bi-rulers::before{content:\"´öú\"}.bi-save-fill::before{content:\"´öñ\"}.bi-save::before{content:\"´öÑ\"}.bi-save2-fill::before{content:\"´öª\"}.bi-save2::before{content:\"´öº\"}.bi-scissors::before{content:\"´ö¿\"}.bi-screwdriver::before{content:\"´ö®\"}.bi-search::before{content:\"´ö¬\"}.bi-segmented-nav::before{content:\"´ö½\"}.bi-server::before{content:\"´ö¼\"}.bi-share-fill::before{content:\"´ö¡\"}.bi-share::before{content:\"´ö«\"}.bi-shield-check::before{content:\"´ö»\"}.bi-shield-exclamation::before{content:\"´ö░\"}.bi-shield-fill-check::before{content:\"´ö▒\"}.bi-shield-fill-exclamation::before{content:\"´ö▓\"}.bi-shield-fill-minus::before{content:\"´ö│\"}.bi-shield-fill-plus::before{content:\"´ö┤\"}.bi-shield-fill-x::before{content:\"´öÁ\"}.bi-shield-fill::before{content:\"´öÂ\"}.bi-shield-lock-fill::before{content:\"´öÀ\"}.bi-shield-lock::before{content:\"´ö©\"}.bi-shield-minus::before{content:\"´ö╣\"}.bi-shield-plus::before{content:\"´ö║\"}.bi-shield-shaded::before{content:\"´ö╗\"}.bi-shield-slash-fill::before{content:\"´ö╝\"}.bi-shield-slash::before{content:\"´ö¢\"}.bi-shield-x::before{content:\"´ö¥\"}.bi-shield::before{content:\"´ö┐\"}.bi-shift-fill::before{content:\"´òÇ\"}.bi-shift::before{content:\"´òü\"}.bi-shop-window::before{content:\"´òé\"}.bi-shop::before{content:\"´òâ\"}.bi-shuffle::before{content:\"´òä\"}.bi-signpost-2-fill::before{content:\"´òà\"}.bi-signpost-2::before{content:\"´òå\"}.bi-signpost-fill::before{content:\"´òç\"}.bi-signpost-split-fill::before{content:\"´òê\"}.bi-signpost-split::before{content:\"´òë\"}.bi-signpost::before{content:\"´òè\"}.bi-sim-fill::before{content:\"´òï\"}.bi-sim::before{content:\"´òî\"}.bi-skip-backward-btn-fill::before{content:\"´òì\"}.bi-skip-backward-btn::before{content:\"´òÄ\"}.bi-skip-backward-circle-fill::before{content:\"´òÅ\"}.bi-skip-backward-circle::before{content:\"´òÉ\"}.bi-skip-backward-fill::before{content:\"´òæ\"}.bi-skip-backward::before{content:\"´òÆ\"}.bi-skip-end-btn-fill::before{content:\"´òô\"}.bi-skip-end-btn::before{content:\"´òö\"}.bi-skip-end-circle-fill::before{content:\"´òò\"}.bi-skip-end-circle::before{content:\"´òû\"}.bi-skip-end-fill::before{content:\"´òù\"}.bi-skip-end::before{content:\"´òÿ\"}.bi-skip-forward-btn-fill::before{content:\"´òÖ\"}.bi-skip-forward-btn::before{content:\"´òÜ\"}.bi-skip-forward-circle-fill::before{content:\"´òø\"}.bi-skip-forward-circle::before{content:\"´ò£\"}.bi-skip-forward-fill::before{content:\"´òØ\"}.bi-skip-forward::before{content:\"´ò×\"}.bi-skip-start-btn-fill::before{content:\"´òƒ\"}.bi-skip-start-btn::before{content:\"´òá\"}.bi-skip-start-circle-fill::before{content:\"´òí\"}.bi-skip-start-circle::before{content:\"´òó\"}.bi-skip-start-fill::before{content:\"´òú\"}.bi-skip-start::before{content:\"´òñ\"}.bi-slack::before{content:\"´òÑ\"}.bi-slash-circle-fill::before{content:\"´òª\"}.bi-slash-circle::before{content:\"´òº\"}.bi-slash-square-fill::before{content:\"´ò¿\"}.bi-slash-square::before{content:\"´ò®\"}.bi-slash::before{content:\"´ò¬\"}.bi-sliders::before{content:\"´ò½\"}.bi-smartwatch::before{content:\"´ò¼\"}.bi-snow::before{content:\"´ò¡\"}.bi-snow2::before{content:\"´ò«\"}.bi-snow3::before{content:\"´ò»\"}.bi-sort-alpha-down-alt::before{content:\"´ò░\"}.bi-sort-alpha-down::before{content:\"´ò▒\"}.bi-sort-alpha-up-alt::before{content:\"´ò▓\"}.bi-sort-alpha-up::before{content:\"´ò│\"}.bi-sort-down-alt::before{content:\"´ò┤\"}.bi-sort-down::before{content:\"´òÁ\"}.bi-sort-numeric-down-alt::before{content:\"´òÂ\"}.bi-sort-numeric-down::before{content:\"´òÀ\"}.bi-sort-numeric-up-alt::before{content:\"´ò©\"}.bi-sort-numeric-up::before{content:\"´ò╣\"}.bi-sort-up-alt::before{content:\"´ò║\"}.bi-sort-up::before{content:\"´ò╗\"}.bi-soundwave::before{content:\"´ò╝\"}.bi-speaker-fill::before{content:\"´ò¢\"}.bi-speaker::before{content:\"´ò¥\"}.bi-speedometer::before{content:\"´ò┐\"}.bi-speedometer2::before{content:\"´ûÇ\"}.bi-spellcheck::before{content:\"´ûü\"}.bi-square-fill::before{content:\"´ûé\"}.bi-square-half::before{content:\"´ûâ\"}.bi-square::before{content:\"´ûä\"}.bi-stack::before{content:\"´ûà\"}.bi-star-fill::before{content:\"´ûå\"}.bi-star-half::before{content:\"´ûç\"}.bi-star::before{content:\"´ûê\"}.bi-stars::before{content:\"´ûë\"}.bi-stickies-fill::before{content:\"´ûè\"}.bi-stickies::before{content:\"´ûï\"}.bi-sticky-fill::before{content:\"´ûî\"}.bi-sticky::before{content:\"´ûì\"}.bi-stop-btn-fill::before{content:\"´ûÄ\"}.bi-stop-btn::before{content:\"´ûÅ\"}.bi-stop-circle-fill::before{content:\"´ûÉ\"}.bi-stop-circle::before{content:\"´ûæ\"}.bi-stop-fill::before{content:\"´ûÆ\"}.bi-stop::before{content:\"´ûô\"}.bi-stoplights-fill::before{content:\"´ûö\"}.bi-stoplights::before{content:\"´ûò\"}.bi-stopwatch-fill::before{content:\"´ûû\"}.bi-stopwatch::before{content:\"´ûù\"}.bi-subtract::before{content:\"´ûÿ\"}.bi-suit-club-fill::before{content:\"´ûÖ\"}.bi-suit-club::before{content:\"´ûÜ\"}.bi-suit-diamond-fill::before{content:\"´ûø\"}.bi-suit-diamond::before{content:\"´û£\"}.bi-suit-heart-fill::before{content:\"´ûØ\"}.bi-suit-heart::before{content:\"´û×\"}.bi-suit-spade-fill::before{content:\"´ûƒ\"}.bi-suit-spade::before{content:\"´ûá\"}.bi-sun-fill::before{content:\"´ûí\"}.bi-sun::before{content:\"´ûó\"}.bi-sunglasses::before{content:\"´ûú\"}.bi-sunrise-fill::before{content:\"´ûñ\"}.bi-sunrise::before{content:\"´ûÑ\"}.bi-sunset-fill::before{content:\"´ûª\"}.bi-sunset::before{content:\"´ûº\"}.bi-symmetry-horizontal::before{content:\"´û¿\"}.bi-symmetry-vertical::before{content:\"´û®\"}.bi-table::before{content:\"´û¬\"}.bi-tablet-fill::before{content:\"´û½\"}.bi-tablet-landscape-fill::before{content:\"´û¼\"}.bi-tablet-landscape::before{content:\"´û¡\"}.bi-tablet::before{content:\"´û«\"}.bi-tag-fill::before{content:\"´û»\"}.bi-tag::before{content:\"´û░\"}.bi-tags-fill::before{content:\"´û▒\"}.bi-tags::before{content:\"´û▓\"}.bi-telegram::before{content:\"´û│\"}.bi-telephone-fill::before{content:\"´û┤\"}.bi-telephone-forward-fill::before{content:\"´ûÁ\"}.bi-telephone-forward::before{content:\"´ûÂ\"}.bi-telephone-inbound-fill::before{content:\"´ûÀ\"}.bi-telephone-inbound::before{content:\"´û©\"}.bi-telephone-minus-fill::before{content:\"´û╣\"}.bi-telephone-minus::before{content:\"´û║\"}.bi-telephone-outbound-fill::before{content:\"´û╗\"}.bi-telephone-outbound::before{content:\"´û╝\"}.bi-telephone-plus-fill::before{content:\"´û¢\"}.bi-telephone-plus::before{content:\"´û¥\"}.bi-telephone-x-fill::before{content:\"´û┐\"}.bi-telephone-x::before{content:\"´ùÇ\"}.bi-telephone::before{content:\"´ùü\"}.bi-terminal-fill::before{content:\"´ùé\"}.bi-terminal::before{content:\"´ùâ\"}.bi-text-center::before{content:\"´ùä\"}.bi-text-indent-left::before{content:\"´ùà\"}.bi-text-indent-right::before{content:\"´ùå\"}.bi-text-left::before{content:\"´ùç\"}.bi-text-paragraph::before{content:\"´ùê\"}.bi-text-right::before{content:\"´ùë\"}.bi-textarea-resize::before{content:\"´ùè\"}.bi-textarea-t::before{content:\"´ùï\"}.bi-textarea::before{content:\"´ùî\"}.bi-thermometer-half::before{content:\"´ùì\"}.bi-thermometer-high::before{content:\"´ùÄ\"}.bi-thermometer-low::before{content:\"´ùÅ\"}.bi-thermometer-snow::before{content:\"´ùÉ\"}.bi-thermometer-sun::before{content:\"´ùæ\"}.bi-thermometer::before{content:\"´ùÆ\"}.bi-three-dots-vertical::before{content:\"´ùô\"}.bi-three-dots::before{content:\"´ùö\"}.bi-toggle-off::before{content:\"´ùò\"}.bi-toggle-on::before{content:\"´ùû\"}.bi-toggle2-off::before{content:\"´ùù\"}.bi-toggle2-on::before{content:\"´ùÿ\"}.bi-toggles::before{content:\"´ùÖ\"}.bi-toggles2::before{content:\"´ùÜ\"}.bi-tools::before{content:\"´ùø\"}.bi-tornado::before{content:\"´ù£\"}.bi-trash-fill::before{content:\"´ùØ\"}.bi-trash::before{content:\"´ù×\"}.bi-trash2-fill::before{content:\"´ùƒ\"}.bi-trash2::before{content:\"´ùá\"}.bi-tree-fill::before{content:\"´ùí\"}.bi-tree::before{content:\"´ùó\"}.bi-triangle-fill::before{content:\"´ùú\"}.bi-triangle-half::before{content:\"´ùñ\"}.bi-triangle::before{content:\"´ùÑ\"}.bi-trophy-fill::before{content:\"´ùª\"}.bi-trophy::before{content:\"´ùº\"}.bi-tropical-storm::before{content:\"´ù¿\"}.bi-truck-flatbed::before{content:\"´ù®\"}.bi-truck::before{content:\"´ù¬\"}.bi-tsunami::before{content:\"´ù½\"}.bi-tv-fill::before{content:\"´ù¼\"}.bi-tv::before{content:\"´ù¡\"}.bi-twitch::before{content:\"´ù«\"}.bi-twitter::before{content:\"´ù»\"}.bi-type-bold::before{content:\"´ù░\"}.bi-type-h1::before{content:\"´ù▒\"}.bi-type-h2::before{content:\"´ù▓\"}.bi-type-h3::before{content:\"´ù│\"}.bi-type-italic::before{content:\"´ù┤\"}.bi-type-strikethrough::before{content:\"´ùÁ\"}.bi-type-underline::before{content:\"´ùÂ\"}.bi-type::before{content:\"´ùÀ\"}.bi-ui-checks-grid::before{content:\"´ù©\"}.bi-ui-checks::before{content:\"´ù╣\"}.bi-ui-radios-grid::before{content:\"´ù║\"}.bi-ui-radios::before{content:\"´ù╗\"}.bi-umbrella-fill::before{content:\"´ù╝\"}.bi-umbrella::before{content:\"´ù¢\"}.bi-union::before{content:\"´ù¥\"}.bi-unlock-fill::before{content:\"´ù┐\"}.bi-unlock::before{content:\"´ÿÇ\"}.bi-upc-scan::before{content:\"´ÿü\"}.bi-upc::before{content:\"´ÿé\"}.bi-upload::before{content:\"´ÿâ\"}.bi-vector-pen::before{content:\"´ÿä\"}.bi-view-list::before{content:\"´ÿà\"}.bi-view-stacked::before{content:\"´ÿå\"}.bi-vinyl-fill::before{content:\"´ÿç\"}.bi-vinyl::before{content:\"´ÿê\"}.bi-voicemail::before{content:\"´ÿë\"}.bi-volume-down-fill::before{content:\"´ÿè\"}.bi-volume-down::before{content:\"´ÿï\"}.bi-volume-mute-fill::before{content:\"´ÿî\"}.bi-volume-mute::before{content:\"´ÿì\"}.bi-volume-off-fill::before{content:\"´ÿÄ\"}.bi-volume-off::before{content:\"´ÿÅ\"}.bi-volume-up-fill::before{content:\"´ÿÉ\"}.bi-volume-up::before{content:\"´ÿæ\"}.bi-vr::before{content:\"´ÿÆ\"}.bi-wallet-fill::before{content:\"´ÿô\"}.bi-wallet::before{content:\"´ÿö\"}.bi-wallet2::before{content:\"´ÿò\"}.bi-watch::before{content:\"´ÿû\"}.bi-water::before{content:\"´ÿù\"}.bi-whatsapp::before{content:\"´ÿÿ\"}.bi-wifi-1::before{content:\"´ÿÖ\"}.bi-wifi-2::before{content:\"´ÿÜ\"}.bi-wifi-off::before{content:\"´ÿø\"}.bi-wifi::before{content:\"´ÿ£\"}.bi-wind::before{content:\"´ÿØ\"}.bi-window-dock::before{content:\"´ÿ×\"}.bi-window-sidebar::before{content:\"´ÿƒ\"}.bi-window::before{content:\"´ÿá\"}.bi-wrench::before{content:\"´ÿí\"}.bi-x-circle-fill::before{content:\"´ÿó\"}.bi-x-circle::before{content:\"´ÿú\"}.bi-x-diamond-fill::before{content:\"´ÿñ\"}.bi-x-diamond::before{content:\"´ÿÑ\"}.bi-x-octagon-fill::before{content:\"´ÿª\"}.bi-x-octagon::before{content:\"´ÿº\"}.bi-x-square-fill::before{content:\"´ÿ¿\"}.bi-x-square::before{content:\"´ÿ®\"}.bi-x::before{content:\"´ÿ¬\"}.bi-youtube::before{content:\"´ÿ½\"}.bi-zoom-in::before{content:\"´ÿ¼\"}.bi-zoom-out::before{content:\"´ÿ¡\"}.bi-bank::before{content:\"´ÿ«\"}.bi-bank2::before{content:\"´ÿ»\"}.bi-bell-slash-fill::before{content:\"´ÿ░\"}.bi-bell-slash::before{content:\"´ÿ▒\"}.bi-cash-coin::before{content:\"´ÿ▓\"}.bi-check-lg::before{content:\"´ÿ│\"}.bi-coin::before{content:\"´ÿ┤\"}.bi-currency-bitcoin::before{content:\"´ÿÁ\"}.bi-currency-dollar::before{content:\"´ÿÂ\"}.bi-currency-euro::before{content:\"´ÿÀ\"}.bi-currency-exchange::before{content:\"´ÿ©\"}.bi-currency-pound::before{content:\"´ÿ╣\"}.bi-currency-yen::before{content:\"´ÿ║\"}.bi-dash-lg::before{content:\"´ÿ╗\"}.bi-exclamation-lg::before{content:\"´ÿ╝\"}.bi-file-earmark-pdf-fill::before{content:\"´ÿ¢\"}.bi-file-earmark-pdf::before{content:\"´ÿ¥\"}.bi-file-pdf-fill::before{content:\"´ÿ┐\"}.bi-file-pdf::before{content:\"´ÖÇ\"}.bi-gender-ambiguous::before{content:\"´Öü\"}.bi-gender-female::before{content:\"´Öé\"}.bi-gender-male::before{content:\"´Öâ\"}.bi-gender-trans::before{content:\"´Öä\"}.bi-headset-vr::before{content:\"´Öà\"}.bi-info-lg::before{content:\"´Öå\"}.bi-mastodon::before{content:\"´Öç\"}.bi-messenger::before{content:\"´Öê\"}.bi-piggy-bank-fill::before{content:\"´Öë\"}.bi-piggy-bank::before{content:\"´Öè\"}.bi-pin-map-fill::before{content:\"´Öï\"}.bi-pin-map::before{content:\"´Öî\"}.bi-plus-lg::before{content:\"´Öì\"}.bi-question-lg::before{content:\"´ÖÄ\"}.bi-recycle::before{content:\"´ÖÅ\"}.bi-reddit::before{content:\"´ÖÉ\"}.bi-safe-fill::before{content:\"´Öæ\"}.bi-safe2-fill::before{content:\"´ÖÆ\"}.bi-safe2::before{content:\"´Öô\"}.bi-sd-card-fill::before{content:\"´Öö\"}.bi-sd-card::before{content:\"´Öò\"}.bi-skype::before{content:\"´Öû\"}.bi-slash-lg::before{content:\"´Öù\"}.bi-translate::before{content:\"´Öÿ\"}.bi-x-lg::before{content:\"´ÖÖ\"}.bi-safe::before{content:\"´ÖÜ\"}.bi-apple::before{content:\"´Öø\"}.bi-microsoft::before{content:\"´ÖØ\"}.bi-windows::before{content:\"´Ö×\"}.bi-behance::before{content:\"´Ö£\"}.bi-dribbble::before{content:\"´Öƒ\"}.bi-line::before{content:\"´Öá\"}.bi-medium::before{content:\"´Öí\"}.bi-paypal::before{content:\"´Öó\"}.bi-pinterest::before{content:\"´Öú\"}.bi-signal::before{content:\"´Öñ\"}.bi-snapchat::before{content:\"´ÖÑ\"}.bi-spotify::before{content:\"´Öª\"}.bi-stack-overflow::before{content:\"´Öº\"}.bi-strava::before{content:\"´Ö¿\"}.bi-wordpress::before{content:\"´Ö®\"}.bi-vimeo::before{content:\"´Ö¬\"}.bi-activity::before{content:\"´Ö½\"}.bi-easel2-fill::before{content:\"´Ö¼\"}.bi-easel2::before{content:\"´Ö¡\"}.bi-easel3-fill::before{content:\"´Ö«\"}.bi-easel3::before{content:\"´Ö»\"}.bi-fan::before{content:\"´Ö░\"}.bi-fingerprint::before{content:\"´Ö▒\"}.bi-graph-down-arrow::before{content:\"´Ö▓\"}.bi-graph-up-arrow::before{content:\"´Ö│\"}.bi-hypnotize::before{content:\"´Ö┤\"}.bi-magic::before{content:\"´ÖÁ\"}.bi-person-rolodex::before{content:\"´ÖÂ\"}.bi-person-video::before{content:\"´ÖÀ\"}.bi-person-video2::before{content:\"´Ö©\"}.bi-person-video3::before{content:\"´Ö╣\"}.bi-person-workspace::before{content:\"´Ö║\"}.bi-radioactive::before{content:\"´Ö╗\"}.bi-webcam-fill::before{content:\"´Ö╝\"}.bi-webcam::before{content:\"´Ö¢\"}.bi-yin-yang::before{content:\"´Ö¥\"}.bi-bandaid-fill::before{content:\"´ÜÇ\"}.bi-bandaid::before{content:\"´Üü\"}.bi-bluetooth::before{content:\"´Üé\"}.bi-body-text::before{content:\"´Üâ\"}.bi-boombox::before{content:\"´Üä\"}.bi-boxes::before{content:\"´Üà\"}.bi-dpad-fill::before{content:\"´Üå\"}.bi-dpad::before{content:\"´Üç\"}.bi-ear-fill::before{content:\"´Üê\"}.bi-ear::before{content:\"´Üë\"}.bi-envelope-check-fill::before{content:\"´Üï\"}.bi-envelope-check::before{content:\"´Üî\"}.bi-envelope-dash-fill::before{content:\"´ÜÄ\"}.bi-envelope-dash::before{content:\"´ÜÅ\"}.bi-envelope-exclamation-fill::before{content:\"´Üæ\"}.bi-envelope-exclamation::before{content:\"´ÜÆ\"}.bi-envelope-plus-fill::before{content:\"´Üô\"}.bi-envelope-plus::before{content:\"´Üö\"}.bi-envelope-slash-fill::before{content:\"´Üû\"}.bi-envelope-slash::before{content:\"´Üù\"}.bi-envelope-x-fill::before{content:\"´ÜÖ\"}.bi-envelope-x::before{content:\"´ÜÜ\"}.bi-explicit-fill::before{content:\"´Üø\"}.bi-explicit::before{content:\"´Ü£\"}.bi-git::before{content:\"´ÜØ\"}.bi-infinity::before{content:\"´Ü×\"}.bi-list-columns-reverse::before{content:\"´Üƒ\"}.bi-list-columns::before{content:\"´Üá\"}.bi-meta::before{content:\"´Üí\"}.bi-nintendo-switch::before{content:\"´Üñ\"}.bi-pc-display-horizontal::before{content:\"´ÜÑ\"}.bi-pc-display::before{content:\"´Üª\"}.bi-pc-horizontal::before{content:\"´Üº\"}.bi-pc::before{content:\"´Ü¿\"}.bi-playstation::before{content:\"´Ü®\"}.bi-plus-slash-minus::before{content:\"´Ü¬\"}.bi-projector-fill::before{content:\"´Ü½\"}.bi-projector::before{content:\"´Ü¼\"}.bi-qr-code-scan::before{content:\"´Ü¡\"}.bi-qr-code::before{content:\"´Ü«\"}.bi-quora::before{content:\"´Ü»\"}.bi-quote::before{content:\"´Ü░\"}.bi-robot::before{content:\"´Ü▒\"}.bi-send-check-fill::before{content:\"´Ü▓\"}.bi-send-check::before{content:\"´Ü│\"}.bi-send-dash-fill::before{content:\"´Ü┤\"}.bi-send-dash::before{content:\"´ÜÁ\"}.bi-send-exclamation-fill::before{content:\"´ÜÀ\"}.bi-send-exclamation::before{content:\"´Ü©\"}.bi-send-fill::before{content:\"´Ü╣\"}.bi-send-plus-fill::before{content:\"´Ü║\"}.bi-send-plus::before{content:\"´Ü╗\"}.bi-send-slash-fill::before{content:\"´Ü╝\"}.bi-send-slash::before{content:\"´Ü¢\"}.bi-send-x-fill::before{content:\"´Ü¥\"}.bi-send-x::before{content:\"´Ü┐\"}.bi-send::before{content:\"´øÇ\"}.bi-steam::before{content:\"´øü\"}.bi-terminal-dash::before{content:\"´øâ\"}.bi-terminal-plus::before{content:\"´øä\"}.bi-terminal-split::before{content:\"´øà\"}.bi-ticket-detailed-fill::before{content:\"´øå\"}.bi-ticket-detailed::before{content:\"´øç\"}.bi-ticket-fill::before{content:\"´øê\"}.bi-ticket-perforated-fill::before{content:\"´øë\"}.bi-ticket-perforated::before{content:\"´øè\"}.bi-ticket::before{content:\"´øï\"}.bi-tiktok::before{content:\"´øî\"}.bi-window-dash::before{content:\"´øì\"}.bi-window-desktop::before{content:\"´øÄ\"}.bi-window-fullscreen::before{content:\"´øÅ\"}.bi-window-plus::before{content:\"´øÉ\"}.bi-window-split::before{content:\"´øæ\"}.bi-window-stack::before{content:\"´øÆ\"}.bi-window-x::before{content:\"´øô\"}.bi-xbox::before{content:\"´øö\"}.bi-ethernet::before{content:\"´øò\"}.bi-hdmi-fill::before{content:\"´øû\"}.bi-hdmi::before{content:\"´øù\"}.bi-usb-c-fill::before{content:\"´øÿ\"}.bi-usb-c::before{content:\"´øÖ\"}.bi-usb-fill::before{content:\"´øÜ\"}.bi-usb-plug-fill::before{content:\"´øø\"}.bi-usb-plug::before{content:\"´ø£\"}.bi-usb-symbol::before{content:\"´øØ\"}.bi-usb::before{content:\"´ø×\"}.bi-boombox-fill::before{content:\"´øƒ\"}.bi-displayport::before{content:\"´øí\"}.bi-gpu-card::before{content:\"´øó\"}.bi-memory::before{content:\"´øú\"}.bi-modem-fill::before{content:\"´øñ\"}.bi-modem::before{content:\"´øÑ\"}.bi-motherboard-fill::before{content:\"´øª\"}.bi-motherboard::before{content:\"´øº\"}.bi-optical-audio-fill::before{content:\"´ø¿\"}.bi-optical-audio::before{content:\"´ø®\"}.bi-pci-card::before{content:\"´ø¬\"}.bi-router-fill::before{content:\"´ø½\"}.bi-router::before{content:\"´ø¼\"}.bi-thunderbolt-fill::before{content:\"´ø»\"}.bi-thunderbolt::before{content:\"´ø░\"}.bi-usb-drive-fill::before{content:\"´ø▒\"}.bi-usb-drive::before{content:\"´ø▓\"}.bi-usb-micro-fill::before{content:\"´ø│\"}.bi-usb-micro::before{content:\"´ø┤\"}.bi-usb-mini-fill::before{content:\"´øÁ\"}.bi-usb-mini::before{content:\"´øÂ\"}.bi-cloud-haze2::before{content:\"´øÀ\"}.bi-device-hdd-fill::before{content:\"´ø©\"}.bi-device-hdd::before{content:\"´ø╣\"}.bi-device-ssd-fill::before{content:\"´ø║\"}.bi-device-ssd::before{content:\"´ø╗\"}.bi-displayport-fill::before{content:\"´ø╝\"}.bi-mortarboard-fill::before{content:\"´ø¢\"}.bi-mortarboard::before{content:\"´ø¥\"}.bi-terminal-x::before{content:\"´ø┐\"}.bi-arrow-through-heart-fill::before{content:\"´£Ç\"}.bi-arrow-through-heart::before{content:\"´£ü\"}.bi-badge-sd-fill::before{content:\"´£é\"}.bi-badge-sd::before{content:\"´£â\"}.bi-bag-heart-fill::before{content:\"´£ä\"}.bi-bag-heart::before{content:\"´£à\"}.bi-balloon-fill::before{content:\"´£å\"}.bi-balloon-heart-fill::before{content:\"´£ç\"}.bi-balloon-heart::before{content:\"´£ê\"}.bi-balloon::before{content:\"´£ë\"}.bi-box2-fill::before{content:\"´£è\"}.bi-box2-heart-fill::before{content:\"´£ï\"}.bi-box2-heart::before{content:\"´£î\"}.bi-box2::before{content:\"´£ì\"}.bi-braces-asterisk::before{content:\"´£Ä\"}.bi-calendar-heart-fill::before{content:\"´£Å\"}.bi-calendar-heart::before{content:\"´£É\"}.bi-calendar2-heart-fill::before{content:\"´£æ\"}.bi-calendar2-heart::before{content:\"´£Æ\"}.bi-chat-heart-fill::before{content:\"´£ô\"}.bi-chat-heart::before{content:\"´£ö\"}.bi-chat-left-heart-fill::before{content:\"´£ò\"}.bi-chat-left-heart::before{content:\"´£û\"}.bi-chat-right-heart-fill::before{content:\"´£ù\"}.bi-chat-right-heart::before{content:\"´£ÿ\"}.bi-chat-square-heart-fill::before{content:\"´£Ö\"}.bi-chat-square-heart::before{content:\"´£Ü\"}.bi-clipboard-check-fill::before{content:\"´£ø\"}.bi-clipboard-data-fill::before{content:\"´££\"}.bi-clipboard-fill::before{content:\"´£Ø\"}.bi-clipboard-heart-fill::before{content:\"´£×\"}.bi-clipboard-heart::before{content:\"´£ƒ\"}.bi-clipboard-minus-fill::before{content:\"´£á\"}.bi-clipboard-plus-fill::before{content:\"´£í\"}.bi-clipboard-pulse::before{content:\"´£ó\"}.bi-clipboard-x-fill::before{content:\"´£ú\"}.bi-clipboard2-check-fill::before{content:\"´£ñ\"}.bi-clipboard2-check::before{content:\"´£Ñ\"}.bi-clipboard2-data-fill::before{content:\"´£ª\"}.bi-clipboard2-data::before{content:\"´£º\"}.bi-clipboard2-fill::before{content:\"´£¿\"}.bi-clipboard2-heart-fill::before{content:\"´£®\"}.bi-clipboard2-heart::before{content:\"´£¬\"}.bi-clipboard2-minus-fill::before{content:\"´£½\"}.bi-clipboard2-minus::before{content:\"´£¼\"}.bi-clipboard2-plus-fill::before{content:\"´£¡\"}.bi-clipboard2-plus::before{content:\"´£«\"}.bi-clipboard2-pulse-fill::before{content:\"´£»\"}.bi-clipboard2-pulse::before{content:\"´£░\"}.bi-clipboard2-x-fill::before{content:\"´£▒\"}.bi-clipboard2-x::before{content:\"´£▓\"}.bi-clipboard2::before{content:\"´£│\"}.bi-emoji-kiss-fill::before{content:\"´£┤\"}.bi-emoji-kiss::before{content:\"´£Á\"}.bi-envelope-heart-fill::before{content:\"´£Â\"}.bi-envelope-heart::before{content:\"´£À\"}.bi-envelope-open-heart-fill::before{content:\"´£©\"}.bi-envelope-open-heart::before{content:\"´£╣\"}.bi-envelope-paper-fill::before{content:\"´£║\"}.bi-envelope-paper-heart-fill::before{content:\"´£╗\"}.bi-envelope-paper-heart::before{content:\"´£╝\"}.bi-envelope-paper::before{content:\"´£¢\"}.bi-filetype-aac::before{content:\"´£¥\"}.bi-filetype-ai::before{content:\"´£┐\"}.bi-filetype-bmp::before{content:\"´ØÇ\"}.bi-filetype-cs::before{content:\"´Øü\"}.bi-filetype-css::before{content:\"´Øé\"}.bi-filetype-csv::before{content:\"´Øâ\"}.bi-filetype-doc::before{content:\"´Øä\"}.bi-filetype-docx::before{content:\"´Øà\"}.bi-filetype-exe::before{content:\"´Øå\"}.bi-filetype-gif::before{content:\"´Øç\"}.bi-filetype-heic::before{content:\"´Øê\"}.bi-filetype-html::before{content:\"´Øë\"}.bi-filetype-java::before{content:\"´Øè\"}.bi-filetype-jpg::before{content:\"´Øï\"}.bi-filetype-js::before{content:\"´Øî\"}.bi-filetype-jsx::before{content:\"´Øì\"}.bi-filetype-key::before{content:\"´ØÄ\"}.bi-filetype-m4p::before{content:\"´ØÅ\"}.bi-filetype-md::before{content:\"´ØÉ\"}.bi-filetype-mdx::before{content:\"´Øæ\"}.bi-filetype-mov::before{content:\"´ØÆ\"}.bi-filetype-mp3::before{content:\"´Øô\"}.bi-filetype-mp4::before{content:\"´Øö\"}.bi-filetype-otf::before{content:\"´Øò\"}.bi-filetype-pdf::before{content:\"´Øû\"}.bi-filetype-php::before{content:\"´Øù\"}.bi-filetype-png::before{content:\"´Øÿ\"}.bi-filetype-ppt::before{content:\"´ØÜ\"}.bi-filetype-psd::before{content:\"´Øø\"}.bi-filetype-py::before{content:\"´Ø£\"}.bi-filetype-raw::before{content:\"´ØØ\"}.bi-filetype-rb::before{content:\"´Ø×\"}.bi-filetype-sass::before{content:\"´Øƒ\"}.bi-filetype-scss::before{content:\"´Øá\"}.bi-filetype-sh::before{content:\"´Øí\"}.bi-filetype-svg::before{content:\"´Øó\"}.bi-filetype-tiff::before{content:\"´Øú\"}.bi-filetype-tsx::before{content:\"´Øñ\"}.bi-filetype-ttf::before{content:\"´ØÑ\"}.bi-filetype-txt::before{content:\"´Øª\"}.bi-filetype-wav::before{content:\"´Øº\"}.bi-filetype-woff::before{content:\"´Ø¿\"}.bi-filetype-xls::before{content:\"´Ø¬\"}.bi-filetype-xml::before{content:\"´Ø½\"}.bi-filetype-yml::before{content:\"´Ø¼\"}.bi-heart-arrow::before{content:\"´Ø¡\"}.bi-heart-pulse-fill::before{content:\"´Ø«\"}.bi-heart-pulse::before{content:\"´Ø»\"}.bi-heartbreak-fill::before{content:\"´Ø░\"}.bi-heartbreak::before{content:\"´Ø▒\"}.bi-hearts::before{content:\"´Ø▓\"}.bi-hospital-fill::before{content:\"´Ø│\"}.bi-hospital::before{content:\"´Ø┤\"}.bi-house-heart-fill::before{content:\"´ØÁ\"}.bi-house-heart::before{content:\"´ØÂ\"}.bi-incognito::before{content:\"´ØÀ\"}.bi-magnet-fill::before{content:\"´Ø©\"}.bi-magnet::before{content:\"´Ø╣\"}.bi-person-heart::before{content:\"´Ø║\"}.bi-person-hearts::before{content:\"´Ø╗\"}.bi-phone-flip::before{content:\"´Ø╝\"}.bi-plugin::before{content:\"´Ø¢\"}.bi-postage-fill::before{content:\"´Ø¥\"}.bi-postage-heart-fill::before{content:\"´Ø┐\"}.bi-postage-heart::before{content:\"´×Ç\"}.bi-postage::before{content:\"´×ü\"}.bi-postcard-fill::before{content:\"´×é\"}.bi-postcard-heart-fill::before{content:\"´×â\"}.bi-postcard-heart::before{content:\"´×ä\"}.bi-postcard::before{content:\"´×à\"}.bi-search-heart-fill::before{content:\"´×å\"}.bi-search-heart::before{content:\"´×ç\"}.bi-sliders2-vertical::before{content:\"´×ê\"}.bi-sliders2::before{content:\"´×ë\"}.bi-trash3-fill::before{content:\"´×è\"}.bi-trash3::before{content:\"´×ï\"}.bi-valentine::before{content:\"´×î\"}.bi-valentine2::before{content:\"´×ì\"}.bi-wrench-adjustable-circle-fill::before{content:\"´×Ä\"}.bi-wrench-adjustable-circle::before{content:\"´×Å\"}.bi-wrench-adjustable::before{content:\"´×É\"}.bi-filetype-json::before{content:\"´×æ\"}.bi-filetype-pptx::before{content:\"´×Æ\"}.bi-filetype-xlsx::before{content:\"´×ô\"}.bi-1-circle-fill::before{content:\"´×û\"}.bi-1-circle::before{content:\"´×ù\"}.bi-1-square-fill::before{content:\"´×ÿ\"}.bi-1-square::before{content:\"´×Ö\"}.bi-2-circle-fill::before{content:\"´×£\"}.bi-2-circle::before{content:\"´×Ø\"}.bi-2-square-fill::before{content:\"´××\"}.bi-2-square::before{content:\"´×ƒ\"}.bi-3-circle-fill::before{content:\"´×ó\"}.bi-3-circle::before{content:\"´×ú\"}.bi-3-square-fill::before{content:\"´×ñ\"}.bi-3-square::before{content:\"´×Ñ\"}.bi-4-circle-fill::before{content:\"´×¿\"}.bi-4-circle::before{content:\"´×®\"}.bi-4-square-fill::before{content:\"´×¬\"}.bi-4-square::before{content:\"´×½\"}.bi-5-circle-fill::before{content:\"´×«\"}.bi-5-circle::before{content:\"´×»\"}.bi-5-square-fill::before{content:\"´×░\"}.bi-5-square::before{content:\"´×▒\"}.bi-6-circle-fill::before{content:\"´×┤\"}.bi-6-circle::before{content:\"´×Á\"}.bi-6-square-fill::before{content:\"´×Â\"}.bi-6-square::before{content:\"´×À\"}.bi-7-circle-fill::before{content:\"´×║\"}.bi-7-circle::before{content:\"´×╗\"}.bi-7-square-fill::before{content:\"´×╝\"}.bi-7-square::before{content:\"´×¢\"}.bi-8-circle-fill::before{content:\"´ƒÇ\"}.bi-8-circle::before{content:\"´ƒü\"}.bi-8-square-fill::before{content:\"´ƒé\"}.bi-8-square::before{content:\"´ƒâ\"}.bi-9-circle-fill::before{content:\"´ƒå\"}.bi-9-circle::before{content:\"´ƒç\"}.bi-9-square-fill::before{content:\"´ƒê\"}.bi-9-square::before{content:\"´ƒë\"}.bi-airplane-engines-fill::before{content:\"´ƒè\"}.bi-airplane-engines::before{content:\"´ƒï\"}.bi-airplane-fill::before{content:\"´ƒî\"}.bi-airplane::before{content:\"´ƒì\"}.bi-alexa::before{content:\"´ƒÄ\"}.bi-alipay::before{content:\"´ƒÅ\"}.bi-android::before{content:\"´ƒÉ\"}.bi-android2::before{content:\"´ƒæ\"}.bi-box-fill::before{content:\"´ƒÆ\"}.bi-box-seam-fill::before{content:\"´ƒô\"}.bi-browser-chrome::before{content:\"´ƒö\"}.bi-browser-edge::before{content:\"´ƒò\"}.bi-browser-firefox::before{content:\"´ƒû\"}.bi-browser-safari::before{content:\"´ƒù\"}.bi-c-circle-fill::before{content:\"´ƒÜ\"}.bi-c-circle::before{content:\"´ƒø\"}.bi-c-square-fill::before{content:\"´ƒ£\"}.bi-c-square::before{content:\"´ƒØ\"}.bi-capsule-pill::before{content:\"´ƒ×\"}.bi-capsule::before{content:\"´ƒƒ\"}.bi-car-front-fill::before{content:\"´ƒá\"}.bi-car-front::before{content:\"´ƒí\"}.bi-cassette-fill::before{content:\"´ƒó\"}.bi-cassette::before{content:\"´ƒú\"}.bi-cc-circle-fill::before{content:\"´ƒª\"}.bi-cc-circle::before{content:\"´ƒº\"}.bi-cc-square-fill::before{content:\"´ƒ¿\"}.bi-cc-square::before{content:\"´ƒ®\"}.bi-cup-hot-fill::before{content:\"´ƒ¬\"}.bi-cup-hot::before{content:\"´ƒ½\"}.bi-currency-rupee::before{content:\"´ƒ¼\"}.bi-dropbox::before{content:\"´ƒ¡\"}.bi-escape::before{content:\"´ƒ«\"}.bi-fast-forward-btn-fill::before{content:\"´ƒ»\"}.bi-fast-forward-btn::before{content:\"´ƒ░\"}.bi-fast-forward-circle-fill::before{content:\"´ƒ▒\"}.bi-fast-forward-circle::before{content:\"´ƒ▓\"}.bi-fast-forward-fill::before{content:\"´ƒ│\"}.bi-fast-forward::before{content:\"´ƒ┤\"}.bi-filetype-sql::before{content:\"´ƒÁ\"}.bi-fire::before{content:\"´ƒÂ\"}.bi-google-play::before{content:\"´ƒÀ\"}.bi-h-circle-fill::before{content:\"´ƒ║\"}.bi-h-circle::before{content:\"´ƒ╗\"}.bi-h-square-fill::before{content:\"´ƒ╝\"}.bi-h-square::before{content:\"´ƒ¢\"}.bi-indent::before{content:\"´ƒ¥\"}.bi-lungs-fill::before{content:\"´ƒ┐\"}.bi-lungs::before{content:\"´áÇ\"}.bi-microsoft-teams::before{content:\"´áü\"}.bi-p-circle-fill::before{content:\"´áä\"}.bi-p-circle::before{content:\"´áà\"}.bi-p-square-fill::before{content:\"´áå\"}.bi-p-square::before{content:\"´áç\"}.bi-pass-fill::before{content:\"´áê\"}.bi-pass::before{content:\"´áë\"}.bi-prescription::before{content:\"´áè\"}.bi-prescription2::before{content:\"´áï\"}.bi-r-circle-fill::before{content:\"´áÄ\"}.bi-r-circle::before{content:\"´áÅ\"}.bi-r-square-fill::before{content:\"´áÉ\"}.bi-r-square::before{content:\"´áæ\"}.bi-repeat-1::before{content:\"´áÆ\"}.bi-repeat::before{content:\"´áô\"}.bi-rewind-btn-fill::before{content:\"´áö\"}.bi-rewind-btn::before{content:\"´áò\"}.bi-rewind-circle-fill::before{content:\"´áû\"}.bi-rewind-circle::before{content:\"´áù\"}.bi-rewind-fill::before{content:\"´áÿ\"}.bi-rewind::before{content:\"´áÖ\"}.bi-train-freight-front-fill::before{content:\"´áÜ\"}.bi-train-freight-front::before{content:\"´áø\"}.bi-train-front-fill::before{content:\"´á£\"}.bi-train-front::before{content:\"´áØ\"}.bi-train-lightrail-front-fill::before{content:\"´á×\"}.bi-train-lightrail-front::before{content:\"´áƒ\"}.bi-truck-front-fill::before{content:\"´áá\"}.bi-truck-front::before{content:\"´áí\"}.bi-ubuntu::before{content:\"´áó\"}.bi-unindent::before{content:\"´áú\"}.bi-unity::before{content:\"´áñ\"}.bi-universal-access-circle::before{content:\"´áÑ\"}.bi-universal-access::before{content:\"´áª\"}.bi-virus::before{content:\"´áº\"}.bi-virus2::before{content:\"´á¿\"}.bi-wechat::before{content:\"´á®\"}.bi-yelp::before{content:\"´á¬\"}.bi-sign-stop-fill::before{content:\"´á½\"}.bi-sign-stop-lights-fill::before{content:\"´á¼\"}.bi-sign-stop-lights::before{content:\"´á¡\"}.bi-sign-stop::before{content:\"´á«\"}.bi-sign-turn-left-fill::before{content:\"´á»\"}.bi-sign-turn-left::before{content:\"´á░\"}.bi-sign-turn-right-fill::before{content:\"´á▒\"}.bi-sign-turn-right::before{content:\"´á▓\"}.bi-sign-turn-slight-left-fill::before{content:\"´á│\"}.bi-sign-turn-slight-left::before{content:\"´á┤\"}.bi-sign-turn-slight-right-fill::before{content:\"´áÁ\"}.bi-sign-turn-slight-right::before{content:\"´áÂ\"}.bi-sign-yield-fill::before{content:\"´áÀ\"}.bi-sign-yield::before{content:\"´á©\"}.bi-ev-station-fill::before{content:\"´á╣\"}.bi-ev-station::before{content:\"´á║\"}.bi-fuel-pump-diesel-fill::before{content:\"´á╗\"}.bi-fuel-pump-diesel::before{content:\"´á╝\"}.bi-fuel-pump-fill::before{content:\"´á¢\"}.bi-fuel-pump::before{content:\"´á¥\"}.bi-0-circle-fill::before{content:\"´á┐\"}.bi-0-circle::before{content:\"´íÇ\"}.bi-0-square-fill::before{content:\"´íü\"}.bi-0-square::before{content:\"´íé\"}.bi-rocket-fill::before{content:\"´íâ\"}.bi-rocket-takeoff-fill::before{content:\"´íä\"}.bi-rocket-takeoff::before{content:\"´íà\"}.bi-rocket::before{content:\"´íå\"}.bi-stripe::before{content:\"´íç\"}.bi-subscript::before{content:\"´íê\"}.bi-superscript::before{content:\"´íë\"}.bi-trello::before{content:\"´íè\"}.bi-envelope-at-fill::before{content:\"´íï\"}.bi-envelope-at::before{content:\"´íî\"}.bi-regex::before{content:\"´íì\"}.bi-text-wrap::before{content:\"´íÄ\"}.bi-sign-dead-end-fill::before{content:\"´íÅ\"}.bi-sign-dead-end::before{content:\"´íÉ\"}.bi-sign-do-not-enter-fill::before{content:\"´íæ\"}.bi-sign-do-not-enter::before{content:\"´íÆ\"}.bi-sign-intersection-fill::before{content:\"´íô\"}.bi-sign-intersection-side-fill::before{content:\"´íö\"}.bi-sign-intersection-side::before{content:\"´íò\"}.bi-sign-intersection-t-fill::before{content:\"´íû\"}.bi-sign-intersection-t::before{content:\"´íù\"}.bi-sign-intersection-y-fill::before{content:\"´íÿ\"}.bi-sign-intersection-y::before{content:\"´íÖ\"}.bi-sign-intersection::before{content:\"´íÜ\"}.bi-sign-merge-left-fill::before{content:\"´íø\"}.bi-sign-merge-left::before{content:\"´í£\"}.bi-sign-merge-right-fill::before{content:\"´íØ\"}.bi-sign-merge-right::before{content:\"´í×\"}.bi-sign-no-left-turn-fill::before{content:\"´íƒ\"}.bi-sign-no-left-turn::before{content:\"´íá\"}.bi-sign-no-parking-fill::before{content:\"´íí\"}.bi-sign-no-parking::before{content:\"´íó\"}.bi-sign-no-right-turn-fill::before{content:\"´íú\"}.bi-sign-no-right-turn::before{content:\"´íñ\"}.bi-sign-railroad-fill::before{content:\"´íÑ\"}.bi-sign-railroad::before{content:\"´íª\"}.bi-building-add::before{content:\"´íº\"}.bi-building-check::before{content:\"´í¿\"}.bi-building-dash::before{content:\"´í®\"}.bi-building-down::before{content:\"´í¬\"}.bi-building-exclamation::before{content:\"´í½\"}.bi-building-fill-add::before{content:\"´í¼\"}.bi-building-fill-check::before{content:\"´í¡\"}.bi-building-fill-dash::before{content:\"´í«\"}.bi-building-fill-down::before{content:\"´í»\"}.bi-building-fill-exclamation::before{content:\"´í░\"}.bi-building-fill-gear::before{content:\"´í▒\"}.bi-building-fill-lock::before{content:\"´í▓\"}.bi-building-fill-slash::before{content:\"´í│\"}.bi-building-fill-up::before{content:\"´í┤\"}.bi-building-fill-x::before{content:\"´íÁ\"}.bi-building-fill::before{content:\"´íÂ\"}.bi-building-gear::before{content:\"´íÀ\"}.bi-building-lock::before{content:\"´í©\"}.bi-building-slash::before{content:\"´í╣\"}.bi-building-up::before{content:\"´í║\"}.bi-building-x::before{content:\"´í╗\"}.bi-buildings-fill::before{content:\"´í╝\"}.bi-buildings::before{content:\"´í¢\"}.bi-bus-front-fill::before{content:\"´í¥\"}.bi-bus-front::before{content:\"´í┐\"}.bi-ev-front-fill::before{content:\"´óÇ\"}.bi-ev-front::before{content:\"´óü\"}.bi-globe-americas::before{content:\"´óé\"}.bi-globe-asia-australia::before{content:\"´óâ\"}.bi-globe-central-south-asia::before{content:\"´óä\"}.bi-globe-europe-africa::before{content:\"´óà\"}.bi-house-add-fill::before{content:\"´óå\"}.bi-house-add::before{content:\"´óç\"}.bi-house-check-fill::before{content:\"´óê\"}.bi-house-check::before{content:\"´óë\"}.bi-house-dash-fill::before{content:\"´óè\"}.bi-house-dash::before{content:\"´óï\"}.bi-house-down-fill::before{content:\"´óî\"}.bi-house-down::before{content:\"´óì\"}.bi-house-exclamation-fill::before{content:\"´óÄ\"}.bi-house-exclamation::before{content:\"´óÅ\"}.bi-house-gear-fill::before{content:\"´óÉ\"}.bi-house-gear::before{content:\"´óæ\"}.bi-house-lock-fill::before{content:\"´óÆ\"}.bi-house-lock::before{content:\"´óô\"}.bi-house-slash-fill::before{content:\"´óö\"}.bi-house-slash::before{content:\"´óò\"}.bi-house-up-fill::before{content:\"´óû\"}.bi-house-up::before{content:\"´óù\"}.bi-house-x-fill::before{content:\"´óÿ\"}.bi-house-x::before{content:\"´óÖ\"}.bi-person-add::before{content:\"´óÜ\"}.bi-person-down::before{content:\"´óø\"}.bi-person-exclamation::before{content:\"´ó£\"}.bi-person-fill-add::before{content:\"´óØ\"}.bi-person-fill-check::before{content:\"´ó×\"}.bi-person-fill-dash::before{content:\"´óƒ\"}.bi-person-fill-down::before{content:\"´óá\"}.bi-person-fill-exclamation::before{content:\"´óí\"}.bi-person-fill-gear::before{content:\"´óó\"}.bi-person-fill-lock::before{content:\"´óú\"}.bi-person-fill-slash::before{content:\"´óñ\"}.bi-person-fill-up::before{content:\"´óÑ\"}.bi-person-fill-x::before{content:\"´óª\"}.bi-person-gear::before{content:\"´óº\"}.bi-person-lock::before{content:\"´ó¿\"}.bi-person-slash::before{content:\"´ó®\"}.bi-person-up::before{content:\"´ó¬\"}.bi-scooter::before{content:\"´ó½\"}.bi-taxi-front-fill::before{content:\"´ó¼\"}.bi-taxi-front::before{content:\"´ó¡\"}.bi-amd::before{content:\"´ó«\"}.bi-database-add::before{content:\"´ó»\"}.bi-database-check::before{content:\"´ó░\"}.bi-database-dash::before{content:\"´ó▒\"}.bi-database-down::before{content:\"´ó▓\"}.bi-database-exclamation::before{content:\"´ó│\"}.bi-database-fill-add::before{content:\"´ó┤\"}.bi-database-fill-check::before{content:\"´óÁ\"}.bi-database-fill-dash::before{content:\"´óÂ\"}.bi-database-fill-down::before{content:\"´óÀ\"}.bi-database-fill-exclamation::before{content:\"´ó©\"}.bi-database-fill-gear::before{content:\"´ó╣\"}.bi-database-fill-lock::before{content:\"´ó║\"}.bi-database-fill-slash::before{content:\"´ó╗\"}.bi-database-fill-up::before{content:\"´ó╝\"}.bi-database-fill-x::before{content:\"´ó¢\"}.bi-database-fill::before{content:\"´ó¥\"}.bi-database-gear::before{content:\"´ó┐\"}.bi-database-lock::before{content:\"´úÇ\"}.bi-database-slash::before{content:\"´úü\"}.bi-database-up::before{content:\"´úé\"}.bi-database-x::before{content:\"´úâ\"}.bi-database::before{content:\"´úä\"}.bi-houses-fill::before{content:\"´úà\"}.bi-houses::before{content:\"´úå\"}.bi-nvidia::before{content:\"´úç\"}.bi-person-vcard-fill::before{content:\"´úê\"}.bi-person-vcard::before{content:\"´úë\"}.bi-sina-weibo::before{content:\"´úè\"}.bi-tencent-qq::before{content:\"´úï\"}.bi-wikipedia::before{content:\"´úî\"}.bi-alphabet-uppercase::before{content:\"´èÑ\"}.bi-alphabet::before{content:\"´Üè\"}.bi-amazon::before{content:\"´Üì\"}.bi-arrows-collapse-vertical::before{content:\"´ÜÉ\"}.bi-arrows-expand-vertical::before{content:\"´Üò\"}.bi-arrows-vertical::before{content:\"´Üÿ\"}.bi-arrows::before{content:\"´Üó\"}.bi-ban-fill::before{content:\"´Üú\"}.bi-ban::before{content:\"´ÜÂ\"}.bi-bing::before{content:\"´øé\"}.bi-cake::before{content:\"´øá\"}.bi-cake2::before{content:\"´ø¡\"}.bi-cookie::before{content:\"´ø«\"}.bi-copy::before{content:\"´ØÖ\"}.bi-crosshair::before{content:\"´Ø®\"}.bi-crosshair2::before{content:\"´×ö\"}.bi-emoji-astonished-fill::before{content:\"´×ò\"}.bi-emoji-astonished::before{content:\"´×Ü\"}.bi-emoji-grimace-fill::before{content:\"´×ø\"}.bi-emoji-grimace::before{content:\"´×á\"}.bi-emoji-grin-fill::before{content:\"´×í\"}.bi-emoji-grin::before{content:\"´×ª\"}.bi-emoji-surprise-fill::before{content:\"´×º\"}.bi-emoji-surprise::before{content:\"´×¼\"}.bi-emoji-tear-fill::before{content:\"´×¡\"}.bi-emoji-tear::before{content:\"´×▓\"}.bi-envelope-arrow-down-fill::before{content:\"´×│\"}.bi-envelope-arrow-down::before{content:\"´×©\"}.bi-envelope-arrow-up-fill::before{content:\"´×╣\"}.bi-envelope-arrow-up::before{content:\"´×¥\"}.bi-feather::before{content:\"´×┐\"}.bi-feather2::before{content:\"´ƒä\"}.bi-floppy-fill::before{content:\"´ƒà\"}.bi-floppy::before{content:\"´ƒÿ\"}.bi-floppy2-fill::before{content:\"´ƒÖ\"}.bi-floppy2::before{content:\"´ƒñ\"}.bi-gitlab::before{content:\"´ƒÑ\"}.bi-highlighter::before{content:\"´ƒ©\"}.bi-marker-tip::before{content:\"´áé\"}.bi-nvme-fill::before{content:\"´áâ\"}.bi-nvme::before{content:\"´áî\"}.bi-opencollective::before{content:\"´áì\"}.bi-pci-card-network::before{content:\"´úì\"}.bi-pci-card-sound::before{content:\"´úÄ\"}.bi-radar::before{content:\"´úÅ\"}.bi-send-arrow-down-fill::before{content:\"´úÉ\"}.bi-send-arrow-down::before{content:\"´úæ\"}.bi-send-arrow-up-fill::before{content:\"´úÆ\"}.bi-send-arrow-up::before{content:\"´úô\"}.bi-sim-slash-fill::before{content:\"´úö\"}.bi-sim-slash::before{content:\"´úò\"}.bi-sourceforge::before{content:\"´úû\"}.bi-substack::before{content:\"´úù\"}.bi-threads-fill::before{content:\"´úÿ\"}.bi-threads::before{content:\"´úÖ\"}.bi-transparency::before{content:\"´úÜ\"}.bi-twitter-x::before{content:\"´úø\"}.bi-type-h4::before{content:\"´ú£\"}.bi-type-h5::before{content:\"´úØ\"}.bi-type-h6::before{content:\"´ú×\"}.bi-backpack-fill::before{content:\"´úƒ\"}.bi-backpack::before{content:\"´úá\"}.bi-backpack2-fill::before{content:\"´úí\"}.bi-backpack2::before{content:\"´úó\"}.bi-backpack3-fill::before{content:\"´úú\"}.bi-backpack3::before{content:\"´úñ\"}.bi-backpack4-fill::before{content:\"´úÑ\"}.bi-backpack4::before{content:\"´úª\"}.bi-brilliance::before{content:\"´úº\"}.bi-cake-fill::before{content:\"´ú¿\"}.bi-cake2-fill::before{content:\"´ú®\"}.bi-duffle-fill::before{content:\"´ú¬\"}.bi-duffle::before{content:\"´ú½\"}.bi-exposure::before{content:\"´ú¼\"}.bi-gender-neuter::before{content:\"´ú¡\"}.bi-highlights::before{content:\"´ú«\"}.bi-luggage-fill::before{content:\"´ú»\"}.bi-luggage::before{content:\"´ú░\"}.bi-mailbox-flag::before{content:\"´ú▒\"}.bi-mailbox2-flag::before{content:\"´ú▓\"}.bi-noise-reduction::before{content:\"´ú│\"}.bi-passport-fill::before{content:\"´ú┤\"}.bi-passport::before{content:\"´úÁ\"}.bi-person-arms-up::before{content:\"´úÂ\"}.bi-person-raised-hand::before{content:\"´úÀ\"}.bi-person-standing-dress::before{content:\"´ú©\"}.bi-person-standing::before{content:\"´ú╣\"}.bi-person-walking::before{content:\"´ú║\"}.bi-person-wheelchair::before{content:\"´ú╗\"}.bi-shadows::before{content:\"´ú╝\"}.bi-suitcase-fill::before{content:\"´ú¢\"}.bi-suitcase-lg-fill::before{content:\"´ú¥\"}.bi-suitcase-lg::before{content:\"´ú┐\"}.bi-suitcase::before{content:\"´ñÇ\"}.bi-suitcase2-fill::before{content:\"´ñü\"}.bi-suitcase2::before{content:\"´ñé\"}.bi-vignette::before{content:\"´ñâ\"}.bi-bluesky::before{content:\"´ƒ╣\"}.bi-tux::before{content:\"´ñä\"}.bi-beaker-fill::before{content:\"´ñà\"}.bi-beaker::before{content:\"´ñå\"}.bi-flask-fill::before{content:\"´ñç\"}.bi-flask-florence-fill::before{content:\"´ñê\"}.bi-flask-florence::before{content:\"´ñë\"}.bi-flask::before{content:\"´ñè\"}.bi-leaf-fill::before{content:\"´ñï\"}.bi-leaf::before{content:\"´ñî\"}.bi-measuring-cup-fill::before{content:\"´ñì\"}.bi-measuring-cup::before{content:\"´ñÄ\"}.bi-unlock2-fill::before{content:\"´ñÅ\"}.bi-unlock2::before{content:\"´ñÉ\"}.bi-battery-low::before{content:\"´ñæ\"}.bi-anthropic::before{content:\"´ñÆ\"}.bi-apple-music::before{content:\"´ñô\"}.bi-claude::before{content:\"´ñö\"}.bi-openai::before{content:\"´ñò\"}.bi-perplexity::before{content:\"´ñû\"}.bi-css::before{content:\"´ñù\"}.bi-javascript::before{content:\"´ñÿ\"}.bi-typescript::before{content:\"´ñÖ\"}.bi-fork-knife::before{content:\"´ñÜ\"}.bi-globe-americas-fill::before{content:\"´ñø\"}.bi-globe-asia-australia-fill::before{content:\"´ñ£\"}.bi-globe-central-south-asia-fill::before{content:\"´ñØ\"}.bi-globe-europe-africa-fill::before{content:\"´ñ×\"}.avatar{width:40px;height:40px}.avatar-lg{width:64px;height:64px}.avatar-title{display:flex;width:100%;height:100%;align-items:center;justify-content:center;color:#003876}.btn .feather{width:14px;height:14px}.btn-aqua,.btn-aqua:focus,.btn-aqua.focus,.btn-aqua.disabled,.btn-aqua:disabled,.show>.btn-aqua.dropdown-toggle{color:#fff}.btn-aqua:hover:not(:disabled):not(.disabled),.btn-aqua.hover:not(:disabled):not(.disabled){color:#fff}.btn-beige,.btn-beige:focus,.btn-beige.focus,.btn-beige.disabled,.btn-beige:disabled,.show>.btn-beige.dropdown-toggle{color:#fff}.btn-beige:hover:not(:disabled):not(.disabled),.btn-beige.hover:not(:disabled):not(.disabled){color:#fff}.btn-bisque,.btn-bisque:focus,.btn-bisque.focus,.btn-bisque.disabled,.btn-bisque:disabled,.show>.btn-bisque.dropdown-toggle{color:#fff}.btn-bisque:hover:not(:disabled):not(.disabled),.btn-bisque.hover:not(:disabled):not(.disabled){color:#fff}.btn-black,.btn-black:focus,.btn-black.focus,.btn-black.disabled,.btn-black:disabled,.show>.btn-black.dropdown-toggle{color:#fff}.btn-black:hover:not(:disabled):not(.disabled),.btn-black.hover:not(:disabled):not(.disabled){color:#fff}.btn-blue,.btn-blue:focus,.btn-blue.focus,.btn-blue.disabled,.btn-blue:disabled,.show>.btn-blue.dropdown-toggle{color:#fff}.btn-blue:hover:not(:disabled):not(.disabled),.btn-blue.hover:not(:disabled):not(.disabled){color:#fff}.btn-blueviolet,.btn-blueviolet:focus,.btn-blueviolet.focus,.btn-blueviolet.disabled,.btn-blueviolet:disabled,.show>.btn-blueviolet.dropdown-toggle{color:#fff}.btn-blueviolet:hover:not(:disabled):not(.disabled),.btn-blueviolet.hover:not(:disabled):not(.disabled){color:#fff}.btn-brown,.btn-brown:focus,.btn-brown.focus,.btn-brown.disabled,.btn-brown:disabled,.show>.btn-brown.dropdown-toggle{color:#fff}.btn-brown:hover:not(:disabled):not(.disabled),.btn-brown.hover:not(:disabled):not(.disabled){color:#fff}.btn-burly,.btn-burly:focus,.btn-burly.focus,.btn-burly.disabled,.btn-burly:disabled,.show>.btn-burly.dropdown-toggle{color:#fff}.btn-burly:hover:not(:disabled):not(.disabled),.btn-burly.hover:not(:disabled):not(.disabled){color:#fff}.btn-cadet,.btn-cadet:focus,.btn-cadet.focus,.btn-cadet.disabled,.btn-cadet:disabled,.show>.btn-cadet.dropdown-toggle{color:#fff}.btn-cadet:hover:not(:disabled):not(.disabled),.btn-cadet.hover:not(:disabled):not(.disabled){color:#fff}.btn-charcoal,.btn-charcoal:focus,.btn-charcoal.focus,.btn-charcoal.disabled,.btn-charcoal:disabled,.show>.btn-charcoal.dropdown-toggle{color:#fff}.btn-charcoal:hover:not(:disabled):not(.disabled),.btn-charcoal.hover:not(:disabled):not(.disabled){color:#fff}.btn-chocolate,.btn-chocolate:focus,.btn-chocolate.focus,.btn-chocolate.disabled,.btn-chocolate:disabled,.show>.btn-chocolate.dropdown-toggle{color:#fff}.btn-chocolate:hover:not(:disabled):not(.disabled),.btn-chocolate.hover:not(:disabled):not(.disabled){color:#fff}.btn-coral,.btn-coral:focus,.btn-coral.focus,.btn-coral.disabled,.btn-coral:disabled,.show>.btn-coral.dropdown-toggle{color:#fff}.btn-coral:hover:not(:disabled):not(.disabled),.btn-coral.hover:not(:disabled):not(.disabled){color:#fff}.btn-crimson,.btn-crimson:focus,.btn-crimson.focus,.btn-crimson.disabled,.btn-crimson:disabled,.show>.btn-crimson.dropdown-toggle{color:#fff}.btn-crimson:hover:not(:disabled):not(.disabled),.btn-crimson.hover:not(:disabled):not(.disabled){color:#fff}.btn-cyan,.btn-cyan:focus,.btn-cyan.focus,.btn-cyan.disabled,.btn-cyan:disabled,.show>.btn-cyan.dropdown-toggle{color:#fff}.btn-cyan:hover:not(:disabled):not(.disabled),.btn-cyan.hover:not(:disabled):not(.disabled){color:#fff}.btn-danger,.btn-danger:focus,.btn-danger.focus,.btn-danger.disabled,.btn-danger:disabled,.show>.btn-danger.dropdown-toggle{color:#fff}.btn-danger:hover:not(:disabled):not(.disabled),.btn-danger.hover:not(:disabled):not(.disabled){color:#fff}.btn-dark,.btn-dark:focus,.btn-dark.focus,.btn-dark.disabled,.btn-dark:disabled,.show>.btn-dark.dropdown-toggle{color:#fff}.btn-dark:hover:not(:disabled):not(.disabled),.btn-dark.hover:not(:disabled):not(.disabled){color:#fff}.btn-deep,.btn-deep:focus,.btn-deep.focus,.btn-deep.disabled,.btn-deep:disabled,.show>.btn-deep.dropdown-toggle{color:#fff}.btn-deep:hover:not(:disabled):not(.disabled),.btn-deep.hover:not(:disabled):not(.disabled){color:#fff}.btn-dodger,.btn-dodger:focus,.btn-dodger.focus,.btn-dodger.disabled,.btn-dodger:disabled,.show>.btn-dodger.dropdown-toggle{color:#fff}.btn-dodger:hover:not(:disabled):not(.disabled),.btn-dodger.hover:not(:disabled):not(.disabled){color:#fff}.btn-fire,.btn-fire:focus,.btn-fire.focus,.btn-fire.disabled,.btn-fire:disabled,.show>.btn-fire.dropdown-toggle{color:#fff}.btn-fire:hover:not(:disabled):not(.disabled),.btn-fire.hover:not(:disabled):not(.disabled){color:#fff}.btn-gold,.btn-gold:focus,.btn-gold.focus,.btn-gold.disabled,.btn-gold:disabled,.show>.btn-gold.dropdown-toggle{color:#fff}.btn-gold:hover:not(:disabled):not(.disabled),.btn-gold.hover:not(:disabled):not(.disabled){color:#fff}.btn-goldenrod,.btn-goldenrod:focus,.btn-goldenrod.focus,.btn-goldenrod.disabled,.btn-goldenrod:disabled,.show>.btn-goldenrod.dropdown-toggle{color:#fff}.btn-goldenrod:hover:not(:disabled):not(.disabled),.btn-goldenrod.hover:not(:disabled):not(.disabled){color:#fff}.btn-gray,.btn-gray:focus,.btn-gray.focus,.btn-gray.disabled,.btn-gray:disabled,.show>.btn-gray.dropdown-toggle{color:#fff}.btn-gray:hover:not(:disabled):not(.disabled),.btn-gray.hover:not(:disabled):not(.disabled){color:#fff}.btn-green,.btn-green:focus,.btn-green.focus,.btn-green.disabled,.btn-green:disabled,.show>.btn-green.dropdown-toggle{color:#fff}.btn-green:hover:not(:disabled):not(.disabled),.btn-green.hover:not(:disabled):not(.disabled){color:#fff}.btn-indian,.btn-indian:focus,.btn-indian.focus,.btn-indian.disabled,.btn-indian:disabled,.show>.btn-indian.dropdown-toggle{color:#fff}.btn-indian:hover:not(:disabled):not(.disabled),.btn-indian.hover:not(:disabled):not(.disabled){color:#fff}.btn-indigo,.btn-indigo:focus,.btn-indigo.focus,.btn-indigo.disabled,.btn-indigo:disabled,.show>.btn-indigo.dropdown-toggle{color:#fff}.btn-indigo:hover:not(:disabled):not(.disabled),.btn-indigo.hover:not(:disabled):not(.disabled){color:#fff}.btn-info,.btn-info:focus,.btn-info.focus,.btn-info.disabled,.btn-info:disabled,.show>.btn-info.dropdown-toggle{color:#fff}.btn-info:hover:not(:disabled):not(.disabled),.btn-info.hover:not(:disabled):not(.disabled){color:#fff}.btn-lemon,.btn-lemon:focus,.btn-lemon.focus,.btn-lemon.disabled,.btn-lemon:disabled,.show>.btn-lemon.dropdown-toggle{color:#fff}.btn-lemon:hover:not(:disabled):not(.disabled),.btn-lemon.hover:not(:disabled):not(.disabled){color:#fff}.btn-light,.btn-light:focus,.btn-light.focus,.btn-light.disabled,.btn-light:disabled,.show>.btn-light.dropdown-toggle{color:#fff}.btn-light:hover:not(:disabled):not(.disabled),.btn-light.hover:not(:disabled):not(.disabled){color:#fff}.btn-lime,.btn-lime:focus,.btn-lime.focus,.btn-lime.disabled,.btn-lime:disabled,.show>.btn-lime.dropdown-toggle{color:#fff}.btn-lime:hover:not(:disabled):not(.disabled),.btn-lime.hover:not(:disabled):not(.disabled){color:#fff}.btn-magenta,.btn-magenta:focus,.btn-magenta.focus,.btn-magenta.disabled,.btn-magenta:disabled,.show>.btn-magenta.dropdown-toggle{color:#fff}.btn-magenta:hover:not(:disabled):not(.disabled),.btn-magenta.hover:not(:disabled):not(.disabled){color:#fff}.btn-maroon,.btn-maroon:focus,.btn-maroon.focus,.btn-maroon.disabled,.btn-maroon:disabled,.show>.btn-maroon.dropdown-toggle{color:#fff}.btn-maroon:hover:not(:disabled):not(.disabled),.btn-maroon.hover:not(:disabled):not(.disabled){color:#fff}.btn-midnight,.btn-midnight:focus,.btn-midnight.focus,.btn-midnight.disabled,.btn-midnight:disabled,.show>.btn-midnight.dropdown-toggle{color:#fff}.btn-midnight:hover:not(:disabled):not(.disabled),.btn-midnight.hover:not(:disabled):not(.disabled){color:#fff}.btn-mint,.btn-mint:focus,.btn-mint.focus,.btn-mint.disabled,.btn-mint:disabled,.show>.btn-mint.dropdown-toggle{color:#fff}.btn-mint:hover:not(:disabled):not(.disabled),.btn-mint.hover:not(:disabled):not(.disabled){color:#fff}.btn-moccasin,.btn-moccasin:focus,.btn-moccasin.focus,.btn-moccasin.disabled,.btn-moccasin:disabled,.show>.btn-moccasin.dropdown-toggle{color:#fff}.btn-moccasin:hover:not(:disabled):not(.disabled),.btn-moccasin.hover:not(:disabled):not(.disabled){color:#fff}.btn-navy,.btn-navy:focus,.btn-navy.focus,.btn-navy.disabled,.btn-navy:disabled,.show>.btn-navy.dropdown-toggle{color:#fff}.btn-navy:hover:not(:disabled):not(.disabled),.btn-navy.hover:not(:disabled):not(.disabled){color:#fff}.btn-navajo,.btn-navajo:focus,.btn-navajo.focus,.btn-navajo.disabled,.btn-navajo:disabled,.show>.btn-navajo.dropdown-toggle{color:#fff}.btn-navajo:hover:not(:disabled):not(.disabled),.btn-navajo.hover:not(:disabled):not(.disabled){color:#fff}.btn-olive,.btn-olive:focus,.btn-olive.focus,.btn-olive.disabled,.btn-olive:disabled,.show>.btn-olive.dropdown-toggle{color:#fff}.btn-olive:hover:not(:disabled):not(.disabled),.btn-olive.hover:not(:disabled):not(.disabled){color:#fff}.btn-orange,.btn-orange:focus,.btn-orange.focus,.btn-orange.disabled,.btn-orange:disabled,.show>.btn-orange.dropdown-toggle{color:#fff}.btn-orange:hover:not(:disabled):not(.disabled),.btn-orange.hover:not(:disabled):not(.disabled){color:#fff}.btn-orangered,.btn-orangered:focus,.btn-orangered.focus,.btn-orangered.disabled,.btn-orangered:disabled,.show>.btn-orangered.dropdown-toggle{color:#fff}.btn-orangered:hover:not(:disabled):not(.disabled),.btn-orangered.hover:not(:disabled):not(.disabled){color:#fff}.btn-papaya,.btn-papaya:focus,.btn-papaya.focus,.btn-papaya.disabled,.btn-papaya:disabled,.show>.btn-papaya.dropdown-toggle{color:#fff}.btn-papaya:hover:not(:disabled):not(.disabled),.btn-papaya.hover:not(:disabled):not(.disabled){color:#fff}.btn-peru,.btn-peru:focus,.btn-peru.focus,.btn-peru.disabled,.btn-peru:disabled,.show>.btn-peru.dropdown-toggle{color:#fff}.btn-peru:hover:not(:disabled):not(.disabled),.btn-peru.hover:not(:disabled):not(.disabled){color:#fff}.btn-pink,.btn-pink:focus,.btn-pink.focus,.btn-pink.disabled,.btn-pink:disabled,.show>.btn-pink.dropdown-toggle{color:#fff}.btn-pink:hover:not(:disabled):not(.disabled),.btn-pink.hover:not(:disabled):not(.disabled){color:#fff}.btn-primary,.btn-primary:focus,.btn-primary.focus,.btn-primary.disabled,.btn-primary:disabled,.show>.btn-primary.dropdown-toggle{color:#fff}.btn-primary:hover:not(:disabled):not(.disabled),.btn-primary.hover:not(:disabled):not(.disabled){color:#fff}.btn-purple,.btn-purple:focus,.btn-purple.focus,.btn-purple.disabled,.btn-purple:disabled,.show>.btn-purple.dropdown-toggle{color:#fff}.btn-purple:hover:not(:disabled):not(.disabled),.btn-purple.hover:not(:disabled):not(.disabled){color:#fff}.btn-red,.btn-red:focus,.btn-red.focus,.btn-red.disabled,.btn-red:disabled,.show>.btn-red.dropdown-toggle{color:#fff}.btn-red:hover:not(:disabled):not(.disabled),.btn-red.hover:not(:disabled):not(.disabled){color:#fff}.btn-rose,.btn-rose:focus,.btn-rose.focus,.btn-rose.disabled,.btn-rose:disabled,.show>.btn-rose.dropdown-toggle{color:#fff}.btn-rose:hover:not(:disabled):not(.disabled),.btn-rose.hover:not(:disabled):not(.disabled){color:#fff}.btn-royal,.btn-royal:focus,.btn-royal.focus,.btn-royal.disabled,.btn-royal:disabled,.show>.btn-royal.dropdown-toggle{color:#fff}.btn-royal:hover:not(:disabled):not(.disabled),.btn-royal.hover:not(:disabled):not(.disabled){color:#fff}.btn-salmon,.btn-salmon:focus,.btn-salmon.focus,.btn-salmon.disabled,.btn-salmon:disabled,.show>.btn-salmon.dropdown-toggle{color:#fff}.btn-salmon:hover:not(:disabled):not(.disabled),.btn-salmon.hover:not(:disabled):not(.disabled){color:#fff}.btn-sand,.btn-sand:focus,.btn-sand.focus,.btn-sand.disabled,.btn-sand:disabled,.show>.btn-sand.dropdown-toggle{color:#fff}.btn-sand:hover:not(:disabled):not(.disabled),.btn-sand.hover:not(:disabled):not(.disabled){color:#fff}.btn-secondary,.btn-secondary:focus,.btn-secondary.focus,.btn-secondary.disabled,.btn-secondary:disabled,.show>.btn-secondary.dropdown-toggle{color:#fff}.btn-secondary:hover:not(:disabled):not(.disabled),.btn-secondary.hover:not(:disabled):not(.disabled){color:#fff}.btn-sienna,.btn-sienna:focus,.btn-sienna.focus,.btn-sienna.disabled,.btn-sienna:disabled,.show>.btn-sienna.dropdown-toggle{color:#fff}.btn-sienna:hover:not(:disabled):not(.disabled),.btn-sienna.hover:not(:disabled):not(.disabled){color:#fff}.btn-silver,.btn-silver:focus,.btn-silver.focus,.btn-silver.disabled,.btn-silver:disabled,.show>.btn-silver.dropdown-toggle{color:#fff}.btn-silver:hover:not(:disabled):not(.disabled),.btn-silver.hover:not(:disabled):not(.disabled){color:#fff}.btn-sky,.btn-sky:focus,.btn-sky.focus,.btn-sky.disabled,.btn-sky:disabled,.show>.btn-sky.dropdown-toggle{color:#fff}.btn-sky:hover:not(:disabled):not(.disabled),.btn-sky.hover:not(:disabled):not(.disabled){color:#fff}.btn-slate,.btn-slate:focus,.btn-slate.focus,.btn-slate.disabled,.btn-slate:disabled,.show>.btn-slate.dropdown-toggle{color:#fff}.btn-slate:hover:not(:disabled):not(.disabled),.btn-slate.hover:not(:disabled):not(.disabled){color:#fff}.btn-success,.btn-success:focus,.btn-success.focus,.btn-success.disabled,.btn-success:disabled,.show>.btn-success.dropdown-toggle{color:#fff}.btn-success:hover:not(:disabled):not(.disabled),.btn-success.hover:not(:disabled):not(.disabled){color:#fff}.btn-tan,.btn-tan:focus,.btn-tan.focus,.btn-tan.disabled,.btn-tan:disabled,.show>.btn-tan.dropdown-toggle{color:#fff}.btn-tan:hover:not(:disabled):not(.disabled),.btn-tan.hover:not(:disabled):not(.disabled){color:#fff}.btn-teal,.btn-teal:focus,.btn-teal.focus,.btn-teal.disabled,.btn-teal:disabled,.show>.btn-teal.dropdown-toggle{color:#fff}.btn-teal:hover:not(:disabled):not(.disabled),.btn-teal.hover:not(:disabled):not(.disabled){color:#fff}.btn-tomato,.btn-tomato:focus,.btn-tomato.focus,.btn-tomato.disabled,.btn-tomato:disabled,.show>.btn-tomato.dropdown-toggle{color:#fff}.btn-tomato:hover:not(:disabled):not(.disabled),.btn-tomato.hover:not(:disabled):not(.disabled){color:#fff}.btn-turquoise,.btn-turquoise:focus,.btn-turquoise.focus,.btn-turquoise.disabled,.btn-turquoise:disabled,.show>.btn-turquoise.dropdown-toggle{color:#fff}.btn-turquoise:hover:not(:disabled):not(.disabled),.btn-turquoise.hover:not(:disabled):not(.disabled){color:#fff}.btn-violet,.btn-violet:focus,.btn-violet.focus,.btn-violet.disabled,.btn-violet:disabled,.show>.btn-violet.dropdown-toggle{color:#fff}.btn-violet:hover:not(:disabled):not(.disabled),.btn-violet.hover:not(:disabled):not(.disabled){color:#fff}.btn-violetred,.btn-violetred:focus,.btn-violetred.focus,.btn-violetred.disabled,.btn-violetred:disabled,.show>.btn-violetred.dropdown-toggle{color:#fff}.btn-violetred:hover:not(:disabled):not(.disabled),.btn-violetred.hover:not(:disabled):not(.disabled){color:#fff}.btn-warning,.btn-warning:focus,.btn-warning.focus,.btn-warning.disabled,.btn-warning:disabled,.show>.btn-warning.dropdown-toggle{color:#fff}.btn-warning:hover:not(:disabled):not(.disabled),.btn-warning.hover:not(:disabled):not(.disabled){color:#fff}.btn-yellow,.btn-yellow:focus,.btn-yellow.focus,.btn-yellow.disabled,.btn-yellow:disabled,.show>.btn-yellow.dropdown-toggle{color:#fff}.btn-yellow:hover:not(:disabled):not(.disabled),.btn-yellow.hover:not(:disabled):not(.disabled){color:#fff}.btn-bitbucket,.btn-bitbucket:focus,.btn-bitbucket.focus,.btn-bitbucket.disabled,.btn-bitbucket:disabled,.show>.btn-bitbucket.dropdown-toggle{color:#fff}.btn-bitbucket:hover:not(:disabled):not(.disabled),.btn-bitbucket.hover:not(:disabled):not(.disabled){color:#fff}.btn-dribbble,.btn-dribbble:focus,.btn-dribbble.focus,.btn-dribbble.disabled,.btn-dribbble:disabled,.show>.btn-dribbble.dropdown-toggle{color:#fff}.btn-dribbble:hover:not(:disabled):not(.disabled),.btn-dribbble.hover:not(:disabled):not(.disabled){color:#fff}.btn-facebook,.btn-facebook:focus,.btn-facebook.focus,.btn-facebook.disabled,.btn-facebook:disabled,.show>.btn-facebook.dropdown-toggle{color:#fff}.btn-facebook:hover:not(:disabled):not(.disabled),.btn-facebook.hover:not(:disabled):not(.disabled){color:#fff}.btn-flickr,.btn-flickr:focus,.btn-flickr.focus,.btn-flickr.disabled,.btn-flickr:disabled,.show>.btn-flickr.dropdown-toggle{color:#fff}.btn-flickr:hover:not(:disabled):not(.disabled),.btn-flickr.hover:not(:disabled):not(.disabled){color:#fff}.btn-github,.btn-github:focus,.btn-github.focus,.btn-github.disabled,.btn-github:disabled,.show>.btn-github.dropdown-toggle{color:#fff}.btn-github:hover:not(:disabled):not(.disabled),.btn-github.hover:not(:disabled):not(.disabled){color:#fff}.btn-google,.btn-google:focus,.btn-google.focus,.btn-google.disabled,.btn-google:disabled,.show>.btn-google.dropdown-toggle{color:#fff}.btn-google:hover:not(:disabled):not(.disabled),.btn-google.hover:not(:disabled):not(.disabled){color:#fff}.btn-instagram,.btn-instagram:focus,.btn-instagram.focus,.btn-instagram.disabled,.btn-instagram:disabled,.show>.btn-instagram.dropdown-toggle{color:#fff}.btn-instagram:hover:not(:disabled):not(.disabled),.btn-instagram.hover:not(:disabled):not(.disabled){color:#fff}.btn-pinterest,.btn-pinterest:focus,.btn-pinterest.focus,.btn-pinterest.disabled,.btn-pinterest:disabled,.show>.btn-pinterest.dropdown-toggle{color:#fff}.btn-pinterest:hover:not(:disabled):not(.disabled),.btn-pinterest.hover:not(:disabled):not(.disabled){color:#fff}.btn-twitter,.btn-twitter:focus,.btn-twitter.focus,.btn-twitter.disabled,.btn-twitter:disabled,.show>.btn-twitter.dropdown-toggle{color:#fff}.btn-twitter:hover:not(:disabled):not(.disabled),.btn-twitter.hover:not(:disabled):not(.disabled){color:#fff}.btn-vimeo,.btn-vimeo:focus,.btn-vimeo.focus,.btn-vimeo.disabled,.btn-vimeo:disabled,.show>.btn-vimeo.dropdown-toggle{color:#fff}.btn-vimeo:hover:not(:disabled):not(.disabled),.btn-vimeo.hover:not(:disabled):not(.disabled){color:#fff}.btn-youtube,.btn-youtube:focus,.btn-youtube.focus,.btn-youtube.disabled,.btn-youtube:disabled,.show>.btn-youtube.dropdown-toggle{color:#fff}.btn-youtube:hover:not(:disabled):not(.disabled),.btn-youtube.hover:not(:disabled):not(.disabled){color:#fff}.btn-bitbucket{--bs-btn-color: #ffffff;--bs-btn-bg: #0052CC;--bs-btn-border-color: #0052CC;--bs-btn-hover-color: #ffffff;--bs-btn-hover-bg: rgb(0, 69.7, 173.4);--bs-btn-hover-border-color: rgb(0, 65.6, 163.2);--bs-btn-focus-shadow-rgb: 38, 108, 212;--bs-btn-active-color: #ffffff;--bs-btn-active-bg: rgb(0, 65.6, 163.2);--bs-btn-active-border-color: rgb(0, 61.5, 153);--bs-btn-active-shadow: inset 0 3px 5px rgba(26, 26, 26, 0.125);--bs-btn-disabled-color: #ffffff;--bs-btn-disabled-bg: #0052CC;--bs-btn-disabled-border-color: #0052CC}.btn-bitbucket,.btn-bitbucket:focus,.btn-bitbucket.focus,.btn-bitbucket.disabled,.btn-bitbucket:disabled,.show>.btn-bitbucket.dropdown-toggle{color:#fff}.btn-bitbucket:hover:not(:disabled):not(.disabled),.btn-bitbucket.hover:not(:disabled):not(.disabled){color:#fff}.btn-dribbble{--bs-btn-color: #ffffff;--bs-btn-bg: #EA4C89;--bs-btn-border-color: #EA4C89;--bs-btn-hover-color: #ffffff;--bs-btn-hover-bg: rgb(198.9, 64.6, 116.45);--bs-btn-hover-border-color: rgb(187.2, 60.8, 109.6);--bs-btn-focus-shadow-rgb: 237, 103, 155;--bs-btn-active-color: #ffffff;--bs-btn-active-bg: rgb(187.2, 60.8, 109.6);--bs-btn-active-border-color: rgb(175.5, 57, 102.75);--bs-btn-active-shadow: inset 0 3px 5px rgba(26, 26, 26, 0.125);--bs-btn-disabled-color: #ffffff;--bs-btn-disabled-bg: #EA4C89;--bs-btn-disabled-border-color: #EA4C89}.btn-dribbble,.btn-dribbble:focus,.btn-dribbble.focus,.btn-dribbble.disabled,.btn-dribbble:disabled,.show>.btn-dribbble.dropdown-toggle{color:#fff}.btn-dribbble:hover:not(:disabled):not(.disabled),.btn-dribbble.hover:not(:disabled):not(.disabled){color:#fff}.btn-facebook{--bs-btn-color: #ffffff;--bs-btn-bg: #1877F2;--bs-btn-border-color: #1877F2;--bs-btn-hover-color: #ffffff;--bs-btn-hover-bg: rgb(20.4, 101.15, 205.7);--bs-btn-hover-border-color: rgb(19.2, 95.2, 193.6);--bs-btn-focus-shadow-rgb: 59, 139, 244;--bs-btn-active-color: #ffffff;--bs-btn-active-bg: rgb(19.2, 95.2, 193.6);--bs-btn-active-border-color: rgb(18, 89.25, 181.5);--bs-btn-active-shadow: inset 0 3px 5px rgba(26, 26, 26, 0.125);--bs-btn-disabled-color: #ffffff;--bs-btn-disabled-bg: #1877F2;--bs-btn-disabled-border-color: #1877F2}.btn-facebook,.btn-facebook:focus,.btn-facebook.focus,.btn-facebook.disabled,.btn-facebook:disabled,.show>.btn-facebook.dropdown-toggle{color:#fff}.btn-facebook:hover:not(:disabled):not(.disabled),.btn-facebook.hover:not(:disabled):not(.disabled){color:#fff}.btn-flickr{--bs-btn-color: #ffffff;--bs-btn-bg: #0063DC;--bs-btn-border-color: #0063DC;--bs-btn-hover-color: #ffffff;--bs-btn-hover-bg: rgb(0, 84.15, 187);--bs-btn-hover-border-color: rgb(0, 79.2, 176);--bs-btn-focus-shadow-rgb: 38, 122, 225;--bs-btn-active-color: #ffffff;--bs-btn-active-bg: rgb(0, 79.2, 176);--bs-btn-active-border-color: rgb(0, 74.25, 165);--bs-btn-active-shadow: inset 0 3px 5px rgba(26, 26, 26, 0.125);--bs-btn-disabled-color: #ffffff;--bs-btn-disabled-bg: #0063DC;--bs-btn-disabled-border-color: #0063DC}.btn-flickr,.btn-flickr:focus,.btn-flickr.focus,.btn-flickr.disabled,.btn-flickr:disabled,.show>.btn-flickr.dropdown-toggle{color:#fff}.btn-flickr:hover:not(:disabled):not(.disabled),.btn-flickr.hover:not(:disabled):not(.disabled){color:#fff}.btn-github{--bs-btn-color: #ffffff;--bs-btn-bg: #181717;--bs-btn-border-color: #181717;--bs-btn-hover-color: #ffffff;--bs-btn-hover-bg: rgb(20.4, 19.55, 19.55);--bs-btn-hover-border-color: rgb(19.2, 18.4, 18.4);--bs-btn-focus-shadow-rgb: 59, 58, 58;--bs-btn-active-color: #ffffff;--bs-btn-active-bg: rgb(19.2, 18.4, 18.4);--bs-btn-active-border-color: rgb(18, 17.25, 17.25);--bs-btn-active-shadow: inset 0 3px 5px rgba(26, 26, 26, 0.125);--bs-btn-disabled-color: #ffffff;--bs-btn-disabled-bg: #181717;--bs-btn-disabled-border-color: #181717}.btn-github,.btn-github:focus,.btn-github.focus,.btn-github.disabled,.btn-github:disabled,.show>.btn-github.dropdown-toggle{color:#fff}.btn-github:hover:not(:disabled):not(.disabled),.btn-github.hover:not(:disabled):not(.disabled){color:#fff}.btn-google{--bs-btn-color: #ffffff;--bs-btn-bg: #DB4437;--bs-btn-border-color: #DB4437;--bs-btn-hover-color: #ffffff;--bs-btn-hover-bg: rgb(186.15, 57.8, 46.75);--bs-btn-hover-border-color: rgb(175.2, 54.4, 44);--bs-btn-focus-shadow-rgb: 224, 96, 85;--bs-btn-active-color: #ffffff;--bs-btn-active-bg: rgb(175.2, 54.4, 44);--bs-btn-active-border-color: rgb(164.25, 51, 41.25);--bs-btn-active-shadow: inset 0 3px 5px rgba(26, 26, 26, 0.125);--bs-btn-disabled-color: #ffffff;--bs-btn-disabled-bg: #DB4437;--bs-btn-disabled-border-color: #DB4437}.btn-google,.btn-google:focus,.btn-google.focus,.btn-google.disabled,.btn-google:disabled,.show>.btn-google.dropdown-toggle{color:#fff}.btn-google:hover:not(:disabled):not(.disabled),.btn-google.hover:not(:disabled):not(.disabled){color:#fff}.btn-instagram{--bs-btn-color: #ffffff;--bs-btn-bg: #E4405F;--bs-btn-border-color: #E4405F;--bs-btn-hover-color: #ffffff;--bs-btn-hover-bg: rgb(193.8, 54.4, 80.75);--bs-btn-hover-border-color: rgb(182.4, 51.2, 76);--bs-btn-focus-shadow-rgb: 232, 93, 119;--bs-btn-active-color: #ffffff;--bs-btn-active-bg: rgb(182.4, 51.2, 76);--bs-btn-active-border-color: rgb(171, 48, 71.25);--bs-btn-active-shadow: inset 0 3px 5px rgba(26, 26, 26, 0.125);--bs-btn-disabled-color: #ffffff;--bs-btn-disabled-bg: #E4405F;--bs-btn-disabled-border-color: #E4405F}.btn-instagram,.btn-instagram:focus,.btn-instagram.focus,.btn-instagram.disabled,.btn-instagram:disabled,.show>.btn-instagram.dropdown-toggle{color:#fff}.btn-instagram:hover:not(:disabled):not(.disabled),.btn-instagram.hover:not(:disabled):not(.disabled){color:#fff}.btn-pinterest{--bs-btn-color: #ffffff;--bs-btn-bg: #BD081C;--bs-btn-border-color: #BD081C;--bs-btn-hover-color: #ffffff;--bs-btn-hover-bg: rgb(160.65, 6.8, 23.8);--bs-btn-hover-border-color: rgb(151.2, 6.4, 22.4);--bs-btn-focus-shadow-rgb: 199, 45, 62;--bs-btn-active-color: #ffffff;--bs-btn-active-bg: rgb(151.2, 6.4, 22.4);--bs-btn-active-border-color: rgb(141.75, 6, 21);--bs-btn-active-shadow: inset 0 3px 5px rgba(26, 26, 26, 0.125);--bs-btn-disabled-color: #ffffff;--bs-btn-disabled-bg: #BD081C;--bs-btn-disabled-border-color: #BD081C}.btn-pinterest,.btn-pinterest:focus,.btn-pinterest.focus,.btn-pinterest.disabled,.btn-pinterest:disabled,.show>.btn-pinterest.dropdown-toggle{color:#fff}.btn-pinterest:hover:not(:disabled):not(.disabled),.btn-pinterest.hover:not(:disabled):not(.disabled){color:#fff}.btn-twitter{--bs-btn-color: #1a1a1a;--bs-btn-bg: #1DA1F2;--bs-btn-border-color: #1DA1F2;--bs-btn-hover-color: #1a1a1a;--bs-btn-hover-bg: rgb(62.9, 175.1, 243.95);--bs-btn-hover-border-color: rgb(51.6, 170.4, 243.3);--bs-btn-focus-shadow-rgb: 29, 141, 210;--bs-btn-active-color: #1a1a1a;--bs-btn-active-bg: rgb(74.2, 179.8, 244.6);--bs-btn-active-border-color: rgb(51.6, 170.4, 243.3);--bs-btn-active-shadow: inset 0 3px 5px rgba(26, 26, 26, 0.125);--bs-btn-disabled-color: #1a1a1a;--bs-btn-disabled-bg: #1DA1F2;--bs-btn-disabled-border-color: #1DA1F2}.btn-twitter,.btn-twitter:focus,.btn-twitter.focus,.btn-twitter.disabled,.btn-twitter:disabled,.show>.btn-twitter.dropdown-toggle{color:#fff}.btn-twitter:hover:not(:disabled):not(.disabled),.btn-twitter.hover:not(:disabled):not(.disabled){color:#fff}.btn-vimeo{--bs-btn-color: #1a1a1a;--bs-btn-bg: #1AB7EA;--bs-btn-border-color: #1AB7EA;--bs-btn-hover-color: #1a1a1a;--bs-btn-hover-bg: rgb(60.35, 193.8, 237.15);--bs-btn-hover-border-color: rgb(48.9, 190.2, 236.1);--bs-btn-focus-shadow-rgb: 26, 159, 203;--bs-btn-active-color: #1a1a1a;--bs-btn-active-bg: rgb(71.8, 197.4, 238.2);--bs-btn-active-border-color: rgb(48.9, 190.2, 236.1);--bs-btn-active-shadow: inset 0 3px 5px rgba(26, 26, 26, 0.125);--bs-btn-disabled-color: #1a1a1a;--bs-btn-disabled-bg: #1AB7EA;--bs-btn-disabled-border-color: #1AB7EA}.btn-vimeo,.btn-vimeo:focus,.btn-vimeo.focus,.btn-vimeo.disabled,.btn-vimeo:disabled,.show>.btn-vimeo.dropdown-toggle{color:#fff}.btn-vimeo:hover:not(:disabled):not(.disabled),.btn-vimeo.hover:not(:disabled):not(.disabled){color:#fff}.btn-youtube{--bs-btn-color: #ffffff;--bs-btn-bg: #FF0000;--bs-btn-border-color: #FF0000;--bs-btn-hover-color: #ffffff;--bs-btn-hover-bg: rgb(216.75, 0, 0);--bs-btn-hover-border-color: #cc0000;--bs-btn-focus-shadow-rgb: 255, 38, 38;--bs-btn-active-color: #ffffff;--bs-btn-active-bg: #cc0000;--bs-btn-active-border-color: rgb(191.25, 0, 0);--bs-btn-active-shadow: inset 0 3px 5px rgba(26, 26, 26, 0.125);--bs-btn-disabled-color: #ffffff;--bs-btn-disabled-bg: #FF0000;--bs-btn-disabled-border-color: #FF0000}.btn-youtube,.btn-youtube:focus,.btn-youtube.focus,.btn-youtube.disabled,.btn-youtube:disabled,.show>.btn-youtube.dropdown-toggle{color:#fff}.btn-youtube:hover:not(:disabled):not(.disabled),.btn-youtube.hover:not(:disabled):not(.disabled){color:#fff}.btn-light,.btn-light:focus,.btn-light.focus,.btn-light.disabled,.btn-light:disabled,.show>.btn-light.dropdown-toggle,.btn-white,.btn-white:focus,.btn-white.focus,.btn-white.disabled,.btn-white:disabled,.show>.btn-white.dropdown-toggle{color:#343a40}.btn-light:hover:not(:disabled):not(.disabled),.btn-light.hover:not(:disabled):not(.disabled),.btn-white:hover:not(:disabled):not(.disabled),.btn-white.hover:not(:disabled):not(.disabled){color:#343a40}.card{margin-bottom:24px;box-shadow:0 4px 12px rgba(26,26,26,.03);border-radius:.5rem;border:1px solid #e9ecef;transition:all .3s ease}.card:hover{box-shadow:0 8px 24px rgba(26,26,26,.08);transform:translateY(-2px)}.card-header{border-bottom:1px solid #e9ecef;background-color:rgba(0,0,0,0);padding:1rem 1.25rem;display:flex;align-items:center;justify-content:space-between}.card-footer{padding-top:1rem;padding-bottom:1rem;padding-left:1.25rem;padding-right:1.25rem}.card-title{font-size:.925rem;font-weight:700;color:#003876}.card-subtitle{font-weight:400}.card-img,.card-img-top,.card-img-bottom{max-width:100%;height:auto}@media all and (-ms-high-contrast: none){.card-img,.card-img-top,.card-img-bottom{height:100%}}.card>.table>tbody tr:last-child td:first-child,.card>.table>tbody tr:last-child th:first-child{border-bottom-left-radius:.5rem}.card>.table>tbody tr:last-child td:last-child,.card>.table>tbody tr:last-child th:last-child{border-bottom-right-radius:.5rem}.chart{margin:auto;position:relative;width:100%;min-height:300px}.chart-xs{min-height:200px}.chart-sm{min-height:252px}.chart-lg{min-height:350px}.chart-xl{min-height:500px}.chart canvas{max-width:100%}.content{padding:1.5rem 1.5rem .75rem;flex:1;width:100vw;max-width:100vw;direction:ltr}@media(min-width: 768px){.content{width:auto;max-width:auto}}@media(min-width: 992px){.content{padding:1.5rem 1.5rem .75rem}}.navbar-nav .dropdown-menu{box-shadow:0 .1rem .2rem rgba(26,26,26,.05)}.dropdown .dropdown-menu.show{animation-name:dropdownAnimation;animation-duration:.25s;animation-iteration-count:1;animation-timing-function:ease;animation-fill-mode:forwards}@keyframes dropdownAnimation{from{opacity:0;transform:translateY(-8px)}to{opacity:1;transform:translate(0)}}.dropdown-toggle:after{border:solid;border-width:0 2px 2px 0;display:inline-block;padding:2px;transform:rotate(45deg)}.dropdown-item{transition:background .1s ease-in-out,color .1s ease-in-out}.dropdown-menu{top:auto}.dropdown-menu-lg{min-width:20rem}.dropdown .list-group .list-group-item{border-width:0;border-bottom-width:1px;margin-bottom:0}.dropdown .list-group .list-group-item:first-child,.dropdown .list-group .list-group-item:last-child{border-radius:0}.dropdown .list-group .list-group-item:hover{background:#f8f9fa}.dropdown-menu-header{padding:.75rem;text-align:center;font-weight:600;border-bottom:1px solid #dee2e6}.dropdown-menu-footer{padding:.5rem;text-align:center;display:block;font-size:.75rem}.feather{width:18px;height:18px;stroke-width:2}.feather-sm{width:14px;height:14px}.feather-lg{width:36px;height:36px}footer.footer{padding:1rem .875rem;direction:ltr;background:#fff}footer.footer ul{margin-bottom:0}@media(max-width: 767.98px){footer.footer{width:100vw}}label.form-label{margin-bottom:.2rem;font-weight:600;text-decoration:none}label.form-label.[1m[33mrequired[39m[22m[1m::after{content:\" *\";font-weight:600;color:#ce1126}.form-control,.form-select{font-weight:500;color:#343a40;border:1px solid #dee2e6;padding:.5rem .75rem}.form-control:focus,.form-select:focus{border-color:#003876;box-shadow:0 0 0 .2rem rgba(0,56,118,.1)}.form-control.is-valid,.form-select.is-valid{border-color:#198754;background-image:none}.form-control.is-valid:focus,.form-select.is-valid:focus{border-color:#198754;box-shadow:0 0 0 .2rem rgba(25,135,84,.15)}.form-control.is-[1m[31minvalid[39m[22m[1m,.form-select.is-[1m[31minvalid[39m[22m[1m{border-color:#ce1126;background-image:none}.form-control.is-[1m[31minvalid[39m[22m[1m:focus,.form-select.is-[1m[31minvalid[39m[22m[1m:focus{border-color:#ce1126;box-shadow:0 0 0 .2rem rgba(206,17,38,.15)}.input-group .input-group-text{background:#003876;border:1px solid #003876;color:#fff;font-weight:600;text-align:center}.input-group .form-control,.input-group .form-select{border-left:none}.input-group .form-control:last-child,.input-group .form-select:last-child{border-top-right-radius:.2rem;border-bottom-right-radius:.2rem}.select2-container--bootstrap-5 .select2-selection{font-weight:600;color:#2b2f36;border:1px solid #dee2e6;border-radius:.2rem;padding:.5rem .75rem;height:auto;cursor:pointer}.select2-container--bootstrap-5 .select2-selection:hover{border-color:#ced4da}.select2-container--bootstrap-5.select2-container--focus .select2-selection{border-color:#003876;box-shadow:0 0 0 .2rem rgba(0,56,118,.1);outline:0}.select2-container--bootstrap-5.select2-container--focus .select2-selection.is-valid,.select2-container--bootstrap-5 .select2-selection.is-valid{border-color:#198754}.select2-container--bootstrap-5.select2-container--focus .select2-selection.is-valid:focus,.select2-container--bootstrap-5 .select2-selection.is-valid:focus{box-shadow:0 0 0 .2rem rgba(25,135,84,.15)}.select2-container--bootstrap-5.select2-container--focus .select2-selection.is-[1m[31minvalid[39m[22m[1m,.select2-container--bootstrap-5 .select2-selection.is-[1m[31minvalid[39m[22m[1m{border-color:#ce1126}.select2-container--bootstrap-5.select2-container--focus .select2-selection.is-[1m[31minvalid[39m[22m[1m:focus,.select2-container--bootstrap-5 .select2-selection.is-[1m[31minvalid[39m[22m[1m:focus{box-shadow:0 0 0 .2rem rgba(206,17,38,.15)}.select2-container--bootstrap-5 .select2-dropdown{background-color:#fff;border:1px solid #dee2e6;border-radius:.2rem;padding:.2rem;box-shadow:0 .1rem .2rem rgba(26,26,26,.05)}.select2-container--bootstrap-5 .select2-results__option{font-size:.75rem;color:#2b2f36;padding:.35rem .75rem;border-radius:calc(.2rem - 2px);cursor:pointer}.select2-container--bootstrap-5 .select2-results__option--highlighted{background-color:#003876;color:#fff}.select2-container--bootstrap-5 .select2-results__option[aria-selected=true]{background-color:rgba(0,56,118,.1);color:#003876;font-weight:600}.select2-container--bootstrap-5 .select2-search--dropdown .select2-search__field{border:1px solid #dee2e6;border-radius:.2rem;padding:.35rem .5rem;font-size:.75rem}.select2-container--bootstrap-5 .select2-search--dropdown .select2-search__field:focus{border-color:#003876;outline:0;box-shadow:0 0 0 .15rem rgba(0,56,118,.1)}.select2-container--bootstrap-5 .select2-selection__choice{background-color:#003876;border:none;color:#fff;font-size:.75rem;border-radius:.2rem;padding:.1rem .5rem}.select2-container--bootstrap-5 .select2-selection__choice__remove{color:hsla(0,0%,100%,.85);margin-right:.25rem}.select2-container--bootstrap-5 .select2-selection__choice__remove:hover{color:#fff}.[1m[31minvalid[39m[22m[1m-feedback{display:none;font-size:.75rem;color:#ce1126;margin-top:.25rem}.is-[1m[31minvalid[39m[22m[1m~.[1m[31minvalid[39m[22m[1m-feedback,.select2.is-[1m[31minvalid[39m[22m[1m~.[1m[31minvalid[39m[22m[1m-feedback{display:block}.valid-feedback{display:none;font-size:.75rem;color:#198754;margin-top:.25rem}.is-valid~.valid-feedback{display:block}.hamburger,.hamburger:before,.hamburger:after{cursor:pointer;border-radius:1px;height:3px;width:24px;background:#495057;display:block;content:\"\";transition:background .1s ease-in-out,color .1s ease-in-out}.hamburger{position:relative}.hamburger:before{top:-7.5px;width:24px;position:absolute}.hamburger:after{bottom:-7.5px;width:16px;position:absolute}.sidebar-toggle:hover .hamburger,.sidebar-toggle:hover .hamburger:before,.sidebar-toggle:hover .hamburger:after{background:#003876}.hamburger-right,.hamburger-right:before,.hamburger-right:after{right:0}a.list-group-item{text-decoration:none}.main{display:flex;width:100%;min-width:0;min-height:100vh;transition:margin-left .35s ease-in-out,left .35s ease-in-out,margin-right .35s ease-in-out,right .35s ease-in-out;background:#f8f9fa;flex-direction:column;overflow:hidden;border-top-left-radius:0;border-bottom-left-radius:0}.modal.modal-swal .modal-content{border:none;border-radius:1rem;background-color:#f8f9fa;color:#e5e7eb;box-shadow:0 25px 50px rgba(0,0,0,.5)}.modal.modal-swal .modal-header{border-bottom:none;padding:1rem 1.25rem;background-color:#003876;border-top-left-radius:1rem;border-top-right-radius:1rem}.modal.modal-swal .modal-title{font-weight:700;color:#fff}.modal.modal-swal .modal-body{padding:1.5rem 1.25rem;font-size:.95rem}.modal.modal-swal .modal-footer{border-top:none;padding:1rem 1.25rem;gap:.5rem}.modal.modal-swal .btn-close{filter:invert(1);opacity:.8}.modal.modal-swal .btn-close:hover{opacity:1}.modal.modal-print .modal-content{background-color:#fff;color:#343a40;box-shadow:0 .2rem .2rem rgba(26,26,26,.05)}.modal.modal-print .modal-header{background-color:#fff;color:#003876}.modal.modal-print .modal-title{color:#003876}.navbar{border-bottom:0;box-shadow:0 0 2rem 0 rgba(43,47,54,.1)}@media(max-width: 767.98px){.navbar{width:100vw}}.navbar .avatar{margin-top:-15px;margin-bottom:-15px}.navbar-nav{direction:ltr}.navbar-align{margin-left:auto}.navbar-bg{background:#fff}.navbar-brand{font-weight:400;font-size:1.15rem;padding:.875rem 0;color:#f8f9fa;display:block}.navbar-brand svg,.navbar-brand .feather{color:#003876;height:24px;width:24px;margin-left:-0.15rem;margin-right:.375rem;margin-top:-0.375rem}.nav-icon,.nav-flag{padding:.1rem .8rem;display:block;font-size:1.5rem;color:#6c757d;transition:background .1s ease-in-out,color .1s ease-in-out;line-height:1.4}.nav-icon:after,.nav-flag:after{display:none !important}.nav-icon:hover,.nav-icon.active,.nav-flag:hover,.nav-flag.active{color:#003876}.nav-icon svg,.nav-icon .feather,.nav-flag svg,.nav-flag .feather{width:20px;height:20px}.nav-item .indicator{background:#003876;box-shadow:0 .1rem .2rem rgba(26,26,26,.05);border-radius:50%;display:block;height:18px;width:18px;padding:1px;position:absolute;top:0;right:-8px;text-align:center;transition:top .1s ease-out;font-size:.675rem;color:#fff}.nav-item:hover .indicator{top:-4px}.nav-item a:focus{outline:0}@media screen and (-ms-high-contrast: active),(-ms-high-contrast: none){.navbar .avatar{max-height:47px}}@media(max-width: 575.98px){.navbar{padding:.75rem}.nav-icon{padding:.1rem .75rem}.dropdown,.dropleft,.dropright,.dropup{position:inherit}.navbar-expand .navbar-nav .dropdown-menu-lg{min-width:100%}.nav-item .nav-link:after{display:none}}.nav-flag img{border-radius:50%;width:20px;height:20px;-o-object-fit:cover;object-fit:cover}.navbar input{direction:ltr}body,html,#root{height:100%}body{overflow-y:scroll;opacity:1 !important}body.auth-body{overflow-y:hidden;background-color:#0b0e14 !important;color:#f8f9fa !important}@media screen and (-ms-high-contrast: active),(-ms-high-contrast: none){html{overflow-x:hidden}}.sidebar{min-width:260px;max-width:260px;transition:margin-left .35s ease-in-out,left .35s ease-in-out,margin-right .35s ease-in-out,right .35s ease-in-out;direction:ltr;background:#002144}.sidebar-content{transition:margin-left .35s ease-in-out,left .35s ease-in-out,margin-right .35s ease-in-out,right .35s ease-in-out;display:flex;height:100vh;flex-direction:column;background:#002144}.sidebar-nav{padding-left:0;margin-bottom:0;list-style:none;flex-grow:1}.sidebar-link,a.sidebar-link{display:block;padding:.625rem 1.625rem;font-weight:400;transition:background .1s ease-in-out;position:relative;text-decoration:none;cursor:pointer;border-left-style:solid;border-left-width:3px;color:rgba(233,236,239,.5);background:#002144;border-left-color:rgba(0,0,0,0)}.sidebar-link i,.sidebar-link svg,a.sidebar-link i,a.sidebar-link svg{margin-right:.5rem;color:hsla(0,0%,100%,.6)}.sidebar-link:focus{outline:0}.sidebar-link:hover{color:#fff;background:#002144;border-left-color:#ce1126}.sidebar-link:hover i,.sidebar-link:hover svg{color:#fff}.sidebar-item.active>.sidebar-link,.sidebar-item.active .sidebar-link:hover{color:#fff;background:linear-gradient(90deg, rgba(0, 56, 118, 0.1) 0%, rgba(0, 56, 118, 0.0875) 50%, rgba(26, 26, 26, 0) 100%);border-left-color:#ce1126}.sidebar-item.active>.sidebar-link i,.sidebar-item.active>.sidebar-link svg,.sidebar-item.active .sidebar-link:hover i,.sidebar-item.active .sidebar-link:hover svg{color:#fff}.sidebar-brand{font-weight:600;font-size:1.15rem;padding:1.15rem 1.5rem;display:block;color:#f8f9fa;text-transform:uppercase;letter-spacing:.05rem;transition:opacity .15s ease-in-out}.sidebar-brand:hover{text-decoration:none;color:#f8f9fa;opacity:.8}.sidebar-brand:focus{outline:0}.sidebar-toggle{cursor:pointer;width:26px;height:26px;display:flex}.sidebar.collapsed{margin-left:-260px}@media(min-width: 1px)and (max-width: 991.98px){.sidebar{margin-left:-260px}.sidebar.collapsed{margin-left:0}}.sidebar-toggle{margin-right:1rem}.sidebar-header{background:rgba(0,0,0,0);padding:1.5rem 1.5rem .375rem;font-size:.75rem;color:#ced4da}.sidebar-badge{position:absolute;right:15px;top:14px;z-index:1}.sidebar-cta-content{padding:1.5rem;margin:1.75rem;border-radius:.3rem;background:rgb(0,45.375,93.5);color:aqua}.min-vw-50{min-width:50vw !important}.min-vh-50{min-height:50vh !important}.vw-50{width:50vw !important}.vh-50{height:50vh !important}.stat{background:rgb(41.5,142.8220338983,255);border-radius:50%;width:40px;height:40px;align-items:center;justify-content:center;display:flex}.stat svg{width:18px;height:18px;color:#003876 !important;stroke-width:1.5}.table{width:100%;margin-bottom:0}.table thead{background-color:#f8f9fa}.table thead th{text-transform:uppercase;font-size:.75rem;letter-spacing:.5px;font-weight:600;color:#6c757d;border-bottom:2px solid #e9ecef}.table tbody,.table tfoot,.table tr,.table td,.table th{border-color:#e9ecef}.table>tbody>tr>td{vertical-align:middle}.table-xs{font-size:.75rem}.table-xs th,.table-xs td{padding:.25rem .5rem;vertical-align:middle}.table-xs thead tr{background-color:#003876;color:#fff}.table-xs thead tr th{background-color:#003876;color:#fff;padding-top:.25rem;padding-bottom:.25rem;font-weight:600;border-bottom:1px solid #dee2e6;border-bottom:1px solid var(--bs-border-color);text-transform:uppercase;letter-spacing:.5px}.table-xs tbody td{padding-top:.25rem;padding-bottom:.25rem}.table-xs.table-striped tbody tr:nth-of-type(odd){background-color:rgba(0,56,118,.02)}.table-xs.table-hover tbody tr:hover{background-color:rgba(0,56,118,.05);cursor:pointer}.table-h-aqua thead{background-color:aqua}.table-h-aqua thead th{background-color:aqua;color:#1a1a1a;border-bottom-color:hsl(180,100%,42%)}.table-h-beige thead{background-color:beige}.table-h-beige thead th{background-color:beige;color:#1a1a1a;border-bottom-color:hsl(60,55.5555555556%,83.1764705882%)}.table-h-bisque thead{background-color:bisque}.table-h-bisque thead th{background-color:bisque;color:#1a1a1a;border-bottom-color:rgb(255,209.3288135593,155.2)}.table-h-black thead{background-color:#1a1a1a}.table-h-black thead th{background-color:#1a1a1a;color:#fff;border-bottom-color:rgb(5.6,5.6,5.6)}.table-h-blue thead{background-color:#003876}.table-h-blue thead th{background-color:#003876;color:#fff;border-bottom-color:rgb(0,36.6372881356,77.2)}.table-h-blueviolet thead{background-color:#8a2be2}.table-h-blueviolet thead th{background-color:#8a2be2;color:#fff;border-bottom-color:rgb(117.4141078838,27.4597510373,200.7402489627)}.table-h-brown thead{background-color:brown}.table-h-brown thead th{background-color:brown;color:#fff;border-bottom-color:hsl(0,59.4202898551%,32.5882352941%)}.table-h-burly thead{background-color:#deb887}.table-h-burly thead th{background-color:#deb887;color:#1a1a1a;border-bottom-color:rgb(213.2,165.0666666667,103)}.table-h-cadet thead{background-color:#5f9ea0}.table-h-cadet thead th{background-color:#5f9ea0;color:#fff;border-bottom-color:rgb(79.8,132.72,134.4)}.table-h-charcoal thead{background-color:#2b2f36}.table-h-charcoal thead th{background-color:#2b2f36;color:#fff;border-bottom-color:rgb(24.9134020619,27.2309278351,31.2865979381)}.table-h-chocolate thead{background-color:#d2691e}.table-h-chocolate thead th{background-color:#d2691e;color:#fff;border-bottom-color:rgb(174.3,87.15,24.9)}.table-h-coral thead{background-color:#c65a4a}.table-h-coral thead th{background-color:#c65a4a;color:#fff;border-bottom-color:rgb(175.8285714286,70.9142857143,55.3714285714)}.table-h-crimson thead{background-color:crimson}.table-h-crimson thead th{background-color:crimson;color:#fff;border-bottom-color:rgb(182.6,16.6,49.8)}.table-h-cyan thead{background-color:aqua}.table-h-cyan thead th{background-color:aqua;color:#1a1a1a;border-bottom-color:hsl(180,100%,42%)}.table-h-danger thead{background-color:#ce1126}.table-h-danger thead th{background-color:#ce1126;color:#fff;border-bottom-color:rgb(168.3103139013,13.8896860987,31.0475336323)}.table-h-dark thead{background-color:#2b2f36}.table-h-dark thead th{background-color:#2b2f36;color:#fff;border-bottom-color:rgb(24.9134020619,27.2309278351,31.2865979381)}.table-h-deep thead{background-color:#ff1493}.table-h-deep thead th{background-color:#ff1493;color:#fff;border-bottom-color:rgb(234.2,0,126.5676595745)}.table-h-dodger thead{background-color:#1e90ff}.table-h-dodger thead th{background-color:#1e90ff;color:#fff;border-bottom-color:rgb(0,123.728,244.2)}.table-h-fire thead{background-color:#b22222}.table-h-fire thead th{background-color:#b22222;color:#fff;border-bottom-color:hsl(0,67.9245283019%,33.568627451%)}.table-h-gold thead{background-color:#c9a227}.table-h-gold thead th{background-color:#c9a227;color:#1a1a1a;border-bottom-color:rgb(166.83,134.46,32.37)}.table-h-goldenrod thead{background-color:#daa520}.table-h-goldenrod thead th{background-color:#daa520;color:#1a1a1a;border-bottom-color:rgb(182.4224,138.072,26.7776)}.table-h-gray thead{background-color:#708090}.table-h-gray thead th{background-color:#708090;color:#fff;border-bottom-color:hsl(210,12.5984251969%,42.1960784314%)}.table-h-green thead{background-color:#087208}.table-h-green thead th{background-color:#087208;color:#fff;border-bottom-color:hsl(120,86.8852459016%,15.9215686275%)}.table-h-indian thead{background-color:#cd5c5c}.table-h-indian thead th{background-color:#cd5c5c;color:#fff;border-bottom-color:hsl(0,53.0516431925%,50.2352941176%)}.table-h-indigo thead{background-color:#0a0a0a}.table-h-indigo thead th{background-color:#0a0a0a;color:#fff;border-bottom-color:#000}.table-h-info thead{background-color:aqua}.table-h-info thead th{background-color:aqua;color:#1a1a1a;border-bottom-color:hsl(180,100%,42%)}.table-h-lemon thead{background-color:#fffacd}.table-h-lemon thead th{background-color:#fffacd;color:#1a1a1a;border-bottom-color:rgb(255,245.92,164.2)}.table-h-light thead{background-color:#f5f7fb}.table-h-light thead th{background-color:#f5f7fb;color:#1a1a1a;border-bottom-color:hsl(220,42.8571428571%,89.2549019608%)}.table-h-lime thead{background-color:lime}.table-h-lime thead th{background-color:lime;color:#1a1a1a;border-bottom-color:rgb(0,214.2,0)}.table-h-magenta thead{background-color:#f0f}.table-h-magenta thead th{background-color:#f0f;color:#fff;border-bottom-color:hsl(300,100%,42%)}.table-h-maroon thead{background-color:maroon}.table-h-maroon thead th{background-color:maroon;color:#fff;border-bottom-color:rgb(87.2,0,0)}.table-h-midnight thead{background-color:#191970}.table-h-midnight thead th{background-color:#191970;color:#fff;border-bottom-color:hsl(240,63.503649635%,18.862745098%)}.table-h-mint thead{background-color:#5fb3a2}.table-h-mint thead th{background-color:#5fb3a2;color:#1a1a1a;border-bottom-color:rgb(75.0983050847,158.1016949153,141.3033898305)}.table-h-moccasin thead{background-color:#ffe4b5}.table-h-moccasin thead th{background-color:#ffe4b5;color:#1a1a1a;border-bottom-color:rgb(255,213.1135135135,140.2)}.table-h-navy thead{background-color:#183a5d}.table-h-navy thead th{background-color:#183a5d;color:#fff;border-bottom-color:rgb(15.6307692308,37.7743589744,60.5692307692)}.table-h-navajo thead{background-color:#ffdead}.table-h-navajo thead th{background-color:#ffdead;color:#1a1a1a;border-bottom-color:rgb(255,205.5804878049,132.2)}.table-h-olive thead{background-color:#7a8f3a}.table-h-olive thead th{background-color:#7a8f3a;color:#fff;border-bottom-color:rgb(97.2358208955,113.9731343284,46.2268656716)}.table-h-orange thead{background-color:#fe5000}.table-h-orange thead th{background-color:#fe5000;color:#fff;border-bottom-color:rgb(213.2,67.1496062992,0)}.table-h-orangered thead{background-color:#ff4500}.table-h-orangered thead th{background-color:#ff4500;color:#fff;border-bottom-color:rgb(214.2,57.96,0)}.table-h-papaya thead{background-color:#ffefd5}.table-h-papaya thead th{background-color:#ffefd5;color:#1a1a1a;border-bottom-color:rgb(255,223.4571428571,172.2)}.table-h-peru thead{background-color:peru}.table-h-peru thead th{background-color:peru;color:#1a1a1a;border-bottom-color:rgb(180.2578512397,112.6611570248,46.9421487603)}.table-h-pink thead{background-color:hotpink}.table-h-pink thead th{background-color:hotpink;color:#1a1a1a;border-bottom-color:rgb(255,64.2,159.6)}.table-h-primary thead{background-color:#003876}.table-h-primary thead th{background-color:#003876;color:#fff;border-bottom-color:rgb(0,36.6372881356,77.2)}.table-h-purple thead{background-color:purple}.table-h-purple thead th{background-color:purple;color:#fff;border-bottom-color:rgb(87.2,0,87.2)}.table-h-red thead{background-color:#ce1126}.table-h-red thead th{background-color:#ce1126;color:#fff;border-bottom-color:rgb(168.3103139013,13.8896860987,31.0475336323)}.table-h-rose thead{background-color:#b85c7a}.table-h-rose thead th{background-color:#b85c7a;color:#fff;border-bottom-color:rgb(163.8358974359,71.3641025641,101.5179487179)}.table-h-royal thead{background-color:#4169e1}.table-h-royal thead th{background-color:#4169e1;color:#fff;border-bottom-color:hsl(225,72.7272727273%,48.862745098%)}.table-h-salmon thead{background-color:salmon}.table-h-salmon thead th{background-color:salmon;color:#1a1a1a;border-bottom-color:rgb(248.602739726,92.5095890411,74.597260274)}.table-h-sand thead{background-color:#e6d8c3}.table-h-sand thead th{background-color:#e6d8c3;color:#1a1a1a;border-bottom-color:rgb(218,197.28,166.2)}.table-h-secondary thead{background-color:#6c757d}.table-h-secondary thead th{background-color:#6c757d;color:#fff;border-bottom-color:rgb(89.0884120172,96.5124463519,103.1115879828)}.table-h-sienna thead{background-color:sienna}.table-h-sienna thead th{background-color:sienna;color:#fff;border-bottom-color:rgb(128.156097561,65.68,36.043902439)}.table-h-silver thead{background-color:silver}.table-h-silver thead th{background-color:silver;color:#1a1a1a;border-bottom-color:rgb(171.6,171.6,171.6)}.table-h-sky thead{background-color:#6fa3d8}.table-h-sky thead th{background-color:#6fa3d8;color:#1a1a1a;border-bottom-color:rgb(78.8950819672,142.4885245902,207.3049180328)}.table-h-slate thead{background-color:#4a5d73}.table-h-slate thead th{background-color:#4a5d73;color:#fff;border-bottom-color:rgb(58.0253968254,72.9238095238,90.1746031746)}.table-h-success thead{background-color:#198754}.table-h-success thead th{background-color:#198754;color:#fff;border-bottom-color:rgb(18.625,100.575,62.58)}.table-h-tan thead{background-color:tan}.table-h-tan thead th{background-color:tan;color:#1a1a1a;border-bottom-color:rgb(198.525,160.875,110.675)}.table-h-teal thead{background-color:teal}.table-h-teal thead th{background-color:teal;color:#fff;border-bottom-color:rgb(0,87.2,87.2)}.table-h-tomato thead{background-color:tomato}.table-h-tomato thead th{background-color:tomato;color:#1a1a1a;border-bottom-color:rgb(255,64.4086956522,30.2)}.table-h-turquoise thead{background-color:#40e0d0}.table-h-turquoise thead th{background-color:#40e0d0;color:#1a1a1a;border-bottom-color:hsl(174,72.0720720721%,48.4705882353%)}.table-h-violet thead{background-color:violet}.table-h-violet thead th{background-color:violet;color:#1a1a1a;border-bottom-color:hsl(300,76.0563380282%,64.1568627451%)}.table-h-violetred thead{background-color:#c71585}.table-h-violetred thead th{background-color:#c71585;color:#fff;border-bottom-color:rgb(162.0945454545,17.1054545455,108.3345454545)}.table-h-warning thead{background-color:#ffc107}.table-h-warning thead th{background-color:#ffc107;color:#1a1a1a;border-bottom-color:rgb(221.2,165.9,0)}.table-h-yellow thead{background-color:#efdf00}.table-h-yellow thead th{background-color:#efdf00;color:#1a1a1a;border-bottom-color:rgb(198.2,184.9313807531,0)}.table-h-bitbucket thead{background-color:#0052cc}.table-h-bitbucket thead th{background-color:#0052cc;color:#fff;border-bottom-color:rgb(0,65.6,163.2)}.table-h-dribbble thead{background-color:#ea4c89}.table-h-dribbble thead th{background-color:#ea4c89;color:#fff;border-bottom-color:rgb(229.716,39.484,112.928)}.table-h-facebook thead{background-color:#1877f2}.table-h-facebook thead th{background-color:#1877f2;color:#fff;border-bottom-color:rgb(11.9983606557,99.6786885246,213.2016393443)}.table-h-flickr thead{background-color:#0063dc}.table-h-flickr thead th{background-color:#0063dc;color:#fff;border-bottom-color:rgb(0,80.64,179.2)}.table-h-github thead{background-color:#181717}.table-h-github thead th{background-color:#181717;color:#fff;border-bottom-color:hsl(0,2.1276595745%,1.2156862745%)}.table-h-google thead{background-color:#db4437}.table-h-google thead th{background-color:#db4437;color:#fff;border-bottom-color:hsl(4.756097561,69.4915254237%,45.7254901961%)}.table-h-instagram thead{background-color:#e4405f}.table-h-instagram thead th{background-color:#e4405f;color:#fff;border-bottom-color:rgb(220.0880733945,31.1119266055,66.8330275229)}.table-h-pinterest thead{background-color:#bd081c}.table-h-pinterest thead th{background-color:#bd081c;color:#fff;border-bottom-color:rgb(149.8568527919,6.3431472081,22.2010152284)}.table-h-twitter thead{background-color:#1da1f2}.table-h-twitter thead th{background-color:#1da1f2;color:#1a1a1a;border-bottom-color:rgb(12.5213389121,139.6610878661,217.6786610879)}.table-h-vimeo thead{background-color:#1ab7ea}.table-h-vimeo thead th{background-color:#1ab7ea;color:#1a1a1a;border-bottom-color:rgb(18.4128,156.0704,200.7872)}.table-h-youtube thead{background-color:red}.table-h-youtube thead th{background-color:red;color:#fff;border-bottom-color:rgb(214.2,0,0)}.table-h-gray-100 thead{background-color:#f8f9fa}.table-h-gray-100 thead th{background-color:#f8f9fa;color:#1a1a1a;border-bottom-color:rgb(224.2,228.6,233)}.table-h-gray-200 thead{background-color:#e9ecef}.table-h-gray-200 thead th{background-color:#e9ecef;color:#1a1a1a;border-bottom-color:hsl(210,15.7894736842%,84.5490196078%)}.table-h-gray-300 thead{background-color:#dee2e6}.table-h-gray-300 thead th{background-color:#dee2e6;color:#1a1a1a;border-bottom-color:hsl(210,13.7931034483%,80.6274509804%)}.table-h-gray-400 thead{background-color:#ced4da}.table-h-gray-400 thead th{background-color:#ced4da;color:#1a1a1a;border-bottom-color:hsl(210,13.9534883721%,75.137254902%)}.table-h-gray-500 thead{background-color:#adb5bd}.table-h-gray-500 thead th{background-color:#adb5bd;color:#1a1a1a;border-bottom-color:hsl(210,10.8108108108%,62.9803921569%)}.table-h-gray-600 thead{background-color:#6c757d}.table-h-gray-600 thead th{background-color:#6c757d;color:#fff;border-bottom-color:rgb(89.0884120172,96.5124463519,103.1115879828)}.table-h-gray-700 thead{background-color:#495057}.table-h-gray-700 thead th{background-color:#495057;color:#fff;border-bottom-color:rgb(54.385,59.6,64.815)}.table-h-gray-800 thead{background-color:#343a40}.table-h-gray-800 thead th{background-color:#343a40;color:#fff;border-bottom-color:rgb(33.7103448276,37.6,41.4896551724)}.table-h-gray-900 thead{background-color:#212529}.table-h-gray-900 thead th{background-color:#212529;color:#fff;border-bottom-color:rgb(14.8054054054,16.6,18.3945945946)}.text-sm{font-size:.75rem}.text-lg{font-size:.925rem}b,strong{font-weight:600}pre.snippet{white-space:pre-wrap;word-wrap:break-word;text-align:justify}a{cursor:pointer}.wrapper{align-items:stretch;display:flex;width:100%;background:#002144}.info-box{border-radius:.2rem;position:relative;display:flex;width:100%;min-height:80px;padding:.5rem;margin-bottom:1rem;color:#343a40;background-color:#f8f9fa}.info-box .progress{height:2px;margin:5px 0;background-color:hsla(0,0%,100%,.125)}.info-box .progress.prgress-baraqua{background-color:aqua}.info-box .progress.prgress-barbeige{background-color:beige}.info-box .progress.prgress-barbisque{background-color:bisque}.info-box .progress.prgress-barblack{background-color:#1a1a1a}.info-box .progress.prgress-barblue{background-color:#003876}.info-box .progress.prgress-barblueviolet{background-color:#8a2be2}.info-box .progress.prgress-barbrown{background-color:brown}.info-box .progress.prgress-barburly{background-color:#deb887}.info-box .progress.prgress-barcadet{background-color:#5f9ea0}.info-box .progress.prgress-barcharcoal{background-color:#2b2f36}.info-box .progress.prgress-barchocolate{background-color:#d2691e}.info-box .progress.prgress-barcoral{background-color:#c65a4a}.info-box .progress.prgress-barcrimson{background-color:crimson}.info-box .progress.prgress-barcyan{background-color:aqua}.info-box .progress.prgress-bardanger{background-color:#ce1126}.info-box .progress.prgress-bardark{background-color:#2b2f36}.info-box .progress.prgress-bardeep{background-color:#ff1493}.info-box .progress.prgress-bardodger{background-color:#1e90ff}.info-box .progress.prgress-barfire{background-color:#b22222}.info-box .progress.prgress-bargold{background-color:#c9a227}.info-box .progress.prgress-bargoldenrod{background-color:#daa520}.info-box .progress.prgress-bargray{background-color:#708090}.info-box .progress.prgress-bargreen{background-color:#087208}.info-box .progress.prgress-barindian{background-color:#cd5c5c}.info-box .progress.prgress-barindigo{background-color:#0a0a0a}.info-box .progress.prgress-barinfo{background-color:aqua}.info-box .progress.prgress-barlemon{background-color:#fffacd}.info-box .progress.prgress-barlight{background-color:#f5f7fb}.info-box .progress.prgress-barlime{background-color:lime}.info-box .progress.prgress-barmagenta{background-color:#f0f}.info-box .progress.prgress-barmaroon{background-color:maroon}.info-box .progress.prgress-barmidnight{background-color:#191970}.info-box .progress.prgress-barmint{background-color:#5fb3a2}.info-box .progress.prgress-barmoccasin{background-color:#ffe4b5}.info-box .progress.prgress-barnavy{background-color:#183a5d}.info-box .progress.prgress-barnavajo{background-color:#ffdead}.info-box .progress.prgress-barolive{background-color:#7a8f3a}.info-box .progress.prgress-barorange{background-color:#fe5000}.info-box .progress.prgress-barorangered{background-color:#ff4500}.info-box .progress.prgress-barpapaya{background-color:#ffefd5}.info-box .progress.prgress-barperu{background-color:peru}.info-box .progress.prgress-barpink{background-color:hotpink}.info-box .progress.prgress-barprimary{background-color:#003876}.info-box .progress.prgress-barpurple{background-color:purple}.info-box .progress.prgress-barred{background-color:#ce1126}.info-box .progress.prgress-barrose{background-color:#b85c7a}.info-box .progress.prgress-barroyal{background-color:#4169e1}.info-box .progress.prgress-barsalmon{background-color:salmon}.info-box .progress.prgress-barsand{background-color:#e6d8c3}.info-box .progress.prgress-barsecondary{background-color:#6c757d}.info-box .progress.prgress-barsienna{background-color:sienna}.info-box .progress.prgress-barsilver{background-color:silver}.info-box .progress.prgress-barsky{background-color:#6fa3d8}.info-box .progress.prgress-barslate{background-color:#4a5d73}.info-box .progress.prgress-barsuccess{background-color:#198754}.info-box .progress.prgress-bartan{background-color:tan}.info-box .progress.prgress-barteal{background-color:teal}.info-box .progress.prgress-bartomato{background-color:tomato}.info-box .progress.prgress-barturquoise{background-color:#40e0d0}.info-box .progress.prgress-barviolet{background-color:violet}.info-box .progress.prgress-barvioletred{background-color:#c71585}.info-box .progress.prgress-barwarning{background-color:#ffc107}.info-box .progress.prgress-baryellow{background-color:#efdf00}.info-box .progress.prgress-barbitbucket{background-color:#0052cc}.info-box .progress.prgress-bardribbble{background-color:#ea4c89}.info-box .progress.prgress-barfacebook{background-color:#1877f2}.info-box .progress.prgress-barflickr{background-color:#0063dc}.info-box .progress.prgress-bargithub{background-color:#181717}.info-box .progress.prgress-bargoogle{background-color:#db4437}.info-box .progress.prgress-barinstagram{background-color:#e4405f}.info-box .progress.prgress-barpinterest{background-color:#bd081c}.info-box .progress.prgress-bartwitter{background-color:#1da1f2}.info-box .progress.prgress-barvimeo{background-color:#1ab7ea}.info-box .progress.prgress-baryoutube{background-color:red}.info-box .info-box-icon{display:flex;align-items:center;justify-content:center;width:70px;font-size:1.875rem;text-align:center;border-radius:.2rem}.info-box .info-box-icon>img{max-width:100%}.info-box .info-box-content{display:flex;flex:1;flex-direction:column;justify-content:center;padding:0 10px;line-height:1.8}.info-box .info-box-number{display:block;margin-top:.25rem;font-weight:600}.info-box .progress-description,.info-box .info-box-text{display:block;overflow:hidden;text-overflow:ellipsis;white-space:nowrap}.info-box .info-box-more{display:block}.info-box .progress-description{margin:0}@media(min-width: 768px){.col-xl-2 .info-box .progress-description,.col-lg-2 .info-box .progress-description,.col-md-2 .info-box .progress-description{display:none}.col-xl-3 .info-box .progress-description,.col-lg-3 .info-box .progress-description,.col-md-3 .info-box .progress-description{display:none}}@media(min-width: 992px){.col-xl-2 .info-box .progress-description,.col-lg-2 .info-box .progress-description,.col-md-2 .info-box .progress-description{font-size:0.75rem;display:block}.col-xl-3 .info-box .progress-description,.col-lg-3 .info-box .progress-description,.col-md-3 .info-box .progress-description{font-size:0.75rem;display:block}}@media(min-width: 1200px){.col-xl-2 .info-box .progress-description,.col-lg-2 .info-box .progress-description,.col-md-2 .info-box .progress-description{font-size:1rem;display:block}.col-xl-3 .info-box .progress-description,.col-lg-3 .info-box .progress-description,.col-md-3 .info-box .progress-description{font-size:1rem;display:block}}.nav-tabs-iframe{scrollbar-width:none;-ms-overflow-style:none}.nav-tabs-iframe::-webkit-scrollbar{display:none}.nav-tabs-iframe .nav-item{white-space:nowrap}.nav-tabs-iframe .nav-link{border-radius:0;border:0;border-right:1px solid #dee2e6;padding:.6rem 1.2rem;height:100%;color:#495057;background:#e9ecef;position:relative;font-size:.85rem;display:flex;align-items:center}.nav-tabs-iframe .nav-link.active{background:#fff;color:#003876;color:var(--bs-primary);font-weight:600}.nav-tabs-iframe .nav-link.active::after{content:\"\";position:absolute;bottom:0;left:0;right:0;height:2px;background:#003876;background:var(--bs-primary)}.tab-close{font-size:1.1rem;line-height:1;margin-left:8px;opacity:.5;transition:opacity .2s}.tab-close:hover{opacity:1;color:#CE1126;color:var(--bs-danger)}.panel-mode-container iframe{background:#fff;width:100%;height:100%}.auth-body{background:url(" + ___CSS_LOADER_URL_REPLACEMENT_16___ + ") no-repeat center center fixed;background-size:cover;height:100vh;display:flex;align-items:center;justify-content:center;font-family:\"Inter\",sans-serif}.auth-body::before{content:\"\";position:absolute;top:0;left:0;right:0;bottom:0;background:linear-gradient(135deg, rgba(0, 56, 118, 0.7) 0%, rgba(0, 0, 0, 0.4) 100%);z-index:1}.auth-body .container{position:relative;z-index:2}.auth-body .card{background:#fff;border:none;box-shadow:0 10px 40px rgba(0,0,0,.2);border-radius:12px;overflow:hidden}.auth-body .card .card-body{padding:3rem}.auth-body .card .card-title{color:#003876;font-weight:800;margin-bottom:2rem;text-transform:uppercase;letter-spacing:.5px}.auth-body .form-label{color:#495057;font-weight:600;font-size:.85rem;text-transform:uppercase;margin-bottom:.5rem}.auth-body .form-control{background:#f8f9fa;border:2px solid #e9ecef;color:#212529;border-radius:8px;padding:.8rem 1rem;font-weight:500;transition:all .2s}.auth-body .form-control:focus{background:#fff;border-color:#003876;box-shadow:0 0 0 4px rgba(0,56,118,.1)}.auth-body .form-control::-moz-placeholder{color:#ced4da}.auth-body .form-control::placeholder{color:#ced4da}.auth-body .btn-primary{background:#003876;border:none;border-radius:8px;padding:.9rem;font-weight:700;text-transform:uppercase;letter-spacing:1px;transition:all .3s}.auth-body .btn-primary:hover{background:rgb(0,31.7966101695,67);transform:translateY(-1px);box-shadow:0 5px 15px rgba(0,56,118,.3)}.auth-body .auth-footer{color:#fff;text-shadow:0 2px 4px rgba(0,0,0,.2)}.auth-body .auth-footer a{color:#fff;text-decoration:none;font-weight:700;border-bottom:2px solid rgba(0,0,0,0);transition:all .2s}.auth-body .auth-footer a:hover{border-bottom-color:#fff}.lock-avatar{width:110px;height:110px;border-radius:50%;border:4px solid #fff;margin:0 auto 1.5rem;box-shadow:0 5px 15px rgba(0,0,0,.1);-o-object-fit:cover;object-fit:cover}.cursor-grab{cursor:move;cursor:grab;cursor:-webkit-grab}.cursor-pointer{cursor:pointer}.flatpickr-calendar{background:transparent;opacity:0;display:none;text-align:center;visibility:hidden;padding:0;animation:none;direction:ltr;border:0;font-size:14px;line-height:24px;border-radius:5px;position:absolute;width:307.875px;box-sizing:border-box;touch-action:manipulation;background:#fff;box-shadow:1px 0 0 #e6e6e6,-1px 0 0 #e6e6e6,0 1px 0 #e6e6e6,0 -1px 0 #e6e6e6,0 3px 13px rgba(0, 0, 0, 0.08)}.flatpickr-calendar.open,.flatpickr-calendar.inline{opacity:1;max-height:640px;visibility:visible}.flatpickr-calendar.open{display:inline-block;z-index:99999}.flatpickr-calendar.animate.open{animation:fpFadeInDown 300ms cubic-bezier(0.23, 1, 0.32, 1)}.flatpickr-calendar.inline{display:block;position:relative;top:2px}.flatpickr-calendar.static{position:absolute;top:calc(100% + 2px)}.flatpickr-calendar.static.open{z-index:999;display:block}.flatpickr-calendar.multiMonth .flatpickr-days .dayContainer:nth-child(n+1) .flatpickr-day.inRange:nth-child(7n+7){box-shadow:none !important}.flatpickr-calendar.multiMonth .flatpickr-days .dayContainer:nth-child(n+2) .flatpickr-day.inRange:nth-child(7n+1){box-shadow:-2px 0 0 #e6e6e6,5px 0 0 #e6e6e6}.flatpickr-calendar .hasWeeks .dayContainer,.flatpickr-calendar .hasTime .dayContainer{border-bottom:0;border-bottom-right-radius:0;border-bottom-left-radius:0}.flatpickr-calendar .hasWeeks .dayContainer{border-left:0}.flatpickr-calendar.hasTime .flatpickr-time{height:40px;border-top:1px solid #e6e6e6}.flatpickr-calendar.noCalendar.hasTime .flatpickr-time{height:auto}.flatpickr-calendar:before,.flatpickr-calendar:after{position:absolute;display:block;pointer-events:none;border:solid transparent;content:\"\";height:0;width:0;left:22px}.flatpickr-calendar.rightMost:before,.flatpickr-calendar.arrowRight:before,.flatpickr-calendar.rightMost:after,.flatpickr-calendar.arrowRight:after{left:auto;right:22px}.flatpickr-calendar.arrowCenter:before,.flatpickr-calendar.arrowCenter:after{left:50%;right:50%}.flatpickr-calendar:before{border-width:5px;margin:0 -5px}.flatpickr-calendar:after{border-width:4px;margin:0 -4px}.flatpickr-calendar.arrowTop:before,.flatpickr-calendar.arrowTop:after{bottom:100%}.flatpickr-calendar.arrowTop:before{border-bottom-color:#e6e6e6}.flatpickr-calendar.arrowTop:after{border-bottom-color:#fff}.flatpickr-calendar.arrowBottom:before,.flatpickr-calendar.arrowBottom:after{top:100%}.flatpickr-calendar.arrowBottom:before{border-top-color:#e6e6e6}.flatpickr-calendar.arrowBottom:after{border-top-color:#fff}.flatpickr-calendar:focus{outline:0}.flatpickr-wrapper{position:relative;display:inline-block}.flatpickr-months{display:flex}.flatpickr-months .flatpickr-month{background:transparent;color:rgba(0, 0, 0, 0.9);fill:rgba(0, 0, 0, 0.9);height:34px;line-height:1;text-align:center;position:relative;-webkit-user-select:none;-moz-user-select:none;user-select:none;overflow:hidden;flex:1}.flatpickr-months .flatpickr-prev-month,.flatpickr-months .flatpickr-next-month{-webkit-user-select:none;-moz-user-select:none;user-select:none;text-decoration:none;cursor:pointer;position:absolute;top:0;height:34px;padding:10px;z-index:3;color:rgba(0, 0, 0, 0.9);fill:rgba(0, 0, 0, 0.9)}.flatpickr-months .flatpickr-prev-month.flatpickr-disabled,.flatpickr-months .flatpickr-next-month.flatpickr-disabled{display:none}.flatpickr-months .flatpickr-prev-month i,.flatpickr-months .flatpickr-next-month i{position:relative}.flatpickr-months .flatpickr-prev-month.flatpickr-prev-month,.flatpickr-months .flatpickr-next-month.flatpickr-prev-month{left:0}.flatpickr-months .flatpickr-prev-month.flatpickr-next-month,.flatpickr-months .flatpickr-next-month.flatpickr-next-month{right:0}.flatpickr-months .flatpickr-prev-month:hover,.flatpickr-months .flatpickr-next-month:hover{color:#959ea9}.flatpickr-months .flatpickr-prev-month:hover svg,.flatpickr-months .flatpickr-next-month:hover svg{fill:#f64747}.flatpickr-months .flatpickr-prev-month svg,.flatpickr-months .flatpickr-next-month svg{width:14px;height:14px}.flatpickr-months .flatpickr-prev-month svg path,.flatpickr-months .flatpickr-next-month svg path{transition:fill .1s;fill:inherit}.numInputWrapper{position:relative;height:auto}.numInputWrapper input,.numInputWrapper span{display:inline-block}.numInputWrapper input{width:100%}.numInputWrapper input::-ms-clear{display:none}.numInputWrapper input::-webkit-outer-spin-button,.numInputWrapper input::-webkit-inner-spin-button{margin:0;-webkit-appearance:none}.numInputWrapper span{position:absolute;right:0;width:14px;padding:0 4px 0 2px;height:50%;line-height:50%;opacity:0;cursor:pointer;border:1px solid rgba(57, 57, 57, 0.15);box-sizing:border-box}.numInputWrapper span:hover{background:rgba(0, 0, 0, 0.1)}.numInputWrapper span:active{background:rgba(0, 0, 0, 0.2)}.numInputWrapper span:after{display:block;content:\"\";position:absolute}.numInputWrapper span.arrowUp{top:0;border-bottom:0}.numInputWrapper span.arrowUp:after{border-left:4px solid transparent;border-right:4px solid transparent;border-bottom:4px solid rgba(57, 57, 57, 0.6);top:26%}.numInputWrapper span.arrowDown{top:50%}.numInputWrapper span.arrowDown:after{border-left:4px solid transparent;border-right:4px solid transparent;border-top:4px solid rgba(57, 57, 57, 0.6);top:40%}.numInputWrapper span svg{width:inherit;height:auto}.numInputWrapper span svg path{fill:rgba(0, 0, 0, 0.5)}.numInputWrapper:hover{background:rgba(0, 0, 0, 0.05)}.numInputWrapper:hover span{opacity:1}.flatpickr-current-month{font-size:135%;line-height:inherit;font-weight:300;color:inherit;position:absolute;width:75%;left:12.5%;padding:7.48px 0 0 0;line-height:1;height:34px;display:inline-block;text-align:center;transform:translate3d(0, 0, 0)}.flatpickr-current-month span.cur-month{font-family:inherit;font-weight:700;color:inherit;display:inline-block;margin-left:.5ch;padding:0}.flatpickr-current-month span.cur-month:hover{background:rgba(0, 0, 0, 0.05)}.flatpickr-current-month .numInputWrapper{width:6ch;width:7ch\\0 ;display:inline-block}.flatpickr-current-month .numInputWrapper span.arrowUp:after{border-bottom-color:rgba(0, 0, 0, 0.9)}.flatpickr-current-month .numInputWrapper span.arrowDown:after{border-top-color:rgba(0, 0, 0, 0.9)}.flatpickr-current-month input.cur-year{background:transparent;box-sizing:border-box;color:inherit;cursor:text;padding:0 0 0 .5ch;margin:0;display:inline-block;font-size:inherit;font-family:inherit;font-weight:300;line-height:inherit;height:auto;border:0;border-radius:0;vertical-align:baseline;vertical-align:initial;-webkit-appearance:textfield;-moz-appearance:textfield;appearance:textfield}.flatpickr-current-month input.cur-year:focus{outline:0}.flatpickr-current-month input.cur-year[disabled],.flatpickr-current-month input.cur-year[disabled]:hover{font-size:100%;color:rgba(0, 0, 0, 0.5);background:transparent;pointer-events:none}.flatpickr-current-month .flatpickr-monthDropdown-months{appearance:menulist;background:transparent;border:none;border-radius:0;box-sizing:border-box;color:inherit;cursor:pointer;font-size:inherit;font-family:inherit;font-weight:300;height:auto;line-height:inherit;margin:-1px 0 0 0;outline:none;padding:0 0 0 .5ch;position:relative;vertical-align:baseline;vertical-align:initial;-webkit-box-sizing:border-box;-webkit-appearance:menulist;-moz-appearance:menulist;width:auto}.flatpickr-current-month .flatpickr-monthDropdown-months:focus,.flatpickr-current-month .flatpickr-monthDropdown-months:active{outline:none}.flatpickr-current-month .flatpickr-monthDropdown-months:hover{background:rgba(0, 0, 0, 0.05)}.flatpickr-current-month .flatpickr-monthDropdown-months .flatpickr-monthDropdown-month{background-color:transparent;outline:none;padding:0}.flatpickr-weekdays{background:transparent;text-align:center;overflow:hidden;width:100%;display:flex;align-items:center;height:28px}.flatpickr-weekdays .flatpickr-weekdaycontainer{display:flex;flex:1}span.flatpickr-weekday{cursor:default;font-size:90%;background:transparent;color:rgba(0, 0, 0, 0.54);line-height:1;margin:0;text-align:center;display:block;flex:1;font-weight:bolder}.dayContainer,.flatpickr-weeks{padding:1px 0 0 0}.flatpickr-days{position:relative;overflow:hidden;display:flex;align-items:flex-start;width:307.875px}.flatpickr-days:focus{outline:0}.dayContainer{padding:0;outline:0;text-align:left;width:307.875px;min-width:307.875px;max-width:307.875px;box-sizing:border-box;display:inline-block;display:flex;flex-wrap:wrap;-ms-flex-wrap:wrap;justify-content:space-around;transform:translate3d(0, 0, 0);opacity:1}.dayContainer+.dayContainer{box-shadow:-1px 0 0 #e6e6e6}.flatpickr-day{background:none;border:1px solid transparent;border-radius:150px;box-sizing:border-box;color:#393939;cursor:pointer;font-weight:400;width:14.2857143%;flex-basis:14.2857143%;max-width:39px;height:39px;line-height:39px;margin:0;display:inline-block;position:relative;justify-content:center;text-align:center}.flatpickr-day.inRange,.flatpickr-day.prevMonthDay.inRange,.flatpickr-day.nextMonthDay.inRange,.flatpickr-day.today.inRange,.flatpickr-day.prevMonthDay.today.inRange,.flatpickr-day.nextMonthDay.today.inRange,.flatpickr-day:hover,.flatpickr-day.prevMonthDay:hover,.flatpickr-day.nextMonthDay:hover,.flatpickr-day:focus,.flatpickr-day.prevMonthDay:focus,.flatpickr-day.nextMonthDay:focus{cursor:pointer;outline:0;background:#e6e6e6;border-color:#e6e6e6}.flatpickr-day.today{border-color:#959ea9}.flatpickr-day.today:hover,.flatpickr-day.today:focus{border-color:#959ea9;background:#959ea9;color:#fff}.flatpickr-day.selected,.flatpickr-day.startRange,.flatpickr-day.endRange,.flatpickr-day.selected.inRange,.flatpickr-day.startRange.inRange,.flatpickr-day.endRange.inRange,.flatpickr-day.selected:focus,.flatpickr-day.startRange:focus,.flatpickr-day.endRange:focus,.flatpickr-day.selected:hover,.flatpickr-day.startRange:hover,.flatpickr-day.endRange:hover,.flatpickr-day.selected.prevMonthDay,.flatpickr-day.startRange.prevMonthDay,.flatpickr-day.endRange.prevMonthDay,.flatpickr-day.selected.nextMonthDay,.flatpickr-day.startRange.nextMonthDay,.flatpickr-day.endRange.nextMonthDay{background:#569ff7;box-shadow:none;color:#fff;border-color:#569ff7}.flatpickr-day.selected.startRange,.flatpickr-day.startRange.startRange,.flatpickr-day.endRange.startRange{border-radius:50px 0 0 50px}.flatpickr-day.selected.endRange,.flatpickr-day.startRange.endRange,.flatpickr-day.endRange.endRange{border-radius:0 50px 50px 0}.flatpickr-day.selected.startRange+.endRange:not(:nth-child(7n+1)),.flatpickr-day.startRange.startRange+.endRange:not(:nth-child(7n+1)),.flatpickr-day.endRange.startRange+.endRange:not(:nth-child(7n+1)){box-shadow:-10px 0 0 #569ff7}.flatpickr-day.selected.startRange.endRange,.flatpickr-day.startRange.startRange.endRange,.flatpickr-day.endRange.startRange.endRange{border-radius:50px}.flatpickr-day.inRange{border-radius:0;box-shadow:-5px 0 0 #e6e6e6,5px 0 0 #e6e6e6}.flatpickr-day.flatpickr-disabled,.flatpickr-day.flatpickr-disabled:hover,.flatpickr-day.prevMonthDay,.flatpickr-day.nextMonthDay,.flatpickr-day.notAllowed,.flatpickr-day.notAllowed.prevMonthDay,.flatpickr-day.notAllowed.nextMonthDay{color:rgba(57, 57, 57, 0.3);background:transparent;border-color:transparent;cursor:default}.flatpickr-day.flatpickr-disabled,.flatpickr-day.flatpickr-disabled:hover{cursor:not-allowed;color:rgba(57, 57, 57, 0.1)}.flatpickr-day.week.selected{border-radius:0;box-shadow:-5px 0 0 #569ff7,5px 0 0 #569ff7}.flatpickr-day.hidden{visibility:hidden}.rangeMode .flatpickr-day{margin-top:1px}.flatpickr-weekwrapper{float:left}.flatpickr-weekwrapper .flatpickr-weeks{padding:0 12px;box-shadow:1px 0 0 #e6e6e6}.flatpickr-weekwrapper .flatpickr-weekday{float:none;width:100%;line-height:28px}.flatpickr-weekwrapper span.flatpickr-day,.flatpickr-weekwrapper span.flatpickr-day:hover{display:block;width:100%;max-width:none;color:rgba(57, 57, 57, 0.3);background:transparent;cursor:default;border:none}.flatpickr-innerContainer{display:block;display:flex;box-sizing:border-box;overflow:hidden}.flatpickr-rContainer{display:inline-block;padding:0;box-sizing:border-box}.flatpickr-time{text-align:center;outline:0;display:block;height:0;line-height:40px;max-height:40px;box-sizing:border-box;overflow:hidden;display:flex}.flatpickr-time:after{content:\"\";display:table;clear:both}.flatpickr-time .numInputWrapper{flex:1;width:40%;height:40px;float:left}.flatpickr-time .numInputWrapper span.arrowUp:after{border-bottom-color:#393939}.flatpickr-time .numInputWrapper span.arrowDown:after{border-top-color:#393939}.flatpickr-time.hasSeconds .numInputWrapper{width:26%}.flatpickr-time.time24hr .numInputWrapper{width:49%}.flatpickr-time input{background:transparent;box-shadow:none;border:0;border-radius:0;text-align:center;margin:0;padding:0;height:inherit;line-height:inherit;color:#393939;font-size:14px;position:relative;box-sizing:border-box;-webkit-appearance:textfield;-moz-appearance:textfield;appearance:textfield}.flatpickr-time input.flatpickr-hour{font-weight:bold}.flatpickr-time input.flatpickr-minute,.flatpickr-time input.flatpickr-second{font-weight:400}.flatpickr-time input:focus{outline:0;border:0}.flatpickr-time .flatpickr-time-separator,.flatpickr-time .flatpickr-am-pm{height:inherit;float:left;line-height:inherit;color:#393939;font-weight:bold;width:2%;-webkit-user-select:none;-moz-user-select:none;user-select:none;align-self:center}.flatpickr-time .flatpickr-am-pm{outline:0;width:18%;cursor:pointer;text-align:center;font-weight:400}.flatpickr-time input:hover,.flatpickr-time .flatpickr-am-pm:hover,.flatpickr-time input:focus,.flatpickr-time .flatpickr-am-pm:focus{background:#eee}.flatpickr-input[readonly]{cursor:pointer}@keyframes fpFadeInDown{from{opacity:0;transform:translate3d(0, -20px, 0)}to{opacity:1;transform:translate3d(0, 0, 0)}}.flatpickr-calendar.inline{background:rgba(0,0,0,0);box-shadow:none;width:100%}.flatpickr-calendar.inline .flatpickr-days{width:100%}.flatpickr-calendar.inline .dayContainer{width:100%;min-width:100%;max-width:100%}.flatpickr-calendar.inline .flatpickr-day{border-radius:.2rem;max-width:inherit;height:45px;line-height:45px}.flatpickr-calendar.inline .flatpickr-day.today{border:0}.flatpickr-calendar.inline .flatpickr-day.today:before{content:\"\";display:inline-block;border-color:rgba(0,0,0,.2) rgba(0,0,0,0) #003876;border-style:solid;border-width:0 0 7px 7px;position:absolute;bottom:4px;right:4px}.flatpickr-calendar.inline .flatpickr-day.today.selected:before{border-color:rgba(0,0,0,.2) rgba(0,0,0,0) #fff}.flatpickr-calendar.inline .flatpickr-day.today:hover{background:#e6e6e6;color:#1a1a1a}.flatpickr-calendar.inline .flatpickr-day.selected,.flatpickr-calendar.inline .flatpickr-day.selected:hover,.flatpickr-calendar.inline .flatpickr-day.selected:focus{border-radius:.2rem;background:#003876;color:#fff}.flatpickr-calendar.inline .flatpickr-weekdays{height:45px}.flatpickr-calendar.inline .flatpickr-weekday{height:45px;line-height:45px}.flatpickr-calendar.inline .flatpickr-months .flatpickr-month{height:45px}.flatpickr-calendar.inline .flatpickr-months .flatpickr-prev-month,.flatpickr-calendar.inline .flatpickr-months .flatpickr-next-month{height:45px}.flatpickr-calendar.inline .flatpickr-current-month{padding-top:0;line-height:45px;height:45px}.flatpickr-calendar.inline .flatpickr-current-month .flatpickr-monthDropdown-months{-webkit-appearance:none;-moz-appearance:none;appearance:none}.flatpickr-calendar.inline .flatpickr-current-month .flatpickr-monthDropdown-months,.flatpickr-calendar.inline .flatpickr-current-month input.cur-year{font-weight:400;font-size:1.09375rem}.flatpickr-calendar.inline .flatpickr-prev-month,.flatpickr-calendar.inline .flatpickr-next-month{width:45px;border-radius:.2rem}.flatpickr-calendar.inline .flatpickr-prev-month:hover,.flatpickr-calendar.inline .flatpickr-next-month:hover{background:#e6e6e6;color:#1a1a1a}[data-simplebar]{position:relative;flex-direction:column;flex-wrap:wrap;justify-content:flex-start;align-content:flex-start;align-items:flex-start}.simplebar-wrapper{overflow:hidden;width:inherit;height:inherit;max-width:inherit;max-height:inherit}.simplebar-mask{direction:inherit;position:absolute;overflow:hidden;padding:0;margin:0;left:0;top:0;bottom:0;right:0;width:auto !important;height:auto !important;z-index:0}.simplebar-offset{direction:inherit !important;box-sizing:inherit !important;resize:none !important;position:absolute;top:0;left:0;bottom:0;right:0;padding:0;margin:0;-webkit-overflow-scrolling:touch}.simplebar-content-wrapper{direction:inherit;box-sizing:border-box !important;position:relative;display:block;height:100%;width:auto;max-width:100%;max-height:100%;overflow:auto;scrollbar-width:none;-ms-overflow-style:none}.simplebar-content-wrapper::-webkit-scrollbar,.simplebar-hide-scrollbar::-webkit-scrollbar{display:none;width:0;height:0}.simplebar-content:after,.simplebar-content:before{content:\" \";display:table}.simplebar-placeholder{max-height:100%;max-width:100%;width:100%;pointer-events:none}.simplebar-height-auto-observer-wrapper{box-sizing:inherit !important;height:100%;width:100%;max-width:1px;position:relative;float:left;max-height:1px;overflow:hidden;z-index:-1;padding:0;margin:0;pointer-events:none;flex-grow:inherit;flex-shrink:0;flex-basis:0}.simplebar-height-auto-observer{box-sizing:inherit;display:block;opacity:0;position:absolute;top:0;left:0;height:1000%;width:1000%;min-height:1px;min-width:1px;overflow:hidden;pointer-events:none;z-index:-1}.simplebar-track{z-index:1;position:absolute;right:0;bottom:0;pointer-events:none;overflow:hidden}[data-simplebar].simplebar-dragging{pointer-events:none;-webkit-touch-callout:none;-webkit-user-select:none;-moz-user-select:none;user-select:none}[data-simplebar].simplebar-dragging .simplebar-content{pointer-events:none;-webkit-touch-callout:none;-webkit-user-select:none;-moz-user-select:none;user-select:none}[data-simplebar].simplebar-dragging .simplebar-track{pointer-events:all}.simplebar-scrollbar{position:absolute;left:0;right:0;min-height:10px}.simplebar-scrollbar:before{position:absolute;content:\"\";background:#000;border-radius:7px;left:2px;right:2px;opacity:0;transition:opacity .2s .5s linear}.simplebar-scrollbar.simplebar-visible:before{opacity:.5;transition-delay:0s;transition-duration:0s}.simplebar-track.simplebar-vertical{top:0;width:11px}.simplebar-scrollbar:before{top:2px;bottom:2px;left:2px;right:2px}.simplebar-track.simplebar-horizontal{left:0;height:11px}.simplebar-track.simplebar-horizontal .simplebar-scrollbar{right:auto;left:0;top:0;bottom:0;min-height:0;min-width:10px;width:auto}[data-simplebar-direction=rtl] .simplebar-track.simplebar-vertical{right:auto;left:0}.simplebar-dummy-scrollbar-size{direction:rtl;position:fixed;opacity:0;visibility:hidden;height:500px;width:500px;overflow-y:hidden;overflow-x:scroll;-ms-overflow-style:scrollbar !important}.simplebar-dummy-scrollbar-size>div{width:200%;height:200%;margin:10px 0}.simplebar-hide-scrollbar{position:fixed;left:0;visibility:hidden;overflow-y:scroll;scrollbar-width:none;-ms-overflow-style:none}.simplebar-scrollbar:before{background:#fff}.simplebar-content{display:flex;flex-direction:column;height:100vh;padding-bottom:0 !important}[data-simplebar]{position:-webkit-sticky;position:sticky;top:0;left:0;width:260px}:root{--jvm-border-color: #E5E6E7;--jvm-box-shadow: 0 1px 2px 0 rgba(0, 0, 0, 0.05);--jvm-tooltip-font-size: 0.9rem;--jvm-tooltip-bg-color: #337FFA;--jvm-tooltip-color: #FFF;--jvm-tooltip-padding: 3px 5px;--jvm-tooltip-shadow: var(--jvm-box-shadow);--jvm-tooltip-radius: 3px;--jvm-zoom-btn-bg-color: #292929;--jvm-zoom-btn-color: #FFF;--jvm-zoom-btn-size: 15px;--jvm-zoom-btn-radius: 3px;--jvm-series-container-right: 15px;--jvm-legend-bg-color: #FFF;--jvm-legend-radius: 0.15rem;--jvm-legend-margin-left: 0.75rem;--jvm-legend-padding: 0.6rem;--jvm-legend-title-padding-bottom: 0.5rem;--jvm-legend-title-margin-bottom: 0.575rem;--jvm-legend-tick-margin-top: 0.575rem;--jvm-legend-tick-sample-radius: 0;--jvm-legend-tick-sample-height: 12px;--jvm-legend-tick-sample-width: 30px;--jvm-legend-tick-text-font-size: 12px;--jvm-legend-tick-text-margin-top: 3px}image,text,.jvm-zoom-btn{-webkit-user-select:none;-moz-user-select:none;user-select:none}.jvm-container{position:relative;height:100%;width:100%}.jvm-tooltip{border-radius:3px;border-radius:var(--jvm-tooltip-radius);background-color:#337FFA;background-color:var(--jvm-tooltip-bg-color);color:#FFF;color:var(--jvm-tooltip-color);font-size:0.9rem;font-size:var(--jvm-tooltip-font-size);box-shadow:0 1px 2px 0 rgba(0, 0, 0, 0.05);box-shadow:var(--jvm-tooltip-shadow);padding:3px 5px;padding:var(--jvm-tooltip-padding);white-space:nowrap;position:absolute;display:none}.jvm-tooltip.active{display:block}.jvm-zoom-btn{background-color:#292929;background-color:var(--jvm-zoom-btn-bg-color);color:#FFF;color:var(--jvm-zoom-btn-color);border-radius:3px;border-radius:var(--jvm-zoom-btn-radius);height:15px;height:var(--jvm-zoom-btn-size);width:15px;width:var(--jvm-zoom-btn-size);box-sizing:border-box;position:absolute;left:10px;line-height:15px;line-height:var(--jvm-zoom-btn-size);text-align:center;cursor:pointer}.jvm-zoom-btn.jvm-zoomin{top:15px;top:var(--jvm-zoom-btn-size)}.jvm-zoom-btn.jvm-zoomout{top:calc(15px*2 + 15px/3);top:calc(var(--jvm-zoom-btn-size)*2 + var(--jvm-zoom-btn-size)/3)}.jvm-series-container{position:absolute;right:15px;right:var(--jvm-series-container-right)}.jvm-series-container.jvm-series-h{bottom:15px}.jvm-series-container.jvm-series-v{display:flex;flex-direction:column;gap:.75rem;top:15px}.jvm-legend{background-color:#FFF;background-color:var(--jvm-legend-bg-color);border:1px solid #E5E6E7;border:1px solid var(--jvm-border-color);margin-left:0.75rem;margin-left:var(--jvm-legend-margin-left);border-radius:0.15rem;border-radius:var(--jvm-legend-radius);padding:0.6rem;padding:var(--jvm-legend-padding);box-shadow:0 1px 2px 0 rgba(0, 0, 0, 0.05);box-shadow:var(--jvm-box-shadow)}.jvm-legend-title{line-height:1;border-bottom:1px solid #E5E6E7;border-bottom:1px solid var(--jvm-border-color);padding-bottom:0.5rem;padding-bottom:var(--jvm-legend-title-padding-bottom);margin-bottom:0.575rem;margin-bottom:var(--jvm-legend-title-margin-bottom);text-align:left}.jvm-legend-tick{display:flex;align-items:center;min-width:40px}.jvm-legend-tick:not(:first-child){margin-top:0.575rem;margin-top:var(--jvm-legend-tick-margin-top)}.jvm-legend-tick-sample{border-radius:0;border-radius:var(--jvm-legend-tick-sample-radius);margin-right:.45rem;height:12px;height:var(--jvm-legend-tick-sample-height);width:30px;width:var(--jvm-legend-tick-sample-width)}.jvm-legend-tick-text{font-size:12px;font-size:var(--jvm-legend-tick-text-font-size);text-align:center;line-height:1}.jvm-line[animation=true]{animation:jvm-line-animation 10s linear forwards infinite}@keyframes jvm-line-animation{from{stroke-dashoffset:250}}:root{--swal2-outline: 0 0 0 3px rgba(100, 150, 200, 0.5);--swal2-container-padding: 0.625em;--swal2-backdrop: rgba(0, 0, 0, 0.4);--swal2-backdrop-transition: background-color 0.15s;--swal2-width: 32em;--swal2-padding: 0 0 1.25em;--swal2-border: none;--swal2-border-radius: 0.3125rem;--swal2-background: white;--swal2-color: #545454;--swal2-show-animation: swal2-show 0.3s;--swal2-hide-animation: swal2-hide 0.15s forwards;--swal2-icon-zoom: 1;--swal2-icon-animations: true;--swal2-title-padding: 0.8em 1em 0;--swal2-html-container-padding: 1em 1.6em 0.3em;--swal2-input-border: 1px solid #d9d9d9;--swal2-input-border-radius: 0.1875em;--swal2-input-box-shadow: inset 0 1px 1px rgba(0, 0, 0, 0.06), 0 0 0 3px transparent;--swal2-input-background: transparent;--swal2-input-transition: border-color 0.2s, box-shadow 0.2s;--swal2-input-hover-box-shadow: inset 0 1px 1px rgba(0, 0, 0, 0.06), 0 0 0 3px transparent;--swal2-input-focus-border: 1px solid #b4dbed;--swal2-input-focus-box-shadow: inset 0 1px 1px rgba(0, 0, 0, 0.06), 0 0 0 3px rgba(100, 150, 200, 0.5);--swal2-progress-step-background: #add8e6;--swal2-validation-message-background: #f0f0f0;--swal2-validation-message-color: #666;--swal2-footer-border-color: #eee;--swal2-footer-background: transparent;--swal2-footer-color: inherit;--swal2-timer-progress-bar-background: rgba(0, 0, 0, 0.3);--swal2-close-button-position: initial;--swal2-close-button-inset: auto;--swal2-close-button-font-size: 2.5em;--swal2-close-button-color: #ccc;--swal2-close-button-transition: color 0.2s, box-shadow 0.2s;--swal2-close-button-outline: initial;--swal2-close-button-box-shadow: inset 0 0 0 3px transparent;--swal2-close-button-focus-box-shadow: inset var(--swal2-outline);--swal2-close-button-hover-transform: none;--swal2-actions-justify-content: center;--swal2-actions-width: auto;--swal2-actions-margin: 1.25em auto 0;--swal2-actions-padding: 0;--swal2-actions-border-radius: 0;--swal2-actions-background: transparent;--swal2-action-button-transition: background-color 0.2s, box-shadow 0.2s;--swal2-action-button-hover: black 10%;--swal2-action-button-active: black 10%;--swal2-confirm-button-box-shadow: none;--swal2-confirm-button-border-radius: 0.25em;--swal2-confirm-button-background-color: #7066e0;--swal2-confirm-button-color: #fff;--swal2-deny-button-box-shadow: none;--swal2-deny-button-border-radius: 0.25em;--swal2-deny-button-background-color: #dc3741;--swal2-deny-button-color: #fff;--swal2-cancel-button-box-shadow: none;--swal2-cancel-button-border-radius: 0.25em;--swal2-cancel-button-background-color: #6e7881;--swal2-cancel-button-color: #fff;--swal2-toast-show-animation: swal2-toast-show 0.5s;--swal2-toast-hide-animation: swal2-toast-hide 0.1s forwards;--swal2-toast-border: none;--swal2-toast-box-shadow: 0 0 1px hsl(0deg 0% 0% / 0.075), 0 1px 2px hsl(0deg 0% 0% / 0.075), 1px 2px 4px hsl(0deg 0% 0% / 0.075), 1px 3px 8px hsl(0deg 0% 0% / 0.075), 2px 4px 16px hsl(0deg 0% 0% / 0.075)}[data-swal2-theme=dark]{--swal2-dark-theme-black: #19191a;--swal2-dark-theme-white: #e1e1e1;--swal2-background: var(--swal2-dark-theme-black);--swal2-color: var(--swal2-dark-theme-white);--swal2-footer-border-color: #555;--swal2-input-background: color-mix(in srgb, var(--swal2-dark-theme-black), var(--swal2-dark-theme-white) 10%);--swal2-validation-message-background: color-mix( in srgb, var(--swal2-dark-theme-black), var(--swal2-dark-theme-white) 10% );--swal2-validation-message-color: var(--swal2-dark-theme-white);--swal2-timer-progress-bar-background: rgba(255, 255, 255, 0.7)}@media(prefers-color-scheme: dark){[data-swal2-theme=auto]{--swal2-dark-theme-black: #19191a;--swal2-dark-theme-white: #e1e1e1;--swal2-background: var(--swal2-dark-theme-black);--swal2-color: var(--swal2-dark-theme-white);--swal2-footer-border-color: #555;--swal2-input-background: color-mix(in srgb, var(--swal2-dark-theme-black), var(--swal2-dark-theme-white) 10%);--swal2-validation-message-background: color-mix( in srgb, var(--swal2-dark-theme-black), var(--swal2-dark-theme-white) 10% );--swal2-validation-message-color: var(--swal2-dark-theme-white);--swal2-timer-progress-bar-background: rgba(255, 255, 255, 0.7)}}body.swal2-shown:not(.swal2-no-backdrop,.swal2-toast-shown){overflow:hidden}body.swal2-height-auto{height:auto !important}body.swal2-no-backdrop .swal2-container{background-color:rgba(0,0,0,0) !important;pointer-events:none}body.swal2-no-backdrop .swal2-container .swal2-popup{pointer-events:auto}body.swal2-no-backdrop .swal2-container .swal2-modal{box-shadow:0 0 10px rgba(0, 0, 0, 0.4);box-shadow:0 0 10px var(--swal2-backdrop)}body.swal2-toast-shown .swal2-container{box-sizing:border-box;width:360px;max-width:100%;background-color:rgba(0,0,0,0);pointer-events:none}body.swal2-toast-shown .swal2-container.swal2-top{inset:0 auto auto 50%;transform:translateX(-50%)}body.swal2-toast-shown .swal2-container.swal2-top-end,body.swal2-toast-shown .swal2-container.swal2-top-right{inset:0 0 auto auto}body.swal2-toast-shown .swal2-container.swal2-top-start,body.swal2-toast-shown .swal2-container.swal2-top-left{inset:0 auto auto 0}body.swal2-toast-shown .swal2-container.swal2-center-start,body.swal2-toast-shown .swal2-container.swal2-center-left{inset:50% auto auto 0;transform:translateY(-50%)}body.swal2-toast-shown .swal2-container.swal2-center{inset:50% auto auto 50%;transform:translate(-50%, -50%)}body.swal2-toast-shown .swal2-container.swal2-center-end,body.swal2-toast-shown .swal2-container.swal2-center-right{inset:50% 0 auto auto;transform:translateY(-50%)}body.swal2-toast-shown .swal2-container.swal2-bottom-start,body.swal2-toast-shown .swal2-container.swal2-bottom-left{inset:auto auto 0 0}body.swal2-toast-shown .swal2-container.swal2-bottom{inset:auto auto 0 50%;transform:translateX(-50%)}body.swal2-toast-shown .swal2-container.swal2-bottom-end,body.swal2-toast-shown .swal2-container.swal2-bottom-right{inset:auto 0 0 auto}@media print{body.swal2-shown:not(.swal2-no-backdrop,.swal2-toast-shown){overflow-y:scroll !important}body.swal2-shown:not(.swal2-no-backdrop,.swal2-toast-shown)>[aria-hidden=true]{display:none}body.swal2-shown:not(.swal2-no-backdrop,.swal2-toast-shown) .swal2-container{position:static !important}}div:where(.swal2-container){display:grid;position:fixed;z-index:1060;inset:0;box-sizing:border-box;grid-template-areas:\"top-start     top            top-end\" \"center-start  center         center-end\" \"bottom-start  bottom-center  bottom-end\";grid-template-rows:minmax(-webkit-min-content, auto) minmax(-webkit-min-content, auto) minmax(-webkit-min-content, auto);grid-template-rows:minmax(min-content, auto) minmax(min-content, auto) minmax(min-content, auto);height:100%;padding:0.625em;padding:var(--swal2-container-padding);overflow-x:hidden;transition:background-color 0.15s;transition:var(--swal2-backdrop-transition);-webkit-overflow-scrolling:touch}div:where(.swal2-container).swal2-backdrop-show,div:where(.swal2-container).swal2-noanimation{background:rgba(0, 0, 0, 0.4);background:var(--swal2-backdrop)}div:where(.swal2-container).swal2-backdrop-hide{background:rgba(0,0,0,0) !important}div:where(.swal2-container).swal2-top-start,div:where(.swal2-container).swal2-center-start,div:where(.swal2-container).swal2-bottom-start{grid-template-columns:minmax(0, 1fr) auto auto}div:where(.swal2-container).swal2-top,div:where(.swal2-container).swal2-center,div:where(.swal2-container).swal2-bottom{grid-template-columns:auto minmax(0, 1fr) auto}div:where(.swal2-container).swal2-top-end,div:where(.swal2-container).swal2-center-end,div:where(.swal2-container).swal2-bottom-end{grid-template-columns:auto auto minmax(0, 1fr)}div:where(.swal2-container).swal2-top-start>.swal2-popup{align-self:start}div:where(.swal2-container).swal2-top>.swal2-popup{grid-column:2;place-self:start center}div:where(.swal2-container).swal2-top-end>.swal2-popup,div:where(.swal2-container).swal2-top-right>.swal2-popup{grid-column:3;place-self:start end}div:where(.swal2-container).swal2-center-start>.swal2-popup,div:where(.swal2-container).swal2-center-left>.swal2-popup{grid-row:2;align-self:center}div:where(.swal2-container).swal2-center>.swal2-popup{grid-column:2;grid-row:2;place-self:center center}div:where(.swal2-container).swal2-center-end>.swal2-popup,div:where(.swal2-container).swal2-center-right>.swal2-popup{grid-column:3;grid-row:2;place-self:center end}div:where(.swal2-container).swal2-bottom-start>.swal2-popup,div:where(.swal2-container).swal2-bottom-left>.swal2-popup{grid-column:1;grid-row:3;align-self:end}div:where(.swal2-container).swal2-bottom>.swal2-popup{grid-column:2;grid-row:3;place-self:end center}div:where(.swal2-container).swal2-bottom-end>.swal2-popup,div:where(.swal2-container).swal2-bottom-right>.swal2-popup{grid-column:3;grid-row:3;place-self:end end}div:where(.swal2-container).swal2-grow-row>.swal2-popup,div:where(.swal2-container).swal2-grow-fullscreen>.swal2-popup{grid-column:1/4;width:100%}div:where(.swal2-container).swal2-grow-column>.swal2-popup,div:where(.swal2-container).swal2-grow-fullscreen>.swal2-popup{grid-row:1/4;align-self:stretch}div:where(.swal2-container).swal2-no-transition{transition:none !important}div:where(.swal2-container)[popover]{width:auto;border:0}div:where(.swal2-container) div:where(.swal2-popup){display:none;position:relative;box-sizing:border-box;grid-template-columns:minmax(0, 100%);width:32em;width:var(--swal2-width);max-width:100%;padding:0 0 1.25em;padding:var(--swal2-padding);border:none;border:var(--swal2-border);border-radius:0.3125rem;border-radius:var(--swal2-border-radius);background:white;background:var(--swal2-background);color:#545454;color:var(--swal2-color);font-family:inherit;font-size:1rem;container-name:swal2-popup}div:where(.swal2-container) div:where(.swal2-popup):focus{outline:none}div:where(.swal2-container) div:where(.swal2-popup).swal2-loading{overflow-y:hidden}div:where(.swal2-container) div:where(.swal2-popup).swal2-draggable{cursor:-webkit-grab;cursor:grab}div:where(.swal2-container) div:where(.swal2-popup).swal2-draggable div:where(.swal2-icon){cursor:-webkit-grab;cursor:grab}div:where(.swal2-container) div:where(.swal2-popup).swal2-dragging{cursor:-webkit-grabbing;cursor:grabbing}div:where(.swal2-container) div:where(.swal2-popup).swal2-dragging div:where(.swal2-icon){cursor:-webkit-grabbing;cursor:grabbing}div:where(.swal2-container) h2:where(.swal2-title),div:where(.swal2-container) .h2:where(.swal2-title){position:relative;max-width:100%;margin:0;padding:0.8em 1em 0;padding:var(--swal2-title-padding);color:inherit;font-size:1.875em;font-weight:600;text-align:center;text-transform:none;overflow-wrap:break-word;cursor:auto;cursor:initial}div:where(.swal2-container) div:where(.swal2-actions){display:flex;z-index:1;box-sizing:border-box;flex-wrap:wrap;align-items:center;justify-content:center;justify-content:var(--swal2-actions-justify-content);width:auto;width:var(--swal2-actions-width);margin:1.25em auto 0;margin:var(--swal2-actions-margin);padding:0;padding:var(--swal2-actions-padding);border-radius:0;border-radius:var(--swal2-actions-border-radius);background:transparent;background:var(--swal2-actions-background)}div:where(.swal2-container) div:where(.swal2-loader){display:none;align-items:center;justify-content:center;width:2.2em;height:2.2em;margin:0 1.875em;animation:swal2-rotate-loading 1.5s linear 0s infinite normal;border-width:.25em;border-style:solid;border-radius:100%;border-color:#2778c4 rgba(0,0,0,0) #2778c4 rgba(0,0,0,0)}div:where(.swal2-container) button:where(.swal2-styled){margin:.3125em;padding:.625em 1.1em;transition:background-color 0.2s, box-shadow 0.2s;transition:var(--swal2-action-button-transition);border:none;box-shadow:0 0 0 3px rgba(0,0,0,0);font-weight:500}div:where(.swal2-container) button:where(.swal2-styled):not([disabled]){cursor:pointer}div:where(.swal2-container) button:where(.swal2-styled):where(.swal2-confirm){border-radius:0.25em;border-radius:var(--swal2-confirm-button-border-radius);background:transparent none repeat 0 0 / auto auto padding-box border-box scroll;background:initial;background-color:#7066e0;background-color:var(--swal2-confirm-button-background-color);box-shadow:none;box-shadow:var(--swal2-confirm-button-box-shadow);color:#fff;color:var(--swal2-confirm-button-color);font-size:1em}div:where(.swal2-container) button:where(.swal2-styled):where(.swal2-confirm):hover{background-color:color-mix(in srgb, #7066e0, black 10%)}@supports (color: color-mix(in lch, red, blue)){\ndiv:where(.swal2-container) button:where(.swal2-styled):where(.swal2-confirm):hover{background-color:color-mix(in srgb, var(--swal2-confirm-button-background-color), var(--swal2-action-button-hover))}\n}div:where(.swal2-container) button:where(.swal2-styled):where(.swal2-confirm):active{background-color:color-mix(in srgb, #7066e0, black 10%)}@supports (color: color-mix(in lch, red, blue)){\ndiv:where(.swal2-container) button:where(.swal2-styled):where(.swal2-confirm):active{background-color:color-mix(in srgb, var(--swal2-confirm-button-background-color), var(--swal2-action-button-active))}\n}div:where(.swal2-container) button:where(.swal2-styled):where(.swal2-deny){border-radius:0.25em;border-radius:var(--swal2-deny-button-border-radius);background:transparent none repeat 0 0 / auto auto padding-box border-box scroll;background:initial;background-color:#dc3741;background-color:var(--swal2-deny-button-background-color);box-shadow:none;box-shadow:var(--swal2-deny-button-box-shadow);color:#fff;color:var(--swal2-deny-button-color);font-size:1em}div:where(.swal2-container) button:where(.swal2-styled):where(.swal2-deny):hover{background-color:color-mix(in srgb, #dc3741, black 10%)}@supports (color: color-mix(in lch, red, blue)){\ndiv:where(.swal2-container) button:where(.swal2-styled):where(.swal2-deny):hover{background-color:color-mix(in srgb, var(--swal2-deny-button-background-color), var(--swal2-action-button-hover))}\n}div:where(.swal2-container) button:where(.swal2-styled):where(.swal2-deny):active{background-color:color-mix(in srgb, #dc3741, black 10%)}@supports (color: color-mix(in lch, red, blue)){\ndiv:where(.swal2-container) button:where(.swal2-styled):where(.swal2-deny):active{background-color:color-mix(in srgb, var(--swal2-deny-button-background-color), var(--swal2-action-button-active))}\n}div:where(.swal2-container) button:where(.swal2-styled):where(.swal2-cancel){border-radius:0.25em;border-radius:var(--swal2-cancel-button-border-radius);background:transparent none repeat 0 0 / auto auto padding-box border-box scroll;background:initial;background-color:#6e7881;background-color:var(--swal2-cancel-button-background-color);box-shadow:none;box-shadow:var(--swal2-cancel-button-box-shadow);color:#fff;color:var(--swal2-cancel-button-color);font-size:1em}div:where(.swal2-container) button:where(.swal2-styled):where(.swal2-cancel):hover{background-color:color-mix(in srgb, #6e7881, black 10%)}@supports (color: color-mix(in lch, red, blue)){\ndiv:where(.swal2-container) button:where(.swal2-styled):where(.swal2-cancel):hover{background-color:color-mix(in srgb, var(--swal2-cancel-button-background-color), var(--swal2-action-button-hover))}\n}div:where(.swal2-container) button:where(.swal2-styled):where(.swal2-cancel):active{background-color:color-mix(in srgb, #6e7881, black 10%)}@supports (color: color-mix(in lch, red, blue)){\ndiv:where(.swal2-container) button:where(.swal2-styled):where(.swal2-cancel):active{background-color:color-mix(in srgb, var(--swal2-cancel-button-background-color), var(--swal2-action-button-active))}\n}div:where(.swal2-container) button:where(.swal2-styled):focus-visible{outline:none;box-shadow:var(--swal2-action-button-focus-box-shadow)}div:where(.swal2-container) button:where(.swal2-styled)[disabled]:not(.swal2-loading){opacity:.4}div:where(.swal2-container) button:where(.swal2-styled)::-moz-focus-inner{border:0}div:where(.swal2-container) div:where(.swal2-footer){margin:1em 0 0;padding:1em 1em 0;border-top:1px solid #eee;border-top:1px solid var(--swal2-footer-border-color);background:transparent;background:var(--swal2-footer-background);color:inherit;color:var(--swal2-footer-color);font-size:1em;text-align:center;cursor:auto;cursor:initial}div:where(.swal2-container) .swal2-timer-progress-bar-container{position:absolute;right:0;bottom:0;left:0;grid-column:auto !important;overflow:hidden;border-bottom-right-radius:0.3125rem;border-bottom-right-radius:var(--swal2-border-radius);border-bottom-left-radius:0.3125rem;border-bottom-left-radius:var(--swal2-border-radius)}div:where(.swal2-container) div:where(.swal2-timer-progress-bar){width:100%;height:.25em;background:rgba(0, 0, 0, 0.3);background:var(--swal2-timer-progress-bar-background)}div:where(.swal2-container) img:where(.swal2-image){max-width:100%;margin:2em auto 1em;cursor:auto;cursor:initial}div:where(.swal2-container) button:where(.swal2-close){position:var(--swal2-close-button-position);inset:auto;inset:var(--swal2-close-button-inset);z-index:2;align-items:center;justify-content:center;width:1.2em;height:1.2em;margin-top:0;margin-right:0;margin-bottom:-1.2em;padding:0;overflow:hidden;transition:color 0.2s, box-shadow 0.2s;transition:var(--swal2-close-button-transition);border:none;border-radius:0.3125rem;border-radius:var(--swal2-border-radius);outline:var(--swal2-close-button-outline);background:rgba(0,0,0,0);color:#ccc;color:var(--swal2-close-button-color);font-family:monospace;font-size:2.5em;font-size:var(--swal2-close-button-font-size);cursor:pointer;justify-self:end}div:where(.swal2-container) button:where(.swal2-close):hover{transform:none;transform:var(--swal2-close-button-hover-transform);background:rgba(0,0,0,0);color:#f27474}div:where(.swal2-container) button:where(.swal2-close):focus-visible{outline:none;box-shadow:inset 0 0 0 3px rgba(100, 150, 200, 0.5);box-shadow:var(--swal2-close-button-focus-box-shadow)}div:where(.swal2-container) button:where(.swal2-close)::-moz-focus-inner{border:0}div:where(.swal2-container) div:where(.swal2-html-container){z-index:1;justify-content:center;margin:0;padding:1em 1.6em 0.3em;padding:var(--swal2-html-container-padding);overflow:auto;color:inherit;font-size:1.125em;font-weight:normal;line-height:normal;text-align:center;overflow-wrap:break-word;word-break:break-word;cursor:auto;cursor:initial}div:where(.swal2-container) input:where(.swal2-input),div:where(.swal2-container) input:where(.swal2-file),div:where(.swal2-container) textarea:where(.swal2-textarea),div:where(.swal2-container) select:where(.swal2-select),div:where(.swal2-container) div:where(.swal2-radio),div:where(.swal2-container) label:where(.swal2-checkbox){margin:1em 2em 3px}div:where(.swal2-container) input:where(.swal2-input),div:where(.swal2-container) input:where(.swal2-file),div:where(.swal2-container) textarea:where(.swal2-textarea){box-sizing:border-box;width:auto;transition:border-color 0.2s, box-shadow 0.2s;transition:var(--swal2-input-transition);border:1px solid #d9d9d9;border:var(--swal2-input-border);border-radius:0.1875em;border-radius:var(--swal2-input-border-radius);background:transparent;background:var(--swal2-input-background);box-shadow:inset 0 1px 1px rgba(0, 0, 0, 0.06), 0 0 0 3px transparent;box-shadow:var(--swal2-input-box-shadow);color:inherit;font-size:1.125em}div:where(.swal2-container) input:where(.swal2-input).swal2-inputerror,div:where(.swal2-container) input:where(.swal2-file).swal2-inputerror,div:where(.swal2-container) textarea:where(.swal2-textarea).swal2-inputerror{border-color:#f27474 !important;box-shadow:0 0 2px #f27474 !important}div:where(.swal2-container) input:where(.swal2-input):hover,div:where(.swal2-container) input:where(.swal2-file):hover,div:where(.swal2-container) textarea:where(.swal2-textarea):hover{box-shadow:inset 0 1px 1px rgba(0, 0, 0, 0.06), 0 0 0 3px transparent;box-shadow:var(--swal2-input-hover-box-shadow)}div:where(.swal2-container) input:where(.swal2-input):focus,div:where(.swal2-container) input:where(.swal2-file):focus,div:where(.swal2-container) textarea:where(.swal2-textarea):focus{border:1px solid #b4dbed;border:var(--swal2-input-focus-border);outline:none;box-shadow:inset 0 1px 1px rgba(0, 0, 0, 0.06), 0 0 0 3px rgba(100, 150, 200, 0.5);box-shadow:var(--swal2-input-focus-box-shadow)}div:where(.swal2-container) input:where(.swal2-input)::-moz-placeholder, div:where(.swal2-container) input:where(.swal2-file)::-moz-placeholder, div:where(.swal2-container) textarea:where(.swal2-textarea)::-moz-placeholder{color:#ccc}div:where(.swal2-container) input:where(.swal2-input)::placeholder,div:where(.swal2-container) input:where(.swal2-file)::placeholder,div:where(.swal2-container) textarea:where(.swal2-textarea)::placeholder{color:#ccc}div:where(.swal2-container) .swal2-range{margin:1em 2em 3px;background:white;background:var(--swal2-background)}div:where(.swal2-container) .swal2-range input{width:80%}div:where(.swal2-container) .swal2-range output{width:20%;color:inherit;font-weight:600;text-align:center}div:where(.swal2-container) .swal2-range input,div:where(.swal2-container) .swal2-range output{height:2.625em;padding:0;font-size:1.125em;line-height:2.625em}div:where(.swal2-container) .swal2-input{height:2.625em;padding:0 .75em}div:where(.swal2-container) .swal2-file{width:75%;margin-right:auto;margin-left:auto;background:transparent;background:var(--swal2-input-background);font-size:1.125em}div:where(.swal2-container) .swal2-textarea{height:6.75em;padding:.75em}div:where(.swal2-container) .swal2-select{min-width:50%;max-width:100%;padding:.375em .625em;background:transparent;background:var(--swal2-input-background);color:inherit;font-size:1.125em}div:where(.swal2-container) .swal2-radio,div:where(.swal2-container) .swal2-checkbox{align-items:center;justify-content:center;background:white;background:var(--swal2-background);color:inherit}div:where(.swal2-container) .swal2-radio label,div:where(.swal2-container) .swal2-checkbox label{margin:0 .6em;font-size:1.125em}div:where(.swal2-container) .swal2-radio input,div:where(.swal2-container) .swal2-checkbox input{flex-shrink:0;margin:0 .4em}div:where(.swal2-container) label:where(.swal2-input-label){display:flex;justify-content:center;margin:1em auto 0}div:where(.swal2-container) div:where(.swal2-validation-message){align-items:center;justify-content:center;margin:1em 0 0;padding:.625em;overflow:hidden;background:#f0f0f0;background:var(--swal2-validation-message-background);color:#666;color:var(--swal2-validation-message-color);font-size:1em;font-weight:300}div:where(.swal2-container) div:where(.swal2-validation-message)::before{content:\"!\";display:inline-block;width:1.5em;min-width:1.5em;height:1.5em;margin:0 .625em;border-radius:50%;background-color:#f27474;color:#fff;font-weight:600;line-height:1.5em;text-align:center}div:where(.swal2-container) .swal2-progress-steps{flex-wrap:wrap;align-items:center;max-width:100%;margin:1.25em auto;padding:0;background:rgba(0,0,0,0);font-weight:600}div:where(.swal2-container) .swal2-progress-steps li{display:inline-block;position:relative}div:where(.swal2-container) .swal2-progress-steps .swal2-progress-step{z-index:20;flex-shrink:0;width:2em;height:2em;border-radius:2em;background:#2778c4;color:#fff;line-height:2em;text-align:center}div:where(.swal2-container) .swal2-progress-steps .swal2-progress-step.swal2-active-progress-step{background:#2778c4}div:where(.swal2-container) .swal2-progress-steps .swal2-progress-step.swal2-active-progress-step~.swal2-progress-step{background:#add8e6;background:var(--swal2-progress-step-background);color:#fff}div:where(.swal2-container) .swal2-progress-steps .swal2-progress-step.swal2-active-progress-step~.swal2-progress-step-line{background:#add8e6;background:var(--swal2-progress-step-background)}div:where(.swal2-container) .swal2-progress-steps .swal2-progress-step-line{z-index:10;flex-shrink:0;width:2.5em;height:.4em;margin:0 -1px;background:#2778c4}div:where(.swal2-icon){position:relative;box-sizing:content-box;justify-content:center;width:5em;height:5em;margin:2.5em auto .6em;zoom:1;zoom:var(--swal2-icon-zoom);border:.25em solid rgba(0,0,0,0);border-radius:50%;border-color:#000;font-family:inherit;line-height:5em;cursor:default;-webkit-user-select:none;-moz-user-select:none;user-select:none}div:where(.swal2-icon) .swal2-icon-content{display:flex;align-items:center;font-size:3.75em}div:where(.swal2-icon).swal2-[1m[31merror[39m[22m[1m{border-color:#f27474;color:#f27474}div:where(.swal2-icon).swal2-[1m[31merror[39m[22m[1m .swal2-x-mark{position:relative;flex-grow:1}div:where(.swal2-icon).swal2-[1m[31merror[39m[22m[1m [class^=swal2-x-mark-line]{display:block;position:absolute;top:2.3125em;width:2.9375em;height:.3125em;border-radius:.125em;background-color:#f27474}div:where(.swal2-icon).swal2-[1m[31merror[39m[22m[1m [class^=swal2-x-mark-line][class$=left]{left:1.0625em;transform:rotate(45deg)}div:where(.swal2-icon).swal2-[1m[31merror[39m[22m[1m [class^=swal2-x-mark-line][class$=right]{right:1em;transform:rotate(-45deg)}@container swal2-popup style(--swal2-icon-animations:true){div:where(.swal2-icon).swal2-[1m[31merror[39m[22m[1m.swal2-icon-show{animation:swal2-animate-[1m[31merror[39m[22m[1m-icon .5s}div:where(.swal2-icon).swal2-[1m[31merror[39m[22m[1m.swal2-icon-show .swal2-x-mark{animation:swal2-animate-[1m[31merror[39m[22m[1m-x-mark .5s}}div:where(.swal2-icon).swal2-warning{border-color:#f8bb86;color:#f8bb86}@container swal2-popup style(--swal2-icon-animations:true){div:where(.swal2-icon).swal2-warning.swal2-icon-show{animation:swal2-animate-[1m[31merror[39m[22m[1m-icon .5s}div:where(.swal2-icon).swal2-warning.swal2-icon-show .swal2-icon-content{animation:swal2-animate-i-mark .5s}}div:where(.swal2-icon).swal2-info{border-color:#3fc3ee;color:#3fc3ee}@container swal2-popup style(--swal2-icon-animations:true){div:where(.swal2-icon).swal2-info.swal2-icon-show{animation:swal2-animate-[1m[31merror[39m[22m[1m-icon .5s}div:where(.swal2-icon).swal2-info.swal2-icon-show .swal2-icon-content{animation:swal2-animate-i-mark .8s}}div:where(.swal2-icon).swal2-question{border-color:#87adbd;color:#87adbd}@container swal2-popup style(--swal2-icon-animations:true){div:where(.swal2-icon).swal2-question.swal2-icon-show{animation:swal2-animate-[1m[31merror[39m[22m[1m-icon .5s}div:where(.swal2-icon).swal2-question.swal2-icon-show .swal2-icon-content{animation:swal2-animate-question-mark .8s}}div:where(.swal2-icon).swal2-success{border-color:#a5dc86;color:#a5dc86}div:where(.swal2-icon).swal2-success [class^=swal2-success-circular-line]{position:absolute;width:3.75em;height:7.5em;border-radius:50%}div:where(.swal2-icon).swal2-success [class^=swal2-success-circular-line][class$=left]{top:-0.4375em;left:-2.0635em;transform:rotate(-45deg);transform-origin:3.75em 3.75em;border-radius:7.5em 0 0 7.5em}div:where(.swal2-icon).swal2-success [class^=swal2-success-circular-line][class$=right]{top:-0.6875em;left:1.875em;transform:rotate(-45deg);transform-origin:0 3.75em;border-radius:0 7.5em 7.5em 0}div:where(.swal2-icon).swal2-success .swal2-success-ring{position:absolute;z-index:2;top:-0.25em;left:-0.25em;box-sizing:content-box;width:100%;height:100%;border:.25em solid rgba(165,220,134,.3);border-radius:50%}div:where(.swal2-icon).swal2-success .swal2-success-fix{position:absolute;z-index:1;top:.5em;left:1.625em;width:.4375em;height:5.625em;transform:rotate(-45deg)}div:where(.swal2-icon).swal2-success [class^=swal2-success-line]{display:block;position:absolute;z-index:2;height:.3125em;border-radius:.125em;background-color:#a5dc86}div:where(.swal2-icon).swal2-success [class^=swal2-success-line][class$=tip]{top:2.875em;left:.8125em;width:1.5625em;transform:rotate(45deg)}div:where(.swal2-icon).swal2-success [class^=swal2-success-line][class$=long]{top:2.375em;right:.5em;width:2.9375em;transform:rotate(-45deg)}@container swal2-popup style(--swal2-icon-animations:true){div:where(.swal2-icon).swal2-success.swal2-icon-show .swal2-success-line-tip{animation:swal2-animate-success-line-tip .75s}div:where(.swal2-icon).swal2-success.swal2-icon-show .swal2-success-line-long{animation:swal2-animate-success-line-long .75s}div:where(.swal2-icon).swal2-success.swal2-icon-show .swal2-success-circular-line-right{animation:swal2-rotate-success-circular-line 4.25s ease-in}}[class^=swal2]{-webkit-tap-highlight-color:rgba(0,0,0,0)}.swal2-show{animation:swal2-show 0.3s;animation:var(--swal2-show-animation)}.swal2-hide{animation:swal2-hide 0.15s forwards;animation:var(--swal2-hide-animation)}.swal2-noanimation{transition:none}.swal2-scrollbar-measure{position:absolute;top:-9999px;width:50px;height:50px;overflow:scroll}.swal2-rtl .swal2-close{margin-right:0;margin-right:initial;margin-left:0}.swal2-rtl .swal2-timer-progress-bar{right:0;left:auto}.swal2-toast{box-sizing:border-box;grid-column:1/4 !important;grid-row:1/4 !important;grid-template-columns:-webkit-min-content auto -webkit-min-content;grid-template-columns:min-content auto min-content;padding:1em;overflow-y:hidden;border:none;border:var(--swal2-toast-border);background:white;background:var(--swal2-background);box-shadow:0 0 1px hsl(0deg 0% 0% / 0.075), 0 1px 2px hsl(0deg 0% 0% / 0.075), 1px 2px 4px hsl(0deg 0% 0% / 0.075), 1px 3px 8px hsl(0deg 0% 0% / 0.075), 2px 4px 16px hsl(0deg 0% 0% / 0.075);box-shadow:var(--swal2-toast-box-shadow);pointer-events:auto}.swal2-toast>*{grid-column:2}.swal2-toast h2:where(.swal2-title),.swal2-toast .h2:where(.swal2-title){margin:.5em 1em;padding:0;font-size:1em;text-align:left;text-align:initial}.swal2-toast .swal2-loading{justify-content:center}.swal2-toast input:where(.swal2-input){height:2em;margin:.5em;font-size:1em}.swal2-toast .swal2-validation-message{font-size:1em}.swal2-toast div:where(.swal2-footer){margin:.5em 0 0;padding:.5em 0 0;font-size:.8em}.swal2-toast button:where(.swal2-close){grid-column:3/3;grid-row:1/99;align-self:center;width:.8em;height:.8em;margin:0;font-size:2em}.swal2-toast div:where(.swal2-html-container){margin:.5em 1em;padding:0;overflow:visible;overflow:initial;font-size:1em;text-align:left;text-align:initial}.swal2-toast div:where(.swal2-html-container):empty{padding:0}.swal2-toast .swal2-loader{grid-column:1;grid-row:1/99;align-self:center;width:2em;height:2em;margin:.25em}.swal2-toast .swal2-icon{grid-column:1;grid-row:1/99;align-self:center;width:2em;min-width:2em;height:2em;margin:0 .5em 0 0}.swal2-toast .swal2-icon .swal2-icon-content{display:flex;align-items:center;font-size:1.8em;font-weight:bold}.swal2-toast .swal2-icon.swal2-success .swal2-success-ring{width:2em;height:2em}.swal2-toast .swal2-icon.swal2-[1m[31merror[39m[22m[1m [class^=swal2-x-mark-line]{top:.875em;width:1.375em}.swal2-toast .swal2-icon.swal2-[1m[31merror[39m[22m[1m [class^=swal2-x-mark-line][class$=left]{left:.3125em}.swal2-toast .swal2-icon.swal2-[1m[31merror[39m[22m[1m [class^=swal2-x-mark-line][class$=right]{right:.3125em}.swal2-toast div:where(.swal2-actions){justify-content:flex-start;height:auto;margin:0;margin-top:.5em;padding:0 .5em}.swal2-toast button:where(.swal2-styled){margin:.25em .5em;padding:.4em .6em;font-size:1em}.swal2-toast .swal2-success{border-color:#a5dc86}.swal2-toast .swal2-success [class^=swal2-success-circular-line]{position:absolute;width:1.6em;height:3em;border-radius:50%}.swal2-toast .swal2-success [class^=swal2-success-circular-line][class$=left]{top:-0.8em;left:-0.5em;transform:rotate(-45deg);transform-origin:2em 2em;border-radius:4em 0 0 4em}.swal2-toast .swal2-success [class^=swal2-success-circular-line][class$=right]{top:-0.25em;left:.9375em;transform-origin:0 1.5em;border-radius:0 4em 4em 0}.swal2-toast .swal2-success .swal2-success-ring{width:2em;height:2em}.swal2-toast .swal2-success .swal2-success-fix{top:0;left:.4375em;width:.4375em;height:2.6875em}.swal2-toast .swal2-success [class^=swal2-success-line]{height:.3125em}.swal2-toast .swal2-success [class^=swal2-success-line][class$=tip]{top:1.125em;left:.1875em;width:.75em}.swal2-toast .swal2-success [class^=swal2-success-line][class$=long]{top:.9375em;right:.1875em;width:1.375em}@container swal2-popup style(--swal2-icon-animations:true){.swal2-toast .swal2-success.swal2-icon-show .swal2-success-line-tip{animation:swal2-toast-animate-success-line-tip .75s}.swal2-toast .swal2-success.swal2-icon-show .swal2-success-line-long{animation:swal2-toast-animate-success-line-long .75s}}.swal2-toast.swal2-show{animation:swal2-toast-show 0.5s;animation:var(--swal2-toast-show-animation)}.swal2-toast.swal2-hide{animation:swal2-toast-hide 0.1s forwards;animation:var(--swal2-toast-hide-animation)}@keyframes swal2-show{0%{transform:translate3d(0, -50px, 0) scale(0.9);opacity:0}100%{transform:translate3d(0, 0, 0) scale(1);opacity:1}}@keyframes swal2-hide{0%{transform:translate3d(0, 0, 0) scale(1);opacity:1}100%{transform:translate3d(0, -50px, 0) scale(0.9);opacity:0}}@keyframes swal2-animate-success-line-tip{0%{top:1.1875em;left:.0625em;width:0}54%{top:1.0625em;left:.125em;width:0}70%{top:2.1875em;left:-0.375em;width:3.125em}84%{top:3em;left:1.3125em;width:1.0625em}100%{top:2.8125em;left:.8125em;width:1.5625em}}@keyframes swal2-animate-success-line-long{0%{top:3.375em;right:2.875em;width:0}65%{top:3.375em;right:2.875em;width:0}84%{top:2.1875em;right:0;width:3.4375em}100%{top:2.375em;right:.5em;width:2.9375em}}@keyframes swal2-rotate-success-circular-line{0%{transform:rotate(-45deg)}5%{transform:rotate(-45deg)}12%{transform:rotate(-405deg)}100%{transform:rotate(-405deg)}}@keyframes swal2-animate-[1m[31merror[39m[22m[1m-x-mark{0%{margin-top:1.625em;transform:scale(0.4);opacity:0}50%{margin-top:1.625em;transform:scale(0.4);opacity:0}80%{margin-top:-0.375em;transform:scale(1.15)}100%{margin-top:0;transform:scale(1);opacity:1}}@keyframes swal2-animate-[1m[31merror[39m[22m[1m-icon{0%{transform:rotateX(100deg);opacity:0}100%{transform:rotateX(0deg);opacity:1}}@keyframes swal2-rotate-loading{0%{transform:rotate(0deg)}100%{transform:rotate(360deg)}}@keyframes swal2-animate-question-mark{0%{transform:rotateY(-360deg)}100%{transform:rotateY(0)}}@keyframes swal2-animate-i-mark{0%{transform:rotateZ(45deg);opacity:0}25%{transform:rotateZ(-25deg);opacity:.4}50%{transform:rotateZ(15deg);opacity:.8}75%{transform:rotateZ(-5deg);opacity:1}100%{transform:rotateX(0);opacity:1}}@keyframes swal2-toast-show{0%{transform:translateY(-0.625em) rotateZ(2deg)}33%{transform:translateY(0) rotateZ(-2deg)}66%{transform:translateY(0.3125em) rotateZ(2deg)}100%{transform:translateY(0) rotateZ(0deg)}}@keyframes swal2-toast-hide{100%{transform:rotateZ(1deg);opacity:0}}@keyframes swal2-toast-animate-success-line-tip{0%{top:.5625em;left:.0625em;width:0}54%{top:.125em;left:.125em;width:0}70%{top:.625em;left:-0.25em;width:1.625em}84%{top:1.0625em;left:.75em;width:.5em}100%{top:1.125em;left:.1875em;width:.75em}}@keyframes swal2-toast-animate-success-line-long{0%{top:1.625em;right:1.375em;width:0}65%{top:1.25em;right:.9375em;width:0}84%{top:.9375em;right:0;width:1.125em}100%{top:.9375em;right:.1875em;width:1.375em}}@keyframes notyf-fadeinup{0%{opacity:0;transform:translateY(25%)}to{opacity:1;transform:translateY(0)}}@keyframes notyf-fadeinleft{0%{opacity:0;transform:translateX(25%)}to{opacity:1;transform:translateX(0)}}@keyframes notyf-fadeoutright{0%{opacity:1;transform:translateX(0)}to{opacity:0;transform:translateX(25%)}}@keyframes notyf-fadeoutdown{0%{opacity:1;transform:translateY(0)}to{opacity:0;transform:translateY(25%)}}@keyframes ripple{0%{transform:scale(0) translateY(-45%) translateX(13%)}to{transform:scale(1) translateY(-45%) translateX(13%)}}.notyf{position:fixed;top:0;left:0;height:100%;width:100%;color:#fff;z-index:9999;display:flex;flex-direction:column;align-items:flex-end;justify-content:flex-end;pointer-events:none;box-sizing:border-box;padding:20px}.notyf__icon--[1m[31merror[39m[22m[1m,.notyf__icon--success{height:21px;width:21px;background:#fff;border-radius:50%;display:block;margin:0 auto;position:relative}.notyf__icon--[1m[31merror[39m[22m[1m:after,.notyf__icon--[1m[31merror[39m[22m[1m:before{content:\"\";background:currentColor;display:block;position:absolute;width:3px;border-radius:3px;left:9px;height:12px;top:5px}.notyf__icon--[1m[31merror[39m[22m[1m:after{transform:rotate(-45deg)}.notyf__icon--[1m[31merror[39m[22m[1m:before{transform:rotate(45deg)}.notyf__icon--success:after,.notyf__icon--success:before{content:\"\";background:currentColor;display:block;position:absolute;width:3px;border-radius:3px}.notyf__icon--success:after{height:6px;transform:rotate(-45deg);top:9px;left:6px}.notyf__icon--success:before{height:11px;transform:rotate(45deg);top:5px;left:10px}.notyf__toast{display:block;overflow:hidden;pointer-events:auto;animation:notyf-fadeinup .3s ease-in forwards;box-shadow:0 3px 7px 0 rgba(0, 0, 0, 0.25);position:relative;padding:0 15px;border-radius:2px;max-width:300px;transform:translateY(25%);box-sizing:border-box;flex-shrink:0}.notyf__toast--disappear{transform:translateY(0);animation:notyf-fadeoutdown .3s forwards;animation-delay:.25s}.notyf__toast--disappear .notyf__icon,.notyf__toast--disappear .notyf__message{animation:notyf-fadeoutdown .3s forwards;opacity:1;transform:translateY(0)}.notyf__toast--disappear .notyf__dismiss{animation:notyf-fadeoutright .3s forwards;opacity:1;transform:translateX(0)}.notyf__toast--disappear .notyf__message{animation-delay:.05s}.notyf__toast--upper{margin-bottom:20px}.notyf__toast--lower{margin-top:20px}.notyf__toast--dismissible .notyf__wrapper{padding-right:30px}.notyf__ripple{height:400px;width:400px;position:absolute;transform-origin:bottom right;right:0;top:0;border-radius:50%;transform:scale(0) translateY(-51%) translateX(13%);z-index:5;animation:ripple .4s ease-out forwards}.notyf__wrapper{display:flex;align-items:center;padding-top:17px;padding-bottom:17px;padding-right:15px;border-radius:3px;position:relative;z-index:10}.notyf__icon{width:22px;text-align:center;font-size:1.3em;opacity:0;animation:notyf-fadeinup .3s forwards;animation-delay:.3s;margin-right:13px}.notyf__dismiss{position:absolute;top:0;right:0;height:100%;width:26px;margin-right:-15px;animation:notyf-fadeinleft .3s forwards;animation-delay:.35s;opacity:0}.notyf__dismiss-btn{background-color:rgba(0, 0, 0, 0.25);border:none;cursor:pointer;transition:opacity .2s ease,background-color .2s ease;outline:none;opacity:.35;height:100%;width:100%}.notyf__dismiss-btn:after,.notyf__dismiss-btn:before{content:\"\";background:#fff;height:12px;width:2px;border-radius:3px;position:absolute;left:calc(50% - 1px);top:calc(50% - 5px)}.notyf__dismiss-btn:after{transform:rotate(-45deg)}.notyf__dismiss-btn:before{transform:rotate(45deg)}.notyf__dismiss-btn:hover{opacity:.7;background-color:rgba(0, 0, 0, 0.15)}.notyf__dismiss-btn:active{opacity:.8}.notyf__message{vertical-align:middle;position:relative;opacity:0;animation:notyf-fadeinup .3s forwards;animation-delay:.25s;line-height:1.5em}@media only screen and (max-width: 480px){.notyf{padding:0}.notyf__ripple{height:600px;width:600px;animation-duration:.5s}.notyf__toast{max-width:none;border-radius:0;box-shadow:0 -2px 7px 0 rgba(0, 0, 0, 0.13);width:100%}.notyf__dismiss{width:56px}}/*!\n * Toastify js 1.12.0\n * https://github.com/apvarun/toastify-js\n * @license MIT licensed\n *\n * Copyright (C) 2018 Varun A P\n */.toastify{padding:12px 20px;color:#fff;display:inline-block;box-shadow:0 3px 6px -1px rgba(0, 0, 0, 0.12),0 10px 36px -4px rgba(77, 96, 232, 0.3);background:linear-gradient(135deg, #73a5ff, #5477f5);position:fixed;opacity:0;transition:all .4s cubic-bezier(0.215, 0.61, 0.355, 1);border-radius:2px;cursor:pointer;text-decoration:none;max-width:calc(50% - 20px);z-index:2147483647}.toastify.on{opacity:1}.toast-close{background:transparent;border:0;color:white;cursor:pointer;font-family:inherit;font-size:1em;opacity:.4;padding:0 5px}.toastify-right{right:15px}.toastify-left{left:15px}.toastify-top{top:-150px}.toastify-bottom{bottom:-150px}.toastify-rounded{border-radius:25px}.toastify-avatar{width:1.5em;height:1.5em;margin:-7px 5px;border-radius:2px}.toastify-center{margin-left:auto;margin-right:auto;left:0;right:0;max-width:-webkit-fit-content;max-width:fit-content;max-width:-moz-fit-content}@media only screen and (max-width: 360px){.toastify-right,.toastify-left{margin-left:auto;margin-right:auto;left:0;right:0;max-width:-webkit-fit-content;max-width:-moz-fit-content;max-width:fit-content}}.swal-loading-popup{border-radius:1rem;padding:2.5rem 2rem;box-shadow:0 25px 50px rgba(0,0,0,.5);background-color:#0f172a}.swal-loading-container{display:flex;flex-direction:column;align-items:center;gap:1rem}.swal-loading-title{color:#e5e7eb;font-size:1.1rem;font-weight:600;margin:0}.swal-loading-subtitle{color:#94a3b8;font-size:.9rem;margin:0}.swal-spinner{width:42px;height:42px;border-radius:50%;border:3px solid hsla(0,0%,100%,.15);border-top-color:#003876;animation:swal-spin .9s linear infinite}@keyframes swal-spin{to{transform:rotate(360deg)}}.select2-container{box-sizing:border-box;display:inline-block;margin:0;position:relative;vertical-align:middle}.select2-container .select2-selection--single{box-sizing:border-box;cursor:pointer;display:block;height:28px;-moz-user-select:none;user-select:none;-webkit-user-select:none}.select2-container .select2-selection--single .select2-selection__rendered{display:block;padding-left:8px;padding-right:20px;overflow:hidden;text-overflow:ellipsis;white-space:nowrap}.select2-container .select2-selection--single .select2-selection__clear{background-color:transparent;border:none;font-size:1em}.select2-container[dir=rtl] .select2-selection--single .select2-selection__rendered{padding-right:8px;padding-left:20px}.select2-container .select2-selection--multiple{box-sizing:border-box;cursor:pointer;display:block;min-height:32px;-moz-user-select:none;user-select:none;-webkit-user-select:none}.select2-container .select2-selection--multiple .select2-selection__rendered{display:inline;list-style:none;padding:0}.select2-container .select2-selection--multiple .select2-selection__clear{background-color:transparent;border:none;font-size:1em}.select2-container .select2-search--inline .select2-search__field{box-sizing:border-box;border:none;font-size:100%;margin-top:5px;margin-left:5px;padding:0;max-width:100%;resize:none;height:18px;vertical-align:bottom;font-family:sans-serif;overflow:hidden;word-break:keep-all}.select2-container .select2-search--inline .select2-search__field::-webkit-search-cancel-button{-webkit-appearance:none}.select2-dropdown{background-color:white;border:1px solid #aaa;border-radius:4px;box-sizing:border-box;display:block;position:absolute;left:-100000px;width:100%;z-index:1051}.select2-results{display:block}.select2-results__options{list-style:none;margin:0;padding:0}.select2-results__option{padding:6px;-moz-user-select:none;user-select:none;-webkit-user-select:none}.select2-results__option--selectable{cursor:pointer}.select2-container--open .select2-dropdown{left:0}.select2-container--open .select2-dropdown--above{border-bottom:none;border-bottom-left-radius:0;border-bottom-right-radius:0}.select2-container--open .select2-dropdown--below{border-top:none;border-top-left-radius:0;border-top-right-radius:0}.select2-search--dropdown{display:block;padding:4px}.select2-search--dropdown .select2-search__field{padding:4px;width:100%;box-sizing:border-box}.select2-search--dropdown .select2-search__field::-webkit-search-cancel-button{-webkit-appearance:none}.select2-search--dropdown.select2-search--hide{display:none}.select2-close-mask{border:0;margin:0;padding:0;display:block;position:fixed;left:0;top:0;min-height:100%;min-width:100%;height:auto;width:auto;opacity:0;z-index:99;background-color:#fff;filter:alpha(opacity=0)}.select2-hidden-accessible{border:0 !important;clip:rect(0 0 0 0) !important;-webkit-clip-path:inset(50%) !important;clip-path:inset(50%) !important;height:1px !important;overflow:hidden !important;padding:0 !important;position:absolute !important;width:1px !important;white-space:nowrap !important}.select2-container--default .select2-selection--single{background-color:#fff;border:1px solid #aaa;border-radius:4px}.select2-container--default .select2-selection--single .select2-selection__rendered{color:#444;line-height:28px}.select2-container--default .select2-selection--single .select2-selection__clear{cursor:pointer;float:right;font-weight:bold;height:26px;margin-right:20px;padding-right:0px}.select2-container--default .select2-selection--single .select2-selection__placeholder{color:#999}.select2-container--default .select2-selection--single .select2-selection__arrow{height:26px;position:absolute;top:1px;right:1px;width:20px}.select2-container--default .select2-selection--single .select2-selection__arrow b{border-color:#888 transparent transparent transparent;border-style:solid;border-width:5px 4px 0 4px;height:0;left:50%;margin-left:-4px;margin-top:-2px;position:absolute;top:50%;width:0}.select2-container--default[dir=rtl] .select2-selection--single .select2-selection__clear{float:left}.select2-container--default[dir=rtl] .select2-selection--single .select2-selection__arrow{left:1px;right:auto}.select2-container--default.select2-container--disabled .select2-selection--single{background-color:#eee;cursor:default}.select2-container--default.select2-container--disabled .select2-selection--single .select2-selection__clear{display:none}.select2-container--default.select2-container--open .select2-selection--single .select2-selection__arrow b{border-color:transparent transparent #888 transparent;border-width:0 4px 5px 4px}.select2-container--default .select2-selection--multiple{background-color:white;border:1px solid #aaa;border-radius:4px;cursor:text;padding-bottom:5px;padding-right:5px;position:relative}.select2-container--default .select2-selection--multiple.select2-selection--clearable{padding-right:25px}.select2-container--default .select2-selection--multiple .select2-selection__clear{cursor:pointer;font-weight:bold;height:20px;margin-right:10px;margin-top:5px;position:absolute;right:0;padding:1px}.select2-container--default .select2-selection--multiple .select2-selection__choice{background-color:#e4e4e4;border:1px solid #aaa;border-radius:4px;box-sizing:border-box;display:inline-block;margin-left:5px;margin-top:5px;padding:0;padding-left:20px;position:relative;max-width:100%;overflow:hidden;text-overflow:ellipsis;vertical-align:bottom;white-space:nowrap}.select2-container--default .select2-selection--multiple .select2-selection__choice__display{cursor:default;padding-left:2px;padding-right:5px}.select2-container--default .select2-selection--multiple .select2-selection__choice__remove{background-color:transparent;border:none;border-right:1px solid #aaa;border-top-left-radius:4px;border-bottom-left-radius:4px;color:#999;cursor:pointer;font-size:1em;font-weight:bold;padding:0 4px;position:absolute;left:0;top:0}.select2-container--default .select2-selection--multiple .select2-selection__choice__remove:hover,.select2-container--default .select2-selection--multiple .select2-selection__choice__remove:focus{background-color:#f1f1f1;color:#333;outline:none}.select2-container--default[dir=rtl] .select2-selection--multiple .select2-selection__choice{margin-left:5px;margin-right:auto}.select2-container--default[dir=rtl] .select2-selection--multiple .select2-selection__choice__display{padding-left:5px;padding-right:2px}.select2-container--default[dir=rtl] .select2-selection--multiple .select2-selection__choice__remove{border-left:1px solid #aaa;border-right:none;border-top-left-radius:0;border-bottom-left-radius:0;border-top-right-radius:4px;border-bottom-right-radius:4px}.select2-container--default[dir=rtl] .select2-selection--multiple .select2-selection__clear{float:left;margin-left:10px;margin-right:auto}.select2-container--default.select2-container--focus .select2-selection--multiple{border:solid black 1px;outline:0}.select2-container--default.select2-container--disabled .select2-selection--multiple{background-color:#eee;cursor:default}.select2-container--default.select2-container--disabled .select2-selection__choice__remove{display:none}.select2-container--default.select2-container--open.select2-container--above .select2-selection--single,.select2-container--default.select2-container--open.select2-container--above .select2-selection--multiple{border-top-left-radius:0;border-top-right-radius:0}.select2-container--default.select2-container--open.select2-container--below .select2-selection--single,.select2-container--default.select2-container--open.select2-container--below .select2-selection--multiple{border-bottom-left-radius:0;border-bottom-right-radius:0}.select2-container--default .select2-search--dropdown .select2-search__field{border:1px solid #aaa}.select2-container--default .select2-search--inline .select2-search__field{background:transparent;border:none;outline:0;box-shadow:none;-webkit-appearance:textfield}.select2-container--default .select2-results>.select2-results__options{max-height:200px;overflow-y:auto}.select2-container--default .select2-results__option .select2-results__option{padding-left:1em}.select2-container--default .select2-results__option .select2-results__option .select2-results__group{padding-left:0}.select2-container--default .select2-results__option .select2-results__option .select2-results__option{margin-left:-1em;padding-left:2em}.select2-container--default .select2-results__option .select2-results__option .select2-results__option .select2-results__option{margin-left:-2em;padding-left:3em}.select2-container--default .select2-results__option .select2-results__option .select2-results__option .select2-results__option .select2-results__option{margin-left:-3em;padding-left:4em}.select2-container--default .select2-results__option .select2-results__option .select2-results__option .select2-results__option .select2-results__option .select2-results__option{margin-left:-4em;padding-left:5em}.select2-container--default .select2-results__option .select2-results__option .select2-results__option .select2-results__option .select2-results__option .select2-results__option .select2-results__option{margin-left:-5em;padding-left:6em}.select2-container--default .select2-results__option--group{padding:0}.select2-container--default .select2-results__option--disabled{color:#999}.select2-container--default .select2-results__option--selected{background-color:#ddd}.select2-container--default .select2-results__option--highlighted.select2-results__option--selectable{background-color:#5897fb;color:white}.select2-container--default .select2-results__group{cursor:default;display:block;padding:6px}.select2-container--classic .select2-selection--single{background-color:#f7f7f7;border:1px solid #aaa;border-radius:4px;outline:0;background-image:linear-gradient(to bottom, #fff 50%, #eee 100%);background-repeat:repeat-x;filter:progid:DXImageTransform.Microsoft.gradient(startColorstr='#FFFFFFFF', endColorstr='#FFEEEEEE', GradientType=0)}.select2-container--classic .select2-selection--single:focus{border:1px solid #5897fb}.select2-container--classic .select2-selection--single .select2-selection__rendered{color:#444;line-height:28px}.select2-container--classic .select2-selection--single .select2-selection__clear{cursor:pointer;float:right;font-weight:bold;height:26px;margin-right:20px}.select2-container--classic .select2-selection--single .select2-selection__placeholder{color:#999}.select2-container--classic .select2-selection--single .select2-selection__arrow{background-color:#ddd;border:none;border-left:1px solid #aaa;border-top-right-radius:4px;border-bottom-right-radius:4px;height:26px;position:absolute;top:1px;right:1px;width:20px;background-image:linear-gradient(to bottom, #eee 50%, #ccc 100%);background-repeat:repeat-x;filter:progid:DXImageTransform.Microsoft.gradient(startColorstr='#FFEEEEEE', endColorstr='#FFCCCCCC', GradientType=0)}.select2-container--classic .select2-selection--single .select2-selection__arrow b{border-color:#888 transparent transparent transparent;border-style:solid;border-width:5px 4px 0 4px;height:0;left:50%;margin-left:-4px;margin-top:-2px;position:absolute;top:50%;width:0}.select2-container--classic[dir=rtl] .select2-selection--single .select2-selection__clear{float:left}.select2-container--classic[dir=rtl] .select2-selection--single .select2-selection__arrow{border:none;border-right:1px solid #aaa;border-radius:0;border-top-left-radius:4px;border-bottom-left-radius:4px;left:1px;right:auto}.select2-container--classic.select2-container--open .select2-selection--single{border:1px solid #5897fb}.select2-container--classic.select2-container--open .select2-selection--single .select2-selection__arrow{background:transparent;border:none}.select2-container--classic.select2-container--open .select2-selection--single .select2-selection__arrow b{border-color:transparent transparent #888 transparent;border-width:0 4px 5px 4px}.select2-container--classic.select2-container--open.select2-container--above .select2-selection--single{border-top:none;border-top-left-radius:0;border-top-right-radius:0;background-image:linear-gradient(to bottom, #fff 0%, #eee 50%);background-repeat:repeat-x;filter:progid:DXImageTransform.Microsoft.gradient(startColorstr='#FFFFFFFF', endColorstr='#FFEEEEEE', GradientType=0)}.select2-container--classic.select2-container--open.select2-container--below .select2-selection--single{border-bottom:none;border-bottom-left-radius:0;border-bottom-right-radius:0;background-image:linear-gradient(to bottom, #eee 50%, #fff 100%);background-repeat:repeat-x;filter:progid:DXImageTransform.Microsoft.gradient(startColorstr='#FFEEEEEE', endColorstr='#FFFFFFFF', GradientType=0)}.select2-container--classic .select2-selection--multiple{background-color:white;border:1px solid #aaa;border-radius:4px;cursor:text;outline:0;padding-bottom:5px;padding-right:5px}.select2-container--classic .select2-selection--multiple:focus{border:1px solid #5897fb}.select2-container--classic .select2-selection--multiple .select2-selection__clear{display:none}.select2-container--classic .select2-selection--multiple .select2-selection__choice{background-color:#e4e4e4;border:1px solid #aaa;border-radius:4px;display:inline-block;margin-left:5px;margin-top:5px;padding:0}.select2-container--classic .select2-selection--multiple .select2-selection__choice__display{cursor:default;padding-left:2px;padding-right:5px}.select2-container--classic .select2-selection--multiple .select2-selection__choice__remove{background-color:transparent;border:none;border-top-left-radius:4px;border-bottom-left-radius:4px;color:#888;cursor:pointer;font-size:1em;font-weight:bold;padding:0 4px}.select2-container--classic .select2-selection--multiple .select2-selection__choice__remove:hover{color:#555;outline:none}.select2-container--classic[dir=rtl] .select2-selection--multiple .select2-selection__choice{margin-left:5px;margin-right:auto}.select2-container--classic[dir=rtl] .select2-selection--multiple .select2-selection__choice__display{padding-left:5px;padding-right:2px}.select2-container--classic[dir=rtl] .select2-selection--multiple .select2-selection__choice__remove{border-top-left-radius:0;border-bottom-left-radius:0;border-top-right-radius:4px;border-bottom-right-radius:4px}.select2-container--classic.select2-container--open .select2-selection--multiple{border:1px solid #5897fb}.select2-container--classic.select2-container--open.select2-container--above .select2-selection--multiple{border-top:none;border-top-left-radius:0;border-top-right-radius:0}.select2-container--classic.select2-container--open.select2-container--below .select2-selection--multiple{border-bottom:none;border-bottom-left-radius:0;border-bottom-right-radius:0}.select2-container--classic .select2-search--dropdown .select2-search__field{border:1px solid #aaa;outline:0}.select2-container--classic .select2-search--inline .select2-search__field{outline:0;box-shadow:none}.select2-container--classic .select2-dropdown{background-color:#fff;border:1px solid transparent}.select2-container--classic .select2-dropdown--above{border-bottom:none}.select2-container--classic .select2-dropdown--below{border-top:none}.select2-container--classic .select2-results>.select2-results__options{max-height:200px;overflow-y:auto}.select2-container--classic .select2-results__option--group{padding:0}.select2-container--classic .select2-results__option--disabled{color:grey}.select2-container--classic .select2-results__option--highlighted.select2-results__option--selectable{background-color:#3875d7;color:#fff}.select2-container--classic .select2-results__group{cursor:default;display:block;padding:6px}.select2-container--classic.select2-container--open .select2-dropdown{border-color:#5897fb}/*!\n * Select2 v4 Bootstrap 5 theme v1.3.0\n*/.select2-container--bootstrap-5{display:block}select+.select2-container--bootstrap-5{z-index:1}.select2-container--bootstrap-5 :focus{outline:0}.select2-container--bootstrap-5 .select2-selection{width:100%;min-height:calc(1.5em + .75rem + 2px);padding:.375rem .75rem;font-family:inherit;font-size:1rem;font-weight:400;line-height:1.5;color:#212529;background-color:#fff;border:1px solid #ced4da;border-radius:.25rem;transition:border-color .15s ease-in-out,box-shadow .15s ease-in-out;-webkit-appearance:none;-moz-appearance:none;appearance:none}@media(prefers-reduced-motion: reduce){.select2-container--bootstrap-5 .select2-selection{transition:none}}.select2-container--bootstrap-5.select2-container--focus .select2-selection,.select2-container--bootstrap-5.select2-container--open .select2-selection{border-color:#86b7fe;box-shadow:0 0 0 .25rem rgba(13, 110, 253, 0.25)}.select2-container--bootstrap-5.select2-container--open.select2-container--below .select2-selection{border-bottom:0 solid transparent;border-bottom-right-radius:0;border-bottom-left-radius:0}.select2-container--bootstrap-5.select2-container--open.select2-container--above .select2-selection{border-top:0 solid transparent;border-top-left-radius:0;border-top-right-radius:0}.select2-container--bootstrap-5 .select2-search{width:100%}.select2-container--bootstrap-5 .select2-search--inline .select2-search__field{vertical-align:top}.select2-container--bootstrap-5 .select2-selection--multiple .select2-selection__clear,.select2-container--bootstrap-5 .select2-selection--single .select2-selection__clear{position:absolute;top:50%;right:2.25rem;width:.75rem;height:.75rem;padding:.25em;overflow:hidden;text-indent:100%;white-space:nowrap;background:transparent url(" + ___CSS_LOADER_URL_REPLACEMENT_17___ + ") 50%/.75rem auto no-repeat;transform:translateY(-50%)}.select2-container--bootstrap-5 .select2-selection--multiple .select2-selection__clear:hover,.select2-container--bootstrap-5 .select2-selection--single .select2-selection__clear:hover{background:transparent url(" + ___CSS_LOADER_URL_REPLACEMENT_18___ + ") 50%/.75rem auto no-repeat}.select2-container--bootstrap-5 .select2-selection--multiple .select2-selection__clear>span,.select2-container--bootstrap-5 .select2-selection--single .select2-selection__clear>span{display:none}.select2-container--bootstrap-5+.select2-container--bootstrap-5{z-index:1056}.select2-container--bootstrap-5 .select2-dropdown{z-index:1056;overflow:hidden;color:#212529;background-color:#fff;border-color:#86b7fe;border-radius:.25rem}.select2-container--bootstrap-5 .select2-dropdown.select2-dropdown--below{border-top:0 solid transparent;border-top-left-radius:0;border-top-right-radius:0}.select2-container--bootstrap-5 .select2-dropdown.select2-dropdown--above{border-bottom:0 solid transparent;border-bottom-right-radius:0;border-bottom-left-radius:0}.select2-container--bootstrap-5 .select2-dropdown .select2-search{padding:.375rem .75rem}.select2-container--bootstrap-5 .select2-dropdown .select2-search .select2-search__field{display:block;width:100%;padding:.375rem .75rem;font-family:inherit;font-size:1rem;font-weight:400;line-height:1.5;color:#212529;background-color:#fff;background-clip:padding-box;border:1px solid #ced4da;-webkit-appearance:none;-moz-appearance:none;appearance:none;border-radius:.25rem;transition:border-color .15s ease-in-out,box-shadow .15s ease-in-out}@media(prefers-reduced-motion: reduce){.select2-container--bootstrap-5 .select2-dropdown .select2-search .select2-search__field{transition:none}}.select2-container--bootstrap-5 .select2-dropdown .select2-search .select2-search__field:focus{border-color:#86b7fe;box-shadow:0 0 0 .25rem rgba(13, 110, 253, 0.25)}.select2-container--bootstrap-5 .select2-dropdown .select2-results__options:not(.select2-results__options--nested){max-height:15rem;overflow-y:auto}.select2-container--bootstrap-5 .select2-dropdown .select2-results__options .select2-results__option{padding:.375rem .75rem;font-size:1rem;font-weight:400;line-height:1.5}.select2-container--bootstrap-5 .select2-dropdown .select2-results__options .select2-results__option.select2-results__message{color:#6c757d}.select2-container--bootstrap-5 .select2-dropdown .select2-results__options .select2-results__option.select2-results__option--highlighted{color:#000;background-color:#e9ecef}.select2-container--bootstrap-5 .select2-dropdown .select2-results__options .select2-results__option.select2-results__option--selected,.select2-container--bootstrap-5 .select2-dropdown .select2-results__options .select2-results__option[aria-selected=true]:not(.select2-results__option--highlighted){color:#fff;background-color:#0d6efd}.select2-container--bootstrap-5 .select2-dropdown .select2-results__options .select2-results__option.select2-results__option--disabled,.select2-container--bootstrap-5 .select2-dropdown .select2-results__options .select2-results__option[aria-disabled=true]{color:#6c757d}.select2-container--bootstrap-5 .select2-dropdown .select2-results__options .select2-results__option[role=group]{padding:0}.select2-container--bootstrap-5 .select2-dropdown .select2-results__options .select2-results__option[role=group] .select2-results__group{padding:.375rem;font-weight:500;line-height:1.5;color:#6c757d}.select2-container--bootstrap-5 .select2-dropdown .select2-results__options .select2-results__option[role=group] .select2-results__options--nested .select2-results__option{padding:.375rem .75rem}.select2-container--bootstrap-5 .select2-selection--single{padding:.375rem 2.25rem .375rem .75rem;background-image:url(" + ___CSS_LOADER_URL_REPLACEMENT_19___ + ");background-repeat:no-repeat;background-position:right .75rem center;background-size:16px 12px}.select2-container--bootstrap-5 .select2-selection--single .select2-selection__rendered{padding:0;font-weight:400;line-height:1.5;color:#212529}.select2-container--bootstrap-5 .select2-selection--single .select2-selection__rendered .select2-selection__placeholder{font-weight:400;line-height:1.5;color:#6c757d}.select2-container--bootstrap-5 .select2-selection--single .select2-selection__rendered .select2-selection__arrow{display:none}.select2-container--bootstrap-5 .select2-selection--multiple .select2-selection__rendered{display:flex;flex-direction:row;flex-wrap:wrap;padding-left:0;margin:0;list-style:none}.select2-container--bootstrap-5 .select2-selection--multiple .select2-selection__rendered .select2-selection__choice{display:flex;flex-direction:row;align-items:center;padding:.35em .65em;margin-right:.375rem;margin-bottom:.375rem;font-size:1rem;color:#212529;cursor:auto;border:1px solid #ced4da;border-radius:.25rem}.select2-container--bootstrap-5 .select2-selection--multiple .select2-selection__rendered .select2-selection__choice .select2-selection__choice__remove{width:.75rem;height:.75rem;padding:.25em;margin-right:.25rem;overflow:hidden;text-indent:100%;white-space:nowrap;background:transparent url(" + ___CSS_LOADER_URL_REPLACEMENT_17___ + ") 50%/.75rem auto no-repeat;border:0}.select2-container--bootstrap-5 .select2-selection--multiple .select2-selection__rendered .select2-selection__choice .select2-selection__choice__remove:hover{background:transparent url(" + ___CSS_LOADER_URL_REPLACEMENT_18___ + ") 50%/.75rem auto no-repeat}.select2-container--bootstrap-5 .select2-selection--multiple .select2-selection__rendered .select2-selection__choice .select2-selection__choice__remove>span{display:none}.select2-container--bootstrap-5 .select2-selection--multiple .select2-search{display:block;width:100%;height:1.5rem}.select2-container--bootstrap-5 .select2-selection--multiple .select2-search .select2-search__field{width:100%;height:1.5rem;margin-top:0;margin-left:0;font-family:inherit;line-height:1.5;background-color:transparent}.select2-container--bootstrap-5 .select2-selection--multiple .select2-selection__clear{right:.75rem}.select2-container--bootstrap-5.select2-container--disabled .select2-selection,.select2-container--bootstrap-5.select2-container--disabled.select2-container--focus .select2-selection{color:#6c757d;cursor:not-allowed;background-color:#e9ecef;border-color:#ced4da;box-shadow:none}.select2-container--bootstrap-5.select2-container--disabled .select2-selection--multiple .select2-selection__clear,.select2-container--bootstrap-5.select2-container--disabled.select2-container--focus .select2-selection--multiple .select2-selection__clear{display:none}.select2-container--bootstrap-5.select2-container--disabled .select2-selection--multiple .select2-selection__choice,.select2-container--bootstrap-5.select2-container--disabled.select2-container--focus .select2-selection--multiple .select2-selection__choice{cursor:not-allowed}.select2-container--bootstrap-5.select2-container--disabled .select2-selection--multiple .select2-selection__choice .select2-selection__choice__remove,.select2-container--bootstrap-5.select2-container--disabled.select2-container--focus .select2-selection--multiple .select2-selection__choice .select2-selection__choice__remove{display:none}.select2-container--bootstrap-5.select2-container--disabled .select2-selection--multiple .select2-selection__rendered:not(:empty),.select2-container--bootstrap-5.select2-container--disabled.select2-container--focus .select2-selection--multiple .select2-selection__rendered:not(:empty){padding-bottom:0}.select2-container--bootstrap-5.select2-container--disabled .select2-selection--multiple .select2-selection__rendered:not(:empty)+.select2-search,.select2-container--bootstrap-5.select2-container--disabled.select2-container--focus .select2-selection--multiple .select2-selection__rendered:not(:empty)+.select2-search{display:none}.input-group.has-validation>:nth-last-child(n+3):not(.dropdown-toggle):not(.dropdown-menu).select2-container--bootstrap-5 .select2-selection,.input-group:not(.has-validation)>:not(:last-child):not(.dropdown-toggle):not(.dropdown-menu).select2-container--bootstrap-5 .select2-selection{border-top-right-radius:0;border-bottom-right-radius:0}.input-group>.btn~.select2-container--bootstrap-5 .select2-selection,.input-group>.dropdown-menu~.select2-container--bootstrap-5 .select2-selection,.input-group>.input-group-text~.select2-container--bootstrap-5 .select2-selection{border-top-left-radius:0;border-bottom-left-radius:0}.input-group .select2-container--bootstrap-5{flex-grow:1}.input-group .select2-container--bootstrap-5 .select2-selection{height:100%}.is-valid+.select2-container--bootstrap-5 .select2-selection,.was-validated select:valid+.select2-container--bootstrap-5 .select2-selection{border-color:#198754}.is-valid+.select2-container--bootstrap-5.select2-container--focus .select2-selection,.is-valid+.select2-container--bootstrap-5.select2-container--open .select2-selection,.was-validated select:valid+.select2-container--bootstrap-5.select2-container--focus .select2-selection,.was-validated select:valid+.select2-container--bootstrap-5.select2-container--open .select2-selection{border-color:#198754;box-shadow:0 0 0 .25rem rgba(25, 135, 84, 0.25)}.is-valid+.select2-container--bootstrap-5.select2-container--open.select2-container--below .select2-selection,.was-validated select:valid+.select2-container--bootstrap-5.select2-container--open.select2-container--below .select2-selection{border-bottom:0 solid transparent}.is-valid+.select2-container--bootstrap-5.select2-container--open.select2-container--above .select2-selection,.was-validated select:valid+.select2-container--bootstrap-5.select2-container--open.select2-container--above .select2-selection{border-top:0 solid transparent;border-top-left-radius:0;border-top-right-radius:0}.is-[1m[31minvalid[39m[22m[1m+.select2-container--bootstrap-5 .select2-selection,.was-validated select:[1m[31minvalid[39m[22m[1m+.select2-container--bootstrap-5 .select2-selection{border-color:#dc3545}.is-[1m[31minvalid[39m[22m[1m+.select2-container--bootstrap-5.select2-container--focus .select2-selection,.is-[1m[31minvalid[39m[22m[1m+.select2-container--bootstrap-5.select2-container--open .select2-selection,.was-validated select:[1m[31minvalid[39m[22m[1m+.select2-container--bootstrap-5.select2-container--focus .select2-selection,.was-validated select:[1m[31minvalid[39m[22m[1m+.select2-container--bootstrap-5.select2-container--open .select2-selection{border-color:#dc3545;box-shadow:0 0 0 .25rem rgba(220, 53, 69, 0.25)}.is-[1m[31minvalid[39m[22m[1m+.select2-container--bootstrap-5.select2-container--open.select2-container--below .select2-selection,.was-validated select:[1m[31minvalid[39m[22m[1m+.select2-container--bootstrap-5.select2-container--open.select2-container--below .select2-selection{border-bottom:0 solid transparent}.is-[1m[31minvalid[39m[22m[1m+.select2-container--bootstrap-5.select2-container--open.select2-container--above .select2-selection,.was-validated select:[1m[31minvalid[39m[22m[1m+.select2-container--bootstrap-5.select2-container--open.select2-container--above .select2-selection{border-top:0 solid transparent;border-top-left-radius:0;border-top-right-radius:0}.select2-container--bootstrap-5 .select2--small.select2-selection{min-height:calc(1.5em + .5rem + 2px);padding:.25rem .5rem;font-size:.875rem;border-radius:.2rem}.select2-container--bootstrap-5 .select2--small.select2-selection--multiple .select2-selection__clear,.select2-container--bootstrap-5 .select2--small.select2-selection--single .select2-selection__clear{width:.5rem;height:.5rem;padding:.125rem;background:transparent url(" + ___CSS_LOADER_URL_REPLACEMENT_17___ + ") 50%/.5rem auto no-repeat}.select2-container--bootstrap-5 .select2--small.select2-selection--multiple .select2-selection__clear:hover,.select2-container--bootstrap-5 .select2--small.select2-selection--single .select2-selection__clear:hover{background:transparent url(" + ___CSS_LOADER_URL_REPLACEMENT_18___ + ") 50%/.5rem auto no-repeat}.select2-container--bootstrap-5 .select2--small.select2-selection--multiple .select2-search,.select2-container--bootstrap-5 .select2--small.select2-selection--multiple .select2-search .select2-search__field,.select2-container--bootstrap-5 .select2--small.select2-selection--single .select2-search,.select2-container--bootstrap-5 .select2--small.select2-selection--single .select2-search .select2-search__field{height:1.5em}.select2-container--bootstrap-5 .select2--small.select2-dropdown{border-radius:.2rem}.select2-container--bootstrap-5 .select2--small.select2-dropdown.select2-dropdown--below{border-top-left-radius:0;border-top-right-radius:0}.select2-container--bootstrap-5 .select2--small.select2-dropdown.select2-dropdown--above{border-bottom-right-radius:0;border-bottom-left-radius:0}.select2-container--bootstrap-5 .select2--small.select2-dropdown .select2-results__options .select2-results__option,.select2-container--bootstrap-5 .select2--small.select2-dropdown .select2-search .select2-search__field{padding:.25rem .5rem;font-size:.875rem}.select2-container--bootstrap-5 .select2--small.select2-dropdown .select2-results__options .select2-results__option[role=group] .select2-results__group{padding:.25rem}.select2-container--bootstrap-5 .select2--small.select2-dropdown .select2-results__options .select2-results__option[role=group] .select2-results__options--nested .select2-results__option{padding:.25rem .5rem}.select2-container--bootstrap-5 .select2--small.select2-selection--single{padding:.25rem 2.25rem .25rem .5rem}.select2-container--bootstrap-5 .select2--small.select2-selection--multiple .select2-selection__rendered .select2-selection__choice{padding:.35em .65em;font-size:.875rem}.select2-container--bootstrap-5 .select2--small.select2-selection--multiple .select2-selection__rendered .select2-selection__choice .select2-selection__choice__remove{width:.5rem;height:.5rem;padding:.125rem;background:transparent url(" + ___CSS_LOADER_URL_REPLACEMENT_17___ + ") 50%/.5rem auto no-repeat}.select2-container--bootstrap-5 .select2--small.select2-selection--multiple .select2-selection__rendered .select2-selection__choice .select2-selection__choice__remove:hover{background:transparent url(" + ___CSS_LOADER_URL_REPLACEMENT_18___ + ") 50%/.5rem auto no-repeat}.select2-container--bootstrap-5 .select2--small.select2-selection--multiple .select2-selection__clear{right:.5rem}.select2-container--bootstrap-5 .select2--large.select2-selection{min-height:calc(1.5em + 1rem + 2px);padding:.5rem 1rem;font-size:1.25rem;border-radius:.3rem}.select2-container--bootstrap-5 .select2--large.select2-selection--multiple .select2-selection__clear,.select2-container--bootstrap-5 .select2--large.select2-selection--single .select2-selection__clear{width:1rem;height:1rem;padding:.5rem;background:transparent url(" + ___CSS_LOADER_URL_REPLACEMENT_17___ + ") 50%/1rem auto no-repeat}.select2-container--bootstrap-5 .select2--large.select2-selection--multiple .select2-selection__clear:hover,.select2-container--bootstrap-5 .select2--large.select2-selection--single .select2-selection__clear:hover{background:transparent url(" + ___CSS_LOADER_URL_REPLACEMENT_18___ + ") 50%/1rem auto no-repeat}.select2-container--bootstrap-5 .select2--large.select2-selection--multiple .select2-search,.select2-container--bootstrap-5 .select2--large.select2-selection--multiple .select2-search .select2-search__field,.select2-container--bootstrap-5 .select2--large.select2-selection--single .select2-search,.select2-container--bootstrap-5 .select2--large.select2-selection--single .select2-search .select2-search__field{height:1.5em}.select2-container--bootstrap-5 .select2--large.select2-dropdown{border-radius:.3rem}.select2-container--bootstrap-5 .select2--large.select2-dropdown.select2-dropdown--below{border-top-left-radius:0;border-top-right-radius:0}.select2-container--bootstrap-5 .select2--large.select2-dropdown.select2-dropdown--above{border-bottom-right-radius:0;border-bottom-left-radius:0}.select2-container--bootstrap-5 .select2--large.select2-dropdown .select2-results__options .select2-results__option,.select2-container--bootstrap-5 .select2--large.select2-dropdown .select2-search .select2-search__field{padding:.5rem 1rem;font-size:1.25rem}.select2-container--bootstrap-5 .select2--large.select2-dropdown .select2-results__options .select2-results__option[role=group] .select2-results__group{padding:.5rem}.select2-container--bootstrap-5 .select2--large.select2-dropdown .select2-results__options .select2-results__option[role=group] .select2-results__options--nested .select2-results__option{padding:.5rem 1rem}.select2-container--bootstrap-5 .select2--large.select2-selection--single{padding:.5rem 2.25rem .5rem 1rem}.select2-container--bootstrap-5 .select2--large.select2-selection--multiple .select2-selection__rendered .select2-selection__choice{padding:.35em .65em;font-size:1.25rem}.select2-container--bootstrap-5 .select2--large.select2-selection--multiple .select2-selection__rendered .select2-selection__choice .select2-selection__choice__remove{width:1rem;height:1rem;padding:.5rem;background:transparent url(" + ___CSS_LOADER_URL_REPLACEMENT_17___ + ") 50%/1rem auto no-repeat}.select2-container--bootstrap-5 .select2--large.select2-selection--multiple .select2-selection__rendered .select2-selection__choice .select2-selection__choice__remove:hover{background:transparent url(" + ___CSS_LOADER_URL_REPLACEMENT_18___ + ") 50%/1rem auto no-repeat}.select2-container--bootstrap-5 .select2--large.select2-selection--multiple .select2-selection__clear{right:1rem}.form-select-sm~.select2-container--bootstrap-5 .select2-selection{min-height:calc(1.5em + .5rem + 2px);padding:.25rem .5rem;font-size:.875rem;border-radius:.2rem}.form-select-sm~.select2-container--bootstrap-5 .select2-selection--multiple .select2-selection__clear,.form-select-sm~.select2-container--bootstrap-5 .select2-selection--single .select2-selection__clear{width:.5rem;height:.5rem;padding:.125rem;background:transparent url(" + ___CSS_LOADER_URL_REPLACEMENT_17___ + ") 50%/.5rem auto no-repeat}.form-select-sm~.select2-container--bootstrap-5 .select2-selection--multiple .select2-selection__clear:hover,.form-select-sm~.select2-container--bootstrap-5 .select2-selection--single .select2-selection__clear:hover{background:transparent url(" + ___CSS_LOADER_URL_REPLACEMENT_18___ + ") 50%/.5rem auto no-repeat}.form-select-sm~.select2-container--bootstrap-5 .select2-selection--multiple .select2-search,.form-select-sm~.select2-container--bootstrap-5 .select2-selection--multiple .select2-search .select2-search__field,.form-select-sm~.select2-container--bootstrap-5 .select2-selection--single .select2-search,.form-select-sm~.select2-container--bootstrap-5 .select2-selection--single .select2-search .select2-search__field{height:1.5em}.form-select-sm~.select2-container--bootstrap-5 .select2-dropdown{border-radius:.2rem}.form-select-sm~.select2-container--bootstrap-5 .select2-dropdown.select2-dropdown--below{border-top-left-radius:0;border-top-right-radius:0}.form-select-sm~.select2-container--bootstrap-5 .select2-dropdown.select2-dropdown--above{border-bottom-right-radius:0;border-bottom-left-radius:0}.form-select-sm~.select2-container--bootstrap-5 .select2-dropdown .select2-results__options .select2-results__option,.form-select-sm~.select2-container--bootstrap-5 .select2-dropdown .select2-search .select2-search__field{padding:.25rem .5rem;font-size:.875rem}.form-select-sm~.select2-container--bootstrap-5 .select2-dropdown .select2-results__options .select2-results__option[role=group] .select2-results__group{padding:.25rem}.form-select-sm~.select2-container--bootstrap-5 .select2-dropdown .select2-results__options .select2-results__option[role=group] .select2-results__options--nested .select2-results__option{padding:.25rem .5rem}.form-select-sm~.select2-container--bootstrap-5 .select2-selection--single{padding:.25rem 2.25rem .25rem .5rem}.form-select-sm~.select2-container--bootstrap-5 .select2-selection--multiple .select2-selection__rendered .select2-selection__choice{padding:.35em .65em;font-size:.875rem}.form-select-sm~.select2-container--bootstrap-5 .select2-selection--multiple .select2-selection__rendered .select2-selection__choice .select2-selection__choice__remove{width:.5rem;height:.5rem;padding:.125rem;background:transparent url(" + ___CSS_LOADER_URL_REPLACEMENT_17___ + ") 50%/.5rem auto no-repeat}.form-select-sm~.select2-container--bootstrap-5 .select2-selection--multiple .select2-selection__rendered .select2-selection__choice .select2-selection__choice__remove:hover{background:transparent url(" + ___CSS_LOADER_URL_REPLACEMENT_18___ + ") 50%/.5rem auto no-repeat}.form-select-sm~.select2-container--bootstrap-5 .select2-selection--multiple .select2-selection__clear{right:.5rem}.form-select-lg~.select2-container--bootstrap-5 .select2-selection{min-height:calc(1.5em + 1rem + 2px);padding:.5rem 1rem;font-size:1.25rem;border-radius:.3rem}.form-select-lg~.select2-container--bootstrap-5 .select2-selection--multiple .select2-selection__clear,.form-select-lg~.select2-container--bootstrap-5 .select2-selection--single .select2-selection__clear{width:1rem;height:1rem;padding:.5rem;background:transparent url(" + ___CSS_LOADER_URL_REPLACEMENT_17___ + ") 50%/1rem auto no-repeat}.form-select-lg~.select2-container--bootstrap-5 .select2-selection--multiple .select2-selection__clear:hover,.form-select-lg~.select2-container--bootstrap-5 .select2-selection--single .select2-selection__clear:hover{background:transparent url(" + ___CSS_LOADER_URL_REPLACEMENT_18___ + ") 50%/1rem auto no-repeat}.form-select-lg~.select2-container--bootstrap-5 .select2-selection--multiple .select2-search,.form-select-lg~.select2-container--bootstrap-5 .select2-selection--multiple .select2-search .select2-search__field,.form-select-lg~.select2-container--bootstrap-5 .select2-selection--single .select2-search,.form-select-lg~.select2-container--bootstrap-5 .select2-selection--single .select2-search .select2-search__field{height:1.5em}.form-select-lg~.select2-container--bootstrap-5 .select2-dropdown{border-radius:.3rem}.form-select-lg~.select2-container--bootstrap-5 .select2-dropdown.select2-dropdown--below{border-top-left-radius:0;border-top-right-radius:0}.form-select-lg~.select2-container--bootstrap-5 .select2-dropdown.select2-dropdown--above{border-bottom-right-radius:0;border-bottom-left-radius:0}.form-select-lg~.select2-container--bootstrap-5 .select2-dropdown .select2-results__options .select2-results__option,.form-select-lg~.select2-container--bootstrap-5 .select2-dropdown .select2-search .select2-search__field{padding:.5rem 1rem;font-size:1.25rem}.form-select-lg~.select2-container--bootstrap-5 .select2-dropdown .select2-results__options .select2-results__option[role=group] .select2-results__group{padding:.5rem}.form-select-lg~.select2-container--bootstrap-5 .select2-dropdown .select2-results__options .select2-results__option[role=group] .select2-results__options--nested .select2-results__option{padding:.5rem 1rem}.form-select-lg~.select2-container--bootstrap-5 .select2-selection--single{padding:.5rem 2.25rem .5rem 1rem}.form-select-lg~.select2-container--bootstrap-5 .select2-selection--multiple .select2-selection__rendered .select2-selection__choice{padding:.35em .65em;font-size:1.25rem}.form-select-lg~.select2-container--bootstrap-5 .select2-selection--multiple .select2-selection__rendered .select2-selection__choice .select2-selection__choice__remove{width:1rem;height:1rem;padding:.5rem;background:transparent url(" + ___CSS_LOADER_URL_REPLACEMENT_17___ + ") 50%/1rem auto no-repeat}.form-select-lg~.select2-container--bootstrap-5 .select2-selection--multiple .select2-selection__rendered .select2-selection__choice .select2-selection__choice__remove:hover{background:transparent url(" + ___CSS_LOADER_URL_REPLACEMENT_18___ + ") 50%/1rem auto no-repeat}.form-select-lg~.select2-container--bootstrap-5 .select2-selection--multiple .select2-selection__clear{right:1rem}", ""]);
56 | // Exports
57 | /* harmony default export */ __webpack_exports__["default"] = (___CSS_LOADER_EXPORT___);
58 | [39m[22m
 @ ./src/js/app.js 4:0-26

webpack 5.105.4 compiled with [1m[31m2 errors[39m[22m and [1m[33m16 warnings[39m[22m in 1122 ms
