
> hr-library@1.0.0 build
> npm run docs && cross-env NODE_ENV=production webpack --config webpack/webpack.prod.js --progress


> hr-library@1.0.0 docs
> jsdoc -c jsdoc.json

WARNING: The @type tag does not permit a description; the description will be ignored. File: HR.js, line: 40
WARNING: The @type tag does not permit a description; the description will be ignored. File: HR.js, line: 41
WARNING: The @type tag does not permit a description; the description will be ignored. File: HR.js, line: 43
WARNING: The @type tag does not permit a description; the description will be ignored. File: HR.js, line: 44
<s> [webpack.Progress] 0% 

<s> [webpack.Progress] 1% setup before run
<s> [webpack.Progress] 1% setup before run NodeEnvironmentPlugin
<s> [webpack.Progress] 1% setup before run
<s> [webpack.Progress] 2% setup run
<s> [webpack.Progress] 2% setup run webpack-cli
<s> [webpack.Progress] 2% setup run
<s> [webpack.Progress] 4% setup normal module factory
<s> [webpack.Progress] 4% setup normal module factory
<s> [webpack.Progress] 5% setup context module factory
<s> [webpack.Progress] 5% setup context module factory
<s> [webpack.Progress] 6% setup before compile
<s> [webpack.Progress] 6% setup before compile ProgressPlugin
<s> [webpack.Progress] 6% setup before compile
<s> [webpack.Progress] 7% setup compile
<s> [webpack.Progress] 7% setup compile ExternalsPlugin
<s> [webpack.Progress] 7% setup compile
<s> [webpack.Progress] 8% setup compilation
<s> [webpack.Progress] 8% setup compilation HtmlWebpackPlugin
<s> [webpack.Progress] 8% setup compilation HtmlWebpackPlugin
<s> [webpack.Progress] 8% setup compilation HtmlWebpackPlugin
<s> [webpack.Progress] 8% setup compilation HtmlWebpackPlugin
<s> [webpack.Progress] 8% setup compilation HtmlWebpackPlugin
<s> [webpack.Progress] 8% setup compilation HtmlWebpackPlugin
<s> [webpack.Progress] 8% setup compilation HtmlWebpackPlugin
<s> [webpack.Progress] 8% setup compilation HtmlWebpackPlugin
<s> [webpack.Progress] 8% setup compilation HtmlWebpackPlugin
<s> [webpack.Progress] 8% setup compilation HtmlWebpackPlugin
<s> [webpack.Progress] 8% setup compilation HtmlWebpackPlugin
<s> [webpack.Progress] 8% setup compilation HtmlWebpackPlugin
<s> [webpack.Progress] 8% setup compilation HtmlWebpackPlugin
<s> [webpack.Progress] 8% setup compilation HtmlWebpackPlugin
<s> [webpack.Progress] 8% setup compilation HtmlWebpackPlugin
<s> [webpack.Progress] 8% setup compilation HtmlWebpackPlugin
<s> [webpack.Progress] 8% setup compilation HtmlWebpackPlugin
<s> [webpack.Progress] 8% setup compilation HtmlWebpackPlugin
<s> [webpack.Progress] 8% setup compilation HtmlWebpackPlugin
<s> [webpack.Progress] 8% setup compilation HtmlWebpackPlugin
<s> [webpack.Progress] 8% setup compilation HtmlWebpackPlugin
<s> [webpack.Progress] 8% setup compilation HtmlWebpackPlugin
<s> [webpack.Progress] 8% setup compilation HtmlWebpackPlugin
<s> [webpack.Progress] 8% setup compilation HtmlWebpackPlugin
<s> [webpack.Progress] 8% setup compilation HtmlWebpackPlugin
<s> [webpack.Progress] 8% setup compilation HtmlWebpackPlugin
<s> [webpack.Progress] 8% setup compilation HtmlWebpackPlugin
<s> [webpack.Progress] 8% setup compilation HtmlWebpackPlugin
<s> [webpack.Progress] 8% setup compilation HtmlWebpackPlugin
<s> [webpack.Progress] 8% setup compilation HtmlWebpackPlugin
<s> [webpack.Progress] 8% setup compilation HtmlWebpackPlugin
<s> [webpack.Progress] 8% setup compilation HtmlWebpackPlugin
<s> [webpack.Progress] 8% setup compilation HtmlWebpackPlugin
<s> [webpack.Progress] 8% setup compilation HtmlWebpackPlugin
<s> [webpack.Progress] 8% setup compilation HtmlWebpackPlugin
<s> [webpack.Progress] 8% setup compilation HtmlWebpackPlugin
<s> [webpack.Progress] 8% setup compilation HtmlWebpackPlugin
<s> [webpack.Progress] 8% setup compilation HtmlWebpackPlugin
<s> [webpack.Progress] 8% setup compilation HtmlWebpackPlugin
<s> [webpack.Progress] 8% setup compilation HtmlWebpackPlugin
<s> [webpack.Progress] 8% setup compilation HtmlWebpackPlugin
<s> [webpack.Progress] 8% setup compilation HtmlWebpackPlugin
<s> [webpack.Progress] 8% setup compilation HtmlWebpackPlugin
<s> [webpack.Progress] 8% setup compilation HtmlWebpackPlugin
<s> [webpack.Progress] 8% setup compilation CopyPlugin
<s> [webpack.Progress] 8% setup compilation mini-css-extract-plugin
<s> [webpack.Progress] 8% setup compilation mini-css-extract-plugin
<s> [webpack.Progress] 8% setup compilation ArrayPushCallbackChunkFormatPlugin
<s> [webpack.Progress] 8% setup compilation JsonpChunkLoadingPlugin
<s> [webpack.Progress] 8% setup compilation StartupChunkDependenciesPlugin
<s> [webpack.Progress] 8% setup compilation ImportScriptsChunkLoadingPlugin
<s> [webpack.Progress] 8% setup compilation FetchCompileWasmPlugin
<s> [webpack.Progress] 8% setup compilation FetchCompileAsyncWasmPlugin
<s> [webpack.Progress] 8% setup compilation WorkerPlugin
<s> [webpack.Progress] 8% setup compilation SplitChunksPlugin
<s> [webpack.Progress] 8% setup compilation ResolverCachePlugin
<s> [webpack.Progress] 8% setup compilation
<s> [webpack.Progress] 9% setup compilation
<s> [webpack.Progress] 9% setup compilation ProgressPlugin
<s> [webpack.Progress] 9% setup compilation mini-css-extract-plugin
<s> [webpack.Progress] 9% setup compilation HotModuleReplacementPlugin
<s> [webpack.Progress] 9% setup compilation mini-css-extract-plugin
<s> [webpack.Progress] 9% setup compilation ChunkPrefetchPreloadPlugin
<s> [webpack.Progress] 9% setup compilation JavascriptModulesPlugin
<s> [webpack.Progress] 9% setup compilation JsonModulesPlugin
<s> [webpack.Progress] 9% setup compilation AssetModulesPlugin
<s> [webpack.Progress] 9% setup compilation EntryPlugin
<s> [webpack.Progress] 9% setup compilation EntryPlugin
<s> [webpack.Progress] 9% setup compilation EntryPlugin
<s> [webpack.Progress] 9% setup compilation EntryPlugin
<s> [webpack.Progress] 9% setup compilation EntryPlugin
<s> [webpack.Progress] 9% setup compilation EntryPlugin
<s> [webpack.Progress] 9% setup compilation EntryPlugin
<s> [webpack.Progress] 9% setup compilation EntryPlugin
<s> [webpack.Progress] 9% setup compilation EntryPlugin
<s> [webpack.Progress] 9% setup compilation EntryPlugin
<s> [webpack.Progress] 9% setup compilation EntryPlugin
<s> [webpack.Progress] 9% setup compilation RuntimePlugin
<s> [webpack.Progress] 9% setup compilation InferAsyncModulesPlugin
<s> [webpack.Progress] 9% setup compilation DataUriPlugin
<s> [webpack.Progress] 9% setup compilation FileUriPlugin
<s> [webpack.Progress] 9% setup compilation CompatibilityPlugin
<s> [webpack.Progress] 9% setup compilation HarmonyModulesPlugin
<s> [webpack.Progress] 9% setup compilation AMDPlugin
<s> [webpack.Progress] 9% setup compilation RequireJsStuffPlugin
<s> [webpack.Progress] 9% setup compilation CommonJsPlugin
<s> [webpack.Progress] 9% setup compilation LoaderPlugin
<s> [webpack.Progress] 9% setup compilation LoaderPlugin
<s> [webpack.Progress] 9% setup compilation NodeStuffPlugin
<s> [webpack.Progress] 9% setup compilation APIPlugin
<s> [webpack.Progress] 9% setup compilation ExportsInfoApiPlugin
<s> [webpack.Progress] 9% setup compilation WebpackIsIncludedPlugin
<s> [webpack.Progress] 9% setup compilation ConstPlugin
<s> [webpack.Progress] 9% setup compilation UseStrictPlugin
<s> [webpack.Progress] 9% setup compilation RequireIncludePlugin
<s> [webpack.Progress] 9% setup compilation RequireEnsurePlugin
<s> [webpack.Progress] 9% setup compilation RequireContextPlugin
<s> [webpack.Progress] 9% setup compilation ImportPlugin
<s> [webpack.Progress] 9% setup compilation ImportMetaContextPlugin
<s> [webpack.Progress] 9% setup compilation SystemPlugin
<s> [webpack.Progress] 9% setup compilation ImportMetaPlugin
<s> [webpack.Progress] 9% setup compilation URLPlugin
<s> [webpack.Progress] 9% setup compilation DefaultStatsFactoryPlugin
<s> [webpack.Progress] 9% setup compilation DefaultStatsPresetPlugin
<s> [webpack.Progress] 9% setup compilation DefaultStatsPrinterPlugin
<s> [webpack.Progress] 9% setup compilation JavascriptMetaInfoPlugin
<s> [webpack.Progress] 9% setup compilation EnsureChunkConditionsPlugin
<s> [webpack.Progress] 9% setup compilation RemoveEmptyChunksPlugin
<s> [webpack.Progress] 9% setup compilation MergeDuplicateChunksPlugin
<s> [webpack.Progress] 9% setup compilation FlagIncludedChunksPlugin
<s> [webpack.Progress] 9% setup compilation SideEffectsFlagPlugin
<s> [webpack.Progress] 9% setup compilation FlagDependencyExportsPlugin
<s> [webpack.Progress] 9% setup compilation FlagDependencyUsagePlugin
<s> [webpack.Progress] 9% setup compilation InnerGraphPlugin
<s> [webpack.Progress] 9% setup compilation MangleExportsPlugin
<s> [webpack.Progress] 9% setup compilation ModuleConcatenationPlugin
<s> [webpack.Progress] 9% setup compilation NoEmitOnErrorsPlugin
<s> [webpack.Progress] 9% setup compilation RealContentHashPlugin
<s> [webpack.Progress] 9% setup compilation WasmFinalizeExportsPlugin
<s> [webpack.Progress] 9% setup compilation DeterministicModuleIdsPlugin
<s> [webpack.Progress] 9% setup compilation DeterministicChunkIdsPlugin
<s> [webpack.Progress] 9% setup compilation DefinePlugin
<s> [webpack.Progress] 9% setup compilation TerserPlugin
<s> [webpack.Progress] 9% setup compilation CssMinimizerPlugin
<s> [webpack.Progress] 9% setup compilation TemplatedPathPlugin
<s> [webpack.Progress] 9% setup compilation RecordIdsPlugin
<s> [webpack.Progress] 9% setup compilation WarnCaseSensitiveModulesPlugin
<s> [webpack.Progress] 9% setup compilation
<s> [webpack.Progress] 10% building
<s> [webpack.Progress] 10% building 0/1 entries 0/0 dependencies 0/0 modules
<s> [webpack.Progress] 10% building import loader ./node_modules/babel-loader/lib/index.js
<s> [webpack.Progress] 10% building 0/11 entries 11/11 dependencies 0/11 modules
<s> [webpack.Progress] 10% building 0/11 entries 11/12 dependencies 0/11 modules
<s> [webpack.Progress] 15% building 1/11 entries 11/31 dependencies 1/11 modules
<s> [webpack.Progress] 20% building 2/11 entries 11/31 dependencies 2/11 modules
<s> [webpack.Progress] 25% building 3/11 entries 11/31 dependencies 3/11 modules
<s> [webpack.Progress] 29% building 4/11 entries 11/31 dependencies 4/11 modules
<s> [webpack.Progress] 29% building 5/11 entries 11/31 dependencies 5/11 modules
<s> [webpack.Progress] 29% building 6/11 entries 11/31 dependencies 6/11 modules
<s> [webpack.Progress] 29% building 7/11 entries 11/31 dependencies 7/11 modules
<s> [webpack.Progress] 29% building 8/11 entries 11/31 dependencies 8/11 modules
<s> [webpack.Progress] 29% building 9/11 entries 11/31 dependencies 9/11 modules
<s> [webpack.Progress] 43% building import loader ./node_modules/mini-css-extract-plugin/dist/loader.js
<s> [webpack.Progress] 43% building import loader ./node_modules/css-loader/dist/cjs.js
<s> [webpack.Progress] 43% building import loader ./node_modules/postcss-loader/dist/cjs.js
<s> [webpack.Progress] 43% building import loader ./node_modules/sass-loader/dist/cjs.js
<s> [webpack.Progress] 43% building 9/11 entries 57/95 dependencies 10/57 modules
<s> [webpack.Progress] 41% building 9/11 entries 85/150 dependencies 19/63 modules
<s> [webpack.Progress] 54% building 9/11 entries 150/184 dependencies 22/104 modules
<s> [webpack.Progress] 55% building 9/11 entries 177/200 dependencies 25/110 modules
<s> [webpack.Progress] 55% building 9/11 entries 183/209 dependencies 28/111 modules
<s> [webpack.Progress] 60% building 10/11 entries 340/370 dependencies 92/195 modules
<s> [webpack.Progress] 60% building 10/11 entries 787/800 dependencies 362/365 modules
<s> [webpack.Progress] 65% building 11/11 entries 838/838 dependencies 396/396 modules
<s> [webpack.Progress] 65% building
<s> [webpack.Progress] 69% building finish
<s> [webpack.Progress] 69% building finish
<s> [webpack.Progress] 70% sealing finish module graph
<s> [webpack.Progress] 70% sealing finish module graph ResolverCachePlugin
<s> [webpack.Progress] 70% sealing finish module graph InferAsyncModulesPlugin
<s> [webpack.Progress] 70% sealing finish module graph FlagDependencyExportsPlugin
<s> [webpack.Progress] 70% sealing finish module graph InnerGraphPlugin
<s> [webpack.Progress] 70% sealing finish module graph WasmFinalizeExportsPlugin
<s> [webpack.Progress] 70% sealing finish module graph
<s> [webpack.Progress] 70% sealing plugins
<s> [webpack.Progress] 70% sealing plugins WarnCaseSensitiveModulesPlugin
<s> [webpack.Progress] 70% sealing plugins
<s> [webpack.Progress] 71% sealing dependencies optimization
<s> [webpack.Progress] 71% sealing dependencies optimization SideEffectsFlagPlugin
<s> [webpack.Progress] 71% sealing dependencies optimization FlagDependencyUsagePlugin
<s> [webpack.Progress] 71% sealing dependencies optimization
<s> [webpack.Progress] 71% sealing after dependencies optimization
<s> [webpack.Progress] 71% sealing after dependencies optimization
<s> [webpack.Progress] 72% sealing chunk graph
<s> [webpack.Progress] 72% sealing chunk graph
<s> [webpack.Progress] 73% sealing after chunk graph
<s> [webpack.Progress] 73% sealing after chunk graph
<s> [webpack.Progress] 73% sealing optimizing
<s> [webpack.Progress] 73% sealing optimizing
<s> [webpack.Progress] 74% sealing module optimization
<s> [webpack.Progress] 74% sealing module optimization
<s> [webpack.Progress] 75% sealing after module optimization
<s> [webpack.Progress] 75% sealing after module optimization
<s> [webpack.Progress] 75% sealing chunk optimization
<s> [webpack.Progress] 75% sealing chunk optimization EnsureChunkConditionsPlugin
<s> [webpack.Progress] 75% sealing chunk optimization RemoveEmptyChunksPlugin
<s> [webpack.Progress] 75% sealing chunk optimization MergeDuplicateChunksPlugin
<s> [webpack.Progress] 75% sealing chunk optimization SplitChunksPlugin
<s> [webpack.Progress] 75% sealing chunk optimization RemoveEmptyChunksPlugin
<s> [webpack.Progress] 75% sealing chunk optimization
<s> [webpack.Progress] 76% sealing after chunk optimization
<s> [webpack.Progress] 76% sealing after chunk optimization
<s> [webpack.Progress] 77% sealing module and chunk tree optimization
<s> [webpack.Progress] 77% sealing module and chunk tree optimization PersistentChildCompilerSingletonPlugin
<s> [webpack.Progress] 77% sealing module and chunk tree optimization
<s> [webpack.Progress] 77% sealing after module and chunk tree optimization
<s> [webpack.Progress] 77% sealing after module and chunk tree optimization
<s> [webpack.Progress] 78% sealing chunk modules optimization
<s> [webpack.Progress] 78% sealing chunk modules optimization ModuleConcatenationPlugin
<s> [webpack.Progress] 78% sealing chunk modules optimization
<s> [webpack.Progress] 78% sealing after chunk modules optimization
<s> [webpack.Progress] 78% sealing after chunk modules optimization
<s> [webpack.Progress] 79% sealing module reviving
<s> [webpack.Progress] 79% sealing module reviving RecordIdsPlugin
<s> [webpack.Progress] 79% sealing module reviving
<s> [webpack.Progress] 80% sealing before module ids
<s> [webpack.Progress] 80% sealing before module ids
<s> [webpack.Progress] 80% sealing module ids
<s> [webpack.Progress] 80% sealing module ids DeterministicModuleIdsPlugin
<s> [webpack.Progress] 80% sealing module ids
<s> [webpack.Progress] 81% sealing module id optimization
<s> [webpack.Progress] 81% sealing module id optimization
<s> [webpack.Progress] 82% sealing module id optimization
<s> [webpack.Progress] 82% sealing module id optimization
<s> [webpack.Progress] 82% sealing chunk reviving
<s> [webpack.Progress] 82% sealing chunk reviving RecordIdsPlugin
<s> [webpack.Progress] 82% sealing chunk reviving
<s> [webpack.Progress] 83% sealing before chunk ids
<s> [webpack.Progress] 83% sealing before chunk ids
<s> [webpack.Progress] 84% sealing chunk ids
<s> [webpack.Progress] 84% sealing chunk ids DeterministicChunkIdsPlugin
<s> [webpack.Progress] 84% sealing chunk ids
<s> [webpack.Progress] 84% sealing chunk id optimization
<s> [webpack.Progress] 84% sealing chunk id optimization FlagIncludedChunksPlugin
<s> [webpack.Progress] 84% sealing chunk id optimization
<s> [webpack.Progress] 85% sealing after chunk id optimization
<s> [webpack.Progress] 85% sealing after chunk id optimization
<s> [webpack.Progress] 87% sealing module hashing
<s> [webpack.Progress] 87% sealing module hashing
<s> [webpack.Progress] 87% sealing code generation
<s> [webpack.Progress] 87% sealing code generation
<s> [webpack.Progress] 88% sealing runtime requirements
<s> [webpack.Progress] 88% sealing runtime requirements
<s> [webpack.Progress] 89% sealing hashing
<s> [webpack.Progress] 89% sealing hashing
<s> [webpack.Progress] 89% sealing after hashing
<s> [webpack.Progress] 89% sealing after hashing
<s> [webpack.Progress] 91% sealing module assets processing
<s> [webpack.Progress] 91% sealing module assets processing
<s> [webpack.Progress] 91% sealing chunk assets processing
<s> [webpack.Progress] 91% sealing chunk assets processing
<s> [webpack.Progress] 92% sealing asset processing
<s> [webpack.Progress] 92% sealing asset processing copy-webpack-plugin
<s> [webpack.Progress] 92% sealing asset processing HotModuleReplacementPlugin
<s> [webpack.Progress] 92% sealing asset processing PersistentChildCompilerSingletonPlugin
<s> [webpack.Progress] 92% sealing asset processing TerserPlugin
<s> [webpack.Progress] 92% sealing asset processing CssMinimizerPlugin
<s> [webpack.Progress] 92% sealing asset processing HtmlWebpackPlugin
<s> [webpack.Progress] 92% sealing asset processing HtmlWebpackPlugin
<s> [webpack.Progress] 92% sealing asset processing HtmlWebpackPlugin
<s> [webpack.Progress] 92% sealing asset processing HtmlWebpackPlugin
<s> [webpack.Progress] 92% sealing asset processing HtmlWebpackPlugin
<s> [webpack.Progress] 92% sealing asset processing HtmlWebpackPlugin
<s> [webpack.Progress] 92% sealing asset processing HtmlWebpackPlugin
<s> [webpack.Progress] 92% sealing asset processing HtmlWebpackPlugin
<s> [webpack.Progress] 92% sealing asset processing HtmlWebpackPlugin
<s> [webpack.Progress] 92% sealing asset processing HtmlWebpackPlugin
<s> [webpack.Progress] 92% sealing asset processing HtmlWebpackPlugin
<s> [webpack.Progress] 92% sealing asset processing HtmlWebpackPlugin
<s> [webpack.Progress] 92% sealing asset processing HtmlWebpackPlugin
<s> [webpack.Progress] 92% sealing asset processing HtmlWebpackPlugin
<s> [webpack.Progress] 92% sealing asset processing HtmlWebpackPlugin
<s> [webpack.Progress] 92% sealing asset processing HtmlWebpackPlugin
<s> [webpack.Progress] 92% sealing asset processing HtmlWebpackPlugin
<s> [webpack.Progress] 92% sealing asset processing HtmlWebpackPlugin
<s> [webpack.Progress] 92% sealing asset processing HtmlWebpackPlugin
<s> [webpack.Progress] 92% sealing asset processing HtmlWebpackPlugin
<s> [webpack.Progress] 92% sealing asset processing HtmlWebpackPlugin
<s> [webpack.Progress] 92% sealing asset processing HtmlWebpackPlugin
<s> [webpack.Progress] 92% sealing asset processing HtmlWebpackPlugin
<s> [webpack.Progress] 92% sealing asset processing HtmlWebpackPlugin
<s> [webpack.Progress] 92% sealing asset processing HtmlWebpackPlugin
<s> [webpack.Progress] 92% sealing asset processing HtmlWebpackPlugin
<s> [webpack.Progress] 92% sealing asset processing HtmlWebpackPlugin
<s> [webpack.Progress] 92% sealing asset processing HtmlWebpackPlugin
<s> [webpack.Progress] 92% sealing asset processing HtmlWebpackPlugin
<s> [webpack.Progress] 92% sealing asset processing HtmlWebpackPlugin
<s> [webpack.Progress] 92% sealing asset processing HtmlWebpackPlugin
<s> [webpack.Progress] 92% sealing asset processing HtmlWebpackPlugin
<s> [webpack.Progress] 92% sealing asset processing HtmlWebpackPlugin
<s> [webpack.Progress] 92% sealing asset processing HtmlWebpackPlugin
<s> [webpack.Progress] 92% sealing asset processing HtmlWebpackPlugin
<s> [webpack.Progress] 92% sealing asset processing HtmlWebpackPlugin
<s> [webpack.Progress] 92% sealing asset processing HtmlWebpackPlugin
<s> [webpack.Progress] 92% sealing asset processing HtmlWebpackPlugin
<s> [webpack.Progress] 92% sealing asset processing HtmlWebpackPlugin
<s> [webpack.Progress] 92% sealing asset processing HtmlWebpackPlugin
<s> [webpack.Progress] 92% sealing asset processing HtmlWebpackPlugin
<s> [webpack.Progress] 92% sealing asset processing HtmlWebpackPlugin
<s> [webpack.Progress] 92% sealing asset processing HtmlWebpackPlugin
<s> [webpack.Progress] 92% sealing asset processing HtmlWebpackPlugin
<s> [webpack.Progress] 92% sealing asset processing RealContentHashPlugin
<s> [webpack.Progress] 92% sealing asset processing
<s> [webpack.Progress] 93% sealing after asset optimization
<s> [webpack.Progress] 93% sealing after asset optimization
<s> [webpack.Progress] 94% sealing after seal
<s> [webpack.Progress] 94% sealing after seal
<s> [webpack.Progress] 99% done plugins
<s> [webpack.Progress] 99% done plugins clean-webpack-plugin
<s> [webpack.Progress] 99% done plugins
<s> [webpack.Progress] 99% 

<s> [webpack.Progress] 99% cache begin idle
<s> [webpack.Progress] 99% cache begin idle
<s> [webpack.Progress] 100% 

<s> [webpack.Progress] 99% cache shutdown
<s> [webpack.Progress] 99% cache shutdown
<s> [webpack.Progress] 100% 

assets by status 11.1 MiB [1m[32m[cached][39m[22m 112 assets
orphan modules 3.55 MiB (javascript) 2.02 MiB (asset) 149 KiB (runtime) [1m[33m[orphan][39m[22m 341 modules
runtime modules 351 KiB 136 modules
cacheable modules 9.19 MiB (javascript) 921 KiB (css/mini-extract)
  javascript modules 9.19 MiB
    modules by path [1m./node_modules/[39m[22m 5.95 MiB 119 modules
    modules by path [1m./public/demos/*.js[39m[22m 515 KiB 10 modules
    modules by path [1m./src/[39m[22m 2.73 MiB
      modules by path [1m./src/js/modules/[39m[22m 105 KiB 2 modules
      + 2 modules
  css modules 921 KiB
    modules by path [1m./node_modules/[39m[22m 304 KiB 14 modules
    modules by path [1m./src/[39m[22m 617 KiB
      css ./node_modules/css-loader/dist/cjs.js!./node_modules/postcss-loader/dist/cjs.js!./node_modules/sass-loader/dist/cjs.js??ruleSet[1].rules[4].use[3]![1m./src/scss/app.scss[39m[22m 171 bytes [1m[33m[built][39m[22m [1m[33m[code generated][39m[22m
      css ./node_modules/css-loader/dist/cjs.js!./node_modules/postcss-loader/dist/cjs.js!./node_modules/sass-loader/dist/cjs.js??ruleSet[1].rules[4].use[3]![1m./src/scss/app.scss (1)[39m[22m 617 KiB [1m[33m[built][39m[22m [1m[33m[code generated][39m[22m

[1m[31mERROR[39m[22m in [1m  [1m[31mError[39m[22m[1m: Child compilation [1m[31mfailed[39m[22m[1m:
  Module build [1m[31mfailed[39m[22m[1m (from ./node_modules/handlebars-loader/index.js):
  [1m[31mError[39m[22m[1m: Parse [1m[31merror[39m[22m[1m on line 68:
  ...{{/layout-main}}{{/layout-main}}
  -------------------^
  Expecting 'EOF', got 'OPEN_ENDBLOCK'
      at Parser.parseError (D:\Proyectos\HR-Library\node_modules\handlebars\dist  \cjs\handlebars\compiler\parser.js:267:19)
      at Parser.parse (D:\Proyectos\HR-Library\node_modules\handlebars\dist\cjs\  handlebars\compiler\parser.js:336:30)
      at parseWithoutProcessing (D:\Proyectos\HR-Library\node_modules\handlebars  \dist\cjs\handlebars\compiler\base.js:46:33)
      at HandlebarsEnvironment.parse (D:\Proyectos\HR-Library\node_modules\handl  ebars\dist\cjs\handlebars\compiler\base.js:52:13)
      at compile (D:\Proyectos\HR-Library\node_modules\handlebars-loader\index.j  s:234:18)
      at module.exports (D:\Proyectos\HR-Library\node_modules\handlebars-loader\  index.js:461:5)
  ModuleBuildError: Module build [1m[31mfailed[39m[22m[1m (from ./node_modules/handlebars-loader/i  ndex.js):
  [1m[31mError[39m[22m[1m: Parse [1m[31merror[39m[22m[1m on line 68:
  ...{{/layout-main}}{{/layout-main}}
  -------------------^
  Expecting 'EOF', got 'OPEN_ENDBLOCK'
      at Parser.parseError (D:\Proyectos\HR-Library\node_modules\handlebars\dist  \cjs\handlebars\compiler\parser.js:267:19)
      at Parser.parse (D:\Proyectos\HR-Library\node_modules\handlebars\dist\cjs\  handlebars\compiler\parser.js:336:30)
      at parseWithoutProcessing (D:\Proyectos\HR-Library\node_modules\handlebars  \dist\cjs\handlebars\compiler\base.js:46:33)
      at HandlebarsEnvironment.parse (D:\Proyectos\HR-Library\node_modules\handl  ebars\dist\cjs\handlebars\compiler\base.js:52:13)
      at compile (D:\Proyectos\HR-Library\node_modules\handlebars-loader\index.j  s:234:18)
      at module.exports (D:\Proyectos\HR-Library\node_modules\handlebars-loader\  index.js:461:5)
      at processResult (D:\Proyectos\HR-Library\node_modules\webpack\lib\NormalM  odule.js:764:19)
      at D:\Proyectos\HR-Library\node_modules\webpack\lib\NormalModule.js:866:5
      at D:\Proyectos\HR-Library\node_modules\loader-runner\lib\LoaderRunner.js:  499:11
      at runSyncOrAsyncCallback (D:\Proyectos\HR-Library\node_modules\loader-run  ner\lib\LoaderRunner.js:259:19)
      at innerCallback (D:\Proyectos\HR-Library\node_modules\loader-runner\lib\L  oaderRunner.js:175:13)
      at compile (D:\Proyectos\HR-Library\node_modules\handlebars-loader\index.j  s:238:14)
      at module.exports (D:\Proyectos\HR-Library\node_modules\handlebars-loader\  index.js:461:5)
      at LOADER_EXECUTION (D:\Proyectos\HR-Library\node_modules\loader-runner\li  b\LoaderRunner.js:195:14)
      at runSyncOrAsync (D:\Proyectos\HR-Library\node_modules\loader-runner\lib\  LoaderRunner.js:196:5)
      at iterateNormalLoaders (D:\Proyectos\HR-Library\node_modules\loader-runne  r\lib\LoaderRunner.js:258:2)
  Module build [1m[31mfailed[39m[22m[1m (from ./node_modules/handlebars-loader/index.js):
  [1m[31mError[39m[22m[1m: Parse [1m[31merror[39m[22m[1m on line 201:
  ...{{/layout-main}}{{/layout-main}}
  -------------------^
  Expecting 'EOF', got 'OPEN_ENDBLOCK'
      at Parser.parseError (D:\Proyectos\HR-Library\node_modules\handlebars\dist  \cjs\handlebars\compiler\parser.js:267:19)
      at Parser.parse (D:\Proyectos\HR-Library\node_modules\handlebars\dist\cjs\  handlebars\compiler\parser.js:336:30)
      at parseWithoutProcessing (D:\Proyectos\HR-Library\node_modules\handlebars  \dist\cjs\handlebars\compiler\base.js:46:33)
      at HandlebarsEnvironment.parse (D:\Proyectos\HR-Library\node_modules\handl  ebars\dist\cjs\handlebars\compiler\base.js:52:13)
      at compile (D:\Proyectos\HR-Library\node_modules\handlebars-loader\index.j  s:234:18)
      at module.exports (D:\Proyectos\HR-Library\node_modules\handlebars-loader\  index.js:461:5)
  ModuleBuildError: Module build [1m[31mfailed[39m[22m[1m (from ./node_modules/handlebars-loader/i  ndex.js):
  [1m[31mError[39m[22m[1m: Parse [1m[31merror[39m[22m[1m on line 201:
  ...{{/layout-main}}{{/layout-main}}
  -------------------^
  Expecting 'EOF', got 'OPEN_ENDBLOCK'
      at Parser.parseError (D:\Proyectos\HR-Library\node_modules\handlebars\dist  \cjs\handlebars\compiler\parser.js:267:19)
      at Parser.parse (D:\Proyectos\HR-Library\node_modules\handlebars\dist\cjs\  handlebars\compiler\parser.js:336:30)
      at parseWithoutProcessing (D:\Proyectos\HR-Library\node_modules\handlebars  \dist\cjs\handlebars\compiler\base.js:46:33)
      at HandlebarsEnvironment.parse (D:\Proyectos\HR-Library\node_modules\handl  ebars\dist\cjs\handlebars\compiler\base.js:52:13)
      at compile (D:\Proyectos\HR-Library\node_modules\handlebars-loader\index.j  s:234:18)
      at module.exports (D:\Proyectos\HR-Library\node_modules\handlebars-loader\  index.js:461:5)
      at processResult (D:\Proyectos\HR-Library\node_modules\webpack\lib\NormalM  odule.js:764:19)
      at D:\Proyectos\HR-Library\node_modules\webpack\lib\NormalModule.js:866:5
      at D:\Proyectos\HR-Library\node_modules\loader-runner\lib\LoaderRunner.js:  499:11
      at runSyncOrAsyncCallback (D:\Proyectos\HR-Library\node_modules\loader-run  ner\lib\LoaderRunner.js:259:19)
      at innerCallback (D:\Proyectos\HR-Library\node_modules\loader-runner\lib\L  oaderRunner.js:175:13)
      at compile (D:\Proyectos\HR-Library\node_modules\handlebars-loader\index.j  s:238:14)
      at module.exports (D:\Proyectos\HR-Library\node_modules\handlebars-loader\  index.js:461:5)
      at LOADER_EXECUTION (D:\Proyectos\HR-Library\node_modules\loader-runner\li  b\LoaderRunner.js:195:14)
      at runSyncOrAsync (D:\Proyectos\HR-Library\node_modules\loader-runner\lib\  LoaderRunner.js:196:5)
      at iterateNormalLoaders (D:\Proyectos\HR-Library\node_modules\loader-runne  r\lib\LoaderRunner.js:258:2)
  Module build [1m[31mfailed[39m[22m[1m (from ./node_modules/handlebars-loader/index.js):
  [1m[31mError[39m[22m[1m: Parse [1m[31merror[39m[22m[1m on line 97:
  ...{{/layout-main}}{{/layout-main}}
  -------------------^
  Expecting 'EOF', got 'OPEN_ENDBLOCK'
      at Parser.parseError (D:\Proyectos\HR-Library\node_modules\handlebars\dist  \cjs\handlebars\compiler\parser.js:267:19)
      at Parser.parse (D:\Proyectos\HR-Library\node_modules\handlebars\dist\cjs\  handlebars\compiler\parser.js:336:30)
      at parseWithoutProcessing (D:\Proyectos\HR-Library\node_modules\handlebars  \dist\cjs\handlebars\compiler\base.js:46:33)
      at HandlebarsEnvironment.parse (D:\Proyectos\HR-Library\node_modules\handl  ebars\dist\cjs\handlebars\compiler\base.js:52:13)
      at compile (D:\Proyectos\HR-Library\node_modules\handlebars-loader\index.j  s:234:18)
      at module.exports (D:\Proyectos\HR-Library\node_modules\handlebars-loader\  index.js:461:5)
  ModuleBuildError: Module build [1m[31mfailed[39m[22m[1m (from ./node_modules/handlebars-loader/i  ndex.js):
  [1m[31mError[39m[22m[1m: Parse [1m[31merror[39m[22m[1m on line 97:
  ...{{/layout-main}}{{/layout-main}}
  -------------------^
  Expecting 'EOF', got 'OPEN_ENDBLOCK'
      at Parser.parseError (D:\Proyectos\HR-Library\node_modules\handlebars\dist  \cjs\handlebars\compiler\parser.js:267:19)
      at Parser.parse (D:\Proyectos\HR-Library\node_modules\handlebars\dist\cjs\  handlebars\compiler\parser.js:336:30)
      at parseWithoutProcessing (D:\Proyectos\HR-Library\node_modules\handlebars  \dist\cjs\handlebars\compiler\base.js:46:33)
      at HandlebarsEnvironment.parse (D:\Proyectos\HR-Library\node_modules\handl  ebars\dist\cjs\handlebars\compiler\base.js:52:13)
      at compile (D:\Proyectos\HR-Library\node_modules\handlebars-loader\index.j  s:234:18)
      at module.exports (D:\Proyectos\HR-Library\node_modules\handlebars-loader\  index.js:461:5)
      at processResult (D:\Proyectos\HR-Library\node_modules\webpack\lib\NormalM  odule.js:764:19)
      at D:\Proyectos\HR-Library\node_modules\webpack\lib\NormalModule.js:866:5
      at D:\Proyectos\HR-Library\node_modules\loader-runner\lib\LoaderRunner.js:  499:11
      at runSyncOrAsyncCallback (D:\Proyectos\HR-Library\node_modules\loader-run  ner\lib\LoaderRunner.js:259:19)
      at innerCallback (D:\Proyectos\HR-Library\node_modules\loader-runner\lib\L  oaderRunner.js:175:13)
      at compile (D:\Proyectos\HR-Library\node_modules\handlebars-loader\index.j  s:238:14)
      at module.exports (D:\Proyectos\HR-Library\node_modules\handlebars-loader\  index.js:461:5)
      at LOADER_EXECUTION (D:\Proyectos\HR-Library\node_modules\loader-runner\li  b\LoaderRunner.js:195:14)
      at runSyncOrAsync (D:\Proyectos\HR-Library\node_modules\loader-runner\lib\  LoaderRunner.js:196:5)
      at iterateNormalLoaders (D:\Proyectos\HR-Library\node_modules\loader-runne  r\lib\LoaderRunner.js:258:2)
  Module build [1m[31mfailed[39m[22m[1m (from ./node_modules/handlebars-loader/index.js):
  [1m[31mError[39m[22m[1m: Parse [1m[31merror[39m[22m[1m on line 146:
  ...{{/layout-main}}{{/layout-main}}
  -------------------^
  Expecting 'EOF', got 'OPEN_ENDBLOCK'
      at Parser.parseError (D:\Proyectos\HR-Library\node_modules\handlebars\dist  \cjs\handlebars\compiler\parser.js:267:19)
      at Parser.parse (D:\Proyectos\HR-Library\node_modules\handlebars\dist\cjs\  handlebars\compiler\parser.js:336:30)
      at parseWithoutProcessing (D:\Proyectos\HR-Library\node_modules\handlebars  \dist\cjs\handlebars\compiler\base.js:46:33)
      at HandlebarsEnvironment.parse (D:\Proyectos\HR-Library\node_modules\handl  ebars\dist\cjs\handlebars\compiler\base.js:52:13)
      at compile (D:\Proyectos\HR-Library\node_modules\handlebars-loader\index.j  s:234:18)
      at module.exports (D:\Proyectos\HR-Library\node_modules\handlebars-loader\  index.js:461:5)
  ModuleBuildError: Module build [1m[31mfailed[39m[22m[1m (from ./node_modules/handlebars-loader/i  ndex.js):
  [1m[31mError[39m[22m[1m: Parse [1m[31merror[39m[22m[1m on line 146:
  ...{{/layout-main}}{{/layout-main}}
  -------------------^
  Expecting 'EOF', got 'OPEN_ENDBLOCK'
      at Parser.parseError (D:\Proyectos\HR-Library\node_modules\handlebars\dist  \cjs\handlebars\compiler\parser.js:267:19)
      at Parser.parse (D:\Proyectos\HR-Library\node_modules\handlebars\dist\cjs\  handlebars\compiler\parser.js:336:30)
      at parseWithoutProcessing (D:\Proyectos\HR-Library\node_modules\handlebars  \dist\cjs\handlebars\compiler\base.js:46:33)
      at HandlebarsEnvironment.parse (D:\Proyectos\HR-Library\node_modules\handl  ebars\dist\cjs\handlebars\compiler\base.js:52:13)
      at compile (D:\Proyectos\HR-Library\node_modules\handlebars-loader\index.j  s:234:18)
      at module.exports (D:\Proyectos\HR-Library\node_modules\handlebars-loader\  index.js:461:5)
      at processResult (D:\Proyectos\HR-Library\node_modules\webpack\lib\NormalM  odule.js:764:19)
      at D:\Proyectos\HR-Library\node_modules\webpack\lib\NormalModule.js:866:5
      at D:\Proyectos\HR-Library\node_modules\loader-runner\lib\LoaderRunner.js:  499:11
      at runSyncOrAsyncCallback (D:\Proyectos\HR-Library\node_modules\loader-run  ner\lib\LoaderRunner.js:259:19)
      at innerCallback (D:\Proyectos\HR-Library\node_modules\loader-runner\lib\L  oaderRunner.js:175:13)
      at compile (D:\Proyectos\HR-Library\node_modules\handlebars-loader\index.j  s:238:14)
      at module.exports (D:\Proyectos\HR-Library\node_modules\handlebars-loader\  index.js:461:5)
      at LOADER_EXECUTION (D:\Proyectos\HR-Library\node_modules\loader-runner\li  b\LoaderRunner.js:195:14)
      at runSyncOrAsync (D:\Proyectos\HR-Library\node_modules\loader-runner\lib\  LoaderRunner.js:196:5)
      at iterateNormalLoaders (D:\Proyectos\HR-Library\node_modules\loader-runne  r\lib\LoaderRunner.js:258:2)
  Module build [1m[31mfailed[39m[22m[1m (from ./node_modules/handlebars-loader/index.js):
  [1m[31mError[39m[22m[1m: Parse [1m[31merror[39m[22m[1m on line 183:
  ...{{/layout-main}}{{/layout-main}}
  -------------------^
  Expecting 'EOF', got 'OPEN_ENDBLOCK'
      at Parser.parseError (D:\Proyectos\HR-Library\node_modules\handlebars\dist  \cjs\handlebars\compiler\parser.js:267:19)
      at Parser.parse (D:\Proyectos\HR-Library\node_modules\handlebars\dist\cjs\  handlebars\compiler\parser.js:336:30)
      at parseWithoutProcessing (D:\Proyectos\HR-Library\node_modules\handlebars  \dist\cjs\handlebars\compiler\base.js:46:33)
      at HandlebarsEnvironment.parse (D:\Proyectos\HR-Library\node_modules\handl  ebars\dist\cjs\handlebars\compiler\base.js:52:13)
      at compile (D:\Proyectos\HR-Library\node_modules\handlebars-loader\index.j  s:234:18)
      at module.exports (D:\Proyectos\HR-Library\node_modules\handlebars-loader\  index.js:461:5)
  ModuleBuildError: Module build [1m[31mfailed[39m[22m[1m (from ./node_modules/handlebars-loader/i  ndex.js):
  [1m[31mError[39m[22m[1m: Parse [1m[31merror[39m[22m[1m on line 183:
  ...{{/layout-main}}{{/layout-main}}
  -------------------^
  Expecting 'EOF', got 'OPEN_ENDBLOCK'
      at Parser.parseError (D:\Proyectos\HR-Library\node_modules\handlebars\dist  \cjs\handlebars\compiler\parser.js:267:19)
      at Parser.parse (D:\Proyectos\HR-Library\node_modules\handlebars\dist\cjs\  handlebars\compiler\parser.js:336:30)
      at parseWithoutProcessing (D:\Proyectos\HR-Library\node_modules\handlebars  \dist\cjs\handlebars\compiler\base.js:46:33)
      at HandlebarsEnvironment.parse (D:\Proyectos\HR-Library\node_modules\handl  ebars\dist\cjs\handlebars\compiler\base.js:52:13)
      at compile (D:\Proyectos\HR-Library\node_modules\handlebars-loader\index.j  s:234:18)
      at module.exports (D:\Proyectos\HR-Library\node_modules\handlebars-loader\  index.js:461:5)
      at processResult (D:\Proyectos\HR-Library\node_modules\webpack\lib\NormalM  odule.js:764:19)
      at D:\Proyectos\HR-Library\node_modules\webpack\lib\NormalModule.js:866:5
      at D:\Proyectos\HR-Library\node_modules\loader-runner\lib\LoaderRunner.js:  499:11
      at runSyncOrAsyncCallback (D:\Proyectos\HR-Library\node_modules\loader-run  ner\lib\LoaderRunner.js:259:19)
      at innerCallback (D:\Proyectos\HR-Library\node_modules\loader-runner\lib\L  oaderRunner.js:175:13)
      at compile (D:\Proyectos\HR-Library\node_modules\handlebars-loader\index.j  s:238:14)
      at module.exports (D:\Proyectos\HR-Library\node_modules\handlebars-loader\  index.js:461:5)
      at LOADER_EXECUTION (D:\Proyectos\HR-Library\node_modules\loader-runner\li  b\LoaderRunner.js:195:14)
      at runSyncOrAsync (D:\Proyectos\HR-Library\node_modules\loader-runner\lib\  LoaderRunner.js:196:5)
      at iterateNormalLoaders (D:\Proyectos\HR-Library\node_modules\loader-runne  r\lib\LoaderRunner.js:258:2)
  Module build [1m[31mfailed[39m[22m[1m (from ./node_modules/handlebars-loader/index.js):
  [1m[31mError[39m[22m[1m: Parse [1m[31merror[39m[22m[1m on line 216:
  ...{{/layout-main}}{{/layout-main}}
  -------------------^
  Expecting 'EOF', got 'OPEN_ENDBLOCK'
      at Parser.parseError (D:\Proyectos\HR-Library\node_modules\handlebars\dist  \cjs\handlebars\compiler\parser.js:267:19)
      at Parser.parse (D:\Proyectos\HR-Library\node_modules\handlebars\dist\cjs\  handlebars\compiler\parser.js:336:30)
      at parseWithoutProcessing (D:\Proyectos\HR-Library\node_modules\handlebars  \dist\cjs\handlebars\compiler\base.js:46:33)
      at HandlebarsEnvironment.parse (D:\Proyectos\HR-Library\node_modules\handl  ebars\dist\cjs\handlebars\compiler\base.js:52:13)
      at compile (D:\Proyectos\HR-Library\node_modules\handlebars-loader\index.j  s:234:18)
      at module.exports (D:\Proyectos\HR-Library\node_modules\handlebars-loader\  index.js:461:5)
  ModuleBuildError: Module build [1m[31mfailed[39m[22m[1m (from ./node_modules/handlebars-loader/i  ndex.js):
  [1m[31mError[39m[22m[1m: Parse [1m[31merror[39m[22m[1m on line 216:
  ...{{/layout-main}}{{/layout-main}}
  -------------------^
  Expecting 'EOF', got 'OPEN_ENDBLOCK'
      at Parser.parseError (D:\Proyectos\HR-Library\node_modules\handlebars\dist  \cjs\handlebars\compiler\parser.js:267:19)
      at Parser.parse (D:\Proyectos\HR-Library\node_modules\handlebars\dist\cjs\  handlebars\compiler\parser.js:336:30)
      at parseWithoutProcessing (D:\Proyectos\HR-Library\node_modules\handlebars  \dist\cjs\handlebars\compiler\base.js:46:33)
      at HandlebarsEnvironment.parse (D:\Proyectos\HR-Library\node_modules\handl  ebars\dist\cjs\handlebars\compiler\base.js:52:13)
      at compile (D:\Proyectos\HR-Library\node_modules\handlebars-loader\index.j  s:234:18)
      at module.exports (D:\Proyectos\HR-Library\node_modules\handlebars-loader\  index.js:461:5)
      at processResult (D:\Proyectos\HR-Library\node_modules\webpack\lib\NormalM  odule.js:764:19)
      at D:\Proyectos\HR-Library\node_modules\webpack\lib\NormalModule.js:866:5
      at D:\Proyectos\HR-Library\node_modules\loader-runner\lib\LoaderRunner.js:  499:11
      at runSyncOrAsyncCallback (D:\Proyectos\HR-Library\node_modules\loader-run  ner\lib\LoaderRunner.js:259:19)
      at innerCallback (D:\Proyectos\HR-Library\node_modules\loader-runner\lib\L  oaderRunner.js:175:13)
      at compile (D:\Proyectos\HR-Library\node_modules\handlebars-loader\index.j  s:238:14)
      at module.exports (D:\Proyectos\HR-Library\node_modules\handlebars-loader\  index.js:461:5)
      at LOADER_EXECUTION (D:\Proyectos\HR-Library\node_modules\loader-runner\li  b\LoaderRunner.js:195:14)
      at runSyncOrAsync (D:\Proyectos\HR-Library\node_modules\loader-runner\lib\  LoaderRunner.js:196:5)
      at iterateNormalLoaders (D:\Proyectos\HR-Library\node_modules\loader-runne  r\lib\LoaderRunner.js:258:2)
  
  - parser.js:267 Parser.parseError
    [HR-Library]/[handlebars]/dist/cjs/handlebars/compiler/parser.js:267:19
  
  - parser.js:336 Parser.parse
    [HR-Library]/[handlebars]/dist/cjs/handlebars/compiler/parser.js:336:30
  
  - base.js:46 parseWithoutProcessing
    [HR-Library]/[handlebars]/dist/cjs/handlebars/compiler/base.js:46:33
  
  - base.js:52 HandlebarsEnvironment.parse
    [HR-Library]/[handlebars]/dist/cjs/handlebars/compiler/base.js:52:13
  
  - index.js:234 compile
    [HR-Library]/[handlebars-loader]/index.js:234:18
  
  - index.js:461 module.exports
    [HR-Library]/[handlebars-loader]/index.js:461:5
  
  - ModuleBuildError: Module build [1m[31mfailed[39m[22m[1m (from ./node_modules/handlebars-loader    /index.js):
  
  - [1m[31mError[39m[22m[1m: Parse [1m[31merror[39m[22m[1m on line 68:
  
  - ...{{/layout-main}}{{/layout-main}}
  
  - -------------------^
  
  - Expecting 'EOF', got 'OPEN_ENDBLOCK'
  
  - parser.js:267 Parser.parseError
    [HR-Library]/[handlebars]/dist/cjs/handlebars/compiler/parser.js:267:19
  
  - parser.js:336 Parser.parse
    [HR-Library]/[handlebars]/dist/cjs/handlebars/compiler/parser.js:336:30
  
  - base.js:46 parseWithoutProcessing
    [HR-Library]/[handlebars]/dist/cjs/handlebars/compiler/base.js:46:33
  
  - base.js:52 HandlebarsEnvironment.parse
    [HR-Library]/[handlebars]/dist/cjs/handlebars/compiler/base.js:52:13
  
  - index.js:234 compile
    [HR-Library]/[handlebars-loader]/index.js:234:18
  
  - index.js:461 module.exports
    [HR-Library]/[handlebars-loader]/index.js:461:5
  
  - NormalModule.js:764 processResult
    [HR-Library]/[webpack]/lib/NormalModule.js:764:19
  
  - NormalModule.js:866 
    [HR-Library]/[webpack]/lib/NormalModule.js:866:5
  
  - LoaderRunner.js:499 
    [HR-Library]/[loader-runner]/lib/LoaderRunner.js:499:11
  
  - LoaderRunner.js:259 runSyncOrAsyncCallback
    [HR-Library]/[loader-runner]/lib/LoaderRunner.js:259:19
  
  - LoaderRunner.js:175 innerCallback
    [HR-Library]/[loader-runner]/lib/LoaderRunner.js:175:13
  
  - index.js:238 compile
    [HR-Library]/[handlebars-loader]/index.js:238:14
  
  - index.js:461 module.exports
    [HR-Library]/[handlebars-loader]/index.js:461:5
  
  - LoaderRunner.js:195 LOADER_EXECUTION
    [HR-Library]/[loader-runner]/lib/LoaderRunner.js:195:14
  
  - LoaderRunner.js:196 runSyncOrAsync
    [HR-Library]/[loader-runner]/lib/LoaderRunner.js:196:5
  
  - LoaderRunner.js:258 iterateNormalLoaders
    [HR-Library]/[loader-runner]/lib/LoaderRunner.js:258:2
  
  - Module build [1m[31mfailed[39m[22m[1m (from ./node_modules/handlebars-loader/index.js):
  
  - [1m[31mError[39m[22m[1m: Parse [1m[31merror[39m[22m[1m on line 201:
  
  - ...{{/layout-main}}{{/layout-main}}
  
  - -------------------^
  
  - Expecting 'EOF', got 'OPEN_ENDBLOCK'
  
  - parser.js:267 Parser.parseError
    [HR-Library]/[handlebars]/dist/cjs/handlebars/compiler/parser.js:267:19
  
  - parser.js:336 Parser.parse
    [HR-Library]/[handlebars]/dist/cjs/handlebars/compiler/parser.js:336:30
  
  - base.js:46 parseWithoutProcessing
    [HR-Library]/[handlebars]/dist/cjs/handlebars/compiler/base.js:46:33
  
  - base.js:52 HandlebarsEnvironment.parse
    [HR-Library]/[handlebars]/dist/cjs/handlebars/compiler/base.js:52:13
  
  - index.js:234 compile
    [HR-Library]/[handlebars-loader]/index.js:234:18
  
  - index.js:461 module.exports
    [HR-Library]/[handlebars-loader]/index.js:461:5
  
  - ModuleBuildError: Module build [1m[31mfailed[39m[22m[1m (from ./node_modules/handlebars-loader    /index.js):
  
  - [1m[31mError[39m[22m[1m: Parse [1m[31merror[39m[22m[1m on line 201:
  
  - ...{{/layout-main}}{{/layout-main}}
  
  - -------------------^
  
  - Expecting 'EOF', got 'OPEN_ENDBLOCK'
  
  - parser.js:267 Parser.parseError
    [HR-Library]/[handlebars]/dist/cjs/handlebars/compiler/parser.js:267:19
  
  - parser.js:336 Parser.parse
    [HR-Library]/[handlebars]/dist/cjs/handlebars/compiler/parser.js:336:30
  
  - base.js:46 parseWithoutProcessing
    [HR-Library]/[handlebars]/dist/cjs/handlebars/compiler/base.js:46:33
  
  - base.js:52 HandlebarsEnvironment.parse
    [HR-Library]/[handlebars]/dist/cjs/handlebars/compiler/base.js:52:13
  
  - index.js:234 compile
    [HR-Library]/[handlebars-loader]/index.js:234:18
  
  - index.js:461 module.exports
    [HR-Library]/[handlebars-loader]/index.js:461:5
  
  - NormalModule.js:764 processResult
    [HR-Library]/[webpack]/lib/NormalModule.js:764:19
  
  - NormalModule.js:866 
    [HR-Library]/[webpack]/lib/NormalModule.js:866:5
  
[39m[22m

[1m[31mERROR[39m[22m in [1m  [1m[31mError[39m[22m[1m: Child compilation [1m[31mfailed[39m[22m[1m:
  Module build [1m[31mfailed[39m[22m[1m (from ./node_modules/handlebars-loader/index.js):
  [1m[31mError[39m[22m[1m: Parse [1m[31merror[39m[22m[1m on line 68:
  ...{{/layout-main}}{{/layout-main}}
  -------------------^
  Expecting 'EOF', got 'OPEN_ENDBLOCK'
      at Parser.parseError (D:\Proyectos\HR-Library\node_modules\handlebars\dist  \cjs\handlebars\compiler\parser.js:267:19)
      at Parser.parse (D:\Proyectos\HR-Library\node_modules\handlebars\dist\cjs\  handlebars\compiler\parser.js:336:30)
      at parseWithoutProcessing (D:\Proyectos\HR-Library\node_modules\handlebars  \dist\cjs\handlebars\compiler\base.js:46:33)
      at HandlebarsEnvironment.parse (D:\Proyectos\HR-Library\node_modules\handl  ebars\dist\cjs\handlebars\compiler\base.js:52:13)
      at compile (D:\Proyectos\HR-Library\node_modules\handlebars-loader\index.j  s:234:18)
      at module.exports (D:\Proyectos\HR-Library\node_modules\handlebars-loader\  index.js:461:5)
  ModuleBuildError: Module build [1m[31mfailed[39m[22m[1m (from ./node_modules/handlebars-loader/i  ndex.js):
  [1m[31mError[39m[22m[1m: Parse [1m[31merror[39m[22m[1m on line 68:
  ...{{/layout-main}}{{/layout-main}}
  -------------------^
  Expecting 'EOF', got 'OPEN_ENDBLOCK'
      at Parser.parseError (D:\Proyectos\HR-Library\node_modules\handlebars\dist  \cjs\handlebars\compiler\parser.js:267:19)
      at Parser.parse (D:\Proyectos\HR-Library\node_modules\handlebars\dist\cjs\  handlebars\compiler\parser.js:336:30)
      at parseWithoutProcessing (D:\Proyectos\HR-Library\node_modules\handlebars  \dist\cjs\handlebars\compiler\base.js:46:33)
      at HandlebarsEnvironment.parse (D:\Proyectos\HR-Library\node_modules\handl  ebars\dist\cjs\handlebars\compiler\base.js:52:13)
      at compile (D:\Proyectos\HR-Library\node_modules\handlebars-loader\index.j  s:234:18)
      at module.exports (D:\Proyectos\HR-Library\node_modules\handlebars-loader\  index.js:461:5)
      at processResult (D:\Proyectos\HR-Library\node_modules\webpack\lib\NormalM  odule.js:764:19)
      at D:\Proyectos\HR-Library\node_modules\webpack\lib\NormalModule.js:866:5
      at D:\Proyectos\HR-Library\node_modules\loader-runner\lib\LoaderRunner.js:  499:11
      at runSyncOrAsyncCallback (D:\Proyectos\HR-Library\node_modules\loader-run  ner\lib\LoaderRunner.js:259:19)
      at innerCallback (D:\Proyectos\HR-Library\node_modules\loader-runner\lib\L  oaderRunner.js:175:13)
      at compile (D:\Proyectos\HR-Library\node_modules\handlebars-loader\index.j  s:238:14)
      at module.exports (D:\Proyectos\HR-Library\node_modules\handlebars-loader\  index.js:461:5)
      at LOADER_EXECUTION (D:\Proyectos\HR-Library\node_modules\loader-runner\li  b\LoaderRunner.js:195:14)
      at runSyncOrAsync (D:\Proyectos\HR-Library\node_modules\loader-runner\lib\  LoaderRunner.js:196:5)
      at iterateNormalLoaders (D:\Proyectos\HR-Library\node_modules\loader-runne  r\lib\LoaderRunner.js:258:2)
  Module build [1m[31mfailed[39m[22m[1m (from ./node_modules/handlebars-loader/index.js):
  [1m[31mError[39m[22m[1m: Parse [1m[31merror[39m[22m[1m on line 201:
  ...{{/layout-main}}{{/layout-main}}
  -------------------^
  Expecting 'EOF', got 'OPEN_ENDBLOCK'
      at Parser.parseError (D:\Proyectos\HR-Library\node_modules\handlebars\dist  \cjs\handlebars\compiler\parser.js:267:19)
      at Parser.parse (D:\Proyectos\HR-Library\node_modules\handlebars\dist\cjs\  handlebars\compiler\parser.js:336:30)
      at parseWithoutProcessing (D:\Proyectos\HR-Library\node_modules\handlebars  \dist\cjs\handlebars\compiler\base.js:46:33)
      at HandlebarsEnvironment.parse (D:\Proyectos\HR-Library\node_modules\handl  ebars\dist\cjs\handlebars\compiler\base.js:52:13)
      at compile (D:\Proyectos\HR-Library\node_modules\handlebars-loader\index.j  s:234:18)
      at module.exports (D:\Proyectos\HR-Library\node_modules\handlebars-loader\  index.js:461:5)
  ModuleBuildError: Module build [1m[31mfailed[39m[22m[1m (from ./node_modules/handlebars-loader/i  ndex.js):
  [1m[31mError[39m[22m[1m: Parse [1m[31merror[39m[22m[1m on line 201:
  ...{{/layout-main}}{{/layout-main}}
  -------------------^
  Expecting 'EOF', got 'OPEN_ENDBLOCK'
      at Parser.parseError (D:\Proyectos\HR-Library\node_modules\handlebars\dist  \cjs\handlebars\compiler\parser.js:267:19)
      at Parser.parse (D:\Proyectos\HR-Library\node_modules\handlebars\dist\cjs\  handlebars\compiler\parser.js:336:30)
      at parseWithoutProcessing (D:\Proyectos\HR-Library\node_modules\handlebars  \dist\cjs\handlebars\compiler\base.js:46:33)
      at HandlebarsEnvironment.parse (D:\Proyectos\HR-Library\node_modules\handl  ebars\dist\cjs\handlebars\compiler\base.js:52:13)
      at compile (D:\Proyectos\HR-Library\node_modules\handlebars-loader\index.j  s:234:18)
      at module.exports (D:\Proyectos\HR-Library\node_modules\handlebars-loader\  index.js:461:5)
      at processResult (D:\Proyectos\HR-Library\node_modules\webpack\lib\NormalM  odule.js:764:19)
      at D:\Proyectos\HR-Library\node_modules\webpack\lib\NormalModule.js:866:5
      at D:\Proyectos\HR-Library\node_modules\loader-runner\lib\LoaderRunner.js:  499:11
      at runSyncOrAsyncCallback (D:\Proyectos\HR-Library\node_modules\loader-run  ner\lib\LoaderRunner.js:259:19)
      at innerCallback (D:\Proyectos\HR-Library\node_modules\loader-runner\lib\L  oaderRunner.js:175:13)
      at compile (D:\Proyectos\HR-Library\node_modules\handlebars-loader\index.j  s:238:14)
      at module.exports (D:\Proyectos\HR-Library\node_modules\handlebars-loader\  index.js:461:5)
      at LOADER_EXECUTION (D:\Proyectos\HR-Library\node_modules\loader-runner\li  b\LoaderRunner.js:195:14)
      at runSyncOrAsync (D:\Proyectos\HR-Library\node_modules\loader-runner\lib\  LoaderRunner.js:196:5)
      at iterateNormalLoaders (D:\Proyectos\HR-Library\node_modules\loader-runne  r\lib\LoaderRunner.js:258:2)
  Module build [1m[31mfailed[39m[22m[1m (from ./node_modules/handlebars-loader/index.js):
  [1m[31mError[39m[22m[1m: Parse [1m[31merror[39m[22m[1m on line 97:
  ...{{/layout-main}}{{/layout-main}}
  -------------------^
  Expecting 'EOF', got 'OPEN_ENDBLOCK'
      at Parser.parseError (D:\Proyectos\HR-Library\node_modules\handlebars\dist  \cjs\handlebars\compiler\parser.js:267:19)
      at Parser.parse (D:\Proyectos\HR-Library\node_modules\handlebars\dist\cjs\  handlebars\compiler\parser.js:336:30)
      at parseWithoutProcessing (D:\Proyectos\HR-Library\node_modules\handlebars  \dist\cjs\handlebars\compiler\base.js:46:33)
      at HandlebarsEnvironment.parse (D:\Proyectos\HR-Library\node_modules\handl  ebars\dist\cjs\handlebars\compiler\base.js:52:13)
      at compile (D:\Proyectos\HR-Library\node_modules\handlebars-loader\index.j  s:234:18)
      at module.exports (D:\Proyectos\HR-Library\node_modules\handlebars-loader\  index.js:461:5)
  ModuleBuildError: Module build [1m[31mfailed[39m[22m[1m (from ./node_modules/handlebars-loader/i  ndex.js):
  [1m[31mError[39m[22m[1m: Parse [1m[31merror[39m[22m[1m on line 97:
  ...{{/layout-main}}{{/layout-main}}
  -------------------^
  Expecting 'EOF', got 'OPEN_ENDBLOCK'
      at Parser.parseError (D:\Proyectos\HR-Library\node_modules\handlebars\dist  \cjs\handlebars\compiler\parser.js:267:19)
      at Parser.parse (D:\Proyectos\HR-Library\node_modules\handlebars\dist\cjs\  handlebars\compiler\parser.js:336:30)
      at parseWithoutProcessing (D:\Proyectos\HR-Library\node_modules\handlebars  \dist\cjs\handlebars\compiler\base.js:46:33)
      at HandlebarsEnvironment.parse (D:\Proyectos\HR-Library\node_modules\handl  ebars\dist\cjs\handlebars\compiler\base.js:52:13)
      at compile (D:\Proyectos\HR-Library\node_modules\handlebars-loader\index.j  s:234:18)
      at module.exports (D:\Proyectos\HR-Library\node_modules\handlebars-loader\  index.js:461:5)
      at processResult (D:\Proyectos\HR-Library\node_modules\webpack\lib\NormalM  odule.js:764:19)
      at D:\Proyectos\HR-Library\node_modules\webpack\lib\NormalModule.js:866:5
      at D:\Proyectos\HR-Library\node_modules\loader-runner\lib\LoaderRunner.js:  499:11
      at runSyncOrAsyncCallback (D:\Proyectos\HR-Library\node_modules\loader-run  ner\lib\LoaderRunner.js:259:19)
      at innerCallback (D:\Proyectos\HR-Library\node_modules\loader-runner\lib\L  oaderRunner.js:175:13)
      at compile (D:\Proyectos\HR-Library\node_modules\handlebars-loader\index.j  s:238:14)
      at module.exports (D:\Proyectos\HR-Library\node_modules\handlebars-loader\  index.js:461:5)
      at LOADER_EXECUTION (D:\Proyectos\HR-Library\node_modules\loader-runner\li  b\LoaderRunner.js:195:14)
      at runSyncOrAsync (D:\Proyectos\HR-Library\node_modules\loader-runner\lib\  LoaderRunner.js:196:5)
      at iterateNormalLoaders (D:\Proyectos\HR-Library\node_modules\loader-runne  r\lib\LoaderRunner.js:258:2)
  Module build [1m[31mfailed[39m[22m[1m (from ./node_modules/handlebars-loader/index.js):
  [1m[31mError[39m[22m[1m: Parse [1m[31merror[39m[22m[1m on line 146:
  ...{{/layout-main}}{{/layout-main}}
  -------------------^
  Expecting 'EOF', got 'OPEN_ENDBLOCK'
      at Parser.parseError (D:\Proyectos\HR-Library\node_modules\handlebars\dist  \cjs\handlebars\compiler\parser.js:267:19)
      at Parser.parse (D:\Proyectos\HR-Library\node_modules\handlebars\dist\cjs\  handlebars\compiler\parser.js:336:30)
      at parseWithoutProcessing (D:\Proyectos\HR-Library\node_modules\handlebars  \dist\cjs\handlebars\compiler\base.js:46:33)
      at HandlebarsEnvironment.parse (D:\Proyectos\HR-Library\node_modules\handl  ebars\dist\cjs\handlebars\compiler\base.js:52:13)
      at compile (D:\Proyectos\HR-Library\node_modules\handlebars-loader\index.j  s:234:18)
      at module.exports (D:\Proyectos\HR-Library\node_modules\handlebars-loader\  index.js:461:5)
  ModuleBuildError: Module build [1m[31mfailed[39m[22m[1m (from ./node_modules/handlebars-loader/i  ndex.js):
  [1m[31mError[39m[22m[1m: Parse [1m[31merror[39m[22m[1m on line 146:
  ...{{/layout-main}}{{/layout-main}}
  -------------------^
  Expecting 'EOF', got 'OPEN_ENDBLOCK'
      at Parser.parseError (D:\Proyectos\HR-Library\node_modules\handlebars\dist  \cjs\handlebars\compiler\parser.js:267:19)
      at Parser.parse (D:\Proyectos\HR-Library\node_modules\handlebars\dist\cjs\  handlebars\compiler\parser.js:336:30)
      at parseWithoutProcessing (D:\Proyectos\HR-Library\node_modules\handlebars  \dist\cjs\handlebars\compiler\base.js:46:33)
      at HandlebarsEnvironment.parse (D:\Proyectos\HR-Library\node_modules\handl  ebars\dist\cjs\handlebars\compiler\base.js:52:13)
      at compile (D:\Proyectos\HR-Library\node_modules\handlebars-loader\index.j  s:234:18)
      at module.exports (D:\Proyectos\HR-Library\node_modules\handlebars-loader\  index.js:461:5)
      at processResult (D:\Proyectos\HR-Library\node_modules\webpack\lib\NormalM  odule.js:764:19)
      at D:\Proyectos\HR-Library\node_modules\webpack\lib\NormalModule.js:866:5
      at D:\Proyectos\HR-Library\node_modules\loader-runner\lib\LoaderRunner.js:  499:11
      at runSyncOrAsyncCallback (D:\Proyectos\HR-Library\node_modules\loader-run  ner\lib\LoaderRunner.js:259:19)
      at innerCallback (D:\Proyectos\HR-Library\node_modules\loader-runner\lib\L  oaderRunner.js:175:13)
      at compile (D:\Proyectos\HR-Library\node_modules\handlebars-loader\index.j  s:238:14)
      at module.exports (D:\Proyectos\HR-Library\node_modules\handlebars-loader\  index.js:461:5)
      at LOADER_EXECUTION (D:\Proyectos\HR-Library\node_modules\loader-runner\li  b\LoaderRunner.js:195:14)
      at runSyncOrAsync (D:\Proyectos\HR-Library\node_modules\loader-runner\lib\  LoaderRunner.js:196:5)
      at iterateNormalLoaders (D:\Proyectos\HR-Library\node_modules\loader-runne  r\lib\LoaderRunner.js:258:2)
  Module build [1m[31mfailed[39m[22m[1m (from ./node_modules/handlebars-loader/index.js):
  [1m[31mError[39m[22m[1m: Parse [1m[31merror[39m[22m[1m on line 183:
  ...{{/layout-main}}{{/layout-main}}
  -------------------^
  Expecting 'EOF', got 'OPEN_ENDBLOCK'
      at Parser.parseError (D:\Proyectos\HR-Library\node_modules\handlebars\dist  \cjs\handlebars\compiler\parser.js:267:19)
      at Parser.parse (D:\Proyectos\HR-Library\node_modules\handlebars\dist\cjs\  handlebars\compiler\parser.js:336:30)
      at parseWithoutProcessing (D:\Proyectos\HR-Library\node_modules\handlebars  \dist\cjs\handlebars\compiler\base.js:46:33)
      at HandlebarsEnvironment.parse (D:\Proyectos\HR-Library\node_modules\handl  ebars\dist\cjs\handlebars\compiler\base.js:52:13)
      at compile (D:\Proyectos\HR-Library\node_modules\handlebars-loader\index.j  s:234:18)
      at module.exports (D:\Proyectos\HR-Library\node_modules\handlebars-loader\  index.js:461:5)
  ModuleBuildError: Module build [1m[31mfailed[39m[22m[1m (from ./node_modules/handlebars-loader/i  ndex.js):
  [1m[31mError[39m[22m[1m: Parse [1m[31merror[39m[22m[1m on line 183:
  ...{{/layout-main}}{{/layout-main}}
  -------------------^
  Expecting 'EOF', got 'OPEN_ENDBLOCK'
      at Parser.parseError (D:\Proyectos\HR-Library\node_modules\handlebars\dist  \cjs\handlebars\compiler\parser.js:267:19)
      at Parser.parse (D:\Proyectos\HR-Library\node_modules\handlebars\dist\cjs\  handlebars\compiler\parser.js:336:30)
      at parseWithoutProcessing (D:\Proyectos\HR-Library\node_modules\handlebars  \dist\cjs\handlebars\compiler\base.js:46:33)
      at HandlebarsEnvironment.parse (D:\Proyectos\HR-Library\node_modules\handl  ebars\dist\cjs\handlebars\compiler\base.js:52:13)
      at compile (D:\Proyectos\HR-Library\node_modules\handlebars-loader\index.j  s:234:18)
      at module.exports (D:\Proyectos\HR-Library\node_modules\handlebars-loader\  index.js:461:5)
      at processResult (D:\Proyectos\HR-Library\node_modules\webpack\lib\NormalM  odule.js:764:19)
      at D:\Proyectos\HR-Library\node_modules\webpack\lib\NormalModule.js:866:5
      at D:\Proyectos\HR-Library\node_modules\loader-runner\lib\LoaderRunner.js:  499:11
      at runSyncOrAsyncCallback (D:\Proyectos\HR-Library\node_modules\loader-run  ner\lib\LoaderRunner.js:259:19)
      at innerCallback (D:\Proyectos\HR-Library\node_modules\loader-runner\lib\L  oaderRunner.js:175:13)
      at compile (D:\Proyectos\HR-Library\node_modules\handlebars-loader\index.j  s:238:14)
      at module.exports (D:\Proyectos\HR-Library\node_modules\handlebars-loader\  index.js:461:5)
      at LOADER_EXECUTION (D:\Proyectos\HR-Library\node_modules\loader-runner\li  b\LoaderRunner.js:195:14)
      at runSyncOrAsync (D:\Proyectos\HR-Library\node_modules\loader-runner\lib\  LoaderRunner.js:196:5)
      at iterateNormalLoaders (D:\Proyectos\HR-Library\node_modules\loader-runne  r\lib\LoaderRunner.js:258:2)
  Module build [1m[31mfailed[39m[22m[1m (from ./node_modules/handlebars-loader/index.js):
  [1m[31mError[39m[22m[1m: Parse [1m[31merror[39m[22m[1m on line 216:
  ...{{/layout-main}}{{/layout-main}}
  -------------------^
  Expecting 'EOF', got 'OPEN_ENDBLOCK'
      at Parser.parseError (D:\Proyectos\HR-Library\node_modules\handlebars\dist  \cjs\handlebars\compiler\parser.js:267:19)
      at Parser.parse (D:\Proyectos\HR-Library\node_modules\handlebars\dist\cjs\  handlebars\compiler\parser.js:336:30)
      at parseWithoutProcessing (D:\Proyectos\HR-Library\node_modules\handlebars  \dist\cjs\handlebars\compiler\base.js:46:33)
      at HandlebarsEnvironment.parse (D:\Proyectos\HR-Library\node_modules\handl  ebars\dist\cjs\handlebars\compiler\base.js:52:13)
      at compile (D:\Proyectos\HR-Library\node_modules\handlebars-loader\index.j  s:234:18)
      at module.exports (D:\Proyectos\HR-Library\node_modules\handlebars-loader\  index.js:461:5)
  ModuleBuildError: Module build [1m[31mfailed[39m[22m[1m (from ./node_modules/handlebars-loader/i  ndex.js):
  [1m[31mError[39m[22m[1m: Parse [1m[31merror[39m[22m[1m on line 216:
  ...{{/layout-main}}{{/layout-main}}
  -------------------^
  Expecting 'EOF', got 'OPEN_ENDBLOCK'
      at Parser.parseError (D:\Proyectos\HR-Library\node_modules\handlebars\dist  \cjs\handlebars\compiler\parser.js:267:19)
      at Parser.parse (D:\Proyectos\HR-Library\node_modules\handlebars\dist\cjs\  handlebars\compiler\parser.js:336:30)
      at parseWithoutProcessing (D:\Proyectos\HR-Library\node_modules\handlebars  \dist\cjs\handlebars\compiler\base.js:46:33)
      at HandlebarsEnvironment.parse (D:\Proyectos\HR-Library\node_modules\handl  ebars\dist\cjs\handlebars\compiler\base.js:52:13)
      at compile (D:\Proyectos\HR-Library\node_modules\handlebars-loader\index.j  s:234:18)
      at module.exports (D:\Proyectos\HR-Library\node_modules\handlebars-loader\  index.js:461:5)
      at processResult (D:\Proyectos\HR-Library\node_modules\webpack\lib\NormalM  odule.js:764:19)
      at D:\Proyectos\HR-Library\node_modules\webpack\lib\NormalModule.js:866:5
      at D:\Proyectos\HR-Library\node_modules\loader-runner\lib\LoaderRunner.js:  499:11
      at runSyncOrAsyncCallback (D:\Proyectos\HR-Library\node_modules\loader-run  ner\lib\LoaderRunner.js:259:19)
      at innerCallback (D:\Proyectos\HR-Library\node_modules\loader-runner\lib\L  oaderRunner.js:175:13)
      at compile (D:\Proyectos\HR-Library\node_modules\handlebars-loader\index.j  s:238:14)
      at module.exports (D:\Proyectos\HR-Library\node_modules\handlebars-loader\  index.js:461:5)
      at LOADER_EXECUTION (D:\Proyectos\HR-Library\node_modules\loader-runner\li  b\LoaderRunner.js:195:14)
      at runSyncOrAsync (D:\Proyectos\HR-Library\node_modules\loader-runner\lib\  LoaderRunner.js:196:5)
      at iterateNormalLoaders (D:\Proyectos\HR-Library\node_modules\loader-runne  r\lib\LoaderRunner.js:258:2)
  
  - parser.js:267 Parser.parseError
    [HR-Library]/[handlebars]/dist/cjs/handlebars/compiler/parser.js:267:19
  
  - parser.js:336 Parser.parse
    [HR-Library]/[handlebars]/dist/cjs/handlebars/compiler/parser.js:336:30
  
  - base.js:46 parseWithoutProcessing
    [HR-Library]/[handlebars]/dist/cjs/handlebars/compiler/base.js:46:33
  
  - base.js:52 HandlebarsEnvironment.parse
    [HR-Library]/[handlebars]/dist/cjs/handlebars/compiler/base.js:52:13
  
  - index.js:234 compile
    [HR-Library]/[handlebars-loader]/index.js:234:18
  
  - index.js:461 module.exports
    [HR-Library]/[handlebars-loader]/index.js:461:5
  
  - ModuleBuildError: Module build [1m[31mfailed[39m[22m[1m (from ./node_modules/handlebars-loader    /index.js):
  
  - [1m[31mError[39m[22m[1m: Parse [1m[31merror[39m[22m[1m on line 68:
  
  - ...{{/layout-main}}{{/layout-main}}
  
  - -------------------^
  
  - Expecting 'EOF', got 'OPEN_ENDBLOCK'
  
  - parser.js:267 Parser.parseError
    [HR-Library]/[handlebars]/dist/cjs/handlebars/compiler/parser.js:267:19
  
  - parser.js:336 Parser.parse
    [HR-Library]/[handlebars]/dist/cjs/handlebars/compiler/parser.js:336:30
  
  - base.js:46 parseWithoutProcessing
    [HR-Library]/[handlebars]/dist/cjs/handlebars/compiler/base.js:46:33
  
  - base.js:52 HandlebarsEnvironment.parse
    [HR-Library]/[handlebars]/dist/cjs/handlebars/compiler/base.js:52:13
  
  - index.js:234 compile
    [HR-Library]/[handlebars-loader]/index.js:234:18
  
  - index.js:461 module.exports
    [HR-Library]/[handlebars-loader]/index.js:461:5
  
  - NormalModule.js:764 processResult
    [HR-Library]/[webpack]/lib/NormalModule.js:764:19
  
  - NormalModule.js:866 
    [HR-Library]/[webpack]/lib/NormalModule.js:866:5
  
  - LoaderRunner.js:499 
    [HR-Library]/[loader-runner]/lib/LoaderRunner.js:499:11
  
  - LoaderRunner.js:259 runSyncOrAsyncCallback
    [HR-Library]/[loader-runner]/lib/LoaderRunner.js:259:19
  
  - LoaderRunner.js:175 innerCallback
    [HR-Library]/[loader-runner]/lib/LoaderRunner.js:175:13
  
  - index.js:238 compile
    [HR-Library]/[handlebars-loader]/index.js:238:14
  
  - index.js:461 module.exports
    [HR-Library]/[handlebars-loader]/index.js:461:5
  
  - LoaderRunner.js:195 LOADER_EXECUTION
    [HR-Library]/[loader-runner]/lib/LoaderRunner.js:195:14
  
  - LoaderRunner.js:196 runSyncOrAsync
    [HR-Library]/[loader-runner]/lib/LoaderRunner.js:196:5
  
  - LoaderRunner.js:258 iterateNormalLoaders
    [HR-Library]/[loader-runner]/lib/LoaderRunner.js:258:2
  
  - Module build [1m[31mfailed[39m[22m[1m (from ./node_modules/handlebars-loader/index.js):
  
  - [1m[31mError[39m[22m[1m: Parse [1m[31merror[39m[22m[1m on line 201:
  
  - ...{{/layout-main}}{{/layout-main}}
  
  - -------------------^
  
  - Expecting 'EOF', got 'OPEN_ENDBLOCK'
  
  - parser.js:267 Parser.parseError
    [HR-Library]/[handlebars]/dist/cjs/handlebars/compiler/parser.js:267:19
  
  - parser.js:336 Parser.parse
    [HR-Library]/[handlebars]/dist/cjs/handlebars/compiler/parser.js:336:30
  
  - base.js:46 parseWithoutProcessing
    [HR-Library]/[handlebars]/dist/cjs/handlebars/compiler/base.js:46:33
  
  - base.js:52 HandlebarsEnvironment.parse
    [HR-Library]/[handlebars]/dist/cjs/handlebars/compiler/base.js:52:13
  
  - index.js:234 compile
    [HR-Library]/[handlebars-loader]/index.js:234:18
  
  - index.js:461 module.exports
    [HR-Library]/[handlebars-loader]/index.js:461:5
  
  - ModuleBuildError: Module build [1m[31mfailed[39m[22m[1m (from ./node_modules/handlebars-loader    /index.js):
  
  - [1m[31mError[39m[22m[1m: Parse [1m[31merror[39m[22m[1m on line 201:
  
  - ...{{/layout-main}}{{/layout-main}}
  
  - -------------------^
  
  - Expecting 'EOF', got 'OPEN_ENDBLOCK'
  
  - parser.js:267 Parser.parseError
    [HR-Library]/[handlebars]/dist/cjs/handlebars/compiler/parser.js:267:19
  
  - parser.js:336 Parser.parse
    [HR-Library]/[handlebars]/dist/cjs/handlebars/compiler/parser.js:336:30
  
  - base.js:46 parseWithoutProcessing
    [HR-Library]/[handlebars]/dist/cjs/handlebars/compiler/base.js:46:33
  
  - base.js:52 HandlebarsEnvironment.parse
    [HR-Library]/[handlebars]/dist/cjs/handlebars/compiler/base.js:52:13
  
  - index.js:234 compile
    [HR-Library]/[handlebars-loader]/index.js:234:18
  
  - index.js:461 module.exports
    [HR-Library]/[handlebars-loader]/index.js:461:5
  
  - NormalModule.js:764 processResult
    [HR-Library]/[webpack]/lib/NormalModule.js:764:19
  
  - NormalModule.js:866 
    [HR-Library]/[webpack]/lib/NormalModule.js:866:5
  
[39m[22m

[1m[31mERROR[39m[22m in [1m  [1m[31mError[39m[22m[1m: Child compilation [1m[31mfailed[39m[22m[1m:
  Module build [1m[31mfailed[39m[22m[1m (from ./node_modules/handlebars-loader/index.js):
  [1m[31mError[39m[22m[1m: Parse [1m[31merror[39m[22m[1m on line 68:
  ...{{/layout-main}}{{/layout-main}}
  -------------------^
  Expecting 'EOF', got 'OPEN_ENDBLOCK'
      at Parser.parseError (D:\Proyectos\HR-Library\node_modules\handlebars\dist  \cjs\handlebars\compiler\parser.js:267:19)
      at Parser.parse (D:\Proyectos\HR-Library\node_modules\handlebars\dist\cjs\  handlebars\compiler\parser.js:336:30)
      at parseWithoutProcessing (D:\Proyectos\HR-Library\node_modules\handlebars  \dist\cjs\handlebars\compiler\base.js:46:33)
      at HandlebarsEnvironment.parse (D:\Proyectos\HR-Library\node_modules\handl  ebars\dist\cjs\handlebars\compiler\base.js:52:13)
      at compile (D:\Proyectos\HR-Library\node_modules\handlebars-loader\index.j  s:234:18)
      at module.exports (D:\Proyectos\HR-Library\node_modules\handlebars-loader\  index.js:461:5)
  ModuleBuildError: Module build [1m[31mfailed[39m[22m[1m (from ./node_modules/handlebars-loader/i  ndex.js):
  [1m[31mError[39m[22m[1m: Parse [1m[31merror[39m[22m[1m on line 68:
  ...{{/layout-main}}{{/layout-main}}
  -------------------^
  Expecting 'EOF', got 'OPEN_ENDBLOCK'
      at Parser.parseError (D:\Proyectos\HR-Library\node_modules\handlebars\dist  \cjs\handlebars\compiler\parser.js:267:19)
      at Parser.parse (D:\Proyectos\HR-Library\node_modules\handlebars\dist\cjs\  handlebars\compiler\parser.js:336:30)
      at parseWithoutProcessing (D:\Proyectos\HR-Library\node_modules\handlebars  \dist\cjs\handlebars\compiler\base.js:46:33)
      at HandlebarsEnvironment.parse (D:\Proyectos\HR-Library\node_modules\handl  ebars\dist\cjs\handlebars\compiler\base.js:52:13)
      at compile (D:\Proyectos\HR-Library\node_modules\handlebars-loader\index.j  s:234:18)
      at module.exports (D:\Proyectos\HR-Library\node_modules\handlebars-loader\  index.js:461:5)
      at processResult (D:\Proyectos\HR-Library\node_modules\webpack\lib\NormalM  odule.js:764:19)
      at D:\Proyectos\HR-Library\node_modules\webpack\lib\NormalModule.js:866:5
      at D:\Proyectos\HR-Library\node_modules\loader-runner\lib\LoaderRunner.js:  499:11
      at runSyncOrAsyncCallback (D:\Proyectos\HR-Library\node_modules\loader-run  ner\lib\LoaderRunner.js:259:19)
      at innerCallback (D:\Proyectos\HR-Library\node_modules\loader-runner\lib\L  oaderRunner.js:175:13)
      at compile (D:\Proyectos\HR-Library\node_modules\handlebars-loader\index.j  s:238:14)
      at module.exports (D:\Proyectos\HR-Library\node_modules\handlebars-loader\  index.js:461:5)
      at LOADER_EXECUTION (D:\Proyectos\HR-Library\node_modules\loader-runner\li  b\LoaderRunner.js:195:14)
      at runSyncOrAsync (D:\Proyectos\HR-Library\node_modules\loader-runner\lib\  LoaderRunner.js:196:5)
      at iterateNormalLoaders (D:\Proyectos\HR-Library\node_modules\loader-runne  r\lib\LoaderRunner.js:258:2)
  Module build [1m[31mfailed[39m[22m[1m (from ./node_modules/handlebars-loader/index.js):
  [1m[31mError[39m[22m[1m: Parse [1m[31merror[39m[22m[1m on line 201:
  ...{{/layout-main}}{{/layout-main}}
  -------------------^
  Expecting 'EOF', got 'OPEN_ENDBLOCK'
      at Parser.parseError (D:\Proyectos\HR-Library\node_modules\handlebars\dist  \cjs\handlebars\compiler\parser.js:267:19)
      at Parser.parse (D:\Proyectos\HR-Library\node_modules\handlebars\dist\cjs\  handlebars\compiler\parser.js:336:30)
      at parseWithoutProcessing (D:\Proyectos\HR-Library\node_modules\handlebars  \dist\cjs\handlebars\compiler\base.js:46:33)
      at HandlebarsEnvironment.parse (D:\Proyectos\HR-Library\node_modules\handl  ebars\dist\cjs\handlebars\compiler\base.js:52:13)
      at compile (D:\Proyectos\HR-Library\node_modules\handlebars-loader\index.j  s:234:18)
      at module.exports (D:\Proyectos\HR-Library\node_modules\handlebars-loader\  index.js:461:5)
  ModuleBuildError: Module build [1m[31mfailed[39m[22m[1m (from ./node_modules/handlebars-loader/i  ndex.js):
  [1m[31mError[39m[22m[1m: Parse [1m[31merror[39m[22m[1m on line 201:
  ...{{/layout-main}}{{/layout-main}}
  -------------------^
  Expecting 'EOF', got 'OPEN_ENDBLOCK'
      at Parser.parseError (D:\Proyectos\HR-Library\node_modules\handlebars\dist  \cjs\handlebars\compiler\parser.js:267:19)
      at Parser.parse (D:\Proyectos\HR-Library\node_modules\handlebars\dist\cjs\  handlebars\compiler\parser.js:336:30)
      at parseWithoutProcessing (D:\Proyectos\HR-Library\node_modules\handlebars  \dist\cjs\handlebars\compiler\base.js:46:33)
      at HandlebarsEnvironment.parse (D:\Proyectos\HR-Library\node_modules\handl  ebars\dist\cjs\handlebars\compiler\base.js:52:13)
      at compile (D:\Proyectos\HR-Library\node_modules\handlebars-loader\index.j  s:234:18)
      at module.exports (D:\Proyectos\HR-Library\node_modules\handlebars-loader\  index.js:461:5)
      at processResult (D:\Proyectos\HR-Library\node_modules\webpack\lib\NormalM  odule.js:764:19)
      at D:\Proyectos\HR-Library\node_modules\webpack\lib\NormalModule.js:866:5
      at D:\Proyectos\HR-Library\node_modules\loader-runner\lib\LoaderRunner.js:  499:11
      at runSyncOrAsyncCallback (D:\Proyectos\HR-Library\node_modules\loader-run  ner\lib\LoaderRunner.js:259:19)
      at innerCallback (D:\Proyectos\HR-Library\node_modules\loader-runner\lib\L  oaderRunner.js:175:13)
      at compile (D:\Proyectos\HR-Library\node_modules\handlebars-loader\index.j  s:238:14)
      at module.exports (D:\Proyectos\HR-Library\node_modules\handlebars-loader\  index.js:461:5)
      at LOADER_EXECUTION (D:\Proyectos\HR-Library\node_modules\loader-runner\li  b\LoaderRunner.js:195:14)
      at runSyncOrAsync (D:\Proyectos\HR-Library\node_modules\loader-runner\lib\  LoaderRunner.js:196:5)
      at iterateNormalLoaders (D:\Proyectos\HR-Library\node_modules\loader-runne  r\lib\LoaderRunner.js:258:2)
  Module build [1m[31mfailed[39m[22m[1m (from ./node_modules/handlebars-loader/index.js):
  [1m[31mError[39m[22m[1m: Parse [1m[31merror[39m[22m[1m on line 97:
  ...{{/layout-main}}{{/layout-main}}
  -------------------^
  Expecting 'EOF', got 'OPEN_ENDBLOCK'
      at Parser.parseError (D:\Proyectos\HR-Library\node_modules\handlebars\dist  \cjs\handlebars\compiler\parser.js:267:19)
      at Parser.parse (D:\Proyectos\HR-Library\node_modules\handlebars\dist\cjs\  handlebars\compiler\parser.js:336:30)
      at parseWithoutProcessing (D:\Proyectos\HR-Library\node_modules\handlebars  \dist\cjs\handlebars\compiler\base.js:46:33)
      at HandlebarsEnvironment.parse (D:\Proyectos\HR-Library\node_modules\handl  ebars\dist\cjs\handlebars\compiler\base.js:52:13)
      at compile (D:\Proyectos\HR-Library\node_modules\handlebars-loader\index.j  s:234:18)
      at module.exports (D:\Proyectos\HR-Library\node_modules\handlebars-loader\  index.js:461:5)
  ModuleBuildError: Module build [1m[31mfailed[39m[22m[1m (from ./node_modules/handlebars-loader/i  ndex.js):
  [1m[31mError[39m[22m[1m: Parse [1m[31merror[39m[22m[1m on line 97:
  ...{{/layout-main}}{{/layout-main}}
  -------------------^
  Expecting 'EOF', got 'OPEN_ENDBLOCK'
      at Parser.parseError (D:\Proyectos\HR-Library\node_modules\handlebars\dist  \cjs\handlebars\compiler\parser.js:267:19)
      at Parser.parse (D:\Proyectos\HR-Library\node_modules\handlebars\dist\cjs\  handlebars\compiler\parser.js:336:30)
      at parseWithoutProcessing (D:\Proyectos\HR-Library\node_modules\handlebars  \dist\cjs\handlebars\compiler\base.js:46:33)
      at HandlebarsEnvironment.parse (D:\Proyectos\HR-Library\node_modules\handl  ebars\dist\cjs\handlebars\compiler\base.js:52:13)
      at compile (D:\Proyectos\HR-Library\node_modules\handlebars-loader\index.j  s:234:18)
      at module.exports (D:\Proyectos\HR-Library\node_modules\handlebars-loader\  index.js:461:5)
      at processResult (D:\Proyectos\HR-Library\node_modules\webpack\lib\NormalM  odule.js:764:19)
      at D:\Proyectos\HR-Library\node_modules\webpack\lib\NormalModule.js:866:5
      at D:\Proyectos\HR-Library\node_modules\loader-runner\lib\LoaderRunner.js:  499:11
      at runSyncOrAsyncCallback (D:\Proyectos\HR-Library\node_modules\loader-run  ner\lib\LoaderRunner.js:259:19)
      at innerCallback (D:\Proyectos\HR-Library\node_modules\loader-runner\lib\L  oaderRunner.js:175:13)
      at compile (D:\Proyectos\HR-Library\node_modules\handlebars-loader\index.j  s:238:14)
      at module.exports (D:\Proyectos\HR-Library\node_modules\handlebars-loader\  index.js:461:5)
      at LOADER_EXECUTION (D:\Proyectos\HR-Library\node_modules\loader-runner\li  b\LoaderRunner.js:195:14)
      at runSyncOrAsync (D:\Proyectos\HR-Library\node_modules\loader-runner\lib\  LoaderRunner.js:196:5)
      at iterateNormalLoaders (D:\Proyectos\HR-Library\node_modules\loader-runne  r\lib\LoaderRunner.js:258:2)
  Module build [1m[31mfailed[39m[22m[1m (from ./node_modules/handlebars-loader/index.js):
  [1m[31mError[39m[22m[1m: Parse [1m[31merror[39m[22m[1m on line 146:
  ...{{/layout-main}}{{/layout-main}}
  -------------------^
  Expecting 'EOF', got 'OPEN_ENDBLOCK'
      at Parser.parseError (D:\Proyectos\HR-Library\node_modules\handlebars\dist  \cjs\handlebars\compiler\parser.js:267:19)
      at Parser.parse (D:\Proyectos\HR-Library\node_modules\handlebars\dist\cjs\  handlebars\compiler\parser.js:336:30)
      at parseWithoutProcessing (D:\Proyectos\HR-Library\node_modules\handlebars  \dist\cjs\handlebars\compiler\base.js:46:33)
      at HandlebarsEnvironment.parse (D:\Proyectos\HR-Library\node_modules\handl  ebars\dist\cjs\handlebars\compiler\base.js:52:13)
      at compile (D:\Proyectos\HR-Library\node_modules\handlebars-loader\index.j  s:234:18)
      at module.exports (D:\Proyectos\HR-Library\node_modules\handlebars-loader\  index.js:461:5)
  ModuleBuildError: Module build [1m[31mfailed[39m[22m[1m (from ./node_modules/handlebars-loader/i  ndex.js):
  [1m[31mError[39m[22m[1m: Parse [1m[31merror[39m[22m[1m on line 146:
  ...{{/layout-main}}{{/layout-main}}
  -------------------^
  Expecting 'EOF', got 'OPEN_ENDBLOCK'
      at Parser.parseError (D:\Proyectos\HR-Library\node_modules\handlebars\dist  \cjs\handlebars\compiler\parser.js:267:19)
      at Parser.parse (D:\Proyectos\HR-Library\node_modules\handlebars\dist\cjs\  handlebars\compiler\parser.js:336:30)
      at parseWithoutProcessing (D:\Proyectos\HR-Library\node_modules\handlebars  \dist\cjs\handlebars\compiler\base.js:46:33)
      at HandlebarsEnvironment.parse (D:\Proyectos\HR-Library\node_modules\handl  ebars\dist\cjs\handlebars\compiler\base.js:52:13)
      at compile (D:\Proyectos\HR-Library\node_modules\handlebars-loader\index.j  s:234:18)
      at module.exports (D:\Proyectos\HR-Library\node_modules\handlebars-loader\  index.js:461:5)
      at processResult (D:\Proyectos\HR-Library\node_modules\webpack\lib\NormalM  odule.js:764:19)
      at D:\Proyectos\HR-Library\node_modules\webpack\lib\NormalModule.js:866:5
      at D:\Proyectos\HR-Library\node_modules\loader-runner\lib\LoaderRunner.js:  499:11
      at runSyncOrAsyncCallback (D:\Proyectos\HR-Library\node_modules\loader-run  ner\lib\LoaderRunner.js:259:19)
      at innerCallback (D:\Proyectos\HR-Library\node_modules\loader-runner\lib\L  oaderRunner.js:175:13)
      at compile (D:\Proyectos\HR-Library\node_modules\handlebars-loader\index.j  s:238:14)
      at module.exports (D:\Proyectos\HR-Library\node_modules\handlebars-loader\  index.js:461:5)
      at LOADER_EXECUTION (D:\Proyectos\HR-Library\node_modules\loader-runner\li  b\LoaderRunner.js:195:14)
      at runSyncOrAsync (D:\Proyectos\HR-Library\node_modules\loader-runner\lib\  LoaderRunner.js:196:5)
      at iterateNormalLoaders (D:\Proyectos\HR-Library\node_modules\loader-runne  r\lib\LoaderRunner.js:258:2)
  Module build [1m[31mfailed[39m[22m[1m (from ./node_modules/handlebars-loader/index.js):
  [1m[31mError[39m[22m[1m: Parse [1m[31merror[39m[22m[1m on line 183:
  ...{{/layout-main}}{{/layout-main}}
  -------------------^
  Expecting 'EOF', got 'OPEN_ENDBLOCK'
      at Parser.parseError (D:\Proyectos\HR-Library\node_modules\handlebars\dist  \cjs\handlebars\compiler\parser.js:267:19)
      at Parser.parse (D:\Proyectos\HR-Library\node_modules\handlebars\dist\cjs\  handlebars\compiler\parser.js:336:30)
      at parseWithoutProcessing (D:\Proyectos\HR-Library\node_modules\handlebars  \dist\cjs\handlebars\compiler\base.js:46:33)
      at HandlebarsEnvironment.parse (D:\Proyectos\HR-Library\node_modules\handl  ebars\dist\cjs\handlebars\compiler\base.js:52:13)
      at compile (D:\Proyectos\HR-Library\node_modules\handlebars-loader\index.j  s:234:18)
      at module.exports (D:\Proyectos\HR-Library\node_modules\handlebars-loader\  index.js:461:5)
  ModuleBuildError: Module build [1m[31mfailed[39m[22m[1m (from ./node_modules/handlebars-loader/i  ndex.js):
  [1m[31mError[39m[22m[1m: Parse [1m[31merror[39m[22m[1m on line 183:
  ...{{/layout-main}}{{/layout-main}}
  -------------------^
  Expecting 'EOF', got 'OPEN_ENDBLOCK'
      at Parser.parseError (D:\Proyectos\HR-Library\node_modules\handlebars\dist  \cjs\handlebars\compiler\parser.js:267:19)
      at Parser.parse (D:\Proyectos\HR-Library\node_modules\handlebars\dist\cjs\  handlebars\compiler\parser.js:336:30)
      at parseWithoutProcessing (D:\Proyectos\HR-Library\node_modules\handlebars  \dist\cjs\handlebars\compiler\base.js:46:33)
      at HandlebarsEnvironment.parse (D:\Proyectos\HR-Library\node_modules\handl  ebars\dist\cjs\handlebars\compiler\base.js:52:13)
      at compile (D:\Proyectos\HR-Library\node_modules\handlebars-loader\index.j  s:234:18)
      at module.exports (D:\Proyectos\HR-Library\node_modules\handlebars-loader\  index.js:461:5)
      at processResult (D:\Proyectos\HR-Library\node_modules\webpack\lib\NormalM  odule.js:764:19)
      at D:\Proyectos\HR-Library\node_modules\webpack\lib\NormalModule.js:866:5
      at D:\Proyectos\HR-Library\node_modules\loader-runner\lib\LoaderRunner.js:  499:11
      at runSyncOrAsyncCallback (D:\Proyectos\HR-Library\node_modules\loader-run  ner\lib\LoaderRunner.js:259:19)
      at innerCallback (D:\Proyectos\HR-Library\node_modules\loader-runner\lib\L  oaderRunner.js:175:13)
      at compile (D:\Proyectos\HR-Library\node_modules\handlebars-loader\index.j  s:238:14)
      at module.exports (D:\Proyectos\HR-Library\node_modules\handlebars-loader\  index.js:461:5)
      at LOADER_EXECUTION (D:\Proyectos\HR-Library\node_modules\loader-runner\li  b\LoaderRunner.js:195:14)
      at runSyncOrAsync (D:\Proyectos\HR-Library\node_modules\loader-runner\lib\  LoaderRunner.js:196:5)
      at iterateNormalLoaders (D:\Proyectos\HR-Library\node_modules\loader-runne  r\lib\LoaderRunner.js:258:2)
  Module build [1m[31mfailed[39m[22m[1m (from ./node_modules/handlebars-loader/index.js):
  [1m[31mError[39m[22m[1m: Parse [1m[31merror[39m[22m[1m on line 216:
  ...{{/layout-main}}{{/layout-main}}
  -------------------^
  Expecting 'EOF', got 'OPEN_ENDBLOCK'
      at Parser.parseError (D:\Proyectos\HR-Library\node_modules\handlebars\dist  \cjs\handlebars\compiler\parser.js:267:19)
      at Parser.parse (D:\Proyectos\HR-Library\node_modules\handlebars\dist\cjs\  handlebars\compiler\parser.js:336:30)
      at parseWithoutProcessing (D:\Proyectos\HR-Library\node_modules\handlebars  \dist\cjs\handlebars\compiler\base.js:46:33)
      at HandlebarsEnvironment.parse (D:\Proyectos\HR-Library\node_modules\handl  ebars\dist\cjs\handlebars\compiler\base.js:52:13)
      at compile (D:\Proyectos\HR-Library\node_modules\handlebars-loader\index.j  s:234:18)
      at module.exports (D:\Proyectos\HR-Library\node_modules\handlebars-loader\  index.js:461:5)
  ModuleBuildError: Module build [1m[31mfailed[39m[22m[1m (from ./node_modules/handlebars-loader/i  ndex.js):
  [1m[31mError[39m[22m[1m: Parse [1m[31merror[39m[22m[1m on line 216:
  ...{{/layout-main}}{{/layout-main}}
  -------------------^
  Expecting 'EOF', got 'OPEN_ENDBLOCK'
      at Parser.parseError (D:\Proyectos\HR-Library\node_modules\handlebars\dist  \cjs\handlebars\compiler\parser.js:267:19)
      at Parser.parse (D:\Proyectos\HR-Library\node_modules\handlebars\dist\cjs\  handlebars\compiler\parser.js:336:30)
      at parseWithoutProcessing (D:\Proyectos\HR-Library\node_modules\handlebars  \dist\cjs\handlebars\compiler\base.js:46:33)
      at HandlebarsEnvironment.parse (D:\Proyectos\HR-Library\node_modules\handl  ebars\dist\cjs\handlebars\compiler\base.js:52:13)
      at compile (D:\Proyectos\HR-Library\node_modules\handlebars-loader\index.j  s:234:18)
      at module.exports (D:\Proyectos\HR-Library\node_modules\handlebars-loader\  index.js:461:5)
      at processResult (D:\Proyectos\HR-Library\node_modules\webpack\lib\NormalM  odule.js:764:19)
      at D:\Proyectos\HR-Library\node_modules\webpack\lib\NormalModule.js:866:5
      at D:\Proyectos\HR-Library\node_modules\loader-runner\lib\LoaderRunner.js:  499:11
      at runSyncOrAsyncCallback (D:\Proyectos\HR-Library\node_modules\loader-run  ner\lib\LoaderRunner.js:259:19)
      at innerCallback (D:\Proyectos\HR-Library\node_modules\loader-runner\lib\L  oaderRunner.js:175:13)
      at compile (D:\Proyectos\HR-Library\node_modules\handlebars-loader\index.j  s:238:14)
      at module.exports (D:\Proyectos\HR-Library\node_modules\handlebars-loader\  index.js:461:5)
      at LOADER_EXECUTION (D:\Proyectos\HR-Library\node_modules\loader-runner\li  b\LoaderRunner.js:195:14)
      at runSyncOrAsync (D:\Proyectos\HR-Library\node_modules\loader-runner\lib\  LoaderRunner.js:196:5)
      at iterateNormalLoaders (D:\Proyectos\HR-Library\node_modules\loader-runne  r\lib\LoaderRunner.js:258:2)
  
  - parser.js:267 Parser.parseError
    [HR-Library]/[handlebars]/dist/cjs/handlebars/compiler/parser.js:267:19
  
  - parser.js:336 Parser.parse
    [HR-Library]/[handlebars]/dist/cjs/handlebars/compiler/parser.js:336:30
  
  - base.js:46 parseWithoutProcessing
    [HR-Library]/[handlebars]/dist/cjs/handlebars/compiler/base.js:46:33
  
  - base.js:52 HandlebarsEnvironment.parse
    [HR-Library]/[handlebars]/dist/cjs/handlebars/compiler/base.js:52:13
  
  - index.js:234 compile
    [HR-Library]/[handlebars-loader]/index.js:234:18
  
  - index.js:461 module.exports
    [HR-Library]/[handlebars-loader]/index.js:461:5
  
  - ModuleBuildError: Module build [1m[31mfailed[39m[22m[1m (from ./node_modules/handlebars-loader    /index.js):
  
  - [1m[31mError[39m[22m[1m: Parse [1m[31merror[39m[22m[1m on line 68:
  
  - ...{{/layout-main}}{{/layout-main}}
  
  - -------------------^
  
  - Expecting 'EOF', got 'OPEN_ENDBLOCK'
  
  - parser.js:267 Parser.parseError
    [HR-Library]/[handlebars]/dist/cjs/handlebars/compiler/parser.js:267:19
  
  - parser.js:336 Parser.parse
    [HR-Library]/[handlebars]/dist/cjs/handlebars/compiler/parser.js:336:30
  
  - base.js:46 parseWithoutProcessing
    [HR-Library]/[handlebars]/dist/cjs/handlebars/compiler/base.js:46:33
  
  - base.js:52 HandlebarsEnvironment.parse
    [HR-Library]/[handlebars]/dist/cjs/handlebars/compiler/base.js:52:13
  
  - index.js:234 compile
    [HR-Library]/[handlebars-loader]/index.js:234:18
  
  - index.js:461 module.exports
    [HR-Library]/[handlebars-loader]/index.js:461:5
  
  - NormalModule.js:764 processResult
    [HR-Library]/[webpack]/lib/NormalModule.js:764:19
  
  - NormalModule.js:866 
    [HR-Library]/[webpack]/lib/NormalModule.js:866:5
  
  - LoaderRunner.js:499 
    [HR-Library]/[loader-runner]/lib/LoaderRunner.js:499:11
  
  - LoaderRunner.js:259 runSyncOrAsyncCallback
    [HR-Library]/[loader-runner]/lib/LoaderRunner.js:259:19
  
  - LoaderRunner.js:175 innerCallback
    [HR-Library]/[loader-runner]/lib/LoaderRunner.js:175:13
  
  - index.js:238 compile
    [HR-Library]/[handlebars-loader]/index.js:238:14
  
  - index.js:461 module.exports
    [HR-Library]/[handlebars-loader]/index.js:461:5
  
  - LoaderRunner.js:195 LOADER_EXECUTION
    [HR-Library]/[loader-runner]/lib/LoaderRunner.js:195:14
  
  - LoaderRunner.js:196 runSyncOrAsync
    [HR-Library]/[loader-runner]/lib/LoaderRunner.js:196:5
  
  - LoaderRunner.js:258 iterateNormalLoaders
    [HR-Library]/[loader-runner]/lib/LoaderRunner.js:258:2
  
  - Module build [1m[31mfailed[39m[22m[1m (from ./node_modules/handlebars-loader/index.js):
  
  - [1m[31mError[39m[22m[1m: Parse [1m[31merror[39m[22m[1m on line 201:
  
  - ...{{/layout-main}}{{/layout-main}}
  
  - -------------------^
  
  - Expecting 'EOF', got 'OPEN_ENDBLOCK'
  
  - parser.js:267 Parser.parseError
    [HR-Library]/[handlebars]/dist/cjs/handlebars/compiler/parser.js:267:19
  
  - parser.js:336 Parser.parse
    [HR-Library]/[handlebars]/dist/cjs/handlebars/compiler/parser.js:336:30
  
  - base.js:46 parseWithoutProcessing
    [HR-Library]/[handlebars]/dist/cjs/handlebars/compiler/base.js:46:33
  
  - base.js:52 HandlebarsEnvironment.parse
    [HR-Library]/[handlebars]/dist/cjs/handlebars/compiler/base.js:52:13
  
  - index.js:234 compile
    [HR-Library]/[handlebars-loader]/index.js:234:18
  
  - index.js:461 module.exports
    [HR-Library]/[handlebars-loader]/index.js:461:5
  
  - ModuleBuildError: Module build [1m[31mfailed[39m[22m[1m (from ./node_modules/handlebars-loader    /index.js):
  
  - [1m[31mError[39m[22m[1m: Parse [1m[31merror[39m[22m[1m on line 201:
  
  - ...{{/layout-main}}{{/layout-main}}
  
  - -------------------^
  
  - Expecting 'EOF', got 'OPEN_ENDBLOCK'
  
  - parser.js:267 Parser.parseError
    [HR-Library]/[handlebars]/dist/cjs/handlebars/compiler/parser.js:267:19
  
  - parser.js:336 Parser.parse
    [HR-Library]/[handlebars]/dist/cjs/handlebars/compiler/parser.js:336:30
  
  - base.js:46 parseWithoutProcessing
    [HR-Library]/[handlebars]/dist/cjs/handlebars/compiler/base.js:46:33
  
  - base.js:52 HandlebarsEnvironment.parse
    [HR-Library]/[handlebars]/dist/cjs/handlebars/compiler/base.js:52:13
  
  - index.js:234 compile
    [HR-Library]/[handlebars-loader]/index.js:234:18
  
  - index.js:461 module.exports
    [HR-Library]/[handlebars-loader]/index.js:461:5
  
  - NormalModule.js:764 processResult
    [HR-Library]/[webpack]/lib/NormalModule.js:764:19
  
  - NormalModule.js:866 
    [HR-Library]/[webpack]/lib/NormalModule.js:866:5
  
[39m[22m

[1m[31mERROR[39m[22m in [1m  [1m[31mError[39m[22m[1m: Child compilation [1m[31mfailed[39m[22m[1m:
  Module build [1m[31mfailed[39m[22m[1m (from ./node_modules/handlebars-loader/index.js):
  [1m[31mError[39m[22m[1m: Parse [1m[31merror[39m[22m[1m on line 68:
  ...{{/layout-main}}{{/layout-main}}
  -------------------^
  Expecting 'EOF', got 'OPEN_ENDBLOCK'
      at Parser.parseError (D:\Proyectos\HR-Library\node_modules\handlebars\dist  \cjs\handlebars\compiler\parser.js:267:19)
      at Parser.parse (D:\Proyectos\HR-Library\node_modules\handlebars\dist\cjs\  handlebars\compiler\parser.js:336:30)
      at parseWithoutProcessing (D:\Proyectos\HR-Library\node_modules\handlebars  \dist\cjs\handlebars\compiler\base.js:46:33)
      at HandlebarsEnvironment.parse (D:\Proyectos\HR-Library\node_modules\handl  ebars\dist\cjs\handlebars\compiler\base.js:52:13)
      at compile (D:\Proyectos\HR-Library\node_modules\handlebars-loader\index.j  s:234:18)
      at module.exports (D:\Proyectos\HR-Library\node_modules\handlebars-loader\  index.js:461:5)
  ModuleBuildError: Module build [1m[31mfailed[39m[22m[1m (from ./node_modules/handlebars-loader/i  ndex.js):
  [1m[31mError[39m[22m[1m: Parse [1m[31merror[39m[22m[1m on line 68:
  ...{{/layout-main}}{{/layout-main}}
  -------------------^
  Expecting 'EOF', got 'OPEN_ENDBLOCK'
      at Parser.parseError (D:\Proyectos\HR-Library\node_modules\handlebars\dist  \cjs\handlebars\compiler\parser.js:267:19)
      at Parser.parse (D:\Proyectos\HR-Library\node_modules\handlebars\dist\cjs\  handlebars\compiler\parser.js:336:30)
      at parseWithoutProcessing (D:\Proyectos\HR-Library\node_modules\handlebars  \dist\cjs\handlebars\compiler\base.js:46:33)
      at HandlebarsEnvironment.parse (D:\Proyectos\HR-Library\node_modules\handl  ebars\dist\cjs\handlebars\compiler\base.js:52:13)
      at compile (D:\Proyectos\HR-Library\node_modules\handlebars-loader\index.j  s:234:18)
      at module.exports (D:\Proyectos\HR-Library\node_modules\handlebars-loader\  index.js:461:5)
      at processResult (D:\Proyectos\HR-Library\node_modules\webpack\lib\NormalM  odule.js:764:19)
      at D:\Proyectos\HR-Library\node_modules\webpack\lib\NormalModule.js:866:5
      at D:\Proyectos\HR-Library\node_modules\loader-runner\lib\LoaderRunner.js:  499:11
      at runSyncOrAsyncCallback (D:\Proyectos\HR-Library\node_modules\loader-run  ner\lib\LoaderRunner.js:259:19)
      at innerCallback (D:\Proyectos\HR-Library\node_modules\loader-runner\lib\L  oaderRunner.js:175:13)
      at compile (D:\Proyectos\HR-Library\node_modules\handlebars-loader\index.j  s:238:14)
      at module.exports (D:\Proyectos\HR-Library\node_modules\handlebars-loader\  index.js:461:5)
      at LOADER_EXECUTION (D:\Proyectos\HR-Library\node_modules\loader-runner\li  b\LoaderRunner.js:195:14)
      at runSyncOrAsync (D:\Proyectos\HR-Library\node_modules\loader-runner\lib\  LoaderRunner.js:196:5)
      at iterateNormalLoaders (D:\Proyectos\HR-Library\node_modules\loader-runne  r\lib\LoaderRunner.js:258:2)
  Module build [1m[31mfailed[39m[22m[1m (from ./node_modules/handlebars-loader/index.js):
  [1m[31mError[39m[22m[1m: Parse [1m[31merror[39m[22m[1m on line 201:
  ...{{/layout-main}}{{/layout-main}}
  -------------------^
  Expecting 'EOF', got 'OPEN_ENDBLOCK'
      at Parser.parseError (D:\Proyectos\HR-Library\node_modules\handlebars\dist  \cjs\handlebars\compiler\parser.js:267:19)
      at Parser.parse (D:\Proyectos\HR-Library\node_modules\handlebars\dist\cjs\  handlebars\compiler\parser.js:336:30)
      at parseWithoutProcessing (D:\Proyectos\HR-Library\node_modules\handlebars  \dist\cjs\handlebars\compiler\base.js:46:33)
      at HandlebarsEnvironment.parse (D:\Proyectos\HR-Library\node_modules\handl  ebars\dist\cjs\handlebars\compiler\base.js:52:13)
      at compile (D:\Proyectos\HR-Library\node_modules\handlebars-loader\index.j  s:234:18)
      at module.exports (D:\Proyectos\HR-Library\node_modules\handlebars-loader\  index.js:461:5)
  ModuleBuildError: Module build [1m[31mfailed[39m[22m[1m (from ./node_modules/handlebars-loader/i  ndex.js):
  [1m[31mError[39m[22m[1m: Parse [1m[31merror[39m[22m[1m on line 201:
  ...{{/layout-main}}{{/layout-main}}
  -------------------^
  Expecting 'EOF', got 'OPEN_ENDBLOCK'
      at Parser.parseError (D:\Proyectos\HR-Library\node_modules\handlebars\dist  \cjs\handlebars\compiler\parser.js:267:19)
      at Parser.parse (D:\Proyectos\HR-Library\node_modules\handlebars\dist\cjs\  handlebars\compiler\parser.js:336:30)
      at parseWithoutProcessing (D:\Proyectos\HR-Library\node_modules\handlebars  \dist\cjs\handlebars\compiler\base.js:46:33)
      at HandlebarsEnvironment.parse (D:\Proyectos\HR-Library\node_modules\handl  ebars\dist\cjs\handlebars\compiler\base.js:52:13)
      at compile (D:\Proyectos\HR-Library\node_modules\handlebars-loader\index.j  s:234:18)
      at module.exports (D:\Proyectos\HR-Library\node_modules\handlebars-loader\  index.js:461:5)
      at processResult (D:\Proyectos\HR-Library\node_modules\webpack\lib\NormalM  odule.js:764:19)
      at D:\Proyectos\HR-Library\node_modules\webpack\lib\NormalModule.js:866:5
      at D:\Proyectos\HR-Library\node_modules\loader-runner\lib\LoaderRunner.js:  499:11
      at runSyncOrAsyncCallback (D:\Proyectos\HR-Library\node_modules\loader-run  ner\lib\LoaderRunner.js:259:19)
      at innerCallback (D:\Proyectos\HR-Library\node_modules\loader-runner\lib\L  oaderRunner.js:175:13)
      at compile (D:\Proyectos\HR-Library\node_modules\handlebars-loader\index.j  s:238:14)
      at module.exports (D:\Proyectos\HR-Library\node_modules\handlebars-loader\  index.js:461:5)
      at LOADER_EXECUTION (D:\Proyectos\HR-Library\node_modules\loader-runner\li  b\LoaderRunner.js:195:14)
      at runSyncOrAsync (D:\Proyectos\HR-Library\node_modules\loader-runner\lib\  LoaderRunner.js:196:5)
      at iterateNormalLoaders (D:\Proyectos\HR-Library\node_modules\loader-runne  r\lib\LoaderRunner.js:258:2)
  Module build [1m[31mfailed[39m[22m[1m (from ./node_modules/handlebars-loader/index.js):
  [1m[31mError[39m[22m[1m: Parse [1m[31merror[39m[22m[1m on line 97:
  ...{{/layout-main}}{{/layout-main}}
  -------------------^
  Expecting 'EOF', got 'OPEN_ENDBLOCK'
      at Parser.parseError (D:\Proyectos\HR-Library\node_modules\handlebars\dist  \cjs\handlebars\compiler\parser.js:267:19)
      at Parser.parse (D:\Proyectos\HR-Library\node_modules\handlebars\dist\cjs\  handlebars\compiler\parser.js:336:30)
      at parseWithoutProcessing (D:\Proyectos\HR-Library\node_modules\handlebars  \dist\cjs\handlebars\compiler\base.js:46:33)
      at HandlebarsEnvironment.parse (D:\Proyectos\HR-Library\node_modules\handl  ebars\dist\cjs\handlebars\compiler\base.js:52:13)
      at compile (D:\Proyectos\HR-Library\node_modules\handlebars-loader\index.j  s:234:18)
      at module.exports (D:\Proyectos\HR-Library\node_modules\handlebars-loader\  index.js:461:5)
  ModuleBuildError: Module build [1m[31mfailed[39m[22m[1m (from ./node_modules/handlebars-loader/i  ndex.js):
  [1m[31mError[39m[22m[1m: Parse [1m[31merror[39m[22m[1m on line 97:
  ...{{/layout-main}}{{/layout-main}}
  -------------------^
  Expecting 'EOF', got 'OPEN_ENDBLOCK'
      at Parser.parseError (D:\Proyectos\HR-Library\node_modules\handlebars\dist  \cjs\handlebars\compiler\parser.js:267:19)
      at Parser.parse (D:\Proyectos\HR-Library\node_modules\handlebars\dist\cjs\  handlebars\compiler\parser.js:336:30)
      at parseWithoutProcessing (D:\Proyectos\HR-Library\node_modules\handlebars  \dist\cjs\handlebars\compiler\base.js:46:33)
      at HandlebarsEnvironment.parse (D:\Proyectos\HR-Library\node_modules\handl  ebars\dist\cjs\handlebars\compiler\base.js:52:13)
      at compile (D:\Proyectos\HR-Library\node_modules\handlebars-loader\index.j  s:234:18)
      at module.exports (D:\Proyectos\HR-Library\node_modules\handlebars-loader\  index.js:461:5)
      at processResult (D:\Proyectos\HR-Library\node_modules\webpack\lib\NormalM  odule.js:764:19)
      at D:\Proyectos\HR-Library\node_modules\webpack\lib\NormalModule.js:866:5
      at D:\Proyectos\HR-Library\node_modules\loader-runner\lib\LoaderRunner.js:  499:11
      at runSyncOrAsyncCallback (D:\Proyectos\HR-Library\node_modules\loader-run  ner\lib\LoaderRunner.js:259:19)
      at innerCallback (D:\Proyectos\HR-Library\node_modules\loader-runner\lib\L  oaderRunner.js:175:13)
      at compile (D:\Proyectos\HR-Library\node_modules\handlebars-loader\index.j  s:238:14)
      at module.exports (D:\Proyectos\HR-Library\node_modules\handlebars-loader\  index.js:461:5)
      at LOADER_EXECUTION (D:\Proyectos\HR-Library\node_modules\loader-runner\li  b\LoaderRunner.js:195:14)
      at runSyncOrAsync (D:\Proyectos\HR-Library\node_modules\loader-runner\lib\  LoaderRunner.js:196:5)
      at iterateNormalLoaders (D:\Proyectos\HR-Library\node_modules\loader-runne  r\lib\LoaderRunner.js:258:2)
  Module build [1m[31mfailed[39m[22m[1m (from ./node_modules/handlebars-loader/index.js):
  [1m[31mError[39m[22m[1m: Parse [1m[31merror[39m[22m[1m on line 146:
  ...{{/layout-main}}{{/layout-main}}
  -------------------^
  Expecting 'EOF', got 'OPEN_ENDBLOCK'
      at Parser.parseError (D:\Proyectos\HR-Library\node_modules\handlebars\dist  \cjs\handlebars\compiler\parser.js:267:19)
      at Parser.parse (D:\Proyectos\HR-Library\node_modules\handlebars\dist\cjs\  handlebars\compiler\parser.js:336:30)
      at parseWithoutProcessing (D:\Proyectos\HR-Library\node_modules\handlebars  \dist\cjs\handlebars\compiler\base.js:46:33)
      at HandlebarsEnvironment.parse (D:\Proyectos\HR-Library\node_modules\handl  ebars\dist\cjs\handlebars\compiler\base.js:52:13)
      at compile (D:\Proyectos\HR-Library\node_modules\handlebars-loader\index.j  s:234:18)
      at module.exports (D:\Proyectos\HR-Library\node_modules\handlebars-loader\  index.js:461:5)
  ModuleBuildError: Module build [1m[31mfailed[39m[22m[1m (from ./node_modules/handlebars-loader/i  ndex.js):
  [1m[31mError[39m[22m[1m: Parse [1m[31merror[39m[22m[1m on line 146:
  ...{{/layout-main}}{{/layout-main}}
  -------------------^
  Expecting 'EOF', got 'OPEN_ENDBLOCK'
      at Parser.parseError (D:\Proyectos\HR-Library\node_modules\handlebars\dist  \cjs\handlebars\compiler\parser.js:267:19)
      at Parser.parse (D:\Proyectos\HR-Library\node_modules\handlebars\dist\cjs\  handlebars\compiler\parser.js:336:30)
      at parseWithoutProcessing (D:\Proyectos\HR-Library\node_modules\handlebars  \dist\cjs\handlebars\compiler\base.js:46:33)
      at HandlebarsEnvironment.parse (D:\Proyectos\HR-Library\node_modules\handl  ebars\dist\cjs\handlebars\compiler\base.js:52:13)
      at compile (D:\Proyectos\HR-Library\node_modules\handlebars-loader\index.j  s:234:18)
      at module.exports (D:\Proyectos\HR-Library\node_modules\handlebars-loader\  index.js:461:5)
      at processResult (D:\Proyectos\HR-Library\node_modules\webpack\lib\NormalM  odule.js:764:19)
      at D:\Proyectos\HR-Library\node_modules\webpack\lib\NormalModule.js:866:5
      at D:\Proyectos\HR-Library\node_modules\loader-runner\lib\LoaderRunner.js:  499:11
      at runSyncOrAsyncCallback (D:\Proyectos\HR-Library\node_modules\loader-run  ner\lib\LoaderRunner.js:259:19)
      at innerCallback (D:\Proyectos\HR-Library\node_modules\loader-runner\lib\L  oaderRunner.js:175:13)
      at compile (D:\Proyectos\HR-Library\node_modules\handlebars-loader\index.j  s:238:14)
      at module.exports (D:\Proyectos\HR-Library\node_modules\handlebars-loader\  index.js:461:5)
      at LOADER_EXECUTION (D:\Proyectos\HR-Library\node_modules\loader-runner\li  b\LoaderRunner.js:195:14)
      at runSyncOrAsync (D:\Proyectos\HR-Library\node_modules\loader-runner\lib\  LoaderRunner.js:196:5)
      at iterateNormalLoaders (D:\Proyectos\HR-Library\node_modules\loader-runne  r\lib\LoaderRunner.js:258:2)
  Module build [1m[31mfailed[39m[22m[1m (from ./node_modules/handlebars-loader/index.js):
  [1m[31mError[39m[22m[1m: Parse [1m[31merror[39m[22m[1m on line 183:
  ...{{/layout-main}}{{/layout-main}}
  -------------------^
  Expecting 'EOF', got 'OPEN_ENDBLOCK'
      at Parser.parseError (D:\Proyectos\HR-Library\node_modules\handlebars\dist  \cjs\handlebars\compiler\parser.js:267:19)
      at Parser.parse (D:\Proyectos\HR-Library\node_modules\handlebars\dist\cjs\  handlebars\compiler\parser.js:336:30)
      at parseWithoutProcessing (D:\Proyectos\HR-Library\node_modules\handlebars  \dist\cjs\handlebars\compiler\base.js:46:33)
      at HandlebarsEnvironment.parse (D:\Proyectos\HR-Library\node_modules\handl  ebars\dist\cjs\handlebars\compiler\base.js:52:13)
      at compile (D:\Proyectos\HR-Library\node_modules\handlebars-loader\index.j  s:234:18)
      at module.exports (D:\Proyectos\HR-Library\node_modules\handlebars-loader\  index.js:461:5)
  ModuleBuildError: Module build [1m[31mfailed[39m[22m[1m (from ./node_modules/handlebars-loader/i  ndex.js):
  [1m[31mError[39m[22m[1m: Parse [1m[31merror[39m[22m[1m on line 183:
  ...{{/layout-main}}{{/layout-main}}
  -------------------^
  Expecting 'EOF', got 'OPEN_ENDBLOCK'
      at Parser.parseError (D:\Proyectos\HR-Library\node_modules\handlebars\dist  \cjs\handlebars\compiler\parser.js:267:19)
      at Parser.parse (D:\Proyectos\HR-Library\node_modules\handlebars\dist\cjs\  handlebars\compiler\parser.js:336:30)
      at parseWithoutProcessing (D:\Proyectos\HR-Library\node_modules\handlebars  \dist\cjs\handlebars\compiler\base.js:46:33)
      at HandlebarsEnvironment.parse (D:\Proyectos\HR-Library\node_modules\handl  ebars\dist\cjs\handlebars\compiler\base.js:52:13)
      at compile (D:\Proyectos\HR-Library\node_modules\handlebars-loader\index.j  s:234:18)
      at module.exports (D:\Proyectos\HR-Library\node_modules\handlebars-loader\  index.js:461:5)
      at processResult (D:\Proyectos\HR-Library\node_modules\webpack\lib\NormalM  odule.js:764:19)
      at D:\Proyectos\HR-Library\node_modules\webpack\lib\NormalModule.js:866:5
      at D:\Proyectos\HR-Library\node_modules\loader-runner\lib\LoaderRunner.js:  499:11
      at runSyncOrAsyncCallback (D:\Proyectos\HR-Library\node_modules\loader-run  ner\lib\LoaderRunner.js:259:19)
      at innerCallback (D:\Proyectos\HR-Library\node_modules\loader-runner\lib\L  oaderRunner.js:175:13)
      at compile (D:\Proyectos\HR-Library\node_modules\handlebars-loader\index.j  s:238:14)
      at module.exports (D:\Proyectos\HR-Library\node_modules\handlebars-loader\  index.js:461:5)
      at LOADER_EXECUTION (D:\Proyectos\HR-Library\node_modules\loader-runner\li  b\LoaderRunner.js:195:14)
      at runSyncOrAsync (D:\Proyectos\HR-Library\node_modules\loader-runner\lib\  LoaderRunner.js:196:5)
      at iterateNormalLoaders (D:\Proyectos\HR-Library\node_modules\loader-runne  r\lib\LoaderRunner.js:258:2)
  Module build [1m[31mfailed[39m[22m[1m (from ./node_modules/handlebars-loader/index.js):
  [1m[31mError[39m[22m[1m: Parse [1m[31merror[39m[22m[1m on line 216:
  ...{{/layout-main}}{{/layout-main}}
  -------------------^
  Expecting 'EOF', got 'OPEN_ENDBLOCK'
      at Parser.parseError (D:\Proyectos\HR-Library\node_modules\handlebars\dist  \cjs\handlebars\compiler\parser.js:267:19)
      at Parser.parse (D:\Proyectos\HR-Library\node_modules\handlebars\dist\cjs\  handlebars\compiler\parser.js:336:30)
      at parseWithoutProcessing (D:\Proyectos\HR-Library\node_modules\handlebars  \dist\cjs\handlebars\compiler\base.js:46:33)
      at HandlebarsEnvironment.parse (D:\Proyectos\HR-Library\node_modules\handl  ebars\dist\cjs\handlebars\compiler\base.js:52:13)
      at compile (D:\Proyectos\HR-Library\node_modules\handlebars-loader\index.j  s:234:18)
      at module.exports (D:\Proyectos\HR-Library\node_modules\handlebars-loader\  index.js:461:5)
  ModuleBuildError: Module build [1m[31mfailed[39m[22m[1m (from ./node_modules/handlebars-loader/i  ndex.js):
  [1m[31mError[39m[22m[1m: Parse [1m[31merror[39m[22m[1m on line 216:
  ...{{/layout-main}}{{/layout-main}}
  -------------------^
  Expecting 'EOF', got 'OPEN_ENDBLOCK'
      at Parser.parseError (D:\Proyectos\HR-Library\node_modules\handlebars\dist  \cjs\handlebars\compiler\parser.js:267:19)
      at Parser.parse (D:\Proyectos\HR-Library\node_modules\handlebars\dist\cjs\  handlebars\compiler\parser.js:336:30)
      at parseWithoutProcessing (D:\Proyectos\HR-Library\node_modules\handlebars  \dist\cjs\handlebars\compiler\base.js:46:33)
      at HandlebarsEnvironment.parse (D:\Proyectos\HR-Library\node_modules\handl  ebars\dist\cjs\handlebars\compiler\base.js:52:13)
      at compile (D:\Proyectos\HR-Library\node_modules\handlebars-loader\index.j  s:234:18)
      at module.exports (D:\Proyectos\HR-Library\node_modules\handlebars-loader\  index.js:461:5)
      at processResult (D:\Proyectos\HR-Library\node_modules\webpack\lib\NormalM  odule.js:764:19)
      at D:\Proyectos\HR-Library\node_modules\webpack\lib\NormalModule.js:866:5
      at D:\Proyectos\HR-Library\node_modules\loader-runner\lib\LoaderRunner.js:  499:11
      at runSyncOrAsyncCallback (D:\Proyectos\HR-Library\node_modules\loader-run  ner\lib\LoaderRunner.js:259:19)
      at innerCallback (D:\Proyectos\HR-Library\node_modules\loader-runner\lib\L  oaderRunner.js:175:13)
      at compile (D:\Proyectos\HR-Library\node_modules\handlebars-loader\index.j  s:238:14)
      at module.exports (D:\Proyectos\HR-Library\node_modules\handlebars-loader\  index.js:461:5)
      at LOADER_EXECUTION (D:\Proyectos\HR-Library\node_modules\loader-runner\li  b\LoaderRunner.js:195:14)
      at runSyncOrAsync (D:\Proyectos\HR-Library\node_modules\loader-runner\lib\  LoaderRunner.js:196:5)
      at iterateNormalLoaders (D:\Proyectos\HR-Library\node_modules\loader-runne  r\lib\LoaderRunner.js:258:2)
  
  - parser.js:267 Parser.parseError
    [HR-Library]/[handlebars]/dist/cjs/handlebars/compiler/parser.js:267:19
  
  - parser.js:336 Parser.parse
    [HR-Library]/[handlebars]/dist/cjs/handlebars/compiler/parser.js:336:30
  
  - base.js:46 parseWithoutProcessing
    [HR-Library]/[handlebars]/dist/cjs/handlebars/compiler/base.js:46:33
  
  - base.js:52 HandlebarsEnvironment.parse
    [HR-Library]/[handlebars]/dist/cjs/handlebars/compiler/base.js:52:13
  
  - index.js:234 compile
    [HR-Library]/[handlebars-loader]/index.js:234:18
  
  - index.js:461 module.exports
    [HR-Library]/[handlebars-loader]/index.js:461:5
  
  - ModuleBuildError: Module build [1m[31mfailed[39m[22m[1m (from ./node_modules/handlebars-loader    /index.js):
  
  - [1m[31mError[39m[22m[1m: Parse [1m[31merror[39m[22m[1m on line 68:
  
  - ...{{/layout-main}}{{/layout-main}}
  
  - -------------------^
  
  - Expecting 'EOF', got 'OPEN_ENDBLOCK'
  
  - parser.js:267 Parser.parseError
    [HR-Library]/[handlebars]/dist/cjs/handlebars/compiler/parser.js:267:19
  
  - parser.js:336 Parser.parse
    [HR-Library]/[handlebars]/dist/cjs/handlebars/compiler/parser.js:336:30
  
  - base.js:46 parseWithoutProcessing
    [HR-Library]/[handlebars]/dist/cjs/handlebars/compiler/base.js:46:33
  
  - base.js:52 HandlebarsEnvironment.parse
    [HR-Library]/[handlebars]/dist/cjs/handlebars/compiler/base.js:52:13
  
  - index.js:234 compile
    [HR-Library]/[handlebars-loader]/index.js:234:18
  
  - index.js:461 module.exports
    [HR-Library]/[handlebars-loader]/index.js:461:5
  
  - NormalModule.js:764 processResult
    [HR-Library]/[webpack]/lib/NormalModule.js:764:19
  
  - NormalModule.js:866 
    [HR-Library]/[webpack]/lib/NormalModule.js:866:5
  
  - LoaderRunner.js:499 
    [HR-Library]/[loader-runner]/lib/LoaderRunner.js:499:11
  
  - LoaderRunner.js:259 runSyncOrAsyncCallback
    [HR-Library]/[loader-runner]/lib/LoaderRunner.js:259:19
  
  - LoaderRunner.js:175 innerCallback
    [HR-Library]/[loader-runner]/lib/LoaderRunner.js:175:13
  
  - index.js:238 compile
    [HR-Library]/[handlebars-loader]/index.js:238:14
  
  - index.js:461 module.exports
    [HR-Library]/[handlebars-loader]/index.js:461:5
  
  - LoaderRunner.js:195 LOADER_EXECUTION
    [HR-Library]/[loader-runner]/lib/LoaderRunner.js:195:14
  
  - LoaderRunner.js:196 runSyncOrAsync
    [HR-Library]/[loader-runner]/lib/LoaderRunner.js:196:5
  
  - LoaderRunner.js:258 iterateNormalLoaders
    [HR-Library]/[loader-runner]/lib/LoaderRunner.js:258:2
  
  - Module build [1m[31mfailed[39m[22m[1m (from ./node_modules/handlebars-loader/index.js):
  
  - [1m[31mError[39m[22m[1m: Parse [1m[31merror[39m[22m[1m on line 201:
  
  - ...{{/layout-main}}{{/layout-main}}
  
  - -------------------^
  
  - Expecting 'EOF', got 'OPEN_ENDBLOCK'
  
  - parser.js:267 Parser.parseError
    [HR-Library]/[handlebars]/dist/cjs/handlebars/compiler/parser.js:267:19
  
  - parser.js:336 Parser.parse
    [HR-Library]/[handlebars]/dist/cjs/handlebars/compiler/parser.js:336:30
  
  - base.js:46 parseWithoutProcessing
    [HR-Library]/[handlebars]/dist/cjs/handlebars/compiler/base.js:46:33
  
  - base.js:52 HandlebarsEnvironment.parse
    [HR-Library]/[handlebars]/dist/cjs/handlebars/compiler/base.js:52:13
  
  - index.js:234 compile
    [HR-Library]/[handlebars-loader]/index.js:234:18
  
  - index.js:461 module.exports
    [HR-Library]/[handlebars-loader]/index.js:461:5
  
  - ModuleBuildError: Module build [1m[31mfailed[39m[22m[1m (from ./node_modules/handlebars-loader    /index.js):
  
  - [1m[31mError[39m[22m[1m: Parse [1m[31merror[39m[22m[1m on line 201:
  
  - ...{{/layout-main}}{{/layout-main}}
  
  - -------------------^
  
  - Expecting 'EOF', got 'OPEN_ENDBLOCK'
  
  - parser.js:267 Parser.parseError
    [HR-Library]/[handlebars]/dist/cjs/handlebars/compiler/parser.js:267:19
  
  - parser.js:336 Parser.parse
    [HR-Library]/[handlebars]/dist/cjs/handlebars/compiler/parser.js:336:30
  
  - base.js:46 parseWithoutProcessing
    [HR-Library]/[handlebars]/dist/cjs/handlebars/compiler/base.js:46:33
  
  - base.js:52 HandlebarsEnvironment.parse
    [HR-Library]/[handlebars]/dist/cjs/handlebars/compiler/base.js:52:13
  
  - index.js:234 compile
    [HR-Library]/[handlebars-loader]/index.js:234:18
  
  - index.js:461 module.exports
    [HR-Library]/[handlebars-loader]/index.js:461:5
  
  - NormalModule.js:764 processResult
    [HR-Library]/[webpack]/lib/NormalModule.js:764:19
  
  - NormalModule.js:866 
    [HR-Library]/[webpack]/lib/NormalModule.js:866:5
  
[39m[22m

[1m[31mERROR[39m[22m in [1m  [1m[31mError[39m[22m[1m: Child compilation [1m[31mfailed[39m[22m[1m:
  Module build [1m[31mfailed[39m[22m[1m (from ./node_modules/handlebars-loader/index.js):
  [1m[31mError[39m[22m[1m: Parse [1m[31merror[39m[22m[1m on line 68:
  ...{{/layout-main}}{{/layout-main}}
  -------------------^
  Expecting 'EOF', got 'OPEN_ENDBLOCK'
      at Parser.parseError (D:\Proyectos\HR-Library\node_modules\handlebars\dist  \cjs\handlebars\compiler\parser.js:267:19)
      at Parser.parse (D:\Proyectos\HR-Library\node_modules\handlebars\dist\cjs\  handlebars\compiler\parser.js:336:30)
      at parseWithoutProcessing (D:\Proyectos\HR-Library\node_modules\handlebars  \dist\cjs\handlebars\compiler\base.js:46:33)
      at HandlebarsEnvironment.parse (D:\Proyectos\HR-Library\node_modules\handl  ebars\dist\cjs\handlebars\compiler\base.js:52:13)
      at compile (D:\Proyectos\HR-Library\node_modules\handlebars-loader\index.j  s:234:18)
      at module.exports (D:\Proyectos\HR-Library\node_modules\handlebars-loader\  index.js:461:5)
  ModuleBuildError: Module build [1m[31mfailed[39m[22m[1m (from ./node_modules/handlebars-loader/i  ndex.js):
  [1m[31mError[39m[22m[1m: Parse [1m[31merror[39m[22m[1m on line 68:
  ...{{/layout-main}}{{/layout-main}}
  -------------------^
  Expecting 'EOF', got 'OPEN_ENDBLOCK'
      at Parser.parseError (D:\Proyectos\HR-Library\node_modules\handlebars\dist  \cjs\handlebars\compiler\parser.js:267:19)
      at Parser.parse (D:\Proyectos\HR-Library\node_modules\handlebars\dist\cjs\  handlebars\compiler\parser.js:336:30)
      at parseWithoutProcessing (D:\Proyectos\HR-Library\node_modules\handlebars  \dist\cjs\handlebars\compiler\base.js:46:33)
      at HandlebarsEnvironment.parse (D:\Proyectos\HR-Library\node_modules\handl  ebars\dist\cjs\handlebars\compiler\base.js:52:13)
      at compile (D:\Proyectos\HR-Library\node_modules\handlebars-loader\index.j  s:234:18)
      at module.exports (D:\Proyectos\HR-Library\node_modules\handlebars-loader\  index.js:461:5)
      at processResult (D:\Proyectos\HR-Library\node_modules\webpack\lib\NormalM  odule.js:764:19)
      at D:\Proyectos\HR-Library\node_modules\webpack\lib\NormalModule.js:866:5
      at D:\Proyectos\HR-Library\node_modules\loader-runner\lib\LoaderRunner.js:  499:11
      at runSyncOrAsyncCallback (D:\Proyectos\HR-Library\node_modules\loader-run  ner\lib\LoaderRunner.js:259:19)
      at innerCallback (D:\Proyectos\HR-Library\node_modules\loader-runner\lib\L  oaderRunner.js:175:13)
      at compile (D:\Proyectos\HR-Library\node_modules\handlebars-loader\index.j  s:238:14)
      at module.exports (D:\Proyectos\HR-Library\node_modules\handlebars-loader\  index.js:461:5)
      at LOADER_EXECUTION (D:\Proyectos\HR-Library\node_modules\loader-runner\li  b\LoaderRunner.js:195:14)
      at runSyncOrAsync (D:\Proyectos\HR-Library\node_modules\loader-runner\lib\  LoaderRunner.js:196:5)
      at iterateNormalLoaders (D:\Proyectos\HR-Library\node_modules\loader-runne  r\lib\LoaderRunner.js:258:2)
  Module build [1m[31mfailed[39m[22m[1m (from ./node_modules/handlebars-loader/index.js):
  [1m[31mError[39m[22m[1m: Parse [1m[31merror[39m[22m[1m on line 201:
  ...{{/layout-main}}{{/layout-main}}
  -------------------^
  Expecting 'EOF', got 'OPEN_ENDBLOCK'
      at Parser.parseError (D:\Proyectos\HR-Library\node_modules\handlebars\dist  \cjs\handlebars\compiler\parser.js:267:19)
      at Parser.parse (D:\Proyectos\HR-Library\node_modules\handlebars\dist\cjs\  handlebars\compiler\parser.js:336:30)
      at parseWithoutProcessing (D:\Proyectos\HR-Library\node_modules\handlebars  \dist\cjs\handlebars\compiler\base.js:46:33)
      at HandlebarsEnvironment.parse (D:\Proyectos\HR-Library\node_modules\handl  ebars\dist\cjs\handlebars\compiler\base.js:52:13)
      at compile (D:\Proyectos\HR-Library\node_modules\handlebars-loader\index.j  s:234:18)
      at module.exports (D:\Proyectos\HR-Library\node_modules\handlebars-loader\  index.js:461:5)
  ModuleBuildError: Module build [1m[31mfailed[39m[22m[1m (from ./node_modules/handlebars-loader/i  ndex.js):
  [1m[31mError[39m[22m[1m: Parse [1m[31merror[39m[22m[1m on line 201:
  ...{{/layout-main}}{{/layout-main}}
  -------------------^
  Expecting 'EOF', got 'OPEN_ENDBLOCK'
      at Parser.parseError (D:\Proyectos\HR-Library\node_modules\handlebars\dist  \cjs\handlebars\compiler\parser.js:267:19)
      at Parser.parse (D:\Proyectos\HR-Library\node_modules\handlebars\dist\cjs\  handlebars\compiler\parser.js:336:30)
      at parseWithoutProcessing (D:\Proyectos\HR-Library\node_modules\handlebars  \dist\cjs\handlebars\compiler\base.js:46:33)
      at HandlebarsEnvironment.parse (D:\Proyectos\HR-Library\node_modules\handl  ebars\dist\cjs\handlebars\compiler\base.js:52:13)
      at compile (D:\Proyectos\HR-Library\node_modules\handlebars-loader\index.j  s:234:18)
      at module.exports (D:\Proyectos\HR-Library\node_modules\handlebars-loader\  index.js:461:5)
      at processResult (D:\Proyectos\HR-Library\node_modules\webpack\lib\NormalM  odule.js:764:19)
      at D:\Proyectos\HR-Library\node_modules\webpack\lib\NormalModule.js:866:5
      at D:\Proyectos\HR-Library\node_modules\loader-runner\lib\LoaderRunner.js:  499:11
      at runSyncOrAsyncCallback (D:\Proyectos\HR-Library\node_modules\loader-run  ner\lib\LoaderRunner.js:259:19)
      at innerCallback (D:\Proyectos\HR-Library\node_modules\loader-runner\lib\L  oaderRunner.js:175:13)
      at compile (D:\Proyectos\HR-Library\node_modules\handlebars-loader\index.j  s:238:14)
      at module.exports (D:\Proyectos\HR-Library\node_modules\handlebars-loader\  index.js:461:5)
      at LOADER_EXECUTION (D:\Proyectos\HR-Library\node_modules\loader-runner\li  b\LoaderRunner.js:195:14)
      at runSyncOrAsync (D:\Proyectos\HR-Library\node_modules\loader-runner\lib\  LoaderRunner.js:196:5)
      at iterateNormalLoaders (D:\Proyectos\HR-Library\node_modules\loader-runne  r\lib\LoaderRunner.js:258:2)
  Module build [1m[31mfailed[39m[22m[1m (from ./node_modules/handlebars-loader/index.js):
  [1m[31mError[39m[22m[1m: Parse [1m[31merror[39m[22m[1m on line 97:
  ...{{/layout-main}}{{/layout-main}}
  -------------------^
  Expecting 'EOF', got 'OPEN_ENDBLOCK'
      at Parser.parseError (D:\Proyectos\HR-Library\node_modules\handlebars\dist  \cjs\handlebars\compiler\parser.js:267:19)
      at Parser.parse (D:\Proyectos\HR-Library\node_modules\handlebars\dist\cjs\  handlebars\compiler\parser.js:336:30)
      at parseWithoutProcessing (D:\Proyectos\HR-Library\node_modules\handlebars  \dist\cjs\handlebars\compiler\base.js:46:33)
      at HandlebarsEnvironment.parse (D:\Proyectos\HR-Library\node_modules\handl  ebars\dist\cjs\handlebars\compiler\base.js:52:13)
      at compile (D:\Proyectos\HR-Library\node_modules\handlebars-loader\index.j  s:234:18)
      at module.exports (D:\Proyectos\HR-Library\node_modules\handlebars-loader\  index.js:461:5)
  ModuleBuildError: Module build [1m[31mfailed[39m[22m[1m (from ./node_modules/handlebars-loader/i  ndex.js):
  [1m[31mError[39m[22m[1m: Parse [1m[31merror[39m[22m[1m on line 97:
  ...{{/layout-main}}{{/layout-main}}
  -------------------^
  Expecting 'EOF', got 'OPEN_ENDBLOCK'
      at Parser.parseError (D:\Proyectos\HR-Library\node_modules\handlebars\dist  \cjs\handlebars\compiler\parser.js:267:19)
      at Parser.parse (D:\Proyectos\HR-Library\node_modules\handlebars\dist\cjs\  handlebars\compiler\parser.js:336:30)
      at parseWithoutProcessing (D:\Proyectos\HR-Library\node_modules\handlebars  \dist\cjs\handlebars\compiler\base.js:46:33)
      at HandlebarsEnvironment.parse (D:\Proyectos\HR-Library\node_modules\handl  ebars\dist\cjs\handlebars\compiler\base.js:52:13)
      at compile (D:\Proyectos\HR-Library\node_modules\handlebars-loader\index.j  s:234:18)
      at module.exports (D:\Proyectos\HR-Library\node_modules\handlebars-loader\  index.js:461:5)
      at processResult (D:\Proyectos\HR-Library\node_modules\webpack\lib\NormalM  odule.js:764:19)
      at D:\Proyectos\HR-Library\node_modules\webpack\lib\NormalModule.js:866:5
      at D:\Proyectos\HR-Library\node_modules\loader-runner\lib\LoaderRunner.js:  499:11
      at runSyncOrAsyncCallback (D:\Proyectos\HR-Library\node_modules\loader-run  ner\lib\LoaderRunner.js:259:19)
      at innerCallback (D:\Proyectos\HR-Library\node_modules\loader-runner\lib\L  oaderRunner.js:175:13)
      at compile (D:\Proyectos\HR-Library\node_modules\handlebars-loader\index.j  s:238:14)
      at module.exports (D:\Proyectos\HR-Library\node_modules\handlebars-loader\  index.js:461:5)
      at LOADER_EXECUTION (D:\Proyectos\HR-Library\node_modules\loader-runner\li  b\LoaderRunner.js:195:14)
      at runSyncOrAsync (D:\Proyectos\HR-Library\node_modules\loader-runner\lib\  LoaderRunner.js:196:5)
      at iterateNormalLoaders (D:\Proyectos\HR-Library\node_modules\loader-runne  r\lib\LoaderRunner.js:258:2)
  Module build [1m[31mfailed[39m[22m[1m (from ./node_modules/handlebars-loader/index.js):
  [1m[31mError[39m[22m[1m: Parse [1m[31merror[39m[22m[1m on line 146:
  ...{{/layout-main}}{{/layout-main}}
  -------------------^
  Expecting 'EOF', got 'OPEN_ENDBLOCK'
      at Parser.parseError (D:\Proyectos\HR-Library\node_modules\handlebars\dist  \cjs\handlebars\compiler\parser.js:267:19)
      at Parser.parse (D:\Proyectos\HR-Library\node_modules\handlebars\dist\cjs\  handlebars\compiler\parser.js:336:30)
      at parseWithoutProcessing (D:\Proyectos\HR-Library\node_modules\handlebars  \dist\cjs\handlebars\compiler\base.js:46:33)
      at HandlebarsEnvironment.parse (D:\Proyectos\HR-Library\node_modules\handl  ebars\dist\cjs\handlebars\compiler\base.js:52:13)
      at compile (D:\Proyectos\HR-Library\node_modules\handlebars-loader\index.j  s:234:18)
      at module.exports (D:\Proyectos\HR-Library\node_modules\handlebars-loader\  index.js:461:5)
  ModuleBuildError: Module build [1m[31mfailed[39m[22m[1m (from ./node_modules/handlebars-loader/i  ndex.js):
  [1m[31mError[39m[22m[1m: Parse [1m[31merror[39m[22m[1m on line 146:
  ...{{/layout-main}}{{/layout-main}}
  -------------------^
  Expecting 'EOF', got 'OPEN_ENDBLOCK'
      at Parser.parseError (D:\Proyectos\HR-Library\node_modules\handlebars\dist  \cjs\handlebars\compiler\parser.js:267:19)
      at Parser.parse (D:\Proyectos\HR-Library\node_modules\handlebars\dist\cjs\  handlebars\compiler\parser.js:336:30)
      at parseWithoutProcessing (D:\Proyectos\HR-Library\node_modules\handlebars  \dist\cjs\handlebars\compiler\base.js:46:33)
      at HandlebarsEnvironment.parse (D:\Proyectos\HR-Library\node_modules\handl  ebars\dist\cjs\handlebars\compiler\base.js:52:13)
      at compile (D:\Proyectos\HR-Library\node_modules\handlebars-loader\index.j  s:234:18)
      at module.exports (D:\Proyectos\HR-Library\node_modules\handlebars-loader\  index.js:461:5)
      at processResult (D:\Proyectos\HR-Library\node_modules\webpack\lib\NormalM  odule.js:764:19)
      at D:\Proyectos\HR-Library\node_modules\webpack\lib\NormalModule.js:866:5
      at D:\Proyectos\HR-Library\node_modules\loader-runner\lib\LoaderRunner.js:  499:11
      at runSyncOrAsyncCallback (D:\Proyectos\HR-Library\node_modules\loader-run  ner\lib\LoaderRunner.js:259:19)
      at innerCallback (D:\Proyectos\HR-Library\node_modules\loader-runner\lib\L  oaderRunner.js:175:13)
      at compile (D:\Proyectos\HR-Library\node_modules\handlebars-loader\index.j  s:238:14)
      at module.exports (D:\Proyectos\HR-Library\node_modules\handlebars-loader\  index.js:461:5)
      at LOADER_EXECUTION (D:\Proyectos\HR-Library\node_modules\loader-runner\li  b\LoaderRunner.js:195:14)
      at runSyncOrAsync (D:\Proyectos\HR-Library\node_modules\loader-runner\lib\  LoaderRunner.js:196:5)
      at iterateNormalLoaders (D:\Proyectos\HR-Library\node_modules\loader-runne  r\lib\LoaderRunner.js:258:2)
  Module build [1m[31mfailed[39m[22m[1m (from ./node_modules/handlebars-loader/index.js):
  [1m[31mError[39m[22m[1m: Parse [1m[31merror[39m[22m[1m on line 183:
  ...{{/layout-main}}{{/layout-main}}
  -------------------^
  Expecting 'EOF', got 'OPEN_ENDBLOCK'
      at Parser.parseError (D:\Proyectos\HR-Library\node_modules\handlebars\dist  \cjs\handlebars\compiler\parser.js:267:19)
      at Parser.parse (D:\Proyectos\HR-Library\node_modules\handlebars\dist\cjs\  handlebars\compiler\parser.js:336:30)
      at parseWithoutProcessing (D:\Proyectos\HR-Library\node_modules\handlebars  \dist\cjs\handlebars\compiler\base.js:46:33)
      at HandlebarsEnvironment.parse (D:\Proyectos\HR-Library\node_modules\handl  ebars\dist\cjs\handlebars\compiler\base.js:52:13)
      at compile (D:\Proyectos\HR-Library\node_modules\handlebars-loader\index.j  s:234:18)
      at module.exports (D:\Proyectos\HR-Library\node_modules\handlebars-loader\  index.js:461:5)
  ModuleBuildError: Module build [1m[31mfailed[39m[22m[1m (from ./node_modules/handlebars-loader/i  ndex.js):
  [1m[31mError[39m[22m[1m: Parse [1m[31merror[39m[22m[1m on line 183:
  ...{{/layout-main}}{{/layout-main}}
  -------------------^
  Expecting 'EOF', got 'OPEN_ENDBLOCK'
      at Parser.parseError (D:\Proyectos\HR-Library\node_modules\handlebars\dist  \cjs\handlebars\compiler\parser.js:267:19)
      at Parser.parse (D:\Proyectos\HR-Library\node_modules\handlebars\dist\cjs\  handlebars\compiler\parser.js:336:30)
      at parseWithoutProcessing (D:\Proyectos\HR-Library\node_modules\handlebars  \dist\cjs\handlebars\compiler\base.js:46:33)
      at HandlebarsEnvironment.parse (D:\Proyectos\HR-Library\node_modules\handl  ebars\dist\cjs\handlebars\compiler\base.js:52:13)
      at compile (D:\Proyectos\HR-Library\node_modules\handlebars-loader\index.j  s:234:18)
      at module.exports (D:\Proyectos\HR-Library\node_modules\handlebars-loader\  index.js:461:5)
      at processResult (D:\Proyectos\HR-Library\node_modules\webpack\lib\NormalM  odule.js:764:19)
      at D:\Proyectos\HR-Library\node_modules\webpack\lib\NormalModule.js:866:5
      at D:\Proyectos\HR-Library\node_modules\loader-runner\lib\LoaderRunner.js:  499:11
      at runSyncOrAsyncCallback (D:\Proyectos\HR-Library\node_modules\loader-run  ner\lib\LoaderRunner.js:259:19)
      at innerCallback (D:\Proyectos\HR-Library\node_modules\loader-runner\lib\L  oaderRunner.js:175:13)
      at compile (D:\Proyectos\HR-Library\node_modules\handlebars-loader\index.j  s:238:14)
      at module.exports (D:\Proyectos\HR-Library\node_modules\handlebars-loader\  index.js:461:5)
      at LOADER_EXECUTION (D:\Proyectos\HR-Library\node_modules\loader-runner\li  b\LoaderRunner.js:195:14)
      at runSyncOrAsync (D:\Proyectos\HR-Library\node_modules\loader-runner\lib\  LoaderRunner.js:196:5)
      at iterateNormalLoaders (D:\Proyectos\HR-Library\node_modules\loader-runne  r\lib\LoaderRunner.js:258:2)
  Module build [1m[31mfailed[39m[22m[1m (from ./node_modules/handlebars-loader/index.js):
  [1m[31mError[39m[22m[1m: Parse [1m[31merror[39m[22m[1m on line 216:
  ...{{/layout-main}}{{/layout-main}}
  -------------------^
  Expecting 'EOF', got 'OPEN_ENDBLOCK'
      at Parser.parseError (D:\Proyectos\HR-Library\node_modules\handlebars\dist  \cjs\handlebars\compiler\parser.js:267:19)
      at Parser.parse (D:\Proyectos\HR-Library\node_modules\handlebars\dist\cjs\  handlebars\compiler\parser.js:336:30)
      at parseWithoutProcessing (D:\Proyectos\HR-Library\node_modules\handlebars  \dist\cjs\handlebars\compiler\base.js:46:33)
      at HandlebarsEnvironment.parse (D:\Proyectos\HR-Library\node_modules\handl  ebars\dist\cjs\handlebars\compiler\base.js:52:13)
      at compile (D:\Proyectos\HR-Library\node_modules\handlebars-loader\index.j  s:234:18)
      at module.exports (D:\Proyectos\HR-Library\node_modules\handlebars-loader\  index.js:461:5)
  ModuleBuildError: Module build [1m[31mfailed[39m[22m[1m (from ./node_modules/handlebars-loader/i  ndex.js):
  [1m[31mError[39m[22m[1m: Parse [1m[31merror[39m[22m[1m on line 216:
  ...{{/layout-main}}{{/layout-main}}
  -------------------^
  Expecting 'EOF', got 'OPEN_ENDBLOCK'
      at Parser.parseError (D:\Proyectos\HR-Library\node_modules\handlebars\dist  \cjs\handlebars\compiler\parser.js:267:19)
      at Parser.parse (D:\Proyectos\HR-Library\node_modules\handlebars\dist\cjs\  handlebars\compiler\parser.js:336:30)
      at parseWithoutProcessing (D:\Proyectos\HR-Library\node_modules\handlebars  \dist\cjs\handlebars\compiler\base.js:46:33)
      at HandlebarsEnvironment.parse (D:\Proyectos\HR-Library\node_modules\handl  ebars\dist\cjs\handlebars\compiler\base.js:52:13)
      at compile (D:\Proyectos\HR-Library\node_modules\handlebars-loader\index.j  s:234:18)
      at module.exports (D:\Proyectos\HR-Library\node_modules\handlebars-loader\  index.js:461:5)
      at processResult (D:\Proyectos\HR-Library\node_modules\webpack\lib\NormalM  odule.js:764:19)
      at D:\Proyectos\HR-Library\node_modules\webpack\lib\NormalModule.js:866:5
      at D:\Proyectos\HR-Library\node_modules\loader-runner\lib\LoaderRunner.js:  499:11
      at runSyncOrAsyncCallback (D:\Proyectos\HR-Library\node_modules\loader-run  ner\lib\LoaderRunner.js:259:19)
      at innerCallback (D:\Proyectos\HR-Library\node_modules\loader-runner\lib\L  oaderRunner.js:175:13)
      at compile (D:\Proyectos\HR-Library\node_modules\handlebars-loader\index.j  s:238:14)
      at module.exports (D:\Proyectos\HR-Library\node_modules\handlebars-loader\  index.js:461:5)
      at LOADER_EXECUTION (D:\Proyectos\HR-Library\node_modules\loader-runner\li  b\LoaderRunner.js:195:14)
      at runSyncOrAsync (D:\Proyectos\HR-Library\node_modules\loader-runner\lib\  LoaderRunner.js:196:5)
      at iterateNormalLoaders (D:\Proyectos\HR-Library\node_modules\loader-runne  r\lib\LoaderRunner.js:258:2)
  
  - parser.js:267 Parser.parseError
    [HR-Library]/[handlebars]/dist/cjs/handlebars/compiler/parser.js:267:19
  
  - parser.js:336 Parser.parse
    [HR-Library]/[handlebars]/dist/cjs/handlebars/compiler/parser.js:336:30
  
  - base.js:46 parseWithoutProcessing
    [HR-Library]/[handlebars]/dist/cjs/handlebars/compiler/base.js:46:33
  
  - base.js:52 HandlebarsEnvironment.parse
    [HR-Library]/[handlebars]/dist/cjs/handlebars/compiler/base.js:52:13
  
  - index.js:234 compile
    [HR-Library]/[handlebars-loader]/index.js:234:18
  
  - index.js:461 module.exports
    [HR-Library]/[handlebars-loader]/index.js:461:5
  
  - ModuleBuildError: Module build [1m[31mfailed[39m[22m[1m (from ./node_modules/handlebars-loader    /index.js):
  
  - [1m[31mError[39m[22m[1m: Parse [1m[31merror[39m[22m[1m on line 68:
  
  - ...{{/layout-main}}{{/layout-main}}
  
  - -------------------^
  
  - Expecting 'EOF', got 'OPEN_ENDBLOCK'
  
  - parser.js:267 Parser.parseError
    [HR-Library]/[handlebars]/dist/cjs/handlebars/compiler/parser.js:267:19
  
  - parser.js:336 Parser.parse
    [HR-Library]/[handlebars]/dist/cjs/handlebars/compiler/parser.js:336:30
  
  - base.js:46 parseWithoutProcessing
    [HR-Library]/[handlebars]/dist/cjs/handlebars/compiler/base.js:46:33
  
  - base.js:52 HandlebarsEnvironment.parse
    [HR-Library]/[handlebars]/dist/cjs/handlebars/compiler/base.js:52:13
  
  - index.js:234 compile
    [HR-Library]/[handlebars-loader]/index.js:234:18
  
  - index.js:461 module.exports
    [HR-Library]/[handlebars-loader]/index.js:461:5
  
  - NormalModule.js:764 processResult
    [HR-Library]/[webpack]/lib/NormalModule.js:764:19
  
  - NormalModule.js:866 
    [HR-Library]/[webpack]/lib/NormalModule.js:866:5
  
  - LoaderRunner.js:499 
    [HR-Library]/[loader-runner]/lib/LoaderRunner.js:499:11
  
  - LoaderRunner.js:259 runSyncOrAsyncCallback
    [HR-Library]/[loader-runner]/lib/LoaderRunner.js:259:19
  
  - LoaderRunner.js:175 innerCallback
    [HR-Library]/[loader-runner]/lib/LoaderRunner.js:175:13
  
  - index.js:238 compile
    [HR-Library]/[handlebars-loader]/index.js:238:14
  
  - index.js:461 module.exports
    [HR-Library]/[handlebars-loader]/index.js:461:5
  
  - LoaderRunner.js:195 LOADER_EXECUTION
    [HR-Library]/[loader-runner]/lib/LoaderRunner.js:195:14
  
  - LoaderRunner.js:196 runSyncOrAsync
    [HR-Library]/[loader-runner]/lib/LoaderRunner.js:196:5
  
  - LoaderRunner.js:258 iterateNormalLoaders
    [HR-Library]/[loader-runner]/lib/LoaderRunner.js:258:2
  
  - Module build [1m[31mfailed[39m[22m[1m (from ./node_modules/handlebars-loader/index.js):
  
  - [1m[31mError[39m[22m[1m: Parse [1m[31merror[39m[22m[1m on line 201:
  
  - ...{{/layout-main}}{{/layout-main}}
  
  - -------------------^
  
  - Expecting 'EOF', got 'OPEN_ENDBLOCK'
  
  - parser.js:267 Parser.parseError
    [HR-Library]/[handlebars]/dist/cjs/handlebars/compiler/parser.js:267:19
  
  - parser.js:336 Parser.parse
    [HR-Library]/[handlebars]/dist/cjs/handlebars/compiler/parser.js:336:30
  
  - base.js:46 parseWithoutProcessing
    [HR-Library]/[handlebars]/dist/cjs/handlebars/compiler/base.js:46:33
  
  - base.js:52 HandlebarsEnvironment.parse
    [HR-Library]/[handlebars]/dist/cjs/handlebars/compiler/base.js:52:13
  
  - index.js:234 compile
    [HR-Library]/[handlebars-loader]/index.js:234:18
  
  - index.js:461 module.exports
    [HR-Library]/[handlebars-loader]/index.js:461:5
  
  - ModuleBuildError: Module build [1m[31mfailed[39m[22m[1m (from ./node_modules/handlebars-loader    /index.js):
  
  - [1m[31mError[39m[22m[1m: Parse [1m[31merror[39m[22m[1m on line 201:
  
  - ...{{/layout-main}}{{/layout-main}}
  
  - -------------------^
  
  - Expecting 'EOF', got 'OPEN_ENDBLOCK'
  
  - parser.js:267 Parser.parseError
    [HR-Library]/[handlebars]/dist/cjs/handlebars/compiler/parser.js:267:19
  
  - parser.js:336 Parser.parse
    [HR-Library]/[handlebars]/dist/cjs/handlebars/compiler/parser.js:336:30
  
  - base.js:46 parseWithoutProcessing
    [HR-Library]/[handlebars]/dist/cjs/handlebars/compiler/base.js:46:33
  
  - base.js:52 HandlebarsEnvironment.parse
    [HR-Library]/[handlebars]/dist/cjs/handlebars/compiler/base.js:52:13
  
  - index.js:234 compile
    [HR-Library]/[handlebars-loader]/index.js:234:18
  
  - index.js:461 module.exports
    [HR-Library]/[handlebars-loader]/index.js:461:5
  
  - NormalModule.js:764 processResult
    [HR-Library]/[webpack]/lib/NormalModule.js:764:19
  
  - NormalModule.js:866 
    [HR-Library]/[webpack]/lib/NormalModule.js:866:5
  
[39m[22m

[1m[31mERROR[39m[22m in [1m  [1m[31mError[39m[22m[1m: Child compilation [1m[31mfailed[39m[22m[1m:
  Module build [1m[31mfailed[39m[22m[1m (from ./node_modules/handlebars-loader/index.js):
  [1m[31mError[39m[22m[1m: Parse [1m[31merror[39m[22m[1m on line 68:
  ...{{/layout-main}}{{/layout-main}}
  -------------------^
  Expecting 'EOF', got 'OPEN_ENDBLOCK'
      at Parser.parseError (D:\Proyectos\HR-Library\node_modules\handlebars\dist  \cjs\handlebars\compiler\parser.js:267:19)
      at Parser.parse (D:\Proyectos\HR-Library\node_modules\handlebars\dist\cjs\  handlebars\compiler\parser.js:336:30)
      at parseWithoutProcessing (D:\Proyectos\HR-Library\node_modules\handlebars  \dist\cjs\handlebars\compiler\base.js:46:33)
      at HandlebarsEnvironment.parse (D:\Proyectos\HR-Library\node_modules\handl  ebars\dist\cjs\handlebars\compiler\base.js:52:13)
      at compile (D:\Proyectos\HR-Library\node_modules\handlebars-loader\index.j  s:234:18)
      at module.exports (D:\Proyectos\HR-Library\node_modules\handlebars-loader\  index.js:461:5)
  ModuleBuildError: Module build [1m[31mfailed[39m[22m[1m (from ./node_modules/handlebars-loader/i  ndex.js):
  [1m[31mError[39m[22m[1m: Parse [1m[31merror[39m[22m[1m on line 68:
  ...{{/layout-main}}{{/layout-main}}
  -------------------^
  Expecting 'EOF', got 'OPEN_ENDBLOCK'
      at Parser.parseError (D:\Proyectos\HR-Library\node_modules\handlebars\dist  \cjs\handlebars\compiler\parser.js:267:19)
      at Parser.parse (D:\Proyectos\HR-Library\node_modules\handlebars\dist\cjs\  handlebars\compiler\parser.js:336:30)
      at parseWithoutProcessing (D:\Proyectos\HR-Library\node_modules\handlebars  \dist\cjs\handlebars\compiler\base.js:46:33)
      at HandlebarsEnvironment.parse (D:\Proyectos\HR-Library\node_modules\handl  ebars\dist\cjs\handlebars\compiler\base.js:52:13)
      at compile (D:\Proyectos\HR-Library\node_modules\handlebars-loader\index.j  s:234:18)
      at module.exports (D:\Proyectos\HR-Library\node_modules\handlebars-loader\  index.js:461:5)
      at processResult (D:\Proyectos\HR-Library\node_modules\webpack\lib\NormalM  odule.js:764:19)
      at D:\Proyectos\HR-Library\node_modules\webpack\lib\NormalModule.js:866:5
      at D:\Proyectos\HR-Library\node_modules\loader-runner\lib\LoaderRunner.js:  499:11
      at runSyncOrAsyncCallback (D:\Proyectos\HR-Library\node_modules\loader-run  ner\lib\LoaderRunner.js:259:19)
      at innerCallback (D:\Proyectos\HR-Library\node_modules\loader-runner\lib\L  oaderRunner.js:175:13)
      at compile (D:\Proyectos\HR-Library\node_modules\handlebars-loader\index.j  s:238:14)
      at module.exports (D:\Proyectos\HR-Library\node_modules\handlebars-loader\  index.js:461:5)
      at LOADER_EXECUTION (D:\Proyectos\HR-Library\node_modules\loader-runner\li  b\LoaderRunner.js:195:14)
      at runSyncOrAsync (D:\Proyectos\HR-Library\node_modules\loader-runner\lib\  LoaderRunner.js:196:5)
      at iterateNormalLoaders (D:\Proyectos\HR-Library\node_modules\loader-runne  r\lib\LoaderRunner.js:258:2)
  Module build [1m[31mfailed[39m[22m[1m (from ./node_modules/handlebars-loader/index.js):
  [1m[31mError[39m[22m[1m: Parse [1m[31merror[39m[22m[1m on line 201:
  ...{{/layout-main}}{{/layout-main}}
  -------------------^
  Expecting 'EOF', got 'OPEN_ENDBLOCK'
      at Parser.parseError (D:\Proyectos\HR-Library\node_modules\handlebars\dist  \cjs\handlebars\compiler\parser.js:267:19)
      at Parser.parse (D:\Proyectos\HR-Library\node_modules\handlebars\dist\cjs\  handlebars\compiler\parser.js:336:30)
      at parseWithoutProcessing (D:\Proyectos\HR-Library\node_modules\handlebars  \dist\cjs\handlebars\compiler\base.js:46:33)
      at HandlebarsEnvironment.parse (D:\Proyectos\HR-Library\node_modules\handl  ebars\dist\cjs\handlebars\compiler\base.js:52:13)
      at compile (D:\Proyectos\HR-Library\node_modules\handlebars-loader\index.j  s:234:18)
      at module.exports (D:\Proyectos\HR-Library\node_modules\handlebars-loader\  index.js:461:5)
  ModuleBuildError: Module build [1m[31mfailed[39m[22m[1m (from ./node_modules/handlebars-loader/i  ndex.js):
  [1m[31mError[39m[22m[1m: Parse [1m[31merror[39m[22m[1m on line 201:
  ...{{/layout-main}}{{/layout-main}}
  -------------------^
  Expecting 'EOF', got 'OPEN_ENDBLOCK'
      at Parser.parseError (D:\Proyectos\HR-Library\node_modules\handlebars\dist  \cjs\handlebars\compiler\parser.js:267:19)
      at Parser.parse (D:\Proyectos\HR-Library\node_modules\handlebars\dist\cjs\  handlebars\compiler\parser.js:336:30)
      at parseWithoutProcessing (D:\Proyectos\HR-Library\node_modules\handlebars  \dist\cjs\handlebars\compiler\base.js:46:33)
      at HandlebarsEnvironment.parse (D:\Proyectos\HR-Library\node_modules\handl  ebars\dist\cjs\handlebars\compiler\base.js:52:13)
      at compile (D:\Proyectos\HR-Library\node_modules\handlebars-loader\index.j  s:234:18)
      at module.exports (D:\Proyectos\HR-Library\node_modules\handlebars-loader\  index.js:461:5)
      at processResult (D:\Proyectos\HR-Library\node_modules\webpack\lib\NormalM  odule.js:764:19)
      at D:\Proyectos\HR-Library\node_modules\webpack\lib\NormalModule.js:866:5
      at D:\Proyectos\HR-Library\node_modules\loader-runner\lib\LoaderRunner.js:  499:11
      at runSyncOrAsyncCallback (D:\Proyectos\HR-Library\node_modules\loader-run  ner\lib\LoaderRunner.js:259:19)
      at innerCallback (D:\Proyectos\HR-Library\node_modules\loader-runner\lib\L  oaderRunner.js:175:13)
      at compile (D:\Proyectos\HR-Library\node_modules\handlebars-loader\index.j  s:238:14)
      at module.exports (D:\Proyectos\HR-Library\node_modules\handlebars-loader\  index.js:461:5)
      at LOADER_EXECUTION (D:\Proyectos\HR-Library\node_modules\loader-runner\li  b\LoaderRunner.js:195:14)
      at runSyncOrAsync (D:\Proyectos\HR-Library\node_modules\loader-runner\lib\  LoaderRunner.js:196:5)
      at iterateNormalLoaders (D:\Proyectos\HR-Library\node_modules\loader-runne  r\lib\LoaderRunner.js:258:2)
  Module build [1m[31mfailed[39m[22m[1m (from ./node_modules/handlebars-loader/index.js):
  [1m[31mError[39m[22m[1m: Parse [1m[31merror[39m[22m[1m on line 97:
  ...{{/layout-main}}{{/layout-main}}
  -------------------^
  Expecting 'EOF', got 'OPEN_ENDBLOCK'
      at Parser.parseError (D:\Proyectos\HR-Library\node_modules\handlebars\dist  \cjs\handlebars\compiler\parser.js:267:19)
      at Parser.parse (D:\Proyectos\HR-Library\node_modules\handlebars\dist\cjs\  handlebars\compiler\parser.js:336:30)
      at parseWithoutProcessing (D:\Proyectos\HR-Library\node_modules\handlebars  \dist\cjs\handlebars\compiler\base.js:46:33)
      at HandlebarsEnvironment.parse (D:\Proyectos\HR-Library\node_modules\handl  ebars\dist\cjs\handlebars\compiler\base.js:52:13)
      at compile (D:\Proyectos\HR-Library\node_modules\handlebars-loader\index.j  s:234:18)
      at module.exports (D:\Proyectos\HR-Library\node_modules\handlebars-loader\  index.js:461:5)
  ModuleBuildError: Module build [1m[31mfailed[39m[22m[1m (from ./node_modules/handlebars-loader/i  ndex.js):
  [1m[31mError[39m[22m[1m: Parse [1m[31merror[39m[22m[1m on line 97:
  ...{{/layout-main}}{{/layout-main}}
  -------------------^
  Expecting 'EOF', got 'OPEN_ENDBLOCK'
      at Parser.parseError (D:\Proyectos\HR-Library\node_modules\handlebars\dist  \cjs\handlebars\compiler\parser.js:267:19)
      at Parser.parse (D:\Proyectos\HR-Library\node_modules\handlebars\dist\cjs\  handlebars\compiler\parser.js:336:30)
      at parseWithoutProcessing (D:\Proyectos\HR-Library\node_modules\handlebars  \dist\cjs\handlebars\compiler\base.js:46:33)
      at HandlebarsEnvironment.parse (D:\Proyectos\HR-Library\node_modules\handl  ebars\dist\cjs\handlebars\compiler\base.js:52:13)
      at compile (D:\Proyectos\HR-Library\node_modules\handlebars-loader\index.j  s:234:18)
      at module.exports (D:\Proyectos\HR-Library\node_modules\handlebars-loader\  index.js:461:5)
      at processResult (D:\Proyectos\HR-Library\node_modules\webpack\lib\NormalM  odule.js:764:19)
      at D:\Proyectos\HR-Library\node_modules\webpack\lib\NormalModule.js:866:5
      at D:\Proyectos\HR-Library\node_modules\loader-runner\lib\LoaderRunner.js:  499:11
      at runSyncOrAsyncCallback (D:\Proyectos\HR-Library\node_modules\loader-run  ner\lib\LoaderRunner.js:259:19)
      at innerCallback (D:\Proyectos\HR-Library\node_modules\loader-runner\lib\L  oaderRunner.js:175:13)
      at compile (D:\Proyectos\HR-Library\node_modules\handlebars-loader\index.j  s:238:14)
      at module.exports (D:\Proyectos\HR-Library\node_modules\handlebars-loader\  index.js:461:5)
      at LOADER_EXECUTION (D:\Proyectos\HR-Library\node_modules\loader-runner\li  b\LoaderRunner.js:195:14)
      at runSyncOrAsync (D:\Proyectos\HR-Library\node_modules\loader-runner\lib\  LoaderRunner.js:196:5)
      at iterateNormalLoaders (D:\Proyectos\HR-Library\node_modules\loader-runne  r\lib\LoaderRunner.js:258:2)
  Module build [1m[31mfailed[39m[22m[1m (from ./node_modules/handlebars-loader/index.js):
  [1m[31mError[39m[22m[1m: Parse [1m[31merror[39m[22m[1m on line 146:
  ...{{/layout-main}}{{/layout-main}}
  -------------------^
  Expecting 'EOF', got 'OPEN_ENDBLOCK'
      at Parser.parseError (D:\Proyectos\HR-Library\node_modules\handlebars\dist  \cjs\handlebars\compiler\parser.js:267:19)
      at Parser.parse (D:\Proyectos\HR-Library\node_modules\handlebars\dist\cjs\  handlebars\compiler\parser.js:336:30)
      at parseWithoutProcessing (D:\Proyectos\HR-Library\node_modules\handlebars  \dist\cjs\handlebars\compiler\base.js:46:33)
      at HandlebarsEnvironment.parse (D:\Proyectos\HR-Library\node_modules\handl  ebars\dist\cjs\handlebars\compiler\base.js:52:13)
      at compile (D:\Proyectos\HR-Library\node_modules\handlebars-loader\index.j  s:234:18)
      at module.exports (D:\Proyectos\HR-Library\node_modules\handlebars-loader\  index.js:461:5)
  ModuleBuildError: Module build [1m[31mfailed[39m[22m[1m (from ./node_modules/handlebars-loader/i  ndex.js):
  [1m[31mError[39m[22m[1m: Parse [1m[31merror[39m[22m[1m on line 146:
  ...{{/layout-main}}{{/layout-main}}
  -------------------^
  Expecting 'EOF', got 'OPEN_ENDBLOCK'
      at Parser.parseError (D:\Proyectos\HR-Library\node_modules\handlebars\dist  \cjs\handlebars\compiler\parser.js:267:19)
      at Parser.parse (D:\Proyectos\HR-Library\node_modules\handlebars\dist\cjs\  handlebars\compiler\parser.js:336:30)
      at parseWithoutProcessing (D:\Proyectos\HR-Library\node_modules\handlebars  \dist\cjs\handlebars\compiler\base.js:46:33)
      at HandlebarsEnvironment.parse (D:\Proyectos\HR-Library\node_modules\handl  ebars\dist\cjs\handlebars\compiler\base.js:52:13)
      at compile (D:\Proyectos\HR-Library\node_modules\handlebars-loader\index.j  s:234:18)
      at module.exports (D:\Proyectos\HR-Library\node_modules\handlebars-loader\  index.js:461:5)
      at processResult (D:\Proyectos\HR-Library\node_modules\webpack\lib\NormalM  odule.js:764:19)
      at D:\Proyectos\HR-Library\node_modules\webpack\lib\NormalModule.js:866:5
      at D:\Proyectos\HR-Library\node_modules\loader-runner\lib\LoaderRunner.js:  499:11
      at runSyncOrAsyncCallback (D:\Proyectos\HR-Library\node_modules\loader-run  ner\lib\LoaderRunner.js:259:19)
      at innerCallback (D:\Proyectos\HR-Library\node_modules\loader-runner\lib\L  oaderRunner.js:175:13)
      at compile (D:\Proyectos\HR-Library\node_modules\handlebars-loader\index.j  s:238:14)
      at module.exports (D:\Proyectos\HR-Library\node_modules\handlebars-loader\  index.js:461:5)
      at LOADER_EXECUTION (D:\Proyectos\HR-Library\node_modules\loader-runner\li  b\LoaderRunner.js:195:14)
      at runSyncOrAsync (D:\Proyectos\HR-Library\node_modules\loader-runner\lib\  LoaderRunner.js:196:5)
      at iterateNormalLoaders (D:\Proyectos\HR-Library\node_modules\loader-runne  r\lib\LoaderRunner.js:258:2)
  Module build [1m[31mfailed[39m[22m[1m (from ./node_modules/handlebars-loader/index.js):
  [1m[31mError[39m[22m[1m: Parse [1m[31merror[39m[22m[1m on line 183:
  ...{{/layout-main}}{{/layout-main}}
  -------------------^
  Expecting 'EOF', got 'OPEN_ENDBLOCK'
      at Parser.parseError (D:\Proyectos\HR-Library\node_modules\handlebars\dist  \cjs\handlebars\compiler\parser.js:267:19)
      at Parser.parse (D:\Proyectos\HR-Library\node_modules\handlebars\dist\cjs\  handlebars\compiler\parser.js:336:30)
      at parseWithoutProcessing (D:\Proyectos\HR-Library\node_modules\handlebars  \dist\cjs\handlebars\compiler\base.js:46:33)
      at HandlebarsEnvironment.parse (D:\Proyectos\HR-Library\node_modules\handl  ebars\dist\cjs\handlebars\compiler\base.js:52:13)
      at compile (D:\Proyectos\HR-Library\node_modules\handlebars-loader\index.j  s:234:18)
      at module.exports (D:\Proyectos\HR-Library\node_modules\handlebars-loader\  index.js:461:5)
  ModuleBuildError: Module build [1m[31mfailed[39m[22m[1m (from ./node_modules/handlebars-loader/i  ndex.js):
  [1m[31mError[39m[22m[1m: Parse [1m[31merror[39m[22m[1m on line 183:
  ...{{/layout-main}}{{/layout-main}}
  -------------------^
  Expecting 'EOF', got 'OPEN_ENDBLOCK'
      at Parser.parseError (D:\Proyectos\HR-Library\node_modules\handlebars\dist  \cjs\handlebars\compiler\parser.js:267:19)
      at Parser.parse (D:\Proyectos\HR-Library\node_modules\handlebars\dist\cjs\  handlebars\compiler\parser.js:336:30)
      at parseWithoutProcessing (D:\Proyectos\HR-Library\node_modules\handlebars  \dist\cjs\handlebars\compiler\base.js:46:33)
      at HandlebarsEnvironment.parse (D:\Proyectos\HR-Library\node_modules\handl  ebars\dist\cjs\handlebars\compiler\base.js:52:13)
      at compile (D:\Proyectos\HR-Library\node_modules\handlebars-loader\index.j  s:234:18)
      at module.exports (D:\Proyectos\HR-Library\node_modules\handlebars-loader\  index.js:461:5)
      at processResult (D:\Proyectos\HR-Library\node_modules\webpack\lib\NormalM  odule.js:764:19)
      at D:\Proyectos\HR-Library\node_modules\webpack\lib\NormalModule.js:866:5
      at D:\Proyectos\HR-Library\node_modules\loader-runner\lib\LoaderRunner.js:  499:11
      at runSyncOrAsyncCallback (D:\Proyectos\HR-Library\node_modules\loader-run  ner\lib\LoaderRunner.js:259:19)
      at innerCallback (D:\Proyectos\HR-Library\node_modules\loader-runner\lib\L  oaderRunner.js:175:13)
      at compile (D:\Proyectos\HR-Library\node_modules\handlebars-loader\index.j  s:238:14)
      at module.exports (D:\Proyectos\HR-Library\node_modules\handlebars-loader\  index.js:461:5)
      at LOADER_EXECUTION (D:\Proyectos\HR-Library\node_modules\loader-runner\li  b\LoaderRunner.js:195:14)
      at runSyncOrAsync (D:\Proyectos\HR-Library\node_modules\loader-runner\lib\  LoaderRunner.js:196:5)
      at iterateNormalLoaders (D:\Proyectos\HR-Library\node_modules\loader-runne  r\lib\LoaderRunner.js:258:2)
  Module build [1m[31mfailed[39m[22m[1m (from ./node_modules/handlebars-loader/index.js):
  [1m[31mError[39m[22m[1m: Parse [1m[31merror[39m[22m[1m on line 216:
  ...{{/layout-main}}{{/layout-main}}
  -------------------^
  Expecting 'EOF', got 'OPEN_ENDBLOCK'
      at Parser.parseError (D:\Proyectos\HR-Library\node_modules\handlebars\dist  \cjs\handlebars\compiler\parser.js:267:19)
      at Parser.parse (D:\Proyectos\HR-Library\node_modules\handlebars\dist\cjs\  handlebars\compiler\parser.js:336:30)
      at parseWithoutProcessing (D:\Proyectos\HR-Library\node_modules\handlebars  \dist\cjs\handlebars\compiler\base.js:46:33)
      at HandlebarsEnvironment.parse (D:\Proyectos\HR-Library\node_modules\handl  ebars\dist\cjs\handlebars\compiler\base.js:52:13)
      at compile (D:\Proyectos\HR-Library\node_modules\handlebars-loader\index.j  s:234:18)
      at module.exports (D:\Proyectos\HR-Library\node_modules\handlebars-loader\  index.js:461:5)
  ModuleBuildError: Module build [1m[31mfailed[39m[22m[1m (from ./node_modules/handlebars-loader/i  ndex.js):
  [1m[31mError[39m[22m[1m: Parse [1m[31merror[39m[22m[1m on line 216:
  ...{{/layout-main}}{{/layout-main}}
  -------------------^
  Expecting 'EOF', got 'OPEN_ENDBLOCK'
      at Parser.parseError (D:\Proyectos\HR-Library\node_modules\handlebars\dist  \cjs\handlebars\compiler\parser.js:267:19)
      at Parser.parse (D:\Proyectos\HR-Library\node_modules\handlebars\dist\cjs\  handlebars\compiler\parser.js:336:30)
      at parseWithoutProcessing (D:\Proyectos\HR-Library\node_modules\handlebars  \dist\cjs\handlebars\compiler\base.js:46:33)
      at HandlebarsEnvironment.parse (D:\Proyectos\HR-Library\node_modules\handl  ebars\dist\cjs\handlebars\compiler\base.js:52:13)
      at compile (D:\Proyectos\HR-Library\node_modules\handlebars-loader\index.j  s:234:18)
      at module.exports (D:\Proyectos\HR-Library\node_modules\handlebars-loader\  index.js:461:5)
      at processResult (D:\Proyectos\HR-Library\node_modules\webpack\lib\NormalM  odule.js:764:19)
      at D:\Proyectos\HR-Library\node_modules\webpack\lib\NormalModule.js:866:5
      at D:\Proyectos\HR-Library\node_modules\loader-runner\lib\LoaderRunner.js:  499:11
      at runSyncOrAsyncCallback (D:\Proyectos\HR-Library\node_modules\loader-run  ner\lib\LoaderRunner.js:259:19)
      at innerCallback (D:\Proyectos\HR-Library\node_modules\loader-runner\lib\L  oaderRunner.js:175:13)
      at compile (D:\Proyectos\HR-Library\node_modules\handlebars-loader\index.j  s:238:14)
      at module.exports (D:\Proyectos\HR-Library\node_modules\handlebars-loader\  index.js:461:5)
      at LOADER_EXECUTION (D:\Proyectos\HR-Library\node_modules\loader-runner\li  b\LoaderRunner.js:195:14)
      at runSyncOrAsync (D:\Proyectos\HR-Library\node_modules\loader-runner\lib\  LoaderRunner.js:196:5)
      at iterateNormalLoaders (D:\Proyectos\HR-Library\node_modules\loader-runne  r\lib\LoaderRunner.js:258:2)
  
  - parser.js:267 Parser.parseError
    [HR-Library]/[handlebars]/dist/cjs/handlebars/compiler/parser.js:267:19
  
  - parser.js:336 Parser.parse
    [HR-Library]/[handlebars]/dist/cjs/handlebars/compiler/parser.js:336:30
  
  - base.js:46 parseWithoutProcessing
    [HR-Library]/[handlebars]/dist/cjs/handlebars/compiler/base.js:46:33
  
  - base.js:52 HandlebarsEnvironment.parse
    [HR-Library]/[handlebars]/dist/cjs/handlebars/compiler/base.js:52:13
  
  - index.js:234 compile
    [HR-Library]/[handlebars-loader]/index.js:234:18
  
  - index.js:461 module.exports
    [HR-Library]/[handlebars-loader]/index.js:461:5
  
  - ModuleBuildError: Module build [1m[31mfailed[39m[22m[1m (from ./node_modules/handlebars-loader    /index.js):
  
  - [1m[31mError[39m[22m[1m: Parse [1m[31merror[39m[22m[1m on line 68:
  
  - ...{{/layout-main}}{{/layout-main}}
  
  - -------------------^
  
  - Expecting 'EOF', got 'OPEN_ENDBLOCK'
  
  - parser.js:267 Parser.parseError
    [HR-Library]/[handlebars]/dist/cjs/handlebars/compiler/parser.js:267:19
  
  - parser.js:336 Parser.parse
    [HR-Library]/[handlebars]/dist/cjs/handlebars/compiler/parser.js:336:30
  
  - base.js:46 parseWithoutProcessing
    [HR-Library]/[handlebars]/dist/cjs/handlebars/compiler/base.js:46:33
  
  - base.js:52 HandlebarsEnvironment.parse
    [HR-Library]/[handlebars]/dist/cjs/handlebars/compiler/base.js:52:13
  
  - index.js:234 compile
    [HR-Library]/[handlebars-loader]/index.js:234:18
  
  - index.js:461 module.exports
    [HR-Library]/[handlebars-loader]/index.js:461:5
  
  - NormalModule.js:764 processResult
    [HR-Library]/[webpack]/lib/NormalModule.js:764:19
  
  - NormalModule.js:866 
    [HR-Library]/[webpack]/lib/NormalModule.js:866:5
  
  - LoaderRunner.js:499 
    [HR-Library]/[loader-runner]/lib/LoaderRunner.js:499:11
  
  - LoaderRunner.js:259 runSyncOrAsyncCallback
    [HR-Library]/[loader-runner]/lib/LoaderRunner.js:259:19
  
  - LoaderRunner.js:175 innerCallback
    [HR-Library]/[loader-runner]/lib/LoaderRunner.js:175:13
  
  - index.js:238 compile
    [HR-Library]/[handlebars-loader]/index.js:238:14
  
  - index.js:461 module.exports
    [HR-Library]/[handlebars-loader]/index.js:461:5
  
  - LoaderRunner.js:195 LOADER_EXECUTION
    [HR-Library]/[loader-runner]/lib/LoaderRunner.js:195:14
  
  - LoaderRunner.js:196 runSyncOrAsync
    [HR-Library]/[loader-runner]/lib/LoaderRunner.js:196:5
  
  - LoaderRunner.js:258 iterateNormalLoaders
    [HR-Library]/[loader-runner]/lib/LoaderRunner.js:258:2
  
  - Module build [1m[31mfailed[39m[22m[1m (from ./node_modules/handlebars-loader/index.js):
  
  - [1m[31mError[39m[22m[1m: Parse [1m[31merror[39m[22m[1m on line 201:
  
  - ...{{/layout-main}}{{/layout-main}}
  
  - -------------------^
  
  - Expecting 'EOF', got 'OPEN_ENDBLOCK'
  
  - parser.js:267 Parser.parseError
    [HR-Library]/[handlebars]/dist/cjs/handlebars/compiler/parser.js:267:19
  
  - parser.js:336 Parser.parse
    [HR-Library]/[handlebars]/dist/cjs/handlebars/compiler/parser.js:336:30
  
  - base.js:46 parseWithoutProcessing
    [HR-Library]/[handlebars]/dist/cjs/handlebars/compiler/base.js:46:33
  
  - base.js:52 HandlebarsEnvironment.parse
    [HR-Library]/[handlebars]/dist/cjs/handlebars/compiler/base.js:52:13
  
  - index.js:234 compile
    [HR-Library]/[handlebars-loader]/index.js:234:18
  
  - index.js:461 module.exports
    [HR-Library]/[handlebars-loader]/index.js:461:5
  
  - ModuleBuildError: Module build [1m[31mfailed[39m[22m[1m (from ./node_modules/handlebars-loader    /index.js):
  
  - [1m[31mError[39m[22m[1m: Parse [1m[31merror[39m[22m[1m on line 201:
  
  - ...{{/layout-main}}{{/layout-main}}
  
  - -------------------^
  
  - Expecting 'EOF', got 'OPEN_ENDBLOCK'
  
  - parser.js:267 Parser.parseError
    [HR-Library]/[handlebars]/dist/cjs/handlebars/compiler/parser.js:267:19
  
  - parser.js:336 Parser.parse
    [HR-Library]/[handlebars]/dist/cjs/handlebars/compiler/parser.js:336:30
  
  - base.js:46 parseWithoutProcessing
    [HR-Library]/[handlebars]/dist/cjs/handlebars/compiler/base.js:46:33
  
  - base.js:52 HandlebarsEnvironment.parse
    [HR-Library]/[handlebars]/dist/cjs/handlebars/compiler/base.js:52:13
  
  - index.js:234 compile
    [HR-Library]/[handlebars-loader]/index.js:234:18
  
  - index.js:461 module.exports
    [HR-Library]/[handlebars-loader]/index.js:461:5
  
  - NormalModule.js:764 processResult
    [HR-Library]/[webpack]/lib/NormalModule.js:764:19
  
  - NormalModule.js:866 
    [HR-Library]/[webpack]/lib/NormalModule.js:866:5
  
[39m[22m

[1m[31mERROR[39m[22m in [1m  [1m[31mError[39m[22m[1m: Child compilation [1m[31mfailed[39m[22m[1m:
  Module build [1m[31mfailed[39m[22m[1m (from ./node_modules/handlebars-loader/index.js):
  [1m[31mError[39m[22m[1m: Parse [1m[31merror[39m[22m[1m on line 68:
  ...{{/layout-main}}{{/layout-main}}
  -------------------^
  Expecting 'EOF', got 'OPEN_ENDBLOCK'
      at Parser.parseError (D:\Proyectos\HR-Library\node_modules\handlebars\dist  \cjs\handlebars\compiler\parser.js:267:19)
      at Parser.parse (D:\Proyectos\HR-Library\node_modules\handlebars\dist\cjs\  handlebars\compiler\parser.js:336:30)
      at parseWithoutProcessing (D:\Proyectos\HR-Library\node_modules\handlebars  \dist\cjs\handlebars\compiler\base.js:46:33)
      at HandlebarsEnvironment.parse (D:\Proyectos\HR-Library\node_modules\handl  ebars\dist\cjs\handlebars\compiler\base.js:52:13)
      at compile (D:\Proyectos\HR-Library\node_modules\handlebars-loader\index.j  s:234:18)
      at module.exports (D:\Proyectos\HR-Library\node_modules\handlebars-loader\  index.js:461:5)
  ModuleBuildError: Module build [1m[31mfailed[39m[22m[1m (from ./node_modules/handlebars-loader/i  ndex.js):
  [1m[31mError[39m[22m[1m: Parse [1m[31merror[39m[22m[1m on line 68:
  ...{{/layout-main}}{{/layout-main}}
  -------------------^
  Expecting 'EOF', got 'OPEN_ENDBLOCK'
      at Parser.parseError (D:\Proyectos\HR-Library\node_modules\handlebars\dist  \cjs\handlebars\compiler\parser.js:267:19)
      at Parser.parse (D:\Proyectos\HR-Library\node_modules\handlebars\dist\cjs\  handlebars\compiler\parser.js:336:30)
      at parseWithoutProcessing (D:\Proyectos\HR-Library\node_modules\handlebars  \dist\cjs\handlebars\compiler\base.js:46:33)
      at HandlebarsEnvironment.parse (D:\Proyectos\HR-Library\node_modules\handl  ebars\dist\cjs\handlebars\compiler\base.js:52:13)
      at compile (D:\Proyectos\HR-Library\node_modules\handlebars-loader\index.j  s:234:18)
      at module.exports (D:\Proyectos\HR-Library\node_modules\handlebars-loader\  index.js:461:5)
      at processResult (D:\Proyectos\HR-Library\node_modules\webpack\lib\NormalM  odule.js:764:19)
      at D:\Proyectos\HR-Library\node_modules\webpack\lib\NormalModule.js:866:5
      at D:\Proyectos\HR-Library\node_modules\loader-runner\lib\LoaderRunner.js:  499:11
      at runSyncOrAsyncCallback (D:\Proyectos\HR-Library\node_modules\loader-run  ner\lib\LoaderRunner.js:259:19)
      at innerCallback (D:\Proyectos\HR-Library\node_modules\loader-runner\lib\L  oaderRunner.js:175:13)
      at compile (D:\Proyectos\HR-Library\node_modules\handlebars-loader\index.j  s:238:14)
      at module.exports (D:\Proyectos\HR-Library\node_modules\handlebars-loader\  index.js:461:5)
      at LOADER_EXECUTION (D:\Proyectos\HR-Library\node_modules\loader-runner\li  b\LoaderRunner.js:195:14)
      at runSyncOrAsync (D:\Proyectos\HR-Library\node_modules\loader-runner\lib\  LoaderRunner.js:196:5)
      at iterateNormalLoaders (D:\Proyectos\HR-Library\node_modules\loader-runne  r\lib\LoaderRunner.js:258:2)
  Module build [1m[31mfailed[39m[22m[1m (from ./node_modules/handlebars-loader/index.js):
  [1m[31mError[39m[22m[1m: Parse [1m[31merror[39m[22m[1m on line 201:
  ...{{/layout-main}}{{/layout-main}}
  -------------------^
  Expecting 'EOF', got 'OPEN_ENDBLOCK'
      at Parser.parseError (D:\Proyectos\HR-Library\node_modules\handlebars\dist  \cjs\handlebars\compiler\parser.js:267:19)
      at Parser.parse (D:\Proyectos\HR-Library\node_modules\handlebars\dist\cjs\  handlebars\compiler\parser.js:336:30)
      at parseWithoutProcessing (D:\Proyectos\HR-Library\node_modules\handlebars  \dist\cjs\handlebars\compiler\base.js:46:33)
      at HandlebarsEnvironment.parse (D:\Proyectos\HR-Library\node_modules\handl  ebars\dist\cjs\handlebars\compiler\base.js:52:13)
      at compile (D:\Proyectos\HR-Library\node_modules\handlebars-loader\index.j  s:234:18)
      at module.exports (D:\Proyectos\HR-Library\node_modules\handlebars-loader\  index.js:461:5)
  ModuleBuildError: Module build [1m[31mfailed[39m[22m[1m (from ./node_modules/handlebars-loader/i  ndex.js):
  [1m[31mError[39m[22m[1m: Parse [1m[31merror[39m[22m[1m on line 201:
  ...{{/layout-main}}{{/layout-main}}
  -------------------^
  Expecting 'EOF', got 'OPEN_ENDBLOCK'
      at Parser.parseError (D:\Proyectos\HR-Library\node_modules\handlebars\dist  \cjs\handlebars\compiler\parser.js:267:19)
      at Parser.parse (D:\Proyectos\HR-Library\node_modules\handlebars\dist\cjs\  handlebars\compiler\parser.js:336:30)
      at parseWithoutProcessing (D:\Proyectos\HR-Library\node_modules\handlebars  \dist\cjs\handlebars\compiler\base.js:46:33)
      at HandlebarsEnvironment.parse (D:\Proyectos\HR-Library\node_modules\handl  ebars\dist\cjs\handlebars\compiler\base.js:52:13)
      at compile (D:\Proyectos\HR-Library\node_modules\handlebars-loader\index.j  s:234:18)
      at module.exports (D:\Proyectos\HR-Library\node_modules\handlebars-loader\  index.js:461:5)
      at processResult (D:\Proyectos\HR-Library\node_modules\webpack\lib\NormalM  odule.js:764:19)
      at D:\Proyectos\HR-Library\node_modules\webpack\lib\NormalModule.js:866:5
      at D:\Proyectos\HR-Library\node_modules\loader-runner\lib\LoaderRunner.js:  499:11
      at runSyncOrAsyncCallback (D:\Proyectos\HR-Library\node_modules\loader-run  ner\lib\LoaderRunner.js:259:19)
      at innerCallback (D:\Proyectos\HR-Library\node_modules\loader-runner\lib\L  oaderRunner.js:175:13)
      at compile (D:\Proyectos\HR-Library\node_modules\handlebars-loader\index.j  s:238:14)
      at module.exports (D:\Proyectos\HR-Library\node_modules\handlebars-loader\  index.js:461:5)
      at LOADER_EXECUTION (D:\Proyectos\HR-Library\node_modules\loader-runner\li  b\LoaderRunner.js:195:14)
      at runSyncOrAsync (D:\Proyectos\HR-Library\node_modules\loader-runner\lib\  LoaderRunner.js:196:5)
      at iterateNormalLoaders (D:\Proyectos\HR-Library\node_modules\loader-runne  r\lib\LoaderRunner.js:258:2)
  Module build [1m[31mfailed[39m[22m[1m (from ./node_modules/handlebars-loader/index.js):
  [1m[31mError[39m[22m[1m: Parse [1m[31merror[39m[22m[1m on line 97:
  ...{{/layout-main}}{{/layout-main}}
  -------------------^
  Expecting 'EOF', got 'OPEN_ENDBLOCK'
      at Parser.parseError (D:\Proyectos\HR-Library\node_modules\handlebars\dist  \cjs\handlebars\compiler\parser.js:267:19)
      at Parser.parse (D:\Proyectos\HR-Library\node_modules\handlebars\dist\cjs\  handlebars\compiler\parser.js:336:30)
      at parseWithoutProcessing (D:\Proyectos\HR-Library\node_modules\handlebars  \dist\cjs\handlebars\compiler\base.js:46:33)
      at HandlebarsEnvironment.parse (D:\Proyectos\HR-Library\node_modules\handl  ebars\dist\cjs\handlebars\compiler\base.js:52:13)
      at compile (D:\Proyectos\HR-Library\node_modules\handlebars-loader\index.j  s:234:18)
      at module.exports (D:\Proyectos\HR-Library\node_modules\handlebars-loader\  index.js:461:5)
  ModuleBuildError: Module build [1m[31mfailed[39m[22m[1m (from ./node_modules/handlebars-loader/i  ndex.js):
  [1m[31mError[39m[22m[1m: Parse [1m[31merror[39m[22m[1m on line 97:
  ...{{/layout-main}}{{/layout-main}}
  -------------------^
  Expecting 'EOF', got 'OPEN_ENDBLOCK'
      at Parser.parseError (D:\Proyectos\HR-Library\node_modules\handlebars\dist  \cjs\handlebars\compiler\parser.js:267:19)
      at Parser.parse (D:\Proyectos\HR-Library\node_modules\handlebars\dist\cjs\  handlebars\compiler\parser.js:336:30)
      at parseWithoutProcessing (D:\Proyectos\HR-Library\node_modules\handlebars  \dist\cjs\handlebars\compiler\base.js:46:33)
      at HandlebarsEnvironment.parse (D:\Proyectos\HR-Library\node_modules\handl  ebars\dist\cjs\handlebars\compiler\base.js:52:13)
      at compile (D:\Proyectos\HR-Library\node_modules\handlebars-loader\index.j  s:234:18)
      at module.exports (D:\Proyectos\HR-Library\node_modules\handlebars-loader\  index.js:461:5)
      at processResult (D:\Proyectos\HR-Library\node_modules\webpack\lib\NormalM  odule.js:764:19)
      at D:\Proyectos\HR-Library\node_modules\webpack\lib\NormalModule.js:866:5
      at D:\Proyectos\HR-Library\node_modules\loader-runner\lib\LoaderRunner.js:  499:11
      at runSyncOrAsyncCallback (D:\Proyectos\HR-Library\node_modules\loader-run  ner\lib\LoaderRunner.js:259:19)
      at innerCallback (D:\Proyectos\HR-Library\node_modules\loader-runner\lib\L  oaderRunner.js:175:13)
      at compile (D:\Proyectos\HR-Library\node_modules\handlebars-loader\index.j  s:238:14)
      at module.exports (D:\Proyectos\HR-Library\node_modules\handlebars-loader\  index.js:461:5)
      at LOADER_EXECUTION (D:\Proyectos\HR-Library\node_modules\loader-runner\li  b\LoaderRunner.js:195:14)
      at runSyncOrAsync (D:\Proyectos\HR-Library\node_modules\loader-runner\lib\  LoaderRunner.js:196:5)
      at iterateNormalLoaders (D:\Proyectos\HR-Library\node_modules\loader-runne  r\lib\LoaderRunner.js:258:2)
  Module build [1m[31mfailed[39m[22m[1m (from ./node_modules/handlebars-loader/index.js):
  [1m[31mError[39m[22m[1m: Parse [1m[31merror[39m[22m[1m on line 146:
  ...{{/layout-main}}{{/layout-main}}
  -------------------^
  Expecting 'EOF', got 'OPEN_ENDBLOCK'
      at Parser.parseError (D:\Proyectos\HR-Library\node_modules\handlebars\dist  \cjs\handlebars\compiler\parser.js:267:19)
      at Parser.parse (D:\Proyectos\HR-Library\node_modules\handlebars\dist\cjs\  handlebars\compiler\parser.js:336:30)
      at parseWithoutProcessing (D:\Proyectos\HR-Library\node_modules\handlebars  \dist\cjs\handlebars\compiler\base.js:46:33)
      at HandlebarsEnvironment.parse (D:\Proyectos\HR-Library\node_modules\handl  ebars\dist\cjs\handlebars\compiler\base.js:52:13)
      at compile (D:\Proyectos\HR-Library\node_modules\handlebars-loader\index.j  s:234:18)
      at module.exports (D:\Proyectos\HR-Library\node_modules\handlebars-loader\  index.js:461:5)
  ModuleBuildError: Module build [1m[31mfailed[39m[22m[1m (from ./node_modules/handlebars-loader/i  ndex.js):
  [1m[31mError[39m[22m[1m: Parse [1m[31merror[39m[22m[1m on line 146:
  ...{{/layout-main}}{{/layout-main}}
  -------------------^
  Expecting 'EOF', got 'OPEN_ENDBLOCK'
      at Parser.parseError (D:\Proyectos\HR-Library\node_modules\handlebars\dist  \cjs\handlebars\compiler\parser.js:267:19)
      at Parser.parse (D:\Proyectos\HR-Library\node_modules\handlebars\dist\cjs\  handlebars\compiler\parser.js:336:30)
      at parseWithoutProcessing (D:\Proyectos\HR-Library\node_modules\handlebars  \dist\cjs\handlebars\compiler\base.js:46:33)
      at HandlebarsEnvironment.parse (D:\Proyectos\HR-Library\node_modules\handl  ebars\dist\cjs\handlebars\compiler\base.js:52:13)
      at compile (D:\Proyectos\HR-Library\node_modules\handlebars-loader\index.j  s:234:18)
      at module.exports (D:\Proyectos\HR-Library\node_modules\handlebars-loader\  index.js:461:5)
      at processResult (D:\Proyectos\HR-Library\node_modules\webpack\lib\NormalM  odule.js:764:19)
      at D:\Proyectos\HR-Library\node_modules\webpack\lib\NormalModule.js:866:5
      at D:\Proyectos\HR-Library\node_modules\loader-runner\lib\LoaderRunner.js:  499:11
      at runSyncOrAsyncCallback (D:\Proyectos\HR-Library\node_modules\loader-run  ner\lib\LoaderRunner.js:259:19)
      at innerCallback (D:\Proyectos\HR-Library\node_modules\loader-runner\lib\L  oaderRunner.js:175:13)
      at compile (D:\Proyectos\HR-Library\node_modules\handlebars-loader\index.j  s:238:14)
      at module.exports (D:\Proyectos\HR-Library\node_modules\handlebars-loader\  index.js:461:5)
      at LOADER_EXECUTION (D:\Proyectos\HR-Library\node_modules\loader-runner\li  b\LoaderRunner.js:195:14)
      at runSyncOrAsync (D:\Proyectos\HR-Library\node_modules\loader-runner\lib\  LoaderRunner.js:196:5)
      at iterateNormalLoaders (D:\Proyectos\HR-Library\node_modules\loader-runne  r\lib\LoaderRunner.js:258:2)
  Module build [1m[31mfailed[39m[22m[1m (from ./node_modules/handlebars-loader/index.js):
  [1m[31mError[39m[22m[1m: Parse [1m[31merror[39m[22m[1m on line 183:
  ...{{/layout-main}}{{/layout-main}}
  -------------------^
  Expecting 'EOF', got 'OPEN_ENDBLOCK'
      at Parser.parseError (D:\Proyectos\HR-Library\node_modules\handlebars\dist  \cjs\handlebars\compiler\parser.js:267:19)
      at Parser.parse (D:\Proyectos\HR-Library\node_modules\handlebars\dist\cjs\  handlebars\compiler\parser.js:336:30)
      at parseWithoutProcessing (D:\Proyectos\HR-Library\node_modules\handlebars  \dist\cjs\handlebars\compiler\base.js:46:33)
      at HandlebarsEnvironment.parse (D:\Proyectos\HR-Library\node_modules\handl  ebars\dist\cjs\handlebars\compiler\base.js:52:13)
      at compile (D:\Proyectos\HR-Library\node_modules\handlebars-loader\index.j  s:234:18)
      at module.exports (D:\Proyectos\HR-Library\node_modules\handlebars-loader\  index.js:461:5)
  ModuleBuildError: Module build [1m[31mfailed[39m[22m[1m (from ./node_modules/handlebars-loader/i  ndex.js):
  [1m[31mError[39m[22m[1m: Parse [1m[31merror[39m[22m[1m on line 183:
  ...{{/layout-main}}{{/layout-main}}
  -------------------^
  Expecting 'EOF', got 'OPEN_ENDBLOCK'
      at Parser.parseError (D:\Proyectos\HR-Library\node_modules\handlebars\dist  \cjs\handlebars\compiler\parser.js:267:19)
      at Parser.parse (D:\Proyectos\HR-Library\node_modules\handlebars\dist\cjs\  handlebars\compiler\parser.js:336:30)
      at parseWithoutProcessing (D:\Proyectos\HR-Library\node_modules\handlebars  \dist\cjs\handlebars\compiler\base.js:46:33)
      at HandlebarsEnvironment.parse (D:\Proyectos\HR-Library\node_modules\handl  ebars\dist\cjs\handlebars\compiler\base.js:52:13)
      at compile (D:\Proyectos\HR-Library\node_modules\handlebars-loader\index.j  s:234:18)
      at module.exports (D:\Proyectos\HR-Library\node_modules\handlebars-loader\  index.js:461:5)
      at processResult (D:\Proyectos\HR-Library\node_modules\webpack\lib\NormalM  odule.js:764:19)
      at D:\Proyectos\HR-Library\node_modules\webpack\lib\NormalModule.js:866:5
      at D:\Proyectos\HR-Library\node_modules\loader-runner\lib\LoaderRunner.js:  499:11
      at runSyncOrAsyncCallback (D:\Proyectos\HR-Library\node_modules\loader-run  ner\lib\LoaderRunner.js:259:19)
      at innerCallback (D:\Proyectos\HR-Library\node_modules\loader-runner\lib\L  oaderRunner.js:175:13)
      at compile (D:\Proyectos\HR-Library\node_modules\handlebars-loader\index.j  s:238:14)
      at module.exports (D:\Proyectos\HR-Library\node_modules\handlebars-loader\  index.js:461:5)
      at LOADER_EXECUTION (D:\Proyectos\HR-Library\node_modules\loader-runner\li  b\LoaderRunner.js:195:14)
      at runSyncOrAsync (D:\Proyectos\HR-Library\node_modules\loader-runner\lib\  LoaderRunner.js:196:5)
      at iterateNormalLoaders (D:\Proyectos\HR-Library\node_modules\loader-runne  r\lib\LoaderRunner.js:258:2)
  Module build [1m[31mfailed[39m[22m[1m (from ./node_modules/handlebars-loader/index.js):
  [1m[31mError[39m[22m[1m: Parse [1m[31merror[39m[22m[1m on line 216:
  ...{{/layout-main}}{{/layout-main}}
  -------------------^
  Expecting 'EOF', got 'OPEN_ENDBLOCK'
      at Parser.parseError (D:\Proyectos\HR-Library\node_modules\handlebars\dist  \cjs\handlebars\compiler\parser.js:267:19)
      at Parser.parse (D:\Proyectos\HR-Library\node_modules\handlebars\dist\cjs\  handlebars\compiler\parser.js:336:30)
      at parseWithoutProcessing (D:\Proyectos\HR-Library\node_modules\handlebars  \dist\cjs\handlebars\compiler\base.js:46:33)
      at HandlebarsEnvironment.parse (D:\Proyectos\HR-Library\node_modules\handl  ebars\dist\cjs\handlebars\compiler\base.js:52:13)
      at compile (D:\Proyectos\HR-Library\node_modules\handlebars-loader\index.j  s:234:18)
      at module.exports (D:\Proyectos\HR-Library\node_modules\handlebars-loader\  index.js:461:5)
  ModuleBuildError: Module build [1m[31mfailed[39m[22m[1m (from ./node_modules/handlebars-loader/i  ndex.js):
  [1m[31mError[39m[22m[1m: Parse [1m[31merror[39m[22m[1m on line 216:
  ...{{/layout-main}}{{/layout-main}}
  -------------------^
  Expecting 'EOF', got 'OPEN_ENDBLOCK'
      at Parser.parseError (D:\Proyectos\HR-Library\node_modules\handlebars\dist  \cjs\handlebars\compiler\parser.js:267:19)
      at Parser.parse (D:\Proyectos\HR-Library\node_modules\handlebars\dist\cjs\  handlebars\compiler\parser.js:336:30)
      at parseWithoutProcessing (D:\Proyectos\HR-Library\node_modules\handlebars  \dist\cjs\handlebars\compiler\base.js:46:33)
      at HandlebarsEnvironment.parse (D:\Proyectos\HR-Library\node_modules\handl  ebars\dist\cjs\handlebars\compiler\base.js:52:13)
      at compile (D:\Proyectos\HR-Library\node_modules\handlebars-loader\index.j  s:234:18)
      at module.exports (D:\Proyectos\HR-Library\node_modules\handlebars-loader\  index.js:461:5)
      at processResult (D:\Proyectos\HR-Library\node_modules\webpack\lib\NormalM  odule.js:764:19)
      at D:\Proyectos\HR-Library\node_modules\webpack\lib\NormalModule.js:866:5
      at D:\Proyectos\HR-Library\node_modules\loader-runner\lib\LoaderRunner.js:  499:11
      at runSyncOrAsyncCallback (D:\Proyectos\HR-Library\node_modules\loader-run  ner\lib\LoaderRunner.js:259:19)
      at innerCallback (D:\Proyectos\HR-Library\node_modules\loader-runner\lib\L  oaderRunner.js:175:13)
      at compile (D:\Proyectos\HR-Library\node_modules\handlebars-loader\index.j  s:238:14)
      at module.exports (D:\Proyectos\HR-Library\node_modules\handlebars-loader\  index.js:461:5)
      at LOADER_EXECUTION (D:\Proyectos\HR-Library\node_modules\loader-runner\li  b\LoaderRunner.js:195:14)
      at runSyncOrAsync (D:\Proyectos\HR-Library\node_modules\loader-runner\lib\  LoaderRunner.js:196:5)
      at iterateNormalLoaders (D:\Proyectos\HR-Library\node_modules\loader-runne  r\lib\LoaderRunner.js:258:2)
  
  - parser.js:267 Parser.parseError
    [HR-Library]/[handlebars]/dist/cjs/handlebars/compiler/parser.js:267:19
  
  - parser.js:336 Parser.parse
    [HR-Library]/[handlebars]/dist/cjs/handlebars/compiler/parser.js:336:30
  
  - base.js:46 parseWithoutProcessing
    [HR-Library]/[handlebars]/dist/cjs/handlebars/compiler/base.js:46:33
  
  - base.js:52 HandlebarsEnvironment.parse
    [HR-Library]/[handlebars]/dist/cjs/handlebars/compiler/base.js:52:13
  
  - index.js:234 compile
    [HR-Library]/[handlebars-loader]/index.js:234:18
  
  - index.js:461 module.exports
    [HR-Library]/[handlebars-loader]/index.js:461:5
  
  - ModuleBuildError: Module build [1m[31mfailed[39m[22m[1m (from ./node_modules/handlebars-loader    /index.js):
  
  - [1m[31mError[39m[22m[1m: Parse [1m[31merror[39m[22m[1m on line 68:
  
  - ...{{/layout-main}}{{/layout-main}}
  
  - -------------------^
  
  - Expecting 'EOF', got 'OPEN_ENDBLOCK'
  
  - parser.js:267 Parser.parseError
    [HR-Library]/[handlebars]/dist/cjs/handlebars/compiler/parser.js:267:19
  
  - parser.js:336 Parser.parse
    [HR-Library]/[handlebars]/dist/cjs/handlebars/compiler/parser.js:336:30
  
  - base.js:46 parseWithoutProcessing
    [HR-Library]/[handlebars]/dist/cjs/handlebars/compiler/base.js:46:33
  
  - base.js:52 HandlebarsEnvironment.parse
    [HR-Library]/[handlebars]/dist/cjs/handlebars/compiler/base.js:52:13
  
  - index.js:234 compile
    [HR-Library]/[handlebars-loader]/index.js:234:18
  
  - index.js:461 module.exports
    [HR-Library]/[handlebars-loader]/index.js:461:5
  
  - NormalModule.js:764 processResult
    [HR-Library]/[webpack]/lib/NormalModule.js:764:19
  
  - NormalModule.js:866 
    [HR-Library]/[webpack]/lib/NormalModule.js:866:5
  
  - LoaderRunner.js:499 
    [HR-Library]/[loader-runner]/lib/LoaderRunner.js:499:11
  
  - LoaderRunner.js:259 runSyncOrAsyncCallback
    [HR-Library]/[loader-runner]/lib/LoaderRunner.js:259:19
  
  - LoaderRunner.js:175 innerCallback
    [HR-Library]/[loader-runner]/lib/LoaderRunner.js:175:13
  
  - index.js:238 compile
    [HR-Library]/[handlebars-loader]/index.js:238:14
  
  - index.js:461 module.exports
    [HR-Library]/[handlebars-loader]/index.js:461:5
  
  - LoaderRunner.js:195 LOADER_EXECUTION
    [HR-Library]/[loader-runner]/lib/LoaderRunner.js:195:14
  
  - LoaderRunner.js:196 runSyncOrAsync
    [HR-Library]/[loader-runner]/lib/LoaderRunner.js:196:5
  
  - LoaderRunner.js:258 iterateNormalLoaders
    [HR-Library]/[loader-runner]/lib/LoaderRunner.js:258:2
  
  - Module build [1m[31mfailed[39m[22m[1m (from ./node_modules/handlebars-loader/index.js):
  
  - [1m[31mError[39m[22m[1m: Parse [1m[31merror[39m[22m[1m on line 201:
  
  - ...{{/layout-main}}{{/layout-main}}
  
  - -------------------^
  
  - Expecting 'EOF', got 'OPEN_ENDBLOCK'
  
  - parser.js:267 Parser.parseError
    [HR-Library]/[handlebars]/dist/cjs/handlebars/compiler/parser.js:267:19
  
  - parser.js:336 Parser.parse
    [HR-Library]/[handlebars]/dist/cjs/handlebars/compiler/parser.js:336:30
  
  - base.js:46 parseWithoutProcessing
    [HR-Library]/[handlebars]/dist/cjs/handlebars/compiler/base.js:46:33
  
  - base.js:52 HandlebarsEnvironment.parse
    [HR-Library]/[handlebars]/dist/cjs/handlebars/compiler/base.js:52:13
  
  - index.js:234 compile
    [HR-Library]/[handlebars-loader]/index.js:234:18
  
  - index.js:461 module.exports
    [HR-Library]/[handlebars-loader]/index.js:461:5
  
  - ModuleBuildError: Module build [1m[31mfailed[39m[22m[1m (from ./node_modules/handlebars-loader    /index.js):
  
  - [1m[31mError[39m[22m[1m: Parse [1m[31merror[39m[22m[1m on line 201:
  
  - ...{{/layout-main}}{{/layout-main}}
  
  - -------------------^
  
  - Expecting 'EOF', got 'OPEN_ENDBLOCK'
  
  - parser.js:267 Parser.parseError
    [HR-Library]/[handlebars]/dist/cjs/handlebars/compiler/parser.js:267:19
  
  - parser.js:336 Parser.parse
    [HR-Library]/[handlebars]/dist/cjs/handlebars/compiler/parser.js:336:30
  
  - base.js:46 parseWithoutProcessing
    [HR-Library]/[handlebars]/dist/cjs/handlebars/compiler/base.js:46:33
  
  - base.js:52 HandlebarsEnvironment.parse
    [HR-Library]/[handlebars]/dist/cjs/handlebars/compiler/base.js:52:13
  
  - index.js:234 compile
    [HR-Library]/[handlebars-loader]/index.js:234:18
  
  - index.js:461 module.exports
    [HR-Library]/[handlebars-loader]/index.js:461:5
  
  - NormalModule.js:764 processResult
    [HR-Library]/[webpack]/lib/NormalModule.js:764:19
  
  - NormalModule.js:866 
    [HR-Library]/[webpack]/lib/NormalModule.js:866:5
  
[39m[22m

[1m[31mERROR[39m[22m in [1m  [1m[31mError[39m[22m[1m: Child compilation [1m[31mfailed[39m[22m[1m:
  Module build [1m[31mfailed[39m[22m[1m (from ./node_modules/handlebars-loader/index.js):
  [1m[31mError[39m[22m[1m: Parse [1m[31merror[39m[22m[1m on line 68:
  ...{{/layout-main}}{{/layout-main}}
  -------------------^
  Expecting 'EOF', got 'OPEN_ENDBLOCK'
      at Parser.parseError (D:\Proyectos\HR-Library\node_modules\handlebars\dist  \cjs\handlebars\compiler\parser.js:267:19)
      at Parser.parse (D:\Proyectos\HR-Library\node_modules\handlebars\dist\cjs\  handlebars\compiler\parser.js:336:30)
      at parseWithoutProcessing (D:\Proyectos\HR-Library\node_modules\handlebars  \dist\cjs\handlebars\compiler\base.js:46:33)
      at HandlebarsEnvironment.parse (D:\Proyectos\HR-Library\node_modules\handl  ebars\dist\cjs\handlebars\compiler\base.js:52:13)
      at compile (D:\Proyectos\HR-Library\node_modules\handlebars-loader\index.j  s:234:18)
      at module.exports (D:\Proyectos\HR-Library\node_modules\handlebars-loader\  index.js:461:5)
  ModuleBuildError: Module build [1m[31mfailed[39m[22m[1m (from ./node_modules/handlebars-loader/i  ndex.js):
  [1m[31mError[39m[22m[1m: Parse [1m[31merror[39m[22m[1m on line 68:
  ...{{/layout-main}}{{/layout-main}}
  -------------------^
  Expecting 'EOF', got 'OPEN_ENDBLOCK'
      at Parser.parseError (D:\Proyectos\HR-Library\node_modules\handlebars\dist  \cjs\handlebars\compiler\parser.js:267:19)
      at Parser.parse (D:\Proyectos\HR-Library\node_modules\handlebars\dist\cjs\  handlebars\compiler\parser.js:336:30)
      at parseWithoutProcessing (D:\Proyectos\HR-Library\node_modules\handlebars  \dist\cjs\handlebars\compiler\base.js:46:33)
      at HandlebarsEnvironment.parse (D:\Proyectos\HR-Library\node_modules\handl  ebars\dist\cjs\handlebars\compiler\base.js:52:13)
      at compile (D:\Proyectos\HR-Library\node_modules\handlebars-loader\index.j  s:234:18)
      at module.exports (D:\Proyectos\HR-Library\node_modules\handlebars-loader\  index.js:461:5)
      at processResult (D:\Proyectos\HR-Library\node_modules\webpack\lib\NormalM  odule.js:764:19)
      at D:\Proyectos\HR-Library\node_modules\webpack\lib\NormalModule.js:866:5
      at D:\Proyectos\HR-Library\node_modules\loader-runner\lib\LoaderRunner.js:  499:11
      at runSyncOrAsyncCallback (D:\Proyectos\HR-Library\node_modules\loader-run  ner\lib\LoaderRunner.js:259:19)
      at innerCallback (D:\Proyectos\HR-Library\node_modules\loader-runner\lib\L  oaderRunner.js:175:13)
      at compile (D:\Proyectos\HR-Library\node_modules\handlebars-loader\index.j  s:238:14)
      at module.exports (D:\Proyectos\HR-Library\node_modules\handlebars-loader\  index.js:461:5)
      at LOADER_EXECUTION (D:\Proyectos\HR-Library\node_modules\loader-runner\li  b\LoaderRunner.js:195:14)
      at runSyncOrAsync (D:\Proyectos\HR-Library\node_modules\loader-runner\lib\  LoaderRunner.js:196:5)
      at iterateNormalLoaders (D:\Proyectos\HR-Library\node_modules\loader-runne  r\lib\LoaderRunner.js:258:2)
  Module build [1m[31mfailed[39m[22m[1m (from ./node_modules/handlebars-loader/index.js):
  [1m[31mError[39m[22m[1m: Parse [1m[31merror[39m[22m[1m on line 201:
  ...{{/layout-main}}{{/layout-main}}
  -------------------^
  Expecting 'EOF', got 'OPEN_ENDBLOCK'
      at Parser.parseError (D:\Proyectos\HR-Library\node_modules\handlebars\dist  \cjs\handlebars\compiler\parser.js:267:19)
      at Parser.parse (D:\Proyectos\HR-Library\node_modules\handlebars\dist\cjs\  handlebars\compiler\parser.js:336:30)
      at parseWithoutProcessing (D:\Proyectos\HR-Library\node_modules\handlebars  \dist\cjs\handlebars\compiler\base.js:46:33)
      at HandlebarsEnvironment.parse (D:\Proyectos\HR-Library\node_modules\handl  ebars\dist\cjs\handlebars\compiler\base.js:52:13)
      at compile (D:\Proyectos\HR-Library\node_modules\handlebars-loader\index.j  s:234:18)
      at module.exports (D:\Proyectos\HR-Library\node_modules\handlebars-loader\  index.js:461:5)
  ModuleBuildError: Module build [1m[31mfailed[39m[22m[1m (from ./node_modules/handlebars-loader/i  ndex.js):
  [1m[31mError[39m[22m[1m: Parse [1m[31merror[39m[22m[1m on line 201:
  ...{{/layout-main}}{{/layout-main}}
  -------------------^
  Expecting 'EOF', got 'OPEN_ENDBLOCK'
      at Parser.parseError (D:\Proyectos\HR-Library\node_modules\handlebars\dist  \cjs\handlebars\compiler\parser.js:267:19)
      at Parser.parse (D:\Proyectos\HR-Library\node_modules\handlebars\dist\cjs\  handlebars\compiler\parser.js:336:30)
      at parseWithoutProcessing (D:\Proyectos\HR-Library\node_modules\handlebars  \dist\cjs\handlebars\compiler\base.js:46:33)
      at HandlebarsEnvironment.parse (D:\Proyectos\HR-Library\node_modules\handl  ebars\dist\cjs\handlebars\compiler\base.js:52:13)
      at compile (D:\Proyectos\HR-Library\node_modules\handlebars-loader\index.j  s:234:18)
      at module.exports (D:\Proyectos\HR-Library\node_modules\handlebars-loader\  index.js:461:5)
      at processResult (D:\Proyectos\HR-Library\node_modules\webpack\lib\NormalM  odule.js:764:19)
      at D:\Proyectos\HR-Library\node_modules\webpack\lib\NormalModule.js:866:5
      at D:\Proyectos\HR-Library\node_modules\loader-runner\lib\LoaderRunner.js:  499:11
      at runSyncOrAsyncCallback (D:\Proyectos\HR-Library\node_modules\loader-run  ner\lib\LoaderRunner.js:259:19)
      at innerCallback (D:\Proyectos\HR-Library\node_modules\loader-runner\lib\L  oaderRunner.js:175:13)
      at compile (D:\Proyectos\HR-Library\node_modules\handlebars-loader\index.j  s:238:14)
      at module.exports (D:\Proyectos\HR-Library\node_modules\handlebars-loader\  index.js:461:5)
      at LOADER_EXECUTION (D:\Proyectos\HR-Library\node_modules\loader-runner\li  b\LoaderRunner.js:195:14)
      at runSyncOrAsync (D:\Proyectos\HR-Library\node_modules\loader-runner\lib\  LoaderRunner.js:196:5)
      at iterateNormalLoaders (D:\Proyectos\HR-Library\node_modules\loader-runne  r\lib\LoaderRunner.js:258:2)
  Module build [1m[31mfailed[39m[22m[1m (from ./node_modules/handlebars-loader/index.js):
  [1m[31mError[39m[22m[1m: Parse [1m[31merror[39m[22m[1m on line 97:
  ...{{/layout-main}}{{/layout-main}}
  -------------------^
  Expecting 'EOF', got 'OPEN_ENDBLOCK'
      at Parser.parseError (D:\Proyectos\HR-Library\node_modules\handlebars\dist  \cjs\handlebars\compiler\parser.js:267:19)
      at Parser.parse (D:\Proyectos\HR-Library\node_modules\handlebars\dist\cjs\  handlebars\compiler\parser.js:336:30)
      at parseWithoutProcessing (D:\Proyectos\HR-Library\node_modules\handlebars  \dist\cjs\handlebars\compiler\base.js:46:33)
      at HandlebarsEnvironment.parse (D:\Proyectos\HR-Library\node_modules\handl  ebars\dist\cjs\handlebars\compiler\base.js:52:13)
      at compile (D:\Proyectos\HR-Library\node_modules\handlebars-loader\index.j  s:234:18)
      at module.exports (D:\Proyectos\HR-Library\node_modules\handlebars-loader\  index.js:461:5)
  ModuleBuildError: Module build [1m[31mfailed[39m[22m[1m (from ./node_modules/handlebars-loader/i  ndex.js):
  [1m[31mError[39m[22m[1m: Parse [1m[31merror[39m[22m[1m on line 97:
  ...{{/layout-main}}{{/layout-main}}
  -------------------^
  Expecting 'EOF', got 'OPEN_ENDBLOCK'
      at Parser.parseError (D:\Proyectos\HR-Library\node_modules\handlebars\dist  \cjs\handlebars\compiler\parser.js:267:19)
      at Parser.parse (D:\Proyectos\HR-Library\node_modules\handlebars\dist\cjs\  handlebars\compiler\parser.js:336:30)
      at parseWithoutProcessing (D:\Proyectos\HR-Library\node_modules\handlebars  \dist\cjs\handlebars\compiler\base.js:46:33)
      at HandlebarsEnvironment.parse (D:\Proyectos\HR-Library\node_modules\handl  ebars\dist\cjs\handlebars\compiler\base.js:52:13)
      at compile (D:\Proyectos\HR-Library\node_modules\handlebars-loader\index.j  s:234:18)
      at module.exports (D:\Proyectos\HR-Library\node_modules\handlebars-loader\  index.js:461:5)
      at processResult (D:\Proyectos\HR-Library\node_modules\webpack\lib\NormalM  odule.js:764:19)
      at D:\Proyectos\HR-Library\node_modules\webpack\lib\NormalModule.js:866:5
      at D:\Proyectos\HR-Library\node_modules\loader-runner\lib\LoaderRunner.js:  499:11
      at runSyncOrAsyncCallback (D:\Proyectos\HR-Library\node_modules\loader-run  ner\lib\LoaderRunner.js:259:19)
      at innerCallback (D:\Proyectos\HR-Library\node_modules\loader-runner\lib\L  oaderRunner.js:175:13)
      at compile (D:\Proyectos\HR-Library\node_modules\handlebars-loader\index.j  s:238:14)
      at module.exports (D:\Proyectos\HR-Library\node_modules\handlebars-loader\  index.js:461:5)
      at LOADER_EXECUTION (D:\Proyectos\HR-Library\node_modules\loader-runner\li  b\LoaderRunner.js:195:14)
      at runSyncOrAsync (D:\Proyectos\HR-Library\node_modules\loader-runner\lib\  LoaderRunner.js:196:5)
      at iterateNormalLoaders (D:\Proyectos\HR-Library\node_modules\loader-runne  r\lib\LoaderRunner.js:258:2)
  Module build [1m[31mfailed[39m[22m[1m (from ./node_modules/handlebars-loader/index.js):
  [1m[31mError[39m[22m[1m: Parse [1m[31merror[39m[22m[1m on line 146:
  ...{{/layout-main}}{{/layout-main}}
  -------------------^
  Expecting 'EOF', got 'OPEN_ENDBLOCK'
      at Parser.parseError (D:\Proyectos\HR-Library\node_modules\handlebars\dist  \cjs\handlebars\compiler\parser.js:267:19)
      at Parser.parse (D:\Proyectos\HR-Library\node_modules\handlebars\dist\cjs\  handlebars\compiler\parser.js:336:30)
      at parseWithoutProcessing (D:\Proyectos\HR-Library\node_modules\handlebars  \dist\cjs\handlebars\compiler\base.js:46:33)
      at HandlebarsEnvironment.parse (D:\Proyectos\HR-Library\node_modules\handl  ebars\dist\cjs\handlebars\compiler\base.js:52:13)
      at compile (D:\Proyectos\HR-Library\node_modules\handlebars-loader\index.j  s:234:18)
      at module.exports (D:\Proyectos\HR-Library\node_modules\handlebars-loader\  index.js:461:5)
  ModuleBuildError: Module build [1m[31mfailed[39m[22m[1m (from ./node_modules/handlebars-loader/i  ndex.js):
  [1m[31mError[39m[22m[1m: Parse [1m[31merror[39m[22m[1m on line 146:
  ...{{/layout-main}}{{/layout-main}}
  -------------------^
  Expecting 'EOF', got 'OPEN_ENDBLOCK'
      at Parser.parseError (D:\Proyectos\HR-Library\node_modules\handlebars\dist  \cjs\handlebars\compiler\parser.js:267:19)
      at Parser.parse (D:\Proyectos\HR-Library\node_modules\handlebars\dist\cjs\  handlebars\compiler\parser.js:336:30)
      at parseWithoutProcessing (D:\Proyectos\HR-Library\node_modules\handlebars  \dist\cjs\handlebars\compiler\base.js:46:33)
      at HandlebarsEnvironment.parse (D:\Proyectos\HR-Library\node_modules\handl  ebars\dist\cjs\handlebars\compiler\base.js:52:13)
      at compile (D:\Proyectos\HR-Library\node_modules\handlebars-loader\index.j  s:234:18)
      at module.exports (D:\Proyectos\HR-Library\node_modules\handlebars-loader\  index.js:461:5)
      at processResult (D:\Proyectos\HR-Library\node_modules\webpack\lib\NormalM  odule.js:764:19)
      at D:\Proyectos\HR-Library\node_modules\webpack\lib\NormalModule.js:866:5
      at D:\Proyectos\HR-Library\node_modules\loader-runner\lib\LoaderRunner.js:  499:11
      at runSyncOrAsyncCallback (D:\Proyectos\HR-Library\node_modules\loader-run  ner\lib\LoaderRunner.js:259:19)
      at innerCallback (D:\Proyectos\HR-Library\node_modules\loader-runner\lib\L  oaderRunner.js:175:13)
      at compile (D:\Proyectos\HR-Library\node_modules\handlebars-loader\index.j  s:238:14)
      at module.exports (D:\Proyectos\HR-Library\node_modules\handlebars-loader\  index.js:461:5)
      at LOADER_EXECUTION (D:\Proyectos\HR-Library\node_modules\loader-runner\li  b\LoaderRunner.js:195:14)
      at runSyncOrAsync (D:\Proyectos\HR-Library\node_modules\loader-runner\lib\  LoaderRunner.js:196:5)
      at iterateNormalLoaders (D:\Proyectos\HR-Library\node_modules\loader-runne  r\lib\LoaderRunner.js:258:2)
  Module build [1m[31mfailed[39m[22m[1m (from ./node_modules/handlebars-loader/index.js):
  [1m[31mError[39m[22m[1m: Parse [1m[31merror[39m[22m[1m on line 183:
  ...{{/layout-main}}{{/layout-main}}
  -------------------^
  Expecting 'EOF', got 'OPEN_ENDBLOCK'
      at Parser.parseError (D:\Proyectos\HR-Library\node_modules\handlebars\dist  \cjs\handlebars\compiler\parser.js:267:19)
      at Parser.parse (D:\Proyectos\HR-Library\node_modules\handlebars\dist\cjs\  handlebars\compiler\parser.js:336:30)
      at parseWithoutProcessing (D:\Proyectos\HR-Library\node_modules\handlebars  \dist\cjs\handlebars\compiler\base.js:46:33)
      at HandlebarsEnvironment.parse (D:\Proyectos\HR-Library\node_modules\handl  ebars\dist\cjs\handlebars\compiler\base.js:52:13)
      at compile (D:\Proyectos\HR-Library\node_modules\handlebars-loader\index.j  s:234:18)
      at module.exports (D:\Proyectos\HR-Library\node_modules\handlebars-loader\  index.js:461:5)
  ModuleBuildError: Module build [1m[31mfailed[39m[22m[1m (from ./node_modules/handlebars-loader/i  ndex.js):
  [1m[31mError[39m[22m[1m: Parse [1m[31merror[39m[22m[1m on line 183:
  ...{{/layout-main}}{{/layout-main}}
  -------------------^
  Expecting 'EOF', got 'OPEN_ENDBLOCK'
      at Parser.parseError (D:\Proyectos\HR-Library\node_modules\handlebars\dist  \cjs\handlebars\compiler\parser.js:267:19)
      at Parser.parse (D:\Proyectos\HR-Library\node_modules\handlebars\dist\cjs\  handlebars\compiler\parser.js:336:30)
      at parseWithoutProcessing (D:\Proyectos\HR-Library\node_modules\handlebars  \dist\cjs\handlebars\compiler\base.js:46:33)
      at HandlebarsEnvironment.parse (D:\Proyectos\HR-Library\node_modules\handl  ebars\dist\cjs\handlebars\compiler\base.js:52:13)
      at compile (D:\Proyectos\HR-Library\node_modules\handlebars-loader\index.j  s:234:18)
      at module.exports (D:\Proyectos\HR-Library\node_modules\handlebars-loader\  index.js:461:5)
      at processResult (D:\Proyectos\HR-Library\node_modules\webpack\lib\NormalM  odule.js:764:19)
      at D:\Proyectos\HR-Library\node_modules\webpack\lib\NormalModule.js:866:5
      at D:\Proyectos\HR-Library\node_modules\loader-runner\lib\LoaderRunner.js:  499:11
      at runSyncOrAsyncCallback (D:\Proyectos\HR-Library\node_modules\loader-run  ner\lib\LoaderRunner.js:259:19)
      at innerCallback (D:\Proyectos\HR-Library\node_modules\loader-runner\lib\L  oaderRunner.js:175:13)
      at compile (D:\Proyectos\HR-Library\node_modules\handlebars-loader\index.j  s:238:14)
      at module.exports (D:\Proyectos\HR-Library\node_modules\handlebars-loader\  index.js:461:5)
      at LOADER_EXECUTION (D:\Proyectos\HR-Library\node_modules\loader-runner\li  b\LoaderRunner.js:195:14)
      at runSyncOrAsync (D:\Proyectos\HR-Library\node_modules\loader-runner\lib\  LoaderRunner.js:196:5)
      at iterateNormalLoaders (D:\Proyectos\HR-Library\node_modules\loader-runne  r\lib\LoaderRunner.js:258:2)
  Module build [1m[31mfailed[39m[22m[1m (from ./node_modules/handlebars-loader/index.js):
  [1m[31mError[39m[22m[1m: Parse [1m[31merror[39m[22m[1m on line 216:
  ...{{/layout-main}}{{/layout-main}}
  -------------------^
  Expecting 'EOF', got 'OPEN_ENDBLOCK'
      at Parser.parseError (D:\Proyectos\HR-Library\node_modules\handlebars\dist  \cjs\handlebars\compiler\parser.js:267:19)
      at Parser.parse (D:\Proyectos\HR-Library\node_modules\handlebars\dist\cjs\  handlebars\compiler\parser.js:336:30)
      at parseWithoutProcessing (D:\Proyectos\HR-Library\node_modules\handlebars  \dist\cjs\handlebars\compiler\base.js:46:33)
      at HandlebarsEnvironment.parse (D:\Proyectos\HR-Library\node_modules\handl  ebars\dist\cjs\handlebars\compiler\base.js:52:13)
      at compile (D:\Proyectos\HR-Library\node_modules\handlebars-loader\index.j  s:234:18)
      at module.exports (D:\Proyectos\HR-Library\node_modules\handlebars-loader\  index.js:461:5)
  ModuleBuildError: Module build [1m[31mfailed[39m[22m[1m (from ./node_modules/handlebars-loader/i  ndex.js):
  [1m[31mError[39m[22m[1m: Parse [1m[31merror[39m[22m[1m on line 216:
  ...{{/layout-main}}{{/layout-main}}
  -------------------^
  Expecting 'EOF', got 'OPEN_ENDBLOCK'
      at Parser.parseError (D:\Proyectos\HR-Library\node_modules\handlebars\dist  \cjs\handlebars\compiler\parser.js:267:19)
      at Parser.parse (D:\Proyectos\HR-Library\node_modules\handlebars\dist\cjs\  handlebars\compiler\parser.js:336:30)
      at parseWithoutProcessing (D:\Proyectos\HR-Library\node_modules\handlebars  \dist\cjs\handlebars\compiler\base.js:46:33)
      at HandlebarsEnvironment.parse (D:\Proyectos\HR-Library\node_modules\handl  ebars\dist\cjs\handlebars\compiler\base.js:52:13)
      at compile (D:\Proyectos\HR-Library\node_modules\handlebars-loader\index.j  s:234:18)
      at module.exports (D:\Proyectos\HR-Library\node_modules\handlebars-loader\  index.js:461:5)
      at processResult (D:\Proyectos\HR-Library\node_modules\webpack\lib\NormalM  odule.js:764:19)
      at D:\Proyectos\HR-Library\node_modules\webpack\lib\NormalModule.js:866:5
      at D:\Proyectos\HR-Library\node_modules\loader-runner\lib\LoaderRunner.js:  499:11
      at runSyncOrAsyncCallback (D:\Proyectos\HR-Library\node_modules\loader-run  ner\lib\LoaderRunner.js:259:19)
      at innerCallback (D:\Proyectos\HR-Library\node_modules\loader-runner\lib\L  oaderRunner.js:175:13)
      at compile (D:\Proyectos\HR-Library\node_modules\handlebars-loader\index.j  s:238:14)
      at module.exports (D:\Proyectos\HR-Library\node_modules\handlebars-loader\  index.js:461:5)
      at LOADER_EXECUTION (D:\Proyectos\HR-Library\node_modules\loader-runner\li  b\LoaderRunner.js:195:14)
      at runSyncOrAsync (D:\Proyectos\HR-Library\node_modules\loader-runner\lib\  LoaderRunner.js:196:5)
      at iterateNormalLoaders (D:\Proyectos\HR-Library\node_modules\loader-runne  r\lib\LoaderRunner.js:258:2)
  
  - parser.js:267 Parser.parseError
    [HR-Library]/[handlebars]/dist/cjs/handlebars/compiler/parser.js:267:19
  
  - parser.js:336 Parser.parse
    [HR-Library]/[handlebars]/dist/cjs/handlebars/compiler/parser.js:336:30
  
  - base.js:46 parseWithoutProcessing
    [HR-Library]/[handlebars]/dist/cjs/handlebars/compiler/base.js:46:33
  
  - base.js:52 HandlebarsEnvironment.parse
    [HR-Library]/[handlebars]/dist/cjs/handlebars/compiler/base.js:52:13
  
  - index.js:234 compile
    [HR-Library]/[handlebars-loader]/index.js:234:18
  
  - index.js:461 module.exports
    [HR-Library]/[handlebars-loader]/index.js:461:5
  
  - ModuleBuildError: Module build [1m[31mfailed[39m[22m[1m (from ./node_modules/handlebars-loader    /index.js):
  
  - [1m[31mError[39m[22m[1m: Parse [1m[31merror[39m[22m[1m on line 68:
  
  - ...{{/layout-main}}{{/layout-main}}
  
  - -------------------^
  
  - Expecting 'EOF', got 'OPEN_ENDBLOCK'
  
  - parser.js:267 Parser.parseError
    [HR-Library]/[handlebars]/dist/cjs/handlebars/compiler/parser.js:267:19
  
  - parser.js:336 Parser.parse
    [HR-Library]/[handlebars]/dist/cjs/handlebars/compiler/parser.js:336:30
  
  - base.js:46 parseWithoutProcessing
    [HR-Library]/[handlebars]/dist/cjs/handlebars/compiler/base.js:46:33
  
  - base.js:52 HandlebarsEnvironment.parse
    [HR-Library]/[handlebars]/dist/cjs/handlebars/compiler/base.js:52:13
  
  - index.js:234 compile
    [HR-Library]/[handlebars-loader]/index.js:234:18
  
  - index.js:461 module.exports
    [HR-Library]/[handlebars-loader]/index.js:461:5
  
  - NormalModule.js:764 processResult
    [HR-Library]/[webpack]/lib/NormalModule.js:764:19
  
  - NormalModule.js:866 
    [HR-Library]/[webpack]/lib/NormalModule.js:866:5
  
  - LoaderRunner.js:499 
    [HR-Library]/[loader-runner]/lib/LoaderRunner.js:499:11
  
  - LoaderRunner.js:259 runSyncOrAsyncCallback
    [HR-Library]/[loader-runner]/lib/LoaderRunner.js:259:19
  
  - LoaderRunner.js:175 innerCallback
    [HR-Library]/[loader-runner]/lib/LoaderRunner.js:175:13
  
  - index.js:238 compile
    [HR-Library]/[handlebars-loader]/index.js:238:14
  
  - index.js:461 module.exports
    [HR-Library]/[handlebars-loader]/index.js:461:5
  
  - LoaderRunner.js:195 LOADER_EXECUTION
    [HR-Library]/[loader-runner]/lib/LoaderRunner.js:195:14
  
  - LoaderRunner.js:196 runSyncOrAsync
    [HR-Library]/[loader-runner]/lib/LoaderRunner.js:196:5
  
  - LoaderRunner.js:258 iterateNormalLoaders
    [HR-Library]/[loader-runner]/lib/LoaderRunner.js:258:2
  
  - Module build [1m[31mfailed[39m[22m[1m (from ./node_modules/handlebars-loader/index.js):
  
  - [1m[31mError[39m[22m[1m: Parse [1m[31merror[39m[22m[1m on line 201:
  
  - ...{{/layout-main}}{{/layout-main}}
  
  - -------------------^
  
  - Expecting 'EOF', got 'OPEN_ENDBLOCK'
  
  - parser.js:267 Parser.parseError
    [HR-Library]/[handlebars]/dist/cjs/handlebars/compiler/parser.js:267:19
  
  - parser.js:336 Parser.parse
    [HR-Library]/[handlebars]/dist/cjs/handlebars/compiler/parser.js:336:30
  
  - base.js:46 parseWithoutProcessing
    [HR-Library]/[handlebars]/dist/cjs/handlebars/compiler/base.js:46:33
  
  - base.js:52 HandlebarsEnvironment.parse
    [HR-Library]/[handlebars]/dist/cjs/handlebars/compiler/base.js:52:13
  
  - index.js:234 compile
    [HR-Library]/[handlebars-loader]/index.js:234:18
  
  - index.js:461 module.exports
    [HR-Library]/[handlebars-loader]/index.js:461:5
  
  - ModuleBuildError: Module build [1m[31mfailed[39m[22m[1m (from ./node_modules/handlebars-loader    /index.js):
  
  - [1m[31mError[39m[22m[1m: Parse [1m[31merror[39m[22m[1m on line 201:
  
  - ...{{/layout-main}}{{/layout-main}}
  
  - -------------------^
  
  - Expecting 'EOF', got 'OPEN_ENDBLOCK'
  
  - parser.js:267 Parser.parseError
    [HR-Library]/[handlebars]/dist/cjs/handlebars/compiler/parser.js:267:19
  
  - parser.js:336 Parser.parse
    [HR-Library]/[handlebars]/dist/cjs/handlebars/compiler/parser.js:336:30
  
  - base.js:46 parseWithoutProcessing
    [HR-Library]/[handlebars]/dist/cjs/handlebars/compiler/base.js:46:33
  
  - base.js:52 HandlebarsEnvironment.parse
    [HR-Library]/[handlebars]/dist/cjs/handlebars/compiler/base.js:52:13
  
  - index.js:234 compile
    [HR-Library]/[handlebars-loader]/index.js:234:18
  
  - index.js:461 module.exports
    [HR-Library]/[handlebars-loader]/index.js:461:5
  
  - NormalModule.js:764 processResult
    [HR-Library]/[webpack]/lib/NormalModule.js:764:19
  
  - NormalModule.js:866 
    [HR-Library]/[webpack]/lib/NormalModule.js:866:5
  
[39m[22m

[1m[31mERROR[39m[22m in [1m  [1m[31mError[39m[22m[1m: Child compilation [1m[31mfailed[39m[22m[1m:
  Module build [1m[31mfailed[39m[22m[1m (from ./node_modules/handlebars-loader/index.js):
  [1m[31mError[39m[22m[1m: Parse [1m[31merror[39m[22m[1m on line 68:
  ...{{/layout-main}}{{/layout-main}}
  -------------------^
  Expecting 'EOF', got 'OPEN_ENDBLOCK'
      at Parser.parseError (D:\Proyectos\HR-Library\node_modules\handlebars\dist  \cjs\handlebars\compiler\parser.js:267:19)
      at Parser.parse (D:\Proyectos\HR-Library\node_modules\handlebars\dist\cjs\  handlebars\compiler\parser.js:336:30)
      at parseWithoutProcessing (D:\Proyectos\HR-Library\node_modules\handlebars  \dist\cjs\handlebars\compiler\base.js:46:33)
      at HandlebarsEnvironment.parse (D:\Proyectos\HR-Library\node_modules\handl  ebars\dist\cjs\handlebars\compiler\base.js:52:13)
      at compile (D:\Proyectos\HR-Library\node_modules\handlebars-loader\index.j  s:234:18)
      at module.exports (D:\Proyectos\HR-Library\node_modules\handlebars-loader\  index.js:461:5)
  ModuleBuildError: Module build [1m[31mfailed[39m[22m[1m (from ./node_modules/handlebars-loader/i  ndex.js):
  [1m[31mError[39m[22m[1m: Parse [1m[31merror[39m[22m[1m on line 68:
  ...{{/layout-main}}{{/layout-main}}
  -------------------^
  Expecting 'EOF', got 'OPEN_ENDBLOCK'
      at Parser.parseError (D:\Proyectos\HR-Library\node_modules\handlebars\dist  \cjs\handlebars\compiler\parser.js:267:19)
      at Parser.parse (D:\Proyectos\HR-Library\node_modules\handlebars\dist\cjs\  handlebars\compiler\parser.js:336:30)
      at parseWithoutProcessing (D:\Proyectos\HR-Library\node_modules\handlebars  \dist\cjs\handlebars\compiler\base.js:46:33)
      at HandlebarsEnvironment.parse (D:\Proyectos\HR-Library\node_modules\handl  ebars\dist\cjs\handlebars\compiler\base.js:52:13)
      at compile (D:\Proyectos\HR-Library\node_modules\handlebars-loader\index.j  s:234:18)
      at module.exports (D:\Proyectos\HR-Library\node_modules\handlebars-loader\  index.js:461:5)
      at processResult (D:\Proyectos\HR-Library\node_modules\webpack\lib\NormalM  odule.js:764:19)
      at D:\Proyectos\HR-Library\node_modules\webpack\lib\NormalModule.js:866:5
      at D:\Proyectos\HR-Library\node_modules\loader-runner\lib\LoaderRunner.js:  499:11
      at runSyncOrAsyncCallback (D:\Proyectos\HR-Library\node_modules\loader-run  ner\lib\LoaderRunner.js:259:19)
      at innerCallback (D:\Proyectos\HR-Library\node_modules\loader-runner\lib\L  oaderRunner.js:175:13)
      at compile (D:\Proyectos\HR-Library\node_modules\handlebars-loader\index.j  s:238:14)
      at module.exports (D:\Proyectos\HR-Library\node_modules\handlebars-loader\  index.js:461:5)
      at LOADER_EXECUTION (D:\Proyectos\HR-Library\node_modules\loader-runner\li  b\LoaderRunner.js:195:14)
      at runSyncOrAsync (D:\Proyectos\HR-Library\node_modules\loader-runner\lib\  LoaderRunner.js:196:5)
      at iterateNormalLoaders (D:\Proyectos\HR-Library\node_modules\loader-runne  r\lib\LoaderRunner.js:258:2)
  Module build [1m[31mfailed[39m[22m[1m (from ./node_modules/handlebars-loader/index.js):
  [1m[31mError[39m[22m[1m: Parse [1m[31merror[39m[22m[1m on line 201:
  ...{{/layout-main}}{{/layout-main}}
  -------------------^
  Expecting 'EOF', got 'OPEN_ENDBLOCK'
      at Parser.parseError (D:\Proyectos\HR-Library\node_modules\handlebars\dist  \cjs\handlebars\compiler\parser.js:267:19)
      at Parser.parse (D:\Proyectos\HR-Library\node_modules\handlebars\dist\cjs\  handlebars\compiler\parser.js:336:30)
      at parseWithoutProcessing (D:\Proyectos\HR-Library\node_modules\handlebars  \dist\cjs\handlebars\compiler\base.js:46:33)
      at HandlebarsEnvironment.parse (D:\Proyectos\HR-Library\node_modules\handl  ebars\dist\cjs\handlebars\compiler\base.js:52:13)
      at compile (D:\Proyectos\HR-Library\node_modules\handlebars-loader\index.j  s:234:18)
      at module.exports (D:\Proyectos\HR-Library\node_modules\handlebars-loader\  index.js:461:5)
  ModuleBuildError: Module build [1m[31mfailed[39m[22m[1m (from ./node_modules/handlebars-loader/i  ndex.js):
  [1m[31mError[39m[22m[1m: Parse [1m[31merror[39m[22m[1m on line 201:
  ...{{/layout-main}}{{/layout-main}}
  -------------------^
  Expecting 'EOF', got 'OPEN_ENDBLOCK'
      at Parser.parseError (D:\Proyectos\HR-Library\node_modules\handlebars\dist  \cjs\handlebars\compiler\parser.js:267:19)
      at Parser.parse (D:\Proyectos\HR-Library\node_modules\handlebars\dist\cjs\  handlebars\compiler\parser.js:336:30)
      at parseWithoutProcessing (D:\Proyectos\HR-Library\node_modules\handlebars  \dist\cjs\handlebars\compiler\base.js:46:33)
      at HandlebarsEnvironment.parse (D:\Proyectos\HR-Library\node_modules\handl  ebars\dist\cjs\handlebars\compiler\base.js:52:13)
      at compile (D:\Proyectos\HR-Library\node_modules\handlebars-loader\index.j  s:234:18)
      at module.exports (D:\Proyectos\HR-Library\node_modules\handlebars-loader\  index.js:461:5)
      at processResult (D:\Proyectos\HR-Library\node_modules\webpack\lib\NormalM  odule.js:764:19)
      at D:\Proyectos\HR-Library\node_modules\webpack\lib\NormalModule.js:866:5
      at D:\Proyectos\HR-Library\node_modules\loader-runner\lib\LoaderRunner.js:  499:11
      at runSyncOrAsyncCallback (D:\Proyectos\HR-Library\node_modules\loader-run  ner\lib\LoaderRunner.js:259:19)
      at innerCallback (D:\Proyectos\HR-Library\node_modules\loader-runner\lib\L  oaderRunner.js:175:13)
      at compile (D:\Proyectos\HR-Library\node_modules\handlebars-loader\index.j  s:238:14)
      at module.exports (D:\Proyectos\HR-Library\node_modules\handlebars-loader\  index.js:461:5)
      at LOADER_EXECUTION (D:\Proyectos\HR-Library\node_modules\loader-runner\li  b\LoaderRunner.js:195:14)
      at runSyncOrAsync (D:\Proyectos\HR-Library\node_modules\loader-runner\lib\  LoaderRunner.js:196:5)
      at iterateNormalLoaders (D:\Proyectos\HR-Library\node_modules\loader-runne  r\lib\LoaderRunner.js:258:2)
  Module build [1m[31mfailed[39m[22m[1m (from ./node_modules/handlebars-loader/index.js):
  [1m[31mError[39m[22m[1m: Parse [1m[31merror[39m[22m[1m on line 97:
  ...{{/layout-main}}{{/layout-main}}
  -------------------^
  Expecting 'EOF', got 'OPEN_ENDBLOCK'
      at Parser.parseError (D:\Proyectos\HR-Library\node_modules\handlebars\dist  \cjs\handlebars\compiler\parser.js:267:19)
      at Parser.parse (D:\Proyectos\HR-Library\node_modules\handlebars\dist\cjs\  handlebars\compiler\parser.js:336:30)
      at parseWithoutProcessing (D:\Proyectos\HR-Library\node_modules\handlebars  \dist\cjs\handlebars\compiler\base.js:46:33)
      at HandlebarsEnvironment.parse (D:\Proyectos\HR-Library\node_modules\handl  ebars\dist\cjs\handlebars\compiler\base.js:52:13)
      at compile (D:\Proyectos\HR-Library\node_modules\handlebars-loader\index.j  s:234:18)
      at module.exports (D:\Proyectos\HR-Library\node_modules\handlebars-loader\  index.js:461:5)
  ModuleBuildError: Module build [1m[31mfailed[39m[22m[1m (from ./node_modules/handlebars-loader/i  ndex.js):
  [1m[31mError[39m[22m[1m: Parse [1m[31merror[39m[22m[1m on line 97:
  ...{{/layout-main}}{{/layout-main}}
  -------------------^
  Expecting 'EOF', got 'OPEN_ENDBLOCK'
      at Parser.parseError (D:\Proyectos\HR-Library\node_modules\handlebars\dist  \cjs\handlebars\compiler\parser.js:267:19)
      at Parser.parse (D:\Proyectos\HR-Library\node_modules\handlebars\dist\cjs\  handlebars\compiler\parser.js:336:30)
      at parseWithoutProcessing (D:\Proyectos\HR-Library\node_modules\handlebars  \dist\cjs\handlebars\compiler\base.js:46:33)
      at HandlebarsEnvironment.parse (D:\Proyectos\HR-Library\node_modules\handl  ebars\dist\cjs\handlebars\compiler\base.js:52:13)
      at compile (D:\Proyectos\HR-Library\node_modules\handlebars-loader\index.j  s:234:18)
      at module.exports (D:\Proyectos\HR-Library\node_modules\handlebars-loader\  index.js:461:5)
      at processResult (D:\Proyectos\HR-Library\node_modules\webpack\lib\NormalM  odule.js:764:19)
      at D:\Proyectos\HR-Library\node_modules\webpack\lib\NormalModule.js:866:5
      at D:\Proyectos\HR-Library\node_modules\loader-runner\lib\LoaderRunner.js:  499:11
      at runSyncOrAsyncCallback (D:\Proyectos\HR-Library\node_modules\loader-run  ner\lib\LoaderRunner.js:259:19)
      at innerCallback (D:\Proyectos\HR-Library\node_modules\loader-runner\lib\L  oaderRunner.js:175:13)
      at compile (D:\Proyectos\HR-Library\node_modules\handlebars-loader\index.j  s:238:14)
      at module.exports (D:\Proyectos\HR-Library\node_modules\handlebars-loader\  index.js:461:5)
      at LOADER_EXECUTION (D:\Proyectos\HR-Library\node_modules\loader-runner\li  b\LoaderRunner.js:195:14)
      at runSyncOrAsync (D:\Proyectos\HR-Library\node_modules\loader-runner\lib\  LoaderRunner.js:196:5)
      at iterateNormalLoaders (D:\Proyectos\HR-Library\node_modules\loader-runne  r\lib\LoaderRunner.js:258:2)
  Module build [1m[31mfailed[39m[22m[1m (from ./node_modules/handlebars-loader/index.js):
  [1m[31mError[39m[22m[1m: Parse [1m[31merror[39m[22m[1m on line 146:
  ...{{/layout-main}}{{/layout-main}}
  -------------------^
  Expecting 'EOF', got 'OPEN_ENDBLOCK'
      at Parser.parseError (D:\Proyectos\HR-Library\node_modules\handlebars\dist  \cjs\handlebars\compiler\parser.js:267:19)
      at Parser.parse (D:\Proyectos\HR-Library\node_modules\handlebars\dist\cjs\  handlebars\compiler\parser.js:336:30)
      at parseWithoutProcessing (D:\Proyectos\HR-Library\node_modules\handlebars  \dist\cjs\handlebars\compiler\base.js:46:33)
      at HandlebarsEnvironment.parse (D:\Proyectos\HR-Library\node_modules\handl  ebars\dist\cjs\handlebars\compiler\base.js:52:13)
      at compile (D:\Proyectos\HR-Library\node_modules\handlebars-loader\index.j  s:234:18)
      at module.exports (D:\Proyectos\HR-Library\node_modules\handlebars-loader\  index.js:461:5)
  ModuleBuildError: Module build [1m[31mfailed[39m[22m[1m (from ./node_modules/handlebars-loader/i  ndex.js):
  [1m[31mError[39m[22m[1m: Parse [1m[31merror[39m[22m[1m on line 146:
  ...{{/layout-main}}{{/layout-main}}
  -------------------^
  Expecting 'EOF', got 'OPEN_ENDBLOCK'
      at Parser.parseError (D:\Proyectos\HR-Library\node_modules\handlebars\dist  \cjs\handlebars\compiler\parser.js:267:19)
      at Parser.parse (D:\Proyectos\HR-Library\node_modules\handlebars\dist\cjs\  handlebars\compiler\parser.js:336:30)
      at parseWithoutProcessing (D:\Proyectos\HR-Library\node_modules\handlebars  \dist\cjs\handlebars\compiler\base.js:46:33)
      at HandlebarsEnvironment.parse (D:\Proyectos\HR-Library\node_modules\handl  ebars\dist\cjs\handlebars\compiler\base.js:52:13)
      at compile (D:\Proyectos\HR-Library\node_modules\handlebars-loader\index.j  s:234:18)
      at module.exports (D:\Proyectos\HR-Library\node_modules\handlebars-loader\  index.js:461:5)
      at processResult (D:\Proyectos\HR-Library\node_modules\webpack\lib\NormalM  odule.js:764:19)
      at D:\Proyectos\HR-Library\node_modules\webpack\lib\NormalModule.js:866:5
      at D:\Proyectos\HR-Library\node_modules\loader-runner\lib\LoaderRunner.js:  499:11
      at runSyncOrAsyncCallback (D:\Proyectos\HR-Library\node_modules\loader-run  ner\lib\LoaderRunner.js:259:19)
      at innerCallback (D:\Proyectos\HR-Library\node_modules\loader-runner\lib\L  oaderRunner.js:175:13)
      at compile (D:\Proyectos\HR-Library\node_modules\handlebars-loader\index.j  s:238:14)
      at module.exports (D:\Proyectos\HR-Library\node_modules\handlebars-loader\  index.js:461:5)
      at LOADER_EXECUTION (D:\Proyectos\HR-Library\node_modules\loader-runner\li  b\LoaderRunner.js:195:14)
      at runSyncOrAsync (D:\Proyectos\HR-Library\node_modules\loader-runner\lib\  LoaderRunner.js:196:5)
      at iterateNormalLoaders (D:\Proyectos\HR-Library\node_modules\loader-runne  r\lib\LoaderRunner.js:258:2)
  Module build [1m[31mfailed[39m[22m[1m (from ./node_modules/handlebars-loader/index.js):
  [1m[31mError[39m[22m[1m: Parse [1m[31merror[39m[22m[1m on line 183:
  ...{{/layout-main}}{{/layout-main}}
  -------------------^
  Expecting 'EOF', got 'OPEN_ENDBLOCK'
      at Parser.parseError (D:\Proyectos\HR-Library\node_modules\handlebars\dist  \cjs\handlebars\compiler\parser.js:267:19)
      at Parser.parse (D:\Proyectos\HR-Library\node_modules\handlebars\dist\cjs\  handlebars\compiler\parser.js:336:30)
      at parseWithoutProcessing (D:\Proyectos\HR-Library\node_modules\handlebars  \dist\cjs\handlebars\compiler\base.js:46:33)
      at HandlebarsEnvironment.parse (D:\Proyectos\HR-Library\node_modules\handl  ebars\dist\cjs\handlebars\compiler\base.js:52:13)
      at compile (D:\Proyectos\HR-Library\node_modules\handlebars-loader\index.j  s:234:18)
      at module.exports (D:\Proyectos\HR-Library\node_modules\handlebars-loader\  index.js:461:5)
  ModuleBuildError: Module build [1m[31mfailed[39m[22m[1m (from ./node_modules/handlebars-loader/i  ndex.js):
  [1m[31mError[39m[22m[1m: Parse [1m[31merror[39m[22m[1m on line 183:
  ...{{/layout-main}}{{/layout-main}}
  -------------------^
  Expecting 'EOF', got 'OPEN_ENDBLOCK'
      at Parser.parseError (D:\Proyectos\HR-Library\node_modules\handlebars\dist  \cjs\handlebars\compiler\parser.js:267:19)
      at Parser.parse (D:\Proyectos\HR-Library\node_modules\handlebars\dist\cjs\  handlebars\compiler\parser.js:336:30)
      at parseWithoutProcessing (D:\Proyectos\HR-Library\node_modules\handlebars  \dist\cjs\handlebars\compiler\base.js:46:33)
      at HandlebarsEnvironment.parse (D:\Proyectos\HR-Library\node_modules\handl  ebars\dist\cjs\handlebars\compiler\base.js:52:13)
      at compile (D:\Proyectos\HR-Library\node_modules\handlebars-loader\index.j  s:234:18)
      at module.exports (D:\Proyectos\HR-Library\node_modules\handlebars-loader\  index.js:461:5)
      at processResult (D:\Proyectos\HR-Library\node_modules\webpack\lib\NormalM  odule.js:764:19)
      at D:\Proyectos\HR-Library\node_modules\webpack\lib\NormalModule.js:866:5
      at D:\Proyectos\HR-Library\node_modules\loader-runner\lib\LoaderRunner.js:  499:11
      at runSyncOrAsyncCallback (D:\Proyectos\HR-Library\node_modules\loader-run  ner\lib\LoaderRunner.js:259:19)
      at innerCallback (D:\Proyectos\HR-Library\node_modules\loader-runner\lib\L  oaderRunner.js:175:13)
      at compile (D:\Proyectos\HR-Library\node_modules\handlebars-loader\index.j  s:238:14)
      at module.exports (D:\Proyectos\HR-Library\node_modules\handlebars-loader\  index.js:461:5)
      at LOADER_EXECUTION (D:\Proyectos\HR-Library\node_modules\loader-runner\li  b\LoaderRunner.js:195:14)
      at runSyncOrAsync (D:\Proyectos\HR-Library\node_modules\loader-runner\lib\  LoaderRunner.js:196:5)
      at iterateNormalLoaders (D:\Proyectos\HR-Library\node_modules\loader-runne  r\lib\LoaderRunner.js:258:2)
  Module build [1m[31mfailed[39m[22m[1m (from ./node_modules/handlebars-loader/index.js):
  [1m[31mError[39m[22m[1m: Parse [1m[31merror[39m[22m[1m on line 216:
  ...{{/layout-main}}{{/layout-main}}
  -------------------^
  Expecting 'EOF', got 'OPEN_ENDBLOCK'
      at Parser.parseError (D:\Proyectos\HR-Library\node_modules\handlebars\dist  \cjs\handlebars\compiler\parser.js:267:19)
      at Parser.parse (D:\Proyectos\HR-Library\node_modules\handlebars\dist\cjs\  handlebars\compiler\parser.js:336:30)
      at parseWithoutProcessing (D:\Proyectos\HR-Library\node_modules\handlebars  \dist\cjs\handlebars\compiler\base.js:46:33)
      at HandlebarsEnvironment.parse (D:\Proyectos\HR-Library\node_modules\handl  ebars\dist\cjs\handlebars\compiler\base.js:52:13)
      at compile (D:\Proyectos\HR-Library\node_modules\handlebars-loader\index.j  s:234:18)
      at module.exports (D:\Proyectos\HR-Library\node_modules\handlebars-loader\  index.js:461:5)
  ModuleBuildError: Module build [1m[31mfailed[39m[22m[1m (from ./node_modules/handlebars-loader/i  ndex.js):
  [1m[31mError[39m[22m[1m: Parse [1m[31merror[39m[22m[1m on line 216:
  ...{{/layout-main}}{{/layout-main}}
  -------------------^
  Expecting 'EOF', got 'OPEN_ENDBLOCK'
      at Parser.parseError (D:\Proyectos\HR-Library\node_modules\handlebars\dist  \cjs\handlebars\compiler\parser.js:267:19)
      at Parser.parse (D:\Proyectos\HR-Library\node_modules\handlebars\dist\cjs\  handlebars\compiler\parser.js:336:30)
      at parseWithoutProcessing (D:\Proyectos\HR-Library\node_modules\handlebars  \dist\cjs\handlebars\compiler\base.js:46:33)
      at HandlebarsEnvironment.parse (D:\Proyectos\HR-Library\node_modules\handl  ebars\dist\cjs\handlebars\compiler\base.js:52:13)
      at compile (D:\Proyectos\HR-Library\node_modules\handlebars-loader\index.j  s:234:18)
      at module.exports (D:\Proyectos\HR-Library\node_modules\handlebars-loader\  index.js:461:5)
      at processResult (D:\Proyectos\HR-Library\node_modules\webpack\lib\NormalM  odule.js:764:19)
      at D:\Proyectos\HR-Library\node_modules\webpack\lib\NormalModule.js:866:5
      at D:\Proyectos\HR-Library\node_modules\loader-runner\lib\LoaderRunner.js:  499:11
      at runSyncOrAsyncCallback (D:\Proyectos\HR-Library\node_modules\loader-run  ner\lib\LoaderRunner.js:259:19)
      at innerCallback (D:\Proyectos\HR-Library\node_modules\loader-runner\lib\L  oaderRunner.js:175:13)
      at compile (D:\Proyectos\HR-Library\node_modules\handlebars-loader\index.j  s:238:14)
      at module.exports (D:\Proyectos\HR-Library\node_modules\handlebars-loader\  index.js:461:5)
      at LOADER_EXECUTION (D:\Proyectos\HR-Library\node_modules\loader-runner\li  b\LoaderRunner.js:195:14)
      at runSyncOrAsync (D:\Proyectos\HR-Library\node_modules\loader-runner\lib\  LoaderRunner.js:196:5)
      at iterateNormalLoaders (D:\Proyectos\HR-Library\node_modules\loader-runne  r\lib\LoaderRunner.js:258:2)
  
  - parser.js:267 Parser.parseError
    [HR-Library]/[handlebars]/dist/cjs/handlebars/compiler/parser.js:267:19
  
  - parser.js:336 Parser.parse
    [HR-Library]/[handlebars]/dist/cjs/handlebars/compiler/parser.js:336:30
  
  - base.js:46 parseWithoutProcessing
    [HR-Library]/[handlebars]/dist/cjs/handlebars/compiler/base.js:46:33
  
  - base.js:52 HandlebarsEnvironment.parse
    [HR-Library]/[handlebars]/dist/cjs/handlebars/compiler/base.js:52:13
  
  - index.js:234 compile
    [HR-Library]/[handlebars-loader]/index.js:234:18
  
  - index.js:461 module.exports
    [HR-Library]/[handlebars-loader]/index.js:461:5
  
  - ModuleBuildError: Module build [1m[31mfailed[39m[22m[1m (from ./node_modules/handlebars-loader    /index.js):
  
  - [1m[31mError[39m[22m[1m: Parse [1m[31merror[39m[22m[1m on line 68:
  
  - ...{{/layout-main}}{{/layout-main}}
  
  - -------------------^
  
  - Expecting 'EOF', got 'OPEN_ENDBLOCK'
  
  - parser.js:267 Parser.parseError
    [HR-Library]/[handlebars]/dist/cjs/handlebars/compiler/parser.js:267:19
  
  - parser.js:336 Parser.parse
    [HR-Library]/[handlebars]/dist/cjs/handlebars/compiler/parser.js:336:30
  
  - base.js:46 parseWithoutProcessing
    [HR-Library]/[handlebars]/dist/cjs/handlebars/compiler/base.js:46:33
  
  - base.js:52 HandlebarsEnvironment.parse
    [HR-Library]/[handlebars]/dist/cjs/handlebars/compiler/base.js:52:13
  
  - index.js:234 compile
    [HR-Library]/[handlebars-loader]/index.js:234:18
  
  - index.js:461 module.exports
    [HR-Library]/[handlebars-loader]/index.js:461:5
  
  - NormalModule.js:764 processResult
    [HR-Library]/[webpack]/lib/NormalModule.js:764:19
  
  - NormalModule.js:866 
    [HR-Library]/[webpack]/lib/NormalModule.js:866:5
  
  - LoaderRunner.js:499 
    [HR-Library]/[loader-runner]/lib/LoaderRunner.js:499:11
  
  - LoaderRunner.js:259 runSyncOrAsyncCallback
    [HR-Library]/[loader-runner]/lib/LoaderRunner.js:259:19
  
  - LoaderRunner.js:175 innerCallback
    [HR-Library]/[loader-runner]/lib/LoaderRunner.js:175:13
  
  - index.js:238 compile
    [HR-Library]/[handlebars-loader]/index.js:238:14
  
  - index.js:461 module.exports
    [HR-Library]/[handlebars-loader]/index.js:461:5
  
  - LoaderRunner.js:195 LOADER_EXECUTION
    [HR-Library]/[loader-runner]/lib/LoaderRunner.js:195:14
  
  - LoaderRunner.js:196 runSyncOrAsync
    [HR-Library]/[loader-runner]/lib/LoaderRunner.js:196:5
  
  - LoaderRunner.js:258 iterateNormalLoaders
    [HR-Library]/[loader-runner]/lib/LoaderRunner.js:258:2
  
  - Module build [1m[31mfailed[39m[22m[1m (from ./node_modules/handlebars-loader/index.js):
  
  - [1m[31mError[39m[22m[1m: Parse [1m[31merror[39m[22m[1m on line 201:
  
  - ...{{/layout-main}}{{/layout-main}}
  
  - -------------------^
  
  - Expecting 'EOF', got 'OPEN_ENDBLOCK'
  
  - parser.js:267 Parser.parseError
    [HR-Library]/[handlebars]/dist/cjs/handlebars/compiler/parser.js:267:19
  
  - parser.js:336 Parser.parse
    [HR-Library]/[handlebars]/dist/cjs/handlebars/compiler/parser.js:336:30
  
  - base.js:46 parseWithoutProcessing
    [HR-Library]/[handlebars]/dist/cjs/handlebars/compiler/base.js:46:33
  
  - base.js:52 HandlebarsEnvironment.parse
    [HR-Library]/[handlebars]/dist/cjs/handlebars/compiler/base.js:52:13
  
  - index.js:234 compile
    [HR-Library]/[handlebars-loader]/index.js:234:18
  
  - index.js:461 module.exports
    [HR-Library]/[handlebars-loader]/index.js:461:5
  
  - ModuleBuildError: Module build [1m[31mfailed[39m[22m[1m (from ./node_modules/handlebars-loader    /index.js):
  
  - [1m[31mError[39m[22m[1m: Parse [1m[31merror[39m[22m[1m on line 201:
  
  - ...{{/layout-main}}{{/layout-main}}
  
  - -------------------^
  
  - Expecting 'EOF', got 'OPEN_ENDBLOCK'
  
  - parser.js:267 Parser.parseError
    [HR-Library]/[handlebars]/dist/cjs/handlebars/compiler/parser.js:267:19
  
  - parser.js:336 Parser.parse
    [HR-Library]/[handlebars]/dist/cjs/handlebars/compiler/parser.js:336:30
  
  - base.js:46 parseWithoutProcessing
    [HR-Library]/[handlebars]/dist/cjs/handlebars/compiler/base.js:46:33
  
  - base.js:52 HandlebarsEnvironment.parse
    [HR-Library]/[handlebars]/dist/cjs/handlebars/compiler/base.js:52:13
  
  - index.js:234 compile
    [HR-Library]/[handlebars-loader]/index.js:234:18
  
  - index.js:461 module.exports
    [HR-Library]/[handlebars-loader]/index.js:461:5
  
  - NormalModule.js:764 processResult
    [HR-Library]/[webpack]/lib/NormalModule.js:764:19
  
  - NormalModule.js:866 
    [HR-Library]/[webpack]/lib/NormalModule.js:866:5
  
[39m[22m

[1m[31mERROR[39m[22m in [1m  [1m[31mError[39m[22m[1m: Child compilation [1m[31mfailed[39m[22m[1m:
  Module build [1m[31mfailed[39m[22m[1m (from ./node_modules/handlebars-loader/index.js):
  [1m[31mError[39m[22m[1m: Parse [1m[31merror[39m[22m[1m on line 68:
  ...{{/layout-main}}{{/layout-main}}
  -------------------^
  Expecting 'EOF', got 'OPEN_ENDBLOCK'
      at Parser.parseError (D:\Proyectos\HR-Library\node_modules\handlebars\dist  \cjs\handlebars\compiler\parser.js:267:19)
      at Parser.parse (D:\Proyectos\HR-Library\node_modules\handlebars\dist\cjs\  handlebars\compiler\parser.js:336:30)
      at parseWithoutProcessing (D:\Proyectos\HR-Library\node_modules\handlebars  \dist\cjs\handlebars\compiler\base.js:46:33)
      at HandlebarsEnvironment.parse (D:\Proyectos\HR-Library\node_modules\handl  ebars\dist\cjs\handlebars\compiler\base.js:52:13)
      at compile (D:\Proyectos\HR-Library\node_modules\handlebars-loader\index.j  s:234:18)
      at module.exports (D:\Proyectos\HR-Library\node_modules\handlebars-loader\  index.js:461:5)
  ModuleBuildError: Module build [1m[31mfailed[39m[22m[1m (from ./node_modules/handlebars-loader/i  ndex.js):
  [1m[31mError[39m[22m[1m: Parse [1m[31merror[39m[22m[1m on line 68:
  ...{{/layout-main}}{{/layout-main}}
  -------------------^
  Expecting 'EOF', got 'OPEN_ENDBLOCK'
      at Parser.parseError (D:\Proyectos\HR-Library\node_modules\handlebars\dist  \cjs\handlebars\compiler\parser.js:267:19)
      at Parser.parse (D:\Proyectos\HR-Library\node_modules\handlebars\dist\cjs\  handlebars\compiler\parser.js:336:30)
      at parseWithoutProcessing (D:\Proyectos\HR-Library\node_modules\handlebars  \dist\cjs\handlebars\compiler\base.js:46:33)
      at HandlebarsEnvironment.parse (D:\Proyectos\HR-Library\node_modules\handl  ebars\dist\cjs\handlebars\compiler\base.js:52:13)
      at compile (D:\Proyectos\HR-Library\node_modules\handlebars-loader\index.j  s:234:18)
      at module.exports (D:\Proyectos\HR-Library\node_modules\handlebars-loader\  index.js:461:5)
      at processResult (D:\Proyectos\HR-Library\node_modules\webpack\lib\NormalM  odule.js:764:19)
      at D:\Proyectos\HR-Library\node_modules\webpack\lib\NormalModule.js:866:5
      at D:\Proyectos\HR-Library\node_modules\loader-runner\lib\LoaderRunner.js:  499:11
      at runSyncOrAsyncCallback (D:\Proyectos\HR-Library\node_modules\loader-run  ner\lib\LoaderRunner.js:259:19)
      at innerCallback (D:\Proyectos\HR-Library\node_modules\loader-runner\lib\L  oaderRunner.js:175:13)
      at compile (D:\Proyectos\HR-Library\node_modules\handlebars-loader\index.j  s:238:14)
      at module.exports (D:\Proyectos\HR-Library\node_modules\handlebars-loader\  index.js:461:5)
      at LOADER_EXECUTION (D:\Proyectos\HR-Library\node_modules\loader-runner\li  b\LoaderRunner.js:195:14)
      at runSyncOrAsync (D:\Proyectos\HR-Library\node_modules\loader-runner\lib\  LoaderRunner.js:196:5)
      at iterateNormalLoaders (D:\Proyectos\HR-Library\node_modules\loader-runne  r\lib\LoaderRunner.js:258:2)
  Module build [1m[31mfailed[39m[22m[1m (from ./node_modules/handlebars-loader/index.js):
  [1m[31mError[39m[22m[1m: Parse [1m[31merror[39m[22m[1m on line 201:
  ...{{/layout-main}}{{/layout-main}}
  -------------------^
  Expecting 'EOF', got 'OPEN_ENDBLOCK'
      at Parser.parseError (D:\Proyectos\HR-Library\node_modules\handlebars\dist  \cjs\handlebars\compiler\parser.js:267:19)
      at Parser.parse (D:\Proyectos\HR-Library\node_modules\handlebars\dist\cjs\  handlebars\compiler\parser.js:336:30)
      at parseWithoutProcessing (D:\Proyectos\HR-Library\node_modules\handlebars  \dist\cjs\handlebars\compiler\base.js:46:33)
      at HandlebarsEnvironment.parse (D:\Proyectos\HR-Library\node_modules\handl  ebars\dist\cjs\handlebars\compiler\base.js:52:13)
      at compile (D:\Proyectos\HR-Library\node_modules\handlebars-loader\index.j  s:234:18)
      at module.exports (D:\Proyectos\HR-Library\node_modules\handlebars-loader\  index.js:461:5)
  ModuleBuildError: Module build [1m[31mfailed[39m[22m[1m (from ./node_modules/handlebars-loader/i  ndex.js):
  [1m[31mError[39m[22m[1m: Parse [1m[31merror[39m[22m[1m on line 201:
  ...{{/layout-main}}{{/layout-main}}
  -------------------^
  Expecting 'EOF', got 'OPEN_ENDBLOCK'
      at Parser.parseError (D:\Proyectos\HR-Library\node_modules\handlebars\dist  \cjs\handlebars\compiler\parser.js:267:19)
      at Parser.parse (D:\Proyectos\HR-Library\node_modules\handlebars\dist\cjs\  handlebars\compiler\parser.js:336:30)
      at parseWithoutProcessing (D:\Proyectos\HR-Library\node_modules\handlebars  \dist\cjs\handlebars\compiler\base.js:46:33)
      at HandlebarsEnvironment.parse (D:\Proyectos\HR-Library\node_modules\handl  ebars\dist\cjs\handlebars\compiler\base.js:52:13)
      at compile (D:\Proyectos\HR-Library\node_modules\handlebars-loader\index.j  s:234:18)
      at module.exports (D:\Proyectos\HR-Library\node_modules\handlebars-loader\  index.js:461:5)
      at processResult (D:\Proyectos\HR-Library\node_modules\webpack\lib\NormalM  odule.js:764:19)
      at D:\Proyectos\HR-Library\node_modules\webpack\lib\NormalModule.js:866:5
      at D:\Proyectos\HR-Library\node_modules\loader-runner\lib\LoaderRunner.js:  499:11
      at runSyncOrAsyncCallback (D:\Proyectos\HR-Library\node_modules\loader-run  ner\lib\LoaderRunner.js:259:19)
      at innerCallback (D:\Proyectos\HR-Library\node_modules\loader-runner\lib\L  oaderRunner.js:175:13)
      at compile (D:\Proyectos\HR-Library\node_modules\handlebars-loader\index.j  s:238:14)
      at module.exports (D:\Proyectos\HR-Library\node_modules\handlebars-loader\  index.js:461:5)
      at LOADER_EXECUTION (D:\Proyectos\HR-Library\node_modules\loader-runner\li  b\LoaderRunner.js:195:14)
      at runSyncOrAsync (D:\Proyectos\HR-Library\node_modules\loader-runner\lib\  LoaderRunner.js:196:5)
      at iterateNormalLoaders (D:\Proyectos\HR-Library\node_modules\loader-runne  r\lib\LoaderRunner.js:258:2)
  Module build [1m[31mfailed[39m[22m[1m (from ./node_modules/handlebars-loader/index.js):
  [1m[31mError[39m[22m[1m: Parse [1m[31merror[39m[22m[1m on line 97:
  ...{{/layout-main}}{{/layout-main}}
  -------------------^
  Expecting 'EOF', got 'OPEN_ENDBLOCK'
      at Parser.parseError (D:\Proyectos\HR-Library\node_modules\handlebars\dist  \cjs\handlebars\compiler\parser.js:267:19)
      at Parser.parse (D:\Proyectos\HR-Library\node_modules\handlebars\dist\cjs\  handlebars\compiler\parser.js:336:30)
      at parseWithoutProcessing (D:\Proyectos\HR-Library\node_modules\handlebars  \dist\cjs\handlebars\compiler\base.js:46:33)
      at HandlebarsEnvironment.parse (D:\Proyectos\HR-Library\node_modules\handl  ebars\dist\cjs\handlebars\compiler\base.js:52:13)
      at compile (D:\Proyectos\HR-Library\node_modules\handlebars-loader\index.j  s:234:18)
      at module.exports (D:\Proyectos\HR-Library\node_modules\handlebars-loader\  index.js:461:5)
  ModuleBuildError: Module build [1m[31mfailed[39m[22m[1m (from ./node_modules/handlebars-loader/i  ndex.js):
  [1m[31mError[39m[22m[1m: Parse [1m[31merror[39m[22m[1m on line 97:
  ...{{/layout-main}}{{/layout-main}}
  -------------------^
  Expecting 'EOF', got 'OPEN_ENDBLOCK'
      at Parser.parseError (D:\Proyectos\HR-Library\node_modules\handlebars\dist  \cjs\handlebars\compiler\parser.js:267:19)
      at Parser.parse (D:\Proyectos\HR-Library\node_modules\handlebars\dist\cjs\  handlebars\compiler\parser.js:336:30)
      at parseWithoutProcessing (D:\Proyectos\HR-Library\node_modules\handlebars  \dist\cjs\handlebars\compiler\base.js:46:33)
      at HandlebarsEnvironment.parse (D:\Proyectos\HR-Library\node_modules\handl  ebars\dist\cjs\handlebars\compiler\base.js:52:13)
      at compile (D:\Proyectos\HR-Library\node_modules\handlebars-loader\index.j  s:234:18)
      at module.exports (D:\Proyectos\HR-Library\node_modules\handlebars-loader\  index.js:461:5)
      at processResult (D:\Proyectos\HR-Library\node_modules\webpack\lib\NormalM  odule.js:764:19)
      at D:\Proyectos\HR-Library\node_modules\webpack\lib\NormalModule.js:866:5
      at D:\Proyectos\HR-Library\node_modules\loader-runner\lib\LoaderRunner.js:  499:11
      at runSyncOrAsyncCallback (D:\Proyectos\HR-Library\node_modules\loader-run  ner\lib\LoaderRunner.js:259:19)
      at innerCallback (D:\Proyectos\HR-Library\node_modules\loader-runner\lib\L  oaderRunner.js:175:13)
      at compile (D:\Proyectos\HR-Library\node_modules\handlebars-loader\index.j  s:238:14)
      at module.exports (D:\Proyectos\HR-Library\node_modules\handlebars-loader\  index.js:461:5)
      at LOADER_EXECUTION (D:\Proyectos\HR-Library\node_modules\loader-runner\li  b\LoaderRunner.js:195:14)
      at runSyncOrAsync (D:\Proyectos\HR-Library\node_modules\loader-runner\lib\  LoaderRunner.js:196:5)
      at iterateNormalLoaders (D:\Proyectos\HR-Library\node_modules\loader-runne  r\lib\LoaderRunner.js:258:2)
  Module build [1m[31mfailed[39m[22m[1m (from ./node_modules/handlebars-loader/index.js):
  [1m[31mError[39m[22m[1m: Parse [1m[31merror[39m[22m[1m on line 146:
  ...{{/layout-main}}{{/layout-main}}
  -------------------^
  Expecting 'EOF', got 'OPEN_ENDBLOCK'
      at Parser.parseError (D:\Proyectos\HR-Library\node_modules\handlebars\dist  \cjs\handlebars\compiler\parser.js:267:19)
      at Parser.parse (D:\Proyectos\HR-Library\node_modules\handlebars\dist\cjs\  handlebars\compiler\parser.js:336:30)
      at parseWithoutProcessing (D:\Proyectos\HR-Library\node_modules\handlebars  \dist\cjs\handlebars\compiler\base.js:46:33)
      at HandlebarsEnvironment.parse (D:\Proyectos\HR-Library\node_modules\handl  ebars\dist\cjs\handlebars\compiler\base.js:52:13)
      at compile (D:\Proyectos\HR-Library\node_modules\handlebars-loader\index.j  s:234:18)
      at module.exports (D:\Proyectos\HR-Library\node_modules\handlebars-loader\  index.js:461:5)
  ModuleBuildError: Module build [1m[31mfailed[39m[22m[1m (from ./node_modules/handlebars-loader/i  ndex.js):
  [1m[31mError[39m[22m[1m: Parse [1m[31merror[39m[22m[1m on line 146:
  ...{{/layout-main}}{{/layout-main}}
  -------------------^
  Expecting 'EOF', got 'OPEN_ENDBLOCK'
      at Parser.parseError (D:\Proyectos\HR-Library\node_modules\handlebars\dist  \cjs\handlebars\compiler\parser.js:267:19)
      at Parser.parse (D:\Proyectos\HR-Library\node_modules\handlebars\dist\cjs\  handlebars\compiler\parser.js:336:30)
      at parseWithoutProcessing (D:\Proyectos\HR-Library\node_modules\handlebars  \dist\cjs\handlebars\compiler\base.js:46:33)
      at HandlebarsEnvironment.parse (D:\Proyectos\HR-Library\node_modules\handl  ebars\dist\cjs\handlebars\compiler\base.js:52:13)
      at compile (D:\Proyectos\HR-Library\node_modules\handlebars-loader\index.j  s:234:18)
      at module.exports (D:\Proyectos\HR-Library\node_modules\handlebars-loader\  index.js:461:5)
      at processResult (D:\Proyectos\HR-Library\node_modules\webpack\lib\NormalM  odule.js:764:19)
      at D:\Proyectos\HR-Library\node_modules\webpack\lib\NormalModule.js:866:5
      at D:\Proyectos\HR-Library\node_modules\loader-runner\lib\LoaderRunner.js:  499:11
      at runSyncOrAsyncCallback (D:\Proyectos\HR-Library\node_modules\loader-run  ner\lib\LoaderRunner.js:259:19)
      at innerCallback (D:\Proyectos\HR-Library\node_modules\loader-runner\lib\L  oaderRunner.js:175:13)
      at compile (D:\Proyectos\HR-Library\node_modules\handlebars-loader\index.j  s:238:14)
      at module.exports (D:\Proyectos\HR-Library\node_modules\handlebars-loader\  index.js:461:5)
      at LOADER_EXECUTION (D:\Proyectos\HR-Library\node_modules\loader-runner\li  b\LoaderRunner.js:195:14)
      at runSyncOrAsync (D:\Proyectos\HR-Library\node_modules\loader-runner\lib\  LoaderRunner.js:196:5)
      at iterateNormalLoaders (D:\Proyectos\HR-Library\node_modules\loader-runne  r\lib\LoaderRunner.js:258:2)
  Module build [1m[31mfailed[39m[22m[1m (from ./node_modules/handlebars-loader/index.js):
  [1m[31mError[39m[22m[1m: Parse [1m[31merror[39m[22m[1m on line 183:
  ...{{/layout-main}}{{/layout-main}}
  -------------------^
  Expecting 'EOF', got 'OPEN_ENDBLOCK'
      at Parser.parseError (D:\Proyectos\HR-Library\node_modules\handlebars\dist  \cjs\handlebars\compiler\parser.js:267:19)
      at Parser.parse (D:\Proyectos\HR-Library\node_modules\handlebars\dist\cjs\  handlebars\compiler\parser.js:336:30)
      at parseWithoutProcessing (D:\Proyectos\HR-Library\node_modules\handlebars  \dist\cjs\handlebars\compiler\base.js:46:33)
      at HandlebarsEnvironment.parse (D:\Proyectos\HR-Library\node_modules\handl  ebars\dist\cjs\handlebars\compiler\base.js:52:13)
      at compile (D:\Proyectos\HR-Library\node_modules\handlebars-loader\index.j  s:234:18)
      at module.exports (D:\Proyectos\HR-Library\node_modules\handlebars-loader\  index.js:461:5)
  ModuleBuildError: Module build [1m[31mfailed[39m[22m[1m (from ./node_modules/handlebars-loader/i  ndex.js):
  [1m[31mError[39m[22m[1m: Parse [1m[31merror[39m[22m[1m on line 183:
  ...{{/layout-main}}{{/layout-main}}
  -------------------^
  Expecting 'EOF', got 'OPEN_ENDBLOCK'
      at Parser.parseError (D:\Proyectos\HR-Library\node_modules\handlebars\dist  \cjs\handlebars\compiler\parser.js:267:19)
      at Parser.parse (D:\Proyectos\HR-Library\node_modules\handlebars\dist\cjs\  handlebars\compiler\parser.js:336:30)
      at parseWithoutProcessing (D:\Proyectos\HR-Library\node_modules\handlebars  \dist\cjs\handlebars\compiler\base.js:46:33)
      at HandlebarsEnvironment.parse (D:\Proyectos\HR-Library\node_modules\handl  ebars\dist\cjs\handlebars\compiler\base.js:52:13)
      at compile (D:\Proyectos\HR-Library\node_modules\handlebars-loader\index.j  s:234:18)
      at module.exports (D:\Proyectos\HR-Library\node_modules\handlebars-loader\  index.js:461:5)
      at processResult (D:\Proyectos\HR-Library\node_modules\webpack\lib\NormalM  odule.js:764:19)
      at D:\Proyectos\HR-Library\node_modules\webpack\lib\NormalModule.js:866:5
      at D:\Proyectos\HR-Library\node_modules\loader-runner\lib\LoaderRunner.js:  499:11
      at runSyncOrAsyncCallback (D:\Proyectos\HR-Library\node_modules\loader-run  ner\lib\LoaderRunner.js:259:19)
      at innerCallback (D:\Proyectos\HR-Library\node_modules\loader-runner\lib\L  oaderRunner.js:175:13)
      at compile (D:\Proyectos\HR-Library\node_modules\handlebars-loader\index.j  s:238:14)
      at module.exports (D:\Proyectos\HR-Library\node_modules\handlebars-loader\  index.js:461:5)
      at LOADER_EXECUTION (D:\Proyectos\HR-Library\node_modules\loader-runner\li  b\LoaderRunner.js:195:14)
      at runSyncOrAsync (D:\Proyectos\HR-Library\node_modules\loader-runner\lib\  LoaderRunner.js:196:5)
      at iterateNormalLoaders (D:\Proyectos\HR-Library\node_modules\loader-runne  r\lib\LoaderRunner.js:258:2)
  Module build [1m[31mfailed[39m[22m[1m (from ./node_modules/handlebars-loader/index.js):
  [1m[31mError[39m[22m[1m: Parse [1m[31merror[39m[22m[1m on line 216:
  ...{{/layout-main}}{{/layout-main}}
  -------------------^
  Expecting 'EOF', got 'OPEN_ENDBLOCK'
      at Parser.parseError (D:\Proyectos\HR-Library\node_modules\handlebars\dist  \cjs\handlebars\compiler\parser.js:267:19)
      at Parser.parse (D:\Proyectos\HR-Library\node_modules\handlebars\dist\cjs\  handlebars\compiler\parser.js:336:30)
      at parseWithoutProcessing (D:\Proyectos\HR-Library\node_modules\handlebars  \dist\cjs\handlebars\compiler\base.js:46:33)
      at HandlebarsEnvironment.parse (D:\Proyectos\HR-Library\node_modules\handl  ebars\dist\cjs\handlebars\compiler\base.js:52:13)
      at compile (D:\Proyectos\HR-Library\node_modules\handlebars-loader\index.j  s:234:18)
      at module.exports (D:\Proyectos\HR-Library\node_modules\handlebars-loader\  index.js:461:5)
  ModuleBuildError: Module build [1m[31mfailed[39m[22m[1m (from ./node_modules/handlebars-loader/i  ndex.js):
  [1m[31mError[39m[22m[1m: Parse [1m[31merror[39m[22m[1m on line 216:
  ...{{/layout-main}}{{/layout-main}}
  -------------------^
  Expecting 'EOF', got 'OPEN_ENDBLOCK'
      at Parser.parseError (D:\Proyectos\HR-Library\node_modules\handlebars\dist  \cjs\handlebars\compiler\parser.js:267:19)
      at Parser.parse (D:\Proyectos\HR-Library\node_modules\handlebars\dist\cjs\  handlebars\compiler\parser.js:336:30)
      at parseWithoutProcessing (D:\Proyectos\HR-Library\node_modules\handlebars  \dist\cjs\handlebars\compiler\base.js:46:33)
      at HandlebarsEnvironment.parse (D:\Proyectos\HR-Library\node_modules\handl  ebars\dist\cjs\handlebars\compiler\base.js:52:13)
      at compile (D:\Proyectos\HR-Library\node_modules\handlebars-loader\index.j  s:234:18)
      at module.exports (D:\Proyectos\HR-Library\node_modules\handlebars-loader\  index.js:461:5)
      at processResult (D:\Proyectos\HR-Library\node_modules\webpack\lib\NormalM  odule.js:764:19)
      at D:\Proyectos\HR-Library\node_modules\webpack\lib\NormalModule.js:866:5
      at D:\Proyectos\HR-Library\node_modules\loader-runner\lib\LoaderRunner.js:  499:11
      at runSyncOrAsyncCallback (D:\Proyectos\HR-Library\node_modules\loader-run  ner\lib\LoaderRunner.js:259:19)
      at innerCallback (D:\Proyectos\HR-Library\node_modules\loader-runner\lib\L  oaderRunner.js:175:13)
      at compile (D:\Proyectos\HR-Library\node_modules\handlebars-loader\index.j  s:238:14)
      at module.exports (D:\Proyectos\HR-Library\node_modules\handlebars-loader\  index.js:461:5)
      at LOADER_EXECUTION (D:\Proyectos\HR-Library\node_modules\loader-runner\li  b\LoaderRunner.js:195:14)
      at runSyncOrAsync (D:\Proyectos\HR-Library\node_modules\loader-runner\lib\  LoaderRunner.js:196:5)
      at iterateNormalLoaders (D:\Proyectos\HR-Library\node_modules\loader-runne  r\lib\LoaderRunner.js:258:2)
  
  - parser.js:267 Parser.parseError
    [HR-Library]/[handlebars]/dist/cjs/handlebars/compiler/parser.js:267:19
  
  - parser.js:336 Parser.parse
    [HR-Library]/[handlebars]/dist/cjs/handlebars/compiler/parser.js:336:30
  
  - base.js:46 parseWithoutProcessing
    [HR-Library]/[handlebars]/dist/cjs/handlebars/compiler/base.js:46:33
  
  - base.js:52 HandlebarsEnvironment.parse
    [HR-Library]/[handlebars]/dist/cjs/handlebars/compiler/base.js:52:13
  
  - index.js:234 compile
    [HR-Library]/[handlebars-loader]/index.js:234:18
  
  - index.js:461 module.exports
    [HR-Library]/[handlebars-loader]/index.js:461:5
  
  - ModuleBuildError: Module build [1m[31mfailed[39m[22m[1m (from ./node_modules/handlebars-loader    /index.js):
  
  - [1m[31mError[39m[22m[1m: Parse [1m[31merror[39m[22m[1m on line 68:
  
  - ...{{/layout-main}}{{/layout-main}}
  
  - -------------------^
  
  - Expecting 'EOF', got 'OPEN_ENDBLOCK'
  
  - parser.js:267 Parser.parseError
    [HR-Library]/[handlebars]/dist/cjs/handlebars/compiler/parser.js:267:19
  
  - parser.js:336 Parser.parse
    [HR-Library]/[handlebars]/dist/cjs/handlebars/compiler/parser.js:336:30
  
  - base.js:46 parseWithoutProcessing
    [HR-Library]/[handlebars]/dist/cjs/handlebars/compiler/base.js:46:33
  
  - base.js:52 HandlebarsEnvironment.parse
    [HR-Library]/[handlebars]/dist/cjs/handlebars/compiler/base.js:52:13
  
  - index.js:234 compile
    [HR-Library]/[handlebars-loader]/index.js:234:18
  
  - index.js:461 module.exports
    [HR-Library]/[handlebars-loader]/index.js:461:5
  
  - NormalModule.js:764 processResult
    [HR-Library]/[webpack]/lib/NormalModule.js:764:19
  
  - NormalModule.js:866 
    [HR-Library]/[webpack]/lib/NormalModule.js:866:5
  
  - LoaderRunner.js:499 
    [HR-Library]/[loader-runner]/lib/LoaderRunner.js:499:11
  
  - LoaderRunner.js:259 runSyncOrAsyncCallback
    [HR-Library]/[loader-runner]/lib/LoaderRunner.js:259:19
  
  - LoaderRunner.js:175 innerCallback
    [HR-Library]/[loader-runner]/lib/LoaderRunner.js:175:13
  
  - index.js:238 compile
    [HR-Library]/[handlebars-loader]/index.js:238:14
  
  - index.js:461 module.exports
    [HR-Library]/[handlebars-loader]/index.js:461:5
  
  - LoaderRunner.js:195 LOADER_EXECUTION
    [HR-Library]/[loader-runner]/lib/LoaderRunner.js:195:14
  
  - LoaderRunner.js:196 runSyncOrAsync
    [HR-Library]/[loader-runner]/lib/LoaderRunner.js:196:5
  
  - LoaderRunner.js:258 iterateNormalLoaders
    [HR-Library]/[loader-runner]/lib/LoaderRunner.js:258:2
  
  - Module build [1m[31mfailed[39m[22m[1m (from ./node_modules/handlebars-loader/index.js):
  
  - [1m[31mError[39m[22m[1m: Parse [1m[31merror[39m[22m[1m on line 201:
  
  - ...{{/layout-main}}{{/layout-main}}
  
  - -------------------^
  
  - Expecting 'EOF', got 'OPEN_ENDBLOCK'
  
  - parser.js:267 Parser.parseError
    [HR-Library]/[handlebars]/dist/cjs/handlebars/compiler/parser.js:267:19
  
  - parser.js:336 Parser.parse
    [HR-Library]/[handlebars]/dist/cjs/handlebars/compiler/parser.js:336:30
  
  - base.js:46 parseWithoutProcessing
    [HR-Library]/[handlebars]/dist/cjs/handlebars/compiler/base.js:46:33
  
  - base.js:52 HandlebarsEnvironment.parse
    [HR-Library]/[handlebars]/dist/cjs/handlebars/compiler/base.js:52:13
  
  - index.js:234 compile
    [HR-Library]/[handlebars-loader]/index.js:234:18
  
  - index.js:461 module.exports
    [HR-Library]/[handlebars-loader]/index.js:461:5
  
  - ModuleBuildError: Module build [1m[31mfailed[39m[22m[1m (from ./node_modules/handlebars-loader    /index.js):
  
  - [1m[31mError[39m[22m[1m: Parse [1m[31merror[39m[22m[1m on line 201:
  
  - ...{{/layout-main}}{{/layout-main}}
  
  - -------------------^
  
  - Expecting 'EOF', got 'OPEN_ENDBLOCK'
  
  - parser.js:267 Parser.parseError
    [HR-Library]/[handlebars]/dist/cjs/handlebars/compiler/parser.js:267:19
  
  - parser.js:336 Parser.parse
    [HR-Library]/[handlebars]/dist/cjs/handlebars/compiler/parser.js:336:30
  
  - base.js:46 parseWithoutProcessing
    [HR-Library]/[handlebars]/dist/cjs/handlebars/compiler/base.js:46:33
  
  - base.js:52 HandlebarsEnvironment.parse
    [HR-Library]/[handlebars]/dist/cjs/handlebars/compiler/base.js:52:13
  
  - index.js:234 compile
    [HR-Library]/[handlebars-loader]/index.js:234:18
  
  - index.js:461 module.exports
    [HR-Library]/[handlebars-loader]/index.js:461:5
  
  - NormalModule.js:764 processResult
    [HR-Library]/[webpack]/lib/NormalModule.js:764:19
  
  - NormalModule.js:866 
    [HR-Library]/[webpack]/lib/NormalModule.js:866:5
  
[39m[22m

[1m[31mERROR[39m[22m in [1m  [1m[31mError[39m[22m[1m: Child compilation [1m[31mfailed[39m[22m[1m:
  Module build [1m[31mfailed[39m[22m[1m (from ./node_modules/handlebars-loader/index.js):
  [1m[31mError[39m[22m[1m: Parse [1m[31merror[39m[22m[1m on line 68:
  ...{{/layout-main}}{{/layout-main}}
  -------------------^
  Expecting 'EOF', got 'OPEN_ENDBLOCK'
      at Parser.parseError (D:\Proyectos\HR-Library\node_modules\handlebars\dist  \cjs\handlebars\compiler\parser.js:267:19)
      at Parser.parse (D:\Proyectos\HR-Library\node_modules\handlebars\dist\cjs\  handlebars\compiler\parser.js:336:30)
      at parseWithoutProcessing (D:\Proyectos\HR-Library\node_modules\handlebars  \dist\cjs\handlebars\compiler\base.js:46:33)
      at HandlebarsEnvironment.parse (D:\Proyectos\HR-Library\node_modules\handl  ebars\dist\cjs\handlebars\compiler\base.js:52:13)
      at compile (D:\Proyectos\HR-Library\node_modules\handlebars-loader\index.j  s:234:18)
      at module.exports (D:\Proyectos\HR-Library\node_modules\handlebars-loader\  index.js:461:5)
  ModuleBuildError: Module build [1m[31mfailed[39m[22m[1m (from ./node_modules/handlebars-loader/i  ndex.js):
  [1m[31mError[39m[22m[1m: Parse [1m[31merror[39m[22m[1m on line 68:
  ...{{/layout-main}}{{/layout-main}}
  -------------------^
  Expecting 'EOF', got 'OPEN_ENDBLOCK'
      at Parser.parseError (D:\Proyectos\HR-Library\node_modules\handlebars\dist  \cjs\handlebars\compiler\parser.js:267:19)
      at Parser.parse (D:\Proyectos\HR-Library\node_modules\handlebars\dist\cjs\  handlebars\compiler\parser.js:336:30)
      at parseWithoutProcessing (D:\Proyectos\HR-Library\node_modules\handlebars  \dist\cjs\handlebars\compiler\base.js:46:33)
      at HandlebarsEnvironment.parse (D:\Proyectos\HR-Library\node_modules\handl  ebars\dist\cjs\handlebars\compiler\base.js:52:13)
      at compile (D:\Proyectos\HR-Library\node_modules\handlebars-loader\index.j  s:234:18)
      at module.exports (D:\Proyectos\HR-Library\node_modules\handlebars-loader\  index.js:461:5)
      at processResult (D:\Proyectos\HR-Library\node_modules\webpack\lib\NormalM  odule.js:764:19)
      at D:\Proyectos\HR-Library\node_modules\webpack\lib\NormalModule.js:866:5
      at D:\Proyectos\HR-Library\node_modules\loader-runner\lib\LoaderRunner.js:  499:11
      at runSyncOrAsyncCallback (D:\Proyectos\HR-Library\node_modules\loader-run  ner\lib\LoaderRunner.js:259:19)
      at innerCallback (D:\Proyectos\HR-Library\node_modules\loader-runner\lib\L  oaderRunner.js:175:13)
      at compile (D:\Proyectos\HR-Library\node_modules\handlebars-loader\index.j  s:238:14)
      at module.exports (D:\Proyectos\HR-Library\node_modules\handlebars-loader\  index.js:461:5)
      at LOADER_EXECUTION (D:\Proyectos\HR-Library\node_modules\loader-runner\li  b\LoaderRunner.js:195:14)
      at runSyncOrAsync (D:\Proyectos\HR-Library\node_modules\loader-runner\lib\  LoaderRunner.js:196:5)
      at iterateNormalLoaders (D:\Proyectos\HR-Library\node_modules\loader-runne  r\lib\LoaderRunner.js:258:2)
  Module build [1m[31mfailed[39m[22m[1m (from ./node_modules/handlebars-loader/index.js):
  [1m[31mError[39m[22m[1m: Parse [1m[31merror[39m[22m[1m on line 201:
  ...{{/layout-main}}{{/layout-main}}
  -------------------^
  Expecting 'EOF', got 'OPEN_ENDBLOCK'
      at Parser.parseError (D:\Proyectos\HR-Library\node_modules\handlebars\dist  \cjs\handlebars\compiler\parser.js:267:19)
      at Parser.parse (D:\Proyectos\HR-Library\node_modules\handlebars\dist\cjs\  handlebars\compiler\parser.js:336:30)
      at parseWithoutProcessing (D:\Proyectos\HR-Library\node_modules\handlebars  \dist\cjs\handlebars\compiler\base.js:46:33)
      at HandlebarsEnvironment.parse (D:\Proyectos\HR-Library\node_modules\handl  ebars\dist\cjs\handlebars\compiler\base.js:52:13)
      at compile (D:\Proyectos\HR-Library\node_modules\handlebars-loader\index.j  s:234:18)
      at module.exports (D:\Proyectos\HR-Library\node_modules\handlebars-loader\  index.js:461:5)
  ModuleBuildError: Module build [1m[31mfailed[39m[22m[1m (from ./node_modules/handlebars-loader/i  ndex.js):
  [1m[31mError[39m[22m[1m: Parse [1m[31merror[39m[22m[1m on line 201:
  ...{{/layout-main}}{{/layout-main}}
  -------------------^
  Expecting 'EOF', got 'OPEN_ENDBLOCK'
      at Parser.parseError (D:\Proyectos\HR-Library\node_modules\handlebars\dist  \cjs\handlebars\compiler\parser.js:267:19)
      at Parser.parse (D:\Proyectos\HR-Library\node_modules\handlebars\dist\cjs\  handlebars\compiler\parser.js:336:30)
      at parseWithoutProcessing (D:\Proyectos\HR-Library\node_modules\handlebars  \dist\cjs\handlebars\compiler\base.js:46:33)
      at HandlebarsEnvironment.parse (D:\Proyectos\HR-Library\node_modules\handl  ebars\dist\cjs\handlebars\compiler\base.js:52:13)
      at compile (D:\Proyectos\HR-Library\node_modules\handlebars-loader\index.j  s:234:18)
      at module.exports (D:\Proyectos\HR-Library\node_modules\handlebars-loader\  index.js:461:5)
      at processResult (D:\Proyectos\HR-Library\node_modules\webpack\lib\NormalM  odule.js:764:19)
      at D:\Proyectos\HR-Library\node_modules\webpack\lib\NormalModule.js:866:5
      at D:\Proyectos\HR-Library\node_modules\loader-runner\lib\LoaderRunner.js:  499:11
      at runSyncOrAsyncCallback (D:\Proyectos\HR-Library\node_modules\loader-run  ner\lib\LoaderRunner.js:259:19)
      at innerCallback (D:\Proyectos\HR-Library\node_modules\loader-runner\lib\L  oaderRunner.js:175:13)
      at compile (D:\Proyectos\HR-Library\node_modules\handlebars-loader\index.j  s:238:14)
      at module.exports (D:\Proyectos\HR-Library\node_modules\handlebars-loader\  index.js:461:5)
      at LOADER_EXECUTION (D:\Proyectos\HR-Library\node_modules\loader-runner\li  b\LoaderRunner.js:195:14)
      at runSyncOrAsync (D:\Proyectos\HR-Library\node_modules\loader-runner\lib\  LoaderRunner.js:196:5)
      at iterateNormalLoaders (D:\Proyectos\HR-Library\node_modules\loader-runne  r\lib\LoaderRunner.js:258:2)
  Module build [1m[31mfailed[39m[22m[1m (from ./node_modules/handlebars-loader/index.js):
  [1m[31mError[39m[22m[1m: Parse [1m[31merror[39m[22m[1m on line 97:
  ...{{/layout-main}}{{/layout-main}}
  -------------------^
  Expecting 'EOF', got 'OPEN_ENDBLOCK'
      at Parser.parseError (D:\Proyectos\HR-Library\node_modules\handlebars\dist  \cjs\handlebars\compiler\parser.js:267:19)
      at Parser.parse (D:\Proyectos\HR-Library\node_modules\handlebars\dist\cjs\  handlebars\compiler\parser.js:336:30)
      at parseWithoutProcessing (D:\Proyectos\HR-Library\node_modules\handlebars  \dist\cjs\handlebars\compiler\base.js:46:33)
      at HandlebarsEnvironment.parse (D:\Proyectos\HR-Library\node_modules\handl  ebars\dist\cjs\handlebars\compiler\base.js:52:13)
      at compile (D:\Proyectos\HR-Library\node_modules\handlebars-loader\index.j  s:234:18)
      at module.exports (D:\Proyectos\HR-Library\node_modules\handlebars-loader\  index.js:461:5)
  ModuleBuildError: Module build [1m[31mfailed[39m[22m[1m (from ./node_modules/handlebars-loader/i  ndex.js):
  [1m[31mError[39m[22m[1m: Parse [1m[31merror[39m[22m[1m on line 97:
  ...{{/layout-main}}{{/layout-main}}
  -------------------^
  Expecting 'EOF', got 'OPEN_ENDBLOCK'
      at Parser.parseError (D:\Proyectos\HR-Library\node_modules\handlebars\dist  \cjs\handlebars\compiler\parser.js:267:19)
      at Parser.parse (D:\Proyectos\HR-Library\node_modules\handlebars\dist\cjs\  handlebars\compiler\parser.js:336:30)
      at parseWithoutProcessing (D:\Proyectos\HR-Library\node_modules\handlebars  \dist\cjs\handlebars\compiler\base.js:46:33)
      at HandlebarsEnvironment.parse (D:\Proyectos\HR-Library\node_modules\handl  ebars\dist\cjs\handlebars\compiler\base.js:52:13)
      at compile (D:\Proyectos\HR-Library\node_modules\handlebars-loader\index.j  s:234:18)
      at module.exports (D:\Proyectos\HR-Library\node_modules\handlebars-loader\  index.js:461:5)
      at processResult (D:\Proyectos\HR-Library\node_modules\webpack\lib\NormalM  odule.js:764:19)
      at D:\Proyectos\HR-Library\node_modules\webpack\lib\NormalModule.js:866:5
      at D:\Proyectos\HR-Library\node_modules\loader-runner\lib\LoaderRunner.js:  499:11
      at runSyncOrAsyncCallback (D:\Proyectos\HR-Library\node_modules\loader-run  ner\lib\LoaderRunner.js:259:19)
      at innerCallback (D:\Proyectos\HR-Library\node_modules\loader-runner\lib\L  oaderRunner.js:175:13)
      at compile (D:\Proyectos\HR-Library\node_modules\handlebars-loader\index.j  s:238:14)
      at module.exports (D:\Proyectos\HR-Library\node_modules\handlebars-loader\  index.js:461:5)
      at LOADER_EXECUTION (D:\Proyectos\HR-Library\node_modules\loader-runner\li  b\LoaderRunner.js:195:14)
      at runSyncOrAsync (D:\Proyectos\HR-Library\node_modules\loader-runner\lib\  LoaderRunner.js:196:5)
      at iterateNormalLoaders (D:\Proyectos\HR-Library\node_modules\loader-runne  r\lib\LoaderRunner.js:258:2)
  Module build [1m[31mfailed[39m[22m[1m (from ./node_modules/handlebars-loader/index.js):
  [1m[31mError[39m[22m[1m: Parse [1m[31merror[39m[22m[1m on line 146:
  ...{{/layout-main}}{{/layout-main}}
  -------------------^
  Expecting 'EOF', got 'OPEN_ENDBLOCK'
      at Parser.parseError (D:\Proyectos\HR-Library\node_modules\handlebars\dist  \cjs\handlebars\compiler\parser.js:267:19)
      at Parser.parse (D:\Proyectos\HR-Library\node_modules\handlebars\dist\cjs\  handlebars\compiler\parser.js:336:30)
      at parseWithoutProcessing (D:\Proyectos\HR-Library\node_modules\handlebars  \dist\cjs\handlebars\compiler\base.js:46:33)
      at HandlebarsEnvironment.parse (D:\Proyectos\HR-Library\node_modules\handl  ebars\dist\cjs\handlebars\compiler\base.js:52:13)
      at compile (D:\Proyectos\HR-Library\node_modules\handlebars-loader\index.j  s:234:18)
      at module.exports (D:\Proyectos\HR-Library\node_modules\handlebars-loader\  index.js:461:5)
  ModuleBuildError: Module build [1m[31mfailed[39m[22m[1m (from ./node_modules/handlebars-loader/i  ndex.js):
  [1m[31mError[39m[22m[1m: Parse [1m[31merror[39m[22m[1m on line 146:
  ...{{/layout-main}}{{/layout-main}}
  -------------------^
  Expecting 'EOF', got 'OPEN_ENDBLOCK'
      at Parser.parseError (D:\Proyectos\HR-Library\node_modules\handlebars\dist  \cjs\handlebars\compiler\parser.js:267:19)
      at Parser.parse (D:\Proyectos\HR-Library\node_modules\handlebars\dist\cjs\  handlebars\compiler\parser.js:336:30)
      at parseWithoutProcessing (D:\Proyectos\HR-Library\node_modules\handlebars  \dist\cjs\handlebars\compiler\base.js:46:33)
      at HandlebarsEnvironment.parse (D:\Proyectos\HR-Library\node_modules\handl  ebars\dist\cjs\handlebars\compiler\base.js:52:13)
      at compile (D:\Proyectos\HR-Library\node_modules\handlebars-loader\index.j  s:234:18)
      at module.exports (D:\Proyectos\HR-Library\node_modules\handlebars-loader\  index.js:461:5)
      at processResult (D:\Proyectos\HR-Library\node_modules\webpack\lib\NormalM  odule.js:764:19)
      at D:\Proyectos\HR-Library\node_modules\webpack\lib\NormalModule.js:866:5
      at D:\Proyectos\HR-Library\node_modules\loader-runner\lib\LoaderRunner.js:  499:11
      at runSyncOrAsyncCallback (D:\Proyectos\HR-Library\node_modules\loader-run  ner\lib\LoaderRunner.js:259:19)
      at innerCallback (D:\Proyectos\HR-Library\node_modules\loader-runner\lib\L  oaderRunner.js:175:13)
      at compile (D:\Proyectos\HR-Library\node_modules\handlebars-loader\index.j  s:238:14)
      at module.exports (D:\Proyectos\HR-Library\node_modules\handlebars-loader\  index.js:461:5)
      at LOADER_EXECUTION (D:\Proyectos\HR-Library\node_modules\loader-runner\li  b\LoaderRunner.js:195:14)
      at runSyncOrAsync (D:\Proyectos\HR-Library\node_modules\loader-runner\lib\  LoaderRunner.js:196:5)
      at iterateNormalLoaders (D:\Proyectos\HR-Library\node_modules\loader-runne  r\lib\LoaderRunner.js:258:2)
  Module build [1m[31mfailed[39m[22m[1m (from ./node_modules/handlebars-loader/index.js):
  [1m[31mError[39m[22m[1m: Parse [1m[31merror[39m[22m[1m on line 183:
  ...{{/layout-main}}{{/layout-main}}
  -------------------^
  Expecting 'EOF', got 'OPEN_ENDBLOCK'
      at Parser.parseError (D:\Proyectos\HR-Library\node_modules\handlebars\dist  \cjs\handlebars\compiler\parser.js:267:19)
      at Parser.parse (D:\Proyectos\HR-Library\node_modules\handlebars\dist\cjs\  handlebars\compiler\parser.js:336:30)
      at parseWithoutProcessing (D:\Proyectos\HR-Library\node_modules\handlebars  \dist\cjs\handlebars\compiler\base.js:46:33)
      at HandlebarsEnvironment.parse (D:\Proyectos\HR-Library\node_modules\handl  ebars\dist\cjs\handlebars\compiler\base.js:52:13)
      at compile (D:\Proyectos\HR-Library\node_modules\handlebars-loader\index.j  s:234:18)
      at module.exports (D:\Proyectos\HR-Library\node_modules\handlebars-loader\  index.js:461:5)
  ModuleBuildError: Module build [1m[31mfailed[39m[22m[1m (from ./node_modules/handlebars-loader/i  ndex.js):
  [1m[31mError[39m[22m[1m: Parse [1m[31merror[39m[22m[1m on line 183:
  ...{{/layout-main}}{{/layout-main}}
  -------------------^
  Expecting 'EOF', got 'OPEN_ENDBLOCK'
      at Parser.parseError (D:\Proyectos\HR-Library\node_modules\handlebars\dist  \cjs\handlebars\compiler\parser.js:267:19)
      at Parser.parse (D:\Proyectos\HR-Library\node_modules\handlebars\dist\cjs\  handlebars\compiler\parser.js:336:30)
      at parseWithoutProcessing (D:\Proyectos\HR-Library\node_modules\handlebars  \dist\cjs\handlebars\compiler\base.js:46:33)
      at HandlebarsEnvironment.parse (D:\Proyectos\HR-Library\node_modules\handl  ebars\dist\cjs\handlebars\compiler\base.js:52:13)
      at compile (D:\Proyectos\HR-Library\node_modules\handlebars-loader\index.j  s:234:18)
      at module.exports (D:\Proyectos\HR-Library\node_modules\handlebars-loader\  index.js:461:5)
      at processResult (D:\Proyectos\HR-Library\node_modules\webpack\lib\NormalM  odule.js:764:19)
      at D:\Proyectos\HR-Library\node_modules\webpack\lib\NormalModule.js:866:5
      at D:\Proyectos\HR-Library\node_modules\loader-runner\lib\LoaderRunner.js:  499:11
      at runSyncOrAsyncCallback (D:\Proyectos\HR-Library\node_modules\loader-run  ner\lib\LoaderRunner.js:259:19)
      at innerCallback (D:\Proyectos\HR-Library\node_modules\loader-runner\lib\L  oaderRunner.js:175:13)
      at compile (D:\Proyectos\HR-Library\node_modules\handlebars-loader\index.j  s:238:14)
      at module.exports (D:\Proyectos\HR-Library\node_modules\handlebars-loader\  index.js:461:5)
      at LOADER_EXECUTION (D:\Proyectos\HR-Library\node_modules\loader-runner\li  b\LoaderRunner.js:195:14)
      at runSyncOrAsync (D:\Proyectos\HR-Library\node_modules\loader-runner\lib\  LoaderRunner.js:196:5)
      at iterateNormalLoaders (D:\Proyectos\HR-Library\node_modules\loader-runne  r\lib\LoaderRunner.js:258:2)
  Module build [1m[31mfailed[39m[22m[1m (from ./node_modules/handlebars-loader/index.js):
  [1m[31mError[39m[22m[1m: Parse [1m[31merror[39m[22m[1m on line 216:
  ...{{/layout-main}}{{/layout-main}}
  -------------------^
  Expecting 'EOF', got 'OPEN_ENDBLOCK'
      at Parser.parseError (D:\Proyectos\HR-Library\node_modules\handlebars\dist  \cjs\handlebars\compiler\parser.js:267:19)
      at Parser.parse (D:\Proyectos\HR-Library\node_modules\handlebars\dist\cjs\  handlebars\compiler\parser.js:336:30)
      at parseWithoutProcessing (D:\Proyectos\HR-Library\node_modules\handlebars  \dist\cjs\handlebars\compiler\base.js:46:33)
      at HandlebarsEnvironment.parse (D:\Proyectos\HR-Library\node_modules\handl  ebars\dist\cjs\handlebars\compiler\base.js:52:13)
      at compile (D:\Proyectos\HR-Library\node_modules\handlebars-loader\index.j  s:234:18)
      at module.exports (D:\Proyectos\HR-Library\node_modules\handlebars-loader\  index.js:461:5)
  ModuleBuildError: Module build [1m[31mfailed[39m[22m[1m (from ./node_modules/handlebars-loader/i  ndex.js):
  [1m[31mError[39m[22m[1m: Parse [1m[31merror[39m[22m[1m on line 216:
  ...{{/layout-main}}{{/layout-main}}
  -------------------^
  Expecting 'EOF', got 'OPEN_ENDBLOCK'
      at Parser.parseError (D:\Proyectos\HR-Library\node_modules\handlebars\dist  \cjs\handlebars\compiler\parser.js:267:19)
      at Parser.parse (D:\Proyectos\HR-Library\node_modules\handlebars\dist\cjs\  handlebars\compiler\parser.js:336:30)
      at parseWithoutProcessing (D:\Proyectos\HR-Library\node_modules\handlebars  \dist\cjs\handlebars\compiler\base.js:46:33)
      at HandlebarsEnvironment.parse (D:\Proyectos\HR-Library\node_modules\handl  ebars\dist\cjs\handlebars\compiler\base.js:52:13)
      at compile (D:\Proyectos\HR-Library\node_modules\handlebars-loader\index.j  s:234:18)
      at module.exports (D:\Proyectos\HR-Library\node_modules\handlebars-loader\  index.js:461:5)
      at processResult (D:\Proyectos\HR-Library\node_modules\webpack\lib\NormalM  odule.js:764:19)
      at D:\Proyectos\HR-Library\node_modules\webpack\lib\NormalModule.js:866:5
      at D:\Proyectos\HR-Library\node_modules\loader-runner\lib\LoaderRunner.js:  499:11
      at runSyncOrAsyncCallback (D:\Proyectos\HR-Library\node_modules\loader-run  ner\lib\LoaderRunner.js:259:19)
      at innerCallback (D:\Proyectos\HR-Library\node_modules\loader-runner\lib\L  oaderRunner.js:175:13)
      at compile (D:\Proyectos\HR-Library\node_modules\handlebars-loader\index.j  s:238:14)
      at module.exports (D:\Proyectos\HR-Library\node_modules\handlebars-loader\  index.js:461:5)
      at LOADER_EXECUTION (D:\Proyectos\HR-Library\node_modules\loader-runner\li  b\LoaderRunner.js:195:14)
      at runSyncOrAsync (D:\Proyectos\HR-Library\node_modules\loader-runner\lib\  LoaderRunner.js:196:5)
      at iterateNormalLoaders (D:\Proyectos\HR-Library\node_modules\loader-runne  r\lib\LoaderRunner.js:258:2)
  
  - parser.js:267 Parser.parseError
    [HR-Library]/[handlebars]/dist/cjs/handlebars/compiler/parser.js:267:19
  
  - parser.js:336 Parser.parse
    [HR-Library]/[handlebars]/dist/cjs/handlebars/compiler/parser.js:336:30
  
  - base.js:46 parseWithoutProcessing
    [HR-Library]/[handlebars]/dist/cjs/handlebars/compiler/base.js:46:33
  
  - base.js:52 HandlebarsEnvironment.parse
    [HR-Library]/[handlebars]/dist/cjs/handlebars/compiler/base.js:52:13
  
  - index.js:234 compile
    [HR-Library]/[handlebars-loader]/index.js:234:18
  
  - index.js:461 module.exports
    [HR-Library]/[handlebars-loader]/index.js:461:5
  
  - ModuleBuildError: Module build [1m[31mfailed[39m[22m[1m (from ./node_modules/handlebars-loader    /index.js):
  
  - [1m[31mError[39m[22m[1m: Parse [1m[31merror[39m[22m[1m on line 68:
  
  - ...{{/layout-main}}{{/layout-main}}
  
  - -------------------^
  
  - Expecting 'EOF', got 'OPEN_ENDBLOCK'
  
  - parser.js:267 Parser.parseError
    [HR-Library]/[handlebars]/dist/cjs/handlebars/compiler/parser.js:267:19
  
  - parser.js:336 Parser.parse
    [HR-Library]/[handlebars]/dist/cjs/handlebars/compiler/parser.js:336:30
  
  - base.js:46 parseWithoutProcessing
    [HR-Library]/[handlebars]/dist/cjs/handlebars/compiler/base.js:46:33
  
  - base.js:52 HandlebarsEnvironment.parse
    [HR-Library]/[handlebars]/dist/cjs/handlebars/compiler/base.js:52:13
  
  - index.js:234 compile
    [HR-Library]/[handlebars-loader]/index.js:234:18
  
  - index.js:461 module.exports
    [HR-Library]/[handlebars-loader]/index.js:461:5
  
  - NormalModule.js:764 processResult
    [HR-Library]/[webpack]/lib/NormalModule.js:764:19
  
  - NormalModule.js:866 
    [HR-Library]/[webpack]/lib/NormalModule.js:866:5
  
  - LoaderRunner.js:499 
    [HR-Library]/[loader-runner]/lib/LoaderRunner.js:499:11
  
  - LoaderRunner.js:259 runSyncOrAsyncCallback
    [HR-Library]/[loader-runner]/lib/LoaderRunner.js:259:19
  
  - LoaderRunner.js:175 innerCallback
    [HR-Library]/[loader-runner]/lib/LoaderRunner.js:175:13
  
  - index.js:238 compile
    [HR-Library]/[handlebars-loader]/index.js:238:14
  
  - index.js:461 module.exports
    [HR-Library]/[handlebars-loader]/index.js:461:5
  
  - LoaderRunner.js:195 LOADER_EXECUTION
    [HR-Library]/[loader-runner]/lib/LoaderRunner.js:195:14
  
  - LoaderRunner.js:196 runSyncOrAsync
    [HR-Library]/[loader-runner]/lib/LoaderRunner.js:196:5
  
  - LoaderRunner.js:258 iterateNormalLoaders
    [HR-Library]/[loader-runner]/lib/LoaderRunner.js:258:2
  
  - Module build [1m[31mfailed[39m[22m[1m (from ./node_modules/handlebars-loader/index.js):
  
  - [1m[31mError[39m[22m[1m: Parse [1m[31merror[39m[22m[1m on line 201:
  
  - ...{{/layout-main}}{{/layout-main}}
  
  - -------------------^
  
  - Expecting 'EOF', got 'OPEN_ENDBLOCK'
  
  - parser.js:267 Parser.parseError
    [HR-Library]/[handlebars]/dist/cjs/handlebars/compiler/parser.js:267:19
  
  - parser.js:336 Parser.parse
    [HR-Library]/[handlebars]/dist/cjs/handlebars/compiler/parser.js:336:30
  
  - base.js:46 parseWithoutProcessing
    [HR-Library]/[handlebars]/dist/cjs/handlebars/compiler/base.js:46:33
  
  - base.js:52 HandlebarsEnvironment.parse
    [HR-Library]/[handlebars]/dist/cjs/handlebars/compiler/base.js:52:13
  
  - index.js:234 compile
    [HR-Library]/[handlebars-loader]/index.js:234:18
  
  - index.js:461 module.exports
    [HR-Library]/[handlebars-loader]/index.js:461:5
  
  - ModuleBuildError: Module build [1m[31mfailed[39m[22m[1m (from ./node_modules/handlebars-loader    /index.js):
  
  - [1m[31mError[39m[22m[1m: Parse [1m[31merror[39m[22m[1m on line 201:
  
  - ...{{/layout-main}}{{/layout-main}}
  
  - -------------------^
  
  - Expecting 'EOF', got 'OPEN_ENDBLOCK'
  
  - parser.js:267 Parser.parseError
    [HR-Library]/[handlebars]/dist/cjs/handlebars/compiler/parser.js:267:19
  
  - parser.js:336 Parser.parse
    [HR-Library]/[handlebars]/dist/cjs/handlebars/compiler/parser.js:336:30
  
  - base.js:46 parseWithoutProcessing
    [HR-Library]/[handlebars]/dist/cjs/handlebars/compiler/base.js:46:33
  
  - base.js:52 HandlebarsEnvironment.parse
    [HR-Library]/[handlebars]/dist/cjs/handlebars/compiler/base.js:52:13
  
  - index.js:234 compile
    [HR-Library]/[handlebars-loader]/index.js:234:18
  
  - index.js:461 module.exports
    [HR-Library]/[handlebars-loader]/index.js:461:5
  
  - NormalModule.js:764 processResult
    [HR-Library]/[webpack]/lib/NormalModule.js:764:19
  
  - NormalModule.js:866 
    [HR-Library]/[webpack]/lib/NormalModule.js:866:5
  
[39m[22m

[1m[31mERROR[39m[22m in [1m  [1m[31mError[39m[22m[1m: Child compilation [1m[31mfailed[39m[22m[1m:
  Module build [1m[31mfailed[39m[22m[1m (from ./node_modules/handlebars-loader/index.js):
  [1m[31mError[39m[22m[1m: Parse [1m[31merror[39m[22m[1m on line 68:
  ...{{/layout-main}}{{/layout-main}}
  -------------------^
  Expecting 'EOF', got 'OPEN_ENDBLOCK'
      at Parser.parseError (D:\Proyectos\HR-Library\node_modules\handlebars\dist  \cjs\handlebars\compiler\parser.js:267:19)
      at Parser.parse (D:\Proyectos\HR-Library\node_modules\handlebars\dist\cjs\  handlebars\compiler\parser.js:336:30)
      at parseWithoutProcessing (D:\Proyectos\HR-Library\node_modules\handlebars  \dist\cjs\handlebars\compiler\base.js:46:33)
      at HandlebarsEnvironment.parse (D:\Proyectos\HR-Library\node_modules\handl  ebars\dist\cjs\handlebars\compiler\base.js:52:13)
      at compile (D:\Proyectos\HR-Library\node_modules\handlebars-loader\index.j  s:234:18)
      at module.exports (D:\Proyectos\HR-Library\node_modules\handlebars-loader\  index.js:461:5)
  ModuleBuildError: Module build [1m[31mfailed[39m[22m[1m (from ./node_modules/handlebars-loader/i  ndex.js):
  [1m[31mError[39m[22m[1m: Parse [1m[31merror[39m[22m[1m on line 68:
  ...{{/layout-main}}{{/layout-main}}
  -------------------^
  Expecting 'EOF', got 'OPEN_ENDBLOCK'
      at Parser.parseError (D:\Proyectos\HR-Library\node_modules\handlebars\dist  \cjs\handlebars\compiler\parser.js:267:19)
      at Parser.parse (D:\Proyectos\HR-Library\node_modules\handlebars\dist\cjs\  handlebars\compiler\parser.js:336:30)
      at parseWithoutProcessing (D:\Proyectos\HR-Library\node_modules\handlebars  \dist\cjs\handlebars\compiler\base.js:46:33)
      at HandlebarsEnvironment.parse (D:\Proyectos\HR-Library\node_modules\handl  ebars\dist\cjs\handlebars\compiler\base.js:52:13)
      at compile (D:\Proyectos\HR-Library\node_modules\handlebars-loader\index.j  s:234:18)
      at module.exports (D:\Proyectos\HR-Library\node_modules\handlebars-loader\  index.js:461:5)
      at processResult (D:\Proyectos\HR-Library\node_modules\webpack\lib\NormalM  odule.js:764:19)
      at D:\Proyectos\HR-Library\node_modules\webpack\lib\NormalModule.js:866:5
      at D:\Proyectos\HR-Library\node_modules\loader-runner\lib\LoaderRunner.js:  499:11
      at runSyncOrAsyncCallback (D:\Proyectos\HR-Library\node_modules\loader-run  ner\lib\LoaderRunner.js:259:19)
      at innerCallback (D:\Proyectos\HR-Library\node_modules\loader-runner\lib\L  oaderRunner.js:175:13)
      at compile (D:\Proyectos\HR-Library\node_modules\handlebars-loader\index.j  s:238:14)
      at module.exports (D:\Proyectos\HR-Library\node_modules\handlebars-loader\  index.js:461:5)
      at LOADER_EXECUTION (D:\Proyectos\HR-Library\node_modules\loader-runner\li  b\LoaderRunner.js:195:14)
      at runSyncOrAsync (D:\Proyectos\HR-Library\node_modules\loader-runner\lib\  LoaderRunner.js:196:5)
      at iterateNormalLoaders (D:\Proyectos\HR-Library\node_modules\loader-runne  r\lib\LoaderRunner.js:258:2)
  Module build [1m[31mfailed[39m[22m[1m (from ./node_modules/handlebars-loader/index.js):
  [1m[31mError[39m[22m[1m: Parse [1m[31merror[39m[22m[1m on line 201:
  ...{{/layout-main}}{{/layout-main}}
  -------------------^
  Expecting 'EOF', got 'OPEN_ENDBLOCK'
      at Parser.parseError (D:\Proyectos\HR-Library\node_modules\handlebars\dist  \cjs\handlebars\compiler\parser.js:267:19)
      at Parser.parse (D:\Proyectos\HR-Library\node_modules\handlebars\dist\cjs\  handlebars\compiler\parser.js:336:30)
      at parseWithoutProcessing (D:\Proyectos\HR-Library\node_modules\handlebars  \dist\cjs\handlebars\compiler\base.js:46:33)
      at HandlebarsEnvironment.parse (D:\Proyectos\HR-Library\node_modules\handl  ebars\dist\cjs\handlebars\compiler\base.js:52:13)
      at compile (D:\Proyectos\HR-Library\node_modules\handlebars-loader\index.j  s:234:18)
      at module.exports (D:\Proyectos\HR-Library\node_modules\handlebars-loader\  index.js:461:5)
  ModuleBuildError: Module build [1m[31mfailed[39m[22m[1m (from ./node_modules/handlebars-loader/i  ndex.js):
  [1m[31mError[39m[22m[1m: Parse [1m[31merror[39m[22m[1m on line 201:
  ...{{/layout-main}}{{/layout-main}}
  -------------------^
  Expecting 'EOF', got 'OPEN_ENDBLOCK'
      at Parser.parseError (D:\Proyectos\HR-Library\node_modules\handlebars\dist  \cjs\handlebars\compiler\parser.js:267:19)
      at Parser.parse (D:\Proyectos\HR-Library\node_modules\handlebars\dist\cjs\  handlebars\compiler\parser.js:336:30)
      at parseWithoutProcessing (D:\Proyectos\HR-Library\node_modules\handlebars  \dist\cjs\handlebars\compiler\base.js:46:33)
      at HandlebarsEnvironment.parse (D:\Proyectos\HR-Library\node_modules\handl  ebars\dist\cjs\handlebars\compiler\base.js:52:13)
      at compile (D:\Proyectos\HR-Library\node_modules\handlebars-loader\index.j  s:234:18)
      at module.exports (D:\Proyectos\HR-Library\node_modules\handlebars-loader\  index.js:461:5)
      at processResult (D:\Proyectos\HR-Library\node_modules\webpack\lib\NormalM  odule.js:764:19)
      at D:\Proyectos\HR-Library\node_modules\webpack\lib\NormalModule.js:866:5
      at D:\Proyectos\HR-Library\node_modules\loader-runner\lib\LoaderRunner.js:  499:11
      at runSyncOrAsyncCallback (D:\Proyectos\HR-Library\node_modules\loader-run  ner\lib\LoaderRunner.js:259:19)
      at innerCallback (D:\Proyectos\HR-Library\node_modules\loader-runner\lib\L  oaderRunner.js:175:13)
      at compile (D:\Proyectos\HR-Library\node_modules\handlebars-loader\index.j  s:238:14)
      at module.exports (D:\Proyectos\HR-Library\node_modules\handlebars-loader\  index.js:461:5)
      at LOADER_EXECUTION (D:\Proyectos\HR-Library\node_modules\loader-runner\li  b\LoaderRunner.js:195:14)
      at runSyncOrAsync (D:\Proyectos\HR-Library\node_modules\loader-runner\lib\  LoaderRunner.js:196:5)
      at iterateNormalLoaders (D:\Proyectos\HR-Library\node_modules\loader-runne  r\lib\LoaderRunner.js:258:2)
  Module build [1m[31mfailed[39m[22m[1m (from ./node_modules/handlebars-loader/index.js):
  [1m[31mError[39m[22m[1m: Parse [1m[31merror[39m[22m[1m on line 97:
  ...{{/layout-main}}{{/layout-main}}
  -------------------^
  Expecting 'EOF', got 'OPEN_ENDBLOCK'
      at Parser.parseError (D:\Proyectos\HR-Library\node_modules\handlebars\dist  \cjs\handlebars\compiler\parser.js:267:19)
      at Parser.parse (D:\Proyectos\HR-Library\node_modules\handlebars\dist\cjs\  handlebars\compiler\parser.js:336:30)
      at parseWithoutProcessing (D:\Proyectos\HR-Library\node_modules\handlebars  \dist\cjs\handlebars\compiler\base.js:46:33)
      at HandlebarsEnvironment.parse (D:\Proyectos\HR-Library\node_modules\handl  ebars\dist\cjs\handlebars\compiler\base.js:52:13)
      at compile (D:\Proyectos\HR-Library\node_modules\handlebars-loader\index.j  s:234:18)
      at module.exports (D:\Proyectos\HR-Library\node_modules\handlebars-loader\  index.js:461:5)
  ModuleBuildError: Module build [1m[31mfailed[39m[22m[1m (from ./node_modules/handlebars-loader/i  ndex.js):
  [1m[31mError[39m[22m[1m: Parse [1m[31merror[39m[22m[1m on line 97:
  ...{{/layout-main}}{{/layout-main}}
  -------------------^
  Expecting 'EOF', got 'OPEN_ENDBLOCK'
      at Parser.parseError (D:\Proyectos\HR-Library\node_modules\handlebars\dist  \cjs\handlebars\compiler\parser.js:267:19)
      at Parser.parse (D:\Proyectos\HR-Library\node_modules\handlebars\dist\cjs\  handlebars\compiler\parser.js:336:30)
      at parseWithoutProcessing (D:\Proyectos\HR-Library\node_modules\handlebars  \dist\cjs\handlebars\compiler\base.js:46:33)
      at HandlebarsEnvironment.parse (D:\Proyectos\HR-Library\node_modules\handl  ebars\dist\cjs\handlebars\compiler\base.js:52:13)
      at compile (D:\Proyectos\HR-Library\node_modules\handlebars-loader\index.j  s:234:18)
      at module.exports (D:\Proyectos\HR-Library\node_modules\handlebars-loader\  index.js:461:5)
      at processResult (D:\Proyectos\HR-Library\node_modules\webpack\lib\NormalM  odule.js:764:19)
      at D:\Proyectos\HR-Library\node_modules\webpack\lib\NormalModule.js:866:5
      at D:\Proyectos\HR-Library\node_modules\loader-runner\lib\LoaderRunner.js:  499:11
      at runSyncOrAsyncCallback (D:\Proyectos\HR-Library\node_modules\loader-run  ner\lib\LoaderRunner.js:259:19)
      at innerCallback (D:\Proyectos\HR-Library\node_modules\loader-runner\lib\L  oaderRunner.js:175:13)
      at compile (D:\Proyectos\HR-Library\node_modules\handlebars-loader\index.j  s:238:14)
      at module.exports (D:\Proyectos\HR-Library\node_modules\handlebars-loader\  index.js:461:5)
      at LOADER_EXECUTION (D:\Proyectos\HR-Library\node_modules\loader-runner\li  b\LoaderRunner.js:195:14)
      at runSyncOrAsync (D:\Proyectos\HR-Library\node_modules\loader-runner\lib\  LoaderRunner.js:196:5)
      at iterateNormalLoaders (D:\Proyectos\HR-Library\node_modules\loader-runne  r\lib\LoaderRunner.js:258:2)
  Module build [1m[31mfailed[39m[22m[1m (from ./node_modules/handlebars-loader/index.js):
  [1m[31mError[39m[22m[1m: Parse [1m[31merror[39m[22m[1m on line 146:
  ...{{/layout-main}}{{/layout-main}}
  -------------------^
  Expecting 'EOF', got 'OPEN_ENDBLOCK'
      at Parser.parseError (D:\Proyectos\HR-Library\node_modules\handlebars\dist  \cjs\handlebars\compiler\parser.js:267:19)
      at Parser.parse (D:\Proyectos\HR-Library\node_modules\handlebars\dist\cjs\  handlebars\compiler\parser.js:336:30)
      at parseWithoutProcessing (D:\Proyectos\HR-Library\node_modules\handlebars  \dist\cjs\handlebars\compiler\base.js:46:33)
      at HandlebarsEnvironment.parse (D:\Proyectos\HR-Library\node_modules\handl  ebars\dist\cjs\handlebars\compiler\base.js:52:13)
      at compile (D:\Proyectos\HR-Library\node_modules\handlebars-loader\index.j  s:234:18)
      at module.exports (D:\Proyectos\HR-Library\node_modules\handlebars-loader\  index.js:461:5)
  ModuleBuildError: Module build [1m[31mfailed[39m[22m[1m (from ./node_modules/handlebars-loader/i  ndex.js):
  [1m[31mError[39m[22m[1m: Parse [1m[31merror[39m[22m[1m on line 146:
  ...{{/layout-main}}{{/layout-main}}
  -------------------^
  Expecting 'EOF', got 'OPEN_ENDBLOCK'
      at Parser.parseError (D:\Proyectos\HR-Library\node_modules\handlebars\dist  \cjs\handlebars\compiler\parser.js:267:19)
      at Parser.parse (D:\Proyectos\HR-Library\node_modules\handlebars\dist\cjs\  handlebars\compiler\parser.js:336:30)
      at parseWithoutProcessing (D:\Proyectos\HR-Library\node_modules\handlebars  \dist\cjs\handlebars\compiler\base.js:46:33)
      at HandlebarsEnvironment.parse (D:\Proyectos\HR-Library\node_modules\handl  ebars\dist\cjs\handlebars\compiler\base.js:52:13)
      at compile (D:\Proyectos\HR-Library\node_modules\handlebars-loader\index.j  s:234:18)
      at module.exports (D:\Proyectos\HR-Library\node_modules\handlebars-loader\  index.js:461:5)
      at processResult (D:\Proyectos\HR-Library\node_modules\webpack\lib\NormalM  odule.js:764:19)
      at D:\Proyectos\HR-Library\node_modules\webpack\lib\NormalModule.js:866:5
      at D:\Proyectos\HR-Library\node_modules\loader-runner\lib\LoaderRunner.js:  499:11
      at runSyncOrAsyncCallback (D:\Proyectos\HR-Library\node_modules\loader-run  ner\lib\LoaderRunner.js:259:19)
      at innerCallback (D:\Proyectos\HR-Library\node_modules\loader-runner\lib\L  oaderRunner.js:175:13)
      at compile (D:\Proyectos\HR-Library\node_modules\handlebars-loader\index.j  s:238:14)
      at module.exports (D:\Proyectos\HR-Library\node_modules\handlebars-loader\  index.js:461:5)
      at LOADER_EXECUTION (D:\Proyectos\HR-Library\node_modules\loader-runner\li  b\LoaderRunner.js:195:14)
      at runSyncOrAsync (D:\Proyectos\HR-Library\node_modules\loader-runner\lib\  LoaderRunner.js:196:5)
      at iterateNormalLoaders (D:\Proyectos\HR-Library\node_modules\loader-runne  r\lib\LoaderRunner.js:258:2)
  Module build [1m[31mfailed[39m[22m[1m (from ./node_modules/handlebars-loader/index.js):
  [1m[31mError[39m[22m[1m: Parse [1m[31merror[39m[22m[1m on line 183:
  ...{{/layout-main}}{{/layout-main}}
  -------------------^
  Expecting 'EOF', got 'OPEN_ENDBLOCK'
      at Parser.parseError (D:\Proyectos\HR-Library\node_modules\handlebars\dist  \cjs\handlebars\compiler\parser.js:267:19)
      at Parser.parse (D:\Proyectos\HR-Library\node_modules\handlebars\dist\cjs\  handlebars\compiler\parser.js:336:30)
      at parseWithoutProcessing (D:\Proyectos\HR-Library\node_modules\handlebars  \dist\cjs\handlebars\compiler\base.js:46:33)
      at HandlebarsEnvironment.parse (D:\Proyectos\HR-Library\node_modules\handl  ebars\dist\cjs\handlebars\compiler\base.js:52:13)
      at compile (D:\Proyectos\HR-Library\node_modules\handlebars-loader\index.j  s:234:18)
      at module.exports (D:\Proyectos\HR-Library\node_modules\handlebars-loader\  index.js:461:5)
  ModuleBuildError: Module build [1m[31mfailed[39m[22m[1m (from ./node_modules/handlebars-loader/i  ndex.js):
  [1m[31mError[39m[22m[1m: Parse [1m[31merror[39m[22m[1m on line 183:
  ...{{/layout-main}}{{/layout-main}}
  -------------------^
  Expecting 'EOF', got 'OPEN_ENDBLOCK'
      at Parser.parseError (D:\Proyectos\HR-Library\node_modules\handlebars\dist  \cjs\handlebars\compiler\parser.js:267:19)
      at Parser.parse (D:\Proyectos\HR-Library\node_modules\handlebars\dist\cjs\  handlebars\compiler\parser.js:336:30)
      at parseWithoutProcessing (D:\Proyectos\HR-Library\node_modules\handlebars  \dist\cjs\handlebars\compiler\base.js:46:33)
      at HandlebarsEnvironment.parse (D:\Proyectos\HR-Library\node_modules\handl  ebars\dist\cjs\handlebars\compiler\base.js:52:13)
      at compile (D:\Proyectos\HR-Library\node_modules\handlebars-loader\index.j  s:234:18)
      at module.exports (D:\Proyectos\HR-Library\node_modules\handlebars-loader\  index.js:461:5)
      at processResult (D:\Proyectos\HR-Library\node_modules\webpack\lib\NormalM  odule.js:764:19)
      at D:\Proyectos\HR-Library\node_modules\webpack\lib\NormalModule.js:866:5
      at D:\Proyectos\HR-Library\node_modules\loader-runner\lib\LoaderRunner.js:  499:11
      at runSyncOrAsyncCallback (D:\Proyectos\HR-Library\node_modules\loader-run  ner\lib\LoaderRunner.js:259:19)
      at innerCallback (D:\Proyectos\HR-Library\node_modules\loader-runner\lib\L  oaderRunner.js:175:13)
      at compile (D:\Proyectos\HR-Library\node_modules\handlebars-loader\index.j  s:238:14)
      at module.exports (D:\Proyectos\HR-Library\node_modules\handlebars-loader\  index.js:461:5)
      at LOADER_EXECUTION (D:\Proyectos\HR-Library\node_modules\loader-runner\li  b\LoaderRunner.js:195:14)
      at runSyncOrAsync (D:\Proyectos\HR-Library\node_modules\loader-runner\lib\  LoaderRunner.js:196:5)
      at iterateNormalLoaders (D:\Proyectos\HR-Library\node_modules\loader-runne  r\lib\LoaderRunner.js:258:2)
  Module build [1m[31mfailed[39m[22m[1m (from ./node_modules/handlebars-loader/index.js):
  [1m[31mError[39m[22m[1m: Parse [1m[31merror[39m[22m[1m on line 216:
  ...{{/layout-main}}{{/layout-main}}
  -------------------^
  Expecting 'EOF', got 'OPEN_ENDBLOCK'
      at Parser.parseError (D:\Proyectos\HR-Library\node_modules\handlebars\dist  \cjs\handlebars\compiler\parser.js:267:19)
      at Parser.parse (D:\Proyectos\HR-Library\node_modules\handlebars\dist\cjs\  handlebars\compiler\parser.js:336:30)
      at parseWithoutProcessing (D:\Proyectos\HR-Library\node_modules\handlebars  \dist\cjs\handlebars\compiler\base.js:46:33)
      at HandlebarsEnvironment.parse (D:\Proyectos\HR-Library\node_modules\handl  ebars\dist\cjs\handlebars\compiler\base.js:52:13)
      at compile (D:\Proyectos\HR-Library\node_modules\handlebars-loader\index.j  s:234:18)
      at module.exports (D:\Proyectos\HR-Library\node_modules\handlebars-loader\  index.js:461:5)
  ModuleBuildError: Module build [1m[31mfailed[39m[22m[1m (from ./node_modules/handlebars-loader/i  ndex.js):
  [1m[31mError[39m[22m[1m: Parse [1m[31merror[39m[22m[1m on line 216:
  ...{{/layout-main}}{{/layout-main}}
  -------------------^
  Expecting 'EOF', got 'OPEN_ENDBLOCK'
      at Parser.parseError (D:\Proyectos\HR-Library\node_modules\handlebars\dist  \cjs\handlebars\compiler\parser.js:267:19)
      at Parser.parse (D:\Proyectos\HR-Library\node_modules\handlebars\dist\cjs\  handlebars\compiler\parser.js:336:30)
      at parseWithoutProcessing (D:\Proyectos\HR-Library\node_modules\handlebars  \dist\cjs\handlebars\compiler\base.js:46:33)
      at HandlebarsEnvironment.parse (D:\Proyectos\HR-Library\node_modules\handl  ebars\dist\cjs\handlebars\compiler\base.js:52:13)
      at compile (D:\Proyectos\HR-Library\node_modules\handlebars-loader\index.j  s:234:18)
      at module.exports (D:\Proyectos\HR-Library\node_modules\handlebars-loader\  index.js:461:5)
      at processResult (D:\Proyectos\HR-Library\node_modules\webpack\lib\NormalM  odule.js:764:19)
      at D:\Proyectos\HR-Library\node_modules\webpack\lib\NormalModule.js:866:5
      at D:\Proyectos\HR-Library\node_modules\loader-runner\lib\LoaderRunner.js:  499:11
      at runSyncOrAsyncCallback (D:\Proyectos\HR-Library\node_modules\loader-run  ner\lib\LoaderRunner.js:259:19)
      at innerCallback (D:\Proyectos\HR-Library\node_modules\loader-runner\lib\L  oaderRunner.js:175:13)
      at compile (D:\Proyectos\HR-Library\node_modules\handlebars-loader\index.j  s:238:14)
      at module.exports (D:\Proyectos\HR-Library\node_modules\handlebars-loader\  index.js:461:5)
      at LOADER_EXECUTION (D:\Proyectos\HR-Library\node_modules\loader-runner\li  b\LoaderRunner.js:195:14)
      at runSyncOrAsync (D:\Proyectos\HR-Library\node_modules\loader-runner\lib\  LoaderRunner.js:196:5)
      at iterateNormalLoaders (D:\Proyectos\HR-Library\node_modules\loader-runne  r\lib\LoaderRunner.js:258:2)
  
  - parser.js:267 Parser.parseError
    [HR-Library]/[handlebars]/dist/cjs/handlebars/compiler/parser.js:267:19
  
  - parser.js:336 Parser.parse
    [HR-Library]/[handlebars]/dist/cjs/handlebars/compiler/parser.js:336:30
  
  - base.js:46 parseWithoutProcessing
    [HR-Library]/[handlebars]/dist/cjs/handlebars/compiler/base.js:46:33
  
  - base.js:52 HandlebarsEnvironment.parse
    [HR-Library]/[handlebars]/dist/cjs/handlebars/compiler/base.js:52:13
  
  - index.js:234 compile
    [HR-Library]/[handlebars-loader]/index.js:234:18
  
  - index.js:461 module.exports
    [HR-Library]/[handlebars-loader]/index.js:461:5
  
  - ModuleBuildError: Module build [1m[31mfailed[39m[22m[1m (from ./node_modules/handlebars-loader    /index.js):
  
  - [1m[31mError[39m[22m[1m: Parse [1m[31merror[39m[22m[1m on line 68:
  
  - ...{{/layout-main}}{{/layout-main}}
  
  - -------------------^
  
  - Expecting 'EOF', got 'OPEN_ENDBLOCK'
  
  - parser.js:267 Parser.parseError
    [HR-Library]/[handlebars]/dist/cjs/handlebars/compiler/parser.js:267:19
  
  - parser.js:336 Parser.parse
    [HR-Library]/[handlebars]/dist/cjs/handlebars/compiler/parser.js:336:30
  
  - base.js:46 parseWithoutProcessing
    [HR-Library]/[handlebars]/dist/cjs/handlebars/compiler/base.js:46:33
  
  - base.js:52 HandlebarsEnvironment.parse
    [HR-Library]/[handlebars]/dist/cjs/handlebars/compiler/base.js:52:13
  
  - index.js:234 compile
    [HR-Library]/[handlebars-loader]/index.js:234:18
  
  - index.js:461 module.exports
    [HR-Library]/[handlebars-loader]/index.js:461:5
  
  - NormalModule.js:764 processResult
    [HR-Library]/[webpack]/lib/NormalModule.js:764:19
  
  - NormalModule.js:866 
    [HR-Library]/[webpack]/lib/NormalModule.js:866:5
  
  - LoaderRunner.js:499 
    [HR-Library]/[loader-runner]/lib/LoaderRunner.js:499:11
  
  - LoaderRunner.js:259 runSyncOrAsyncCallback
    [HR-Library]/[loader-runner]/lib/LoaderRunner.js:259:19
  
  - LoaderRunner.js:175 innerCallback
    [HR-Library]/[loader-runner]/lib/LoaderRunner.js:175:13
  
  - index.js:238 compile
    [HR-Library]/[handlebars-loader]/index.js:238:14
  
  - index.js:461 module.exports
    [HR-Library]/[handlebars-loader]/index.js:461:5
  
  - LoaderRunner.js:195 LOADER_EXECUTION
    [HR-Library]/[loader-runner]/lib/LoaderRunner.js:195:14
  
  - LoaderRunner.js:196 runSyncOrAsync
    [HR-Library]/[loader-runner]/lib/LoaderRunner.js:196:5
  
  - LoaderRunner.js:258 iterateNormalLoaders
    [HR-Library]/[loader-runner]/lib/LoaderRunner.js:258:2
  
  - Module build [1m[31mfailed[39m[22m[1m (from ./node_modules/handlebars-loader/index.js):
  
  - [1m[31mError[39m[22m[1m: Parse [1m[31merror[39m[22m[1m on line 201:
  
  - ...{{/layout-main}}{{/layout-main}}
  
  - -------------------^
  
  - Expecting 'EOF', got 'OPEN_ENDBLOCK'
  
  - parser.js:267 Parser.parseError
    [HR-Library]/[handlebars]/dist/cjs/handlebars/compiler/parser.js:267:19
  
  - parser.js:336 Parser.parse
    [HR-Library]/[handlebars]/dist/cjs/handlebars/compiler/parser.js:336:30
  
  - base.js:46 parseWithoutProcessing
    [HR-Library]/[handlebars]/dist/cjs/handlebars/compiler/base.js:46:33
  
  - base.js:52 HandlebarsEnvironment.parse
    [HR-Library]/[handlebars]/dist/cjs/handlebars/compiler/base.js:52:13
  
  - index.js:234 compile
    [HR-Library]/[handlebars-loader]/index.js:234:18
  
  - index.js:461 module.exports
    [HR-Library]/[handlebars-loader]/index.js:461:5
  
  - ModuleBuildError: Module build [1m[31mfailed[39m[22m[1m (from ./node_modules/handlebars-loader    /index.js):
  
  - [1m[31mError[39m[22m[1m: Parse [1m[31merror[39m[22m[1m on line 201:
  
  - ...{{/layout-main}}{{/layout-main}}
  
  - -------------------^
  
  - Expecting 'EOF', got 'OPEN_ENDBLOCK'
  
  - parser.js:267 Parser.parseError
    [HR-Library]/[handlebars]/dist/cjs/handlebars/compiler/parser.js:267:19
  
  - parser.js:336 Parser.parse
    [HR-Library]/[handlebars]/dist/cjs/handlebars/compiler/parser.js:336:30
  
  - base.js:46 parseWithoutProcessing
    [HR-Library]/[handlebars]/dist/cjs/handlebars/compiler/base.js:46:33
  
  - base.js:52 HandlebarsEnvironment.parse
    [HR-Library]/[handlebars]/dist/cjs/handlebars/compiler/base.js:52:13
  
  - index.js:234 compile
    [HR-Library]/[handlebars-loader]/index.js:234:18
  
  - index.js:461 module.exports
    [HR-Library]/[handlebars-loader]/index.js:461:5
  
  - NormalModule.js:764 processResult
    [HR-Library]/[webpack]/lib/NormalModule.js:764:19
  
  - NormalModule.js:866 
    [HR-Library]/[webpack]/lib/NormalModule.js:866:5
  
[39m[22m

[1m[31mERROR[39m[22m in [1m  [1m[31mError[39m[22m[1m: Child compilation [1m[31mfailed[39m[22m[1m:
  Module build [1m[31mfailed[39m[22m[1m (from ./node_modules/handlebars-loader/index.js):
  [1m[31mError[39m[22m[1m: Parse [1m[31merror[39m[22m[1m on line 68:
  ...{{/layout-main}}{{/layout-main}}
  -------------------^
  Expecting 'EOF', got 'OPEN_ENDBLOCK'
      at Parser.parseError (D:\Proyectos\HR-Library\node_modules\handlebars\dist  \cjs\handlebars\compiler\parser.js:267:19)
      at Parser.parse (D:\Proyectos\HR-Library\node_modules\handlebars\dist\cjs\  handlebars\compiler\parser.js:336:30)
      at parseWithoutProcessing (D:\Proyectos\HR-Library\node_modules\handlebars  \dist\cjs\handlebars\compiler\base.js:46:33)
      at HandlebarsEnvironment.parse (D:\Proyectos\HR-Library\node_modules\handl  ebars\dist\cjs\handlebars\compiler\base.js:52:13)
      at compile (D:\Proyectos\HR-Library\node_modules\handlebars-loader\index.j  s:234:18)
      at module.exports (D:\Proyectos\HR-Library\node_modules\handlebars-loader\  index.js:461:5)
  ModuleBuildError: Module build [1m[31mfailed[39m[22m[1m (from ./node_modules/handlebars-loader/i  ndex.js):
  [1m[31mError[39m[22m[1m: Parse [1m[31merror[39m[22m[1m on line 68:
  ...{{/layout-main}}{{/layout-main}}
  -------------------^
  Expecting 'EOF', got 'OPEN_ENDBLOCK'
      at Parser.parseError (D:\Proyectos\HR-Library\node_modules\handlebars\dist  \cjs\handlebars\compiler\parser.js:267:19)
      at Parser.parse (D:\Proyectos\HR-Library\node_modules\handlebars\dist\cjs\  handlebars\compiler\parser.js:336:30)
      at parseWithoutProcessing (D:\Proyectos\HR-Library\node_modules\handlebars  \dist\cjs\handlebars\compiler\base.js:46:33)
      at HandlebarsEnvironment.parse (D:\Proyectos\HR-Library\node_modules\handl  ebars\dist\cjs\handlebars\compiler\base.js:52:13)
      at compile (D:\Proyectos\HR-Library\node_modules\handlebars-loader\index.j  s:234:18)
      at module.exports (D:\Proyectos\HR-Library\node_modules\handlebars-loader\  index.js:461:5)
      at processResult (D:\Proyectos\HR-Library\node_modules\webpack\lib\NormalM  odule.js:764:19)
      at D:\Proyectos\HR-Library\node_modules\webpack\lib\NormalModule.js:866:5
      at D:\Proyectos\HR-Library\node_modules\loader-runner\lib\LoaderRunner.js:  499:11
      at runSyncOrAsyncCallback (D:\Proyectos\HR-Library\node_modules\loader-run  ner\lib\LoaderRunner.js:259:19)
      at innerCallback (D:\Proyectos\HR-Library\node_modules\loader-runner\lib\L  oaderRunner.js:175:13)
      at compile (D:\Proyectos\HR-Library\node_modules\handlebars-loader\index.j  s:238:14)
      at module.exports (D:\Proyectos\HR-Library\node_modules\handlebars-loader\  index.js:461:5)
      at LOADER_EXECUTION (D:\Proyectos\HR-Library\node_modules\loader-runner\li  b\LoaderRunner.js:195:14)
      at runSyncOrAsync (D:\Proyectos\HR-Library\node_modules\loader-runner\lib\  LoaderRunner.js:196:5)
      at iterateNormalLoaders (D:\Proyectos\HR-Library\node_modules\loader-runne  r\lib\LoaderRunner.js:258:2)
  Module build [1m[31mfailed[39m[22m[1m (from ./node_modules/handlebars-loader/index.js):
  [1m[31mError[39m[22m[1m: Parse [1m[31merror[39m[22m[1m on line 201:
  ...{{/layout-main}}{{/layout-main}}
  -------------------^
  Expecting 'EOF', got 'OPEN_ENDBLOCK'
      at Parser.parseError (D:\Proyectos\HR-Library\node_modules\handlebars\dist  \cjs\handlebars\compiler\parser.js:267:19)
      at Parser.parse (D:\Proyectos\HR-Library\node_modules\handlebars\dist\cjs\  handlebars\compiler\parser.js:336:30)
      at parseWithoutProcessing (D:\Proyectos\HR-Library\node_modules\handlebars  \dist\cjs\handlebars\compiler\base.js:46:33)
      at HandlebarsEnvironment.parse (D:\Proyectos\HR-Library\node_modules\handl  ebars\dist\cjs\handlebars\compiler\base.js:52:13)
      at compile (D:\Proyectos\HR-Library\node_modules\handlebars-loader\index.j  s:234:18)
      at module.exports (D:\Proyectos\HR-Library\node_modules\handlebars-loader\  index.js:461:5)
  ModuleBuildError: Module build [1m[31mfailed[39m[22m[1m (from ./node_modules/handlebars-loader/i  ndex.js):
  [1m[31mError[39m[22m[1m: Parse [1m[31merror[39m[22m[1m on line 201:
  ...{{/layout-main}}{{/layout-main}}
  -------------------^
  Expecting 'EOF', got 'OPEN_ENDBLOCK'
      at Parser.parseError (D:\Proyectos\HR-Library\node_modules\handlebars\dist  \cjs\handlebars\compiler\parser.js:267:19)
      at Parser.parse (D:\Proyectos\HR-Library\node_modules\handlebars\dist\cjs\  handlebars\compiler\parser.js:336:30)
      at parseWithoutProcessing (D:\Proyectos\HR-Library\node_modules\handlebars  \dist\cjs\handlebars\compiler\base.js:46:33)
      at HandlebarsEnvironment.parse (D:\Proyectos\HR-Library\node_modules\handl  ebars\dist\cjs\handlebars\compiler\base.js:52:13)
      at compile (D:\Proyectos\HR-Library\node_modules\handlebars-loader\index.j  s:234:18)
      at module.exports (D:\Proyectos\HR-Library\node_modules\handlebars-loader\  index.js:461:5)
      at processResult (D:\Proyectos\HR-Library\node_modules\webpack\lib\NormalM  odule.js:764:19)
      at D:\Proyectos\HR-Library\node_modules\webpack\lib\NormalModule.js:866:5
      at D:\Proyectos\HR-Library\node_modules\loader-runner\lib\LoaderRunner.js:  499:11
      at runSyncOrAsyncCallback (D:\Proyectos\HR-Library\node_modules\loader-run  ner\lib\LoaderRunner.js:259:19)
      at innerCallback (D:\Proyectos\HR-Library\node_modules\loader-runner\lib\L  oaderRunner.js:175:13)
      at compile (D:\Proyectos\HR-Library\node_modules\handlebars-loader\index.j  s:238:14)
      at module.exports (D:\Proyectos\HR-Library\node_modules\handlebars-loader\  index.js:461:5)
      at LOADER_EXECUTION (D:\Proyectos\HR-Library\node_modules\loader-runner\li  b\LoaderRunner.js:195:14)
      at runSyncOrAsync (D:\Proyectos\HR-Library\node_modules\loader-runner\lib\  LoaderRunner.js:196:5)
      at iterateNormalLoaders (D:\Proyectos\HR-Library\node_modules\loader-runne  r\lib\LoaderRunner.js:258:2)
  Module build [1m[31mfailed[39m[22m[1m (from ./node_modules/handlebars-loader/index.js):
  [1m[31mError[39m[22m[1m: Parse [1m[31merror[39m[22m[1m on line 97:
  ...{{/layout-main}}{{/layout-main}}
  -------------------^
  Expecting 'EOF', got 'OPEN_ENDBLOCK'
      at Parser.parseError (D:\Proyectos\HR-Library\node_modules\handlebars\dist  \cjs\handlebars\compiler\parser.js:267:19)
      at Parser.parse (D:\Proyectos\HR-Library\node_modules\handlebars\dist\cjs\  handlebars\compiler\parser.js:336:30)
      at parseWithoutProcessing (D:\Proyectos\HR-Library\node_modules\handlebars  \dist\cjs\handlebars\compiler\base.js:46:33)
      at HandlebarsEnvironment.parse (D:\Proyectos\HR-Library\node_modules\handl  ebars\dist\cjs\handlebars\compiler\base.js:52:13)
      at compile (D:\Proyectos\HR-Library\node_modules\handlebars-loader\index.j  s:234:18)
      at module.exports (D:\Proyectos\HR-Library\node_modules\handlebars-loader\  index.js:461:5)
  ModuleBuildError: Module build [1m[31mfailed[39m[22m[1m (from ./node_modules/handlebars-loader/i  ndex.js):
  [1m[31mError[39m[22m[1m: Parse [1m[31merror[39m[22m[1m on line 97:
  ...{{/layout-main}}{{/layout-main}}
  -------------------^
  Expecting 'EOF', got 'OPEN_ENDBLOCK'
      at Parser.parseError (D:\Proyectos\HR-Library\node_modules\handlebars\dist  \cjs\handlebars\compiler\parser.js:267:19)
      at Parser.parse (D:\Proyectos\HR-Library\node_modules\handlebars\dist\cjs\  handlebars\compiler\parser.js:336:30)
      at parseWithoutProcessing (D:\Proyectos\HR-Library\node_modules\handlebars  \dist\cjs\handlebars\compiler\base.js:46:33)
      at HandlebarsEnvironment.parse (D:\Proyectos\HR-Library\node_modules\handl  ebars\dist\cjs\handlebars\compiler\base.js:52:13)
      at compile (D:\Proyectos\HR-Library\node_modules\handlebars-loader\index.j  s:234:18)
      at module.exports (D:\Proyectos\HR-Library\node_modules\handlebars-loader\  index.js:461:5)
      at processResult (D:\Proyectos\HR-Library\node_modules\webpack\lib\NormalM  odule.js:764:19)
      at D:\Proyectos\HR-Library\node_modules\webpack\lib\NormalModule.js:866:5
      at D:\Proyectos\HR-Library\node_modules\loader-runner\lib\LoaderRunner.js:  499:11
      at runSyncOrAsyncCallback (D:\Proyectos\HR-Library\node_modules\loader-run  ner\lib\LoaderRunner.js:259:19)
      at innerCallback (D:\Proyectos\HR-Library\node_modules\loader-runner\lib\L  oaderRunner.js:175:13)
      at compile (D:\Proyectos\HR-Library\node_modules\handlebars-loader\index.j  s:238:14)
      at module.exports (D:\Proyectos\HR-Library\node_modules\handlebars-loader\  index.js:461:5)
      at LOADER_EXECUTION (D:\Proyectos\HR-Library\node_modules\loader-runner\li  b\LoaderRunner.js:195:14)
      at runSyncOrAsync (D:\Proyectos\HR-Library\node_modules\loader-runner\lib\  LoaderRunner.js:196:5)
      at iterateNormalLoaders (D:\Proyectos\HR-Library\node_modules\loader-runne  r\lib\LoaderRunner.js:258:2)
  Module build [1m[31mfailed[39m[22m[1m (from ./node_modules/handlebars-loader/index.js):
  [1m[31mError[39m[22m[1m: Parse [1m[31merror[39m[22m[1m on line 146:
  ...{{/layout-main}}{{/layout-main}}
  -------------------^
  Expecting 'EOF', got 'OPEN_ENDBLOCK'
      at Parser.parseError (D:\Proyectos\HR-Library\node_modules\handlebars\dist  \cjs\handlebars\compiler\parser.js:267:19)
      at Parser.parse (D:\Proyectos\HR-Library\node_modules\handlebars\dist\cjs\  handlebars\compiler\parser.js:336:30)
      at parseWithoutProcessing (D:\Proyectos\HR-Library\node_modules\handlebars  \dist\cjs\handlebars\compiler\base.js:46:33)
      at HandlebarsEnvironment.parse (D:\Proyectos\HR-Library\node_modules\handl  ebars\dist\cjs\handlebars\compiler\base.js:52:13)
      at compile (D:\Proyectos\HR-Library\node_modules\handlebars-loader\index.j  s:234:18)
      at module.exports (D:\Proyectos\HR-Library\node_modules\handlebars-loader\  index.js:461:5)
  ModuleBuildError: Module build [1m[31mfailed[39m[22m[1m (from ./node_modules/handlebars-loader/i  ndex.js):
  [1m[31mError[39m[22m[1m: Parse [1m[31merror[39m[22m[1m on line 146:
  ...{{/layout-main}}{{/layout-main}}
  -------------------^
  Expecting 'EOF', got 'OPEN_ENDBLOCK'
      at Parser.parseError (D:\Proyectos\HR-Library\node_modules\handlebars\dist  \cjs\handlebars\compiler\parser.js:267:19)
      at Parser.parse (D:\Proyectos\HR-Library\node_modules\handlebars\dist\cjs\  handlebars\compiler\parser.js:336:30)
      at parseWithoutProcessing (D:\Proyectos\HR-Library\node_modules\handlebars  \dist\cjs\handlebars\compiler\base.js:46:33)
      at HandlebarsEnvironment.parse (D:\Proyectos\HR-Library\node_modules\handl  ebars\dist\cjs\handlebars\compiler\base.js:52:13)
      at compile (D:\Proyectos\HR-Library\node_modules\handlebars-loader\index.j  s:234:18)
      at module.exports (D:\Proyectos\HR-Library\node_modules\handlebars-loader\  index.js:461:5)
      at processResult (D:\Proyectos\HR-Library\node_modules\webpack\lib\NormalM  odule.js:764:19)
      at D:\Proyectos\HR-Library\node_modules\webpack\lib\NormalModule.js:866:5
      at D:\Proyectos\HR-Library\node_modules\loader-runner\lib\LoaderRunner.js:  499:11
      at runSyncOrAsyncCallback (D:\Proyectos\HR-Library\node_modules\loader-run  ner\lib\LoaderRunner.js:259:19)
      at innerCallback (D:\Proyectos\HR-Library\node_modules\loader-runner\lib\L  oaderRunner.js:175:13)
      at compile (D:\Proyectos\HR-Library\node_modules\handlebars-loader\index.j  s:238:14)
      at module.exports (D:\Proyectos\HR-Library\node_modules\handlebars-loader\  index.js:461:5)
      at LOADER_EXECUTION (D:\Proyectos\HR-Library\node_modules\loader-runner\li  b\LoaderRunner.js:195:14)
      at runSyncOrAsync (D:\Proyectos\HR-Library\node_modules\loader-runner\lib\  LoaderRunner.js:196:5)
      at iterateNormalLoaders (D:\Proyectos\HR-Library\node_modules\loader-runne  r\lib\LoaderRunner.js:258:2)
  Module build [1m[31mfailed[39m[22m[1m (from ./node_modules/handlebars-loader/index.js):
  [1m[31mError[39m[22m[1m: Parse [1m[31merror[39m[22m[1m on line 183:
  ...{{/layout-main}}{{/layout-main}}
  -------------------^
  Expecting 'EOF', got 'OPEN_ENDBLOCK'
      at Parser.parseError (D:\Proyectos\HR-Library\node_modules\handlebars\dist  \cjs\handlebars\compiler\parser.js:267:19)
      at Parser.parse (D:\Proyectos\HR-Library\node_modules\handlebars\dist\cjs\  handlebars\compiler\parser.js:336:30)
      at parseWithoutProcessing (D:\Proyectos\HR-Library\node_modules\handlebars  \dist\cjs\handlebars\compiler\base.js:46:33)
      at HandlebarsEnvironment.parse (D:\Proyectos\HR-Library\node_modules\handl  ebars\dist\cjs\handlebars\compiler\base.js:52:13)
      at compile (D:\Proyectos\HR-Library\node_modules\handlebars-loader\index.j  s:234:18)
      at module.exports (D:\Proyectos\HR-Library\node_modules\handlebars-loader\  index.js:461:5)
  ModuleBuildError: Module build [1m[31mfailed[39m[22m[1m (from ./node_modules/handlebars-loader/i  ndex.js):
  [1m[31mError[39m[22m[1m: Parse [1m[31merror[39m[22m[1m on line 183:
  ...{{/layout-main}}{{/layout-main}}
  -------------------^
  Expecting 'EOF', got 'OPEN_ENDBLOCK'
      at Parser.parseError (D:\Proyectos\HR-Library\node_modules\handlebars\dist  \cjs\handlebars\compiler\parser.js:267:19)
      at Parser.parse (D:\Proyectos\HR-Library\node_modules\handlebars\dist\cjs\  handlebars\compiler\parser.js:336:30)
      at parseWithoutProcessing (D:\Proyectos\HR-Library\node_modules\handlebars  \dist\cjs\handlebars\compiler\base.js:46:33)
      at HandlebarsEnvironment.parse (D:\Proyectos\HR-Library\node_modules\handl  ebars\dist\cjs\handlebars\compiler\base.js:52:13)
      at compile (D:\Proyectos\HR-Library\node_modules\handlebars-loader\index.j  s:234:18)
      at module.exports (D:\Proyectos\HR-Library\node_modules\handlebars-loader\  index.js:461:5)
      at processResult (D:\Proyectos\HR-Library\node_modules\webpack\lib\NormalM  odule.js:764:19)
      at D:\Proyectos\HR-Library\node_modules\webpack\lib\NormalModule.js:866:5
      at D:\Proyectos\HR-Library\node_modules\loader-runner\lib\LoaderRunner.js:  499:11
      at runSyncOrAsyncCallback (D:\Proyectos\HR-Library\node_modules\loader-run  ner\lib\LoaderRunner.js:259:19)
      at innerCallback (D:\Proyectos\HR-Library\node_modules\loader-runner\lib\L  oaderRunner.js:175:13)
      at compile (D:\Proyectos\HR-Library\node_modules\handlebars-loader\index.j  s:238:14)
      at module.exports (D:\Proyectos\HR-Library\node_modules\handlebars-loader\  index.js:461:5)
      at LOADER_EXECUTION (D:\Proyectos\HR-Library\node_modules\loader-runner\li  b\LoaderRunner.js:195:14)
      at runSyncOrAsync (D:\Proyectos\HR-Library\node_modules\loader-runner\lib\  LoaderRunner.js:196:5)
      at iterateNormalLoaders (D:\Proyectos\HR-Library\node_modules\loader-runne  r\lib\LoaderRunner.js:258:2)
  Module build [1m[31mfailed[39m[22m[1m (from ./node_modules/handlebars-loader/index.js):
  [1m[31mError[39m[22m[1m: Parse [1m[31merror[39m[22m[1m on line 216:
  ...{{/layout-main}}{{/layout-main}}
  -------------------^
  Expecting 'EOF', got 'OPEN_ENDBLOCK'
      at Parser.parseError (D:\Proyectos\HR-Library\node_modules\handlebars\dist  \cjs\handlebars\compiler\parser.js:267:19)
      at Parser.parse (D:\Proyectos\HR-Library\node_modules\handlebars\dist\cjs\  handlebars\compiler\parser.js:336:30)
      at parseWithoutProcessing (D:\Proyectos\HR-Library\node_modules\handlebars  \dist\cjs\handlebars\compiler\base.js:46:33)
      at HandlebarsEnvironment.parse (D:\Proyectos\HR-Library\node_modules\handl  ebars\dist\cjs\handlebars\compiler\base.js:52:13)
      at compile (D:\Proyectos\HR-Library\node_modules\handlebars-loader\index.j  s:234:18)
      at module.exports (D:\Proyectos\HR-Library\node_modules\handlebars-loader\  index.js:461:5)
  ModuleBuildError: Module build [1m[31mfailed[39m[22m[1m (from ./node_modules/handlebars-loader/i  ndex.js):
  [1m[31mError[39m[22m[1m: Parse [1m[31merror[39m[22m[1m on line 216:
  ...{{/layout-main}}{{/layout-main}}
  -------------------^
  Expecting 'EOF', got 'OPEN_ENDBLOCK'
      at Parser.parseError (D:\Proyectos\HR-Library\node_modules\handlebars\dist  \cjs\handlebars\compiler\parser.js:267:19)
      at Parser.parse (D:\Proyectos\HR-Library\node_modules\handlebars\dist\cjs\  handlebars\compiler\parser.js:336:30)
      at parseWithoutProcessing (D:\Proyectos\HR-Library\node_modules\handlebars  \dist\cjs\handlebars\compiler\base.js:46:33)
      at HandlebarsEnvironment.parse (D:\Proyectos\HR-Library\node_modules\handl  ebars\dist\cjs\handlebars\compiler\base.js:52:13)
      at compile (D:\Proyectos\HR-Library\node_modules\handlebars-loader\index.j  s:234:18)
      at module.exports (D:\Proyectos\HR-Library\node_modules\handlebars-loader\  index.js:461:5)
      at processResult (D:\Proyectos\HR-Library\node_modules\webpack\lib\NormalM  odule.js:764:19)
      at D:\Proyectos\HR-Library\node_modules\webpack\lib\NormalModule.js:866:5
      at D:\Proyectos\HR-Library\node_modules\loader-runner\lib\LoaderRunner.js:  499:11
      at runSyncOrAsyncCallback (D:\Proyectos\HR-Library\node_modules\loader-run  ner\lib\LoaderRunner.js:259:19)
      at innerCallback (D:\Proyectos\HR-Library\node_modules\loader-runner\lib\L  oaderRunner.js:175:13)
      at compile (D:\Proyectos\HR-Library\node_modules\handlebars-loader\index.j  s:238:14)
      at module.exports (D:\Proyectos\HR-Library\node_modules\handlebars-loader\  index.js:461:5)
      at LOADER_EXECUTION (D:\Proyectos\HR-Library\node_modules\loader-runner\li  b\LoaderRunner.js:195:14)
      at runSyncOrAsync (D:\Proyectos\HR-Library\node_modules\loader-runner\lib\  LoaderRunner.js:196:5)
      at iterateNormalLoaders (D:\Proyectos\HR-Library\node_modules\loader-runne  r\lib\LoaderRunner.js:258:2)
  
  - parser.js:267 Parser.parseError
    [HR-Library]/[handlebars]/dist/cjs/handlebars/compiler/parser.js:267:19
  
  - parser.js:336 Parser.parse
    [HR-Library]/[handlebars]/dist/cjs/handlebars/compiler/parser.js:336:30
  
  - base.js:46 parseWithoutProcessing
    [HR-Library]/[handlebars]/dist/cjs/handlebars/compiler/base.js:46:33
  
  - base.js:52 HandlebarsEnvironment.parse
    [HR-Library]/[handlebars]/dist/cjs/handlebars/compiler/base.js:52:13
  
  - index.js:234 compile
    [HR-Library]/[handlebars-loader]/index.js:234:18
  
  - index.js:461 module.exports
    [HR-Library]/[handlebars-loader]/index.js:461:5
  
  - ModuleBuildError: Module build [1m[31mfailed[39m[22m[1m (from ./node_modules/handlebars-loader    /index.js):
  
  - [1m[31mError[39m[22m[1m: Parse [1m[31merror[39m[22m[1m on line 68:
  
  - ...{{/layout-main}}{{/layout-main}}
  
  - -------------------^
  
  - Expecting 'EOF', got 'OPEN_ENDBLOCK'
  
  - parser.js:267 Parser.parseError
    [HR-Library]/[handlebars]/dist/cjs/handlebars/compiler/parser.js:267:19
  
  - parser.js:336 Parser.parse
    [HR-Library]/[handlebars]/dist/cjs/handlebars/compiler/parser.js:336:30
  
  - base.js:46 parseWithoutProcessing
    [HR-Library]/[handlebars]/dist/cjs/handlebars/compiler/base.js:46:33
  
  - base.js:52 HandlebarsEnvironment.parse
    [HR-Library]/[handlebars]/dist/cjs/handlebars/compiler/base.js:52:13
  
  - index.js:234 compile
    [HR-Library]/[handlebars-loader]/index.js:234:18
  
  - index.js:461 module.exports
    [HR-Library]/[handlebars-loader]/index.js:461:5
  
  - NormalModule.js:764 processResult
    [HR-Library]/[webpack]/lib/NormalModule.js:764:19
  
  - NormalModule.js:866 
    [HR-Library]/[webpack]/lib/NormalModule.js:866:5
  
  - LoaderRunner.js:499 
    [HR-Library]/[loader-runner]/lib/LoaderRunner.js:499:11
  
  - LoaderRunner.js:259 runSyncOrAsyncCallback
    [HR-Library]/[loader-runner]/lib/LoaderRunner.js:259:19
  
  - LoaderRunner.js:175 innerCallback
    [HR-Library]/[loader-runner]/lib/LoaderRunner.js:175:13
  
  - index.js:238 compile
    [HR-Library]/[handlebars-loader]/index.js:238:14
  
  - index.js:461 module.exports
    [HR-Library]/[handlebars-loader]/index.js:461:5
  
  - LoaderRunner.js:195 LOADER_EXECUTION
    [HR-Library]/[loader-runner]/lib/LoaderRunner.js:195:14
  
  - LoaderRunner.js:196 runSyncOrAsync
    [HR-Library]/[loader-runner]/lib/LoaderRunner.js:196:5
  
  - LoaderRunner.js:258 iterateNormalLoaders
    [HR-Library]/[loader-runner]/lib/LoaderRunner.js:258:2
  
  - Module build [1m[31mfailed[39m[22m[1m (from ./node_modules/handlebars-loader/index.js):
  
  - [1m[31mError[39m[22m[1m: Parse [1m[31merror[39m[22m[1m on line 201:
  
  - ...{{/layout-main}}{{/layout-main}}
  
  - -------------------^
  
  - Expecting 'EOF', got 'OPEN_ENDBLOCK'
  
  - parser.js:267 Parser.parseError
    [HR-Library]/[handlebars]/dist/cjs/handlebars/compiler/parser.js:267:19
  
  - parser.js:336 Parser.parse
    [HR-Library]/[handlebars]/dist/cjs/handlebars/compiler/parser.js:336:30
  
  - base.js:46 parseWithoutProcessing
    [HR-Library]/[handlebars]/dist/cjs/handlebars/compiler/base.js:46:33
  
  - base.js:52 HandlebarsEnvironment.parse
    [HR-Library]/[handlebars]/dist/cjs/handlebars/compiler/base.js:52:13
  
  - index.js:234 compile
    [HR-Library]/[handlebars-loader]/index.js:234:18
  
  - index.js:461 module.exports
    [HR-Library]/[handlebars-loader]/index.js:461:5
  
  - ModuleBuildError: Module build [1m[31mfailed[39m[22m[1m (from ./node_modules/handlebars-loader    /index.js):
  
  - [1m[31mError[39m[22m[1m: Parse [1m[31merror[39m[22m[1m on line 201:
  
  - ...{{/layout-main}}{{/layout-main}}
  
  - -------------------^
  
  - Expecting 'EOF', got 'OPEN_ENDBLOCK'
  
  - parser.js:267 Parser.parseError
    [HR-Library]/[handlebars]/dist/cjs/handlebars/compiler/parser.js:267:19
  
  - parser.js:336 Parser.parse
    [HR-Library]/[handlebars]/dist/cjs/handlebars/compiler/parser.js:336:30
  
  - base.js:46 parseWithoutProcessing
    [HR-Library]/[handlebars]/dist/cjs/handlebars/compiler/base.js:46:33
  
  - base.js:52 HandlebarsEnvironment.parse
    [HR-Library]/[handlebars]/dist/cjs/handlebars/compiler/base.js:52:13
  
  - index.js:234 compile
    [HR-Library]/[handlebars-loader]/index.js:234:18
  
  - index.js:461 module.exports
    [HR-Library]/[handlebars-loader]/index.js:461:5
  
  - NormalModule.js:764 processResult
    [HR-Library]/[webpack]/lib/NormalModule.js:764:19
  
  - NormalModule.js:866 
    [HR-Library]/[webpack]/lib/NormalModule.js:866:5
  
[39m[22m

[1m[31mERROR[39m[22m in [1m  [1m[31mError[39m[22m[1m: Child compilation [1m[31mfailed[39m[22m[1m:
  Module build [1m[31mfailed[39m[22m[1m (from ./node_modules/handlebars-loader/index.js):
  [1m[31mError[39m[22m[1m: Parse [1m[31merror[39m[22m[1m on line 68:
  ...{{/layout-main}}{{/layout-main}}
  -------------------^
  Expecting 'EOF', got 'OPEN_ENDBLOCK'
      at Parser.parseError (D:\Proyectos\HR-Library\node_modules\handlebars\dist  \cjs\handlebars\compiler\parser.js:267:19)
      at Parser.parse (D:\Proyectos\HR-Library\node_modules\handlebars\dist\cjs\  handlebars\compiler\parser.js:336:30)
      at parseWithoutProcessing (D:\Proyectos\HR-Library\node_modules\handlebars  \dist\cjs\handlebars\compiler\base.js:46:33)
      at HandlebarsEnvironment.parse (D:\Proyectos\HR-Library\node_modules\handl  ebars\dist\cjs\handlebars\compiler\base.js:52:13)
      at compile (D:\Proyectos\HR-Library\node_modules\handlebars-loader\index.j  s:234:18)
      at module.exports (D:\Proyectos\HR-Library\node_modules\handlebars-loader\  index.js:461:5)
  ModuleBuildError: Module build [1m[31mfailed[39m[22m[1m (from ./node_modules/handlebars-loader/i  ndex.js):
  [1m[31mError[39m[22m[1m: Parse [1m[31merror[39m[22m[1m on line 68:
  ...{{/layout-main}}{{/layout-main}}
  -------------------^
  Expecting 'EOF', got 'OPEN_ENDBLOCK'
      at Parser.parseError (D:\Proyectos\HR-Library\node_modules\handlebars\dist  \cjs\handlebars\compiler\parser.js:267:19)
      at Parser.parse (D:\Proyectos\HR-Library\node_modules\handlebars\dist\cjs\  handlebars\compiler\parser.js:336:30)
      at parseWithoutProcessing (D:\Proyectos\HR-Library\node_modules\handlebars  \dist\cjs\handlebars\compiler\base.js:46:33)
      at HandlebarsEnvironment.parse (D:\Proyectos\HR-Library\node_modules\handl  ebars\dist\cjs\handlebars\compiler\base.js:52:13)
      at compile (D:\Proyectos\HR-Library\node_modules\handlebars-loader\index.j  s:234:18)
      at module.exports (D:\Proyectos\HR-Library\node_modules\handlebars-loader\  index.js:461:5)
      at processResult (D:\Proyectos\HR-Library\node_modules\webpack\lib\NormalM  odule.js:764:19)
      at D:\Proyectos\HR-Library\node_modules\webpack\lib\NormalModule.js:866:5
      at D:\Proyectos\HR-Library\node_modules\loader-runner\lib\LoaderRunner.js:  499:11
      at runSyncOrAsyncCallback (D:\Proyectos\HR-Library\node_modules\loader-run  ner\lib\LoaderRunner.js:259:19)
      at innerCallback (D:\Proyectos\HR-Library\node_modules\loader-runner\lib\L  oaderRunner.js:175:13)
      at compile (D:\Proyectos\HR-Library\node_modules\handlebars-loader\index.j  s:238:14)
      at module.exports (D:\Proyectos\HR-Library\node_modules\handlebars-loader\  index.js:461:5)
      at LOADER_EXECUTION (D:\Proyectos\HR-Library\node_modules\loader-runner\li  b\LoaderRunner.js:195:14)
      at runSyncOrAsync (D:\Proyectos\HR-Library\node_modules\loader-runner\lib\  LoaderRunner.js:196:5)
      at iterateNormalLoaders (D:\Proyectos\HR-Library\node_modules\loader-runne  r\lib\LoaderRunner.js:258:2)
  Module build [1m[31mfailed[39m[22m[1m (from ./node_modules/handlebars-loader/index.js):
  [1m[31mError[39m[22m[1m: Parse [1m[31merror[39m[22m[1m on line 201:
  ...{{/layout-main}}{{/layout-main}}
  -------------------^
  Expecting 'EOF', got 'OPEN_ENDBLOCK'
      at Parser.parseError (D:\Proyectos\HR-Library\node_modules\handlebars\dist  \cjs\handlebars\compiler\parser.js:267:19)
      at Parser.parse (D:\Proyectos\HR-Library\node_modules\handlebars\dist\cjs\  handlebars\compiler\parser.js:336:30)
      at parseWithoutProcessing (D:\Proyectos\HR-Library\node_modules\handlebars  \dist\cjs\handlebars\compiler\base.js:46:33)
      at HandlebarsEnvironment.parse (D:\Proyectos\HR-Library\node_modules\handl  ebars\dist\cjs\handlebars\compiler\base.js:52:13)
      at compile (D:\Proyectos\HR-Library\node_modules\handlebars-loader\index.j  s:234:18)
      at module.exports (D:\Proyectos\HR-Library\node_modules\handlebars-loader\  index.js:461:5)
  ModuleBuildError: Module build [1m[31mfailed[39m[22m[1m (from ./node_modules/handlebars-loader/i  ndex.js):
  [1m[31mError[39m[22m[1m: Parse [1m[31merror[39m[22m[1m on line 201:
  ...{{/layout-main}}{{/layout-main}}
  -------------------^
  Expecting 'EOF', got 'OPEN_ENDBLOCK'
      at Parser.parseError (D:\Proyectos\HR-Library\node_modules\handlebars\dist  \cjs\handlebars\compiler\parser.js:267:19)
      at Parser.parse (D:\Proyectos\HR-Library\node_modules\handlebars\dist\cjs\  handlebars\compiler\parser.js:336:30)
      at parseWithoutProcessing (D:\Proyectos\HR-Library\node_modules\handlebars  \dist\cjs\handlebars\compiler\base.js:46:33)
      at HandlebarsEnvironment.parse (D:\Proyectos\HR-Library\node_modules\handl  ebars\dist\cjs\handlebars\compiler\base.js:52:13)
      at compile (D:\Proyectos\HR-Library\node_modules\handlebars-loader\index.j  s:234:18)
      at module.exports (D:\Proyectos\HR-Library\node_modules\handlebars-loader\  index.js:461:5)
      at processResult (D:\Proyectos\HR-Library\node_modules\webpack\lib\NormalM  odule.js:764:19)
      at D:\Proyectos\HR-Library\node_modules\webpack\lib\NormalModule.js:866:5
      at D:\Proyectos\HR-Library\node_modules\loader-runner\lib\LoaderRunner.js:  499:11
      at runSyncOrAsyncCallback (D:\Proyectos\HR-Library\node_modules\loader-run  ner\lib\LoaderRunner.js:259:19)
      at innerCallback (D:\Proyectos\HR-Library\node_modules\loader-runner\lib\L  oaderRunner.js:175:13)
      at compile (D:\Proyectos\HR-Library\node_modules\handlebars-loader\index.j  s:238:14)
      at module.exports (D:\Proyectos\HR-Library\node_modules\handlebars-loader\  index.js:461:5)
      at LOADER_EXECUTION (D:\Proyectos\HR-Library\node_modules\loader-runner\li  b\LoaderRunner.js:195:14)
      at runSyncOrAsync (D:\Proyectos\HR-Library\node_modules\loader-runner\lib\  LoaderRunner.js:196:5)
      at iterateNormalLoaders (D:\Proyectos\HR-Library\node_modules\loader-runne  r\lib\LoaderRunner.js:258:2)
  Module build [1m[31mfailed[39m[22m[1m (from ./node_modules/handlebars-loader/index.js):
  [1m[31mError[39m[22m[1m: Parse [1m[31merror[39m[22m[1m on line 97:
  ...{{/layout-main}}{{/layout-main}}
  -------------------^
  Expecting 'EOF', got 'OPEN_ENDBLOCK'
      at Parser.parseError (D:\Proyectos\HR-Library\node_modules\handlebars\dist  \cjs\handlebars\compiler\parser.js:267:19)
      at Parser.parse (D:\Proyectos\HR-Library\node_modules\handlebars\dist\cjs\  handlebars\compiler\parser.js:336:30)
      at parseWithoutProcessing (D:\Proyectos\HR-Library\node_modules\handlebars  \dist\cjs\handlebars\compiler\base.js:46:33)
      at HandlebarsEnvironment.parse (D:\Proyectos\HR-Library\node_modules\handl  ebars\dist\cjs\handlebars\compiler\base.js:52:13)
      at compile (D:\Proyectos\HR-Library\node_modules\handlebars-loader\index.j  s:234:18)
      at module.exports (D:\Proyectos\HR-Library\node_modules\handlebars-loader\  index.js:461:5)
  ModuleBuildError: Module build [1m[31mfailed[39m[22m[1m (from ./node_modules/handlebars-loader/i  ndex.js):
  [1m[31mError[39m[22m[1m: Parse [1m[31merror[39m[22m[1m on line 97:
  ...{{/layout-main}}{{/layout-main}}
  -------------------^
  Expecting 'EOF', got 'OPEN_ENDBLOCK'
      at Parser.parseError (D:\Proyectos\HR-Library\node_modules\handlebars\dist  \cjs\handlebars\compiler\parser.js:267:19)
      at Parser.parse (D:\Proyectos\HR-Library\node_modules\handlebars\dist\cjs\  handlebars\compiler\parser.js:336:30)
      at parseWithoutProcessing (D:\Proyectos\HR-Library\node_modules\handlebars  \dist\cjs\handlebars\compiler\base.js:46:33)
      at HandlebarsEnvironment.parse (D:\Proyectos\HR-Library\node_modules\handl  ebars\dist\cjs\handlebars\compiler\base.js:52:13)
      at compile (D:\Proyectos\HR-Library\node_modules\handlebars-loader\index.j  s:234:18)
      at module.exports (D:\Proyectos\HR-Library\node_modules\handlebars-loader\  index.js:461:5)
      at processResult (D:\Proyectos\HR-Library\node_modules\webpack\lib\NormalM  odule.js:764:19)
      at D:\Proyectos\HR-Library\node_modules\webpack\lib\NormalModule.js:866:5
      at D:\Proyectos\HR-Library\node_modules\loader-runner\lib\LoaderRunner.js:  499:11
      at runSyncOrAsyncCallback (D:\Proyectos\HR-Library\node_modules\loader-run  ner\lib\LoaderRunner.js:259:19)
      at innerCallback (D:\Proyectos\HR-Library\node_modules\loader-runner\lib\L  oaderRunner.js:175:13)
      at compile (D:\Proyectos\HR-Library\node_modules\handlebars-loader\index.j  s:238:14)
      at module.exports (D:\Proyectos\HR-Library\node_modules\handlebars-loader\  index.js:461:5)
      at LOADER_EXECUTION (D:\Proyectos\HR-Library\node_modules\loader-runner\li  b\LoaderRunner.js:195:14)
      at runSyncOrAsync (D:\Proyectos\HR-Library\node_modules\loader-runner\lib\  LoaderRunner.js:196:5)
      at iterateNormalLoaders (D:\Proyectos\HR-Library\node_modules\loader-runne  r\lib\LoaderRunner.js:258:2)
  Module build [1m[31mfailed[39m[22m[1m (from ./node_modules/handlebars-loader/index.js):
  [1m[31mError[39m[22m[1m: Parse [1m[31merror[39m[22m[1m on line 146:
  ...{{/layout-main}}{{/layout-main}}
  -------------------^
  Expecting 'EOF', got 'OPEN_ENDBLOCK'
      at Parser.parseError (D:\Proyectos\HR-Library\node_modules\handlebars\dist  \cjs\handlebars\compiler\parser.js:267:19)
      at Parser.parse (D:\Proyectos\HR-Library\node_modules\handlebars\dist\cjs\  handlebars\compiler\parser.js:336:30)
      at parseWithoutProcessing (D:\Proyectos\HR-Library\node_modules\handlebars  \dist\cjs\handlebars\compiler\base.js:46:33)
      at HandlebarsEnvironment.parse (D:\Proyectos\HR-Library\node_modules\handl  ebars\dist\cjs\handlebars\compiler\base.js:52:13)
      at compile (D:\Proyectos\HR-Library\node_modules\handlebars-loader\index.j  s:234:18)
      at module.exports (D:\Proyectos\HR-Library\node_modules\handlebars-loader\  index.js:461:5)
  ModuleBuildError: Module build [1m[31mfailed[39m[22m[1m (from ./node_modules/handlebars-loader/i  ndex.js):
  [1m[31mError[39m[22m[1m: Parse [1m[31merror[39m[22m[1m on line 146:
  ...{{/layout-main}}{{/layout-main}}
  -------------------^
  Expecting 'EOF', got 'OPEN_ENDBLOCK'
      at Parser.parseError (D:\Proyectos\HR-Library\node_modules\handlebars\dist  \cjs\handlebars\compiler\parser.js:267:19)
      at Parser.parse (D:\Proyectos\HR-Library\node_modules\handlebars\dist\cjs\  handlebars\compiler\parser.js:336:30)
      at parseWithoutProcessing (D:\Proyectos\HR-Library\node_modules\handlebars  \dist\cjs\handlebars\compiler\base.js:46:33)
      at HandlebarsEnvironment.parse (D:\Proyectos\HR-Library\node_modules\handl  ebars\dist\cjs\handlebars\compiler\base.js:52:13)
      at compile (D:\Proyectos\HR-Library\node_modules\handlebars-loader\index.j  s:234:18)
      at module.exports (D:\Proyectos\HR-Library\node_modules\handlebars-loader\  index.js:461:5)
      at processResult (D:\Proyectos\HR-Library\node_modules\webpack\lib\NormalM  odule.js:764:19)
      at D:\Proyectos\HR-Library\node_modules\webpack\lib\NormalModule.js:866:5
      at D:\Proyectos\HR-Library\node_modules\loader-runner\lib\LoaderRunner.js:  499:11
      at runSyncOrAsyncCallback (D:\Proyectos\HR-Library\node_modules\loader-run  ner\lib\LoaderRunner.js:259:19)
      at innerCallback (D:\Proyectos\HR-Library\node_modules\loader-runner\lib\L  oaderRunner.js:175:13)
      at compile (D:\Proyectos\HR-Library\node_modules\handlebars-loader\index.j  s:238:14)
      at module.exports (D:\Proyectos\HR-Library\node_modules\handlebars-loader\  index.js:461:5)
      at LOADER_EXECUTION (D:\Proyectos\HR-Library\node_modules\loader-runner\li  b\LoaderRunner.js:195:14)
      at runSyncOrAsync (D:\Proyectos\HR-Library\node_modules\loader-runner\lib\  LoaderRunner.js:196:5)
      at iterateNormalLoaders (D:\Proyectos\HR-Library\node_modules\loader-runne  r\lib\LoaderRunner.js:258:2)
  Module build [1m[31mfailed[39m[22m[1m (from ./node_modules/handlebars-loader/index.js):
  [1m[31mError[39m[22m[1m: Parse [1m[31merror[39m[22m[1m on line 183:
  ...{{/layout-main}}{{/layout-main}}
  -------------------^
  Expecting 'EOF', got 'OPEN_ENDBLOCK'
      at Parser.parseError (D:\Proyectos\HR-Library\node_modules\handlebars\dist  \cjs\handlebars\compiler\parser.js:267:19)
      at Parser.parse (D:\Proyectos\HR-Library\node_modules\handlebars\dist\cjs\  handlebars\compiler\parser.js:336:30)
      at parseWithoutProcessing (D:\Proyectos\HR-Library\node_modules\handlebars  \dist\cjs\handlebars\compiler\base.js:46:33)
      at HandlebarsEnvironment.parse (D:\Proyectos\HR-Library\node_modules\handl  ebars\dist\cjs\handlebars\compiler\base.js:52:13)
      at compile (D:\Proyectos\HR-Library\node_modules\handlebars-loader\index.j  s:234:18)
      at module.exports (D:\Proyectos\HR-Library\node_modules\handlebars-loader\  index.js:461:5)
  ModuleBuildError: Module build [1m[31mfailed[39m[22m[1m (from ./node_modules/handlebars-loader/i  ndex.js):
  [1m[31mError[39m[22m[1m: Parse [1m[31merror[39m[22m[1m on line 183:
  ...{{/layout-main}}{{/layout-main}}
  -------------------^
  Expecting 'EOF', got 'OPEN_ENDBLOCK'
      at Parser.parseError (D:\Proyectos\HR-Library\node_modules\handlebars\dist  \cjs\handlebars\compiler\parser.js:267:19)
      at Parser.parse (D:\Proyectos\HR-Library\node_modules\handlebars\dist\cjs\  handlebars\compiler\parser.js:336:30)
      at parseWithoutProcessing (D:\Proyectos\HR-Library\node_modules\handlebars  \dist\cjs\handlebars\compiler\base.js:46:33)
      at HandlebarsEnvironment.parse (D:\Proyectos\HR-Library\node_modules\handl  ebars\dist\cjs\handlebars\compiler\base.js:52:13)
      at compile (D:\Proyectos\HR-Library\node_modules\handlebars-loader\index.j  s:234:18)
      at module.exports (D:\Proyectos\HR-Library\node_modules\handlebars-loader\  index.js:461:5)
      at processResult (D:\Proyectos\HR-Library\node_modules\webpack\lib\NormalM  odule.js:764:19)
      at D:\Proyectos\HR-Library\node_modules\webpack\lib\NormalModule.js:866:5
      at D:\Proyectos\HR-Library\node_modules\loader-runner\lib\LoaderRunner.js:  499:11
      at runSyncOrAsyncCallback (D:\Proyectos\HR-Library\node_modules\loader-run  ner\lib\LoaderRunner.js:259:19)
      at innerCallback (D:\Proyectos\HR-Library\node_modules\loader-runner\lib\L  oaderRunner.js:175:13)
      at compile (D:\Proyectos\HR-Library\node_modules\handlebars-loader\index.j  s:238:14)
      at module.exports (D:\Proyectos\HR-Library\node_modules\handlebars-loader\  index.js:461:5)
      at LOADER_EXECUTION (D:\Proyectos\HR-Library\node_modules\loader-runner\li  b\LoaderRunner.js:195:14)
      at runSyncOrAsync (D:\Proyectos\HR-Library\node_modules\loader-runner\lib\  LoaderRunner.js:196:5)
      at iterateNormalLoaders (D:\Proyectos\HR-Library\node_modules\loader-runne  r\lib\LoaderRunner.js:258:2)
  Module build [1m[31mfailed[39m[22m[1m (from ./node_modules/handlebars-loader/index.js):
  [1m[31mError[39m[22m[1m: Parse [1m[31merror[39m[22m[1m on line 216:
  ...{{/layout-main}}{{/layout-main}}
  -------------------^
  Expecting 'EOF', got 'OPEN_ENDBLOCK'
      at Parser.parseError (D:\Proyectos\HR-Library\node_modules\handlebars\dist  \cjs\handlebars\compiler\parser.js:267:19)
      at Parser.parse (D:\Proyectos\HR-Library\node_modules\handlebars\dist\cjs\  handlebars\compiler\parser.js:336:30)
      at parseWithoutProcessing (D:\Proyectos\HR-Library\node_modules\handlebars  \dist\cjs\handlebars\compiler\base.js:46:33)
      at HandlebarsEnvironment.parse (D:\Proyectos\HR-Library\node_modules\handl  ebars\dist\cjs\handlebars\compiler\base.js:52:13)
      at compile (D:\Proyectos\HR-Library\node_modules\handlebars-loader\index.j  s:234:18)
      at module.exports (D:\Proyectos\HR-Library\node_modules\handlebars-loader\  index.js:461:5)
  ModuleBuildError: Module build [1m[31mfailed[39m[22m[1m (from ./node_modules/handlebars-loader/i  ndex.js):
  [1m[31mError[39m[22m[1m: Parse [1m[31merror[39m[22m[1m on line 216:
  ...{{/layout-main}}{{/layout-main}}
  -------------------^
  Expecting 'EOF', got 'OPEN_ENDBLOCK'
      at Parser.parseError (D:\Proyectos\HR-Library\node_modules\handlebars\dist  \cjs\handlebars\compiler\parser.js:267:19)
      at Parser.parse (D:\Proyectos\HR-Library\node_modules\handlebars\dist\cjs\  handlebars\compiler\parser.js:336:30)
      at parseWithoutProcessing (D:\Proyectos\HR-Library\node_modules\handlebars  \dist\cjs\handlebars\compiler\base.js:46:33)
      at HandlebarsEnvironment.parse (D:\Proyectos\HR-Library\node_modules\handl  ebars\dist\cjs\handlebars\compiler\base.js:52:13)
      at compile (D:\Proyectos\HR-Library\node_modules\handlebars-loader\index.j  s:234:18)
      at module.exports (D:\Proyectos\HR-Library\node_modules\handlebars-loader\  index.js:461:5)
      at processResult (D:\Proyectos\HR-Library\node_modules\webpack\lib\NormalM  odule.js:764:19)
      at D:\Proyectos\HR-Library\node_modules\webpack\lib\NormalModule.js:866:5
      at D:\Proyectos\HR-Library\node_modules\loader-runner\lib\LoaderRunner.js:  499:11
      at runSyncOrAsyncCallback (D:\Proyectos\HR-Library\node_modules\loader-run  ner\lib\LoaderRunner.js:259:19)
      at innerCallback (D:\Proyectos\HR-Library\node_modules\loader-runner\lib\L  oaderRunner.js:175:13)
      at compile (D:\Proyectos\HR-Library\node_modules\handlebars-loader\index.j  s:238:14)
      at module.exports (D:\Proyectos\HR-Library\node_modules\handlebars-loader\  index.js:461:5)
      at LOADER_EXECUTION (D:\Proyectos\HR-Library\node_modules\loader-runner\li  b\LoaderRunner.js:195:14)
      at runSyncOrAsync (D:\Proyectos\HR-Library\node_modules\loader-runner\lib\  LoaderRunner.js:196:5)
      at iterateNormalLoaders (D:\Proyectos\HR-Library\node_modules\loader-runne  r\lib\LoaderRunner.js:258:2)
  
  - parser.js:267 Parser.parseError
    [HR-Library]/[handlebars]/dist/cjs/handlebars/compiler/parser.js:267:19
  
  - parser.js:336 Parser.parse
    [HR-Library]/[handlebars]/dist/cjs/handlebars/compiler/parser.js:336:30
  
  - base.js:46 parseWithoutProcessing
    [HR-Library]/[handlebars]/dist/cjs/handlebars/compiler/base.js:46:33
  
  - base.js:52 HandlebarsEnvironment.parse
    [HR-Library]/[handlebars]/dist/cjs/handlebars/compiler/base.js:52:13
  
  - index.js:234 compile
    [HR-Library]/[handlebars-loader]/index.js:234:18
  
  - index.js:461 module.exports
    [HR-Library]/[handlebars-loader]/index.js:461:5
  
  - ModuleBuildError: Module build [1m[31mfailed[39m[22m[1m (from ./node_modules/handlebars-loader    /index.js):
  
  - [1m[31mError[39m[22m[1m: Parse [1m[31merror[39m[22m[1m on line 68:
  
  - ...{{/layout-main}}{{/layout-main}}
  
  - -------------------^
  
  - Expecting 'EOF', got 'OPEN_ENDBLOCK'
  
  - parser.js:267 Parser.parseError
    [HR-Library]/[handlebars]/dist/cjs/handlebars/compiler/parser.js:267:19
  
  - parser.js:336 Parser.parse
    [HR-Library]/[handlebars]/dist/cjs/handlebars/compiler/parser.js:336:30
  
  - base.js:46 parseWithoutProcessing
    [HR-Library]/[handlebars]/dist/cjs/handlebars/compiler/base.js:46:33
  
  - base.js:52 HandlebarsEnvironment.parse
    [HR-Library]/[handlebars]/dist/cjs/handlebars/compiler/base.js:52:13
  
  - index.js:234 compile
    [HR-Library]/[handlebars-loader]/index.js:234:18
  
  - index.js:461 module.exports
    [HR-Library]/[handlebars-loader]/index.js:461:5
  
  - NormalModule.js:764 processResult
    [HR-Library]/[webpack]/lib/NormalModule.js:764:19
  
  - NormalModule.js:866 
    [HR-Library]/[webpack]/lib/NormalModule.js:866:5
  
  - LoaderRunner.js:499 
    [HR-Library]/[loader-runner]/lib/LoaderRunner.js:499:11
  
  - LoaderRunner.js:259 runSyncOrAsyncCallback
    [HR-Library]/[loader-runner]/lib/LoaderRunner.js:259:19
  
  - LoaderRunner.js:175 innerCallback
    [HR-Library]/[loader-runner]/lib/LoaderRunner.js:175:13
  
  - index.js:238 compile
    [HR-Library]/[handlebars-loader]/index.js:238:14
  
  - index.js:461 module.exports
    [HR-Library]/[handlebars-loader]/index.js:461:5
  
  - LoaderRunner.js:195 LOADER_EXECUTION
    [HR-Library]/[loader-runner]/lib/LoaderRunner.js:195:14
  
  - LoaderRunner.js:196 runSyncOrAsync
    [HR-Library]/[loader-runner]/lib/LoaderRunner.js:196:5
  
  - LoaderRunner.js:258 iterateNormalLoaders
    [HR-Library]/[loader-runner]/lib/LoaderRunner.js:258:2
  
  - Module build [1m[31mfailed[39m[22m[1m (from ./node_modules/handlebars-loader/index.js):
  
  - [1m[31mError[39m[22m[1m: Parse [1m[31merror[39m[22m[1m on line 201:
  
  - ...{{/layout-main}}{{/layout-main}}
  
  - -------------------^
  
  - Expecting 'EOF', got 'OPEN_ENDBLOCK'
  
  - parser.js:267 Parser.parseError
    [HR-Library]/[handlebars]/dist/cjs/handlebars/compiler/parser.js:267:19
  
  - parser.js:336 Parser.parse
    [HR-Library]/[handlebars]/dist/cjs/handlebars/compiler/parser.js:336:30
  
  - base.js:46 parseWithoutProcessing
    [HR-Library]/[handlebars]/dist/cjs/handlebars/compiler/base.js:46:33
  
  - base.js:52 HandlebarsEnvironment.parse
    [HR-Library]/[handlebars]/dist/cjs/handlebars/compiler/base.js:52:13
  
  - index.js:234 compile
    [HR-Library]/[handlebars-loader]/index.js:234:18
  
  - index.js:461 module.exports
    [HR-Library]/[handlebars-loader]/index.js:461:5
  
  - ModuleBuildError: Module build [1m[31mfailed[39m[22m[1m (from ./node_modules/handlebars-loader    /index.js):
  
  - [1m[31mError[39m[22m[1m: Parse [1m[31merror[39m[22m[1m on line 201:
  
  - ...{{/layout-main}}{{/layout-main}}
  
  - -------------------^
  
  - Expecting 'EOF', got 'OPEN_ENDBLOCK'
  
  - parser.js:267 Parser.parseError
    [HR-Library]/[handlebars]/dist/cjs/handlebars/compiler/parser.js:267:19
  
  - parser.js:336 Parser.parse
    [HR-Library]/[handlebars]/dist/cjs/handlebars/compiler/parser.js:336:30
  
  - base.js:46 parseWithoutProcessing
    [HR-Library]/[handlebars]/dist/cjs/handlebars/compiler/base.js:46:33
  
  - base.js:52 HandlebarsEnvironment.parse
    [HR-Library]/[handlebars]/dist/cjs/handlebars/compiler/base.js:52:13
  
  - index.js:234 compile
    [HR-Library]/[handlebars-loader]/index.js:234:18
  
  - index.js:461 module.exports
    [HR-Library]/[handlebars-loader]/index.js:461:5
  
  - NormalModule.js:764 processResult
    [HR-Library]/[webpack]/lib/NormalModule.js:764:19
  
  - NormalModule.js:866 
    [HR-Library]/[webpack]/lib/NormalModule.js:866:5
  
[39m[22m

[1m[31mERROR[39m[22m in [1m  [1m[31mError[39m[22m[1m: Child compilation [1m[31mfailed[39m[22m[1m:
  Module build [1m[31mfailed[39m[22m[1m (from ./node_modules/handlebars-loader/index.js):
  [1m[31mError[39m[22m[1m: Parse [1m[31merror[39m[22m[1m on line 68:
  ...{{/layout-main}}{{/layout-main}}
  -------------------^
  Expecting 'EOF', got 'OPEN_ENDBLOCK'
      at Parser.parseError (D:\Proyectos\HR-Library\node_modules\handlebars\dist  \cjs\handlebars\compiler\parser.js:267:19)
      at Parser.parse (D:\Proyectos\HR-Library\node_modules\handlebars\dist\cjs\  handlebars\compiler\parser.js:336:30)
      at parseWithoutProcessing (D:\Proyectos\HR-Library\node_modules\handlebars  \dist\cjs\handlebars\compiler\base.js:46:33)
      at HandlebarsEnvironment.parse (D:\Proyectos\HR-Library\node_modules\handl  ebars\dist\cjs\handlebars\compiler\base.js:52:13)
      at compile (D:\Proyectos\HR-Library\node_modules\handlebars-loader\index.j  s:234:18)
      at module.exports (D:\Proyectos\HR-Library\node_modules\handlebars-loader\  index.js:461:5)
  ModuleBuildError: Module build [1m[31mfailed[39m[22m[1m (from ./node_modules/handlebars-loader/i  ndex.js):
  [1m[31mError[39m[22m[1m: Parse [1m[31merror[39m[22m[1m on line 68:
  ...{{/layout-main}}{{/layout-main}}
  -------------------^
  Expecting 'EOF', got 'OPEN_ENDBLOCK'
      at Parser.parseError (D:\Proyectos\HR-Library\node_modules\handlebars\dist  \cjs\handlebars\compiler\parser.js:267:19)
      at Parser.parse (D:\Proyectos\HR-Library\node_modules\handlebars\dist\cjs\  handlebars\compiler\parser.js:336:30)
      at parseWithoutProcessing (D:\Proyectos\HR-Library\node_modules\handlebars  \dist\cjs\handlebars\compiler\base.js:46:33)
      at HandlebarsEnvironment.parse (D:\Proyectos\HR-Library\node_modules\handl  ebars\dist\cjs\handlebars\compiler\base.js:52:13)
      at compile (D:\Proyectos\HR-Library\node_modules\handlebars-loader\index.j  s:234:18)
      at module.exports (D:\Proyectos\HR-Library\node_modules\handlebars-loader\  index.js:461:5)
      at processResult (D:\Proyectos\HR-Library\node_modules\webpack\lib\NormalM  odule.js:764:19)
      at D:\Proyectos\HR-Library\node_modules\webpack\lib\NormalModule.js:866:5
      at D:\Proyectos\HR-Library\node_modules\loader-runner\lib\LoaderRunner.js:  499:11
      at runSyncOrAsyncCallback (D:\Proyectos\HR-Library\node_modules\loader-run  ner\lib\LoaderRunner.js:259:19)
      at innerCallback (D:\Proyectos\HR-Library\node_modules\loader-runner\lib\L  oaderRunner.js:175:13)
      at compile (D:\Proyectos\HR-Library\node_modules\handlebars-loader\index.j  s:238:14)
      at module.exports (D:\Proyectos\HR-Library\node_modules\handlebars-loader\  index.js:461:5)
      at LOADER_EXECUTION (D:\Proyectos\HR-Library\node_modules\loader-runner\li  b\LoaderRunner.js:195:14)
      at runSyncOrAsync (D:\Proyectos\HR-Library\node_modules\loader-runner\lib\  LoaderRunner.js:196:5)
      at iterateNormalLoaders (D:\Proyectos\HR-Library\node_modules\loader-runne  r\lib\LoaderRunner.js:258:2)
  Module build [1m[31mfailed[39m[22m[1m (from ./node_modules/handlebars-loader/index.js):
  [1m[31mError[39m[22m[1m: Parse [1m[31merror[39m[22m[1m on line 201:
  ...{{/layout-main}}{{/layout-main}}
  -------------------^
  Expecting 'EOF', got 'OPEN_ENDBLOCK'
      at Parser.parseError (D:\Proyectos\HR-Library\node_modules\handlebars\dist  \cjs\handlebars\compiler\parser.js:267:19)
      at Parser.parse (D:\Proyectos\HR-Library\node_modules\handlebars\dist\cjs\  handlebars\compiler\parser.js:336:30)
      at parseWithoutProcessing (D:\Proyectos\HR-Library\node_modules\handlebars  \dist\cjs\handlebars\compiler\base.js:46:33)
      at HandlebarsEnvironment.parse (D:\Proyectos\HR-Library\node_modules\handl  ebars\dist\cjs\handlebars\compiler\base.js:52:13)
      at compile (D:\Proyectos\HR-Library\node_modules\handlebars-loader\index.j  s:234:18)
      at module.exports (D:\Proyectos\HR-Library\node_modules\handlebars-loader\  index.js:461:5)
  ModuleBuildError: Module build [1m[31mfailed[39m[22m[1m (from ./node_modules/handlebars-loader/i  ndex.js):
  [1m[31mError[39m[22m[1m: Parse [1m[31merror[39m[22m[1m on line 201:
  ...{{/layout-main}}{{/layout-main}}
  -------------------^
  Expecting 'EOF', got 'OPEN_ENDBLOCK'
      at Parser.parseError (D:\Proyectos\HR-Library\node_modules\handlebars\dist  \cjs\handlebars\compiler\parser.js:267:19)
      at Parser.parse (D:\Proyectos\HR-Library\node_modules\handlebars\dist\cjs\  handlebars\compiler\parser.js:336:30)
      at parseWithoutProcessing (D:\Proyectos\HR-Library\node_modules\handlebars  \dist\cjs\handlebars\compiler\base.js:46:33)
      at HandlebarsEnvironment.parse (D:\Proyectos\HR-Library\node_modules\handl  ebars\dist\cjs\handlebars\compiler\base.js:52:13)
      at compile (D:\Proyectos\HR-Library\node_modules\handlebars-loader\index.j  s:234:18)
      at module.exports (D:\Proyectos\HR-Library\node_modules\handlebars-loader\  index.js:461:5)
      at processResult (D:\Proyectos\HR-Library\node_modules\webpack\lib\NormalM  odule.js:764:19)
      at D:\Proyectos\HR-Library\node_modules\webpack\lib\NormalModule.js:866:5
      at D:\Proyectos\HR-Library\node_modules\loader-runner\lib\LoaderRunner.js:  499:11
      at runSyncOrAsyncCallback (D:\Proyectos\HR-Library\node_modules\loader-run  ner\lib\LoaderRunner.js:259:19)
      at innerCallback (D:\Proyectos\HR-Library\node_modules\loader-runner\lib\L  oaderRunner.js:175:13)
      at compile (D:\Proyectos\HR-Library\node_modules\handlebars-loader\index.j  s:238:14)
      at module.exports (D:\Proyectos\HR-Library\node_modules\handlebars-loader\  index.js:461:5)
      at LOADER_EXECUTION (D:\Proyectos\HR-Library\node_modules\loader-runner\li  b\LoaderRunner.js:195:14)
      at runSyncOrAsync (D:\Proyectos\HR-Library\node_modules\loader-runner\lib\  LoaderRunner.js:196:5)
      at iterateNormalLoaders (D:\Proyectos\HR-Library\node_modules\loader-runne  r\lib\LoaderRunner.js:258:2)
  Module build [1m[31mfailed[39m[22m[1m (from ./node_modules/handlebars-loader/index.js):
  [1m[31mError[39m[22m[1m: Parse [1m[31merror[39m[22m[1m on line 97:
  ...{{/layout-main}}{{/layout-main}}
  -------------------^
  Expecting 'EOF', got 'OPEN_ENDBLOCK'
      at Parser.parseError (D:\Proyectos\HR-Library\node_modules\handlebars\dist  \cjs\handlebars\compiler\parser.js:267:19)
      at Parser.parse (D:\Proyectos\HR-Library\node_modules\handlebars\dist\cjs\  handlebars\compiler\parser.js:336:30)
      at parseWithoutProcessing (D:\Proyectos\HR-Library\node_modules\handlebars  \dist\cjs\handlebars\compiler\base.js:46:33)
      at HandlebarsEnvironment.parse (D:\Proyectos\HR-Library\node_modules\handl  ebars\dist\cjs\handlebars\compiler\base.js:52:13)
      at compile (D:\Proyectos\HR-Library\node_modules\handlebars-loader\index.j  s:234:18)
      at module.exports (D:\Proyectos\HR-Library\node_modules\handlebars-loader\  index.js:461:5)
  ModuleBuildError: Module build [1m[31mfailed[39m[22m[1m (from ./node_modules/handlebars-loader/i  ndex.js):
  [1m[31mError[39m[22m[1m: Parse [1m[31merror[39m[22m[1m on line 97:
  ...{{/layout-main}}{{/layout-main}}
  -------------------^
  Expecting 'EOF', got 'OPEN_ENDBLOCK'
      at Parser.parseError (D:\Proyectos\HR-Library\node_modules\handlebars\dist  \cjs\handlebars\compiler\parser.js:267:19)
      at Parser.parse (D:\Proyectos\HR-Library\node_modules\handlebars\dist\cjs\  handlebars\compiler\parser.js:336:30)
      at parseWithoutProcessing (D:\Proyectos\HR-Library\node_modules\handlebars  \dist\cjs\handlebars\compiler\base.js:46:33)
      at HandlebarsEnvironment.parse (D:\Proyectos\HR-Library\node_modules\handl  ebars\dist\cjs\handlebars\compiler\base.js:52:13)
      at compile (D:\Proyectos\HR-Library\node_modules\handlebars-loader\index.j  s:234:18)
      at module.exports (D:\Proyectos\HR-Library\node_modules\handlebars-loader\  index.js:461:5)
      at processResult (D:\Proyectos\HR-Library\node_modules\webpack\lib\NormalM  odule.js:764:19)
      at D:\Proyectos\HR-Library\node_modules\webpack\lib\NormalModule.js:866:5
      at D:\Proyectos\HR-Library\node_modules\loader-runner\lib\LoaderRunner.js:  499:11
      at runSyncOrAsyncCallback (D:\Proyectos\HR-Library\node_modules\loader-run  ner\lib\LoaderRunner.js:259:19)
      at innerCallback (D:\Proyectos\HR-Library\node_modules\loader-runner\lib\L  oaderRunner.js:175:13)
      at compile (D:\Proyectos\HR-Library\node_modules\handlebars-loader\index.j  s:238:14)
      at module.exports (D:\Proyectos\HR-Library\node_modules\handlebars-loader\  index.js:461:5)
      at LOADER_EXECUTION (D:\Proyectos\HR-Library\node_modules\loader-runner\li  b\LoaderRunner.js:195:14)
      at runSyncOrAsync (D:\Proyectos\HR-Library\node_modules\loader-runner\lib\  LoaderRunner.js:196:5)
      at iterateNormalLoaders (D:\Proyectos\HR-Library\node_modules\loader-runne  r\lib\LoaderRunner.js:258:2)
  Module build [1m[31mfailed[39m[22m[1m (from ./node_modules/handlebars-loader/index.js):
  [1m[31mError[39m[22m[1m: Parse [1m[31merror[39m[22m[1m on line 146:
  ...{{/layout-main}}{{/layout-main}}
  -------------------^
  Expecting 'EOF', got 'OPEN_ENDBLOCK'
      at Parser.parseError (D:\Proyectos\HR-Library\node_modules\handlebars\dist  \cjs\handlebars\compiler\parser.js:267:19)
      at Parser.parse (D:\Proyectos\HR-Library\node_modules\handlebars\dist\cjs\  handlebars\compiler\parser.js:336:30)
      at parseWithoutProcessing (D:\Proyectos\HR-Library\node_modules\handlebars  \dist\cjs\handlebars\compiler\base.js:46:33)
      at HandlebarsEnvironment.parse (D:\Proyectos\HR-Library\node_modules\handl  ebars\dist\cjs\handlebars\compiler\base.js:52:13)
      at compile (D:\Proyectos\HR-Library\node_modules\handlebars-loader\index.j  s:234:18)
      at module.exports (D:\Proyectos\HR-Library\node_modules\handlebars-loader\  index.js:461:5)
  ModuleBuildError: Module build [1m[31mfailed[39m[22m[1m (from ./node_modules/handlebars-loader/i  ndex.js):
  [1m[31mError[39m[22m[1m: Parse [1m[31merror[39m[22m[1m on line 146:
  ...{{/layout-main}}{{/layout-main}}
  -------------------^
  Expecting 'EOF', got 'OPEN_ENDBLOCK'
      at Parser.parseError (D:\Proyectos\HR-Library\node_modules\handlebars\dist  \cjs\handlebars\compiler\parser.js:267:19)
      at Parser.parse (D:\Proyectos\HR-Library\node_modules\handlebars\dist\cjs\  handlebars\compiler\parser.js:336:30)
      at parseWithoutProcessing (D:\Proyectos\HR-Library\node_modules\handlebars  \dist\cjs\handlebars\compiler\base.js:46:33)
      at HandlebarsEnvironment.parse (D:\Proyectos\HR-Library\node_modules\handl  ebars\dist\cjs\handlebars\compiler\base.js:52:13)
      at compile (D:\Proyectos\HR-Library\node_modules\handlebars-loader\index.j  s:234:18)
      at module.exports (D:\Proyectos\HR-Library\node_modules\handlebars-loader\  index.js:461:5)
      at processResult (D:\Proyectos\HR-Library\node_modules\webpack\lib\NormalM  odule.js:764:19)
      at D:\Proyectos\HR-Library\node_modules\webpack\lib\NormalModule.js:866:5
      at D:\Proyectos\HR-Library\node_modules\loader-runner\lib\LoaderRunner.js:  499:11
      at runSyncOrAsyncCallback (D:\Proyectos\HR-Library\node_modules\loader-run  ner\lib\LoaderRunner.js:259:19)
      at innerCallback (D:\Proyectos\HR-Library\node_modules\loader-runner\lib\L  oaderRunner.js:175:13)
      at compile (D:\Proyectos\HR-Library\node_modules\handlebars-loader\index.j  s:238:14)
      at module.exports (D:\Proyectos\HR-Library\node_modules\handlebars-loader\  index.js:461:5)
      at LOADER_EXECUTION (D:\Proyectos\HR-Library\node_modules\loader-runner\li  b\LoaderRunner.js:195:14)
      at runSyncOrAsync (D:\Proyectos\HR-Library\node_modules\loader-runner\lib\  LoaderRunner.js:196:5)
      at iterateNormalLoaders (D:\Proyectos\HR-Library\node_modules\loader-runne  r\lib\LoaderRunner.js:258:2)
  Module build [1m[31mfailed[39m[22m[1m (from ./node_modules/handlebars-loader/index.js):
  [1m[31mError[39m[22m[1m: Parse [1m[31merror[39m[22m[1m on line 183:
  ...{{/layout-main}}{{/layout-main}}
  -------------------^
  Expecting 'EOF', got 'OPEN_ENDBLOCK'
      at Parser.parseError (D:\Proyectos\HR-Library\node_modules\handlebars\dist  \cjs\handlebars\compiler\parser.js:267:19)
      at Parser.parse (D:\Proyectos\HR-Library\node_modules\handlebars\dist\cjs\  handlebars\compiler\parser.js:336:30)
      at parseWithoutProcessing (D:\Proyectos\HR-Library\node_modules\handlebars  \dist\cjs\handlebars\compiler\base.js:46:33)
      at HandlebarsEnvironment.parse (D:\Proyectos\HR-Library\node_modules\handl  ebars\dist\cjs\handlebars\compiler\base.js:52:13)
      at compile (D:\Proyectos\HR-Library\node_modules\handlebars-loader\index.j  s:234:18)
      at module.exports (D:\Proyectos\HR-Library\node_modules\handlebars-loader\  index.js:461:5)
  ModuleBuildError: Module build [1m[31mfailed[39m[22m[1m (from ./node_modules/handlebars-loader/i  ndex.js):
  [1m[31mError[39m[22m[1m: Parse [1m[31merror[39m[22m[1m on line 183:
  ...{{/layout-main}}{{/layout-main}}
  -------------------^
  Expecting 'EOF', got 'OPEN_ENDBLOCK'
      at Parser.parseError (D:\Proyectos\HR-Library\node_modules\handlebars\dist  \cjs\handlebars\compiler\parser.js:267:19)
      at Parser.parse (D:\Proyectos\HR-Library\node_modules\handlebars\dist\cjs\  handlebars\compiler\parser.js:336:30)
      at parseWithoutProcessing (D:\Proyectos\HR-Library\node_modules\handlebars  \dist\cjs\handlebars\compiler\base.js:46:33)
      at HandlebarsEnvironment.parse (D:\Proyectos\HR-Library\node_modules\handl  ebars\dist\cjs\handlebars\compiler\base.js:52:13)
      at compile (D:\Proyectos\HR-Library\node_modules\handlebars-loader\index.j  s:234:18)
      at module.exports (D:\Proyectos\HR-Library\node_modules\handlebars-loader\  index.js:461:5)
      at processResult (D:\Proyectos\HR-Library\node_modules\webpack\lib\NormalM  odule.js:764:19)
      at D:\Proyectos\HR-Library\node_modules\webpack\lib\NormalModule.js:866:5
      at D:\Proyectos\HR-Library\node_modules\loader-runner\lib\LoaderRunner.js:  499:11
      at runSyncOrAsyncCallback (D:\Proyectos\HR-Library\node_modules\loader-run  ner\lib\LoaderRunner.js:259:19)
      at innerCallback (D:\Proyectos\HR-Library\node_modules\loader-runner\lib\L  oaderRunner.js:175:13)
      at compile (D:\Proyectos\HR-Library\node_modules\handlebars-loader\index.j  s:238:14)
      at module.exports (D:\Proyectos\HR-Library\node_modules\handlebars-loader\  index.js:461:5)
      at LOADER_EXECUTION (D:\Proyectos\HR-Library\node_modules\loader-runner\li  b\LoaderRunner.js:195:14)
      at runSyncOrAsync (D:\Proyectos\HR-Library\node_modules\loader-runner\lib\  LoaderRunner.js:196:5)
      at iterateNormalLoaders (D:\Proyectos\HR-Library\node_modules\loader-runne  r\lib\LoaderRunner.js:258:2)
  Module build [1m[31mfailed[39m[22m[1m (from ./node_modules/handlebars-loader/index.js):
  [1m[31mError[39m[22m[1m: Parse [1m[31merror[39m[22m[1m on line 216:
  ...{{/layout-main}}{{/layout-main}}
  -------------------^
  Expecting 'EOF', got 'OPEN_ENDBLOCK'
      at Parser.parseError (D:\Proyectos\HR-Library\node_modules\handlebars\dist  \cjs\handlebars\compiler\parser.js:267:19)
      at Parser.parse (D:\Proyectos\HR-Library\node_modules\handlebars\dist\cjs\  handlebars\compiler\parser.js:336:30)
      at parseWithoutProcessing (D:\Proyectos\HR-Library\node_modules\handlebars  \dist\cjs\handlebars\compiler\base.js:46:33)
      at HandlebarsEnvironment.parse (D:\Proyectos\HR-Library\node_modules\handl  ebars\dist\cjs\handlebars\compiler\base.js:52:13)
      at compile (D:\Proyectos\HR-Library\node_modules\handlebars-loader\index.j  s:234:18)
      at module.exports (D:\Proyectos\HR-Library\node_modules\handlebars-loader\  index.js:461:5)
  ModuleBuildError: Module build [1m[31mfailed[39m[22m[1m (from ./node_modules/handlebars-loader/i  ndex.js):
  [1m[31mError[39m[22m[1m: Parse [1m[31merror[39m[22m[1m on line 216:
  ...{{/layout-main}}{{/layout-main}}
  -------------------^
  Expecting 'EOF', got 'OPEN_ENDBLOCK'
      at Parser.parseError (D:\Proyectos\HR-Library\node_modules\handlebars\dist  \cjs\handlebars\compiler\parser.js:267:19)
      at Parser.parse (D:\Proyectos\HR-Library\node_modules\handlebars\dist\cjs\  handlebars\compiler\parser.js:336:30)
      at parseWithoutProcessing (D:\Proyectos\HR-Library\node_modules\handlebars  \dist\cjs\handlebars\compiler\base.js:46:33)
      at HandlebarsEnvironment.parse (D:\Proyectos\HR-Library\node_modules\handl  ebars\dist\cjs\handlebars\compiler\base.js:52:13)
      at compile (D:\Proyectos\HR-Library\node_modules\handlebars-loader\index.j  s:234:18)
      at module.exports (D:\Proyectos\HR-Library\node_modules\handlebars-loader\  index.js:461:5)
      at processResult (D:\Proyectos\HR-Library\node_modules\webpack\lib\NormalM  odule.js:764:19)
      at D:\Proyectos\HR-Library\node_modules\webpack\lib\NormalModule.js:866:5
      at D:\Proyectos\HR-Library\node_modules\loader-runner\lib\LoaderRunner.js:  499:11
      at runSyncOrAsyncCallback (D:\Proyectos\HR-Library\node_modules\loader-run  ner\lib\LoaderRunner.js:259:19)
      at innerCallback (D:\Proyectos\HR-Library\node_modules\loader-runner\lib\L  oaderRunner.js:175:13)
      at compile (D:\Proyectos\HR-Library\node_modules\handlebars-loader\index.j  s:238:14)
      at module.exports (D:\Proyectos\HR-Library\node_modules\handlebars-loader\  index.js:461:5)
      at LOADER_EXECUTION (D:\Proyectos\HR-Library\node_modules\loader-runner\li  b\LoaderRunner.js:195:14)
      at runSyncOrAsync (D:\Proyectos\HR-Library\node_modules\loader-runner\lib\  LoaderRunner.js:196:5)
      at iterateNormalLoaders (D:\Proyectos\HR-Library\node_modules\loader-runne  r\lib\LoaderRunner.js:258:2)
  
  - parser.js:267 Parser.parseError
    [HR-Library]/[handlebars]/dist/cjs/handlebars/compiler/parser.js:267:19
  
  - parser.js:336 Parser.parse
    [HR-Library]/[handlebars]/dist/cjs/handlebars/compiler/parser.js:336:30
  
  - base.js:46 parseWithoutProcessing
    [HR-Library]/[handlebars]/dist/cjs/handlebars/compiler/base.js:46:33
  
  - base.js:52 HandlebarsEnvironment.parse
    [HR-Library]/[handlebars]/dist/cjs/handlebars/compiler/base.js:52:13
  
  - index.js:234 compile
    [HR-Library]/[handlebars-loader]/index.js:234:18
  
  - index.js:461 module.exports
    [HR-Library]/[handlebars-loader]/index.js:461:5
  
  - ModuleBuildError: Module build [1m[31mfailed[39m[22m[1m (from ./node_modules/handlebars-loader    /index.js):
  
  - [1m[31mError[39m[22m[1m: Parse [1m[31merror[39m[22m[1m on line 68:
  
  - ...{{/layout-main}}{{/layout-main}}
  
  - -------------------^
  
  - Expecting 'EOF', got 'OPEN_ENDBLOCK'
  
  - parser.js:267 Parser.parseError
    [HR-Library]/[handlebars]/dist/cjs/handlebars/compiler/parser.js:267:19
  
  - parser.js:336 Parser.parse
    [HR-Library]/[handlebars]/dist/cjs/handlebars/compiler/parser.js:336:30
  
  - base.js:46 parseWithoutProcessing
    [HR-Library]/[handlebars]/dist/cjs/handlebars/compiler/base.js:46:33
  
  - base.js:52 HandlebarsEnvironment.parse
    [HR-Library]/[handlebars]/dist/cjs/handlebars/compiler/base.js:52:13
  
  - index.js:234 compile
    [HR-Library]/[handlebars-loader]/index.js:234:18
  
  - index.js:461 module.exports
    [HR-Library]/[handlebars-loader]/index.js:461:5
  
  - NormalModule.js:764 processResult
    [HR-Library]/[webpack]/lib/NormalModule.js:764:19
  
  - NormalModule.js:866 
    [HR-Library]/[webpack]/lib/NormalModule.js:866:5
  
  - LoaderRunner.js:499 
    [HR-Library]/[loader-runner]/lib/LoaderRunner.js:499:11
  
  - LoaderRunner.js:259 runSyncOrAsyncCallback
    [HR-Library]/[loader-runner]/lib/LoaderRunner.js:259:19
  
  - LoaderRunner.js:175 innerCallback
    [HR-Library]/[loader-runner]/lib/LoaderRunner.js:175:13
  
  - index.js:238 compile
    [HR-Library]/[handlebars-loader]/index.js:238:14
  
  - index.js:461 module.exports
    [HR-Library]/[handlebars-loader]/index.js:461:5
  
  - LoaderRunner.js:195 LOADER_EXECUTION
    [HR-Library]/[loader-runner]/lib/LoaderRunner.js:195:14
  
  - LoaderRunner.js:196 runSyncOrAsync
    [HR-Library]/[loader-runner]/lib/LoaderRunner.js:196:5
  
  - LoaderRunner.js:258 iterateNormalLoaders
    [HR-Library]/[loader-runner]/lib/LoaderRunner.js:258:2
  
  - Module build [1m[31mfailed[39m[22m[1m (from ./node_modules/handlebars-loader/index.js):
  
  - [1m[31mError[39m[22m[1m: Parse [1m[31merror[39m[22m[1m on line 201:
  
  - ...{{/layout-main}}{{/layout-main}}
  
  - -------------------^
  
  - Expecting 'EOF', got 'OPEN_ENDBLOCK'
  
  - parser.js:267 Parser.parseError
    [HR-Library]/[handlebars]/dist/cjs/handlebars/compiler/parser.js:267:19
  
  - parser.js:336 Parser.parse
    [HR-Library]/[handlebars]/dist/cjs/handlebars/compiler/parser.js:336:30
  
  - base.js:46 parseWithoutProcessing
    [HR-Library]/[handlebars]/dist/cjs/handlebars/compiler/base.js:46:33
  
  - base.js:52 HandlebarsEnvironment.parse
    [HR-Library]/[handlebars]/dist/cjs/handlebars/compiler/base.js:52:13
  
  - index.js:234 compile
    [HR-Library]/[handlebars-loader]/index.js:234:18
  
  - index.js:461 module.exports
    [HR-Library]/[handlebars-loader]/index.js:461:5
  
  - ModuleBuildError: Module build [1m[31mfailed[39m[22m[1m (from ./node_modules/handlebars-loader    /index.js):
  
  - [1m[31mError[39m[22m[1m: Parse [1m[31merror[39m[22m[1m on line 201:
  
  - ...{{/layout-main}}{{/layout-main}}
  
  - -------------------^
  
  - Expecting 'EOF', got 'OPEN_ENDBLOCK'
  
  - parser.js:267 Parser.parseError
    [HR-Library]/[handlebars]/dist/cjs/handlebars/compiler/parser.js:267:19
  
  - parser.js:336 Parser.parse
    [HR-Library]/[handlebars]/dist/cjs/handlebars/compiler/parser.js:336:30
  
  - base.js:46 parseWithoutProcessing
    [HR-Library]/[handlebars]/dist/cjs/handlebars/compiler/base.js:46:33
  
  - base.js:52 HandlebarsEnvironment.parse
    [HR-Library]/[handlebars]/dist/cjs/handlebars/compiler/base.js:52:13
  
  - index.js:234 compile
    [HR-Library]/[handlebars-loader]/index.js:234:18
  
  - index.js:461 module.exports
    [HR-Library]/[handlebars-loader]/index.js:461:5
  
  - NormalModule.js:764 processResult
    [HR-Library]/[webpack]/lib/NormalModule.js:764:19
  
  - NormalModule.js:866 
    [HR-Library]/[webpack]/lib/NormalModule.js:866:5
  
[39m[22m

[1m[31mERROR[39m[22m in [1m  [1m[31mError[39m[22m[1m: Child compilation [1m[31mfailed[39m[22m[1m:
  Module build [1m[31mfailed[39m[22m[1m (from ./node_modules/handlebars-loader/index.js):
  [1m[31mError[39m[22m[1m: Parse [1m[31merror[39m[22m[1m on line 68:
  ...{{/layout-main}}{{/layout-main}}
  -------------------^
  Expecting 'EOF', got 'OPEN_ENDBLOCK'
      at Parser.parseError (D:\Proyectos\HR-Library\node_modules\handlebars\dist  \cjs\handlebars\compiler\parser.js:267:19)
      at Parser.parse (D:\Proyectos\HR-Library\node_modules\handlebars\dist\cjs\  handlebars\compiler\parser.js:336:30)
      at parseWithoutProcessing (D:\Proyectos\HR-Library\node_modules\handlebars  \dist\cjs\handlebars\compiler\base.js:46:33)
      at HandlebarsEnvironment.parse (D:\Proyectos\HR-Library\node_modules\handl  ebars\dist\cjs\handlebars\compiler\base.js:52:13)
      at compile (D:\Proyectos\HR-Library\node_modules\handlebars-loader\index.j  s:234:18)
      at module.exports (D:\Proyectos\HR-Library\node_modules\handlebars-loader\  index.js:461:5)
  ModuleBuildError: Module build [1m[31mfailed[39m[22m[1m (from ./node_modules/handlebars-loader/i  ndex.js):
  [1m[31mError[39m[22m[1m: Parse [1m[31merror[39m[22m[1m on line 68:
  ...{{/layout-main}}{{/layout-main}}
  -------------------^
  Expecting 'EOF', got 'OPEN_ENDBLOCK'
      at Parser.parseError (D:\Proyectos\HR-Library\node_modules\handlebars\dist  \cjs\handlebars\compiler\parser.js:267:19)
      at Parser.parse (D:\Proyectos\HR-Library\node_modules\handlebars\dist\cjs\  handlebars\compiler\parser.js:336:30)
      at parseWithoutProcessing (D:\Proyectos\HR-Library\node_modules\handlebars  \dist\cjs\handlebars\compiler\base.js:46:33)
      at HandlebarsEnvironment.parse (D:\Proyectos\HR-Library\node_modules\handl  ebars\dist\cjs\handlebars\compiler\base.js:52:13)
      at compile (D:\Proyectos\HR-Library\node_modules\handlebars-loader\index.j  s:234:18)
      at module.exports (D:\Proyectos\HR-Library\node_modules\handlebars-loader\  index.js:461:5)
      at processResult (D:\Proyectos\HR-Library\node_modules\webpack\lib\NormalM  odule.js:764:19)
      at D:\Proyectos\HR-Library\node_modules\webpack\lib\NormalModule.js:866:5
      at D:\Proyectos\HR-Library\node_modules\loader-runner\lib\LoaderRunner.js:  499:11
      at runSyncOrAsyncCallback (D:\Proyectos\HR-Library\node_modules\loader-run  ner\lib\LoaderRunner.js:259:19)
      at innerCallback (D:\Proyectos\HR-Library\node_modules\loader-runner\lib\L  oaderRunner.js:175:13)
      at compile (D:\Proyectos\HR-Library\node_modules\handlebars-loader\index.j  s:238:14)
      at module.exports (D:\Proyectos\HR-Library\node_modules\handlebars-loader\  index.js:461:5)
      at LOADER_EXECUTION (D:\Proyectos\HR-Library\node_modules\loader-runner\li  b\LoaderRunner.js:195:14)
      at runSyncOrAsync (D:\Proyectos\HR-Library\node_modules\loader-runner\lib\  LoaderRunner.js:196:5)
      at iterateNormalLoaders (D:\Proyectos\HR-Library\node_modules\loader-runne  r\lib\LoaderRunner.js:258:2)
  Module build [1m[31mfailed[39m[22m[1m (from ./node_modules/handlebars-loader/index.js):
  [1m[31mError[39m[22m[1m: Parse [1m[31merror[39m[22m[1m on line 201:
  ...{{/layout-main}}{{/layout-main}}
  -------------------^
  Expecting 'EOF', got 'OPEN_ENDBLOCK'
      at Parser.parseError (D:\Proyectos\HR-Library\node_modules\handlebars\dist  \cjs\handlebars\compiler\parser.js:267:19)
      at Parser.parse (D:\Proyectos\HR-Library\node_modules\handlebars\dist\cjs\  handlebars\compiler\parser.js:336:30)
      at parseWithoutProcessing (D:\Proyectos\HR-Library\node_modules\handlebars  \dist\cjs\handlebars\compiler\base.js:46:33)
      at HandlebarsEnvironment.parse (D:\Proyectos\HR-Library\node_modules\handl  ebars\dist\cjs\handlebars\compiler\base.js:52:13)
      at compile (D:\Proyectos\HR-Library\node_modules\handlebars-loader\index.j  s:234:18)
      at module.exports (D:\Proyectos\HR-Library\node_modules\handlebars-loader\  index.js:461:5)
  ModuleBuildError: Module build [1m[31mfailed[39m[22m[1m (from ./node_modules/handlebars-loader/i  ndex.js):
  [1m[31mError[39m[22m[1m: Parse [1m[31merror[39m[22m[1m on line 201:
  ...{{/layout-main}}{{/layout-main}}
  -------------------^
  Expecting 'EOF', got 'OPEN_ENDBLOCK'
      at Parser.parseError (D:\Proyectos\HR-Library\node_modules\handlebars\dist  \cjs\handlebars\compiler\parser.js:267:19)
      at Parser.parse (D:\Proyectos\HR-Library\node_modules\handlebars\dist\cjs\  handlebars\compiler\parser.js:336:30)
      at parseWithoutProcessing (D:\Proyectos\HR-Library\node_modules\handlebars  \dist\cjs\handlebars\compiler\base.js:46:33)
      at HandlebarsEnvironment.parse (D:\Proyectos\HR-Library\node_modules\handl  ebars\dist\cjs\handlebars\compiler\base.js:52:13)
      at compile (D:\Proyectos\HR-Library\node_modules\handlebars-loader\index.j  s:234:18)
      at module.exports (D:\Proyectos\HR-Library\node_modules\handlebars-loader\  index.js:461:5)
      at processResult (D:\Proyectos\HR-Library\node_modules\webpack\lib\NormalM  odule.js:764:19)
      at D:\Proyectos\HR-Library\node_modules\webpack\lib\NormalModule.js:866:5
      at D:\Proyectos\HR-Library\node_modules\loader-runner\lib\LoaderRunner.js:  499:11
      at runSyncOrAsyncCallback (D:\Proyectos\HR-Library\node_modules\loader-run  ner\lib\LoaderRunner.js:259:19)
      at innerCallback (D:\Proyectos\HR-Library\node_modules\loader-runner\lib\L  oaderRunner.js:175:13)
      at compile (D:\Proyectos\HR-Library\node_modules\handlebars-loader\index.j  s:238:14)
      at module.exports (D:\Proyectos\HR-Library\node_modules\handlebars-loader\  index.js:461:5)
      at LOADER_EXECUTION (D:\Proyectos\HR-Library\node_modules\loader-runner\li  b\LoaderRunner.js:195:14)
      at runSyncOrAsync (D:\Proyectos\HR-Library\node_modules\loader-runner\lib\  LoaderRunner.js:196:5)
      at iterateNormalLoaders (D:\Proyectos\HR-Library\node_modules\loader-runne  r\lib\LoaderRunner.js:258:2)
  Module build [1m[31mfailed[39m[22m[1m (from ./node_modules/handlebars-loader/index.js):
  [1m[31mError[39m[22m[1m: Parse [1m[31merror[39m[22m[1m on line 97:
  ...{{/layout-main}}{{/layout-main}}
  -------------------^
  Expecting 'EOF', got 'OPEN_ENDBLOCK'
      at Parser.parseError (D:\Proyectos\HR-Library\node_modules\handlebars\dist  \cjs\handlebars\compiler\parser.js:267:19)
      at Parser.parse (D:\Proyectos\HR-Library\node_modules\handlebars\dist\cjs\  handlebars\compiler\parser.js:336:30)
      at parseWithoutProcessing (D:\Proyectos\HR-Library\node_modules\handlebars  \dist\cjs\handlebars\compiler\base.js:46:33)
      at HandlebarsEnvironment.parse (D:\Proyectos\HR-Library\node_modules\handl  ebars\dist\cjs\handlebars\compiler\base.js:52:13)
      at compile (D:\Proyectos\HR-Library\node_modules\handlebars-loader\index.j  s:234:18)
      at module.exports (D:\Proyectos\HR-Library\node_modules\handlebars-loader\  index.js:461:5)
  ModuleBuildError: Module build [1m[31mfailed[39m[22m[1m (from ./node_modules/handlebars-loader/i  ndex.js):
  [1m[31mError[39m[22m[1m: Parse [1m[31merror[39m[22m[1m on line 97:
  ...{{/layout-main}}{{/layout-main}}
  -------------------^
  Expecting 'EOF', got 'OPEN_ENDBLOCK'
      at Parser.parseError (D:\Proyectos\HR-Library\node_modules\handlebars\dist  \cjs\handlebars\compiler\parser.js:267:19)
      at Parser.parse (D:\Proyectos\HR-Library\node_modules\handlebars\dist\cjs\  handlebars\compiler\parser.js:336:30)
      at parseWithoutProcessing (D:\Proyectos\HR-Library\node_modules\handlebars  \dist\cjs\handlebars\compiler\base.js:46:33)
      at HandlebarsEnvironment.parse (D:\Proyectos\HR-Library\node_modules\handl  ebars\dist\cjs\handlebars\compiler\base.js:52:13)
      at compile (D:\Proyectos\HR-Library\node_modules\handlebars-loader\index.j  s:234:18)
      at module.exports (D:\Proyectos\HR-Library\node_modules\handlebars-loader\  index.js:461:5)
      at processResult (D:\Proyectos\HR-Library\node_modules\webpack\lib\NormalM  odule.js:764:19)
      at D:\Proyectos\HR-Library\node_modules\webpack\lib\NormalModule.js:866:5
      at D:\Proyectos\HR-Library\node_modules\loader-runner\lib\LoaderRunner.js:  499:11
      at runSyncOrAsyncCallback (D:\Proyectos\HR-Library\node_modules\loader-run  ner\lib\LoaderRunner.js:259:19)
      at innerCallback (D:\Proyectos\HR-Library\node_modules\loader-runner\lib\L  oaderRunner.js:175:13)
      at compile (D:\Proyectos\HR-Library\node_modules\handlebars-loader\index.j  s:238:14)
      at module.exports (D:\Proyectos\HR-Library\node_modules\handlebars-loader\  index.js:461:5)
      at LOADER_EXECUTION (D:\Proyectos\HR-Library\node_modules\loader-runner\li  b\LoaderRunner.js:195:14)
      at runSyncOrAsync (D:\Proyectos\HR-Library\node_modules\loader-runner\lib\  LoaderRunner.js:196:5)
      at iterateNormalLoaders (D:\Proyectos\HR-Library\node_modules\loader-runne  r\lib\LoaderRunner.js:258:2)
  Module build [1m[31mfailed[39m[22m[1m (from ./node_modules/handlebars-loader/index.js):
  [1m[31mError[39m[22m[1m: Parse [1m[31merror[39m[22m[1m on line 146:
  ...{{/layout-main}}{{/layout-main}}
  -------------------^
  Expecting 'EOF', got 'OPEN_ENDBLOCK'
      at Parser.parseError (D:\Proyectos\HR-Library\node_modules\handlebars\dist  \cjs\handlebars\compiler\parser.js:267:19)
      at Parser.parse (D:\Proyectos\HR-Library\node_modules\handlebars\dist\cjs\  handlebars\compiler\parser.js:336:30)
      at parseWithoutProcessing (D:\Proyectos\HR-Library\node_modules\handlebars  \dist\cjs\handlebars\compiler\base.js:46:33)
      at HandlebarsEnvironment.parse (D:\Proyectos\HR-Library\node_modules\handl  ebars\dist\cjs\handlebars\compiler\base.js:52:13)
      at compile (D:\Proyectos\HR-Library\node_modules\handlebars-loader\index.j  s:234:18)
      at module.exports (D:\Proyectos\HR-Library\node_modules\handlebars-loader\  index.js:461:5)
  ModuleBuildError: Module build [1m[31mfailed[39m[22m[1m (from ./node_modules/handlebars-loader/i  ndex.js):
  [1m[31mError[39m[22m[1m: Parse [1m[31merror[39m[22m[1m on line 146:
  ...{{/layout-main}}{{/layout-main}}
  -------------------^
  Expecting 'EOF', got 'OPEN_ENDBLOCK'
      at Parser.parseError (D:\Proyectos\HR-Library\node_modules\handlebars\dist  \cjs\handlebars\compiler\parser.js:267:19)
      at Parser.parse (D:\Proyectos\HR-Library\node_modules\handlebars\dist\cjs\  handlebars\compiler\parser.js:336:30)
      at parseWithoutProcessing (D:\Proyectos\HR-Library\node_modules\handlebars  \dist\cjs\handlebars\compiler\base.js:46:33)
      at HandlebarsEnvironment.parse (D:\Proyectos\HR-Library\node_modules\handl  ebars\dist\cjs\handlebars\compiler\base.js:52:13)
      at compile (D:\Proyectos\HR-Library\node_modules\handlebars-loader\index.j  s:234:18)
      at module.exports (D:\Proyectos\HR-Library\node_modules\handlebars-loader\  index.js:461:5)
      at processResult (D:\Proyectos\HR-Library\node_modules\webpack\lib\NormalM  odule.js:764:19)
      at D:\Proyectos\HR-Library\node_modules\webpack\lib\NormalModule.js:866:5
      at D:\Proyectos\HR-Library\node_modules\loader-runner\lib\LoaderRunner.js:  499:11
      at runSyncOrAsyncCallback (D:\Proyectos\HR-Library\node_modules\loader-run  ner\lib\LoaderRunner.js:259:19)
      at innerCallback (D:\Proyectos\HR-Library\node_modules\loader-runner\lib\L  oaderRunner.js:175:13)
      at compile (D:\Proyectos\HR-Library\node_modules\handlebars-loader\index.j  s:238:14)
      at module.exports (D:\Proyectos\HR-Library\node_modules\handlebars-loader\  index.js:461:5)
      at LOADER_EXECUTION (D:\Proyectos\HR-Library\node_modules\loader-runner\li  b\LoaderRunner.js:195:14)
      at runSyncOrAsync (D:\Proyectos\HR-Library\node_modules\loader-runner\lib\  LoaderRunner.js:196:5)
      at iterateNormalLoaders (D:\Proyectos\HR-Library\node_modules\loader-runne  r\lib\LoaderRunner.js:258:2)
  Module build [1m[31mfailed[39m[22m[1m (from ./node_modules/handlebars-loader/index.js):
  [1m[31mError[39m[22m[1m: Parse [1m[31merror[39m[22m[1m on line 183:
  ...{{/layout-main}}{{/layout-main}}
  -------------------^
  Expecting 'EOF', got 'OPEN_ENDBLOCK'
      at Parser.parseError (D:\Proyectos\HR-Library\node_modules\handlebars\dist  \cjs\handlebars\compiler\parser.js:267:19)
      at Parser.parse (D:\Proyectos\HR-Library\node_modules\handlebars\dist\cjs\  handlebars\compiler\parser.js:336:30)
      at parseWithoutProcessing (D:\Proyectos\HR-Library\node_modules\handlebars  \dist\cjs\handlebars\compiler\base.js:46:33)
      at HandlebarsEnvironment.parse (D:\Proyectos\HR-Library\node_modules\handl  ebars\dist\cjs\handlebars\compiler\base.js:52:13)
      at compile (D:\Proyectos\HR-Library\node_modules\handlebars-loader\index.j  s:234:18)
      at module.exports (D:\Proyectos\HR-Library\node_modules\handlebars-loader\  index.js:461:5)
  ModuleBuildError: Module build [1m[31mfailed[39m[22m[1m (from ./node_modules/handlebars-loader/i  ndex.js):
  [1m[31mError[39m[22m[1m: Parse [1m[31merror[39m[22m[1m on line 183:
  ...{{/layout-main}}{{/layout-main}}
  -------------------^
  Expecting 'EOF', got 'OPEN_ENDBLOCK'
      at Parser.parseError (D:\Proyectos\HR-Library\node_modules\handlebars\dist  \cjs\handlebars\compiler\parser.js:267:19)
      at Parser.parse (D:\Proyectos\HR-Library\node_modules\handlebars\dist\cjs\  handlebars\compiler\parser.js:336:30)
      at parseWithoutProcessing (D:\Proyectos\HR-Library\node_modules\handlebars  \dist\cjs\handlebars\compiler\base.js:46:33)
      at HandlebarsEnvironment.parse (D:\Proyectos\HR-Library\node_modules\handl  ebars\dist\cjs\handlebars\compiler\base.js:52:13)
      at compile (D:\Proyectos\HR-Library\node_modules\handlebars-loader\index.j  s:234:18)
      at module.exports (D:\Proyectos\HR-Library\node_modules\handlebars-loader\  index.js:461:5)
      at processResult (D:\Proyectos\HR-Library\node_modules\webpack\lib\NormalM  odule.js:764:19)
      at D:\Proyectos\HR-Library\node_modules\webpack\lib\NormalModule.js:866:5
      at D:\Proyectos\HR-Library\node_modules\loader-runner\lib\LoaderRunner.js:  499:11
      at runSyncOrAsyncCallback (D:\Proyectos\HR-Library\node_modules\loader-run  ner\lib\LoaderRunner.js:259:19)
      at innerCallback (D:\Proyectos\HR-Library\node_modules\loader-runner\lib\L  oaderRunner.js:175:13)
      at compile (D:\Proyectos\HR-Library\node_modules\handlebars-loader\index.j  s:238:14)
      at module.exports (D:\Proyectos\HR-Library\node_modules\handlebars-loader\  index.js:461:5)
      at LOADER_EXECUTION (D:\Proyectos\HR-Library\node_modules\loader-runner\li  b\LoaderRunner.js:195:14)
      at runSyncOrAsync (D:\Proyectos\HR-Library\node_modules\loader-runner\lib\  LoaderRunner.js:196:5)
      at iterateNormalLoaders (D:\Proyectos\HR-Library\node_modules\loader-runne  r\lib\LoaderRunner.js:258:2)
  Module build [1m[31mfailed[39m[22m[1m (from ./node_modules/handlebars-loader/index.js):
  [1m[31mError[39m[22m[1m: Parse [1m[31merror[39m[22m[1m on line 216:
  ...{{/layout-main}}{{/layout-main}}
  -------------------^
  Expecting 'EOF', got 'OPEN_ENDBLOCK'
      at Parser.parseError (D:\Proyectos\HR-Library\node_modules\handlebars\dist  \cjs\handlebars\compiler\parser.js:267:19)
      at Parser.parse (D:\Proyectos\HR-Library\node_modules\handlebars\dist\cjs\  handlebars\compiler\parser.js:336:30)
      at parseWithoutProcessing (D:\Proyectos\HR-Library\node_modules\handlebars  \dist\cjs\handlebars\compiler\base.js:46:33)
      at HandlebarsEnvironment.parse (D:\Proyectos\HR-Library\node_modules\handl  ebars\dist\cjs\handlebars\compiler\base.js:52:13)
      at compile (D:\Proyectos\HR-Library\node_modules\handlebars-loader\index.j  s:234:18)
      at module.exports (D:\Proyectos\HR-Library\node_modules\handlebars-loader\  index.js:461:5)
  ModuleBuildError: Module build [1m[31mfailed[39m[22m[1m (from ./node_modules/handlebars-loader/i  ndex.js):
  [1m[31mError[39m[22m[1m: Parse [1m[31merror[39m[22m[1m on line 216:
  ...{{/layout-main}}{{/layout-main}}
  -------------------^
  Expecting 'EOF', got 'OPEN_ENDBLOCK'
      at Parser.parseError (D:\Proyectos\HR-Library\node_modules\handlebars\dist  \cjs\handlebars\compiler\parser.js:267:19)
      at Parser.parse (D:\Proyectos\HR-Library\node_modules\handlebars\dist\cjs\  handlebars\compiler\parser.js:336:30)
      at parseWithoutProcessing (D:\Proyectos\HR-Library\node_modules\handlebars  \dist\cjs\handlebars\compiler\base.js:46:33)
      at HandlebarsEnvironment.parse (D:\Proyectos\HR-Library\node_modules\handl  ebars\dist\cjs\handlebars\compiler\base.js:52:13)
      at compile (D:\Proyectos\HR-Library\node_modules\handlebars-loader\index.j  s:234:18)
      at module.exports (D:\Proyectos\HR-Library\node_modules\handlebars-loader\  index.js:461:5)
      at processResult (D:\Proyectos\HR-Library\node_modules\webpack\lib\NormalM  odule.js:764:19)
      at D:\Proyectos\HR-Library\node_modules\webpack\lib\NormalModule.js:866:5
      at D:\Proyectos\HR-Library\node_modules\loader-runner\lib\LoaderRunner.js:  499:11
      at runSyncOrAsyncCallback (D:\Proyectos\HR-Library\node_modules\loader-run  ner\lib\LoaderRunner.js:259:19)
      at innerCallback (D:\Proyectos\HR-Library\node_modules\loader-runner\lib\L  oaderRunner.js:175:13)
      at compile (D:\Proyectos\HR-Library\node_modules\handlebars-loader\index.j  s:238:14)
      at module.exports (D:\Proyectos\HR-Library\node_modules\handlebars-loader\  index.js:461:5)
      at LOADER_EXECUTION (D:\Proyectos\HR-Library\node_modules\loader-runner\li  b\LoaderRunner.js:195:14)
      at runSyncOrAsync (D:\Proyectos\HR-Library\node_modules\loader-runner\lib\  LoaderRunner.js:196:5)
      at iterateNormalLoaders (D:\Proyectos\HR-Library\node_modules\loader-runne  r\lib\LoaderRunner.js:258:2)
  
  - parser.js:267 Parser.parseError
    [HR-Library]/[handlebars]/dist/cjs/handlebars/compiler/parser.js:267:19
  
  - parser.js:336 Parser.parse
    [HR-Library]/[handlebars]/dist/cjs/handlebars/compiler/parser.js:336:30
  
  - base.js:46 parseWithoutProcessing
    [HR-Library]/[handlebars]/dist/cjs/handlebars/compiler/base.js:46:33
  
  - base.js:52 HandlebarsEnvironment.parse
    [HR-Library]/[handlebars]/dist/cjs/handlebars/compiler/base.js:52:13
  
  - index.js:234 compile
    [HR-Library]/[handlebars-loader]/index.js:234:18
  
  - index.js:461 module.exports
    [HR-Library]/[handlebars-loader]/index.js:461:5
  
  - ModuleBuildError: Module build [1m[31mfailed[39m[22m[1m (from ./node_modules/handlebars-loader    /index.js):
  
  - [1m[31mError[39m[22m[1m: Parse [1m[31merror[39m[22m[1m on line 68:
  
  - ...{{/layout-main}}{{/layout-main}}
  
  - -------------------^
  
  - Expecting 'EOF', got 'OPEN_ENDBLOCK'
  
  - parser.js:267 Parser.parseError
    [HR-Library]/[handlebars]/dist/cjs/handlebars/compiler/parser.js:267:19
  
  - parser.js:336 Parser.parse
    [HR-Library]/[handlebars]/dist/cjs/handlebars/compiler/parser.js:336:30
  
  - base.js:46 parseWithoutProcessing
    [HR-Library]/[handlebars]/dist/cjs/handlebars/compiler/base.js:46:33
  
  - base.js:52 HandlebarsEnvironment.parse
    [HR-Library]/[handlebars]/dist/cjs/handlebars/compiler/base.js:52:13
  
  - index.js:234 compile
    [HR-Library]/[handlebars-loader]/index.js:234:18
  
  - index.js:461 module.exports
    [HR-Library]/[handlebars-loader]/index.js:461:5
  
  - NormalModule.js:764 processResult
    [HR-Library]/[webpack]/lib/NormalModule.js:764:19
  
  - NormalModule.js:866 
    [HR-Library]/[webpack]/lib/NormalModule.js:866:5
  
  - LoaderRunner.js:499 
    [HR-Library]/[loader-runner]/lib/LoaderRunner.js:499:11
  
  - LoaderRunner.js:259 runSyncOrAsyncCallback
    [HR-Library]/[loader-runner]/lib/LoaderRunner.js:259:19
  
  - LoaderRunner.js:175 innerCallback
    [HR-Library]/[loader-runner]/lib/LoaderRunner.js:175:13
  
  - index.js:238 compile
    [HR-Library]/[handlebars-loader]/index.js:238:14
  
  - index.js:461 module.exports
    [HR-Library]/[handlebars-loader]/index.js:461:5
  
  - LoaderRunner.js:195 LOADER_EXECUTION
    [HR-Library]/[loader-runner]/lib/LoaderRunner.js:195:14
  
  - LoaderRunner.js:196 runSyncOrAsync
    [HR-Library]/[loader-runner]/lib/LoaderRunner.js:196:5
  
  - LoaderRunner.js:258 iterateNormalLoaders
    [HR-Library]/[loader-runner]/lib/LoaderRunner.js:258:2
  
  - Module build [1m[31mfailed[39m[22m[1m (from ./node_modules/handlebars-loader/index.js):
  
  - [1m[31mError[39m[22m[1m: Parse [1m[31merror[39m[22m[1m on line 201:
  
  - ...{{/layout-main}}{{/layout-main}}
  
  - -------------------^
  
  - Expecting 'EOF', got 'OPEN_ENDBLOCK'
  
  - parser.js:267 Parser.parseError
    [HR-Library]/[handlebars]/dist/cjs/handlebars/compiler/parser.js:267:19
  
  - parser.js:336 Parser.parse
    [HR-Library]/[handlebars]/dist/cjs/handlebars/compiler/parser.js:336:30
  
  - base.js:46 parseWithoutProcessing
    [HR-Library]/[handlebars]/dist/cjs/handlebars/compiler/base.js:46:33
  
  - base.js:52 HandlebarsEnvironment.parse
    [HR-Library]/[handlebars]/dist/cjs/handlebars/compiler/base.js:52:13
  
  - index.js:234 compile
    [HR-Library]/[handlebars-loader]/index.js:234:18
  
  - index.js:461 module.exports
    [HR-Library]/[handlebars-loader]/index.js:461:5
  
  - ModuleBuildError: Module build [1m[31mfailed[39m[22m[1m (from ./node_modules/handlebars-loader    /index.js):
  
  - [1m[31mError[39m[22m[1m: Parse [1m[31merror[39m[22m[1m on line 201:
  
  - ...{{/layout-main}}{{/layout-main}}
  
  - -------------------^
  
  - Expecting 'EOF', got 'OPEN_ENDBLOCK'
  
  - parser.js:267 Parser.parseError
    [HR-Library]/[handlebars]/dist/cjs/handlebars/compiler/parser.js:267:19
  
  - parser.js:336 Parser.parse
    [HR-Library]/[handlebars]/dist/cjs/handlebars/compiler/parser.js:336:30
  
  - base.js:46 parseWithoutProcessing
    [HR-Library]/[handlebars]/dist/cjs/handlebars/compiler/base.js:46:33
  
  - base.js:52 HandlebarsEnvironment.parse
    [HR-Library]/[handlebars]/dist/cjs/handlebars/compiler/base.js:52:13
  
  - index.js:234 compile
    [HR-Library]/[handlebars-loader]/index.js:234:18
  
  - index.js:461 module.exports
    [HR-Library]/[handlebars-loader]/index.js:461:5
  
  - NormalModule.js:764 processResult
    [HR-Library]/[webpack]/lib/NormalModule.js:764:19
  
  - NormalModule.js:866 
    [HR-Library]/[webpack]/lib/NormalModule.js:866:5
  
[39m[22m

[1m[31mERROR[39m[22m in [1m  [1m[31mError[39m[22m[1m: Child compilation [1m[31mfailed[39m[22m[1m:
  Module build [1m[31mfailed[39m[22m[1m (from ./node_modules/handlebars-loader/index.js):
  [1m[31mError[39m[22m[1m: Parse [1m[31merror[39m[22m[1m on line 68:
  ...{{/layout-main}}{{/layout-main}}
  -------------------^
  Expecting 'EOF', got 'OPEN_ENDBLOCK'
      at Parser.parseError (D:\Proyectos\HR-Library\node_modules\handlebars\dist  \cjs\handlebars\compiler\parser.js:267:19)
      at Parser.parse (D:\Proyectos\HR-Library\node_modules\handlebars\dist\cjs\  handlebars\compiler\parser.js:336:30)
      at parseWithoutProcessing (D:\Proyectos\HR-Library\node_modules\handlebars  \dist\cjs\handlebars\compiler\base.js:46:33)
      at HandlebarsEnvironment.parse (D:\Proyectos\HR-Library\node_modules\handl  ebars\dist\cjs\handlebars\compiler\base.js:52:13)
      at compile (D:\Proyectos\HR-Library\node_modules\handlebars-loader\index.j  s:234:18)
      at module.exports (D:\Proyectos\HR-Library\node_modules\handlebars-loader\  index.js:461:5)
  ModuleBuildError: Module build [1m[31mfailed[39m[22m[1m (from ./node_modules/handlebars-loader/i  ndex.js):
  [1m[31mError[39m[22m[1m: Parse [1m[31merror[39m[22m[1m on line 68:
  ...{{/layout-main}}{{/layout-main}}
  -------------------^
  Expecting 'EOF', got 'OPEN_ENDBLOCK'
      at Parser.parseError (D:\Proyectos\HR-Library\node_modules\handlebars\dist  \cjs\handlebars\compiler\parser.js:267:19)
      at Parser.parse (D:\Proyectos\HR-Library\node_modules\handlebars\dist\cjs\  handlebars\compiler\parser.js:336:30)
      at parseWithoutProcessing (D:\Proyectos\HR-Library\node_modules\handlebars  \dist\cjs\handlebars\compiler\base.js:46:33)
      at HandlebarsEnvironment.parse (D:\Proyectos\HR-Library\node_modules\handl  ebars\dist\cjs\handlebars\compiler\base.js:52:13)
      at compile (D:\Proyectos\HR-Library\node_modules\handlebars-loader\index.j  s:234:18)
      at module.exports (D:\Proyectos\HR-Library\node_modules\handlebars-loader\  index.js:461:5)
      at processResult (D:\Proyectos\HR-Library\node_modules\webpack\lib\NormalM  odule.js:764:19)
      at D:\Proyectos\HR-Library\node_modules\webpack\lib\NormalModule.js:866:5
      at D:\Proyectos\HR-Library\node_modules\loader-runner\lib\LoaderRunner.js:  499:11
      at runSyncOrAsyncCallback (D:\Proyectos\HR-Library\node_modules\loader-run  ner\lib\LoaderRunner.js:259:19)
      at innerCallback (D:\Proyectos\HR-Library\node_modules\loader-runner\lib\L  oaderRunner.js:175:13)
      at compile (D:\Proyectos\HR-Library\node_modules\handlebars-loader\index.j  s:238:14)
      at module.exports (D:\Proyectos\HR-Library\node_modules\handlebars-loader\  index.js:461:5)
      at LOADER_EXECUTION (D:\Proyectos\HR-Library\node_modules\loader-runner\li  b\LoaderRunner.js:195:14)
      at runSyncOrAsync (D:\Proyectos\HR-Library\node_modules\loader-runner\lib\  LoaderRunner.js:196:5)
      at iterateNormalLoaders (D:\Proyectos\HR-Library\node_modules\loader-runne  r\lib\LoaderRunner.js:258:2)
  Module build [1m[31mfailed[39m[22m[1m (from ./node_modules/handlebars-loader/index.js):
  [1m[31mError[39m[22m[1m: Parse [1m[31merror[39m[22m[1m on line 201:
  ...{{/layout-main}}{{/layout-main}}
  -------------------^
  Expecting 'EOF', got 'OPEN_ENDBLOCK'
      at Parser.parseError (D:\Proyectos\HR-Library\node_modules\handlebars\dist  \cjs\handlebars\compiler\parser.js:267:19)
      at Parser.parse (D:\Proyectos\HR-Library\node_modules\handlebars\dist\cjs\  handlebars\compiler\parser.js:336:30)
      at parseWithoutProcessing (D:\Proyectos\HR-Library\node_modules\handlebars  \dist\cjs\handlebars\compiler\base.js:46:33)
      at HandlebarsEnvironment.parse (D:\Proyectos\HR-Library\node_modules\handl  ebars\dist\cjs\handlebars\compiler\base.js:52:13)
      at compile (D:\Proyectos\HR-Library\node_modules\handlebars-loader\index.j  s:234:18)
      at module.exports (D:\Proyectos\HR-Library\node_modules\handlebars-loader\  index.js:461:5)
  ModuleBuildError: Module build [1m[31mfailed[39m[22m[1m (from ./node_modules/handlebars-loader/i  ndex.js):
  [1m[31mError[39m[22m[1m: Parse [1m[31merror[39m[22m[1m on line 201:
  ...{{/layout-main}}{{/layout-main}}
  -------------------^
  Expecting 'EOF', got 'OPEN_ENDBLOCK'
      at Parser.parseError (D:\Proyectos\HR-Library\node_modules\handlebars\dist  \cjs\handlebars\compiler\parser.js:267:19)
      at Parser.parse (D:\Proyectos\HR-Library\node_modules\handlebars\dist\cjs\  handlebars\compiler\parser.js:336:30)
      at parseWithoutProcessing (D:\Proyectos\HR-Library\node_modules\handlebars  \dist\cjs\handlebars\compiler\base.js:46:33)
      at HandlebarsEnvironment.parse (D:\Proyectos\HR-Library\node_modules\handl  ebars\dist\cjs\handlebars\compiler\base.js:52:13)
      at compile (D:\Proyectos\HR-Library\node_modules\handlebars-loader\index.j  s:234:18)
      at module.exports (D:\Proyectos\HR-Library\node_modules\handlebars-loader\  index.js:461:5)
      at processResult (D:\Proyectos\HR-Library\node_modules\webpack\lib\NormalM  odule.js:764:19)
      at D:\Proyectos\HR-Library\node_modules\webpack\lib\NormalModule.js:866:5
      at D:\Proyectos\HR-Library\node_modules\loader-runner\lib\LoaderRunner.js:  499:11
      at runSyncOrAsyncCallback (D:\Proyectos\HR-Library\node_modules\loader-run  ner\lib\LoaderRunner.js:259:19)
      at innerCallback (D:\Proyectos\HR-Library\node_modules\loader-runner\lib\L  oaderRunner.js:175:13)
      at compile (D:\Proyectos\HR-Library\node_modules\handlebars-loader\index.j  s:238:14)
      at module.exports (D:\Proyectos\HR-Library\node_modules\handlebars-loader\  index.js:461:5)
      at LOADER_EXECUTION (D:\Proyectos\HR-Library\node_modules\loader-runner\li  b\LoaderRunner.js:195:14)
      at runSyncOrAsync (D:\Proyectos\HR-Library\node_modules\loader-runner\lib\  LoaderRunner.js:196:5)
      at iterateNormalLoaders (D:\Proyectos\HR-Library\node_modules\loader-runne  r\lib\LoaderRunner.js:258:2)
  Module build [1m[31mfailed[39m[22m[1m (from ./node_modules/handlebars-loader/index.js):
  [1m[31mError[39m[22m[1m: Parse [1m[31merror[39m[22m[1m on line 97:
  ...{{/layout-main}}{{/layout-main}}
  -------------------^
  Expecting 'EOF', got 'OPEN_ENDBLOCK'
      at Parser.parseError (D:\Proyectos\HR-Library\node_modules\handlebars\dist  \cjs\handlebars\compiler\parser.js:267:19)
      at Parser.parse (D:\Proyectos\HR-Library\node_modules\handlebars\dist\cjs\  handlebars\compiler\parser.js:336:30)
      at parseWithoutProcessing (D:\Proyectos\HR-Library\node_modules\handlebars  \dist\cjs\handlebars\compiler\base.js:46:33)
      at HandlebarsEnvironment.parse (D:\Proyectos\HR-Library\node_modules\handl  ebars\dist\cjs\handlebars\compiler\base.js:52:13)
      at compile (D:\Proyectos\HR-Library\node_modules\handlebars-loader\index.j  s:234:18)
      at module.exports (D:\Proyectos\HR-Library\node_modules\handlebars-loader\  index.js:461:5)
  ModuleBuildError: Module build [1m[31mfailed[39m[22m[1m (from ./node_modules/handlebars-loader/i  ndex.js):
  [1m[31mError[39m[22m[1m: Parse [1m[31merror[39m[22m[1m on line 97:
  ...{{/layout-main}}{{/layout-main}}
  -------------------^
  Expecting 'EOF', got 'OPEN_ENDBLOCK'
      at Parser.parseError (D:\Proyectos\HR-Library\node_modules\handlebars\dist  \cjs\handlebars\compiler\parser.js:267:19)
      at Parser.parse (D:\Proyectos\HR-Library\node_modules\handlebars\dist\cjs\  handlebars\compiler\parser.js:336:30)
      at parseWithoutProcessing (D:\Proyectos\HR-Library\node_modules\handlebars  \dist\cjs\handlebars\compiler\base.js:46:33)
      at HandlebarsEnvironment.parse (D:\Proyectos\HR-Library\node_modules\handl  ebars\dist\cjs\handlebars\compiler\base.js:52:13)
      at compile (D:\Proyectos\HR-Library\node_modules\handlebars-loader\index.j  s:234:18)
      at module.exports (D:\Proyectos\HR-Library\node_modules\handlebars-loader\  index.js:461:5)
      at processResult (D:\Proyectos\HR-Library\node_modules\webpack\lib\NormalM  odule.js:764:19)
      at D:\Proyectos\HR-Library\node_modules\webpack\lib\NormalModule.js:866:5
      at D:\Proyectos\HR-Library\node_modules\loader-runner\lib\LoaderRunner.js:  499:11
      at runSyncOrAsyncCallback (D:\Proyectos\HR-Library\node_modules\loader-run  ner\lib\LoaderRunner.js:259:19)
      at innerCallback (D:\Proyectos\HR-Library\node_modules\loader-runner\lib\L  oaderRunner.js:175:13)
      at compile (D:\Proyectos\HR-Library\node_modules\handlebars-loader\index.j  s:238:14)
      at module.exports (D:\Proyectos\HR-Library\node_modules\handlebars-loader\  index.js:461:5)
      at LOADER_EXECUTION (D:\Proyectos\HR-Library\node_modules\loader-runner\li  b\LoaderRunner.js:195:14)
      at runSyncOrAsync (D:\Proyectos\HR-Library\node_modules\loader-runner\lib\  LoaderRunner.js:196:5)
      at iterateNormalLoaders (D:\Proyectos\HR-Library\node_modules\loader-runne  r\lib\LoaderRunner.js:258:2)
  Module build [1m[31mfailed[39m[22m[1m (from ./node_modules/handlebars-loader/index.js):
  [1m[31mError[39m[22m[1m: Parse [1m[31merror[39m[22m[1m on line 146:
  ...{{/layout-main}}{{/layout-main}}
  -------------------^
  Expecting 'EOF', got 'OPEN_ENDBLOCK'
      at Parser.parseError (D:\Proyectos\HR-Library\node_modules\handlebars\dist  \cjs\handlebars\compiler\parser.js:267:19)
      at Parser.parse (D:\Proyectos\HR-Library\node_modules\handlebars\dist\cjs\  handlebars\compiler\parser.js:336:30)
      at parseWithoutProcessing (D:\Proyectos\HR-Library\node_modules\handlebars  \dist\cjs\handlebars\compiler\base.js:46:33)
      at HandlebarsEnvironment.parse (D:\Proyectos\HR-Library\node_modules\handl  ebars\dist\cjs\handlebars\compiler\base.js:52:13)
      at compile (D:\Proyectos\HR-Library\node_modules\handlebars-loader\index.j  s:234:18)
      at module.exports (D:\Proyectos\HR-Library\node_modules\handlebars-loader\  index.js:461:5)
  ModuleBuildError: Module build [1m[31mfailed[39m[22m[1m (from ./node_modules/handlebars-loader/i  ndex.js):
  [1m[31mError[39m[22m[1m: Parse [1m[31merror[39m[22m[1m on line 146:
  ...{{/layout-main}}{{/layout-main}}
  -------------------^
  Expecting 'EOF', got 'OPEN_ENDBLOCK'
      at Parser.parseError (D:\Proyectos\HR-Library\node_modules\handlebars\dist  \cjs\handlebars\compiler\parser.js:267:19)
      at Parser.parse (D:\Proyectos\HR-Library\node_modules\handlebars\dist\cjs\  handlebars\compiler\parser.js:336:30)
      at parseWithoutProcessing (D:\Proyectos\HR-Library\node_modules\handlebars  \dist\cjs\handlebars\compiler\base.js:46:33)
      at HandlebarsEnvironment.parse (D:\Proyectos\HR-Library\node_modules\handl  ebars\dist\cjs\handlebars\compiler\base.js:52:13)
      at compile (D:\Proyectos\HR-Library\node_modules\handlebars-loader\index.j  s:234:18)
      at module.exports (D:\Proyectos\HR-Library\node_modules\handlebars-loader\  index.js:461:5)
      at processResult (D:\Proyectos\HR-Library\node_modules\webpack\lib\NormalM  odule.js:764:19)
      at D:\Proyectos\HR-Library\node_modules\webpack\lib\NormalModule.js:866:5
      at D:\Proyectos\HR-Library\node_modules\loader-runner\lib\LoaderRunner.js:  499:11
      at runSyncOrAsyncCallback (D:\Proyectos\HR-Library\node_modules\loader-run  ner\lib\LoaderRunner.js:259:19)
      at innerCallback (D:\Proyectos\HR-Library\node_modules\loader-runner\lib\L  oaderRunner.js:175:13)
      at compile (D:\Proyectos\HR-Library\node_modules\handlebars-loader\index.j  s:238:14)
      at module.exports (D:\Proyectos\HR-Library\node_modules\handlebars-loader\  index.js:461:5)
      at LOADER_EXECUTION (D:\Proyectos\HR-Library\node_modules\loader-runner\li  b\LoaderRunner.js:195:14)
      at runSyncOrAsync (D:\Proyectos\HR-Library\node_modules\loader-runner\lib\  LoaderRunner.js:196:5)
      at iterateNormalLoaders (D:\Proyectos\HR-Library\node_modules\loader-runne  r\lib\LoaderRunner.js:258:2)
  Module build [1m[31mfailed[39m[22m[1m (from ./node_modules/handlebars-loader/index.js):
  [1m[31mError[39m[22m[1m: Parse [1m[31merror[39m[22m[1m on line 183:
  ...{{/layout-main}}{{/layout-main}}
  -------------------^
  Expecting 'EOF', got 'OPEN_ENDBLOCK'
      at Parser.parseError (D:\Proyectos\HR-Library\node_modules\handlebars\dist  \cjs\handlebars\compiler\parser.js:267:19)
      at Parser.parse (D:\Proyectos\HR-Library\node_modules\handlebars\dist\cjs\  handlebars\compiler\parser.js:336:30)
      at parseWithoutProcessing (D:\Proyectos\HR-Library\node_modules\handlebars  \dist\cjs\handlebars\compiler\base.js:46:33)
      at HandlebarsEnvironment.parse (D:\Proyectos\HR-Library\node_modules\handl  ebars\dist\cjs\handlebars\compiler\base.js:52:13)
      at compile (D:\Proyectos\HR-Library\node_modules\handlebars-loader\index.j  s:234:18)
      at module.exports (D:\Proyectos\HR-Library\node_modules\handlebars-loader\  index.js:461:5)
  ModuleBuildError: Module build [1m[31mfailed[39m[22m[1m (from ./node_modules/handlebars-loader/i  ndex.js):
  [1m[31mError[39m[22m[1m: Parse [1m[31merror[39m[22m[1m on line 183:
  ...{{/layout-main}}{{/layout-main}}
  -------------------^
  Expecting 'EOF', got 'OPEN_ENDBLOCK'
      at Parser.parseError (D:\Proyectos\HR-Library\node_modules\handlebars\dist  \cjs\handlebars\compiler\parser.js:267:19)
      at Parser.parse (D:\Proyectos\HR-Library\node_modules\handlebars\dist\cjs\  handlebars\compiler\parser.js:336:30)
      at parseWithoutProcessing (D:\Proyectos\HR-Library\node_modules\handlebars  \dist\cjs\handlebars\compiler\base.js:46:33)
      at HandlebarsEnvironment.parse (D:\Proyectos\HR-Library\node_modules\handl  ebars\dist\cjs\handlebars\compiler\base.js:52:13)
      at compile (D:\Proyectos\HR-Library\node_modules\handlebars-loader\index.j  s:234:18)
      at module.exports (D:\Proyectos\HR-Library\node_modules\handlebars-loader\  index.js:461:5)
      at processResult (D:\Proyectos\HR-Library\node_modules\webpack\lib\NormalM  odule.js:764:19)
      at D:\Proyectos\HR-Library\node_modules\webpack\lib\NormalModule.js:866:5
      at D:\Proyectos\HR-Library\node_modules\loader-runner\lib\LoaderRunner.js:  499:11
      at runSyncOrAsyncCallback (D:\Proyectos\HR-Library\node_modules\loader-run  ner\lib\LoaderRunner.js:259:19)
      at innerCallback (D:\Proyectos\HR-Library\node_modules\loader-runner\lib\L  oaderRunner.js:175:13)
      at compile (D:\Proyectos\HR-Library\node_modules\handlebars-loader\index.j  s:238:14)
      at module.exports (D:\Proyectos\HR-Library\node_modules\handlebars-loader\  index.js:461:5)
      at LOADER_EXECUTION (D:\Proyectos\HR-Library\node_modules\loader-runner\li  b\LoaderRunner.js:195:14)
      at runSyncOrAsync (D:\Proyectos\HR-Library\node_modules\loader-runner\lib\  LoaderRunner.js:196:5)
      at iterateNormalLoaders (D:\Proyectos\HR-Library\node_modules\loader-runne  r\lib\LoaderRunner.js:258:2)
  Module build [1m[31mfailed[39m[22m[1m (from ./node_modules/handlebars-loader/index.js):
  [1m[31mError[39m[22m[1m: Parse [1m[31merror[39m[22m[1m on line 216:
  ...{{/layout-main}}{{/layout-main}}
  -------------------^
  Expecting 'EOF', got 'OPEN_ENDBLOCK'
      at Parser.parseError (D:\Proyectos\HR-Library\node_modules\handlebars\dist  \cjs\handlebars\compiler\parser.js:267:19)
      at Parser.parse (D:\Proyectos\HR-Library\node_modules\handlebars\dist\cjs\  handlebars\compiler\parser.js:336:30)
      at parseWithoutProcessing (D:\Proyectos\HR-Library\node_modules\handlebars  \dist\cjs\handlebars\compiler\base.js:46:33)
      at HandlebarsEnvironment.parse (D:\Proyectos\HR-Library\node_modules\handl  ebars\dist\cjs\handlebars\compiler\base.js:52:13)
      at compile (D:\Proyectos\HR-Library\node_modules\handlebars-loader\index.j  s:234:18)
      at module.exports (D:\Proyectos\HR-Library\node_modules\handlebars-loader\  index.js:461:5)
  ModuleBuildError: Module build [1m[31mfailed[39m[22m[1m (from ./node_modules/handlebars-loader/i  ndex.js):
  [1m[31mError[39m[22m[1m: Parse [1m[31merror[39m[22m[1m on line 216:
  ...{{/layout-main}}{{/layout-main}}
  -------------------^
  Expecting 'EOF', got 'OPEN_ENDBLOCK'
      at Parser.parseError (D:\Proyectos\HR-Library\node_modules\handlebars\dist  \cjs\handlebars\compiler\parser.js:267:19)
      at Parser.parse (D:\Proyectos\HR-Library\node_modules\handlebars\dist\cjs\  handlebars\compiler\parser.js:336:30)
      at parseWithoutProcessing (D:\Proyectos\HR-Library\node_modules\handlebars  \dist\cjs\handlebars\compiler\base.js:46:33)
      at HandlebarsEnvironment.parse (D:\Proyectos\HR-Library\node_modules\handl  ebars\dist\cjs\handlebars\compiler\base.js:52:13)
      at compile (D:\Proyectos\HR-Library\node_modules\handlebars-loader\index.j  s:234:18)
      at module.exports (D:\Proyectos\HR-Library\node_modules\handlebars-loader\  index.js:461:5)
      at processResult (D:\Proyectos\HR-Library\node_modules\webpack\lib\NormalM  odule.js:764:19)
      at D:\Proyectos\HR-Library\node_modules\webpack\lib\NormalModule.js:866:5
      at D:\Proyectos\HR-Library\node_modules\loader-runner\lib\LoaderRunner.js:  499:11
      at runSyncOrAsyncCallback (D:\Proyectos\HR-Library\node_modules\loader-run  ner\lib\LoaderRunner.js:259:19)
      at innerCallback (D:\Proyectos\HR-Library\node_modules\loader-runner\lib\L  oaderRunner.js:175:13)
      at compile (D:\Proyectos\HR-Library\node_modules\handlebars-loader\index.j  s:238:14)
      at module.exports (D:\Proyectos\HR-Library\node_modules\handlebars-loader\  index.js:461:5)
      at LOADER_EXECUTION (D:\Proyectos\HR-Library\node_modules\loader-runner\li  b\LoaderRunner.js:195:14)
      at runSyncOrAsync (D:\Proyectos\HR-Library\node_modules\loader-runner\lib\  LoaderRunner.js:196:5)
      at iterateNormalLoaders (D:\Proyectos\HR-Library\node_modules\loader-runne  r\lib\LoaderRunner.js:258:2)
  
  - parser.js:267 Parser.parseError
    [HR-Library]/[handlebars]/dist/cjs/handlebars/compiler/parser.js:267:19
  
  - parser.js:336 Parser.parse
    [HR-Library]/[handlebars]/dist/cjs/handlebars/compiler/parser.js:336:30
  
  - base.js:46 parseWithoutProcessing
    [HR-Library]/[handlebars]/dist/cjs/handlebars/compiler/base.js:46:33
  
  - base.js:52 HandlebarsEnvironment.parse
    [HR-Library]/[handlebars]/dist/cjs/handlebars/compiler/base.js:52:13
  
  - index.js:234 compile
    [HR-Library]/[handlebars-loader]/index.js:234:18
  
  - index.js:461 module.exports
    [HR-Library]/[handlebars-loader]/index.js:461:5
  
  - ModuleBuildError: Module build [1m[31mfailed[39m[22m[1m (from ./node_modules/handlebars-loader    /index.js):
  
  - [1m[31mError[39m[22m[1m: Parse [1m[31merror[39m[22m[1m on line 68:
  
  - ...{{/layout-main}}{{/layout-main}}
  
  - -------------------^
  
  - Expecting 'EOF', got 'OPEN_ENDBLOCK'
  
  - parser.js:267 Parser.parseError
    [HR-Library]/[handlebars]/dist/cjs/handlebars/compiler/parser.js:267:19
  
  - parser.js:336 Parser.parse
    [HR-Library]/[handlebars]/dist/cjs/handlebars/compiler/parser.js:336:30
  
  - base.js:46 parseWithoutProcessing
    [HR-Library]/[handlebars]/dist/cjs/handlebars/compiler/base.js:46:33
  
  - base.js:52 HandlebarsEnvironment.parse
    [HR-Library]/[handlebars]/dist/cjs/handlebars/compiler/base.js:52:13
  
  - index.js:234 compile
    [HR-Library]/[handlebars-loader]/index.js:234:18
  
  - index.js:461 module.exports
    [HR-Library]/[handlebars-loader]/index.js:461:5
  
  - NormalModule.js:764 processResult
    [HR-Library]/[webpack]/lib/NormalModule.js:764:19
  
  - NormalModule.js:866 
    [HR-Library]/[webpack]/lib/NormalModule.js:866:5
  
  - LoaderRunner.js:499 
    [HR-Library]/[loader-runner]/lib/LoaderRunner.js:499:11
  
  - LoaderRunner.js:259 runSyncOrAsyncCallback
    [HR-Library]/[loader-runner]/lib/LoaderRunner.js:259:19
  
  - LoaderRunner.js:175 innerCallback
    [HR-Library]/[loader-runner]/lib/LoaderRunner.js:175:13
  
  - index.js:238 compile
    [HR-Library]/[handlebars-loader]/index.js:238:14
  
  - index.js:461 module.exports
    [HR-Library]/[handlebars-loader]/index.js:461:5
  
  - LoaderRunner.js:195 LOADER_EXECUTION
    [HR-Library]/[loader-runner]/lib/LoaderRunner.js:195:14
  
  - LoaderRunner.js:196 runSyncOrAsync
    [HR-Library]/[loader-runner]/lib/LoaderRunner.js:196:5
  
  - LoaderRunner.js:258 iterateNormalLoaders
    [HR-Library]/[loader-runner]/lib/LoaderRunner.js:258:2
  
  - Module build [1m[31mfailed[39m[22m[1m (from ./node_modules/handlebars-loader/index.js):
  
  - [1m[31mError[39m[22m[1m: Parse [1m[31merror[39m[22m[1m on line 201:
  
  - ...{{/layout-main}}{{/layout-main}}
  
  - -------------------^
  
  - Expecting 'EOF', got 'OPEN_ENDBLOCK'
  
  - parser.js:267 Parser.parseError
    [HR-Library]/[handlebars]/dist/cjs/handlebars/compiler/parser.js:267:19
  
  - parser.js:336 Parser.parse
    [HR-Library]/[handlebars]/dist/cjs/handlebars/compiler/parser.js:336:30
  
  - base.js:46 parseWithoutProcessing
    [HR-Library]/[handlebars]/dist/cjs/handlebars/compiler/base.js:46:33
  
  - base.js:52 HandlebarsEnvironment.parse
    [HR-Library]/[handlebars]/dist/cjs/handlebars/compiler/base.js:52:13
  
  - index.js:234 compile
    [HR-Library]/[handlebars-loader]/index.js:234:18
  
  - index.js:461 module.exports
    [HR-Library]/[handlebars-loader]/index.js:461:5
  
  - ModuleBuildError: Module build [1m[31mfailed[39m[22m[1m (from ./node_modules/handlebars-loader    /index.js):
  
  - [1m[31mError[39m[22m[1m: Parse [1m[31merror[39m[22m[1m on line 201:
  
  - ...{{/layout-main}}{{/layout-main}}
  
  - -------------------^
  
  - Expecting 'EOF', got 'OPEN_ENDBLOCK'
  
  - parser.js:267 Parser.parseError
    [HR-Library]/[handlebars]/dist/cjs/handlebars/compiler/parser.js:267:19
  
  - parser.js:336 Parser.parse
    [HR-Library]/[handlebars]/dist/cjs/handlebars/compiler/parser.js:336:30
  
  - base.js:46 parseWithoutProcessing
    [HR-Library]/[handlebars]/dist/cjs/handlebars/compiler/base.js:46:33
  
  - base.js:52 HandlebarsEnvironment.parse
    [HR-Library]/[handlebars]/dist/cjs/handlebars/compiler/base.js:52:13
  
  - index.js:234 compile
    [HR-Library]/[handlebars-loader]/index.js:234:18
  
  - index.js:461 module.exports
    [HR-Library]/[handlebars-loader]/index.js:461:5
  
  - NormalModule.js:764 processResult
    [HR-Library]/[webpack]/lib/NormalModule.js:764:19
  
  - NormalModule.js:866 
    [HR-Library]/[webpack]/lib/NormalModule.js:866:5
  
[39m[22m

[1m[31mERROR[39m[22m in [1m  [1m[31mError[39m[22m[1m: Child compilation [1m[31mfailed[39m[22m[1m:
  Module build [1m[31mfailed[39m[22m[1m (from ./node_modules/handlebars-loader/index.js):
  [1m[31mError[39m[22m[1m: Parse [1m[31merror[39m[22m[1m on line 68:
  ...{{/layout-main}}{{/layout-main}}
  -------------------^
  Expecting 'EOF', got 'OPEN_ENDBLOCK'
      at Parser.parseError (D:\Proyectos\HR-Library\node_modules\handlebars\dist  \cjs\handlebars\compiler\parser.js:267:19)
      at Parser.parse (D:\Proyectos\HR-Library\node_modules\handlebars\dist\cjs\  handlebars\compiler\parser.js:336:30)
      at parseWithoutProcessing (D:\Proyectos\HR-Library\node_modules\handlebars  \dist\cjs\handlebars\compiler\base.js:46:33)
      at HandlebarsEnvironment.parse (D:\Proyectos\HR-Library\node_modules\handl  ebars\dist\cjs\handlebars\compiler\base.js:52:13)
      at compile (D:\Proyectos\HR-Library\node_modules\handlebars-loader\index.j  s:234:18)
      at module.exports (D:\Proyectos\HR-Library\node_modules\handlebars-loader\  index.js:461:5)
  ModuleBuildError: Module build [1m[31mfailed[39m[22m[1m (from ./node_modules/handlebars-loader/i  ndex.js):
  [1m[31mError[39m[22m[1m: Parse [1m[31merror[39m[22m[1m on line 68:
  ...{{/layout-main}}{{/layout-main}}
  -------------------^
  Expecting 'EOF', got 'OPEN_ENDBLOCK'
      at Parser.parseError (D:\Proyectos\HR-Library\node_modules\handlebars\dist  \cjs\handlebars\compiler\parser.js:267:19)
      at Parser.parse (D:\Proyectos\HR-Library\node_modules\handlebars\dist\cjs\  handlebars\compiler\parser.js:336:30)
      at parseWithoutProcessing (D:\Proyectos\HR-Library\node_modules\handlebars  \dist\cjs\handlebars\compiler\base.js:46:33)
      at HandlebarsEnvironment.parse (D:\Proyectos\HR-Library\node_modules\handl  ebars\dist\cjs\handlebars\compiler\base.js:52:13)
      at compile (D:\Proyectos\HR-Library\node_modules\handlebars-loader\index.j  s:234:18)
      at module.exports (D:\Proyectos\HR-Library\node_modules\handlebars-loader\  index.js:461:5)
      at processResult (D:\Proyectos\HR-Library\node_modules\webpack\lib\NormalM  odule.js:764:19)
      at D:\Proyectos\HR-Library\node_modules\webpack\lib\NormalModule.js:866:5
      at D:\Proyectos\HR-Library\node_modules\loader-runner\lib\LoaderRunner.js:  499:11
      at runSyncOrAsyncCallback (D:\Proyectos\HR-Library\node_modules\loader-run  ner\lib\LoaderRunner.js:259:19)
      at innerCallback (D:\Proyectos\HR-Library\node_modules\loader-runner\lib\L  oaderRunner.js:175:13)
      at compile (D:\Proyectos\HR-Library\node_modules\handlebars-loader\index.j  s:238:14)
      at module.exports (D:\Proyectos\HR-Library\node_modules\handlebars-loader\  index.js:461:5)
      at LOADER_EXECUTION (D:\Proyectos\HR-Library\node_modules\loader-runner\li  b\LoaderRunner.js:195:14)
      at runSyncOrAsync (D:\Proyectos\HR-Library\node_modules\loader-runner\lib\  LoaderRunner.js:196:5)
      at iterateNormalLoaders (D:\Proyectos\HR-Library\node_modules\loader-runne  r\lib\LoaderRunner.js:258:2)
  Module build [1m[31mfailed[39m[22m[1m (from ./node_modules/handlebars-loader/index.js):
  [1m[31mError[39m[22m[1m: Parse [1m[31merror[39m[22m[1m on line 201:
  ...{{/layout-main}}{{/layout-main}}
  -------------------^
  Expecting 'EOF', got 'OPEN_ENDBLOCK'
      at Parser.parseError (D:\Proyectos\HR-Library\node_modules\handlebars\dist  \cjs\handlebars\compiler\parser.js:267:19)
      at Parser.parse (D:\Proyectos\HR-Library\node_modules\handlebars\dist\cjs\  handlebars\compiler\parser.js:336:30)
      at parseWithoutProcessing (D:\Proyectos\HR-Library\node_modules\handlebars  \dist\cjs\handlebars\compiler\base.js:46:33)
      at HandlebarsEnvironment.parse (D:\Proyectos\HR-Library\node_modules\handl  ebars\dist\cjs\handlebars\compiler\base.js:52:13)
      at compile (D:\Proyectos\HR-Library\node_modules\handlebars-loader\index.j  s:234:18)
      at module.exports (D:\Proyectos\HR-Library\node_modules\handlebars-loader\  index.js:461:5)
  ModuleBuildError: Module build [1m[31mfailed[39m[22m[1m (from ./node_modules/handlebars-loader/i  ndex.js):
  [1m[31mError[39m[22m[1m: Parse [1m[31merror[39m[22m[1m on line 201:
  ...{{/layout-main}}{{/layout-main}}
  -------------------^
  Expecting 'EOF', got 'OPEN_ENDBLOCK'
      at Parser.parseError (D:\Proyectos\HR-Library\node_modules\handlebars\dist  \cjs\handlebars\compiler\parser.js:267:19)
      at Parser.parse (D:\Proyectos\HR-Library\node_modules\handlebars\dist\cjs\  handlebars\compiler\parser.js:336:30)
      at parseWithoutProcessing (D:\Proyectos\HR-Library\node_modules\handlebars  \dist\cjs\handlebars\compiler\base.js:46:33)
      at HandlebarsEnvironment.parse (D:\Proyectos\HR-Library\node_modules\handl  ebars\dist\cjs\handlebars\compiler\base.js:52:13)
      at compile (D:\Proyectos\HR-Library\node_modules\handlebars-loader\index.j  s:234:18)
      at module.exports (D:\Proyectos\HR-Library\node_modules\handlebars-loader\  index.js:461:5)
      at processResult (D:\Proyectos\HR-Library\node_modules\webpack\lib\NormalM  odule.js:764:19)
      at D:\Proyectos\HR-Library\node_modules\webpack\lib\NormalModule.js:866:5
      at D:\Proyectos\HR-Library\node_modules\loader-runner\lib\LoaderRunner.js:  499:11
      at runSyncOrAsyncCallback (D:\Proyectos\HR-Library\node_modules\loader-run  ner\lib\LoaderRunner.js:259:19)
      at innerCallback (D:\Proyectos\HR-Library\node_modules\loader-runner\lib\L  oaderRunner.js:175:13)
      at compile (D:\Proyectos\HR-Library\node_modules\handlebars-loader\index.j  s:238:14)
      at module.exports (D:\Proyectos\HR-Library\node_modules\handlebars-loader\  index.js:461:5)
      at LOADER_EXECUTION (D:\Proyectos\HR-Library\node_modules\loader-runner\li  b\LoaderRunner.js:195:14)
      at runSyncOrAsync (D:\Proyectos\HR-Library\node_modules\loader-runner\lib\  LoaderRunner.js:196:5)
      at iterateNormalLoaders (D:\Proyectos\HR-Library\node_modules\loader-runne  r\lib\LoaderRunner.js:258:2)
  Module build [1m[31mfailed[39m[22m[1m (from ./node_modules/handlebars-loader/index.js):
  [1m[31mError[39m[22m[1m: Parse [1m[31merror[39m[22m[1m on line 97:
  ...{{/layout-main}}{{/layout-main}}
  -------------------^
  Expecting 'EOF', got 'OPEN_ENDBLOCK'
      at Parser.parseError (D:\Proyectos\HR-Library\node_modules\handlebars\dist  \cjs\handlebars\compiler\parser.js:267:19)
      at Parser.parse (D:\Proyectos\HR-Library\node_modules\handlebars\dist\cjs\  handlebars\compiler\parser.js:336:30)
      at parseWithoutProcessing (D:\Proyectos\HR-Library\node_modules\handlebars  \dist\cjs\handlebars\compiler\base.js:46:33)
      at HandlebarsEnvironment.parse (D:\Proyectos\HR-Library\node_modules\handl  ebars\dist\cjs\handlebars\compiler\base.js:52:13)
      at compile (D:\Proyectos\HR-Library\node_modules\handlebars-loader\index.j  s:234:18)
      at module.exports (D:\Proyectos\HR-Library\node_modules\handlebars-loader\  index.js:461:5)
  ModuleBuildError: Module build [1m[31mfailed[39m[22m[1m (from ./node_modules/handlebars-loader/i  ndex.js):
  [1m[31mError[39m[22m[1m: Parse [1m[31merror[39m[22m[1m on line 97:
  ...{{/layout-main}}{{/layout-main}}
  -------------------^
  Expecting 'EOF', got 'OPEN_ENDBLOCK'
      at Parser.parseError (D:\Proyectos\HR-Library\node_modules\handlebars\dist  \cjs\handlebars\compiler\parser.js:267:19)
      at Parser.parse (D:\Proyectos\HR-Library\node_modules\handlebars\dist\cjs\  handlebars\compiler\parser.js:336:30)
      at parseWithoutProcessing (D:\Proyectos\HR-Library\node_modules\handlebars  \dist\cjs\handlebars\compiler\base.js:46:33)
      at HandlebarsEnvironment.parse (D:\Proyectos\HR-Library\node_modules\handl  ebars\dist\cjs\handlebars\compiler\base.js:52:13)
      at compile (D:\Proyectos\HR-Library\node_modules\handlebars-loader\index.j  s:234:18)
      at module.exports (D:\Proyectos\HR-Library\node_modules\handlebars-loader\  index.js:461:5)
      at processResult (D:\Proyectos\HR-Library\node_modules\webpack\lib\NormalM  odule.js:764:19)
      at D:\Proyectos\HR-Library\node_modules\webpack\lib\NormalModule.js:866:5
      at D:\Proyectos\HR-Library\node_modules\loader-runner\lib\LoaderRunner.js:  499:11
      at runSyncOrAsyncCallback (D:\Proyectos\HR-Library\node_modules\loader-run  ner\lib\LoaderRunner.js:259:19)
      at innerCallback (D:\Proyectos\HR-Library\node_modules\loader-runner\lib\L  oaderRunner.js:175:13)
      at compile (D:\Proyectos\HR-Library\node_modules\handlebars-loader\index.j  s:238:14)
      at module.exports (D:\Proyectos\HR-Library\node_modules\handlebars-loader\  index.js:461:5)
      at LOADER_EXECUTION (D:\Proyectos\HR-Library\node_modules\loader-runner\li  b\LoaderRunner.js:195:14)
      at runSyncOrAsync (D:\Proyectos\HR-Library\node_modules\loader-runner\lib\  LoaderRunner.js:196:5)
      at iterateNormalLoaders (D:\Proyectos\HR-Library\node_modules\loader-runne  r\lib\LoaderRunner.js:258:2)
  Module build [1m[31mfailed[39m[22m[1m (from ./node_modules/handlebars-loader/index.js):
  [1m[31mError[39m[22m[1m: Parse [1m[31merror[39m[22m[1m on line 146:
  ...{{/layout-main}}{{/layout-main}}
  -------------------^
  Expecting 'EOF', got 'OPEN_ENDBLOCK'
      at Parser.parseError (D:\Proyectos\HR-Library\node_modules\handlebars\dist  \cjs\handlebars\compiler\parser.js:267:19)
      at Parser.parse (D:\Proyectos\HR-Library\node_modules\handlebars\dist\cjs\  handlebars\compiler\parser.js:336:30)
      at parseWithoutProcessing (D:\Proyectos\HR-Library\node_modules\handlebars  \dist\cjs\handlebars\compiler\base.js:46:33)
      at HandlebarsEnvironment.parse (D:\Proyectos\HR-Library\node_modules\handl  ebars\dist\cjs\handlebars\compiler\base.js:52:13)
      at compile (D:\Proyectos\HR-Library\node_modules\handlebars-loader\index.j  s:234:18)
      at module.exports (D:\Proyectos\HR-Library\node_modules\handlebars-loader\  index.js:461:5)
  ModuleBuildError: Module build [1m[31mfailed[39m[22m[1m (from ./node_modules/handlebars-loader/i  ndex.js):
  [1m[31mError[39m[22m[1m: Parse [1m[31merror[39m[22m[1m on line 146:
  ...{{/layout-main}}{{/layout-main}}
  -------------------^
  Expecting 'EOF', got 'OPEN_ENDBLOCK'
      at Parser.parseError (D:\Proyectos\HR-Library\node_modules\handlebars\dist  \cjs\handlebars\compiler\parser.js:267:19)
      at Parser.parse (D:\Proyectos\HR-Library\node_modules\handlebars\dist\cjs\  handlebars\compiler\parser.js:336:30)
      at parseWithoutProcessing (D:\Proyectos\HR-Library\node_modules\handlebars  \dist\cjs\handlebars\compiler\base.js:46:33)
      at HandlebarsEnvironment.parse (D:\Proyectos\HR-Library\node_modules\handl  ebars\dist\cjs\handlebars\compiler\base.js:52:13)
      at compile (D:\Proyectos\HR-Library\node_modules\handlebars-loader\index.j  s:234:18)
      at module.exports (D:\Proyectos\HR-Library\node_modules\handlebars-loader\  index.js:461:5)
      at processResult (D:\Proyectos\HR-Library\node_modules\webpack\lib\NormalM  odule.js:764:19)
      at D:\Proyectos\HR-Library\node_modules\webpack\lib\NormalModule.js:866:5
      at D:\Proyectos\HR-Library\node_modules\loader-runner\lib\LoaderRunner.js:  499:11
      at runSyncOrAsyncCallback (D:\Proyectos\HR-Library\node_modules\loader-run  ner\lib\LoaderRunner.js:259:19)
      at innerCallback (D:\Proyectos\HR-Library\node_modules\loader-runner\lib\L  oaderRunner.js:175:13)
      at compile (D:\Proyectos\HR-Library\node_modules\handlebars-loader\index.j  s:238:14)
      at module.exports (D:\Proyectos\HR-Library\node_modules\handlebars-loader\  index.js:461:5)
      at LOADER_EXECUTION (D:\Proyectos\HR-Library\node_modules\loader-runner\li  b\LoaderRunner.js:195:14)
      at runSyncOrAsync (D:\Proyectos\HR-Library\node_modules\loader-runner\lib\  LoaderRunner.js:196:5)
      at iterateNormalLoaders (D:\Proyectos\HR-Library\node_modules\loader-runne  r\lib\LoaderRunner.js:258:2)
  Module build [1m[31mfailed[39m[22m[1m (from ./node_modules/handlebars-loader/index.js):
  [1m[31mError[39m[22m[1m: Parse [1m[31merror[39m[22m[1m on line 183:
  ...{{/layout-main}}{{/layout-main}}
  -------------------^
  Expecting 'EOF', got 'OPEN_ENDBLOCK'
      at Parser.parseError (D:\Proyectos\HR-Library\node_modules\handlebars\dist  \cjs\handlebars\compiler\parser.js:267:19)
      at Parser.parse (D:\Proyectos\HR-Library\node_modules\handlebars\dist\cjs\  handlebars\compiler\parser.js:336:30)
      at parseWithoutProcessing (D:\Proyectos\HR-Library\node_modules\handlebars  \dist\cjs\handlebars\compiler\base.js:46:33)
      at HandlebarsEnvironment.parse (D:\Proyectos\HR-Library\node_modules\handl  ebars\dist\cjs\handlebars\compiler\base.js:52:13)
      at compile (D:\Proyectos\HR-Library\node_modules\handlebars-loader\index.j  s:234:18)
      at module.exports (D:\Proyectos\HR-Library\node_modules\handlebars-loader\  index.js:461:5)
  ModuleBuildError: Module build [1m[31mfailed[39m[22m[1m (from ./node_modules/handlebars-loader/i  ndex.js):
  [1m[31mError[39m[22m[1m: Parse [1m[31merror[39m[22m[1m on line 183:
  ...{{/layout-main}}{{/layout-main}}
  -------------------^
  Expecting 'EOF', got 'OPEN_ENDBLOCK'
      at Parser.parseError (D:\Proyectos\HR-Library\node_modules\handlebars\dist  \cjs\handlebars\compiler\parser.js:267:19)
      at Parser.parse (D:\Proyectos\HR-Library\node_modules\handlebars\dist\cjs\  handlebars\compiler\parser.js:336:30)
      at parseWithoutProcessing (D:\Proyectos\HR-Library\node_modules\handlebars  \dist\cjs\handlebars\compiler\base.js:46:33)
      at HandlebarsEnvironment.parse (D:\Proyectos\HR-Library\node_modules\handl  ebars\dist\cjs\handlebars\compiler\base.js:52:13)
      at compile (D:\Proyectos\HR-Library\node_modules\handlebars-loader\index.j  s:234:18)
      at module.exports (D:\Proyectos\HR-Library\node_modules\handlebars-loader\  index.js:461:5)
      at processResult (D:\Proyectos\HR-Library\node_modules\webpack\lib\NormalM  odule.js:764:19)
      at D:\Proyectos\HR-Library\node_modules\webpack\lib\NormalModule.js:866:5
      at D:\Proyectos\HR-Library\node_modules\loader-runner\lib\LoaderRunner.js:  499:11
      at runSyncOrAsyncCallback (D:\Proyectos\HR-Library\node_modules\loader-run  ner\lib\LoaderRunner.js:259:19)
      at innerCallback (D:\Proyectos\HR-Library\node_modules\loader-runner\lib\L  oaderRunner.js:175:13)
      at compile (D:\Proyectos\HR-Library\node_modules\handlebars-loader\index.j  s:238:14)
      at module.exports (D:\Proyectos\HR-Library\node_modules\handlebars-loader\  index.js:461:5)
      at LOADER_EXECUTION (D:\Proyectos\HR-Library\node_modules\loader-runner\li  b\LoaderRunner.js:195:14)
      at runSyncOrAsync (D:\Proyectos\HR-Library\node_modules\loader-runner\lib\  LoaderRunner.js:196:5)
      at iterateNormalLoaders (D:\Proyectos\HR-Library\node_modules\loader-runne  r\lib\LoaderRunner.js:258:2)
  Module build [1m[31mfailed[39m[22m[1m (from ./node_modules/handlebars-loader/index.js):
  [1m[31mError[39m[22m[1m: Parse [1m[31merror[39m[22m[1m on line 216:
  ...{{/layout-main}}{{/layout-main}}
  -------------------^
  Expecting 'EOF', got 'OPEN_ENDBLOCK'
      at Parser.parseError (D:\Proyectos\HR-Library\node_modules\handlebars\dist  \cjs\handlebars\compiler\parser.js:267:19)
      at Parser.parse (D:\Proyectos\HR-Library\node_modules\handlebars\dist\cjs\  handlebars\compiler\parser.js:336:30)
      at parseWithoutProcessing (D:\Proyectos\HR-Library\node_modules\handlebars  \dist\cjs\handlebars\compiler\base.js:46:33)
      at HandlebarsEnvironment.parse (D:\Proyectos\HR-Library\node_modules\handl  ebars\dist\cjs\handlebars\compiler\base.js:52:13)
      at compile (D:\Proyectos\HR-Library\node_modules\handlebars-loader\index.j  s:234:18)
      at module.exports (D:\Proyectos\HR-Library\node_modules\handlebars-loader\  index.js:461:5)
  ModuleBuildError: Module build [1m[31mfailed[39m[22m[1m (from ./node_modules/handlebars-loader/i  ndex.js):
  [1m[31mError[39m[22m[1m: Parse [1m[31merror[39m[22m[1m on line 216:
  ...{{/layout-main}}{{/layout-main}}
  -------------------^
  Expecting 'EOF', got 'OPEN_ENDBLOCK'
      at Parser.parseError (D:\Proyectos\HR-Library\node_modules\handlebars\dist  \cjs\handlebars\compiler\parser.js:267:19)
      at Parser.parse (D:\Proyectos\HR-Library\node_modules\handlebars\dist\cjs\  handlebars\compiler\parser.js:336:30)
      at parseWithoutProcessing (D:\Proyectos\HR-Library\node_modules\handlebars  \dist\cjs\handlebars\compiler\base.js:46:33)
      at HandlebarsEnvironment.parse (D:\Proyectos\HR-Library\node_modules\handl  ebars\dist\cjs\handlebars\compiler\base.js:52:13)
      at compile (D:\Proyectos\HR-Library\node_modules\handlebars-loader\index.j  s:234:18)
      at module.exports (D:\Proyectos\HR-Library\node_modules\handlebars-loader\  index.js:461:5)
      at processResult (D:\Proyectos\HR-Library\node_modules\webpack\lib\NormalM  odule.js:764:19)
      at D:\Proyectos\HR-Library\node_modules\webpack\lib\NormalModule.js:866:5
      at D:\Proyectos\HR-Library\node_modules\loader-runner\lib\LoaderRunner.js:  499:11
      at runSyncOrAsyncCallback (D:\Proyectos\HR-Library\node_modules\loader-run  ner\lib\LoaderRunner.js:259:19)
      at innerCallback (D:\Proyectos\HR-Library\node_modules\loader-runner\lib\L  oaderRunner.js:175:13)
      at compile (D:\Proyectos\HR-Library\node_modules\handlebars-loader\index.j  s:238:14)
      at module.exports (D:\Proyectos\HR-Library\node_modules\handlebars-loader\  index.js:461:5)
      at LOADER_EXECUTION (D:\Proyectos\HR-Library\node_modules\loader-runner\li  b\LoaderRunner.js:195:14)
      at runSyncOrAsync (D:\Proyectos\HR-Library\node_modules\loader-runner\lib\  LoaderRunner.js:196:5)
      at iterateNormalLoaders (D:\Proyectos\HR-Library\node_modules\loader-runne  r\lib\LoaderRunner.js:258:2)
  
  - parser.js:267 Parser.parseError
    [HR-Library]/[handlebars]/dist/cjs/handlebars/compiler/parser.js:267:19
  
  - parser.js:336 Parser.parse
    [HR-Library]/[handlebars]/dist/cjs/handlebars/compiler/parser.js:336:30
  
  - base.js:46 parseWithoutProcessing
    [HR-Library]/[handlebars]/dist/cjs/handlebars/compiler/base.js:46:33
  
  - base.js:52 HandlebarsEnvironment.parse
    [HR-Library]/[handlebars]/dist/cjs/handlebars/compiler/base.js:52:13
  
  - index.js:234 compile
    [HR-Library]/[handlebars-loader]/index.js:234:18
  
  - index.js:461 module.exports
    [HR-Library]/[handlebars-loader]/index.js:461:5
  
  - ModuleBuildError: Module build [1m[31mfailed[39m[22m[1m (from ./node_modules/handlebars-loader    /index.js):
  
  - [1m[31mError[39m[22m[1m: Parse [1m[31merror[39m[22m[1m on line 68:
  
  - ...{{/layout-main}}{{/layout-main}}
  
  - -------------------^
  
  - Expecting 'EOF', got 'OPEN_ENDBLOCK'
  
  - parser.js:267 Parser.parseError
    [HR-Library]/[handlebars]/dist/cjs/handlebars/compiler/parser.js:267:19
  
  - parser.js:336 Parser.parse
    [HR-Library]/[handlebars]/dist/cjs/handlebars/compiler/parser.js:336:30
  
  - base.js:46 parseWithoutProcessing
    [HR-Library]/[handlebars]/dist/cjs/handlebars/compiler/base.js:46:33
  
  - base.js:52 HandlebarsEnvironment.parse
    [HR-Library]/[handlebars]/dist/cjs/handlebars/compiler/base.js:52:13
  
  - index.js:234 compile
    [HR-Library]/[handlebars-loader]/index.js:234:18
  
  - index.js:461 module.exports
    [HR-Library]/[handlebars-loader]/index.js:461:5
  
  - NormalModule.js:764 processResult
    [HR-Library]/[webpack]/lib/NormalModule.js:764:19
  
  - NormalModule.js:866 
    [HR-Library]/[webpack]/lib/NormalModule.js:866:5
  
  - LoaderRunner.js:499 
    [HR-Library]/[loader-runner]/lib/LoaderRunner.js:499:11
  
  - LoaderRunner.js:259 runSyncOrAsyncCallback
    [HR-Library]/[loader-runner]/lib/LoaderRunner.js:259:19
  
  - LoaderRunner.js:175 innerCallback
    [HR-Library]/[loader-runner]/lib/LoaderRunner.js:175:13
  
  - index.js:238 compile
    [HR-Library]/[handlebars-loader]/index.js:238:14
  
  - index.js:461 module.exports
    [HR-Library]/[handlebars-loader]/index.js:461:5
  
  - LoaderRunner.js:195 LOADER_EXECUTION
    [HR-Library]/[loader-runner]/lib/LoaderRunner.js:195:14
  
  - LoaderRunner.js:196 runSyncOrAsync
    [HR-Library]/[loader-runner]/lib/LoaderRunner.js:196:5
  
  - LoaderRunner.js:258 iterateNormalLoaders
    [HR-Library]/[loader-runner]/lib/LoaderRunner.js:258:2
  
  - Module build [1m[31mfailed[39m[22m[1m (from ./node_modules/handlebars-loader/index.js):
  
  - [1m[31mError[39m[22m[1m: Parse [1m[31merror[39m[22m[1m on line 201:
  
  - ...{{/layout-main}}{{/layout-main}}
  
  - -------------------^
  
  - Expecting 'EOF', got 'OPEN_ENDBLOCK'
  
  - parser.js:267 Parser.parseError
    [HR-Library]/[handlebars]/dist/cjs/handlebars/compiler/parser.js:267:19
  
  - parser.js:336 Parser.parse
    [HR-Library]/[handlebars]/dist/cjs/handlebars/compiler/parser.js:336:30
  
  - base.js:46 parseWithoutProcessing
    [HR-Library]/[handlebars]/dist/cjs/handlebars/compiler/base.js:46:33
  
  - base.js:52 HandlebarsEnvironment.parse
    [HR-Library]/[handlebars]/dist/cjs/handlebars/compiler/base.js:52:13
  
  - index.js:234 compile
    [HR-Library]/[handlebars-loader]/index.js:234:18
  
  - index.js:461 module.exports
    [HR-Library]/[handlebars-loader]/index.js:461:5
  
  - ModuleBuildError: Module build [1m[31mfailed[39m[22m[1m (from ./node_modules/handlebars-loader    /index.js):
  
  - [1m[31mError[39m[22m[1m: Parse [1m[31merror[39m[22m[1m on line 201:
  
  - ...{{/layout-main}}{{/layout-main}}
  
  - -------------------^
  
  - Expecting 'EOF', got 'OPEN_ENDBLOCK'
  
  - parser.js:267 Parser.parseError
    [HR-Library]/[handlebars]/dist/cjs/handlebars/compiler/parser.js:267:19
  
  - parser.js:336 Parser.parse
    [HR-Library]/[handlebars]/dist/cjs/handlebars/compiler/parser.js:336:30
  
  - base.js:46 parseWithoutProcessing
    [HR-Library]/[handlebars]/dist/cjs/handlebars/compiler/base.js:46:33
  
  - base.js:52 HandlebarsEnvironment.parse
    [HR-Library]/[handlebars]/dist/cjs/handlebars/compiler/base.js:52:13
  
  - index.js:234 compile
    [HR-Library]/[handlebars-loader]/index.js:234:18
  
  - index.js:461 module.exports
    [HR-Library]/[handlebars-loader]/index.js:461:5
  
  - NormalModule.js:764 processResult
    [HR-Library]/[webpack]/lib/NormalModule.js:764:19
  
  - NormalModule.js:866 
    [HR-Library]/[webpack]/lib/NormalModule.js:866:5
  
[39m[22m

[1m[31mERROR[39m[22m in [1m  [1m[31mError[39m[22m[1m: Child compilation [1m[31mfailed[39m[22m[1m:
  Module build [1m[31mfailed[39m[22m[1m (from ./node_modules/handlebars-loader/index.js):
  [1m[31mError[39m[22m[1m: Parse [1m[31merror[39m[22m[1m on line 68:
  ...{{/layout-main}}{{/layout-main}}
  -------------------^
  Expecting 'EOF', got 'OPEN_ENDBLOCK'
      at Parser.parseError (D:\Proyectos\HR-Library\node_modules\handlebars\dist  \cjs\handlebars\compiler\parser.js:267:19)
      at Parser.parse (D:\Proyectos\HR-Library\node_modules\handlebars\dist\cjs\  handlebars\compiler\parser.js:336:30)
      at parseWithoutProcessing (D:\Proyectos\HR-Library\node_modules\handlebars  \dist\cjs\handlebars\compiler\base.js:46:33)
      at HandlebarsEnvironment.parse (D:\Proyectos\HR-Library\node_modules\handl  ebars\dist\cjs\handlebars\compiler\base.js:52:13)
      at compile (D:\Proyectos\HR-Library\node_modules\handlebars-loader\index.j  s:234:18)
      at module.exports (D:\Proyectos\HR-Library\node_modules\handlebars-loader\  index.js:461:5)
  ModuleBuildError: Module build [1m[31mfailed[39m[22m[1m (from ./node_modules/handlebars-loader/i  ndex.js):
  [1m[31mError[39m[22m[1m: Parse [1m[31merror[39m[22m[1m on line 68:
  ...{{/layout-main}}{{/layout-main}}
  -------------------^
  Expecting 'EOF', got 'OPEN_ENDBLOCK'
      at Parser.parseError (D:\Proyectos\HR-Library\node_modules\handlebars\dist  \cjs\handlebars\compiler\parser.js:267:19)
      at Parser.parse (D:\Proyectos\HR-Library\node_modules\handlebars\dist\cjs\  handlebars\compiler\parser.js:336:30)
      at parseWithoutProcessing (D:\Proyectos\HR-Library\node_modules\handlebars  \dist\cjs\handlebars\compiler\base.js:46:33)
      at HandlebarsEnvironment.parse (D:\Proyectos\HR-Library\node_modules\handl  ebars\dist\cjs\handlebars\compiler\base.js:52:13)
      at compile (D:\Proyectos\HR-Library\node_modules\handlebars-loader\index.j  s:234:18)
      at module.exports (D:\Proyectos\HR-Library\node_modules\handlebars-loader\  index.js:461:5)
      at processResult (D:\Proyectos\HR-Library\node_modules\webpack\lib\NormalM  odule.js:764:19)
      at D:\Proyectos\HR-Library\node_modules\webpack\lib\NormalModule.js:866:5
      at D:\Proyectos\HR-Library\node_modules\loader-runner\lib\LoaderRunner.js:  499:11
      at runSyncOrAsyncCallback (D:\Proyectos\HR-Library\node_modules\loader-run  ner\lib\LoaderRunner.js:259:19)
      at innerCallback (D:\Proyectos\HR-Library\node_modules\loader-runner\lib\L  oaderRunner.js:175:13)
      at compile (D:\Proyectos\HR-Library\node_modules\handlebars-loader\index.j  s:238:14)
      at module.exports (D:\Proyectos\HR-Library\node_modules\handlebars-loader\  index.js:461:5)
      at LOADER_EXECUTION (D:\Proyectos\HR-Library\node_modules\loader-runner\li  b\LoaderRunner.js:195:14)
      at runSyncOrAsync (D:\Proyectos\HR-Library\node_modules\loader-runner\lib\  LoaderRunner.js:196:5)
      at iterateNormalLoaders (D:\Proyectos\HR-Library\node_modules\loader-runne  r\lib\LoaderRunner.js:258:2)
  Module build [1m[31mfailed[39m[22m[1m (from ./node_modules/handlebars-loader/index.js):
  [1m[31mError[39m[22m[1m: Parse [1m[31merror[39m[22m[1m on line 201:
  ...{{/layout-main}}{{/layout-main}}
  -------------------^
  Expecting 'EOF', got 'OPEN_ENDBLOCK'
      at Parser.parseError (D:\Proyectos\HR-Library\node_modules\handlebars\dist  \cjs\handlebars\compiler\parser.js:267:19)
      at Parser.parse (D:\Proyectos\HR-Library\node_modules\handlebars\dist\cjs\  handlebars\compiler\parser.js:336:30)
      at parseWithoutProcessing (D:\Proyectos\HR-Library\node_modules\handlebars  \dist\cjs\handlebars\compiler\base.js:46:33)
      at HandlebarsEnvironment.parse (D:\Proyectos\HR-Library\node_modules\handl  ebars\dist\cjs\handlebars\compiler\base.js:52:13)
      at compile (D:\Proyectos\HR-Library\node_modules\handlebars-loader\index.j  s:234:18)
      at module.exports (D:\Proyectos\HR-Library\node_modules\handlebars-loader\  index.js:461:5)
  ModuleBuildError: Module build [1m[31mfailed[39m[22m[1m (from ./node_modules/handlebars-loader/i  ndex.js):
  [1m[31mError[39m[22m[1m: Parse [1m[31merror[39m[22m[1m on line 201:
  ...{{/layout-main}}{{/layout-main}}
  -------------------^
  Expecting 'EOF', got 'OPEN_ENDBLOCK'
      at Parser.parseError (D:\Proyectos\HR-Library\node_modules\handlebars\dist  \cjs\handlebars\compiler\parser.js:267:19)
      at Parser.parse (D:\Proyectos\HR-Library\node_modules\handlebars\dist\cjs\  handlebars\compiler\parser.js:336:30)
      at parseWithoutProcessing (D:\Proyectos\HR-Library\node_modules\handlebars  \dist\cjs\handlebars\compiler\base.js:46:33)
      at HandlebarsEnvironment.parse (D:\Proyectos\HR-Library\node_modules\handl  ebars\dist\cjs\handlebars\compiler\base.js:52:13)
      at compile (D:\Proyectos\HR-Library\node_modules\handlebars-loader\index.j  s:234:18)
      at module.exports (D:\Proyectos\HR-Library\node_modules\handlebars-loader\  index.js:461:5)
      at processResult (D:\Proyectos\HR-Library\node_modules\webpack\lib\NormalM  odule.js:764:19)
      at D:\Proyectos\HR-Library\node_modules\webpack\lib\NormalModule.js:866:5
      at D:\Proyectos\HR-Library\node_modules\loader-runner\lib\LoaderRunner.js:  499:11
      at runSyncOrAsyncCallback (D:\Proyectos\HR-Library\node_modules\loader-run  ner\lib\LoaderRunner.js:259:19)
      at innerCallback (D:\Proyectos\HR-Library\node_modules\loader-runner\lib\L  oaderRunner.js:175:13)
      at compile (D:\Proyectos\HR-Library\node_modules\handlebars-loader\index.j  s:238:14)
      at module.exports (D:\Proyectos\HR-Library\node_modules\handlebars-loader\  index.js:461:5)
      at LOADER_EXECUTION (D:\Proyectos\HR-Library\node_modules\loader-runner\li  b\LoaderRunner.js:195:14)
      at runSyncOrAsync (D:\Proyectos\HR-Library\node_modules\loader-runner\lib\  LoaderRunner.js:196:5)
      at iterateNormalLoaders (D:\Proyectos\HR-Library\node_modules\loader-runne  r\lib\LoaderRunner.js:258:2)
  Module build [1m[31mfailed[39m[22m[1m (from ./node_modules/handlebars-loader/index.js):
  [1m[31mError[39m[22m[1m: Parse [1m[31merror[39m[22m[1m on line 97:
  ...{{/layout-main}}{{/layout-main}}
  -------------------^
  Expecting 'EOF', got 'OPEN_ENDBLOCK'
      at Parser.parseError (D:\Proyectos\HR-Library\node_modules\handlebars\dist  \cjs\handlebars\compiler\parser.js:267:19)
      at Parser.parse (D:\Proyectos\HR-Library\node_modules\handlebars\dist\cjs\  handlebars\compiler\parser.js:336:30)
      at parseWithoutProcessing (D:\Proyectos\HR-Library\node_modules\handlebars  \dist\cjs\handlebars\compiler\base.js:46:33)
      at HandlebarsEnvironment.parse (D:\Proyectos\HR-Library\node_modules\handl  ebars\dist\cjs\handlebars\compiler\base.js:52:13)
      at compile (D:\Proyectos\HR-Library\node_modules\handlebars-loader\index.j  s:234:18)
      at module.exports (D:\Proyectos\HR-Library\node_modules\handlebars-loader\  index.js:461:5)
  ModuleBuildError: Module build [1m[31mfailed[39m[22m[1m (from ./node_modules/handlebars-loader/i  ndex.js):
  [1m[31mError[39m[22m[1m: Parse [1m[31merror[39m[22m[1m on line 97:
  ...{{/layout-main}}{{/layout-main}}
  -------------------^
  Expecting 'EOF', got 'OPEN_ENDBLOCK'
      at Parser.parseError (D:\Proyectos\HR-Library\node_modules\handlebars\dist  \cjs\handlebars\compiler\parser.js:267:19)
      at Parser.parse (D:\Proyectos\HR-Library\node_modules\handlebars\dist\cjs\  handlebars\compiler\parser.js:336:30)
      at parseWithoutProcessing (D:\Proyectos\HR-Library\node_modules\handlebars  \dist\cjs\handlebars\compiler\base.js:46:33)
      at HandlebarsEnvironment.parse (D:\Proyectos\HR-Library\node_modules\handl  ebars\dist\cjs\handlebars\compiler\base.js:52:13)
      at compile (D:\Proyectos\HR-Library\node_modules\handlebars-loader\index.j  s:234:18)
      at module.exports (D:\Proyectos\HR-Library\node_modules\handlebars-loader\  index.js:461:5)
      at processResult (D:\Proyectos\HR-Library\node_modules\webpack\lib\NormalM  odule.js:764:19)
      at D:\Proyectos\HR-Library\node_modules\webpack\lib\NormalModule.js:866:5
      at D:\Proyectos\HR-Library\node_modules\loader-runner\lib\LoaderRunner.js:  499:11
      at runSyncOrAsyncCallback (D:\Proyectos\HR-Library\node_modules\loader-run  ner\lib\LoaderRunner.js:259:19)
      at innerCallback (D:\Proyectos\HR-Library\node_modules\loader-runner\lib\L  oaderRunner.js:175:13)
      at compile (D:\Proyectos\HR-Library\node_modules\handlebars-loader\index.j  s:238:14)
      at module.exports (D:\Proyectos\HR-Library\node_modules\handlebars-loader\  index.js:461:5)
      at LOADER_EXECUTION (D:\Proyectos\HR-Library\node_modules\loader-runner\li  b\LoaderRunner.js:195:14)
      at runSyncOrAsync (D:\Proyectos\HR-Library\node_modules\loader-runner\lib\  LoaderRunner.js:196:5)
      at iterateNormalLoaders (D:\Proyectos\HR-Library\node_modules\loader-runne  r\lib\LoaderRunner.js:258:2)
  Module build [1m[31mfailed[39m[22m[1m (from ./node_modules/handlebars-loader/index.js):
  [1m[31mError[39m[22m[1m: Parse [1m[31merror[39m[22m[1m on line 146:
  ...{{/layout-main}}{{/layout-main}}
  -------------------^
  Expecting 'EOF', got 'OPEN_ENDBLOCK'
      at Parser.parseError (D:\Proyectos\HR-Library\node_modules\handlebars\dist  \cjs\handlebars\compiler\parser.js:267:19)
      at Parser.parse (D:\Proyectos\HR-Library\node_modules\handlebars\dist\cjs\  handlebars\compiler\parser.js:336:30)
      at parseWithoutProcessing (D:\Proyectos\HR-Library\node_modules\handlebars  \dist\cjs\handlebars\compiler\base.js:46:33)
      at HandlebarsEnvironment.parse (D:\Proyectos\HR-Library\node_modules\handl  ebars\dist\cjs\handlebars\compiler\base.js:52:13)
      at compile (D:\Proyectos\HR-Library\node_modules\handlebars-loader\index.j  s:234:18)
      at module.exports (D:\Proyectos\HR-Library\node_modules\handlebars-loader\  index.js:461:5)
  ModuleBuildError: Module build [1m[31mfailed[39m[22m[1m (from ./node_modules/handlebars-loader/i  ndex.js):
  [1m[31mError[39m[22m[1m: Parse [1m[31merror[39m[22m[1m on line 146:
  ...{{/layout-main}}{{/layout-main}}
  -------------------^
  Expecting 'EOF', got 'OPEN_ENDBLOCK'
      at Parser.parseError (D:\Proyectos\HR-Library\node_modules\handlebars\dist  \cjs\handlebars\compiler\parser.js:267:19)
      at Parser.parse (D:\Proyectos\HR-Library\node_modules\handlebars\dist\cjs\  handlebars\compiler\parser.js:336:30)
      at parseWithoutProcessing (D:\Proyectos\HR-Library\node_modules\handlebars  \dist\cjs\handlebars\compiler\base.js:46:33)
      at HandlebarsEnvironment.parse (D:\Proyectos\HR-Library\node_modules\handl  ebars\dist\cjs\handlebars\compiler\base.js:52:13)
      at compile (D:\Proyectos\HR-Library\node_modules\handlebars-loader\index.j  s:234:18)
      at module.exports (D:\Proyectos\HR-Library\node_modules\handlebars-loader\  index.js:461:5)
      at processResult (D:\Proyectos\HR-Library\node_modules\webpack\lib\NormalM  odule.js:764:19)
      at D:\Proyectos\HR-Library\node_modules\webpack\lib\NormalModule.js:866:5
      at D:\Proyectos\HR-Library\node_modules\loader-runner\lib\LoaderRunner.js:  499:11
      at runSyncOrAsyncCallback (D:\Proyectos\HR-Library\node_modules\loader-run  ner\lib\LoaderRunner.js:259:19)
      at innerCallback (D:\Proyectos\HR-Library\node_modules\loader-runner\lib\L  oaderRunner.js:175:13)
      at compile (D:\Proyectos\HR-Library\node_modules\handlebars-loader\index.j  s:238:14)
      at module.exports (D:\Proyectos\HR-Library\node_modules\handlebars-loader\  index.js:461:5)
      at LOADER_EXECUTION (D:\Proyectos\HR-Library\node_modules\loader-runner\li  b\LoaderRunner.js:195:14)
      at runSyncOrAsync (D:\Proyectos\HR-Library\node_modules\loader-runner\lib\  LoaderRunner.js:196:5)
      at iterateNormalLoaders (D:\Proyectos\HR-Library\node_modules\loader-runne  r\lib\LoaderRunner.js:258:2)
  Module build [1m[31mfailed[39m[22m[1m (from ./node_modules/handlebars-loader/index.js):
  [1m[31mError[39m[22m[1m: Parse [1m[31merror[39m[22m[1m on line 183:
  ...{{/layout-main}}{{/layout-main}}
  -------------------^
  Expecting 'EOF', got 'OPEN_ENDBLOCK'
      at Parser.parseError (D:\Proyectos\HR-Library\node_modules\handlebars\dist  \cjs\handlebars\compiler\parser.js:267:19)
      at Parser.parse (D:\Proyectos\HR-Library\node_modules\handlebars\dist\cjs\  handlebars\compiler\parser.js:336:30)
      at parseWithoutProcessing (D:\Proyectos\HR-Library\node_modules\handlebars  \dist\cjs\handlebars\compiler\base.js:46:33)
      at HandlebarsEnvironment.parse (D:\Proyectos\HR-Library\node_modules\handl  ebars\dist\cjs\handlebars\compiler\base.js:52:13)
      at compile (D:\Proyectos\HR-Library\node_modules\handlebars-loader\index.j  s:234:18)
      at module.exports (D:\Proyectos\HR-Library\node_modules\handlebars-loader\  index.js:461:5)
  ModuleBuildError: Module build [1m[31mfailed[39m[22m[1m (from ./node_modules/handlebars-loader/i  ndex.js):
  [1m[31mError[39m[22m[1m: Parse [1m[31merror[39m[22m[1m on line 183:
  ...{{/layout-main}}{{/layout-main}}
  -------------------^
  Expecting 'EOF', got 'OPEN_ENDBLOCK'
      at Parser.parseError (D:\Proyectos\HR-Library\node_modules\handlebars\dist  \cjs\handlebars\compiler\parser.js:267:19)
      at Parser.parse (D:\Proyectos\HR-Library\node_modules\handlebars\dist\cjs\  handlebars\compiler\parser.js:336:30)
      at parseWithoutProcessing (D:\Proyectos\HR-Library\node_modules\handlebars  \dist\cjs\handlebars\compiler\base.js:46:33)
      at HandlebarsEnvironment.parse (D:\Proyectos\HR-Library\node_modules\handl  ebars\dist\cjs\handlebars\compiler\base.js:52:13)
      at compile (D:\Proyectos\HR-Library\node_modules\handlebars-loader\index.j  s:234:18)
      at module.exports (D:\Proyectos\HR-Library\node_modules\handlebars-loader\  index.js:461:5)
      at processResult (D:\Proyectos\HR-Library\node_modules\webpack\lib\NormalM  odule.js:764:19)
      at D:\Proyectos\HR-Library\node_modules\webpack\lib\NormalModule.js:866:5
      at D:\Proyectos\HR-Library\node_modules\loader-runner\lib\LoaderRunner.js:  499:11
      at runSyncOrAsyncCallback (D:\Proyectos\HR-Library\node_modules\loader-run  ner\lib\LoaderRunner.js:259:19)
      at innerCallback (D:\Proyectos\HR-Library\node_modules\loader-runner\lib\L  oaderRunner.js:175:13)
      at compile (D:\Proyectos\HR-Library\node_modules\handlebars-loader\index.j  s:238:14)
      at module.exports (D:\Proyectos\HR-Library\node_modules\handlebars-loader\  index.js:461:5)
      at LOADER_EXECUTION (D:\Proyectos\HR-Library\node_modules\loader-runner\li  b\LoaderRunner.js:195:14)
      at runSyncOrAsync (D:\Proyectos\HR-Library\node_modules\loader-runner\lib\  LoaderRunner.js:196:5)
      at iterateNormalLoaders (D:\Proyectos\HR-Library\node_modules\loader-runne  r\lib\LoaderRunner.js:258:2)
  Module build [1m[31mfailed[39m[22m[1m (from ./node_modules/handlebars-loader/index.js):
  [1m[31mError[39m[22m[1m: Parse [1m[31merror[39m[22m[1m on line 216:
  ...{{/layout-main}}{{/layout-main}}
  -------------------^
  Expecting 'EOF', got 'OPEN_ENDBLOCK'
      at Parser.parseError (D:\Proyectos\HR-Library\node_modules\handlebars\dist  \cjs\handlebars\compiler\parser.js:267:19)
      at Parser.parse (D:\Proyectos\HR-Library\node_modules\handlebars\dist\cjs\  handlebars\compiler\parser.js:336:30)
      at parseWithoutProcessing (D:\Proyectos\HR-Library\node_modules\handlebars  \dist\cjs\handlebars\compiler\base.js:46:33)
      at HandlebarsEnvironment.parse (D:\Proyectos\HR-Library\node_modules\handl  ebars\dist\cjs\handlebars\compiler\base.js:52:13)
      at compile (D:\Proyectos\HR-Library\node_modules\handlebars-loader\index.j  s:234:18)
      at module.exports (D:\Proyectos\HR-Library\node_modules\handlebars-loader\  index.js:461:5)
  ModuleBuildError: Module build [1m[31mfailed[39m[22m[1m (from ./node_modules/handlebars-loader/i  ndex.js):
  [1m[31mError[39m[22m[1m: Parse [1m[31merror[39m[22m[1m on line 216:
  ...{{/layout-main}}{{/layout-main}}
  -------------------^
  Expecting 'EOF', got 'OPEN_ENDBLOCK'
      at Parser.parseError (D:\Proyectos\HR-Library\node_modules\handlebars\dist  \cjs\handlebars\compiler\parser.js:267:19)
      at Parser.parse (D:\Proyectos\HR-Library\node_modules\handlebars\dist\cjs\  handlebars\compiler\parser.js:336:30)
      at parseWithoutProcessing (D:\Proyectos\HR-Library\node_modules\handlebars  \dist\cjs\handlebars\compiler\base.js:46:33)
      at HandlebarsEnvironment.parse (D:\Proyectos\HR-Library\node_modules\handl  ebars\dist\cjs\handlebars\compiler\base.js:52:13)
      at compile (D:\Proyectos\HR-Library\node_modules\handlebars-loader\index.j  s:234:18)
      at module.exports (D:\Proyectos\HR-Library\node_modules\handlebars-loader\  index.js:461:5)
      at processResult (D:\Proyectos\HR-Library\node_modules\webpack\lib\NormalM  odule.js:764:19)
      at D:\Proyectos\HR-Library\node_modules\webpack\lib\NormalModule.js:866:5
      at D:\Proyectos\HR-Library\node_modules\loader-runner\lib\LoaderRunner.js:  499:11
      at runSyncOrAsyncCallback (D:\Proyectos\HR-Library\node_modules\loader-run  ner\lib\LoaderRunner.js:259:19)
      at innerCallback (D:\Proyectos\HR-Library\node_modules\loader-runner\lib\L  oaderRunner.js:175:13)
      at compile (D:\Proyectos\HR-Library\node_modules\handlebars-loader\index.j  s:238:14)
      at module.exports (D:\Proyectos\HR-Library\node_modules\handlebars-loader\  index.js:461:5)
      at LOADER_EXECUTION (D:\Proyectos\HR-Library\node_modules\loader-runner\li  b\LoaderRunner.js:195:14)
      at runSyncOrAsync (D:\Proyectos\HR-Library\node_modules\loader-runner\lib\  LoaderRunner.js:196:5)
      at iterateNormalLoaders (D:\Proyectos\HR-Library\node_modules\loader-runne  r\lib\LoaderRunner.js:258:2)
  
  - parser.js:267 Parser.parseError
    [HR-Library]/[handlebars]/dist/cjs/handlebars/compiler/parser.js:267:19
  
  - parser.js:336 Parser.parse
    [HR-Library]/[handlebars]/dist/cjs/handlebars/compiler/parser.js:336:30
  
  - base.js:46 parseWithoutProcessing
    [HR-Library]/[handlebars]/dist/cjs/handlebars/compiler/base.js:46:33
  
  - base.js:52 HandlebarsEnvironment.parse
    [HR-Library]/[handlebars]/dist/cjs/handlebars/compiler/base.js:52:13
  
  - index.js:234 compile
    [HR-Library]/[handlebars-loader]/index.js:234:18
  
  - index.js:461 module.exports
    [HR-Library]/[handlebars-loader]/index.js:461:5
  
  - ModuleBuildError: Module build [1m[31mfailed[39m[22m[1m (from ./node_modules/handlebars-loader    /index.js):
  
  - [1m[31mError[39m[22m[1m: Parse [1m[31merror[39m[22m[1m on line 68:
  
  - ...{{/layout-main}}{{/layout-main}}
  
  - -------------------^
  
  - Expecting 'EOF', got 'OPEN_ENDBLOCK'
  
  - parser.js:267 Parser.parseError
    [HR-Library]/[handlebars]/dist/cjs/handlebars/compiler/parser.js:267:19
  
  - parser.js:336 Parser.parse
    [HR-Library]/[handlebars]/dist/cjs/handlebars/compiler/parser.js:336:30
  
  - base.js:46 parseWithoutProcessing
    [HR-Library]/[handlebars]/dist/cjs/handlebars/compiler/base.js:46:33
  
  - base.js:52 HandlebarsEnvironment.parse
    [HR-Library]/[handlebars]/dist/cjs/handlebars/compiler/base.js:52:13
  
  - index.js:234 compile
    [HR-Library]/[handlebars-loader]/index.js:234:18
  
  - index.js:461 module.exports
    [HR-Library]/[handlebars-loader]/index.js:461:5
  
  - NormalModule.js:764 processResult
    [HR-Library]/[webpack]/lib/NormalModule.js:764:19
  
  - NormalModule.js:866 
    [HR-Library]/[webpack]/lib/NormalModule.js:866:5
  
  - LoaderRunner.js:499 
    [HR-Library]/[loader-runner]/lib/LoaderRunner.js:499:11
  
  - LoaderRunner.js:259 runSyncOrAsyncCallback
    [HR-Library]/[loader-runner]/lib/LoaderRunner.js:259:19
  
  - LoaderRunner.js:175 innerCallback
    [HR-Library]/[loader-runner]/lib/LoaderRunner.js:175:13
  
  - index.js:238 compile
    [HR-Library]/[handlebars-loader]/index.js:238:14
  
  - index.js:461 module.exports
    [HR-Library]/[handlebars-loader]/index.js:461:5
  
  - LoaderRunner.js:195 LOADER_EXECUTION
    [HR-Library]/[loader-runner]/lib/LoaderRunner.js:195:14
  
  - LoaderRunner.js:196 runSyncOrAsync
    [HR-Library]/[loader-runner]/lib/LoaderRunner.js:196:5
  
  - LoaderRunner.js:258 iterateNormalLoaders
    [HR-Library]/[loader-runner]/lib/LoaderRunner.js:258:2
  
  - Module build [1m[31mfailed[39m[22m[1m (from ./node_modules/handlebars-loader/index.js):
  
  - [1m[31mError[39m[22m[1m: Parse [1m[31merror[39m[22m[1m on line 201:
  
  - ...{{/layout-main}}{{/layout-main}}
  
  - -------------------^
  
  - Expecting 'EOF', got 'OPEN_ENDBLOCK'
  
  - parser.js:267 Parser.parseError
    [HR-Library]/[handlebars]/dist/cjs/handlebars/compiler/parser.js:267:19
  
  - parser.js:336 Parser.parse
    [HR-Library]/[handlebars]/dist/cjs/handlebars/compiler/parser.js:336:30
  
  - base.js:46 parseWithoutProcessing
    [HR-Library]/[handlebars]/dist/cjs/handlebars/compiler/base.js:46:33
  
  - base.js:52 HandlebarsEnvironment.parse
    [HR-Library]/[handlebars]/dist/cjs/handlebars/compiler/base.js:52:13
  
  - index.js:234 compile
    [HR-Library]/[handlebars-loader]/index.js:234:18
  
  - index.js:461 module.exports
    [HR-Library]/[handlebars-loader]/index.js:461:5
  
  - ModuleBuildError: Module build [1m[31mfailed[39m[22m[1m (from ./node_modules/handlebars-loader    /index.js):
  
  - [1m[31mError[39m[22m[1m: Parse [1m[31merror[39m[22m[1m on line 201:
  
  - ...{{/layout-main}}{{/layout-main}}
  
  - -------------------^
  
  - Expecting 'EOF', got 'OPEN_ENDBLOCK'
  
  - parser.js:267 Parser.parseError
    [HR-Library]/[handlebars]/dist/cjs/handlebars/compiler/parser.js:267:19
  
  - parser.js:336 Parser.parse
    [HR-Library]/[handlebars]/dist/cjs/handlebars/compiler/parser.js:336:30
  
  - base.js:46 parseWithoutProcessing
    [HR-Library]/[handlebars]/dist/cjs/handlebars/compiler/base.js:46:33
  
  - base.js:52 HandlebarsEnvironment.parse
    [HR-Library]/[handlebars]/dist/cjs/handlebars/compiler/base.js:52:13
  
  - index.js:234 compile
    [HR-Library]/[handlebars-loader]/index.js:234:18
  
  - index.js:461 module.exports
    [HR-Library]/[handlebars-loader]/index.js:461:5
  
  - NormalModule.js:764 processResult
    [HR-Library]/[webpack]/lib/NormalModule.js:764:19
  
  - NormalModule.js:866 
    [HR-Library]/[webpack]/lib/NormalModule.js:866:5
  
[39m[22m

[1m[31mERROR[39m[22m in [1m  [1m[31mError[39m[22m[1m: Child compilation [1m[31mfailed[39m[22m[1m:
  Module build [1m[31mfailed[39m[22m[1m (from ./node_modules/handlebars-loader/index.js):
  [1m[31mError[39m[22m[1m: Parse [1m[31merror[39m[22m[1m on line 68:
  ...{{/layout-main}}{{/layout-main}}
  -------------------^
  Expecting 'EOF', got 'OPEN_ENDBLOCK'
      at Parser.parseError (D:\Proyectos\HR-Library\node_modules\handlebars\dist  \cjs\handlebars\compiler\parser.js:267:19)
      at Parser.parse (D:\Proyectos\HR-Library\node_modules\handlebars\dist\cjs\  handlebars\compiler\parser.js:336:30)
      at parseWithoutProcessing (D:\Proyectos\HR-Library\node_modules\handlebars  \dist\cjs\handlebars\compiler\base.js:46:33)
      at HandlebarsEnvironment.parse (D:\Proyectos\HR-Library\node_modules\handl  ebars\dist\cjs\handlebars\compiler\base.js:52:13)
      at compile (D:\Proyectos\HR-Library\node_modules\handlebars-loader\index.j  s:234:18)
      at module.exports (D:\Proyectos\HR-Library\node_modules\handlebars-loader\  index.js:461:5)
  ModuleBuildError: Module build [1m[31mfailed[39m[22m[1m (from ./node_modules/handlebars-loader/i  ndex.js):
  [1m[31mError[39m[22m[1m: Parse [1m[31merror[39m[22m[1m on line 68:
  ...{{/layout-main}}{{/layout-main}}
  -------------------^
  Expecting 'EOF', got 'OPEN_ENDBLOCK'
      at Parser.parseError (D:\Proyectos\HR-Library\node_modules\handlebars\dist  \cjs\handlebars\compiler\parser.js:267:19)
      at Parser.parse (D:\Proyectos\HR-Library\node_modules\handlebars\dist\cjs\  handlebars\compiler\parser.js:336:30)
      at parseWithoutProcessing (D:\Proyectos\HR-Library\node_modules\handlebars  \dist\cjs\handlebars\compiler\base.js:46:33)
      at HandlebarsEnvironment.parse (D:\Proyectos\HR-Library\node_modules\handl  ebars\dist\cjs\handlebars\compiler\base.js:52:13)
      at compile (D:\Proyectos\HR-Library\node_modules\handlebars-loader\index.j  s:234:18)
      at module.exports (D:\Proyectos\HR-Library\node_modules\handlebars-loader\  index.js:461:5)
      at processResult (D:\Proyectos\HR-Library\node_modules\webpack\lib\NormalM  odule.js:764:19)
      at D:\Proyectos\HR-Library\node_modules\webpack\lib\NormalModule.js:866:5
      at D:\Proyectos\HR-Library\node_modules\loader-runner\lib\LoaderRunner.js:  499:11
      at runSyncOrAsyncCallback (D:\Proyectos\HR-Library\node_modules\loader-run  ner\lib\LoaderRunner.js:259:19)
      at innerCallback (D:\Proyectos\HR-Library\node_modules\loader-runner\lib\L  oaderRunner.js:175:13)
      at compile (D:\Proyectos\HR-Library\node_modules\handlebars-loader\index.j  s:238:14)
      at module.exports (D:\Proyectos\HR-Library\node_modules\handlebars-loader\  index.js:461:5)
      at LOADER_EXECUTION (D:\Proyectos\HR-Library\node_modules\loader-runner\li  b\LoaderRunner.js:195:14)
      at runSyncOrAsync (D:\Proyectos\HR-Library\node_modules\loader-runner\lib\  LoaderRunner.js:196:5)
      at iterateNormalLoaders (D:\Proyectos\HR-Library\node_modules\loader-runne  r\lib\LoaderRunner.js:258:2)
  Module build [1m[31mfailed[39m[22m[1m (from ./node_modules/handlebars-loader/index.js):
  [1m[31mError[39m[22m[1m: Parse [1m[31merror[39m[22m[1m on line 201:
  ...{{/layout-main}}{{/layout-main}}
  -------------------^
  Expecting 'EOF', got 'OPEN_ENDBLOCK'
      at Parser.parseError (D:\Proyectos\HR-Library\node_modules\handlebars\dist  \cjs\handlebars\compiler\parser.js:267:19)
      at Parser.parse (D:\Proyectos\HR-Library\node_modules\handlebars\dist\cjs\  handlebars\compiler\parser.js:336:30)
      at parseWithoutProcessing (D:\Proyectos\HR-Library\node_modules\handlebars  \dist\cjs\handlebars\compiler\base.js:46:33)
      at HandlebarsEnvironment.parse (D:\Proyectos\HR-Library\node_modules\handl  ebars\dist\cjs\handlebars\compiler\base.js:52:13)
      at compile (D:\Proyectos\HR-Library\node_modules\handlebars-loader\index.j  s:234:18)
      at module.exports (D:\Proyectos\HR-Library\node_modules\handlebars-loader\  index.js:461:5)
  ModuleBuildError: Module build [1m[31mfailed[39m[22m[1m (from ./node_modules/handlebars-loader/i  ndex.js):
  [1m[31mError[39m[22m[1m: Parse [1m[31merror[39m[22m[1m on line 201:
  ...{{/layout-main}}{{/layout-main}}
  -------------------^
  Expecting 'EOF', got 'OPEN_ENDBLOCK'
      at Parser.parseError (D:\Proyectos\HR-Library\node_modules\handlebars\dist  \cjs\handlebars\compiler\parser.js:267:19)
      at Parser.parse (D:\Proyectos\HR-Library\node_modules\handlebars\dist\cjs\  handlebars\compiler\parser.js:336:30)
      at parseWithoutProcessing (D:\Proyectos\HR-Library\node_modules\handlebars  \dist\cjs\handlebars\compiler\base.js:46:33)
      at HandlebarsEnvironment.parse (D:\Proyectos\HR-Library\node_modules\handl  ebars\dist\cjs\handlebars\compiler\base.js:52:13)
      at compile (D:\Proyectos\HR-Library\node_modules\handlebars-loader\index.j  s:234:18)
      at module.exports (D:\Proyectos\HR-Library\node_modules\handlebars-loader\  index.js:461:5)
      at processResult (D:\Proyectos\HR-Library\node_modules\webpack\lib\NormalM  odule.js:764:19)
      at D:\Proyectos\HR-Library\node_modules\webpack\lib\NormalModule.js:866:5
      at D:\Proyectos\HR-Library\node_modules\loader-runner\lib\LoaderRunner.js:  499:11
      at runSyncOrAsyncCallback (D:\Proyectos\HR-Library\node_modules\loader-run  ner\lib\LoaderRunner.js:259:19)
      at innerCallback (D:\Proyectos\HR-Library\node_modules\loader-runner\lib\L  oaderRunner.js:175:13)
      at compile (D:\Proyectos\HR-Library\node_modules\handlebars-loader\index.j  s:238:14)
      at module.exports (D:\Proyectos\HR-Library\node_modules\handlebars-loader\  index.js:461:5)
      at LOADER_EXECUTION (D:\Proyectos\HR-Library\node_modules\loader-runner\li  b\LoaderRunner.js:195:14)
      at runSyncOrAsync (D:\Proyectos\HR-Library\node_modules\loader-runner\lib\  LoaderRunner.js:196:5)
      at iterateNormalLoaders (D:\Proyectos\HR-Library\node_modules\loader-runne  r\lib\LoaderRunner.js:258:2)
  Module build [1m[31mfailed[39m[22m[1m (from ./node_modules/handlebars-loader/index.js):
  [1m[31mError[39m[22m[1m: Parse [1m[31merror[39m[22m[1m on line 97:
  ...{{/layout-main}}{{/layout-main}}
  -------------------^
  Expecting 'EOF', got 'OPEN_ENDBLOCK'
      at Parser.parseError (D:\Proyectos\HR-Library\node_modules\handlebars\dist  \cjs\handlebars\compiler\parser.js:267:19)
      at Parser.parse (D:\Proyectos\HR-Library\node_modules\handlebars\dist\cjs\  handlebars\compiler\parser.js:336:30)
      at parseWithoutProcessing (D:\Proyectos\HR-Library\node_modules\handlebars  \dist\cjs\handlebars\compiler\base.js:46:33)
      at HandlebarsEnvironment.parse (D:\Proyectos\HR-Library\node_modules\handl  ebars\dist\cjs\handlebars\compiler\base.js:52:13)
      at compile (D:\Proyectos\HR-Library\node_modules\handlebars-loader\index.j  s:234:18)
      at module.exports (D:\Proyectos\HR-Library\node_modules\handlebars-loader\  index.js:461:5)
  ModuleBuildError: Module build [1m[31mfailed[39m[22m[1m (from ./node_modules/handlebars-loader/i  ndex.js):
  [1m[31mError[39m[22m[1m: Parse [1m[31merror[39m[22m[1m on line 97:
  ...{{/layout-main}}{{/layout-main}}
  -------------------^
  Expecting 'EOF', got 'OPEN_ENDBLOCK'
      at Parser.parseError (D:\Proyectos\HR-Library\node_modules\handlebars\dist  \cjs\handlebars\compiler\parser.js:267:19)
      at Parser.parse (D:\Proyectos\HR-Library\node_modules\handlebars\dist\cjs\  handlebars\compiler\parser.js:336:30)
      at parseWithoutProcessing (D:\Proyectos\HR-Library\node_modules\handlebars  \dist\cjs\handlebars\compiler\base.js:46:33)
      at HandlebarsEnvironment.parse (D:\Proyectos\HR-Library\node_modules\handl  ebars\dist\cjs\handlebars\compiler\base.js:52:13)
      at compile (D:\Proyectos\HR-Library\node_modules\handlebars-loader\index.j  s:234:18)
      at module.exports (D:\Proyectos\HR-Library\node_modules\handlebars-loader\  index.js:461:5)
      at processResult (D:\Proyectos\HR-Library\node_modules\webpack\lib\NormalM  odule.js:764:19)
      at D:\Proyectos\HR-Library\node_modules\webpack\lib\NormalModule.js:866:5
      at D:\Proyectos\HR-Library\node_modules\loader-runner\lib\LoaderRunner.js:  499:11
      at runSyncOrAsyncCallback (D:\Proyectos\HR-Library\node_modules\loader-run  ner\lib\LoaderRunner.js:259:19)
      at innerCallback (D:\Proyectos\HR-Library\node_modules\loader-runner\lib\L  oaderRunner.js:175:13)
      at compile (D:\Proyectos\HR-Library\node_modules\handlebars-loader\index.j  s:238:14)
      at module.exports (D:\Proyectos\HR-Library\node_modules\handlebars-loader\  index.js:461:5)
      at LOADER_EXECUTION (D:\Proyectos\HR-Library\node_modules\loader-runner\li  b\LoaderRunner.js:195:14)
      at runSyncOrAsync (D:\Proyectos\HR-Library\node_modules\loader-runner\lib\  LoaderRunner.js:196:5)
      at iterateNormalLoaders (D:\Proyectos\HR-Library\node_modules\loader-runne  r\lib\LoaderRunner.js:258:2)
  Module build [1m[31mfailed[39m[22m[1m (from ./node_modules/handlebars-loader/index.js):
  [1m[31mError[39m[22m[1m: Parse [1m[31merror[39m[22m[1m on line 146:
  ...{{/layout-main}}{{/layout-main}}
  -------------------^
  Expecting 'EOF', got 'OPEN_ENDBLOCK'
      at Parser.parseError (D:\Proyectos\HR-Library\node_modules\handlebars\dist  \cjs\handlebars\compiler\parser.js:267:19)
      at Parser.parse (D:\Proyectos\HR-Library\node_modules\handlebars\dist\cjs\  handlebars\compiler\parser.js:336:30)
      at parseWithoutProcessing (D:\Proyectos\HR-Library\node_modules\handlebars  \dist\cjs\handlebars\compiler\base.js:46:33)
      at HandlebarsEnvironment.parse (D:\Proyectos\HR-Library\node_modules\handl  ebars\dist\cjs\handlebars\compiler\base.js:52:13)
      at compile (D:\Proyectos\HR-Library\node_modules\handlebars-loader\index.j  s:234:18)
      at module.exports (D:\Proyectos\HR-Library\node_modules\handlebars-loader\  index.js:461:5)
  ModuleBuildError: Module build [1m[31mfailed[39m[22m[1m (from ./node_modules/handlebars-loader/i  ndex.js):
  [1m[31mError[39m[22m[1m: Parse [1m[31merror[39m[22m[1m on line 146:
  ...{{/layout-main}}{{/layout-main}}
  -------------------^
  Expecting 'EOF', got 'OPEN_ENDBLOCK'
      at Parser.parseError (D:\Proyectos\HR-Library\node_modules\handlebars\dist  \cjs\handlebars\compiler\parser.js:267:19)
      at Parser.parse (D:\Proyectos\HR-Library\node_modules\handlebars\dist\cjs\  handlebars\compiler\parser.js:336:30)
      at parseWithoutProcessing (D:\Proyectos\HR-Library\node_modules\handlebars  \dist\cjs\handlebars\compiler\base.js:46:33)
      at HandlebarsEnvironment.parse (D:\Proyectos\HR-Library\node_modules\handl  ebars\dist\cjs\handlebars\compiler\base.js:52:13)
      at compile (D:\Proyectos\HR-Library\node_modules\handlebars-loader\index.j  s:234:18)
      at module.exports (D:\Proyectos\HR-Library\node_modules\handlebars-loader\  index.js:461:5)
      at processResult (D:\Proyectos\HR-Library\node_modules\webpack\lib\NormalM  odule.js:764:19)
      at D:\Proyectos\HR-Library\node_modules\webpack\lib\NormalModule.js:866:5
      at D:\Proyectos\HR-Library\node_modules\loader-runner\lib\LoaderRunner.js:  499:11
      at runSyncOrAsyncCallback (D:\Proyectos\HR-Library\node_modules\loader-run  ner\lib\LoaderRunner.js:259:19)
      at innerCallback (D:\Proyectos\HR-Library\node_modules\loader-runner\lib\L  oaderRunner.js:175:13)
      at compile (D:\Proyectos\HR-Library\node_modules\handlebars-loader\index.j  s:238:14)
      at module.exports (D:\Proyectos\HR-Library\node_modules\handlebars-loader\  index.js:461:5)
      at LOADER_EXECUTION (D:\Proyectos\HR-Library\node_modules\loader-runner\li  b\LoaderRunner.js:195:14)
      at runSyncOrAsync (D:\Proyectos\HR-Library\node_modules\loader-runner\lib\  LoaderRunner.js:196:5)
      at iterateNormalLoaders (D:\Proyectos\HR-Library\node_modules\loader-runne  r\lib\LoaderRunner.js:258:2)
  Module build [1m[31mfailed[39m[22m[1m (from ./node_modules/handlebars-loader/index.js):
  [1m[31mError[39m[22m[1m: Parse [1m[31merror[39m[22m[1m on line 183:
  ...{{/layout-main}}{{/layout-main}}
  -------------------^
  Expecting 'EOF', got 'OPEN_ENDBLOCK'
      at Parser.parseError (D:\Proyectos\HR-Library\node_modules\handlebars\dist  \cjs\handlebars\compiler\parser.js:267:19)
      at Parser.parse (D:\Proyectos\HR-Library\node_modules\handlebars\dist\cjs\  handlebars\compiler\parser.js:336:30)
      at parseWithoutProcessing (D:\Proyectos\HR-Library\node_modules\handlebars  \dist\cjs\handlebars\compiler\base.js:46:33)
      at HandlebarsEnvironment.parse (D:\Proyectos\HR-Library\node_modules\handl  ebars\dist\cjs\handlebars\compiler\base.js:52:13)
      at compile (D:\Proyectos\HR-Library\node_modules\handlebars-loader\index.j  s:234:18)
      at module.exports (D:\Proyectos\HR-Library\node_modules\handlebars-loader\  index.js:461:5)
  ModuleBuildError: Module build [1m[31mfailed[39m[22m[1m (from ./node_modules/handlebars-loader/i  ndex.js):
  [1m[31mError[39m[22m[1m: Parse [1m[31merror[39m[22m[1m on line 183:
  ...{{/layout-main}}{{/layout-main}}
  -------------------^
  Expecting 'EOF', got 'OPEN_ENDBLOCK'
      at Parser.parseError (D:\Proyectos\HR-Library\node_modules\handlebars\dist  \cjs\handlebars\compiler\parser.js:267:19)
      at Parser.parse (D:\Proyectos\HR-Library\node_modules\handlebars\dist\cjs\  handlebars\compiler\parser.js:336:30)
      at parseWithoutProcessing (D:\Proyectos\HR-Library\node_modules\handlebars  \dist\cjs\handlebars\compiler\base.js:46:33)
      at HandlebarsEnvironment.parse (D:\Proyectos\HR-Library\node_modules\handl  ebars\dist\cjs\handlebars\compiler\base.js:52:13)
      at compile (D:\Proyectos\HR-Library\node_modules\handlebars-loader\index.j  s:234:18)
      at module.exports (D:\Proyectos\HR-Library\node_modules\handlebars-loader\  index.js:461:5)
      at processResult (D:\Proyectos\HR-Library\node_modules\webpack\lib\NormalM  odule.js:764:19)
      at D:\Proyectos\HR-Library\node_modules\webpack\lib\NormalModule.js:866:5
      at D:\Proyectos\HR-Library\node_modules\loader-runner\lib\LoaderRunner.js:  499:11
      at runSyncOrAsyncCallback (D:\Proyectos\HR-Library\node_modules\loader-run  ner\lib\LoaderRunner.js:259:19)
      at innerCallback (D:\Proyectos\HR-Library\node_modules\loader-runner\lib\L  oaderRunner.js:175:13)
      at compile (D:\Proyectos\HR-Library\node_modules\handlebars-loader\index.j  s:238:14)
      at module.exports (D:\Proyectos\HR-Library\node_modules\handlebars-loader\  index.js:461:5)
      at LOADER_EXECUTION (D:\Proyectos\HR-Library\node_modules\loader-runner\li  b\LoaderRunner.js:195:14)
      at runSyncOrAsync (D:\Proyectos\HR-Library\node_modules\loader-runner\lib\  LoaderRunner.js:196:5)
      at iterateNormalLoaders (D:\Proyectos\HR-Library\node_modules\loader-runne  r\lib\LoaderRunner.js:258:2)
  Module build [1m[31mfailed[39m[22m[1m (from ./node_modules/handlebars-loader/index.js):
  [1m[31mError[39m[22m[1m: Parse [1m[31merror[39m[22m[1m on line 216:
  ...{{/layout-main}}{{/layout-main}}
  -------------------^
  Expecting 'EOF', got 'OPEN_ENDBLOCK'
      at Parser.parseError (D:\Proyectos\HR-Library\node_modules\handlebars\dist  \cjs\handlebars\compiler\parser.js:267:19)
      at Parser.parse (D:\Proyectos\HR-Library\node_modules\handlebars\dist\cjs\  handlebars\compiler\parser.js:336:30)
      at parseWithoutProcessing (D:\Proyectos\HR-Library\node_modules\handlebars  \dist\cjs\handlebars\compiler\base.js:46:33)
      at HandlebarsEnvironment.parse (D:\Proyectos\HR-Library\node_modules\handl  ebars\dist\cjs\handlebars\compiler\base.js:52:13)
      at compile (D:\Proyectos\HR-Library\node_modules\handlebars-loader\index.j  s:234:18)
      at module.exports (D:\Proyectos\HR-Library\node_modules\handlebars-loader\  index.js:461:5)
  ModuleBuildError: Module build [1m[31mfailed[39m[22m[1m (from ./node_modules/handlebars-loader/i  ndex.js):
  [1m[31mError[39m[22m[1m: Parse [1m[31merror[39m[22m[1m on line 216:
  ...{{/layout-main}}{{/layout-main}}
  -------------------^
  Expecting 'EOF', got 'OPEN_ENDBLOCK'
      at Parser.parseError (D:\Proyectos\HR-Library\node_modules\handlebars\dist  \cjs\handlebars\compiler\parser.js:267:19)
      at Parser.parse (D:\Proyectos\HR-Library\node_modules\handlebars\dist\cjs\  handlebars\compiler\parser.js:336:30)
      at parseWithoutProcessing (D:\Proyectos\HR-Library\node_modules\handlebars  \dist\cjs\handlebars\compiler\base.js:46:33)
      at HandlebarsEnvironment.parse (D:\Proyectos\HR-Library\node_modules\handl  ebars\dist\cjs\handlebars\compiler\base.js:52:13)
      at compile (D:\Proyectos\HR-Library\node_modules\handlebars-loader\index.j  s:234:18)
      at module.exports (D:\Proyectos\HR-Library\node_modules\handlebars-loader\  index.js:461:5)
      at processResult (D:\Proyectos\HR-Library\node_modules\webpack\lib\NormalM  odule.js:764:19)
      at D:\Proyectos\HR-Library\node_modules\webpack\lib\NormalModule.js:866:5
      at D:\Proyectos\HR-Library\node_modules\loader-runner\lib\LoaderRunner.js:  499:11
      at runSyncOrAsyncCallback (D:\Proyectos\HR-Library\node_modules\loader-run  ner\lib\LoaderRunner.js:259:19)
      at innerCallback (D:\Proyectos\HR-Library\node_modules\loader-runner\lib\L  oaderRunner.js:175:13)
      at compile (D:\Proyectos\HR-Library\node_modules\handlebars-loader\index.j  s:238:14)
      at module.exports (D:\Proyectos\HR-Library\node_modules\handlebars-loader\  index.js:461:5)
      at LOADER_EXECUTION (D:\Proyectos\HR-Library\node_modules\loader-runner\li  b\LoaderRunner.js:195:14)
      at runSyncOrAsync (D:\Proyectos\HR-Library\node_modules\loader-runner\lib\  LoaderRunner.js:196:5)
      at iterateNormalLoaders (D:\Proyectos\HR-Library\node_modules\loader-runne  r\lib\LoaderRunner.js:258:2)
  
  - parser.js:267 Parser.parseError
    [HR-Library]/[handlebars]/dist/cjs/handlebars/compiler/parser.js:267:19
  
  - parser.js:336 Parser.parse
    [HR-Library]/[handlebars]/dist/cjs/handlebars/compiler/parser.js:336:30
  
  - base.js:46 parseWithoutProcessing
    [HR-Library]/[handlebars]/dist/cjs/handlebars/compiler/base.js:46:33
  
  - base.js:52 HandlebarsEnvironment.parse
    [HR-Library]/[handlebars]/dist/cjs/handlebars/compiler/base.js:52:13
  
  - index.js:234 compile
    [HR-Library]/[handlebars-loader]/index.js:234:18
  
  - index.js:461 module.exports
    [HR-Library]/[handlebars-loader]/index.js:461:5
  
  - ModuleBuildError: Module build [1m[31mfailed[39m[22m[1m (from ./node_modules/handlebars-loader    /index.js):
  
  - [1m[31mError[39m[22m[1m: Parse [1m[31merror[39m[22m[1m on line 68:
  
  - ...{{/layout-main}}{{/layout-main}}
  
  - -------------------^
  
  - Expecting 'EOF', got 'OPEN_ENDBLOCK'
  
  - parser.js:267 Parser.parseError
    [HR-Library]/[handlebars]/dist/cjs/handlebars/compiler/parser.js:267:19
  
  - parser.js:336 Parser.parse
    [HR-Library]/[handlebars]/dist/cjs/handlebars/compiler/parser.js:336:30
  
  - base.js:46 parseWithoutProcessing
    [HR-Library]/[handlebars]/dist/cjs/handlebars/compiler/base.js:46:33
  
  - base.js:52 HandlebarsEnvironment.parse
    [HR-Library]/[handlebars]/dist/cjs/handlebars/compiler/base.js:52:13
  
  - index.js:234 compile
    [HR-Library]/[handlebars-loader]/index.js:234:18
  
  - index.js:461 module.exports
    [HR-Library]/[handlebars-loader]/index.js:461:5
  
  - NormalModule.js:764 processResult
    [HR-Library]/[webpack]/lib/NormalModule.js:764:19
  
  - NormalModule.js:866 
    [HR-Library]/[webpack]/lib/NormalModule.js:866:5
  
  - LoaderRunner.js:499 
    [HR-Library]/[loader-runner]/lib/LoaderRunner.js:499:11
  
  - LoaderRunner.js:259 runSyncOrAsyncCallback
    [HR-Library]/[loader-runner]/lib/LoaderRunner.js:259:19
  
  - LoaderRunner.js:175 innerCallback
    [HR-Library]/[loader-runner]/lib/LoaderRunner.js:175:13
  
  - index.js:238 compile
    [HR-Library]/[handlebars-loader]/index.js:238:14
  
  - index.js:461 module.exports
    [HR-Library]/[handlebars-loader]/index.js:461:5
  
  - LoaderRunner.js:195 LOADER_EXECUTION
    [HR-Library]/[loader-runner]/lib/LoaderRunner.js:195:14
  
  - LoaderRunner.js:196 runSyncOrAsync
    [HR-Library]/[loader-runner]/lib/LoaderRunner.js:196:5
  
  - LoaderRunner.js:258 iterateNormalLoaders
    [HR-Library]/[loader-runner]/lib/LoaderRunner.js:258:2
  
  - Module build [1m[31mfailed[39m[22m[1m (from ./node_modules/handlebars-loader/index.js):
  
  - [1m[31mError[39m[22m[1m: Parse [1m[31merror[39m[22m[1m on line 201:
  
  - ...{{/layout-main}}{{/layout-main}}
  
  - -------------------^
  
  - Expecting 'EOF', got 'OPEN_ENDBLOCK'
  
  - parser.js:267 Parser.parseError
    [HR-Library]/[handlebars]/dist/cjs/handlebars/compiler/parser.js:267:19
  
  - parser.js:336 Parser.parse
    [HR-Library]/[handlebars]/dist/cjs/handlebars/compiler/parser.js:336:30
  
  - base.js:46 parseWithoutProcessing
    [HR-Library]/[handlebars]/dist/cjs/handlebars/compiler/base.js:46:33
  
  - base.js:52 HandlebarsEnvironment.parse
    [HR-Library]/[handlebars]/dist/cjs/handlebars/compiler/base.js:52:13
  
  - index.js:234 compile
    [HR-Library]/[handlebars-loader]/index.js:234:18
  
  - index.js:461 module.exports
    [HR-Library]/[handlebars-loader]/index.js:461:5
  
  - ModuleBuildError: Module build [1m[31mfailed[39m[22m[1m (from ./node_modules/handlebars-loader    /index.js):
  
  - [1m[31mError[39m[22m[1m: Parse [1m[31merror[39m[22m[1m on line 201:
  
  - ...{{/layout-main}}{{/layout-main}}
  
  - -------------------^
  
  - Expecting 'EOF', got 'OPEN_ENDBLOCK'
  
  - parser.js:267 Parser.parseError
    [HR-Library]/[handlebars]/dist/cjs/handlebars/compiler/parser.js:267:19
  
  - parser.js:336 Parser.parse
    [HR-Library]/[handlebars]/dist/cjs/handlebars/compiler/parser.js:336:30
  
  - base.js:46 parseWithoutProcessing
    [HR-Library]/[handlebars]/dist/cjs/handlebars/compiler/base.js:46:33
  
  - base.js:52 HandlebarsEnvironment.parse
    [HR-Library]/[handlebars]/dist/cjs/handlebars/compiler/base.js:52:13
  
  - index.js:234 compile
    [HR-Library]/[handlebars-loader]/index.js:234:18
  
  - index.js:461 module.exports
    [HR-Library]/[handlebars-loader]/index.js:461:5
  
  - NormalModule.js:764 processResult
    [HR-Library]/[webpack]/lib/NormalModule.js:764:19
  
  - NormalModule.js:866 
    [HR-Library]/[webpack]/lib/NormalModule.js:866:5
  
[39m[22m

[1m[31mERROR[39m[22m in [1m  [1m[31mError[39m[22m[1m: Child compilation [1m[31mfailed[39m[22m[1m:
  Module build [1m[31mfailed[39m[22m[1m (from ./node_modules/handlebars-loader/index.js):
  [1m[31mError[39m[22m[1m: Parse [1m[31merror[39m[22m[1m on line 68:
  ...{{/layout-main}}{{/layout-main}}
  -------------------^
  Expecting 'EOF', got 'OPEN_ENDBLOCK'
      at Parser.parseError (D:\Proyectos\HR-Library\node_modules\handlebars\dist  \cjs\handlebars\compiler\parser.js:267:19)
      at Parser.parse (D:\Proyectos\HR-Library\node_modules\handlebars\dist\cjs\  handlebars\compiler\parser.js:336:30)
      at parseWithoutProcessing (D:\Proyectos\HR-Library\node_modules\handlebars  \dist\cjs\handlebars\compiler\base.js:46:33)
      at HandlebarsEnvironment.parse (D:\Proyectos\HR-Library\node_modules\handl  ebars\dist\cjs\handlebars\compiler\base.js:52:13)
      at compile (D:\Proyectos\HR-Library\node_modules\handlebars-loader\index.j  s:234:18)
      at module.exports (D:\Proyectos\HR-Library\node_modules\handlebars-loader\  index.js:461:5)
  ModuleBuildError: Module build [1m[31mfailed[39m[22m[1m (from ./node_modules/handlebars-loader/i  ndex.js):
  [1m[31mError[39m[22m[1m: Parse [1m[31merror[39m[22m[1m on line 68:
  ...{{/layout-main}}{{/layout-main}}
  -------------------^
  Expecting 'EOF', got 'OPEN_ENDBLOCK'
      at Parser.parseError (D:\Proyectos\HR-Library\node_modules\handlebars\dist  \cjs\handlebars\compiler\parser.js:267:19)
      at Parser.parse (D:\Proyectos\HR-Library\node_modules\handlebars\dist\cjs\  handlebars\compiler\parser.js:336:30)
      at parseWithoutProcessing (D:\Proyectos\HR-Library\node_modules\handlebars  \dist\cjs\handlebars\compiler\base.js:46:33)
      at HandlebarsEnvironment.parse (D:\Proyectos\HR-Library\node_modules\handl  ebars\dist\cjs\handlebars\compiler\base.js:52:13)
      at compile (D:\Proyectos\HR-Library\node_modules\handlebars-loader\index.j  s:234:18)
      at module.exports (D:\Proyectos\HR-Library\node_modules\handlebars-loader\  index.js:461:5)
      at processResult (D:\Proyectos\HR-Library\node_modules\webpack\lib\NormalM  odule.js:764:19)
      at D:\Proyectos\HR-Library\node_modules\webpack\lib\NormalModule.js:866:5
      at D:\Proyectos\HR-Library\node_modules\loader-runner\lib\LoaderRunner.js:  499:11
      at runSyncOrAsyncCallback (D:\Proyectos\HR-Library\node_modules\loader-run  ner\lib\LoaderRunner.js:259:19)
      at innerCallback (D:\Proyectos\HR-Library\node_modules\loader-runner\lib\L  oaderRunner.js:175:13)
      at compile (D:\Proyectos\HR-Library\node_modules\handlebars-loader\index.j  s:238:14)
      at module.exports (D:\Proyectos\HR-Library\node_modules\handlebars-loader\  index.js:461:5)
      at LOADER_EXECUTION (D:\Proyectos\HR-Library\node_modules\loader-runner\li  b\LoaderRunner.js:195:14)
      at runSyncOrAsync (D:\Proyectos\HR-Library\node_modules\loader-runner\lib\  LoaderRunner.js:196:5)
      at iterateNormalLoaders (D:\Proyectos\HR-Library\node_modules\loader-runne  r\lib\LoaderRunner.js:258:2)
  Module build [1m[31mfailed[39m[22m[1m (from ./node_modules/handlebars-loader/index.js):
  [1m[31mError[39m[22m[1m: Parse [1m[31merror[39m[22m[1m on line 201:
  ...{{/layout-main}}{{/layout-main}}
  -------------------^
  Expecting 'EOF', got 'OPEN_ENDBLOCK'
      at Parser.parseError (D:\Proyectos\HR-Library\node_modules\handlebars\dist  \cjs\handlebars\compiler\parser.js:267:19)
      at Parser.parse (D:\Proyectos\HR-Library\node_modules\handlebars\dist\cjs\  handlebars\compiler\parser.js:336:30)
      at parseWithoutProcessing (D:\Proyectos\HR-Library\node_modules\handlebars  \dist\cjs\handlebars\compiler\base.js:46:33)
      at HandlebarsEnvironment.parse (D:\Proyectos\HR-Library\node_modules\handl  ebars\dist\cjs\handlebars\compiler\base.js:52:13)
      at compile (D:\Proyectos\HR-Library\node_modules\handlebars-loader\index.j  s:234:18)
      at module.exports (D:\Proyectos\HR-Library\node_modules\handlebars-loader\  index.js:461:5)
  ModuleBuildError: Module build [1m[31mfailed[39m[22m[1m (from ./node_modules/handlebars-loader/i  ndex.js):
  [1m[31mError[39m[22m[1m: Parse [1m[31merror[39m[22m[1m on line 201:
  ...{{/layout-main}}{{/layout-main}}
  -------------------^
  Expecting 'EOF', got 'OPEN_ENDBLOCK'
      at Parser.parseError (D:\Proyectos\HR-Library\node_modules\handlebars\dist  \cjs\handlebars\compiler\parser.js:267:19)
      at Parser.parse (D:\Proyectos\HR-Library\node_modules\handlebars\dist\cjs\  handlebars\compiler\parser.js:336:30)
      at parseWithoutProcessing (D:\Proyectos\HR-Library\node_modules\handlebars  \dist\cjs\handlebars\compiler\base.js:46:33)
      at HandlebarsEnvironment.parse (D:\Proyectos\HR-Library\node_modules\handl  ebars\dist\cjs\handlebars\compiler\base.js:52:13)
      at compile (D:\Proyectos\HR-Library\node_modules\handlebars-loader\index.j  s:234:18)
      at module.exports (D:\Proyectos\HR-Library\node_modules\handlebars-loader\  index.js:461:5)
      at processResult (D:\Proyectos\HR-Library\node_modules\webpack\lib\NormalM  odule.js:764:19)
      at D:\Proyectos\HR-Library\node_modules\webpack\lib\NormalModule.js:866:5
      at D:\Proyectos\HR-Library\node_modules\loader-runner\lib\LoaderRunner.js:  499:11
      at runSyncOrAsyncCallback (D:\Proyectos\HR-Library\node_modules\loader-run  ner\lib\LoaderRunner.js:259:19)
      at innerCallback (D:\Proyectos\HR-Library\node_modules\loader-runner\lib\L  oaderRunner.js:175:13)
      at compile (D:\Proyectos\HR-Library\node_modules\handlebars-loader\index.j  s:238:14)
      at module.exports (D:\Proyectos\HR-Library\node_modules\handlebars-loader\  index.js:461:5)
      at LOADER_EXECUTION (D:\Proyectos\HR-Library\node_modules\loader-runner\li  b\LoaderRunner.js:195:14)
      at runSyncOrAsync (D:\Proyectos\HR-Library\node_modules\loader-runner\lib\  LoaderRunner.js:196:5)
      at iterateNormalLoaders (D:\Proyectos\HR-Library\node_modules\loader-runne  r\lib\LoaderRunner.js:258:2)
  Module build [1m[31mfailed[39m[22m[1m (from ./node_modules/handlebars-loader/index.js):
  [1m[31mError[39m[22m[1m: Parse [1m[31merror[39m[22m[1m on line 97:
  ...{{/layout-main}}{{/layout-main}}
  -------------------^
  Expecting 'EOF', got 'OPEN_ENDBLOCK'
      at Parser.parseError (D:\Proyectos\HR-Library\node_modules\handlebars\dist  \cjs\handlebars\compiler\parser.js:267:19)
      at Parser.parse (D:\Proyectos\HR-Library\node_modules\handlebars\dist\cjs\  handlebars\compiler\parser.js:336:30)
      at parseWithoutProcessing (D:\Proyectos\HR-Library\node_modules\handlebars  \dist\cjs\handlebars\compiler\base.js:46:33)
      at HandlebarsEnvironment.parse (D:\Proyectos\HR-Library\node_modules\handl  ebars\dist\cjs\handlebars\compiler\base.js:52:13)
      at compile (D:\Proyectos\HR-Library\node_modules\handlebars-loader\index.j  s:234:18)
      at module.exports (D:\Proyectos\HR-Library\node_modules\handlebars-loader\  index.js:461:5)
  ModuleBuildError: Module build [1m[31mfailed[39m[22m[1m (from ./node_modules/handlebars-loader/i  ndex.js):
  [1m[31mError[39m[22m[1m: Parse [1m[31merror[39m[22m[1m on line 97:
  ...{{/layout-main}}{{/layout-main}}
  -------------------^
  Expecting 'EOF', got 'OPEN_ENDBLOCK'
      at Parser.parseError (D:\Proyectos\HR-Library\node_modules\handlebars\dist  \cjs\handlebars\compiler\parser.js:267:19)
      at Parser.parse (D:\Proyectos\HR-Library\node_modules\handlebars\dist\cjs\  handlebars\compiler\parser.js:336:30)
      at parseWithoutProcessing (D:\Proyectos\HR-Library\node_modules\handlebars  \dist\cjs\handlebars\compiler\base.js:46:33)
      at HandlebarsEnvironment.parse (D:\Proyectos\HR-Library\node_modules\handl  ebars\dist\cjs\handlebars\compiler\base.js:52:13)
      at compile (D:\Proyectos\HR-Library\node_modules\handlebars-loader\index.j  s:234:18)
      at module.exports (D:\Proyectos\HR-Library\node_modules\handlebars-loader\  index.js:461:5)
      at processResult (D:\Proyectos\HR-Library\node_modules\webpack\lib\NormalM  odule.js:764:19)
      at D:\Proyectos\HR-Library\node_modules\webpack\lib\NormalModule.js:866:5
      at D:\Proyectos\HR-Library\node_modules\loader-runner\lib\LoaderRunner.js:  499:11
      at runSyncOrAsyncCallback (D:\Proyectos\HR-Library\node_modules\loader-run  ner\lib\LoaderRunner.js:259:19)
      at innerCallback (D:\Proyectos\HR-Library\node_modules\loader-runner\lib\L  oaderRunner.js:175:13)
      at compile (D:\Proyectos\HR-Library\node_modules\handlebars-loader\index.j  s:238:14)
      at module.exports (D:\Proyectos\HR-Library\node_modules\handlebars-loader\  index.js:461:5)
      at LOADER_EXECUTION (D:\Proyectos\HR-Library\node_modules\loader-runner\li  b\LoaderRunner.js:195:14)
      at runSyncOrAsync (D:\Proyectos\HR-Library\node_modules\loader-runner\lib\  LoaderRunner.js:196:5)
      at iterateNormalLoaders (D:\Proyectos\HR-Library\node_modules\loader-runne  r\lib\LoaderRunner.js:258:2)
  Module build [1m[31mfailed[39m[22m[1m (from ./node_modules/handlebars-loader/index.js):
  [1m[31mError[39m[22m[1m: Parse [1m[31merror[39m[22m[1m on line 146:
  ...{{/layout-main}}{{/layout-main}}
  -------------------^
  Expecting 'EOF', got 'OPEN_ENDBLOCK'
      at Parser.parseError (D:\Proyectos\HR-Library\node_modules\handlebars\dist  \cjs\handlebars\compiler\parser.js:267:19)
      at Parser.parse (D:\Proyectos\HR-Library\node_modules\handlebars\dist\cjs\  handlebars\compiler\parser.js:336:30)
      at parseWithoutProcessing (D:\Proyectos\HR-Library\node_modules\handlebars  \dist\cjs\handlebars\compiler\base.js:46:33)
      at HandlebarsEnvironment.parse (D:\Proyectos\HR-Library\node_modules\handl  ebars\dist\cjs\handlebars\compiler\base.js:52:13)
      at compile (D:\Proyectos\HR-Library\node_modules\handlebars-loader\index.j  s:234:18)
      at module.exports (D:\Proyectos\HR-Library\node_modules\handlebars-loader\  index.js:461:5)
  ModuleBuildError: Module build [1m[31mfailed[39m[22m[1m (from ./node_modules/handlebars-loader/i  ndex.js):
  [1m[31mError[39m[22m[1m: Parse [1m[31merror[39m[22m[1m on line 146:
  ...{{/layout-main}}{{/layout-main}}
  -------------------^
  Expecting 'EOF', got 'OPEN_ENDBLOCK'
      at Parser.parseError (D:\Proyectos\HR-Library\node_modules\handlebars\dist  \cjs\handlebars\compiler\parser.js:267:19)
      at Parser.parse (D:\Proyectos\HR-Library\node_modules\handlebars\dist\cjs\  handlebars\compiler\parser.js:336:30)
      at parseWithoutProcessing (D:\Proyectos\HR-Library\node_modules\handlebars  \dist\cjs\handlebars\compiler\base.js:46:33)
      at HandlebarsEnvironment.parse (D:\Proyectos\HR-Library\node_modules\handl  ebars\dist\cjs\handlebars\compiler\base.js:52:13)
      at compile (D:\Proyectos\HR-Library\node_modules\handlebars-loader\index.j  s:234:18)
      at module.exports (D:\Proyectos\HR-Library\node_modules\handlebars-loader\  index.js:461:5)
      at processResult (D:\Proyectos\HR-Library\node_modules\webpack\lib\NormalM  odule.js:764:19)
      at D:\Proyectos\HR-Library\node_modules\webpack\lib\NormalModule.js:866:5
      at D:\Proyectos\HR-Library\node_modules\loader-runner\lib\LoaderRunner.js:  499:11
      at runSyncOrAsyncCallback (D:\Proyectos\HR-Library\node_modules\loader-run  ner\lib\LoaderRunner.js:259:19)
      at innerCallback (D:\Proyectos\HR-Library\node_modules\loader-runner\lib\L  oaderRunner.js:175:13)
      at compile (D:\Proyectos\HR-Library\node_modules\handlebars-loader\index.j  s:238:14)
      at module.exports (D:\Proyectos\HR-Library\node_modules\handlebars-loader\  index.js:461:5)
      at LOADER_EXECUTION (D:\Proyectos\HR-Library\node_modules\loader-runner\li  b\LoaderRunner.js:195:14)
      at runSyncOrAsync (D:\Proyectos\HR-Library\node_modules\loader-runner\lib\  LoaderRunner.js:196:5)
      at iterateNormalLoaders (D:\Proyectos\HR-Library\node_modules\loader-runne  r\lib\LoaderRunner.js:258:2)
  Module build [1m[31mfailed[39m[22m[1m (from ./node_modules/handlebars-loader/index.js):
  [1m[31mError[39m[22m[1m: Parse [1m[31merror[39m[22m[1m on line 183:
  ...{{/layout-main}}{{/layout-main}}
  -------------------^
  Expecting 'EOF', got 'OPEN_ENDBLOCK'
      at Parser.parseError (D:\Proyectos\HR-Library\node_modules\handlebars\dist  \cjs\handlebars\compiler\parser.js:267:19)
      at Parser.parse (D:\Proyectos\HR-Library\node_modules\handlebars\dist\cjs\  handlebars\compiler\parser.js:336:30)
      at parseWithoutProcessing (D:\Proyectos\HR-Library\node_modules\handlebars  \dist\cjs\handlebars\compiler\base.js:46:33)
      at HandlebarsEnvironment.parse (D:\Proyectos\HR-Library\node_modules\handl  ebars\dist\cjs\handlebars\compiler\base.js:52:13)
      at compile (D:\Proyectos\HR-Library\node_modules\handlebars-loader\index.j  s:234:18)
      at module.exports (D:\Proyectos\HR-Library\node_modules\handlebars-loader\  index.js:461:5)
  ModuleBuildError: Module build [1m[31mfailed[39m[22m[1m (from ./node_modules/handlebars-loader/i  ndex.js):
  [1m[31mError[39m[22m[1m: Parse [1m[31merror[39m[22m[1m on line 183:
  ...{{/layout-main}}{{/layout-main}}
  -------------------^
  Expecting 'EOF', got 'OPEN_ENDBLOCK'
      at Parser.parseError (D:\Proyectos\HR-Library\node_modules\handlebars\dist  \cjs\handlebars\compiler\parser.js:267:19)
      at Parser.parse (D:\Proyectos\HR-Library\node_modules\handlebars\dist\cjs\  handlebars\compiler\parser.js:336:30)
      at parseWithoutProcessing (D:\Proyectos\HR-Library\node_modules\handlebars  \dist\cjs\handlebars\compiler\base.js:46:33)
      at HandlebarsEnvironment.parse (D:\Proyectos\HR-Library\node_modules\handl  ebars\dist\cjs\handlebars\compiler\base.js:52:13)
      at compile (D:\Proyectos\HR-Library\node_modules\handlebars-loader\index.j  s:234:18)
      at module.exports (D:\Proyectos\HR-Library\node_modules\handlebars-loader\  index.js:461:5)
      at processResult (D:\Proyectos\HR-Library\node_modules\webpack\lib\NormalM  odule.js:764:19)
      at D:\Proyectos\HR-Library\node_modules\webpack\lib\NormalModule.js:866:5
      at D:\Proyectos\HR-Library\node_modules\loader-runner\lib\LoaderRunner.js:  499:11
      at runSyncOrAsyncCallback (D:\Proyectos\HR-Library\node_modules\loader-run  ner\lib\LoaderRunner.js:259:19)
      at innerCallback (D:\Proyectos\HR-Library\node_modules\loader-runner\lib\L  oaderRunner.js:175:13)
      at compile (D:\Proyectos\HR-Library\node_modules\handlebars-loader\index.j  s:238:14)
      at module.exports (D:\Proyectos\HR-Library\node_modules\handlebars-loader\  index.js:461:5)
      at LOADER_EXECUTION (D:\Proyectos\HR-Library\node_modules\loader-runner\li  b\LoaderRunner.js:195:14)
      at runSyncOrAsync (D:\Proyectos\HR-Library\node_modules\loader-runner\lib\  LoaderRunner.js:196:5)
      at iterateNormalLoaders (D:\Proyectos\HR-Library\node_modules\loader-runne  r\lib\LoaderRunner.js:258:2)
  Module build [1m[31mfailed[39m[22m[1m (from ./node_modules/handlebars-loader/index.js):
  [1m[31mError[39m[22m[1m: Parse [1m[31merror[39m[22m[1m on line 216:
  ...{{/layout-main}}{{/layout-main}}
  -------------------^
  Expecting 'EOF', got 'OPEN_ENDBLOCK'
      at Parser.parseError (D:\Proyectos\HR-Library\node_modules\handlebars\dist  \cjs\handlebars\compiler\parser.js:267:19)
      at Parser.parse (D:\Proyectos\HR-Library\node_modules\handlebars\dist\cjs\  handlebars\compiler\parser.js:336:30)
      at parseWithoutProcessing (D:\Proyectos\HR-Library\node_modules\handlebars  \dist\cjs\handlebars\compiler\base.js:46:33)
      at HandlebarsEnvironment.parse (D:\Proyectos\HR-Library\node_modules\handl  ebars\dist\cjs\handlebars\compiler\base.js:52:13)
      at compile (D:\Proyectos\HR-Library\node_modules\handlebars-loader\index.j  s:234:18)
      at module.exports (D:\Proyectos\HR-Library\node_modules\handlebars-loader\  index.js:461:5)
  ModuleBuildError: Module build [1m[31mfailed[39m[22m[1m (from ./node_modules/handlebars-loader/i  ndex.js):
  [1m[31mError[39m[22m[1m: Parse [1m[31merror[39m[22m[1m on line 216:
  ...{{/layout-main}}{{/layout-main}}
  -------------------^
  Expecting 'EOF', got 'OPEN_ENDBLOCK'
      at Parser.parseError (D:\Proyectos\HR-Library\node_modules\handlebars\dist  \cjs\handlebars\compiler\parser.js:267:19)
      at Parser.parse (D:\Proyectos\HR-Library\node_modules\handlebars\dist\cjs\  handlebars\compiler\parser.js:336:30)
      at parseWithoutProcessing (D:\Proyectos\HR-Library\node_modules\handlebars  \dist\cjs\handlebars\compiler\base.js:46:33)
      at HandlebarsEnvironment.parse (D:\Proyectos\HR-Library\node_modules\handl  ebars\dist\cjs\handlebars\compiler\base.js:52:13)
      at compile (D:\Proyectos\HR-Library\node_modules\handlebars-loader\index.j  s:234:18)
      at module.exports (D:\Proyectos\HR-Library\node_modules\handlebars-loader\  index.js:461:5)
      at processResult (D:\Proyectos\HR-Library\node_modules\webpack\lib\NormalM  odule.js:764:19)
      at D:\Proyectos\HR-Library\node_modules\webpack\lib\NormalModule.js:866:5
      at D:\Proyectos\HR-Library\node_modules\loader-runner\lib\LoaderRunner.js:  499:11
      at runSyncOrAsyncCallback (D:\Proyectos\HR-Library\node_modules\loader-run  ner\lib\LoaderRunner.js:259:19)
      at innerCallback (D:\Proyectos\HR-Library\node_modules\loader-runner\lib\L  oaderRunner.js:175:13)
      at compile (D:\Proyectos\HR-Library\node_modules\handlebars-loader\index.j  s:238:14)
      at module.exports (D:\Proyectos\HR-Library\node_modules\handlebars-loader\  index.js:461:5)
      at LOADER_EXECUTION (D:\Proyectos\HR-Library\node_modules\loader-runner\li  b\LoaderRunner.js:195:14)
      at runSyncOrAsync (D:\Proyectos\HR-Library\node_modules\loader-runner\lib\  LoaderRunner.js:196:5)
      at iterateNormalLoaders (D:\Proyectos\HR-Library\node_modules\loader-runne  r\lib\LoaderRunner.js:258:2)
  
  - parser.js:267 Parser.parseError
    [HR-Library]/[handlebars]/dist/cjs/handlebars/compiler/parser.js:267:19
  
  - parser.js:336 Parser.parse
    [HR-Library]/[handlebars]/dist/cjs/handlebars/compiler/parser.js:336:30
  
  - base.js:46 parseWithoutProcessing
    [HR-Library]/[handlebars]/dist/cjs/handlebars/compiler/base.js:46:33
  
  - base.js:52 HandlebarsEnvironment.parse
    [HR-Library]/[handlebars]/dist/cjs/handlebars/compiler/base.js:52:13
  
  - index.js:234 compile
    [HR-Library]/[handlebars-loader]/index.js:234:18
  
  - index.js:461 module.exports
    [HR-Library]/[handlebars-loader]/index.js:461:5
  
  - ModuleBuildError: Module build [1m[31mfailed[39m[22m[1m (from ./node_modules/handlebars-loader    /index.js):
  
  - [1m[31mError[39m[22m[1m: Parse [1m[31merror[39m[22m[1m on line 68:
  
  - ...{{/layout-main}}{{/layout-main}}
  
  - -------------------^
  
  - Expecting 'EOF', got 'OPEN_ENDBLOCK'
  
  - parser.js:267 Parser.parseError
    [HR-Library]/[handlebars]/dist/cjs/handlebars/compiler/parser.js:267:19
  
  - parser.js:336 Parser.parse
    [HR-Library]/[handlebars]/dist/cjs/handlebars/compiler/parser.js:336:30
  
  - base.js:46 parseWithoutProcessing
    [HR-Library]/[handlebars]/dist/cjs/handlebars/compiler/base.js:46:33
  
  - base.js:52 HandlebarsEnvironment.parse
    [HR-Library]/[handlebars]/dist/cjs/handlebars/compiler/base.js:52:13
  
  - index.js:234 compile
    [HR-Library]/[handlebars-loader]/index.js:234:18
  
  - index.js:461 module.exports
    [HR-Library]/[handlebars-loader]/index.js:461:5
  
  - NormalModule.js:764 processResult
    [HR-Library]/[webpack]/lib/NormalModule.js:764:19
  
  - NormalModule.js:866 
    [HR-Library]/[webpack]/lib/NormalModule.js:866:5
  
  - LoaderRunner.js:499 
    [HR-Library]/[loader-runner]/lib/LoaderRunner.js:499:11
  
  - LoaderRunner.js:259 runSyncOrAsyncCallback
    [HR-Library]/[loader-runner]/lib/LoaderRunner.js:259:19
  
  - LoaderRunner.js:175 innerCallback
    [HR-Library]/[loader-runner]/lib/LoaderRunner.js:175:13
  
  - index.js:238 compile
    [HR-Library]/[handlebars-loader]/index.js:238:14
  
  - index.js:461 module.exports
    [HR-Library]/[handlebars-loader]/index.js:461:5
  
  - LoaderRunner.js:195 LOADER_EXECUTION
    [HR-Library]/[loader-runner]/lib/LoaderRunner.js:195:14
  
  - LoaderRunner.js:196 runSyncOrAsync
    [HR-Library]/[loader-runner]/lib/LoaderRunner.js:196:5
  
  - LoaderRunner.js:258 iterateNormalLoaders
    [HR-Library]/[loader-runner]/lib/LoaderRunner.js:258:2
  
  - Module build [1m[31mfailed[39m[22m[1m (from ./node_modules/handlebars-loader/index.js):
  
  - [1m[31mError[39m[22m[1m: Parse [1m[31merror[39m[22m[1m on line 201:
  
  - ...{{/layout-main}}{{/layout-main}}
  
  - -------------------^
  
  - Expecting 'EOF', got 'OPEN_ENDBLOCK'
  
  - parser.js:267 Parser.parseError
    [HR-Library]/[handlebars]/dist/cjs/handlebars/compiler/parser.js:267:19
  
  - parser.js:336 Parser.parse
    [HR-Library]/[handlebars]/dist/cjs/handlebars/compiler/parser.js:336:30
  
  - base.js:46 parseWithoutProcessing
    [HR-Library]/[handlebars]/dist/cjs/handlebars/compiler/base.js:46:33
  
  - base.js:52 HandlebarsEnvironment.parse
    [HR-Library]/[handlebars]/dist/cjs/handlebars/compiler/base.js:52:13
  
  - index.js:234 compile
    [HR-Library]/[handlebars-loader]/index.js:234:18
  
  - index.js:461 module.exports
    [HR-Library]/[handlebars-loader]/index.js:461:5
  
  - ModuleBuildError: Module build [1m[31mfailed[39m[22m[1m (from ./node_modules/handlebars-loader    /index.js):
  
  - [1m[31mError[39m[22m[1m: Parse [1m[31merror[39m[22m[1m on line 201:
  
  - ...{{/layout-main}}{{/layout-main}}
  
  - -------------------^
  
  - Expecting 'EOF', got 'OPEN_ENDBLOCK'
  
  - parser.js:267 Parser.parseError
    [HR-Library]/[handlebars]/dist/cjs/handlebars/compiler/parser.js:267:19
  
  - parser.js:336 Parser.parse
    [HR-Library]/[handlebars]/dist/cjs/handlebars/compiler/parser.js:336:30
  
  - base.js:46 parseWithoutProcessing
    [HR-Library]/[handlebars]/dist/cjs/handlebars/compiler/base.js:46:33
  
  - base.js:52 HandlebarsEnvironment.parse
    [HR-Library]/[handlebars]/dist/cjs/handlebars/compiler/base.js:52:13
  
  - index.js:234 compile
    [HR-Library]/[handlebars-loader]/index.js:234:18
  
  - index.js:461 module.exports
    [HR-Library]/[handlebars-loader]/index.js:461:5
  
  - NormalModule.js:764 processResult
    [HR-Library]/[webpack]/lib/NormalModule.js:764:19
  
  - NormalModule.js:866 
    [HR-Library]/[webpack]/lib/NormalModule.js:866:5
  
[39m[22m

[1m[31mERROR[39m[22m in [1m  [1m[31mError[39m[22m[1m: Child compilation [1m[31mfailed[39m[22m[1m:
  Module build [1m[31mfailed[39m[22m[1m (from ./node_modules/handlebars-loader/index.js):
  [1m[31mError[39m[22m[1m: Parse [1m[31merror[39m[22m[1m on line 68:
  ...{{/layout-main}}{{/layout-main}}
  -------------------^
  Expecting 'EOF', got 'OPEN_ENDBLOCK'
      at Parser.parseError (D:\Proyectos\HR-Library\node_modules\handlebars\dist  \cjs\handlebars\compiler\parser.js:267:19)
      at Parser.parse (D:\Proyectos\HR-Library\node_modules\handlebars\dist\cjs\  handlebars\compiler\parser.js:336:30)
      at parseWithoutProcessing (D:\Proyectos\HR-Library\node_modules\handlebars  \dist\cjs\handlebars\compiler\base.js:46:33)
      at HandlebarsEnvironment.parse (D:\Proyectos\HR-Library\node_modules\handl  ebars\dist\cjs\handlebars\compiler\base.js:52:13)
      at compile (D:\Proyectos\HR-Library\node_modules\handlebars-loader\index.j  s:234:18)
      at module.exports (D:\Proyectos\HR-Library\node_modules\handlebars-loader\  index.js:461:5)
  ModuleBuildError: Module build [1m[31mfailed[39m[22m[1m (from ./node_modules/handlebars-loader/i  ndex.js):
  [1m[31mError[39m[22m[1m: Parse [1m[31merror[39m[22m[1m on line 68:
  ...{{/layout-main}}{{/layout-main}}
  -------------------^
  Expecting 'EOF', got 'OPEN_ENDBLOCK'
      at Parser.parseError (D:\Proyectos\HR-Library\node_modules\handlebars\dist  \cjs\handlebars\compiler\parser.js:267:19)
      at Parser.parse (D:\Proyectos\HR-Library\node_modules\handlebars\dist\cjs\  handlebars\compiler\parser.js:336:30)
      at parseWithoutProcessing (D:\Proyectos\HR-Library\node_modules\handlebars  \dist\cjs\handlebars\compiler\base.js:46:33)
      at HandlebarsEnvironment.parse (D:\Proyectos\HR-Library\node_modules\handl  ebars\dist\cjs\handlebars\compiler\base.js:52:13)
      at compile (D:\Proyectos\HR-Library\node_modules\handlebars-loader\index.j  s:234:18)
      at module.exports (D:\Proyectos\HR-Library\node_modules\handlebars-loader\  index.js:461:5)
      at processResult (D:\Proyectos\HR-Library\node_modules\webpack\lib\NormalM  odule.js:764:19)
      at D:\Proyectos\HR-Library\node_modules\webpack\lib\NormalModule.js:866:5
      at D:\Proyectos\HR-Library\node_modules\loader-runner\lib\LoaderRunner.js:  499:11
      at runSyncOrAsyncCallback (D:\Proyectos\HR-Library\node_modules\loader-run  ner\lib\LoaderRunner.js:259:19)
      at innerCallback (D:\Proyectos\HR-Library\node_modules\loader-runner\lib\L  oaderRunner.js:175:13)
      at compile (D:\Proyectos\HR-Library\node_modules\handlebars-loader\index.j  s:238:14)
      at module.exports (D:\Proyectos\HR-Library\node_modules\handlebars-loader\  index.js:461:5)
      at LOADER_EXECUTION (D:\Proyectos\HR-Library\node_modules\loader-runner\li  b\LoaderRunner.js:195:14)
      at runSyncOrAsync (D:\Proyectos\HR-Library\node_modules\loader-runner\lib\  LoaderRunner.js:196:5)
      at iterateNormalLoaders (D:\Proyectos\HR-Library\node_modules\loader-runne  r\lib\LoaderRunner.js:258:2)
  Module build [1m[31mfailed[39m[22m[1m (from ./node_modules/handlebars-loader/index.js):
  [1m[31mError[39m[22m[1m: Parse [1m[31merror[39m[22m[1m on line 201:
  ...{{/layout-main}}{{/layout-main}}
  -------------------^
  Expecting 'EOF', got 'OPEN_ENDBLOCK'
      at Parser.parseError (D:\Proyectos\HR-Library\node_modules\handlebars\dist  \cjs\handlebars\compiler\parser.js:267:19)
      at Parser.parse (D:\Proyectos\HR-Library\node_modules\handlebars\dist\cjs\  handlebars\compiler\parser.js:336:30)
      at parseWithoutProcessing (D:\Proyectos\HR-Library\node_modules\handlebars  \dist\cjs\handlebars\compiler\base.js:46:33)
      at HandlebarsEnvironment.parse (D:\Proyectos\HR-Library\node_modules\handl  ebars\dist\cjs\handlebars\compiler\base.js:52:13)
      at compile (D:\Proyectos\HR-Library\node_modules\handlebars-loader\index.j  s:234:18)
      at module.exports (D:\Proyectos\HR-Library\node_modules\handlebars-loader\  index.js:461:5)
  ModuleBuildError: Module build [1m[31mfailed[39m[22m[1m (from ./node_modules/handlebars-loader/i  ndex.js):
  [1m[31mError[39m[22m[1m: Parse [1m[31merror[39m[22m[1m on line 201:
  ...{{/layout-main}}{{/layout-main}}
  -------------------^
  Expecting 'EOF', got 'OPEN_ENDBLOCK'
      at Parser.parseError (D:\Proyectos\HR-Library\node_modules\handlebars\dist  \cjs\handlebars\compiler\parser.js:267:19)
      at Parser.parse (D:\Proyectos\HR-Library\node_modules\handlebars\dist\cjs\  handlebars\compiler\parser.js:336:30)
      at parseWithoutProcessing (D:\Proyectos\HR-Library\node_modules\handlebars  \dist\cjs\handlebars\compiler\base.js:46:33)
      at HandlebarsEnvironment.parse (D:\Proyectos\HR-Library\node_modules\handl  ebars\dist\cjs\handlebars\compiler\base.js:52:13)
      at compile (D:\Proyectos\HR-Library\node_modules\handlebars-loader\index.j  s:234:18)
      at module.exports (D:\Proyectos\HR-Library\node_modules\handlebars-loader\  index.js:461:5)
      at processResult (D:\Proyectos\HR-Library\node_modules\webpack\lib\NormalM  odule.js:764:19)
      at D:\Proyectos\HR-Library\node_modules\webpack\lib\NormalModule.js:866:5
      at D:\Proyectos\HR-Library\node_modules\loader-runner\lib\LoaderRunner.js:  499:11
      at runSyncOrAsyncCallback (D:\Proyectos\HR-Library\node_modules\loader-run  ner\lib\LoaderRunner.js:259:19)
      at innerCallback (D:\Proyectos\HR-Library\node_modules\loader-runner\lib\L  oaderRunner.js:175:13)
      at compile (D:\Proyectos\HR-Library\node_modules\handlebars-loader\index.j  s:238:14)
      at module.exports (D:\Proyectos\HR-Library\node_modules\handlebars-loader\  index.js:461:5)
      at LOADER_EXECUTION (D:\Proyectos\HR-Library\node_modules\loader-runner\li  b\LoaderRunner.js:195:14)
      at runSyncOrAsync (D:\Proyectos\HR-Library\node_modules\loader-runner\lib\  LoaderRunner.js:196:5)
      at iterateNormalLoaders (D:\Proyectos\HR-Library\node_modules\loader-runne  r\lib\LoaderRunner.js:258:2)
  Module build [1m[31mfailed[39m[22m[1m (from ./node_modules/handlebars-loader/index.js):
  [1m[31mError[39m[22m[1m: Parse [1m[31merror[39m[22m[1m on line 97:
  ...{{/layout-main}}{{/layout-main}}
  -------------------^
  Expecting 'EOF', got 'OPEN_ENDBLOCK'
      at Parser.parseError (D:\Proyectos\HR-Library\node_modules\handlebars\dist  \cjs\handlebars\compiler\parser.js:267:19)
      at Parser.parse (D:\Proyectos\HR-Library\node_modules\handlebars\dist\cjs\  handlebars\compiler\parser.js:336:30)
      at parseWithoutProcessing (D:\Proyectos\HR-Library\node_modules\handlebars  \dist\cjs\handlebars\compiler\base.js:46:33)
      at HandlebarsEnvironment.parse (D:\Proyectos\HR-Library\node_modules\handl  ebars\dist\cjs\handlebars\compiler\base.js:52:13)
      at compile (D:\Proyectos\HR-Library\node_modules\handlebars-loader\index.j  s:234:18)
      at module.exports (D:\Proyectos\HR-Library\node_modules\handlebars-loader\  index.js:461:5)
  ModuleBuildError: Module build [1m[31mfailed[39m[22m[1m (from ./node_modules/handlebars-loader/i  ndex.js):
  [1m[31mError[39m[22m[1m: Parse [1m[31merror[39m[22m[1m on line 97:
  ...{{/layout-main}}{{/layout-main}}
  -------------------^
  Expecting 'EOF', got 'OPEN_ENDBLOCK'
      at Parser.parseError (D:\Proyectos\HR-Library\node_modules\handlebars\dist  \cjs\handlebars\compiler\parser.js:267:19)
      at Parser.parse (D:\Proyectos\HR-Library\node_modules\handlebars\dist\cjs\  handlebars\compiler\parser.js:336:30)
      at parseWithoutProcessing (D:\Proyectos\HR-Library\node_modules\handlebars  \dist\cjs\handlebars\compiler\base.js:46:33)
      at HandlebarsEnvironment.parse (D:\Proyectos\HR-Library\node_modules\handl  ebars\dist\cjs\handlebars\compiler\base.js:52:13)
      at compile (D:\Proyectos\HR-Library\node_modules\handlebars-loader\index.j  s:234:18)
      at module.exports (D:\Proyectos\HR-Library\node_modules\handlebars-loader\  index.js:461:5)
      at processResult (D:\Proyectos\HR-Library\node_modules\webpack\lib\NormalM  odule.js:764:19)
      at D:\Proyectos\HR-Library\node_modules\webpack\lib\NormalModule.js:866:5
      at D:\Proyectos\HR-Library\node_modules\loader-runner\lib\LoaderRunner.js:  499:11
      at runSyncOrAsyncCallback (D:\Proyectos\HR-Library\node_modules\loader-run  ner\lib\LoaderRunner.js:259:19)
      at innerCallback (D:\Proyectos\HR-Library\node_modules\loader-runner\lib\L  oaderRunner.js:175:13)
      at compile (D:\Proyectos\HR-Library\node_modules\handlebars-loader\index.j  s:238:14)
      at module.exports (D:\Proyectos\HR-Library\node_modules\handlebars-loader\  index.js:461:5)
      at LOADER_EXECUTION (D:\Proyectos\HR-Library\node_modules\loader-runner\li  b\LoaderRunner.js:195:14)
      at runSyncOrAsync (D:\Proyectos\HR-Library\node_modules\loader-runner\lib\  LoaderRunner.js:196:5)
      at iterateNormalLoaders (D:\Proyectos\HR-Library\node_modules\loader-runne  r\lib\LoaderRunner.js:258:2)
  Module build [1m[31mfailed[39m[22m[1m (from ./node_modules/handlebars-loader/index.js):
  [1m[31mError[39m[22m[1m: Parse [1m[31merror[39m[22m[1m on line 146:
  ...{{/layout-main}}{{/layout-main}}
  -------------------^
  Expecting 'EOF', got 'OPEN_ENDBLOCK'
      at Parser.parseError (D:\Proyectos\HR-Library\node_modules\handlebars\dist  \cjs\handlebars\compiler\parser.js:267:19)
      at Parser.parse (D:\Proyectos\HR-Library\node_modules\handlebars\dist\cjs\  handlebars\compiler\parser.js:336:30)
      at parseWithoutProcessing (D:\Proyectos\HR-Library\node_modules\handlebars  \dist\cjs\handlebars\compiler\base.js:46:33)
      at HandlebarsEnvironment.parse (D:\Proyectos\HR-Library\node_modules\handl  ebars\dist\cjs\handlebars\compiler\base.js:52:13)
      at compile (D:\Proyectos\HR-Library\node_modules\handlebars-loader\index.j  s:234:18)
      at module.exports (D:\Proyectos\HR-Library\node_modules\handlebars-loader\  index.js:461:5)
  ModuleBuildError: Module build [1m[31mfailed[39m[22m[1m (from ./node_modules/handlebars-loader/i  ndex.js):
  [1m[31mError[39m[22m[1m: Parse [1m[31merror[39m[22m[1m on line 146:
  ...{{/layout-main}}{{/layout-main}}
  -------------------^
  Expecting 'EOF', got 'OPEN_ENDBLOCK'
      at Parser.parseError (D:\Proyectos\HR-Library\node_modules\handlebars\dist  \cjs\handlebars\compiler\parser.js:267:19)
      at Parser.parse (D:\Proyectos\HR-Library\node_modules\handlebars\dist\cjs\  handlebars\compiler\parser.js:336:30)
      at parseWithoutProcessing (D:\Proyectos\HR-Library\node_modules\handlebars  \dist\cjs\handlebars\compiler\base.js:46:33)
      at HandlebarsEnvironment.parse (D:\Proyectos\HR-Library\node_modules\handl  ebars\dist\cjs\handlebars\compiler\base.js:52:13)
      at compile (D:\Proyectos\HR-Library\node_modules\handlebars-loader\index.j  s:234:18)
      at module.exports (D:\Proyectos\HR-Library\node_modules\handlebars-loader\  index.js:461:5)
      at processResult (D:\Proyectos\HR-Library\node_modules\webpack\lib\NormalM  odule.js:764:19)
      at D:\Proyectos\HR-Library\node_modules\webpack\lib\NormalModule.js:866:5
      at D:\Proyectos\HR-Library\node_modules\loader-runner\lib\LoaderRunner.js:  499:11
      at runSyncOrAsyncCallback (D:\Proyectos\HR-Library\node_modules\loader-run  ner\lib\LoaderRunner.js:259:19)
      at innerCallback (D:\Proyectos\HR-Library\node_modules\loader-runner\lib\L  oaderRunner.js:175:13)
      at compile (D:\Proyectos\HR-Library\node_modules\handlebars-loader\index.j  s:238:14)
      at module.exports (D:\Proyectos\HR-Library\node_modules\handlebars-loader\  index.js:461:5)
      at LOADER_EXECUTION (D:\Proyectos\HR-Library\node_modules\loader-runner\li  b\LoaderRunner.js:195:14)
      at runSyncOrAsync (D:\Proyectos\HR-Library\node_modules\loader-runner\lib\  LoaderRunner.js:196:5)
      at iterateNormalLoaders (D:\Proyectos\HR-Library\node_modules\loader-runne  r\lib\LoaderRunner.js:258:2)
  Module build [1m[31mfailed[39m[22m[1m (from ./node_modules/handlebars-loader/index.js):
  [1m[31mError[39m[22m[1m: Parse [1m[31merror[39m[22m[1m on line 183:
  ...{{/layout-main}}{{/layout-main}}
  -------------------^
  Expecting 'EOF', got 'OPEN_ENDBLOCK'
      at Parser.parseError (D:\Proyectos\HR-Library\node_modules\handlebars\dist  \cjs\handlebars\compiler\parser.js:267:19)
      at Parser.parse (D:\Proyectos\HR-Library\node_modules\handlebars\dist\cjs\  handlebars\compiler\parser.js:336:30)
      at parseWithoutProcessing (D:\Proyectos\HR-Library\node_modules\handlebars  \dist\cjs\handlebars\compiler\base.js:46:33)
      at HandlebarsEnvironment.parse (D:\Proyectos\HR-Library\node_modules\handl  ebars\dist\cjs\handlebars\compiler\base.js:52:13)
      at compile (D:\Proyectos\HR-Library\node_modules\handlebars-loader\index.j  s:234:18)
      at module.exports (D:\Proyectos\HR-Library\node_modules\handlebars-loader\  index.js:461:5)
  ModuleBuildError: Module build [1m[31mfailed[39m[22m[1m (from ./node_modules/handlebars-loader/i  ndex.js):
  [1m[31mError[39m[22m[1m: Parse [1m[31merror[39m[22m[1m on line 183:
  ...{{/layout-main}}{{/layout-main}}
  -------------------^
  Expecting 'EOF', got 'OPEN_ENDBLOCK'
      at Parser.parseError (D:\Proyectos\HR-Library\node_modules\handlebars\dist  \cjs\handlebars\compiler\parser.js:267:19)
      at Parser.parse (D:\Proyectos\HR-Library\node_modules\handlebars\dist\cjs\  handlebars\compiler\parser.js:336:30)
      at parseWithoutProcessing (D:\Proyectos\HR-Library\node_modules\handlebars  \dist\cjs\handlebars\compiler\base.js:46:33)
      at HandlebarsEnvironment.parse (D:\Proyectos\HR-Library\node_modules\handl  ebars\dist\cjs\handlebars\compiler\base.js:52:13)
      at compile (D:\Proyectos\HR-Library\node_modules\handlebars-loader\index.j  s:234:18)
      at module.exports (D:\Proyectos\HR-Library\node_modules\handlebars-loader\  index.js:461:5)
      at processResult (D:\Proyectos\HR-Library\node_modules\webpack\lib\NormalM  odule.js:764:19)
      at D:\Proyectos\HR-Library\node_modules\webpack\lib\NormalModule.js:866:5
      at D:\Proyectos\HR-Library\node_modules\loader-runner\lib\LoaderRunner.js:  499:11
      at runSyncOrAsyncCallback (D:\Proyectos\HR-Library\node_modules\loader-run  ner\lib\LoaderRunner.js:259:19)
      at innerCallback (D:\Proyectos\HR-Library\node_modules\loader-runner\lib\L  oaderRunner.js:175:13)
      at compile (D:\Proyectos\HR-Library\node_modules\handlebars-loader\index.j  s:238:14)
      at module.exports (D:\Proyectos\HR-Library\node_modules\handlebars-loader\  index.js:461:5)
      at LOADER_EXECUTION (D:\Proyectos\HR-Library\node_modules\loader-runner\li  b\LoaderRunner.js:195:14)
      at runSyncOrAsync (D:\Proyectos\HR-Library\node_modules\loader-runner\lib\  LoaderRunner.js:196:5)
      at iterateNormalLoaders (D:\Proyectos\HR-Library\node_modules\loader-runne  r\lib\LoaderRunner.js:258:2)
  Module build [1m[31mfailed[39m[22m[1m (from ./node_modules/handlebars-loader/index.js):
  [1m[31mError[39m[22m[1m: Parse [1m[31merror[39m[22m[1m on line 216:
  ...{{/layout-main}}{{/layout-main}}
  -------------------^
  Expecting 'EOF', got 'OPEN_ENDBLOCK'
      at Parser.parseError (D:\Proyectos\HR-Library\node_modules\handlebars\dist  \cjs\handlebars\compiler\parser.js:267:19)
      at Parser.parse (D:\Proyectos\HR-Library\node_modules\handlebars\dist\cjs\  handlebars\compiler\parser.js:336:30)
      at parseWithoutProcessing (D:\Proyectos\HR-Library\node_modules\handlebars  \dist\cjs\handlebars\compiler\base.js:46:33)
      at HandlebarsEnvironment.parse (D:\Proyectos\HR-Library\node_modules\handl  ebars\dist\cjs\handlebars\compiler\base.js:52:13)
      at compile (D:\Proyectos\HR-Library\node_modules\handlebars-loader\index.j  s:234:18)
      at module.exports (D:\Proyectos\HR-Library\node_modules\handlebars-loader\  index.js:461:5)
  ModuleBuildError: Module build [1m[31mfailed[39m[22m[1m (from ./node_modules/handlebars-loader/i  ndex.js):
  [1m[31mError[39m[22m[1m: Parse [1m[31merror[39m[22m[1m on line 216:
  ...{{/layout-main}}{{/layout-main}}
  -------------------^
  Expecting 'EOF', got 'OPEN_ENDBLOCK'
      at Parser.parseError (D:\Proyectos\HR-Library\node_modules\handlebars\dist  \cjs\handlebars\compiler\parser.js:267:19)
      at Parser.parse (D:\Proyectos\HR-Library\node_modules\handlebars\dist\cjs\  handlebars\compiler\parser.js:336:30)
      at parseWithoutProcessing (D:\Proyectos\HR-Library\node_modules\handlebars  \dist\cjs\handlebars\compiler\base.js:46:33)
      at HandlebarsEnvironment.parse (D:\Proyectos\HR-Library\node_modules\handl  ebars\dist\cjs\handlebars\compiler\base.js:52:13)
      at compile (D:\Proyectos\HR-Library\node_modules\handlebars-loader\index.j  s:234:18)
      at module.exports (D:\Proyectos\HR-Library\node_modules\handlebars-loader\  index.js:461:5)
      at processResult (D:\Proyectos\HR-Library\node_modules\webpack\lib\NormalM  odule.js:764:19)
      at D:\Proyectos\HR-Library\node_modules\webpack\lib\NormalModule.js:866:5
      at D:\Proyectos\HR-Library\node_modules\loader-runner\lib\LoaderRunner.js:  499:11
      at runSyncOrAsyncCallback (D:\Proyectos\HR-Library\node_modules\loader-run  ner\lib\LoaderRunner.js:259:19)
      at innerCallback (D:\Proyectos\HR-Library\node_modules\loader-runner\lib\L  oaderRunner.js:175:13)
      at compile (D:\Proyectos\HR-Library\node_modules\handlebars-loader\index.j  s:238:14)
      at module.exports (D:\Proyectos\HR-Library\node_modules\handlebars-loader\  index.js:461:5)
      at LOADER_EXECUTION (D:\Proyectos\HR-Library\node_modules\loader-runner\li  b\LoaderRunner.js:195:14)
      at runSyncOrAsync (D:\Proyectos\HR-Library\node_modules\loader-runner\lib\  LoaderRunner.js:196:5)
      at iterateNormalLoaders (D:\Proyectos\HR-Library\node_modules\loader-runne  r\lib\LoaderRunner.js:258:2)
  
  - parser.js:267 Parser.parseError
    [HR-Library]/[handlebars]/dist/cjs/handlebars/compiler/parser.js:267:19
  
  - parser.js:336 Parser.parse
    [HR-Library]/[handlebars]/dist/cjs/handlebars/compiler/parser.js:336:30
  
  - base.js:46 parseWithoutProcessing
    [HR-Library]/[handlebars]/dist/cjs/handlebars/compiler/base.js:46:33
  
  - base.js:52 HandlebarsEnvironment.parse
    [HR-Library]/[handlebars]/dist/cjs/handlebars/compiler/base.js:52:13
  
  - index.js:234 compile
    [HR-Library]/[handlebars-loader]/index.js:234:18
  
  - index.js:461 module.exports
    [HR-Library]/[handlebars-loader]/index.js:461:5
  
  - ModuleBuildError: Module build [1m[31mfailed[39m[22m[1m (from ./node_modules/handlebars-loader    /index.js):
  
  - [1m[31mError[39m[22m[1m: Parse [1m[31merror[39m[22m[1m on line 68:
  
  - ...{{/layout-main}}{{/layout-main}}
  
  - -------------------^
  
  - Expecting 'EOF', got 'OPEN_ENDBLOCK'
  
  - parser.js:267 Parser.parseError
    [HR-Library]/[handlebars]/dist/cjs/handlebars/compiler/parser.js:267:19
  
  - parser.js:336 Parser.parse
    [HR-Library]/[handlebars]/dist/cjs/handlebars/compiler/parser.js:336:30
  
  - base.js:46 parseWithoutProcessing
    [HR-Library]/[handlebars]/dist/cjs/handlebars/compiler/base.js:46:33
  
  - base.js:52 HandlebarsEnvironment.parse
    [HR-Library]/[handlebars]/dist/cjs/handlebars/compiler/base.js:52:13
  
  - index.js:234 compile
    [HR-Library]/[handlebars-loader]/index.js:234:18
  
  - index.js:461 module.exports
    [HR-Library]/[handlebars-loader]/index.js:461:5
  
  - NormalModule.js:764 processResult
    [HR-Library]/[webpack]/lib/NormalModule.js:764:19
  
  - NormalModule.js:866 
    [HR-Library]/[webpack]/lib/NormalModule.js:866:5
  
  - LoaderRunner.js:499 
    [HR-Library]/[loader-runner]/lib/LoaderRunner.js:499:11
  
  - LoaderRunner.js:259 runSyncOrAsyncCallback
    [HR-Library]/[loader-runner]/lib/LoaderRunner.js:259:19
  
  - LoaderRunner.js:175 innerCallback
    [HR-Library]/[loader-runner]/lib/LoaderRunner.js:175:13
  
  - index.js:238 compile
    [HR-Library]/[handlebars-loader]/index.js:238:14
  
  - index.js:461 module.exports
    [HR-Library]/[handlebars-loader]/index.js:461:5
  
  - LoaderRunner.js:195 LOADER_EXECUTION
    [HR-Library]/[loader-runner]/lib/LoaderRunner.js:195:14
  
  - LoaderRunner.js:196 runSyncOrAsync
    [HR-Library]/[loader-runner]/lib/LoaderRunner.js:196:5
  
  - LoaderRunner.js:258 iterateNormalLoaders
    [HR-Library]/[loader-runner]/lib/LoaderRunner.js:258:2
  
  - Module build [1m[31mfailed[39m[22m[1m (from ./node_modules/handlebars-loader/index.js):
  
  - [1m[31mError[39m[22m[1m: Parse [1m[31merror[39m[22m[1m on line 201:
  
  - ...{{/layout-main}}{{/layout-main}}
  
  - -------------------^
  
  - Expecting 'EOF', got 'OPEN_ENDBLOCK'
  
  - parser.js:267 Parser.parseError
    [HR-Library]/[handlebars]/dist/cjs/handlebars/compiler/parser.js:267:19
  
  - parser.js:336 Parser.parse
    [HR-Library]/[handlebars]/dist/cjs/handlebars/compiler/parser.js:336:30
  
  - base.js:46 parseWithoutProcessing
    [HR-Library]/[handlebars]/dist/cjs/handlebars/compiler/base.js:46:33
  
  - base.js:52 HandlebarsEnvironment.parse
    [HR-Library]/[handlebars]/dist/cjs/handlebars/compiler/base.js:52:13
  
  - index.js:234 compile
    [HR-Library]/[handlebars-loader]/index.js:234:18
  
  - index.js:461 module.exports
    [HR-Library]/[handlebars-loader]/index.js:461:5
  
  - ModuleBuildError: Module build [1m[31mfailed[39m[22m[1m (from ./node_modules/handlebars-loader    /index.js):
  
  - [1m[31mError[39m[22m[1m: Parse [1m[31merror[39m[22m[1m on line 201:
  
  - ...{{/layout-main}}{{/layout-main}}
  
  - -------------------^
  
  - Expecting 'EOF', got 'OPEN_ENDBLOCK'
  
  - parser.js:267 Parser.parseError
    [HR-Library]/[handlebars]/dist/cjs/handlebars/compiler/parser.js:267:19
  
  - parser.js:336 Parser.parse
    [HR-Library]/[handlebars]/dist/cjs/handlebars/compiler/parser.js:336:30
  
  - base.js:46 parseWithoutProcessing
    [HR-Library]/[handlebars]/dist/cjs/handlebars/compiler/base.js:46:33
  
  - base.js:52 HandlebarsEnvironment.parse
    [HR-Library]/[handlebars]/dist/cjs/handlebars/compiler/base.js:52:13
  
  - index.js:234 compile
    [HR-Library]/[handlebars-loader]/index.js:234:18
  
  - index.js:461 module.exports
    [HR-Library]/[handlebars-loader]/index.js:461:5
  
  - NormalModule.js:764 processResult
    [HR-Library]/[webpack]/lib/NormalModule.js:764:19
  
  - NormalModule.js:866 
    [HR-Library]/[webpack]/lib/NormalModule.js:866:5
  
[39m[22m

[1m[31mERROR[39m[22m in [1m  [1m[31mError[39m[22m[1m: Child compilation [1m[31mfailed[39m[22m[1m:
  Module build [1m[31mfailed[39m[22m[1m (from ./node_modules/handlebars-loader/index.js):
  [1m[31mError[39m[22m[1m: Parse [1m[31merror[39m[22m[1m on line 68:
  ...{{/layout-main}}{{/layout-main}}
  -------------------^
  Expecting 'EOF', got 'OPEN_ENDBLOCK'
      at Parser.parseError (D:\Proyectos\HR-Library\node_modules\handlebars\dist  \cjs\handlebars\compiler\parser.js:267:19)
      at Parser.parse (D:\Proyectos\HR-Library\node_modules\handlebars\dist\cjs\  handlebars\compiler\parser.js:336:30)
      at parseWithoutProcessing (D:\Proyectos\HR-Library\node_modules\handlebars  \dist\cjs\handlebars\compiler\base.js:46:33)
      at HandlebarsEnvironment.parse (D:\Proyectos\HR-Library\node_modules\handl  ebars\dist\cjs\handlebars\compiler\base.js:52:13)
      at compile (D:\Proyectos\HR-Library\node_modules\handlebars-loader\index.j  s:234:18)
      at module.exports (D:\Proyectos\HR-Library\node_modules\handlebars-loader\  index.js:461:5)
  ModuleBuildError: Module build [1m[31mfailed[39m[22m[1m (from ./node_modules/handlebars-loader/i  ndex.js):
  [1m[31mError[39m[22m[1m: Parse [1m[31merror[39m[22m[1m on line 68:
  ...{{/layout-main}}{{/layout-main}}
  -------------------^
  Expecting 'EOF', got 'OPEN_ENDBLOCK'
      at Parser.parseError (D:\Proyectos\HR-Library\node_modules\handlebars\dist  \cjs\handlebars\compiler\parser.js:267:19)
      at Parser.parse (D:\Proyectos\HR-Library\node_modules\handlebars\dist\cjs\  handlebars\compiler\parser.js:336:30)
      at parseWithoutProcessing (D:\Proyectos\HR-Library\node_modules\handlebars  \dist\cjs\handlebars\compiler\base.js:46:33)
      at HandlebarsEnvironment.parse (D:\Proyectos\HR-Library\node_modules\handl  ebars\dist\cjs\handlebars\compiler\base.js:52:13)
      at compile (D:\Proyectos\HR-Library\node_modules\handlebars-loader\index.j  s:234:18)
      at module.exports (D:\Proyectos\HR-Library\node_modules\handlebars-loader\  index.js:461:5)
      at processResult (D:\Proyectos\HR-Library\node_modules\webpack\lib\NormalM  odule.js:764:19)
      at D:\Proyectos\HR-Library\node_modules\webpack\lib\NormalModule.js:866:5
      at D:\Proyectos\HR-Library\node_modules\loader-runner\lib\LoaderRunner.js:  499:11
      at runSyncOrAsyncCallback (D:\Proyectos\HR-Library\node_modules\loader-run  ner\lib\LoaderRunner.js:259:19)
      at innerCallback (D:\Proyectos\HR-Library\node_modules\loader-runner\lib\L  oaderRunner.js:175:13)
      at compile (D:\Proyectos\HR-Library\node_modules\handlebars-loader\index.j  s:238:14)
      at module.exports (D:\Proyectos\HR-Library\node_modules\handlebars-loader\  index.js:461:5)
      at LOADER_EXECUTION (D:\Proyectos\HR-Library\node_modules\loader-runner\li  b\LoaderRunner.js:195:14)
      at runSyncOrAsync (D:\Proyectos\HR-Library\node_modules\loader-runner\lib\  LoaderRunner.js:196:5)
      at iterateNormalLoaders (D:\Proyectos\HR-Library\node_modules\loader-runne  r\lib\LoaderRunner.js:258:2)
  Module build [1m[31mfailed[39m[22m[1m (from ./node_modules/handlebars-loader/index.js):
  [1m[31mError[39m[22m[1m: Parse [1m[31merror[39m[22m[1m on line 201:
  ...{{/layout-main}}{{/layout-main}}
  -------------------^
  Expecting 'EOF', got 'OPEN_ENDBLOCK'
      at Parser.parseError (D:\Proyectos\HR-Library\node_modules\handlebars\dist  \cjs\handlebars\compiler\parser.js:267:19)
      at Parser.parse (D:\Proyectos\HR-Library\node_modules\handlebars\dist\cjs\  handlebars\compiler\parser.js:336:30)
      at parseWithoutProcessing (D:\Proyectos\HR-Library\node_modules\handlebars  \dist\cjs\handlebars\compiler\base.js:46:33)
      at HandlebarsEnvironment.parse (D:\Proyectos\HR-Library\node_modules\handl  ebars\dist\cjs\handlebars\compiler\base.js:52:13)
      at compile (D:\Proyectos\HR-Library\node_modules\handlebars-loader\index.j  s:234:18)
      at module.exports (D:\Proyectos\HR-Library\node_modules\handlebars-loader\  index.js:461:5)
  ModuleBuildError: Module build [1m[31mfailed[39m[22m[1m (from ./node_modules/handlebars-loader/i  ndex.js):
  [1m[31mError[39m[22m[1m: Parse [1m[31merror[39m[22m[1m on line 201:
  ...{{/layout-main}}{{/layout-main}}
  -------------------^
  Expecting 'EOF', got 'OPEN_ENDBLOCK'
      at Parser.parseError (D:\Proyectos\HR-Library\node_modules\handlebars\dist  \cjs\handlebars\compiler\parser.js:267:19)
      at Parser.parse (D:\Proyectos\HR-Library\node_modules\handlebars\dist\cjs\  handlebars\compiler\parser.js:336:30)
      at parseWithoutProcessing (D:\Proyectos\HR-Library\node_modules\handlebars  \dist\cjs\handlebars\compiler\base.js:46:33)
      at HandlebarsEnvironment.parse (D:\Proyectos\HR-Library\node_modules\handl  ebars\dist\cjs\handlebars\compiler\base.js:52:13)
      at compile (D:\Proyectos\HR-Library\node_modules\handlebars-loader\index.j  s:234:18)
      at module.exports (D:\Proyectos\HR-Library\node_modules\handlebars-loader\  index.js:461:5)
      at processResult (D:\Proyectos\HR-Library\node_modules\webpack\lib\NormalM  odule.js:764:19)
      at D:\Proyectos\HR-Library\node_modules\webpack\lib\NormalModule.js:866:5
      at D:\Proyectos\HR-Library\node_modules\loader-runner\lib\LoaderRunner.js:  499:11
      at runSyncOrAsyncCallback (D:\Proyectos\HR-Library\node_modules\loader-run  ner\lib\LoaderRunner.js:259:19)
      at innerCallback (D:\Proyectos\HR-Library\node_modules\loader-runner\lib\L  oaderRunner.js:175:13)
      at compile (D:\Proyectos\HR-Library\node_modules\handlebars-loader\index.j  s:238:14)
      at module.exports (D:\Proyectos\HR-Library\node_modules\handlebars-loader\  index.js:461:5)
      at LOADER_EXECUTION (D:\Proyectos\HR-Library\node_modules\loader-runner\li  b\LoaderRunner.js:195:14)
      at runSyncOrAsync (D:\Proyectos\HR-Library\node_modules\loader-runner\lib\  LoaderRunner.js:196:5)
      at iterateNormalLoaders (D:\Proyectos\HR-Library\node_modules\loader-runne  r\lib\LoaderRunner.js:258:2)
  Module build [1m[31mfailed[39m[22m[1m (from ./node_modules/handlebars-loader/index.js):
  [1m[31mError[39m[22m[1m: Parse [1m[31merror[39m[22m[1m on line 97:
  ...{{/layout-main}}{{/layout-main}}
  -------------------^
  Expecting 'EOF', got 'OPEN_ENDBLOCK'
      at Parser.parseError (D:\Proyectos\HR-Library\node_modules\handlebars\dist  \cjs\handlebars\compiler\parser.js:267:19)
      at Parser.parse (D:\Proyectos\HR-Library\node_modules\handlebars\dist\cjs\  handlebars\compiler\parser.js:336:30)
      at parseWithoutProcessing (D:\Proyectos\HR-Library\node_modules\handlebars  \dist\cjs\handlebars\compiler\base.js:46:33)
      at HandlebarsEnvironment.parse (D:\Proyectos\HR-Library\node_modules\handl  ebars\dist\cjs\handlebars\compiler\base.js:52:13)
      at compile (D:\Proyectos\HR-Library\node_modules\handlebars-loader\index.j  s:234:18)
      at module.exports (D:\Proyectos\HR-Library\node_modules\handlebars-loader\  index.js:461:5)
  ModuleBuildError: Module build [1m[31mfailed[39m[22m[1m (from ./node_modules/handlebars-loader/i  ndex.js):
  [1m[31mError[39m[22m[1m: Parse [1m[31merror[39m[22m[1m on line 97:
  ...{{/layout-main}}{{/layout-main}}
  -------------------^
  Expecting 'EOF', got 'OPEN_ENDBLOCK'
      at Parser.parseError (D:\Proyectos\HR-Library\node_modules\handlebars\dist  \cjs\handlebars\compiler\parser.js:267:19)
      at Parser.parse (D:\Proyectos\HR-Library\node_modules\handlebars\dist\cjs\  handlebars\compiler\parser.js:336:30)
      at parseWithoutProcessing (D:\Proyectos\HR-Library\node_modules\handlebars  \dist\cjs\handlebars\compiler\base.js:46:33)
      at HandlebarsEnvironment.parse (D:\Proyectos\HR-Library\node_modules\handl  ebars\dist\cjs\handlebars\compiler\base.js:52:13)
      at compile (D:\Proyectos\HR-Library\node_modules\handlebars-loader\index.j  s:234:18)
      at module.exports (D:\Proyectos\HR-Library\node_modules\handlebars-loader\  index.js:461:5)
      at processResult (D:\Proyectos\HR-Library\node_modules\webpack\lib\NormalM  odule.js:764:19)
      at D:\Proyectos\HR-Library\node_modules\webpack\lib\NormalModule.js:866:5
      at D:\Proyectos\HR-Library\node_modules\loader-runner\lib\LoaderRunner.js:  499:11
      at runSyncOrAsyncCallback (D:\Proyectos\HR-Library\node_modules\loader-run  ner\lib\LoaderRunner.js:259:19)
      at innerCallback (D:\Proyectos\HR-Library\node_modules\loader-runner\lib\L  oaderRunner.js:175:13)
      at compile (D:\Proyectos\HR-Library\node_modules\handlebars-loader\index.j  s:238:14)
      at module.exports (D:\Proyectos\HR-Library\node_modules\handlebars-loader\  index.js:461:5)
      at LOADER_EXECUTION (D:\Proyectos\HR-Library\node_modules\loader-runner\li  b\LoaderRunner.js:195:14)
      at runSyncOrAsync (D:\Proyectos\HR-Library\node_modules\loader-runner\lib\  LoaderRunner.js:196:5)
      at iterateNormalLoaders (D:\Proyectos\HR-Library\node_modules\loader-runne  r\lib\LoaderRunner.js:258:2)
  Module build [1m[31mfailed[39m[22m[1m (from ./node_modules/handlebars-loader/index.js):
  [1m[31mError[39m[22m[1m: Parse [1m[31merror[39m[22m[1m on line 146:
  ...{{/layout-main}}{{/layout-main}}
  -------------------^
  Expecting 'EOF', got 'OPEN_ENDBLOCK'
      at Parser.parseError (D:\Proyectos\HR-Library\node_modules\handlebars\dist  \cjs\handlebars\compiler\parser.js:267:19)
      at Parser.parse (D:\Proyectos\HR-Library\node_modules\handlebars\dist\cjs\  handlebars\compiler\parser.js:336:30)
      at parseWithoutProcessing (D:\Proyectos\HR-Library\node_modules\handlebars  \dist\cjs\handlebars\compiler\base.js:46:33)
      at HandlebarsEnvironment.parse (D:\Proyectos\HR-Library\node_modules\handl  ebars\dist\cjs\handlebars\compiler\base.js:52:13)
      at compile (D:\Proyectos\HR-Library\node_modules\handlebars-loader\index.j  s:234:18)
      at module.exports (D:\Proyectos\HR-Library\node_modules\handlebars-loader\  index.js:461:5)
  ModuleBuildError: Module build [1m[31mfailed[39m[22m[1m (from ./node_modules/handlebars-loader/i  ndex.js):
  [1m[31mError[39m[22m[1m: Parse [1m[31merror[39m[22m[1m on line 146:
  ...{{/layout-main}}{{/layout-main}}
  -------------------^
  Expecting 'EOF', got 'OPEN_ENDBLOCK'
      at Parser.parseError (D:\Proyectos\HR-Library\node_modules\handlebars\dist  \cjs\handlebars\compiler\parser.js:267:19)
      at Parser.parse (D:\Proyectos\HR-Library\node_modules\handlebars\dist\cjs\  handlebars\compiler\parser.js:336:30)
      at parseWithoutProcessing (D:\Proyectos\HR-Library\node_modules\handlebars  \dist\cjs\handlebars\compiler\base.js:46:33)
      at HandlebarsEnvironment.parse (D:\Proyectos\HR-Library\node_modules\handl  ebars\dist\cjs\handlebars\compiler\base.js:52:13)
      at compile (D:\Proyectos\HR-Library\node_modules\handlebars-loader\index.j  s:234:18)
      at module.exports (D:\Proyectos\HR-Library\node_modules\handlebars-loader\  index.js:461:5)
      at processResult (D:\Proyectos\HR-Library\node_modules\webpack\lib\NormalM  odule.js:764:19)
      at D:\Proyectos\HR-Library\node_modules\webpack\lib\NormalModule.js:866:5
      at D:\Proyectos\HR-Library\node_modules\loader-runner\lib\LoaderRunner.js:  499:11
      at runSyncOrAsyncCallback (D:\Proyectos\HR-Library\node_modules\loader-run  ner\lib\LoaderRunner.js:259:19)
      at innerCallback (D:\Proyectos\HR-Library\node_modules\loader-runner\lib\L  oaderRunner.js:175:13)
      at compile (D:\Proyectos\HR-Library\node_modules\handlebars-loader\index.j  s:238:14)
      at module.exports (D:\Proyectos\HR-Library\node_modules\handlebars-loader\  index.js:461:5)
      at LOADER_EXECUTION (D:\Proyectos\HR-Library\node_modules\loader-runner\li  b\LoaderRunner.js:195:14)
      at runSyncOrAsync (D:\Proyectos\HR-Library\node_modules\loader-runner\lib\  LoaderRunner.js:196:5)
      at iterateNormalLoaders (D:\Proyectos\HR-Library\node_modules\loader-runne  r\lib\LoaderRunner.js:258:2)
  Module build [1m[31mfailed[39m[22m[1m (from ./node_modules/handlebars-loader/index.js):
  [1m[31mError[39m[22m[1m: Parse [1m[31merror[39m[22m[1m on line 183:
  ...{{/layout-main}}{{/layout-main}}
  -------------------^
  Expecting 'EOF', got 'OPEN_ENDBLOCK'
      at Parser.parseError (D:\Proyectos\HR-Library\node_modules\handlebars\dist  \cjs\handlebars\compiler\parser.js:267:19)
      at Parser.parse (D:\Proyectos\HR-Library\node_modules\handlebars\dist\cjs\  handlebars\compiler\parser.js:336:30)
      at parseWithoutProcessing (D:\Proyectos\HR-Library\node_modules\handlebars  \dist\cjs\handlebars\compiler\base.js:46:33)
      at HandlebarsEnvironment.parse (D:\Proyectos\HR-Library\node_modules\handl  ebars\dist\cjs\handlebars\compiler\base.js:52:13)
      at compile (D:\Proyectos\HR-Library\node_modules\handlebars-loader\index.j  s:234:18)
      at module.exports (D:\Proyectos\HR-Library\node_modules\handlebars-loader\  index.js:461:5)
  ModuleBuildError: Module build [1m[31mfailed[39m[22m[1m (from ./node_modules/handlebars-loader/i  ndex.js):
  [1m[31mError[39m[22m[1m: Parse [1m[31merror[39m[22m[1m on line 183:
  ...{{/layout-main}}{{/layout-main}}
  -------------------^
  Expecting 'EOF', got 'OPEN_ENDBLOCK'
      at Parser.parseError (D:\Proyectos\HR-Library\node_modules\handlebars\dist  \cjs\handlebars\compiler\parser.js:267:19)
      at Parser.parse (D:\Proyectos\HR-Library\node_modules\handlebars\dist\cjs\  handlebars\compiler\parser.js:336:30)
      at parseWithoutProcessing (D:\Proyectos\HR-Library\node_modules\handlebars  \dist\cjs\handlebars\compiler\base.js:46:33)
      at HandlebarsEnvironment.parse (D:\Proyectos\HR-Library\node_modules\handl  ebars\dist\cjs\handlebars\compiler\base.js:52:13)
      at compile (D:\Proyectos\HR-Library\node_modules\handlebars-loader\index.j  s:234:18)
      at module.exports (D:\Proyectos\HR-Library\node_modules\handlebars-loader\  index.js:461:5)
      at processResult (D:\Proyectos\HR-Library\node_modules\webpack\lib\NormalM  odule.js:764:19)
      at D:\Proyectos\HR-Library\node_modules\webpack\lib\NormalModule.js:866:5
      at D:\Proyectos\HR-Library\node_modules\loader-runner\lib\LoaderRunner.js:  499:11
      at runSyncOrAsyncCallback (D:\Proyectos\HR-Library\node_modules\loader-run  ner\lib\LoaderRunner.js:259:19)
      at innerCallback (D:\Proyectos\HR-Library\node_modules\loader-runner\lib\L  oaderRunner.js:175:13)
      at compile (D:\Proyectos\HR-Library\node_modules\handlebars-loader\index.j  s:238:14)
      at module.exports (D:\Proyectos\HR-Library\node_modules\handlebars-loader\  index.js:461:5)
      at LOADER_EXECUTION (D:\Proyectos\HR-Library\node_modules\loader-runner\li  b\LoaderRunner.js:195:14)
      at runSyncOrAsync (D:\Proyectos\HR-Library\node_modules\loader-runner\lib\  LoaderRunner.js:196:5)
      at iterateNormalLoaders (D:\Proyectos\HR-Library\node_modules\loader-runne  r\lib\LoaderRunner.js:258:2)
  Module build [1m[31mfailed[39m[22m[1m (from ./node_modules/handlebars-loader/index.js):
  [1m[31mError[39m[22m[1m: Parse [1m[31merror[39m[22m[1m on line 216:
  ...{{/layout-main}}{{/layout-main}}
  -------------------^
  Expecting 'EOF', got 'OPEN_ENDBLOCK'
      at Parser.parseError (D:\Proyectos\HR-Library\node_modules\handlebars\dist  \cjs\handlebars\compiler\parser.js:267:19)
      at Parser.parse (D:\Proyectos\HR-Library\node_modules\handlebars\dist\cjs\  handlebars\compiler\parser.js:336:30)
      at parseWithoutProcessing (D:\Proyectos\HR-Library\node_modules\handlebars  \dist\cjs\handlebars\compiler\base.js:46:33)
      at HandlebarsEnvironment.parse (D:\Proyectos\HR-Library\node_modules\handl  ebars\dist\cjs\handlebars\compiler\base.js:52:13)
      at compile (D:\Proyectos\HR-Library\node_modules\handlebars-loader\index.j  s:234:18)
      at module.exports (D:\Proyectos\HR-Library\node_modules\handlebars-loader\  index.js:461:5)
  ModuleBuildError: Module build [1m[31mfailed[39m[22m[1m (from ./node_modules/handlebars-loader/i  ndex.js):
  [1m[31mError[39m[22m[1m: Parse [1m[31merror[39m[22m[1m on line 216:
  ...{{/layout-main}}{{/layout-main}}
  -------------------^
  Expecting 'EOF', got 'OPEN_ENDBLOCK'
      at Parser.parseError (D:\Proyectos\HR-Library\node_modules\handlebars\dist  \cjs\handlebars\compiler\parser.js:267:19)
      at Parser.parse (D:\Proyectos\HR-Library\node_modules\handlebars\dist\cjs\  handlebars\compiler\parser.js:336:30)
      at parseWithoutProcessing (D:\Proyectos\HR-Library\node_modules\handlebars  \dist\cjs\handlebars\compiler\base.js:46:33)
      at HandlebarsEnvironment.parse (D:\Proyectos\HR-Library\node_modules\handl  ebars\dist\cjs\handlebars\compiler\base.js:52:13)
      at compile (D:\Proyectos\HR-Library\node_modules\handlebars-loader\index.j  s:234:18)
      at module.exports (D:\Proyectos\HR-Library\node_modules\handlebars-loader\  index.js:461:5)
      at processResult (D:\Proyectos\HR-Library\node_modules\webpack\lib\NormalM  odule.js:764:19)
      at D:\Proyectos\HR-Library\node_modules\webpack\lib\NormalModule.js:866:5
      at D:\Proyectos\HR-Library\node_modules\loader-runner\lib\LoaderRunner.js:  499:11
      at runSyncOrAsyncCallback (D:\Proyectos\HR-Library\node_modules\loader-run  ner\lib\LoaderRunner.js:259:19)
      at innerCallback (D:\Proyectos\HR-Library\node_modules\loader-runner\lib\L  oaderRunner.js:175:13)
      at compile (D:\Proyectos\HR-Library\node_modules\handlebars-loader\index.j  s:238:14)
      at module.exports (D:\Proyectos\HR-Library\node_modules\handlebars-loader\  index.js:461:5)
      at LOADER_EXECUTION (D:\Proyectos\HR-Library\node_modules\loader-runner\li  b\LoaderRunner.js:195:14)
      at runSyncOrAsync (D:\Proyectos\HR-Library\node_modules\loader-runner\lib\  LoaderRunner.js:196:5)
      at iterateNormalLoaders (D:\Proyectos\HR-Library\node_modules\loader-runne  r\lib\LoaderRunner.js:258:2)
  
  - parser.js:267 Parser.parseError
    [HR-Library]/[handlebars]/dist/cjs/handlebars/compiler/parser.js:267:19
  
  - parser.js:336 Parser.parse
    [HR-Library]/[handlebars]/dist/cjs/handlebars/compiler/parser.js:336:30
  
  - base.js:46 parseWithoutProcessing
    [HR-Library]/[handlebars]/dist/cjs/handlebars/compiler/base.js:46:33
  
  - base.js:52 HandlebarsEnvironment.parse
    [HR-Library]/[handlebars]/dist/cjs/handlebars/compiler/base.js:52:13
  
  - index.js:234 compile
    [HR-Library]/[handlebars-loader]/index.js:234:18
  
  - index.js:461 module.exports
    [HR-Library]/[handlebars-loader]/index.js:461:5
  
  - ModuleBuildError: Module build [1m[31mfailed[39m[22m[1m (from ./node_modules/handlebars-loader    /index.js):
  
  - [1m[31mError[39m[22m[1m: Parse [1m[31merror[39m[22m[1m on line 68:
  
  - ...{{/layout-main}}{{/layout-main}}
  
  - -------------------^
  
  - Expecting 'EOF', got 'OPEN_ENDBLOCK'
  
  - parser.js:267 Parser.parseError
    [HR-Library]/[handlebars]/dist/cjs/handlebars/compiler/parser.js:267:19
  
  - parser.js:336 Parser.parse
    [HR-Library]/[handlebars]/dist/cjs/handlebars/compiler/parser.js:336:30
  
  - base.js:46 parseWithoutProcessing
    [HR-Library]/[handlebars]/dist/cjs/handlebars/compiler/base.js:46:33
  
  - base.js:52 HandlebarsEnvironment.parse
    [HR-Library]/[handlebars]/dist/cjs/handlebars/compiler/base.js:52:13
  
  - index.js:234 compile
    [HR-Library]/[handlebars-loader]/index.js:234:18
  
  - index.js:461 module.exports
    [HR-Library]/[handlebars-loader]/index.js:461:5
  
  - NormalModule.js:764 processResult
    [HR-Library]/[webpack]/lib/NormalModule.js:764:19
  
  - NormalModule.js:866 
    [HR-Library]/[webpack]/lib/NormalModule.js:866:5
  
  - LoaderRunner.js:499 
    [HR-Library]/[loader-runner]/lib/LoaderRunner.js:499:11
  
  - LoaderRunner.js:259 runSyncOrAsyncCallback
    [HR-Library]/[loader-runner]/lib/LoaderRunner.js:259:19
  
  - LoaderRunner.js:175 innerCallback
    [HR-Library]/[loader-runner]/lib/LoaderRunner.js:175:13
  
  - index.js:238 compile
    [HR-Library]/[handlebars-loader]/index.js:238:14
  
  - index.js:461 module.exports
    [HR-Library]/[handlebars-loader]/index.js:461:5
  
  - LoaderRunner.js:195 LOADER_EXECUTION
    [HR-Library]/[loader-runner]/lib/LoaderRunner.js:195:14
  
  - LoaderRunner.js:196 runSyncOrAsync
    [HR-Library]/[loader-runner]/lib/LoaderRunner.js:196:5
  
  - LoaderRunner.js:258 iterateNormalLoaders
    [HR-Library]/[loader-runner]/lib/LoaderRunner.js:258:2
  
  - Module build [1m[31mfailed[39m[22m[1m (from ./node_modules/handlebars-loader/index.js):
  
  - [1m[31mError[39m[22m[1m: Parse [1m[31merror[39m[22m[1m on line 201:
  
  - ...{{/layout-main}}{{/layout-main}}
  
  - -------------------^
  
  - Expecting 'EOF', got 'OPEN_ENDBLOCK'
  
  - parser.js:267 Parser.parseError
    [HR-Library]/[handlebars]/dist/cjs/handlebars/compiler/parser.js:267:19
  
  - parser.js:336 Parser.parse
    [HR-Library]/[handlebars]/dist/cjs/handlebars/compiler/parser.js:336:30
  
  - base.js:46 parseWithoutProcessing
    [HR-Library]/[handlebars]/dist/cjs/handlebars/compiler/base.js:46:33
  
  - base.js:52 HandlebarsEnvironment.parse
    [HR-Library]/[handlebars]/dist/cjs/handlebars/compiler/base.js:52:13
  
  - index.js:234 compile
    [HR-Library]/[handlebars-loader]/index.js:234:18
  
  - index.js:461 module.exports
    [HR-Library]/[handlebars-loader]/index.js:461:5
  
  - ModuleBuildError: Module build [1m[31mfailed[39m[22m[1m (from ./node_modules/handlebars-loader    /index.js):
  
  - [1m[31mError[39m[22m[1m: Parse [1m[31merror[39m[22m[1m on line 201:
  
  - ...{{/layout-main}}{{/layout-main}}
  
  - -------------------^
  
  - Expecting 'EOF', got 'OPEN_ENDBLOCK'
  
  - parser.js:267 Parser.parseError
    [HR-Library]/[handlebars]/dist/cjs/handlebars/compiler/parser.js:267:19
  
  - parser.js:336 Parser.parse
    [HR-Library]/[handlebars]/dist/cjs/handlebars/compiler/parser.js:336:30
  
  - base.js:46 parseWithoutProcessing
    [HR-Library]/[handlebars]/dist/cjs/handlebars/compiler/base.js:46:33
  
  - base.js:52 HandlebarsEnvironment.parse
    [HR-Library]/[handlebars]/dist/cjs/handlebars/compiler/base.js:52:13
  
  - index.js:234 compile
    [HR-Library]/[handlebars-loader]/index.js:234:18
  
  - index.js:461 module.exports
    [HR-Library]/[handlebars-loader]/index.js:461:5
  
  - NormalModule.js:764 processResult
    [HR-Library]/[webpack]/lib/NormalModule.js:764:19
  
  - NormalModule.js:866 
    [HR-Library]/[webpack]/lib/NormalModule.js:866:5
  
[39m[22m

[1m[31mERROR[39m[22m in [1m  [1m[31mError[39m[22m[1m: Child compilation [1m[31mfailed[39m[22m[1m:
  Module build [1m[31mfailed[39m[22m[1m (from ./node_modules/handlebars-loader/index.js):
  [1m[31mError[39m[22m[1m: Parse [1m[31merror[39m[22m[1m on line 68:
  ...{{/layout-main}}{{/layout-main}}
  -------------------^
  Expecting 'EOF', got 'OPEN_ENDBLOCK'
      at Parser.parseError (D:\Proyectos\HR-Library\node_modules\handlebars\dist  \cjs\handlebars\compiler\parser.js:267:19)
      at Parser.parse (D:\Proyectos\HR-Library\node_modules\handlebars\dist\cjs\  handlebars\compiler\parser.js:336:30)
      at parseWithoutProcessing (D:\Proyectos\HR-Library\node_modules\handlebars  \dist\cjs\handlebars\compiler\base.js:46:33)
      at HandlebarsEnvironment.parse (D:\Proyectos\HR-Library\node_modules\handl  ebars\dist\cjs\handlebars\compiler\base.js:52:13)
      at compile (D:\Proyectos\HR-Library\node_modules\handlebars-loader\index.j  s:234:18)
      at module.exports (D:\Proyectos\HR-Library\node_modules\handlebars-loader\  index.js:461:5)
  ModuleBuildError: Module build [1m[31mfailed[39m[22m[1m (from ./node_modules/handlebars-loader/i  ndex.js):
  [1m[31mError[39m[22m[1m: Parse [1m[31merror[39m[22m[1m on line 68:
  ...{{/layout-main}}{{/layout-main}}
  -------------------^
  Expecting 'EOF', got 'OPEN_ENDBLOCK'
      at Parser.parseError (D:\Proyectos\HR-Library\node_modules\handlebars\dist  \cjs\handlebars\compiler\parser.js:267:19)
      at Parser.parse (D:\Proyectos\HR-Library\node_modules\handlebars\dist\cjs\  handlebars\compiler\parser.js:336:30)
      at parseWithoutProcessing (D:\Proyectos\HR-Library\node_modules\handlebars  \dist\cjs\handlebars\compiler\base.js:46:33)
      at HandlebarsEnvironment.parse (D:\Proyectos\HR-Library\node_modules\handl  ebars\dist\cjs\handlebars\compiler\base.js:52:13)
      at compile (D:\Proyectos\HR-Library\node_modules\handlebars-loader\index.j  s:234:18)
      at module.exports (D:\Proyectos\HR-Library\node_modules\handlebars-loader\  index.js:461:5)
      at processResult (D:\Proyectos\HR-Library\node_modules\webpack\lib\NormalM  odule.js:764:19)
      at D:\Proyectos\HR-Library\node_modules\webpack\lib\NormalModule.js:866:5
      at D:\Proyectos\HR-Library\node_modules\loader-runner\lib\LoaderRunner.js:  499:11
      at runSyncOrAsyncCallback (D:\Proyectos\HR-Library\node_modules\loader-run  ner\lib\LoaderRunner.js:259:19)
      at innerCallback (D:\Proyectos\HR-Library\node_modules\loader-runner\lib\L  oaderRunner.js:175:13)
      at compile (D:\Proyectos\HR-Library\node_modules\handlebars-loader\index.j  s:238:14)
      at module.exports (D:\Proyectos\HR-Library\node_modules\handlebars-loader\  index.js:461:5)
      at LOADER_EXECUTION (D:\Proyectos\HR-Library\node_modules\loader-runner\li  b\LoaderRunner.js:195:14)
      at runSyncOrAsync (D:\Proyectos\HR-Library\node_modules\loader-runner\lib\  LoaderRunner.js:196:5)
      at iterateNormalLoaders (D:\Proyectos\HR-Library\node_modules\loader-runne  r\lib\LoaderRunner.js:258:2)
  Module build [1m[31mfailed[39m[22m[1m (from ./node_modules/handlebars-loader/index.js):
  [1m[31mError[39m[22m[1m: Parse [1m[31merror[39m[22m[1m on line 201:
  ...{{/layout-main}}{{/layout-main}}
  -------------------^
  Expecting 'EOF', got 'OPEN_ENDBLOCK'
      at Parser.parseError (D:\Proyectos\HR-Library\node_modules\handlebars\dist  \cjs\handlebars\compiler\parser.js:267:19)
      at Parser.parse (D:\Proyectos\HR-Library\node_modules\handlebars\dist\cjs\  handlebars\compiler\parser.js:336:30)
      at parseWithoutProcessing (D:\Proyectos\HR-Library\node_modules\handlebars  \dist\cjs\handlebars\compiler\base.js:46:33)
      at HandlebarsEnvironment.parse (D:\Proyectos\HR-Library\node_modules\handl  ebars\dist\cjs\handlebars\compiler\base.js:52:13)
      at compile (D:\Proyectos\HR-Library\node_modules\handlebars-loader\index.j  s:234:18)
      at module.exports (D:\Proyectos\HR-Library\node_modules\handlebars-loader\  index.js:461:5)
  ModuleBuildError: Module build [1m[31mfailed[39m[22m[1m (from ./node_modules/handlebars-loader/i  ndex.js):
  [1m[31mError[39m[22m[1m: Parse [1m[31merror[39m[22m[1m on line 201:
  ...{{/layout-main}}{{/layout-main}}
  -------------------^
  Expecting 'EOF', got 'OPEN_ENDBLOCK'
      at Parser.parseError (D:\Proyectos\HR-Library\node_modules\handlebars\dist  \cjs\handlebars\compiler\parser.js:267:19)
      at Parser.parse (D:\Proyectos\HR-Library\node_modules\handlebars\dist\cjs\  handlebars\compiler\parser.js:336:30)
      at parseWithoutProcessing (D:\Proyectos\HR-Library\node_modules\handlebars  \dist\cjs\handlebars\compiler\base.js:46:33)
      at HandlebarsEnvironment.parse (D:\Proyectos\HR-Library\node_modules\handl  ebars\dist\cjs\handlebars\compiler\base.js:52:13)
      at compile (D:\Proyectos\HR-Library\node_modules\handlebars-loader\index.j  s:234:18)
      at module.exports (D:\Proyectos\HR-Library\node_modules\handlebars-loader\  index.js:461:5)
      at processResult (D:\Proyectos\HR-Library\node_modules\webpack\lib\NormalM  odule.js:764:19)
      at D:\Proyectos\HR-Library\node_modules\webpack\lib\NormalModule.js:866:5
      at D:\Proyectos\HR-Library\node_modules\loader-runner\lib\LoaderRunner.js:  499:11
      at runSyncOrAsyncCallback (D:\Proyectos\HR-Library\node_modules\loader-run  ner\lib\LoaderRunner.js:259:19)
      at innerCallback (D:\Proyectos\HR-Library\node_modules\loader-runner\lib\L  oaderRunner.js:175:13)
      at compile (D:\Proyectos\HR-Library\node_modules\handlebars-loader\index.j  s:238:14)
      at module.exports (D:\Proyectos\HR-Library\node_modules\handlebars-loader\  index.js:461:5)
      at LOADER_EXECUTION (D:\Proyectos\HR-Library\node_modules\loader-runner\li  b\LoaderRunner.js:195:14)
      at runSyncOrAsync (D:\Proyectos\HR-Library\node_modules\loader-runner\lib\  LoaderRunner.js:196:5)
      at iterateNormalLoaders (D:\Proyectos\HR-Library\node_modules\loader-runne  r\lib\LoaderRunner.js:258:2)
  Module build [1m[31mfailed[39m[22m[1m (from ./node_modules/handlebars-loader/index.js):
  [1m[31mError[39m[22m[1m: Parse [1m[31merror[39m[22m[1m on line 97:
  ...{{/layout-main}}{{/layout-main}}
  -------------------^
  Expecting 'EOF', got 'OPEN_ENDBLOCK'
      at Parser.parseError (D:\Proyectos\HR-Library\node_modules\handlebars\dist  \cjs\handlebars\compiler\parser.js:267:19)
      at Parser.parse (D:\Proyectos\HR-Library\node_modules\handlebars\dist\cjs\  handlebars\compiler\parser.js:336:30)
      at parseWithoutProcessing (D:\Proyectos\HR-Library\node_modules\handlebars  \dist\cjs\handlebars\compiler\base.js:46:33)
      at HandlebarsEnvironment.parse (D:\Proyectos\HR-Library\node_modules\handl  ebars\dist\cjs\handlebars\compiler\base.js:52:13)
      at compile (D:\Proyectos\HR-Library\node_modules\handlebars-loader\index.j  s:234:18)
      at module.exports (D:\Proyectos\HR-Library\node_modules\handlebars-loader\  index.js:461:5)
  ModuleBuildError: Module build [1m[31mfailed[39m[22m[1m (from ./node_modules/handlebars-loader/i  ndex.js):
  [1m[31mError[39m[22m[1m: Parse [1m[31merror[39m[22m[1m on line 97:
  ...{{/layout-main}}{{/layout-main}}
  -------------------^
  Expecting 'EOF', got 'OPEN_ENDBLOCK'
      at Parser.parseError (D:\Proyectos\HR-Library\node_modules\handlebars\dist  \cjs\handlebars\compiler\parser.js:267:19)
      at Parser.parse (D:\Proyectos\HR-Library\node_modules\handlebars\dist\cjs\  handlebars\compiler\parser.js:336:30)
      at parseWithoutProcessing (D:\Proyectos\HR-Library\node_modules\handlebars  \dist\cjs\handlebars\compiler\base.js:46:33)
      at HandlebarsEnvironment.parse (D:\Proyectos\HR-Library\node_modules\handl  ebars\dist\cjs\handlebars\compiler\base.js:52:13)
      at compile (D:\Proyectos\HR-Library\node_modules\handlebars-loader\index.j  s:234:18)
      at module.exports (D:\Proyectos\HR-Library\node_modules\handlebars-loader\  index.js:461:5)
      at processResult (D:\Proyectos\HR-Library\node_modules\webpack\lib\NormalM  odule.js:764:19)
      at D:\Proyectos\HR-Library\node_modules\webpack\lib\NormalModule.js:866:5
      at D:\Proyectos\HR-Library\node_modules\loader-runner\lib\LoaderRunner.js:  499:11
      at runSyncOrAsyncCallback (D:\Proyectos\HR-Library\node_modules\loader-run  ner\lib\LoaderRunner.js:259:19)
      at innerCallback (D:\Proyectos\HR-Library\node_modules\loader-runner\lib\L  oaderRunner.js:175:13)
      at compile (D:\Proyectos\HR-Library\node_modules\handlebars-loader\index.j  s:238:14)
      at module.exports (D:\Proyectos\HR-Library\node_modules\handlebars-loader\  index.js:461:5)
      at LOADER_EXECUTION (D:\Proyectos\HR-Library\node_modules\loader-runner\li  b\LoaderRunner.js:195:14)
      at runSyncOrAsync (D:\Proyectos\HR-Library\node_modules\loader-runner\lib\  LoaderRunner.js:196:5)
      at iterateNormalLoaders (D:\Proyectos\HR-Library\node_modules\loader-runne  r\lib\LoaderRunner.js:258:2)
  Module build [1m[31mfailed[39m[22m[1m (from ./node_modules/handlebars-loader/index.js):
  [1m[31mError[39m[22m[1m: Parse [1m[31merror[39m[22m[1m on line 146:
  ...{{/layout-main}}{{/layout-main}}
  -------------------^
  Expecting 'EOF', got 'OPEN_ENDBLOCK'
      at Parser.parseError (D:\Proyectos\HR-Library\node_modules\handlebars\dist  \cjs\handlebars\compiler\parser.js:267:19)
      at Parser.parse (D:\Proyectos\HR-Library\node_modules\handlebars\dist\cjs\  handlebars\compiler\parser.js:336:30)
      at parseWithoutProcessing (D:\Proyectos\HR-Library\node_modules\handlebars  \dist\cjs\handlebars\compiler\base.js:46:33)
      at HandlebarsEnvironment.parse (D:\Proyectos\HR-Library\node_modules\handl  ebars\dist\cjs\handlebars\compiler\base.js:52:13)
      at compile (D:\Proyectos\HR-Library\node_modules\handlebars-loader\index.j  s:234:18)
      at module.exports (D:\Proyectos\HR-Library\node_modules\handlebars-loader\  index.js:461:5)
  ModuleBuildError: Module build [1m[31mfailed[39m[22m[1m (from ./node_modules/handlebars-loader/i  ndex.js):
  [1m[31mError[39m[22m[1m: Parse [1m[31merror[39m[22m[1m on line 146:
  ...{{/layout-main}}{{/layout-main}}
  -------------------^
  Expecting 'EOF', got 'OPEN_ENDBLOCK'
      at Parser.parseError (D:\Proyectos\HR-Library\node_modules\handlebars\dist  \cjs\handlebars\compiler\parser.js:267:19)
      at Parser.parse (D:\Proyectos\HR-Library\node_modules\handlebars\dist\cjs\  handlebars\compiler\parser.js:336:30)
      at parseWithoutProcessing (D:\Proyectos\HR-Library\node_modules\handlebars  \dist\cjs\handlebars\compiler\base.js:46:33)
      at HandlebarsEnvironment.parse (D:\Proyectos\HR-Library\node_modules\handl  ebars\dist\cjs\handlebars\compiler\base.js:52:13)
      at compile (D:\Proyectos\HR-Library\node_modules\handlebars-loader\index.j  s:234:18)
      at module.exports (D:\Proyectos\HR-Library\node_modules\handlebars-loader\  index.js:461:5)
      at processResult (D:\Proyectos\HR-Library\node_modules\webpack\lib\NormalM  odule.js:764:19)
      at D:\Proyectos\HR-Library\node_modules\webpack\lib\NormalModule.js:866:5
      at D:\Proyectos\HR-Library\node_modules\loader-runner\lib\LoaderRunner.js:  499:11
      at runSyncOrAsyncCallback (D:\Proyectos\HR-Library\node_modules\loader-run  ner\lib\LoaderRunner.js:259:19)
      at innerCallback (D:\Proyectos\HR-Library\node_modules\loader-runner\lib\L  oaderRunner.js:175:13)
      at compile (D:\Proyectos\HR-Library\node_modules\handlebars-loader\index.j  s:238:14)
      at module.exports (D:\Proyectos\HR-Library\node_modules\handlebars-loader\  index.js:461:5)
      at LOADER_EXECUTION (D:\Proyectos\HR-Library\node_modules\loader-runner\li  b\LoaderRunner.js:195:14)
      at runSyncOrAsync (D:\Proyectos\HR-Library\node_modules\loader-runner\lib\  LoaderRunner.js:196:5)
      at iterateNormalLoaders (D:\Proyectos\HR-Library\node_modules\loader-runne  r\lib\LoaderRunner.js:258:2)
  Module build [1m[31mfailed[39m[22m[1m (from ./node_modules/handlebars-loader/index.js):
  [1m[31mError[39m[22m[1m: Parse [1m[31merror[39m[22m[1m on line 183:
  ...{{/layout-main}}{{/layout-main}}
  -------------------^
  Expecting 'EOF', got 'OPEN_ENDBLOCK'
      at Parser.parseError (D:\Proyectos\HR-Library\node_modules\handlebars\dist  \cjs\handlebars\compiler\parser.js:267:19)
      at Parser.parse (D:\Proyectos\HR-Library\node_modules\handlebars\dist\cjs\  handlebars\compiler\parser.js:336:30)
      at parseWithoutProcessing (D:\Proyectos\HR-Library\node_modules\handlebars  \dist\cjs\handlebars\compiler\base.js:46:33)
      at HandlebarsEnvironment.parse (D:\Proyectos\HR-Library\node_modules\handl  ebars\dist\cjs\handlebars\compiler\base.js:52:13)
      at compile (D:\Proyectos\HR-Library\node_modules\handlebars-loader\index.j  s:234:18)
      at module.exports (D:\Proyectos\HR-Library\node_modules\handlebars-loader\  index.js:461:5)
  ModuleBuildError: Module build [1m[31mfailed[39m[22m[1m (from ./node_modules/handlebars-loader/i  ndex.js):
  [1m[31mError[39m[22m[1m: Parse [1m[31merror[39m[22m[1m on line 183:
  ...{{/layout-main}}{{/layout-main}}
  -------------------^
  Expecting 'EOF', got 'OPEN_ENDBLOCK'
      at Parser.parseError (D:\Proyectos\HR-Library\node_modules\handlebars\dist  \cjs\handlebars\compiler\parser.js:267:19)
      at Parser.parse (D:\Proyectos\HR-Library\node_modules\handlebars\dist\cjs\  handlebars\compiler\parser.js:336:30)
      at parseWithoutProcessing (D:\Proyectos\HR-Library\node_modules\handlebars  \dist\cjs\handlebars\compiler\base.js:46:33)
      at HandlebarsEnvironment.parse (D:\Proyectos\HR-Library\node_modules\handl  ebars\dist\cjs\handlebars\compiler\base.js:52:13)
      at compile (D:\Proyectos\HR-Library\node_modules\handlebars-loader\index.j  s:234:18)
      at module.exports (D:\Proyectos\HR-Library\node_modules\handlebars-loader\  index.js:461:5)
      at processResult (D:\Proyectos\HR-Library\node_modules\webpack\lib\NormalM  odule.js:764:19)
      at D:\Proyectos\HR-Library\node_modules\webpack\lib\NormalModule.js:866:5
      at D:\Proyectos\HR-Library\node_modules\loader-runner\lib\LoaderRunner.js:  499:11
      at runSyncOrAsyncCallback (D:\Proyectos\HR-Library\node_modules\loader-run  ner\lib\LoaderRunner.js:259:19)
      at innerCallback (D:\Proyectos\HR-Library\node_modules\loader-runner\lib\L  oaderRunner.js:175:13)
      at compile (D:\Proyectos\HR-Library\node_modules\handlebars-loader\index.j  s:238:14)
      at module.exports (D:\Proyectos\HR-Library\node_modules\handlebars-loader\  index.js:461:5)
      at LOADER_EXECUTION (D:\Proyectos\HR-Library\node_modules\loader-runner\li  b\LoaderRunner.js:195:14)
      at runSyncOrAsync (D:\Proyectos\HR-Library\node_modules\loader-runner\lib\  LoaderRunner.js:196:5)
      at iterateNormalLoaders (D:\Proyectos\HR-Library\node_modules\loader-runne  r\lib\LoaderRunner.js:258:2)
  Module build [1m[31mfailed[39m[22m[1m (from ./node_modules/handlebars-loader/index.js):
  [1m[31mError[39m[22m[1m: Parse [1m[31merror[39m[22m[1m on line 216:
  ...{{/layout-main}}{{/layout-main}}
  -------------------^
  Expecting 'EOF', got 'OPEN_ENDBLOCK'
      at Parser.parseError (D:\Proyectos\HR-Library\node_modules\handlebars\dist  \cjs\handlebars\compiler\parser.js:267:19)
      at Parser.parse (D:\Proyectos\HR-Library\node_modules\handlebars\dist\cjs\  handlebars\compiler\parser.js:336:30)
      at parseWithoutProcessing (D:\Proyectos\HR-Library\node_modules\handlebars  \dist\cjs\handlebars\compiler\base.js:46:33)
      at HandlebarsEnvironment.parse (D:\Proyectos\HR-Library\node_modules\handl  ebars\dist\cjs\handlebars\compiler\base.js:52:13)
      at compile (D:\Proyectos\HR-Library\node_modules\handlebars-loader\index.j  s:234:18)
      at module.exports (D:\Proyectos\HR-Library\node_modules\handlebars-loader\  index.js:461:5)
  ModuleBuildError: Module build [1m[31mfailed[39m[22m[1m (from ./node_modules/handlebars-loader/i  ndex.js):
  [1m[31mError[39m[22m[1m: Parse [1m[31merror[39m[22m[1m on line 216:
  ...{{/layout-main}}{{/layout-main}}
  -------------------^
  Expecting 'EOF', got 'OPEN_ENDBLOCK'
      at Parser.parseError (D:\Proyectos\HR-Library\node_modules\handlebars\dist  \cjs\handlebars\compiler\parser.js:267:19)
      at Parser.parse (D:\Proyectos\HR-Library\node_modules\handlebars\dist\cjs\  handlebars\compiler\parser.js:336:30)
      at parseWithoutProcessing (D:\Proyectos\HR-Library\node_modules\handlebars  \dist\cjs\handlebars\compiler\base.js:46:33)
      at HandlebarsEnvironment.parse (D:\Proyectos\HR-Library\node_modules\handl  ebars\dist\cjs\handlebars\compiler\base.js:52:13)
      at compile (D:\Proyectos\HR-Library\node_modules\handlebars-loader\index.j  s:234:18)
      at module.exports (D:\Proyectos\HR-Library\node_modules\handlebars-loader\  index.js:461:5)
      at processResult (D:\Proyectos\HR-Library\node_modules\webpack\lib\NormalM  odule.js:764:19)
      at D:\Proyectos\HR-Library\node_modules\webpack\lib\NormalModule.js:866:5
      at D:\Proyectos\HR-Library\node_modules\loader-runner\lib\LoaderRunner.js:  499:11
      at runSyncOrAsyncCallback (D:\Proyectos\HR-Library\node_modules\loader-run  ner\lib\LoaderRunner.js:259:19)
      at innerCallback (D:\Proyectos\HR-Library\node_modules\loader-runner\lib\L  oaderRunner.js:175:13)
      at compile (D:\Proyectos\HR-Library\node_modules\handlebars-loader\index.j  s:238:14)
      at module.exports (D:\Proyectos\HR-Library\node_modules\handlebars-loader\  index.js:461:5)
      at LOADER_EXECUTION (D:\Proyectos\HR-Library\node_modules\loader-runner\li  b\LoaderRunner.js:195:14)
      at runSyncOrAsync (D:\Proyectos\HR-Library\node_modules\loader-runner\lib\  LoaderRunner.js:196:5)
      at iterateNormalLoaders (D:\Proyectos\HR-Library\node_modules\loader-runne  r\lib\LoaderRunner.js:258:2)
  
  - parser.js:267 Parser.parseError
    [HR-Library]/[handlebars]/dist/cjs/handlebars/compiler/parser.js:267:19
  
  - parser.js:336 Parser.parse
    [HR-Library]/[handlebars]/dist/cjs/handlebars/compiler/parser.js:336:30
  
  - base.js:46 parseWithoutProcessing
    [HR-Library]/[handlebars]/dist/cjs/handlebars/compiler/base.js:46:33
  
  - base.js:52 HandlebarsEnvironment.parse
    [HR-Library]/[handlebars]/dist/cjs/handlebars/compiler/base.js:52:13
  
  - index.js:234 compile
    [HR-Library]/[handlebars-loader]/index.js:234:18
  
  - index.js:461 module.exports
    [HR-Library]/[handlebars-loader]/index.js:461:5
  
  - ModuleBuildError: Module build [1m[31mfailed[39m[22m[1m (from ./node_modules/handlebars-loader    /index.js):
  
  - [1m[31mError[39m[22m[1m: Parse [1m[31merror[39m[22m[1m on line 68:
  
  - ...{{/layout-main}}{{/layout-main}}
  
  - -------------------^
  
  - Expecting 'EOF', got 'OPEN_ENDBLOCK'
  
  - parser.js:267 Parser.parseError
    [HR-Library]/[handlebars]/dist/cjs/handlebars/compiler/parser.js:267:19
  
  - parser.js:336 Parser.parse
    [HR-Library]/[handlebars]/dist/cjs/handlebars/compiler/parser.js:336:30
  
  - base.js:46 parseWithoutProcessing
    [HR-Library]/[handlebars]/dist/cjs/handlebars/compiler/base.js:46:33
  
  - base.js:52 HandlebarsEnvironment.parse
    [HR-Library]/[handlebars]/dist/cjs/handlebars/compiler/base.js:52:13
  
  - index.js:234 compile
    [HR-Library]/[handlebars-loader]/index.js:234:18
  
  - index.js:461 module.exports
    [HR-Library]/[handlebars-loader]/index.js:461:5
  
  - NormalModule.js:764 processResult
    [HR-Library]/[webpack]/lib/NormalModule.js:764:19
  
  - NormalModule.js:866 
    [HR-Library]/[webpack]/lib/NormalModule.js:866:5
  
  - LoaderRunner.js:499 
    [HR-Library]/[loader-runner]/lib/LoaderRunner.js:499:11
  
  - LoaderRunner.js:259 runSyncOrAsyncCallback
    [HR-Library]/[loader-runner]/lib/LoaderRunner.js:259:19
  
  - LoaderRunner.js:175 innerCallback
    [HR-Library]/[loader-runner]/lib/LoaderRunner.js:175:13
  
  - index.js:238 compile
    [HR-Library]/[handlebars-loader]/index.js:238:14
  
  - index.js:461 module.exports
    [HR-Library]/[handlebars-loader]/index.js:461:5
  
  - LoaderRunner.js:195 LOADER_EXECUTION
    [HR-Library]/[loader-runner]/lib/LoaderRunner.js:195:14
  
  - LoaderRunner.js:196 runSyncOrAsync
    [HR-Library]/[loader-runner]/lib/LoaderRunner.js:196:5
  
  - LoaderRunner.js:258 iterateNormalLoaders
    [HR-Library]/[loader-runner]/lib/LoaderRunner.js:258:2
  
  - Module build [1m[31mfailed[39m[22m[1m (from ./node_modules/handlebars-loader/index.js):
  
  - [1m[31mError[39m[22m[1m: Parse [1m[31merror[39m[22m[1m on line 201:
  
  - ...{{/layout-main}}{{/layout-main}}
  
  - -------------------^
  
  - Expecting 'EOF', got 'OPEN_ENDBLOCK'
  
  - parser.js:267 Parser.parseError
    [HR-Library]/[handlebars]/dist/cjs/handlebars/compiler/parser.js:267:19
  
  - parser.js:336 Parser.parse
    [HR-Library]/[handlebars]/dist/cjs/handlebars/compiler/parser.js:336:30
  
  - base.js:46 parseWithoutProcessing
    [HR-Library]/[handlebars]/dist/cjs/handlebars/compiler/base.js:46:33
  
  - base.js:52 HandlebarsEnvironment.parse
    [HR-Library]/[handlebars]/dist/cjs/handlebars/compiler/base.js:52:13
  
  - index.js:234 compile
    [HR-Library]/[handlebars-loader]/index.js:234:18
  
  - index.js:461 module.exports
    [HR-Library]/[handlebars-loader]/index.js:461:5
  
  - ModuleBuildError: Module build [1m[31mfailed[39m[22m[1m (from ./node_modules/handlebars-loader    /index.js):
  
  - [1m[31mError[39m[22m[1m: Parse [1m[31merror[39m[22m[1m on line 201:
  
  - ...{{/layout-main}}{{/layout-main}}
  
  - -------------------^
  
  - Expecting 'EOF', got 'OPEN_ENDBLOCK'
  
  - parser.js:267 Parser.parseError
    [HR-Library]/[handlebars]/dist/cjs/handlebars/compiler/parser.js:267:19
  
  - parser.js:336 Parser.parse
    [HR-Library]/[handlebars]/dist/cjs/handlebars/compiler/parser.js:336:30
  
  - base.js:46 parseWithoutProcessing
    [HR-Library]/[handlebars]/dist/cjs/handlebars/compiler/base.js:46:33
  
  - base.js:52 HandlebarsEnvironment.parse
    [HR-Library]/[handlebars]/dist/cjs/handlebars/compiler/base.js:52:13
  
  - index.js:234 compile
    [HR-Library]/[handlebars-loader]/index.js:234:18
  
  - index.js:461 module.exports
    [HR-Library]/[handlebars-loader]/index.js:461:5
  
  - NormalModule.js:764 processResult
    [HR-Library]/[webpack]/lib/NormalModule.js:764:19
  
  - NormalModule.js:866 
    [HR-Library]/[webpack]/lib/NormalModule.js:866:5
  
[39m[22m

[1m[31mERROR[39m[22m in [1m  [1m[31mError[39m[22m[1m: Child compilation [1m[31mfailed[39m[22m[1m:
  Module build [1m[31mfailed[39m[22m[1m (from ./node_modules/handlebars-loader/index.js):
  [1m[31mError[39m[22m[1m: Parse [1m[31merror[39m[22m[1m on line 68:
  ...{{/layout-main}}{{/layout-main}}
  -------------------^
  Expecting 'EOF', got 'OPEN_ENDBLOCK'
      at Parser.parseError (D:\Proyectos\HR-Library\node_modules\handlebars\dist  \cjs\handlebars\compiler\parser.js:267:19)
      at Parser.parse (D:\Proyectos\HR-Library\node_modules\handlebars\dist\cjs\  handlebars\compiler\parser.js:336:30)
      at parseWithoutProcessing (D:\Proyectos\HR-Library\node_modules\handlebars  \dist\cjs\handlebars\compiler\base.js:46:33)
      at HandlebarsEnvironment.parse (D:\Proyectos\HR-Library\node_modules\handl  ebars\dist\cjs\handlebars\compiler\base.js:52:13)
      at compile (D:\Proyectos\HR-Library\node_modules\handlebars-loader\index.j  s:234:18)
      at module.exports (D:\Proyectos\HR-Library\node_modules\handlebars-loader\  index.js:461:5)
  ModuleBuildError: Module build [1m[31mfailed[39m[22m[1m (from ./node_modules/handlebars-loader/i  ndex.js):
  [1m[31mError[39m[22m[1m: Parse [1m[31merror[39m[22m[1m on line 68:
  ...{{/layout-main}}{{/layout-main}}
  -------------------^
  Expecting 'EOF', got 'OPEN_ENDBLOCK'
      at Parser.parseError (D:\Proyectos\HR-Library\node_modules\handlebars\dist  \cjs\handlebars\compiler\parser.js:267:19)
      at Parser.parse (D:\Proyectos\HR-Library\node_modules\handlebars\dist\cjs\  handlebars\compiler\parser.js:336:30)
      at parseWithoutProcessing (D:\Proyectos\HR-Library\node_modules\handlebars  \dist\cjs\handlebars\compiler\base.js:46:33)
      at HandlebarsEnvironment.parse (D:\Proyectos\HR-Library\node_modules\handl  ebars\dist\cjs\handlebars\compiler\base.js:52:13)
      at compile (D:\Proyectos\HR-Library\node_modules\handlebars-loader\index.j  s:234:18)
      at module.exports (D:\Proyectos\HR-Library\node_modules\handlebars-loader\  index.js:461:5)
      at processResult (D:\Proyectos\HR-Library\node_modules\webpack\lib\NormalM  odule.js:764:19)
      at D:\Proyectos\HR-Library\node_modules\webpack\lib\NormalModule.js:866:5
      at D:\Proyectos\HR-Library\node_modules\loader-runner\lib\LoaderRunner.js:  499:11
      at runSyncOrAsyncCallback (D:\Proyectos\HR-Library\node_modules\loader-run  ner\lib\LoaderRunner.js:259:19)
      at innerCallback (D:\Proyectos\HR-Library\node_modules\loader-runner\lib\L  oaderRunner.js:175:13)
      at compile (D:\Proyectos\HR-Library\node_modules\handlebars-loader\index.j  s:238:14)
      at module.exports (D:\Proyectos\HR-Library\node_modules\handlebars-loader\  index.js:461:5)
      at LOADER_EXECUTION (D:\Proyectos\HR-Library\node_modules\loader-runner\li  b\LoaderRunner.js:195:14)
      at runSyncOrAsync (D:\Proyectos\HR-Library\node_modules\loader-runner\lib\  LoaderRunner.js:196:5)
      at iterateNormalLoaders (D:\Proyectos\HR-Library\node_modules\loader-runne  r\lib\LoaderRunner.js:258:2)
  Module build [1m[31mfailed[39m[22m[1m (from ./node_modules/handlebars-loader/index.js):
  [1m[31mError[39m[22m[1m: Parse [1m[31merror[39m[22m[1m on line 201:
  ...{{/layout-main}}{{/layout-main}}
  -------------------^
  Expecting 'EOF', got 'OPEN_ENDBLOCK'
      at Parser.parseError (D:\Proyectos\HR-Library\node_modules\handlebars\dist  \cjs\handlebars\compiler\parser.js:267:19)
      at Parser.parse (D:\Proyectos\HR-Library\node_modules\handlebars\dist\cjs\  handlebars\compiler\parser.js:336:30)
      at parseWithoutProcessing (D:\Proyectos\HR-Library\node_modules\handlebars  \dist\cjs\handlebars\compiler\base.js:46:33)
      at HandlebarsEnvironment.parse (D:\Proyectos\HR-Library\node_modules\handl  ebars\dist\cjs\handlebars\compiler\base.js:52:13)
      at compile (D:\Proyectos\HR-Library\node_modules\handlebars-loader\index.j  s:234:18)
      at module.exports (D:\Proyectos\HR-Library\node_modules\handlebars-loader\  index.js:461:5)
  ModuleBuildError: Module build [1m[31mfailed[39m[22m[1m (from ./node_modules/handlebars-loader/i  ndex.js):
  [1m[31mError[39m[22m[1m: Parse [1m[31merror[39m[22m[1m on line 201:
  ...{{/layout-main}}{{/layout-main}}
  -------------------^
  Expecting 'EOF', got 'OPEN_ENDBLOCK'
      at Parser.parseError (D:\Proyectos\HR-Library\node_modules\handlebars\dist  \cjs\handlebars\compiler\parser.js:267:19)
      at Parser.parse (D:\Proyectos\HR-Library\node_modules\handlebars\dist\cjs\  handlebars\compiler\parser.js:336:30)
      at parseWithoutProcessing (D:\Proyectos\HR-Library\node_modules\handlebars  \dist\cjs\handlebars\compiler\base.js:46:33)
      at HandlebarsEnvironment.parse (D:\Proyectos\HR-Library\node_modules\handl  ebars\dist\cjs\handlebars\compiler\base.js:52:13)
      at compile (D:\Proyectos\HR-Library\node_modules\handlebars-loader\index.j  s:234:18)
      at module.exports (D:\Proyectos\HR-Library\node_modules\handlebars-loader\  index.js:461:5)
      at processResult (D:\Proyectos\HR-Library\node_modules\webpack\lib\NormalM  odule.js:764:19)
      at D:\Proyectos\HR-Library\node_modules\webpack\lib\NormalModule.js:866:5
      at D:\Proyectos\HR-Library\node_modules\loader-runner\lib\LoaderRunner.js:  499:11
      at runSyncOrAsyncCallback (D:\Proyectos\HR-Library\node_modules\loader-run  ner\lib\LoaderRunner.js:259:19)
      at innerCallback (D:\Proyectos\HR-Library\node_modules\loader-runner\lib\L  oaderRunner.js:175:13)
      at compile (D:\Proyectos\HR-Library\node_modules\handlebars-loader\index.j  s:238:14)
      at module.exports (D:\Proyectos\HR-Library\node_modules\handlebars-loader\  index.js:461:5)
      at LOADER_EXECUTION (D:\Proyectos\HR-Library\node_modules\loader-runner\li  b\LoaderRunner.js:195:14)
      at runSyncOrAsync (D:\Proyectos\HR-Library\node_modules\loader-runner\lib\  LoaderRunner.js:196:5)
      at iterateNormalLoaders (D:\Proyectos\HR-Library\node_modules\loader-runne  r\lib\LoaderRunner.js:258:2)
  Module build [1m[31mfailed[39m[22m[1m (from ./node_modules/handlebars-loader/index.js):
  [1m[31mError[39m[22m[1m: Parse [1m[31merror[39m[22m[1m on line 97:
  ...{{/layout-main}}{{/layout-main}}
  -------------------^
  Expecting 'EOF', got 'OPEN_ENDBLOCK'
      at Parser.parseError (D:\Proyectos\HR-Library\node_modules\handlebars\dist  \cjs\handlebars\compiler\parser.js:267:19)
      at Parser.parse (D:\Proyectos\HR-Library\node_modules\handlebars\dist\cjs\  handlebars\compiler\parser.js:336:30)
      at parseWithoutProcessing (D:\Proyectos\HR-Library\node_modules\handlebars  \dist\cjs\handlebars\compiler\base.js:46:33)
      at HandlebarsEnvironment.parse (D:\Proyectos\HR-Library\node_modules\handl  ebars\dist\cjs\handlebars\compiler\base.js:52:13)
      at compile (D:\Proyectos\HR-Library\node_modules\handlebars-loader\index.j  s:234:18)
      at module.exports (D:\Proyectos\HR-Library\node_modules\handlebars-loader\  index.js:461:5)
  ModuleBuildError: Module build [1m[31mfailed[39m[22m[1m (from ./node_modules/handlebars-loader/i  ndex.js):
  [1m[31mError[39m[22m[1m: Parse [1m[31merror[39m[22m[1m on line 97:
  ...{{/layout-main}}{{/layout-main}}
  -------------------^
  Expecting 'EOF', got 'OPEN_ENDBLOCK'
      at Parser.parseError (D:\Proyectos\HR-Library\node_modules\handlebars\dist  \cjs\handlebars\compiler\parser.js:267:19)
      at Parser.parse (D:\Proyectos\HR-Library\node_modules\handlebars\dist\cjs\  handlebars\compiler\parser.js:336:30)
      at parseWithoutProcessing (D:\Proyectos\HR-Library\node_modules\handlebars  \dist\cjs\handlebars\compiler\base.js:46:33)
      at HandlebarsEnvironment.parse (D:\Proyectos\HR-Library\node_modules\handl  ebars\dist\cjs\handlebars\compiler\base.js:52:13)
      at compile (D:\Proyectos\HR-Library\node_modules\handlebars-loader\index.j  s:234:18)
      at module.exports (D:\Proyectos\HR-Library\node_modules\handlebars-loader\  index.js:461:5)
      at processResult (D:\Proyectos\HR-Library\node_modules\webpack\lib\NormalM  odule.js:764:19)
      at D:\Proyectos\HR-Library\node_modules\webpack\lib\NormalModule.js:866:5
      at D:\Proyectos\HR-Library\node_modules\loader-runner\lib\LoaderRunner.js:  499:11
      at runSyncOrAsyncCallback (D:\Proyectos\HR-Library\node_modules\loader-run  ner\lib\LoaderRunner.js:259:19)
      at innerCallback (D:\Proyectos\HR-Library\node_modules\loader-runner\lib\L  oaderRunner.js:175:13)
      at compile (D:\Proyectos\HR-Library\node_modules\handlebars-loader\index.j  s:238:14)
      at module.exports (D:\Proyectos\HR-Library\node_modules\handlebars-loader\  index.js:461:5)
      at LOADER_EXECUTION (D:\Proyectos\HR-Library\node_modules\loader-runner\li  b\LoaderRunner.js:195:14)
      at runSyncOrAsync (D:\Proyectos\HR-Library\node_modules\loader-runner\lib\  LoaderRunner.js:196:5)
      at iterateNormalLoaders (D:\Proyectos\HR-Library\node_modules\loader-runne  r\lib\LoaderRunner.js:258:2)
  Module build [1m[31mfailed[39m[22m[1m (from ./node_modules/handlebars-loader/index.js):
  [1m[31mError[39m[22m[1m: Parse [1m[31merror[39m[22m[1m on line 146:
  ...{{/layout-main}}{{/layout-main}}
  -------------------^
  Expecting 'EOF', got 'OPEN_ENDBLOCK'
      at Parser.parseError (D:\Proyectos\HR-Library\node_modules\handlebars\dist  \cjs\handlebars\compiler\parser.js:267:19)
      at Parser.parse (D:\Proyectos\HR-Library\node_modules\handlebars\dist\cjs\  handlebars\compiler\parser.js:336:30)
      at parseWithoutProcessing (D:\Proyectos\HR-Library\node_modules\handlebars  \dist\cjs\handlebars\compiler\base.js:46:33)
      at HandlebarsEnvironment.parse (D:\Proyectos\HR-Library\node_modules\handl  ebars\dist\cjs\handlebars\compiler\base.js:52:13)
      at compile (D:\Proyectos\HR-Library\node_modules\handlebars-loader\index.j  s:234:18)
      at module.exports (D:\Proyectos\HR-Library\node_modules\handlebars-loader\  index.js:461:5)
  ModuleBuildError: Module build [1m[31mfailed[39m[22m[1m (from ./node_modules/handlebars-loader/i  ndex.js):
  [1m[31mError[39m[22m[1m: Parse [1m[31merror[39m[22m[1m on line 146:
  ...{{/layout-main}}{{/layout-main}}
  -------------------^
  Expecting 'EOF', got 'OPEN_ENDBLOCK'
      at Parser.parseError (D:\Proyectos\HR-Library\node_modules\handlebars\dist  \cjs\handlebars\compiler\parser.js:267:19)
      at Parser.parse (D:\Proyectos\HR-Library\node_modules\handlebars\dist\cjs\  handlebars\compiler\parser.js:336:30)
      at parseWithoutProcessing (D:\Proyectos\HR-Library\node_modules\handlebars  \dist\cjs\handlebars\compiler\base.js:46:33)
      at HandlebarsEnvironment.parse (D:\Proyectos\HR-Library\node_modules\handl  ebars\dist\cjs\handlebars\compiler\base.js:52:13)
      at compile (D:\Proyectos\HR-Library\node_modules\handlebars-loader\index.j  s:234:18)
      at module.exports (D:\Proyectos\HR-Library\node_modules\handlebars-loader\  index.js:461:5)
      at processResult (D:\Proyectos\HR-Library\node_modules\webpack\lib\NormalM  odule.js:764:19)
      at D:\Proyectos\HR-Library\node_modules\webpack\lib\NormalModule.js:866:5
      at D:\Proyectos\HR-Library\node_modules\loader-runner\lib\LoaderRunner.js:  499:11
      at runSyncOrAsyncCallback (D:\Proyectos\HR-Library\node_modules\loader-run  ner\lib\LoaderRunner.js:259:19)
      at innerCallback (D:\Proyectos\HR-Library\node_modules\loader-runner\lib\L  oaderRunner.js:175:13)
      at compile (D:\Proyectos\HR-Library\node_modules\handlebars-loader\index.j  s:238:14)
      at module.exports (D:\Proyectos\HR-Library\node_modules\handlebars-loader\  index.js:461:5)
      at LOADER_EXECUTION (D:\Proyectos\HR-Library\node_modules\loader-runner\li  b\LoaderRunner.js:195:14)
      at runSyncOrAsync (D:\Proyectos\HR-Library\node_modules\loader-runner\lib\  LoaderRunner.js:196:5)
      at iterateNormalLoaders (D:\Proyectos\HR-Library\node_modules\loader-runne  r\lib\LoaderRunner.js:258:2)
  Module build [1m[31mfailed[39m[22m[1m (from ./node_modules/handlebars-loader/index.js):
  [1m[31mError[39m[22m[1m: Parse [1m[31merror[39m[22m[1m on line 183:
  ...{{/layout-main}}{{/layout-main}}
  -------------------^
  Expecting 'EOF', got 'OPEN_ENDBLOCK'
      at Parser.parseError (D:\Proyectos\HR-Library\node_modules\handlebars\dist  \cjs\handlebars\compiler\parser.js:267:19)
      at Parser.parse (D:\Proyectos\HR-Library\node_modules\handlebars\dist\cjs\  handlebars\compiler\parser.js:336:30)
      at parseWithoutProcessing (D:\Proyectos\HR-Library\node_modules\handlebars  \dist\cjs\handlebars\compiler\base.js:46:33)
      at HandlebarsEnvironment.parse (D:\Proyectos\HR-Library\node_modules\handl  ebars\dist\cjs\handlebars\compiler\base.js:52:13)
      at compile (D:\Proyectos\HR-Library\node_modules\handlebars-loader\index.j  s:234:18)
      at module.exports (D:\Proyectos\HR-Library\node_modules\handlebars-loader\  index.js:461:5)
  ModuleBuildError: Module build [1m[31mfailed[39m[22m[1m (from ./node_modules/handlebars-loader/i  ndex.js):
  [1m[31mError[39m[22m[1m: Parse [1m[31merror[39m[22m[1m on line 183:
  ...{{/layout-main}}{{/layout-main}}
  -------------------^
  Expecting 'EOF', got 'OPEN_ENDBLOCK'
      at Parser.parseError (D:\Proyectos\HR-Library\node_modules\handlebars\dist  \cjs\handlebars\compiler\parser.js:267:19)
      at Parser.parse (D:\Proyectos\HR-Library\node_modules\handlebars\dist\cjs\  handlebars\compiler\parser.js:336:30)
      at parseWithoutProcessing (D:\Proyectos\HR-Library\node_modules\handlebars  \dist\cjs\handlebars\compiler\base.js:46:33)
      at HandlebarsEnvironment.parse (D:\Proyectos\HR-Library\node_modules\handl  ebars\dist\cjs\handlebars\compiler\base.js:52:13)
      at compile (D:\Proyectos\HR-Library\node_modules\handlebars-loader\index.j  s:234:18)
      at module.exports (D:\Proyectos\HR-Library\node_modules\handlebars-loader\  index.js:461:5)
      at processResult (D:\Proyectos\HR-Library\node_modules\webpack\lib\NormalM  odule.js:764:19)
      at D:\Proyectos\HR-Library\node_modules\webpack\lib\NormalModule.js:866:5
      at D:\Proyectos\HR-Library\node_modules\loader-runner\lib\LoaderRunner.js:  499:11
      at runSyncOrAsyncCallback (D:\Proyectos\HR-Library\node_modules\loader-run  ner\lib\LoaderRunner.js:259:19)
      at innerCallback (D:\Proyectos\HR-Library\node_modules\loader-runner\lib\L  oaderRunner.js:175:13)
      at compile (D:\Proyectos\HR-Library\node_modules\handlebars-loader\index.j  s:238:14)
      at module.exports (D:\Proyectos\HR-Library\node_modules\handlebars-loader\  index.js:461:5)
      at LOADER_EXECUTION (D:\Proyectos\HR-Library\node_modules\loader-runner\li  b\LoaderRunner.js:195:14)
      at runSyncOrAsync (D:\Proyectos\HR-Library\node_modules\loader-runner\lib\  LoaderRunner.js:196:5)
      at iterateNormalLoaders (D:\Proyectos\HR-Library\node_modules\loader-runne  r\lib\LoaderRunner.js:258:2)
  Module build [1m[31mfailed[39m[22m[1m (from ./node_modules/handlebars-loader/index.js):
  [1m[31mError[39m[22m[1m: Parse [1m[31merror[39m[22m[1m on line 216:
  ...{{/layout-main}}{{/layout-main}}
  -------------------^
  Expecting 'EOF', got 'OPEN_ENDBLOCK'
      at Parser.parseError (D:\Proyectos\HR-Library\node_modules\handlebars\dist  \cjs\handlebars\compiler\parser.js:267:19)
      at Parser.parse (D:\Proyectos\HR-Library\node_modules\handlebars\dist\cjs\  handlebars\compiler\parser.js:336:30)
      at parseWithoutProcessing (D:\Proyectos\HR-Library\node_modules\handlebars  \dist\cjs\handlebars\compiler\base.js:46:33)
      at HandlebarsEnvironment.parse (D:\Proyectos\HR-Library\node_modules\handl  ebars\dist\cjs\handlebars\compiler\base.js:52:13)
      at compile (D:\Proyectos\HR-Library\node_modules\handlebars-loader\index.j  s:234:18)
      at module.exports (D:\Proyectos\HR-Library\node_modules\handlebars-loader\  index.js:461:5)
  ModuleBuildError: Module build [1m[31mfailed[39m[22m[1m (from ./node_modules/handlebars-loader/i  ndex.js):
  [1m[31mError[39m[22m[1m: Parse [1m[31merror[39m[22m[1m on line 216:
  ...{{/layout-main}}{{/layout-main}}
  -------------------^
  Expecting 'EOF', got 'OPEN_ENDBLOCK'
      at Parser.parseError (D:\Proyectos\HR-Library\node_modules\handlebars\dist  \cjs\handlebars\compiler\parser.js:267:19)
      at Parser.parse (D:\Proyectos\HR-Library\node_modules\handlebars\dist\cjs\  handlebars\compiler\parser.js:336:30)
      at parseWithoutProcessing (D:\Proyectos\HR-Library\node_modules\handlebars  \dist\cjs\handlebars\compiler\base.js:46:33)
      at HandlebarsEnvironment.parse (D:\Proyectos\HR-Library\node_modules\handl  ebars\dist\cjs\handlebars\compiler\base.js:52:13)
      at compile (D:\Proyectos\HR-Library\node_modules\handlebars-loader\index.j  s:234:18)
      at module.exports (D:\Proyectos\HR-Library\node_modules\handlebars-loader\  index.js:461:5)
      at processResult (D:\Proyectos\HR-Library\node_modules\webpack\lib\NormalM  odule.js:764:19)
      at D:\Proyectos\HR-Library\node_modules\webpack\lib\NormalModule.js:866:5
      at D:\Proyectos\HR-Library\node_modules\loader-runner\lib\LoaderRunner.js:  499:11
      at runSyncOrAsyncCallback (D:\Proyectos\HR-Library\node_modules\loader-run  ner\lib\LoaderRunner.js:259:19)
      at innerCallback (D:\Proyectos\HR-Library\node_modules\loader-runner\lib\L  oaderRunner.js:175:13)
      at compile (D:\Proyectos\HR-Library\node_modules\handlebars-loader\index.j  s:238:14)
      at module.exports (D:\Proyectos\HR-Library\node_modules\handlebars-loader\  index.js:461:5)
      at LOADER_EXECUTION (D:\Proyectos\HR-Library\node_modules\loader-runner\li  b\LoaderRunner.js:195:14)
      at runSyncOrAsync (D:\Proyectos\HR-Library\node_modules\loader-runner\lib\  LoaderRunner.js:196:5)
      at iterateNormalLoaders (D:\Proyectos\HR-Library\node_modules\loader-runne  r\lib\LoaderRunner.js:258:2)
  
  - parser.js:267 Parser.parseError
    [HR-Library]/[handlebars]/dist/cjs/handlebars/compiler/parser.js:267:19
  
  - parser.js:336 Parser.parse
    [HR-Library]/[handlebars]/dist/cjs/handlebars/compiler/parser.js:336:30
  
  - base.js:46 parseWithoutProcessing
    [HR-Library]/[handlebars]/dist/cjs/handlebars/compiler/base.js:46:33
  
  - base.js:52 HandlebarsEnvironment.parse
    [HR-Library]/[handlebars]/dist/cjs/handlebars/compiler/base.js:52:13
  
  - index.js:234 compile
    [HR-Library]/[handlebars-loader]/index.js:234:18
  
  - index.js:461 module.exports
    [HR-Library]/[handlebars-loader]/index.js:461:5
  
  - ModuleBuildError: Module build [1m[31mfailed[39m[22m[1m (from ./node_modules/handlebars-loader    /index.js):
  
  - [1m[31mError[39m[22m[1m: Parse [1m[31merror[39m[22m[1m on line 68:
  
  - ...{{/layout-main}}{{/layout-main}}
  
  - -------------------^
  
  - Expecting 'EOF', got 'OPEN_ENDBLOCK'
  
  - parser.js:267 Parser.parseError
    [HR-Library]/[handlebars]/dist/cjs/handlebars/compiler/parser.js:267:19
  
  - parser.js:336 Parser.parse
    [HR-Library]/[handlebars]/dist/cjs/handlebars/compiler/parser.js:336:30
  
  - base.js:46 parseWithoutProcessing
    [HR-Library]/[handlebars]/dist/cjs/handlebars/compiler/base.js:46:33
  
  - base.js:52 HandlebarsEnvironment.parse
    [HR-Library]/[handlebars]/dist/cjs/handlebars/compiler/base.js:52:13
  
  - index.js:234 compile
    [HR-Library]/[handlebars-loader]/index.js:234:18
  
  - index.js:461 module.exports
    [HR-Library]/[handlebars-loader]/index.js:461:5
  
  - NormalModule.js:764 processResult
    [HR-Library]/[webpack]/lib/NormalModule.js:764:19
  
  - NormalModule.js:866 
    [HR-Library]/[webpack]/lib/NormalModule.js:866:5
  
  - LoaderRunner.js:499 
    [HR-Library]/[loader-runner]/lib/LoaderRunner.js:499:11
  
  - LoaderRunner.js:259 runSyncOrAsyncCallback
    [HR-Library]/[loader-runner]/lib/LoaderRunner.js:259:19
  
  - LoaderRunner.js:175 innerCallback
    [HR-Library]/[loader-runner]/lib/LoaderRunner.js:175:13
  
  - index.js:238 compile
    [HR-Library]/[handlebars-loader]/index.js:238:14
  
  - index.js:461 module.exports
    [HR-Library]/[handlebars-loader]/index.js:461:5
  
  - LoaderRunner.js:195 LOADER_EXECUTION
    [HR-Library]/[loader-runner]/lib/LoaderRunner.js:195:14
  
  - LoaderRunner.js:196 runSyncOrAsync
    [HR-Library]/[loader-runner]/lib/LoaderRunner.js:196:5
  
  - LoaderRunner.js:258 iterateNormalLoaders
    [HR-Library]/[loader-runner]/lib/LoaderRunner.js:258:2
  
  - Module build [1m[31mfailed[39m[22m[1m (from ./node_modules/handlebars-loader/index.js):
  
  - [1m[31mError[39m[22m[1m: Parse [1m[31merror[39m[22m[1m on line 201:
  
  - ...{{/layout-main}}{{/layout-main}}
  
  - -------------------^
  
  - Expecting 'EOF', got 'OPEN_ENDBLOCK'
  
  - parser.js:267 Parser.parseError
    [HR-Library]/[handlebars]/dist/cjs/handlebars/compiler/parser.js:267:19
  
  - parser.js:336 Parser.parse
    [HR-Library]/[handlebars]/dist/cjs/handlebars/compiler/parser.js:336:30
  
  - base.js:46 parseWithoutProcessing
    [HR-Library]/[handlebars]/dist/cjs/handlebars/compiler/base.js:46:33
  
  - base.js:52 HandlebarsEnvironment.parse
    [HR-Library]/[handlebars]/dist/cjs/handlebars/compiler/base.js:52:13
  
  - index.js:234 compile
    [HR-Library]/[handlebars-loader]/index.js:234:18
  
  - index.js:461 module.exports
    [HR-Library]/[handlebars-loader]/index.js:461:5
  
  - ModuleBuildError: Module build [1m[31mfailed[39m[22m[1m (from ./node_modules/handlebars-loader    /index.js):
  
  - [1m[31mError[39m[22m[1m: Parse [1m[31merror[39m[22m[1m on line 201:
  
  - ...{{/layout-main}}{{/layout-main}}
  
  - -------------------^
  
  - Expecting 'EOF', got 'OPEN_ENDBLOCK'
  
  - parser.js:267 Parser.parseError
    [HR-Library]/[handlebars]/dist/cjs/handlebars/compiler/parser.js:267:19
  
  - parser.js:336 Parser.parse
    [HR-Library]/[handlebars]/dist/cjs/handlebars/compiler/parser.js:336:30
  
  - base.js:46 parseWithoutProcessing
    [HR-Library]/[handlebars]/dist/cjs/handlebars/compiler/base.js:46:33
  
  - base.js:52 HandlebarsEnvironment.parse
    [HR-Library]/[handlebars]/dist/cjs/handlebars/compiler/base.js:52:13
  
  - index.js:234 compile
    [HR-Library]/[handlebars-loader]/index.js:234:18
  
  - index.js:461 module.exports
    [HR-Library]/[handlebars-loader]/index.js:461:5
  
  - NormalModule.js:764 processResult
    [HR-Library]/[webpack]/lib/NormalModule.js:764:19
  
  - NormalModule.js:866 
    [HR-Library]/[webpack]/lib/NormalModule.js:866:5
  
[39m[22m

[1m[31mERROR[39m[22m in [1m  [1m[31mError[39m[22m[1m: Child compilation [1m[31mfailed[39m[22m[1m:
  Module build [1m[31mfailed[39m[22m[1m (from ./node_modules/handlebars-loader/index.js):
  [1m[31mError[39m[22m[1m: Parse [1m[31merror[39m[22m[1m on line 68:
  ...{{/layout-main}}{{/layout-main}}
  -------------------^
  Expecting 'EOF', got 'OPEN_ENDBLOCK'
      at Parser.parseError (D:\Proyectos\HR-Library\node_modules\handlebars\dist  \cjs\handlebars\compiler\parser.js:267:19)
      at Parser.parse (D:\Proyectos\HR-Library\node_modules\handlebars\dist\cjs\  handlebars\compiler\parser.js:336:30)
      at parseWithoutProcessing (D:\Proyectos\HR-Library\node_modules\handlebars  \dist\cjs\handlebars\compiler\base.js:46:33)
      at HandlebarsEnvironment.parse (D:\Proyectos\HR-Library\node_modules\handl  ebars\dist\cjs\handlebars\compiler\base.js:52:13)
      at compile (D:\Proyectos\HR-Library\node_modules\handlebars-loader\index.j  s:234:18)
      at module.exports (D:\Proyectos\HR-Library\node_modules\handlebars-loader\  index.js:461:5)
  ModuleBuildError: Module build [1m[31mfailed[39m[22m[1m (from ./node_modules/handlebars-loader/i  ndex.js):
  [1m[31mError[39m[22m[1m: Parse [1m[31merror[39m[22m[1m on line 68:
  ...{{/layout-main}}{{/layout-main}}
  -------------------^
  Expecting 'EOF', got 'OPEN_ENDBLOCK'
      at Parser.parseError (D:\Proyectos\HR-Library\node_modules\handlebars\dist  \cjs\handlebars\compiler\parser.js:267:19)
      at Parser.parse (D:\Proyectos\HR-Library\node_modules\handlebars\dist\cjs\  handlebars\compiler\parser.js:336:30)
      at parseWithoutProcessing (D:\Proyectos\HR-Library\node_modules\handlebars  \dist\cjs\handlebars\compiler\base.js:46:33)
      at HandlebarsEnvironment.parse (D:\Proyectos\HR-Library\node_modules\handl  ebars\dist\cjs\handlebars\compiler\base.js:52:13)
      at compile (D:\Proyectos\HR-Library\node_modules\handlebars-loader\index.j  s:234:18)
      at module.exports (D:\Proyectos\HR-Library\node_modules\handlebars-loader\  index.js:461:5)
      at processResult (D:\Proyectos\HR-Library\node_modules\webpack\lib\NormalM  odule.js:764:19)
      at D:\Proyectos\HR-Library\node_modules\webpack\lib\NormalModule.js:866:5
      at D:\Proyectos\HR-Library\node_modules\loader-runner\lib\LoaderRunner.js:  499:11
      at runSyncOrAsyncCallback (D:\Proyectos\HR-Library\node_modules\loader-run  ner\lib\LoaderRunner.js:259:19)
      at innerCallback (D:\Proyectos\HR-Library\node_modules\loader-runner\lib\L  oaderRunner.js:175:13)
      at compile (D:\Proyectos\HR-Library\node_modules\handlebars-loader\index.j  s:238:14)
      at module.exports (D:\Proyectos\HR-Library\node_modules\handlebars-loader\  index.js:461:5)
      at LOADER_EXECUTION (D:\Proyectos\HR-Library\node_modules\loader-runner\li  b\LoaderRunner.js:195:14)
      at runSyncOrAsync (D:\Proyectos\HR-Library\node_modules\loader-runner\lib\  LoaderRunner.js:196:5)
      at iterateNormalLoaders (D:\Proyectos\HR-Library\node_modules\loader-runne  r\lib\LoaderRunner.js:258:2)
  Module build [1m[31mfailed[39m[22m[1m (from ./node_modules/handlebars-loader/index.js):
  [1m[31mError[39m[22m[1m: Parse [1m[31merror[39m[22m[1m on line 201:
  ...{{/layout-main}}{{/layout-main}}
  -------------------^
  Expecting 'EOF', got 'OPEN_ENDBLOCK'
      at Parser.parseError (D:\Proyectos\HR-Library\node_modules\handlebars\dist  \cjs\handlebars\compiler\parser.js:267:19)
      at Parser.parse (D:\Proyectos\HR-Library\node_modules\handlebars\dist\cjs\  handlebars\compiler\parser.js:336:30)
      at parseWithoutProcessing (D:\Proyectos\HR-Library\node_modules\handlebars  \dist\cjs\handlebars\compiler\base.js:46:33)
      at HandlebarsEnvironment.parse (D:\Proyectos\HR-Library\node_modules\handl  ebars\dist\cjs\handlebars\compiler\base.js:52:13)
      at compile (D:\Proyectos\HR-Library\node_modules\handlebars-loader\index.j  s:234:18)
      at module.exports (D:\Proyectos\HR-Library\node_modules\handlebars-loader\  index.js:461:5)
  ModuleBuildError: Module build [1m[31mfailed[39m[22m[1m (from ./node_modules/handlebars-loader/i  ndex.js):
  [1m[31mError[39m[22m[1m: Parse [1m[31merror[39m[22m[1m on line 201:
  ...{{/layout-main}}{{/layout-main}}
  -------------------^
  Expecting 'EOF', got 'OPEN_ENDBLOCK'
      at Parser.parseError (D:\Proyectos\HR-Library\node_modules\handlebars\dist  \cjs\handlebars\compiler\parser.js:267:19)
      at Parser.parse (D:\Proyectos\HR-Library\node_modules\handlebars\dist\cjs\  handlebars\compiler\parser.js:336:30)
      at parseWithoutProcessing (D:\Proyectos\HR-Library\node_modules\handlebars  \dist\cjs\handlebars\compiler\base.js:46:33)
      at HandlebarsEnvironment.parse (D:\Proyectos\HR-Library\node_modules\handl  ebars\dist\cjs\handlebars\compiler\base.js:52:13)
      at compile (D:\Proyectos\HR-Library\node_modules\handlebars-loader\index.j  s:234:18)
      at module.exports (D:\Proyectos\HR-Library\node_modules\handlebars-loader\  index.js:461:5)
      at processResult (D:\Proyectos\HR-Library\node_modules\webpack\lib\NormalM  odule.js:764:19)
      at D:\Proyectos\HR-Library\node_modules\webpack\lib\NormalModule.js:866:5
      at D:\Proyectos\HR-Library\node_modules\loader-runner\lib\LoaderRunner.js:  499:11
      at runSyncOrAsyncCallback (D:\Proyectos\HR-Library\node_modules\loader-run  ner\lib\LoaderRunner.js:259:19)
      at innerCallback (D:\Proyectos\HR-Library\node_modules\loader-runner\lib\L  oaderRunner.js:175:13)
      at compile (D:\Proyectos\HR-Library\node_modules\handlebars-loader\index.j  s:238:14)
      at module.exports (D:\Proyectos\HR-Library\node_modules\handlebars-loader\  index.js:461:5)
      at LOADER_EXECUTION (D:\Proyectos\HR-Library\node_modules\loader-runner\li  b\LoaderRunner.js:195:14)
      at runSyncOrAsync (D:\Proyectos\HR-Library\node_modules\loader-runner\lib\  LoaderRunner.js:196:5)
      at iterateNormalLoaders (D:\Proyectos\HR-Library\node_modules\loader-runne  r\lib\LoaderRunner.js:258:2)
  Module build [1m[31mfailed[39m[22m[1m (from ./node_modules/handlebars-loader/index.js):
  [1m[31mError[39m[22m[1m: Parse [1m[31merror[39m[22m[1m on line 97:
  ...{{/layout-main}}{{/layout-main}}
  -------------------^
  Expecting 'EOF', got 'OPEN_ENDBLOCK'
      at Parser.parseError (D:\Proyectos\HR-Library\node_modules\handlebars\dist  \cjs\handlebars\compiler\parser.js:267:19)
      at Parser.parse (D:\Proyectos\HR-Library\node_modules\handlebars\dist\cjs\  handlebars\compiler\parser.js:336:30)
      at parseWithoutProcessing (D:\Proyectos\HR-Library\node_modules\handlebars  \dist\cjs\handlebars\compiler\base.js:46:33)
      at HandlebarsEnvironment.parse (D:\Proyectos\HR-Library\node_modules\handl  ebars\dist\cjs\handlebars\compiler\base.js:52:13)
      at compile (D:\Proyectos\HR-Library\node_modules\handlebars-loader\index.j  s:234:18)
      at module.exports (D:\Proyectos\HR-Library\node_modules\handlebars-loader\  index.js:461:5)
  ModuleBuildError: Module build [1m[31mfailed[39m[22m[1m (from ./node_modules/handlebars-loader/i  ndex.js):
  [1m[31mError[39m[22m[1m: Parse [1m[31merror[39m[22m[1m on line 97:
  ...{{/layout-main}}{{/layout-main}}
  -------------------^
  Expecting 'EOF', got 'OPEN_ENDBLOCK'
      at Parser.parseError (D:\Proyectos\HR-Library\node_modules\handlebars\dist  \cjs\handlebars\compiler\parser.js:267:19)
      at Parser.parse (D:\Proyectos\HR-Library\node_modules\handlebars\dist\cjs\  handlebars\compiler\parser.js:336:30)
      at parseWithoutProcessing (D:\Proyectos\HR-Library\node_modules\handlebars  \dist\cjs\handlebars\compiler\base.js:46:33)
      at HandlebarsEnvironment.parse (D:\Proyectos\HR-Library\node_modules\handl  ebars\dist\cjs\handlebars\compiler\base.js:52:13)
      at compile (D:\Proyectos\HR-Library\node_modules\handlebars-loader\index.j  s:234:18)
      at module.exports (D:\Proyectos\HR-Library\node_modules\handlebars-loader\  index.js:461:5)
      at processResult (D:\Proyectos\HR-Library\node_modules\webpack\lib\NormalM  odule.js:764:19)
      at D:\Proyectos\HR-Library\node_modules\webpack\lib\NormalModule.js:866:5
      at D:\Proyectos\HR-Library\node_modules\loader-runner\lib\LoaderRunner.js:  499:11
      at runSyncOrAsyncCallback (D:\Proyectos\HR-Library\node_modules\loader-run  ner\lib\LoaderRunner.js:259:19)
      at innerCallback (D:\Proyectos\HR-Library\node_modules\loader-runner\lib\L  oaderRunner.js:175:13)
      at compile (D:\Proyectos\HR-Library\node_modules\handlebars-loader\index.j  s:238:14)
      at module.exports (D:\Proyectos\HR-Library\node_modules\handlebars-loader\  index.js:461:5)
      at LOADER_EXECUTION (D:\Proyectos\HR-Library\node_modules\loader-runner\li  b\LoaderRunner.js:195:14)
      at runSyncOrAsync (D:\Proyectos\HR-Library\node_modules\loader-runner\lib\  LoaderRunner.js:196:5)
      at iterateNormalLoaders (D:\Proyectos\HR-Library\node_modules\loader-runne  r\lib\LoaderRunner.js:258:2)
  Module build [1m[31mfailed[39m[22m[1m (from ./node_modules/handlebars-loader/index.js):
  [1m[31mError[39m[22m[1m: Parse [1m[31merror[39m[22m[1m on line 146:
  ...{{/layout-main}}{{/layout-main}}
  -------------------^
  Expecting 'EOF', got 'OPEN_ENDBLOCK'
      at Parser.parseError (D:\Proyectos\HR-Library\node_modules\handlebars\dist  \cjs\handlebars\compiler\parser.js:267:19)
      at Parser.parse (D:\Proyectos\HR-Library\node_modules\handlebars\dist\cjs\  handlebars\compiler\parser.js:336:30)
      at parseWithoutProcessing (D:\Proyectos\HR-Library\node_modules\handlebars  \dist\cjs\handlebars\compiler\base.js:46:33)
      at HandlebarsEnvironment.parse (D:\Proyectos\HR-Library\node_modules\handl  ebars\dist\cjs\handlebars\compiler\base.js:52:13)
      at compile (D:\Proyectos\HR-Library\node_modules\handlebars-loader\index.j  s:234:18)
      at module.exports (D:\Proyectos\HR-Library\node_modules\handlebars-loader\  index.js:461:5)
  ModuleBuildError: Module build [1m[31mfailed[39m[22m[1m (from ./node_modules/handlebars-loader/i  ndex.js):
  [1m[31mError[39m[22m[1m: Parse [1m[31merror[39m[22m[1m on line 146:
  ...{{/layout-main}}{{/layout-main}}
  -------------------^
  Expecting 'EOF', got 'OPEN_ENDBLOCK'
      at Parser.parseError (D:\Proyectos\HR-Library\node_modules\handlebars\dist  \cjs\handlebars\compiler\parser.js:267:19)
      at Parser.parse (D:\Proyectos\HR-Library\node_modules\handlebars\dist\cjs\  handlebars\compiler\parser.js:336:30)
      at parseWithoutProcessing (D:\Proyectos\HR-Library\node_modules\handlebars  \dist\cjs\handlebars\compiler\base.js:46:33)
      at HandlebarsEnvironment.parse (D:\Proyectos\HR-Library\node_modules\handl  ebars\dist\cjs\handlebars\compiler\base.js:52:13)
      at compile (D:\Proyectos\HR-Library\node_modules\handlebars-loader\index.j  s:234:18)
      at module.exports (D:\Proyectos\HR-Library\node_modules\handlebars-loader\  index.js:461:5)
      at processResult (D:\Proyectos\HR-Library\node_modules\webpack\lib\NormalM  odule.js:764:19)
      at D:\Proyectos\HR-Library\node_modules\webpack\lib\NormalModule.js:866:5
      at D:\Proyectos\HR-Library\node_modules\loader-runner\lib\LoaderRunner.js:  499:11
      at runSyncOrAsyncCallback (D:\Proyectos\HR-Library\node_modules\loader-run  ner\lib\LoaderRunner.js:259:19)
      at innerCallback (D:\Proyectos\HR-Library\node_modules\loader-runner\lib\L  oaderRunner.js:175:13)
      at compile (D:\Proyectos\HR-Library\node_modules\handlebars-loader\index.j  s:238:14)
      at module.exports (D:\Proyectos\HR-Library\node_modules\handlebars-loader\  index.js:461:5)
      at LOADER_EXECUTION (D:\Proyectos\HR-Library\node_modules\loader-runner\li  b\LoaderRunner.js:195:14)
      at runSyncOrAsync (D:\Proyectos\HR-Library\node_modules\loader-runner\lib\  LoaderRunner.js:196:5)
      at iterateNormalLoaders (D:\Proyectos\HR-Library\node_modules\loader-runne  r\lib\LoaderRunner.js:258:2)
  Module build [1m[31mfailed[39m[22m[1m (from ./node_modules/handlebars-loader/index.js):
  [1m[31mError[39m[22m[1m: Parse [1m[31merror[39m[22m[1m on line 183:
  ...{{/layout-main}}{{/layout-main}}
  -------------------^
  Expecting 'EOF', got 'OPEN_ENDBLOCK'
      at Parser.parseError (D:\Proyectos\HR-Library\node_modules\handlebars\dist  \cjs\handlebars\compiler\parser.js:267:19)
      at Parser.parse (D:\Proyectos\HR-Library\node_modules\handlebars\dist\cjs\  handlebars\compiler\parser.js:336:30)
      at parseWithoutProcessing (D:\Proyectos\HR-Library\node_modules\handlebars  \dist\cjs\handlebars\compiler\base.js:46:33)
      at HandlebarsEnvironment.parse (D:\Proyectos\HR-Library\node_modules\handl  ebars\dist\cjs\handlebars\compiler\base.js:52:13)
      at compile (D:\Proyectos\HR-Library\node_modules\handlebars-loader\index.j  s:234:18)
      at module.exports (D:\Proyectos\HR-Library\node_modules\handlebars-loader\  index.js:461:5)
  ModuleBuildError: Module build [1m[31mfailed[39m[22m[1m (from ./node_modules/handlebars-loader/i  ndex.js):
  [1m[31mError[39m[22m[1m: Parse [1m[31merror[39m[22m[1m on line 183:
  ...{{/layout-main}}{{/layout-main}}
  -------------------^
  Expecting 'EOF', got 'OPEN_ENDBLOCK'
      at Parser.parseError (D:\Proyectos\HR-Library\node_modules\handlebars\dist  \cjs\handlebars\compiler\parser.js:267:19)
      at Parser.parse (D:\Proyectos\HR-Library\node_modules\handlebars\dist\cjs\  handlebars\compiler\parser.js:336:30)
      at parseWithoutProcessing (D:\Proyectos\HR-Library\node_modules\handlebars  \dist\cjs\handlebars\compiler\base.js:46:33)
      at HandlebarsEnvironment.parse (D:\Proyectos\HR-Library\node_modules\handl  ebars\dist\cjs\handlebars\compiler\base.js:52:13)
      at compile (D:\Proyectos\HR-Library\node_modules\handlebars-loader\index.j  s:234:18)
      at module.exports (D:\Proyectos\HR-Library\node_modules\handlebars-loader\  index.js:461:5)
      at processResult (D:\Proyectos\HR-Library\node_modules\webpack\lib\NormalM  odule.js:764:19)
      at D:\Proyectos\HR-Library\node_modules\webpack\lib\NormalModule.js:866:5
      at D:\Proyectos\HR-Library\node_modules\loader-runner\lib\LoaderRunner.js:  499:11
      at runSyncOrAsyncCallback (D:\Proyectos\HR-Library\node_modules\loader-run  ner\lib\LoaderRunner.js:259:19)
      at innerCallback (D:\Proyectos\HR-Library\node_modules\loader-runner\lib\L  oaderRunner.js:175:13)
      at compile (D:\Proyectos\HR-Library\node_modules\handlebars-loader\index.j  s:238:14)
      at module.exports (D:\Proyectos\HR-Library\node_modules\handlebars-loader\  index.js:461:5)
      at LOADER_EXECUTION (D:\Proyectos\HR-Library\node_modules\loader-runner\li  b\LoaderRunner.js:195:14)
      at runSyncOrAsync (D:\Proyectos\HR-Library\node_modules\loader-runner\lib\  LoaderRunner.js:196:5)
      at iterateNormalLoaders (D:\Proyectos\HR-Library\node_modules\loader-runne  r\lib\LoaderRunner.js:258:2)
  Module build [1m[31mfailed[39m[22m[1m (from ./node_modules/handlebars-loader/index.js):
  [1m[31mError[39m[22m[1m: Parse [1m[31merror[39m[22m[1m on line 216:
  ...{{/layout-main}}{{/layout-main}}
  -------------------^
  Expecting 'EOF', got 'OPEN_ENDBLOCK'
      at Parser.parseError (D:\Proyectos\HR-Library\node_modules\handlebars\dist  \cjs\handlebars\compiler\parser.js:267:19)
      at Parser.parse (D:\Proyectos\HR-Library\node_modules\handlebars\dist\cjs\  handlebars\compiler\parser.js:336:30)
      at parseWithoutProcessing (D:\Proyectos\HR-Library\node_modules\handlebars  \dist\cjs\handlebars\compiler\base.js:46:33)
      at HandlebarsEnvironment.parse (D:\Proyectos\HR-Library\node_modules\handl  ebars\dist\cjs\handlebars\compiler\base.js:52:13)
      at compile (D:\Proyectos\HR-Library\node_modules\handlebars-loader\index.j  s:234:18)
      at module.exports (D:\Proyectos\HR-Library\node_modules\handlebars-loader\  index.js:461:5)
  ModuleBuildError: Module build [1m[31mfailed[39m[22m[1m (from ./node_modules/handlebars-loader/i  ndex.js):
  [1m[31mError[39m[22m[1m: Parse [1m[31merror[39m[22m[1m on line 216:
  ...{{/layout-main}}{{/layout-main}}
  -------------------^
  Expecting 'EOF', got 'OPEN_ENDBLOCK'
      at Parser.parseError (D:\Proyectos\HR-Library\node_modules\handlebars\dist  \cjs\handlebars\compiler\parser.js:267:19)
      at Parser.parse (D:\Proyectos\HR-Library\node_modules\handlebars\dist\cjs\  handlebars\compiler\parser.js:336:30)
      at parseWithoutProcessing (D:\Proyectos\HR-Library\node_modules\handlebars  \dist\cjs\handlebars\compiler\base.js:46:33)
      at HandlebarsEnvironment.parse (D:\Proyectos\HR-Library\node_modules\handl  ebars\dist\cjs\handlebars\compiler\base.js:52:13)
      at compile (D:\Proyectos\HR-Library\node_modules\handlebars-loader\index.j  s:234:18)
      at module.exports (D:\Proyectos\HR-Library\node_modules\handlebars-loader\  index.js:461:5)
      at processResult (D:\Proyectos\HR-Library\node_modules\webpack\lib\NormalM  odule.js:764:19)
      at D:\Proyectos\HR-Library\node_modules\webpack\lib\NormalModule.js:866:5
      at D:\Proyectos\HR-Library\node_modules\loader-runner\lib\LoaderRunner.js:  499:11
      at runSyncOrAsyncCallback (D:\Proyectos\HR-Library\node_modules\loader-run  ner\lib\LoaderRunner.js:259:19)
      at innerCallback (D:\Proyectos\HR-Library\node_modules\loader-runner\lib\L  oaderRunner.js:175:13)
      at compile (D:\Proyectos\HR-Library\node_modules\handlebars-loader\index.j  s:238:14)
      at module.exports (D:\Proyectos\HR-Library\node_modules\handlebars-loader\  index.js:461:5)
      at LOADER_EXECUTION (D:\Proyectos\HR-Library\node_modules\loader-runner\li  b\LoaderRunner.js:195:14)
      at runSyncOrAsync (D:\Proyectos\HR-Library\node_modules\loader-runner\lib\  LoaderRunner.js:196:5)
      at iterateNormalLoaders (D:\Proyectos\HR-Library\node_modules\loader-runne  r\lib\LoaderRunner.js:258:2)
  
  - parser.js:267 Parser.parseError
    [HR-Library]/[handlebars]/dist/cjs/handlebars/compiler/parser.js:267:19
  
  - parser.js:336 Parser.parse
    [HR-Library]/[handlebars]/dist/cjs/handlebars/compiler/parser.js:336:30
  
  - base.js:46 parseWithoutProcessing
    [HR-Library]/[handlebars]/dist/cjs/handlebars/compiler/base.js:46:33
  
  - base.js:52 HandlebarsEnvironment.parse
    [HR-Library]/[handlebars]/dist/cjs/handlebars/compiler/base.js:52:13
  
  - index.js:234 compile
    [HR-Library]/[handlebars-loader]/index.js:234:18
  
  - index.js:461 module.exports
    [HR-Library]/[handlebars-loader]/index.js:461:5
  
  - ModuleBuildError: Module build [1m[31mfailed[39m[22m[1m (from ./node_modules/handlebars-loader    /index.js):
  
  - [1m[31mError[39m[22m[1m: Parse [1m[31merror[39m[22m[1m on line 68:
  
  - ...{{/layout-main}}{{/layout-main}}
  
  - -------------------^
  
  - Expecting 'EOF', got 'OPEN_ENDBLOCK'
  
  - parser.js:267 Parser.parseError
    [HR-Library]/[handlebars]/dist/cjs/handlebars/compiler/parser.js:267:19
  
  - parser.js:336 Parser.parse
    [HR-Library]/[handlebars]/dist/cjs/handlebars/compiler/parser.js:336:30
  
  - base.js:46 parseWithoutProcessing
    [HR-Library]/[handlebars]/dist/cjs/handlebars/compiler/base.js:46:33
  
  - base.js:52 HandlebarsEnvironment.parse
    [HR-Library]/[handlebars]/dist/cjs/handlebars/compiler/base.js:52:13
  
  - index.js:234 compile
    [HR-Library]/[handlebars-loader]/index.js:234:18
  
  - index.js:461 module.exports
    [HR-Library]/[handlebars-loader]/index.js:461:5
  
  - NormalModule.js:764 processResult
    [HR-Library]/[webpack]/lib/NormalModule.js:764:19
  
  - NormalModule.js:866 
    [HR-Library]/[webpack]/lib/NormalModule.js:866:5
  
  - LoaderRunner.js:499 
    [HR-Library]/[loader-runner]/lib/LoaderRunner.js:499:11
  
  - LoaderRunner.js:259 runSyncOrAsyncCallback
    [HR-Library]/[loader-runner]/lib/LoaderRunner.js:259:19
  
  - LoaderRunner.js:175 innerCallback
    [HR-Library]/[loader-runner]/lib/LoaderRunner.js:175:13
  
  - index.js:238 compile
    [HR-Library]/[handlebars-loader]/index.js:238:14
  
  - index.js:461 module.exports
    [HR-Library]/[handlebars-loader]/index.js:461:5
  
  - LoaderRunner.js:195 LOADER_EXECUTION
    [HR-Library]/[loader-runner]/lib/LoaderRunner.js:195:14
  
  - LoaderRunner.js:196 runSyncOrAsync
    [HR-Library]/[loader-runner]/lib/LoaderRunner.js:196:5
  
  - LoaderRunner.js:258 iterateNormalLoaders
    [HR-Library]/[loader-runner]/lib/LoaderRunner.js:258:2
  
  - Module build [1m[31mfailed[39m[22m[1m (from ./node_modules/handlebars-loader/index.js):
  
  - [1m[31mError[39m[22m[1m: Parse [1m[31merror[39m[22m[1m on line 201:
  
  - ...{{/layout-main}}{{/layout-main}}
  
  - -------------------^
  
  - Expecting 'EOF', got 'OPEN_ENDBLOCK'
  
  - parser.js:267 Parser.parseError
    [HR-Library]/[handlebars]/dist/cjs/handlebars/compiler/parser.js:267:19
  
  - parser.js:336 Parser.parse
    [HR-Library]/[handlebars]/dist/cjs/handlebars/compiler/parser.js:336:30
  
  - base.js:46 parseWithoutProcessing
    [HR-Library]/[handlebars]/dist/cjs/handlebars/compiler/base.js:46:33
  
  - base.js:52 HandlebarsEnvironment.parse
    [HR-Library]/[handlebars]/dist/cjs/handlebars/compiler/base.js:52:13
  
  - index.js:234 compile
    [HR-Library]/[handlebars-loader]/index.js:234:18
  
  - index.js:461 module.exports
    [HR-Library]/[handlebars-loader]/index.js:461:5
  
  - ModuleBuildError: Module build [1m[31mfailed[39m[22m[1m (from ./node_modules/handlebars-loader    /index.js):
  
  - [1m[31mError[39m[22m[1m: Parse [1m[31merror[39m[22m[1m on line 201:
  
  - ...{{/layout-main}}{{/layout-main}}
  
  - -------------------^
  
  - Expecting 'EOF', got 'OPEN_ENDBLOCK'
  
  - parser.js:267 Parser.parseError
    [HR-Library]/[handlebars]/dist/cjs/handlebars/compiler/parser.js:267:19
  
  - parser.js:336 Parser.parse
    [HR-Library]/[handlebars]/dist/cjs/handlebars/compiler/parser.js:336:30
  
  - base.js:46 parseWithoutProcessing
    [HR-Library]/[handlebars]/dist/cjs/handlebars/compiler/base.js:46:33
  
  - base.js:52 HandlebarsEnvironment.parse
    [HR-Library]/[handlebars]/dist/cjs/handlebars/compiler/base.js:52:13
  
  - index.js:234 compile
    [HR-Library]/[handlebars-loader]/index.js:234:18
  
  - index.js:461 module.exports
    [HR-Library]/[handlebars-loader]/index.js:461:5
  
  - NormalModule.js:764 processResult
    [HR-Library]/[webpack]/lib/NormalModule.js:764:19
  
  - NormalModule.js:866 
    [HR-Library]/[webpack]/lib/NormalModule.js:866:5
  
[39m[22m

[1m[31mERROR[39m[22m in [1m  [1m[31mError[39m[22m[1m: Child compilation [1m[31mfailed[39m[22m[1m:
  Module build [1m[31mfailed[39m[22m[1m (from ./node_modules/handlebars-loader/index.js):
  [1m[31mError[39m[22m[1m: Parse [1m[31merror[39m[22m[1m on line 68:
  ...{{/layout-main}}{{/layout-main}}
  -------------------^
  Expecting 'EOF', got 'OPEN_ENDBLOCK'
      at Parser.parseError (D:\Proyectos\HR-Library\node_modules\handlebars\dist  \cjs\handlebars\compiler\parser.js:267:19)
      at Parser.parse (D:\Proyectos\HR-Library\node_modules\handlebars\dist\cjs\  handlebars\compiler\parser.js:336:30)
      at parseWithoutProcessing (D:\Proyectos\HR-Library\node_modules\handlebars  \dist\cjs\handlebars\compiler\base.js:46:33)
      at HandlebarsEnvironment.parse (D:\Proyectos\HR-Library\node_modules\handl  ebars\dist\cjs\handlebars\compiler\base.js:52:13)
      at compile (D:\Proyectos\HR-Library\node_modules\handlebars-loader\index.j  s:234:18)
      at module.exports (D:\Proyectos\HR-Library\node_modules\handlebars-loader\  index.js:461:5)
  ModuleBuildError: Module build [1m[31mfailed[39m[22m[1m (from ./node_modules/handlebars-loader/i  ndex.js):
  [1m[31mError[39m[22m[1m: Parse [1m[31merror[39m[22m[1m on line 68:
  ...{{/layout-main}}{{/layout-main}}
  -------------------^
  Expecting 'EOF', got 'OPEN_ENDBLOCK'
      at Parser.parseError (D:\Proyectos\HR-Library\node_modules\handlebars\dist  \cjs\handlebars\compiler\parser.js:267:19)
      at Parser.parse (D:\Proyectos\HR-Library\node_modules\handlebars\dist\cjs\  handlebars\compiler\parser.js:336:30)
      at parseWithoutProcessing (D:\Proyectos\HR-Library\node_modules\handlebars  \dist\cjs\handlebars\compiler\base.js:46:33)
      at HandlebarsEnvironment.parse (D:\Proyectos\HR-Library\node_modules\handl  ebars\dist\cjs\handlebars\compiler\base.js:52:13)
      at compile (D:\Proyectos\HR-Library\node_modules\handlebars-loader\index.j  s:234:18)
      at module.exports (D:\Proyectos\HR-Library\node_modules\handlebars-loader\  index.js:461:5)
      at processResult (D:\Proyectos\HR-Library\node_modules\webpack\lib\NormalM  odule.js:764:19)
      at D:\Proyectos\HR-Library\node_modules\webpack\lib\NormalModule.js:866:5
      at D:\Proyectos\HR-Library\node_modules\loader-runner\lib\LoaderRunner.js:  499:11
      at runSyncOrAsyncCallback (D:\Proyectos\HR-Library\node_modules\loader-run  ner\lib\LoaderRunner.js:259:19)
      at innerCallback (D:\Proyectos\HR-Library\node_modules\loader-runner\lib\L  oaderRunner.js:175:13)
      at compile (D:\Proyectos\HR-Library\node_modules\handlebars-loader\index.j  s:238:14)
      at module.exports (D:\Proyectos\HR-Library\node_modules\handlebars-loader\  index.js:461:5)
      at LOADER_EXECUTION (D:\Proyectos\HR-Library\node_modules\loader-runner\li  b\LoaderRunner.js:195:14)
      at runSyncOrAsync (D:\Proyectos\HR-Library\node_modules\loader-runner\lib\  LoaderRunner.js:196:5)
      at iterateNormalLoaders (D:\Proyectos\HR-Library\node_modules\loader-runne  r\lib\LoaderRunner.js:258:2)
  Module build [1m[31mfailed[39m[22m[1m (from ./node_modules/handlebars-loader/index.js):
  [1m[31mError[39m[22m[1m: Parse [1m[31merror[39m[22m[1m on line 201:
  ...{{/layout-main}}{{/layout-main}}
  -------------------^
  Expecting 'EOF', got 'OPEN_ENDBLOCK'
      at Parser.parseError (D:\Proyectos\HR-Library\node_modules\handlebars\dist  \cjs\handlebars\compiler\parser.js:267:19)
      at Parser.parse (D:\Proyectos\HR-Library\node_modules\handlebars\dist\cjs\  handlebars\compiler\parser.js:336:30)
      at parseWithoutProcessing (D:\Proyectos\HR-Library\node_modules\handlebars  \dist\cjs\handlebars\compiler\base.js:46:33)
      at HandlebarsEnvironment.parse (D:\Proyectos\HR-Library\node_modules\handl  ebars\dist\cjs\handlebars\compiler\base.js:52:13)
      at compile (D:\Proyectos\HR-Library\node_modules\handlebars-loader\index.j  s:234:18)
      at module.exports (D:\Proyectos\HR-Library\node_modules\handlebars-loader\  index.js:461:5)
  ModuleBuildError: Module build [1m[31mfailed[39m[22m[1m (from ./node_modules/handlebars-loader/i  ndex.js):
  [1m[31mError[39m[22m[1m: Parse [1m[31merror[39m[22m[1m on line 201:
  ...{{/layout-main}}{{/layout-main}}
  -------------------^
  Expecting 'EOF', got 'OPEN_ENDBLOCK'
      at Parser.parseError (D:\Proyectos\HR-Library\node_modules\handlebars\dist  \cjs\handlebars\compiler\parser.js:267:19)
      at Parser.parse (D:\Proyectos\HR-Library\node_modules\handlebars\dist\cjs\  handlebars\compiler\parser.js:336:30)
      at parseWithoutProcessing (D:\Proyectos\HR-Library\node_modules\handlebars  \dist\cjs\handlebars\compiler\base.js:46:33)
      at HandlebarsEnvironment.parse (D:\Proyectos\HR-Library\node_modules\handl  ebars\dist\cjs\handlebars\compiler\base.js:52:13)
      at compile (D:\Proyectos\HR-Library\node_modules\handlebars-loader\index.j  s:234:18)
      at module.exports (D:\Proyectos\HR-Library\node_modules\handlebars-loader\  index.js:461:5)
      at processResult (D:\Proyectos\HR-Library\node_modules\webpack\lib\NormalM  odule.js:764:19)
      at D:\Proyectos\HR-Library\node_modules\webpack\lib\NormalModule.js:866:5
      at D:\Proyectos\HR-Library\node_modules\loader-runner\lib\LoaderRunner.js:  499:11
      at runSyncOrAsyncCallback (D:\Proyectos\HR-Library\node_modules\loader-run  ner\lib\LoaderRunner.js:259:19)
      at innerCallback (D:\Proyectos\HR-Library\node_modules\loader-runner\lib\L  oaderRunner.js:175:13)
      at compile (D:\Proyectos\HR-Library\node_modules\handlebars-loader\index.j  s:238:14)
      at module.exports (D:\Proyectos\HR-Library\node_modules\handlebars-loader\  index.js:461:5)
      at LOADER_EXECUTION (D:\Proyectos\HR-Library\node_modules\loader-runner\li  b\LoaderRunner.js:195:14)
      at runSyncOrAsync (D:\Proyectos\HR-Library\node_modules\loader-runner\lib\  LoaderRunner.js:196:5)
      at iterateNormalLoaders (D:\Proyectos\HR-Library\node_modules\loader-runne  r\lib\LoaderRunner.js:258:2)
  Module build [1m[31mfailed[39m[22m[1m (from ./node_modules/handlebars-loader/index.js):
  [1m[31mError[39m[22m[1m: Parse [1m[31merror[39m[22m[1m on line 97:
  ...{{/layout-main}}{{/layout-main}}
  -------------------^
  Expecting 'EOF', got 'OPEN_ENDBLOCK'
      at Parser.parseError (D:\Proyectos\HR-Library\node_modules\handlebars\dist  \cjs\handlebars\compiler\parser.js:267:19)
      at Parser.parse (D:\Proyectos\HR-Library\node_modules\handlebars\dist\cjs\  handlebars\compiler\parser.js:336:30)
      at parseWithoutProcessing (D:\Proyectos\HR-Library\node_modules\handlebars  \dist\cjs\handlebars\compiler\base.js:46:33)
      at HandlebarsEnvironment.parse (D:\Proyectos\HR-Library\node_modules\handl  ebars\dist\cjs\handlebars\compiler\base.js:52:13)
      at compile (D:\Proyectos\HR-Library\node_modules\handlebars-loader\index.j  s:234:18)
      at module.exports (D:\Proyectos\HR-Library\node_modules\handlebars-loader\  index.js:461:5)
  ModuleBuildError: Module build [1m[31mfailed[39m[22m[1m (from ./node_modules/handlebars-loader/i  ndex.js):
  [1m[31mError[39m[22m[1m: Parse [1m[31merror[39m[22m[1m on line 97:
  ...{{/layout-main}}{{/layout-main}}
  -------------------^
  Expecting 'EOF', got 'OPEN_ENDBLOCK'
      at Parser.parseError (D:\Proyectos\HR-Library\node_modules\handlebars\dist  \cjs\handlebars\compiler\parser.js:267:19)
      at Parser.parse (D:\Proyectos\HR-Library\node_modules\handlebars\dist\cjs\  handlebars\compiler\parser.js:336:30)
      at parseWithoutProcessing (D:\Proyectos\HR-Library\node_modules\handlebars  \dist\cjs\handlebars\compiler\base.js:46:33)
      at HandlebarsEnvironment.parse (D:\Proyectos\HR-Library\node_modules\handl  ebars\dist\cjs\handlebars\compiler\base.js:52:13)
      at compile (D:\Proyectos\HR-Library\node_modules\handlebars-loader\index.j  s:234:18)
      at module.exports (D:\Proyectos\HR-Library\node_modules\handlebars-loader\  index.js:461:5)
      at processResult (D:\Proyectos\HR-Library\node_modules\webpack\lib\NormalM  odule.js:764:19)
      at D:\Proyectos\HR-Library\node_modules\webpack\lib\NormalModule.js:866:5
      at D:\Proyectos\HR-Library\node_modules\loader-runner\lib\LoaderRunner.js:  499:11
      at runSyncOrAsyncCallback (D:\Proyectos\HR-Library\node_modules\loader-run  ner\lib\LoaderRunner.js:259:19)
      at innerCallback (D:\Proyectos\HR-Library\node_modules\loader-runner\lib\L  oaderRunner.js:175:13)
      at compile (D:\Proyectos\HR-Library\node_modules\handlebars-loader\index.j  s:238:14)
      at module.exports (D:\Proyectos\HR-Library\node_modules\handlebars-loader\  index.js:461:5)
      at LOADER_EXECUTION (D:\Proyectos\HR-Library\node_modules\loader-runner\li  b\LoaderRunner.js:195:14)
      at runSyncOrAsync (D:\Proyectos\HR-Library\node_modules\loader-runner\lib\  LoaderRunner.js:196:5)
      at iterateNormalLoaders (D:\Proyectos\HR-Library\node_modules\loader-runne  r\lib\LoaderRunner.js:258:2)
  Module build [1m[31mfailed[39m[22m[1m (from ./node_modules/handlebars-loader/index.js):
  [1m[31mError[39m[22m[1m: Parse [1m[31merror[39m[22m[1m on line 146:
  ...{{/layout-main}}{{/layout-main}}
  -------------------^
  Expecting 'EOF', got 'OPEN_ENDBLOCK'
      at Parser.parseError (D:\Proyectos\HR-Library\node_modules\handlebars\dist  \cjs\handlebars\compiler\parser.js:267:19)
      at Parser.parse (D:\Proyectos\HR-Library\node_modules\handlebars\dist\cjs\  handlebars\compiler\parser.js:336:30)
      at parseWithoutProcessing (D:\Proyectos\HR-Library\node_modules\handlebars  \dist\cjs\handlebars\compiler\base.js:46:33)
      at HandlebarsEnvironment.parse (D:\Proyectos\HR-Library\node_modules\handl  ebars\dist\cjs\handlebars\compiler\base.js:52:13)
      at compile (D:\Proyectos\HR-Library\node_modules\handlebars-loader\index.j  s:234:18)
      at module.exports (D:\Proyectos\HR-Library\node_modules\handlebars-loader\  index.js:461:5)
  ModuleBuildError: Module build [1m[31mfailed[39m[22m[1m (from ./node_modules/handlebars-loader/i  ndex.js):
  [1m[31mError[39m[22m[1m: Parse [1m[31merror[39m[22m[1m on line 146:
  ...{{/layout-main}}{{/layout-main}}
  -------------------^
  Expecting 'EOF', got 'OPEN_ENDBLOCK'
      at Parser.parseError (D:\Proyectos\HR-Library\node_modules\handlebars\dist  \cjs\handlebars\compiler\parser.js:267:19)
      at Parser.parse (D:\Proyectos\HR-Library\node_modules\handlebars\dist\cjs\  handlebars\compiler\parser.js:336:30)
      at parseWithoutProcessing (D:\Proyectos\HR-Library\node_modules\handlebars  \dist\cjs\handlebars\compiler\base.js:46:33)
      at HandlebarsEnvironment.parse (D:\Proyectos\HR-Library\node_modules\handl  ebars\dist\cjs\handlebars\compiler\base.js:52:13)
      at compile (D:\Proyectos\HR-Library\node_modules\handlebars-loader\index.j  s:234:18)
      at module.exports (D:\Proyectos\HR-Library\node_modules\handlebars-loader\  index.js:461:5)
      at processResult (D:\Proyectos\HR-Library\node_modules\webpack\lib\NormalM  odule.js:764:19)
      at D:\Proyectos\HR-Library\node_modules\webpack\lib\NormalModule.js:866:5
      at D:\Proyectos\HR-Library\node_modules\loader-runner\lib\LoaderRunner.js:  499:11
      at runSyncOrAsyncCallback (D:\Proyectos\HR-Library\node_modules\loader-run  ner\lib\LoaderRunner.js:259:19)
      at innerCallback (D:\Proyectos\HR-Library\node_modules\loader-runner\lib\L  oaderRunner.js:175:13)
      at compile (D:\Proyectos\HR-Library\node_modules\handlebars-loader\index.j  s:238:14)
      at module.exports (D:\Proyectos\HR-Library\node_modules\handlebars-loader\  index.js:461:5)
      at LOADER_EXECUTION (D:\Proyectos\HR-Library\node_modules\loader-runner\li  b\LoaderRunner.js:195:14)
      at runSyncOrAsync (D:\Proyectos\HR-Library\node_modules\loader-runner\lib\  LoaderRunner.js:196:5)
      at iterateNormalLoaders (D:\Proyectos\HR-Library\node_modules\loader-runne  r\lib\LoaderRunner.js:258:2)
  Module build [1m[31mfailed[39m[22m[1m (from ./node_modules/handlebars-loader/index.js):
  [1m[31mError[39m[22m[1m: Parse [1m[31merror[39m[22m[1m on line 183:
  ...{{/layout-main}}{{/layout-main}}
  -------------------^
  Expecting 'EOF', got 'OPEN_ENDBLOCK'
      at Parser.parseError (D:\Proyectos\HR-Library\node_modules\handlebars\dist  \cjs\handlebars\compiler\parser.js:267:19)
      at Parser.parse (D:\Proyectos\HR-Library\node_modules\handlebars\dist\cjs\  handlebars\compiler\parser.js:336:30)
      at parseWithoutProcessing (D:\Proyectos\HR-Library\node_modules\handlebars  \dist\cjs\handlebars\compiler\base.js:46:33)
      at HandlebarsEnvironment.parse (D:\Proyectos\HR-Library\node_modules\handl  ebars\dist\cjs\handlebars\compiler\base.js:52:13)
      at compile (D:\Proyectos\HR-Library\node_modules\handlebars-loader\index.j  s:234:18)
      at module.exports (D:\Proyectos\HR-Library\node_modules\handlebars-loader\  index.js:461:5)
  ModuleBuildError: Module build [1m[31mfailed[39m[22m[1m (from ./node_modules/handlebars-loader/i  ndex.js):
  [1m[31mError[39m[22m[1m: Parse [1m[31merror[39m[22m[1m on line 183:
  ...{{/layout-main}}{{/layout-main}}
  -------------------^
  Expecting 'EOF', got 'OPEN_ENDBLOCK'
      at Parser.parseError (D:\Proyectos\HR-Library\node_modules\handlebars\dist  \cjs\handlebars\compiler\parser.js:267:19)
      at Parser.parse (D:\Proyectos\HR-Library\node_modules\handlebars\dist\cjs\  handlebars\compiler\parser.js:336:30)
      at parseWithoutProcessing (D:\Proyectos\HR-Library\node_modules\handlebars  \dist\cjs\handlebars\compiler\base.js:46:33)
      at HandlebarsEnvironment.parse (D:\Proyectos\HR-Library\node_modules\handl  ebars\dist\cjs\handlebars\compiler\base.js:52:13)
      at compile (D:\Proyectos\HR-Library\node_modules\handlebars-loader\index.j  s:234:18)
      at module.exports (D:\Proyectos\HR-Library\node_modules\handlebars-loader\  index.js:461:5)
      at processResult (D:\Proyectos\HR-Library\node_modules\webpack\lib\NormalM  odule.js:764:19)
      at D:\Proyectos\HR-Library\node_modules\webpack\lib\NormalModule.js:866:5
      at D:\Proyectos\HR-Library\node_modules\loader-runner\lib\LoaderRunner.js:  499:11
      at runSyncOrAsyncCallback (D:\Proyectos\HR-Library\node_modules\loader-run  ner\lib\LoaderRunner.js:259:19)
      at innerCallback (D:\Proyectos\HR-Library\node_modules\loader-runner\lib\L  oaderRunner.js:175:13)
      at compile (D:\Proyectos\HR-Library\node_modules\handlebars-loader\index.j  s:238:14)
      at module.exports (D:\Proyectos\HR-Library\node_modules\handlebars-loader\  index.js:461:5)
      at LOADER_EXECUTION (D:\Proyectos\HR-Library\node_modules\loader-runner\li  b\LoaderRunner.js:195:14)
      at runSyncOrAsync (D:\Proyectos\HR-Library\node_modules\loader-runner\lib\  LoaderRunner.js:196:5)
      at iterateNormalLoaders (D:\Proyectos\HR-Library\node_modules\loader-runne  r\lib\LoaderRunner.js:258:2)
  Module build [1m[31mfailed[39m[22m[1m (from ./node_modules/handlebars-loader/index.js):
  [1m[31mError[39m[22m[1m: Parse [1m[31merror[39m[22m[1m on line 216:
  ...{{/layout-main}}{{/layout-main}}
  -------------------^
  Expecting 'EOF', got 'OPEN_ENDBLOCK'
      at Parser.parseError (D:\Proyectos\HR-Library\node_modules\handlebars\dist  \cjs\handlebars\compiler\parser.js:267:19)
      at Parser.parse (D:\Proyectos\HR-Library\node_modules\handlebars\dist\cjs\  handlebars\compiler\parser.js:336:30)
      at parseWithoutProcessing (D:\Proyectos\HR-Library\node_modules\handlebars  \dist\cjs\handlebars\compiler\base.js:46:33)
      at HandlebarsEnvironment.parse (D:\Proyectos\HR-Library\node_modules\handl  ebars\dist\cjs\handlebars\compiler\base.js:52:13)
      at compile (D:\Proyectos\HR-Library\node_modules\handlebars-loader\index.j  s:234:18)
      at module.exports (D:\Proyectos\HR-Library\node_modules\handlebars-loader\  index.js:461:5)
  ModuleBuildError: Module build [1m[31mfailed[39m[22m[1m (from ./node_modules/handlebars-loader/i  ndex.js):
  [1m[31mError[39m[22m[1m: Parse [1m[31merror[39m[22m[1m on line 216:
  ...{{/layout-main}}{{/layout-main}}
  -------------------^
  Expecting 'EOF', got 'OPEN_ENDBLOCK'
      at Parser.parseError (D:\Proyectos\HR-Library\node_modules\handlebars\dist  \cjs\handlebars\compiler\parser.js:267:19)
      at Parser.parse (D:\Proyectos\HR-Library\node_modules\handlebars\dist\cjs\  handlebars\compiler\parser.js:336:30)
      at parseWithoutProcessing (D:\Proyectos\HR-Library\node_modules\handlebars  \dist\cjs\handlebars\compiler\base.js:46:33)
      at HandlebarsEnvironment.parse (D:\Proyectos\HR-Library\node_modules\handl  ebars\dist\cjs\handlebars\compiler\base.js:52:13)
      at compile (D:\Proyectos\HR-Library\node_modules\handlebars-loader\index.j  s:234:18)
      at module.exports (D:\Proyectos\HR-Library\node_modules\handlebars-loader\  index.js:461:5)
      at processResult (D:\Proyectos\HR-Library\node_modules\webpack\lib\NormalM  odule.js:764:19)
      at D:\Proyectos\HR-Library\node_modules\webpack\lib\NormalModule.js:866:5
      at D:\Proyectos\HR-Library\node_modules\loader-runner\lib\LoaderRunner.js:  499:11
      at runSyncOrAsyncCallback (D:\Proyectos\HR-Library\node_modules\loader-run  ner\lib\LoaderRunner.js:259:19)
      at innerCallback (D:\Proyectos\HR-Library\node_modules\loader-runner\lib\L  oaderRunner.js:175:13)
      at compile (D:\Proyectos\HR-Library\node_modules\handlebars-loader\index.j  s:238:14)
      at module.exports (D:\Proyectos\HR-Library\node_modules\handlebars-loader\  index.js:461:5)
      at LOADER_EXECUTION (D:\Proyectos\HR-Library\node_modules\loader-runner\li  b\LoaderRunner.js:195:14)
      at runSyncOrAsync (D:\Proyectos\HR-Library\node_modules\loader-runner\lib\  LoaderRunner.js:196:5)
      at iterateNormalLoaders (D:\Proyectos\HR-Library\node_modules\loader-runne  r\lib\LoaderRunner.js:258:2)
  
  - parser.js:267 Parser.parseError
    [HR-Library]/[handlebars]/dist/cjs/handlebars/compiler/parser.js:267:19
  
  - parser.js:336 Parser.parse
    [HR-Library]/[handlebars]/dist/cjs/handlebars/compiler/parser.js:336:30
  
  - base.js:46 parseWithoutProcessing
    [HR-Library]/[handlebars]/dist/cjs/handlebars/compiler/base.js:46:33
  
  - base.js:52 HandlebarsEnvironment.parse
    [HR-Library]/[handlebars]/dist/cjs/handlebars/compiler/base.js:52:13
  
  - index.js:234 compile
    [HR-Library]/[handlebars-loader]/index.js:234:18
  
  - index.js:461 module.exports
    [HR-Library]/[handlebars-loader]/index.js:461:5
  
  - ModuleBuildError: Module build [1m[31mfailed[39m[22m[1m (from ./node_modules/handlebars-loader    /index.js):
  
  - [1m[31mError[39m[22m[1m: Parse [1m[31merror[39m[22m[1m on line 68:
  
  - ...{{/layout-main}}{{/layout-main}}
  
  - -------------------^
  
  - Expecting 'EOF', got 'OPEN_ENDBLOCK'
  
  - parser.js:267 Parser.parseError
    [HR-Library]/[handlebars]/dist/cjs/handlebars/compiler/parser.js:267:19
  
  - parser.js:336 Parser.parse
    [HR-Library]/[handlebars]/dist/cjs/handlebars/compiler/parser.js:336:30
  
  - base.js:46 parseWithoutProcessing
    [HR-Library]/[handlebars]/dist/cjs/handlebars/compiler/base.js:46:33
  
  - base.js:52 HandlebarsEnvironment.parse
    [HR-Library]/[handlebars]/dist/cjs/handlebars/compiler/base.js:52:13
  
  - index.js:234 compile
    [HR-Library]/[handlebars-loader]/index.js:234:18
  
  - index.js:461 module.exports
    [HR-Library]/[handlebars-loader]/index.js:461:5
  
  - NormalModule.js:764 processResult
    [HR-Library]/[webpack]/lib/NormalModule.js:764:19
  
  - NormalModule.js:866 
    [HR-Library]/[webpack]/lib/NormalModule.js:866:5
  
  - LoaderRunner.js:499 
    [HR-Library]/[loader-runner]/lib/LoaderRunner.js:499:11
  
  - LoaderRunner.js:259 runSyncOrAsyncCallback
    [HR-Library]/[loader-runner]/lib/LoaderRunner.js:259:19
  
  - LoaderRunner.js:175 innerCallback
    [HR-Library]/[loader-runner]/lib/LoaderRunner.js:175:13
  
  - index.js:238 compile
    [HR-Library]/[handlebars-loader]/index.js:238:14
  
  - index.js:461 module.exports
    [HR-Library]/[handlebars-loader]/index.js:461:5
  
  - LoaderRunner.js:195 LOADER_EXECUTION
    [HR-Library]/[loader-runner]/lib/LoaderRunner.js:195:14
  
  - LoaderRunner.js:196 runSyncOrAsync
    [HR-Library]/[loader-runner]/lib/LoaderRunner.js:196:5
  
  - LoaderRunner.js:258 iterateNormalLoaders
    [HR-Library]/[loader-runner]/lib/LoaderRunner.js:258:2
  
  - Module build [1m[31mfailed[39m[22m[1m (from ./node_modules/handlebars-loader/index.js):
  
  - [1m[31mError[39m[22m[1m: Parse [1m[31merror[39m[22m[1m on line 201:
  
  - ...{{/layout-main}}{{/layout-main}}
  
  - -------------------^
  
  - Expecting 'EOF', got 'OPEN_ENDBLOCK'
  
  - parser.js:267 Parser.parseError
    [HR-Library]/[handlebars]/dist/cjs/handlebars/compiler/parser.js:267:19
  
  - parser.js:336 Parser.parse
    [HR-Library]/[handlebars]/dist/cjs/handlebars/compiler/parser.js:336:30
  
  - base.js:46 parseWithoutProcessing
    [HR-Library]/[handlebars]/dist/cjs/handlebars/compiler/base.js:46:33
  
  - base.js:52 HandlebarsEnvironment.parse
    [HR-Library]/[handlebars]/dist/cjs/handlebars/compiler/base.js:52:13
  
  - index.js:234 compile
    [HR-Library]/[handlebars-loader]/index.js:234:18
  
  - index.js:461 module.exports
    [HR-Library]/[handlebars-loader]/index.js:461:5
  
  - ModuleBuildError: Module build [1m[31mfailed[39m[22m[1m (from ./node_modules/handlebars-loader    /index.js):
  
  - [1m[31mError[39m[22m[1m: Parse [1m[31merror[39m[22m[1m on line 201:
  
  - ...{{/layout-main}}{{/layout-main}}
  
  - -------------------^
  
  - Expecting 'EOF', got 'OPEN_ENDBLOCK'
  
  - parser.js:267 Parser.parseError
    [HR-Library]/[handlebars]/dist/cjs/handlebars/compiler/parser.js:267:19
  
  - parser.js:336 Parser.parse
    [HR-Library]/[handlebars]/dist/cjs/handlebars/compiler/parser.js:336:30
  
  - base.js:46 parseWithoutProcessing
    [HR-Library]/[handlebars]/dist/cjs/handlebars/compiler/base.js:46:33
  
  - base.js:52 HandlebarsEnvironment.parse
    [HR-Library]/[handlebars]/dist/cjs/handlebars/compiler/base.js:52:13
  
  - index.js:234 compile
    [HR-Library]/[handlebars-loader]/index.js:234:18
  
  - index.js:461 module.exports
    [HR-Library]/[handlebars-loader]/index.js:461:5
  
  - NormalModule.js:764 processResult
    [HR-Library]/[webpack]/lib/NormalModule.js:764:19
  
  - NormalModule.js:866 
    [HR-Library]/[webpack]/lib/NormalModule.js:866:5
  
[39m[22m

[1m[31mERROR[39m[22m in [1m  [1m[31mError[39m[22m[1m: Child compilation [1m[31mfailed[39m[22m[1m:
  Module build [1m[31mfailed[39m[22m[1m (from ./node_modules/handlebars-loader/index.js):
  [1m[31mError[39m[22m[1m: Parse [1m[31merror[39m[22m[1m on line 68:
  ...{{/layout-main}}{{/layout-main}}
  -------------------^
  Expecting 'EOF', got 'OPEN_ENDBLOCK'
      at Parser.parseError (D:\Proyectos\HR-Library\node_modules\handlebars\dist  \cjs\handlebars\compiler\parser.js:267:19)
      at Parser.parse (D:\Proyectos\HR-Library\node_modules\handlebars\dist\cjs\  handlebars\compiler\parser.js:336:30)
      at parseWithoutProcessing (D:\Proyectos\HR-Library\node_modules\handlebars  \dist\cjs\handlebars\compiler\base.js:46:33)
      at HandlebarsEnvironment.parse (D:\Proyectos\HR-Library\node_modules\handl  ebars\dist\cjs\handlebars\compiler\base.js:52:13)
      at compile (D:\Proyectos\HR-Library\node_modules\handlebars-loader\index.j  s:234:18)
      at module.exports (D:\Proyectos\HR-Library\node_modules\handlebars-loader\  index.js:461:5)
  ModuleBuildError: Module build [1m[31mfailed[39m[22m[1m (from ./node_modules/handlebars-loader/i  ndex.js):
  [1m[31mError[39m[22m[1m: Parse [1m[31merror[39m[22m[1m on line 68:
  ...{{/layout-main}}{{/layout-main}}
  -------------------^
  Expecting 'EOF', got 'OPEN_ENDBLOCK'
      at Parser.parseError (D:\Proyectos\HR-Library\node_modules\handlebars\dist  \cjs\handlebars\compiler\parser.js:267:19)
      at Parser.parse (D:\Proyectos\HR-Library\node_modules\handlebars\dist\cjs\  handlebars\compiler\parser.js:336:30)
      at parseWithoutProcessing (D:\Proyectos\HR-Library\node_modules\handlebars  \dist\cjs\handlebars\compiler\base.js:46:33)
      at HandlebarsEnvironment.parse (D:\Proyectos\HR-Library\node_modules\handl  ebars\dist\cjs\handlebars\compiler\base.js:52:13)
      at compile (D:\Proyectos\HR-Library\node_modules\handlebars-loader\index.j  s:234:18)
      at module.exports (D:\Proyectos\HR-Library\node_modules\handlebars-loader\  index.js:461:5)
      at processResult (D:\Proyectos\HR-Library\node_modules\webpack\lib\NormalM  odule.js:764:19)
      at D:\Proyectos\HR-Library\node_modules\webpack\lib\NormalModule.js:866:5
      at D:\Proyectos\HR-Library\node_modules\loader-runner\lib\LoaderRunner.js:  499:11
      at runSyncOrAsyncCallback (D:\Proyectos\HR-Library\node_modules\loader-run  ner\lib\LoaderRunner.js:259:19)
      at innerCallback (D:\Proyectos\HR-Library\node_modules\loader-runner\lib\L  oaderRunner.js:175:13)
      at compile (D:\Proyectos\HR-Library\node_modules\handlebars-loader\index.j  s:238:14)
      at module.exports (D:\Proyectos\HR-Library\node_modules\handlebars-loader\  index.js:461:5)
      at LOADER_EXECUTION (D:\Proyectos\HR-Library\node_modules\loader-runner\li  b\LoaderRunner.js:195:14)
      at runSyncOrAsync (D:\Proyectos\HR-Library\node_modules\loader-runner\lib\  LoaderRunner.js:196:5)
      at iterateNormalLoaders (D:\Proyectos\HR-Library\node_modules\loader-runne  r\lib\LoaderRunner.js:258:2)
  Module build [1m[31mfailed[39m[22m[1m (from ./node_modules/handlebars-loader/index.js):
  [1m[31mError[39m[22m[1m: Parse [1m[31merror[39m[22m[1m on line 201:
  ...{{/layout-main}}{{/layout-main}}
  -------------------^
  Expecting 'EOF', got 'OPEN_ENDBLOCK'
      at Parser.parseError (D:\Proyectos\HR-Library\node_modules\handlebars\dist  \cjs\handlebars\compiler\parser.js:267:19)
      at Parser.parse (D:\Proyectos\HR-Library\node_modules\handlebars\dist\cjs\  handlebars\compiler\parser.js:336:30)
      at parseWithoutProcessing (D:\Proyectos\HR-Library\node_modules\handlebars  \dist\cjs\handlebars\compiler\base.js:46:33)
      at HandlebarsEnvironment.parse (D:\Proyectos\HR-Library\node_modules\handl  ebars\dist\cjs\handlebars\compiler\base.js:52:13)
      at compile (D:\Proyectos\HR-Library\node_modules\handlebars-loader\index.j  s:234:18)
      at module.exports (D:\Proyectos\HR-Library\node_modules\handlebars-loader\  index.js:461:5)
  ModuleBuildError: Module build [1m[31mfailed[39m[22m[1m (from ./node_modules/handlebars-loader/i  ndex.js):
  [1m[31mError[39m[22m[1m: Parse [1m[31merror[39m[22m[1m on line 201:
  ...{{/layout-main}}{{/layout-main}}
  -------------------^
  Expecting 'EOF', got 'OPEN_ENDBLOCK'
      at Parser.parseError (D:\Proyectos\HR-Library\node_modules\handlebars\dist  \cjs\handlebars\compiler\parser.js:267:19)
      at Parser.parse (D:\Proyectos\HR-Library\node_modules\handlebars\dist\cjs\  handlebars\compiler\parser.js:336:30)
      at parseWithoutProcessing (D:\Proyectos\HR-Library\node_modules\handlebars  \dist\cjs\handlebars\compiler\base.js:46:33)
      at HandlebarsEnvironment.parse (D:\Proyectos\HR-Library\node_modules\handl  ebars\dist\cjs\handlebars\compiler\base.js:52:13)
      at compile (D:\Proyectos\HR-Library\node_modules\handlebars-loader\index.j  s:234:18)
      at module.exports (D:\Proyectos\HR-Library\node_modules\handlebars-loader\  index.js:461:5)
      at processResult (D:\Proyectos\HR-Library\node_modules\webpack\lib\NormalM  odule.js:764:19)
      at D:\Proyectos\HR-Library\node_modules\webpack\lib\NormalModule.js:866:5
      at D:\Proyectos\HR-Library\node_modules\loader-runner\lib\LoaderRunner.js:  499:11
      at runSyncOrAsyncCallback (D:\Proyectos\HR-Library\node_modules\loader-run  ner\lib\LoaderRunner.js:259:19)
      at innerCallback (D:\Proyectos\HR-Library\node_modules\loader-runner\lib\L  oaderRunner.js:175:13)
      at compile (D:\Proyectos\HR-Library\node_modules\handlebars-loader\index.j  s:238:14)
      at module.exports (D:\Proyectos\HR-Library\node_modules\handlebars-loader\  index.js:461:5)
      at LOADER_EXECUTION (D:\Proyectos\HR-Library\node_modules\loader-runner\li  b\LoaderRunner.js:195:14)
      at runSyncOrAsync (D:\Proyectos\HR-Library\node_modules\loader-runner\lib\  LoaderRunner.js:196:5)
      at iterateNormalLoaders (D:\Proyectos\HR-Library\node_modules\loader-runne  r\lib\LoaderRunner.js:258:2)
  Module build [1m[31mfailed[39m[22m[1m (from ./node_modules/handlebars-loader/index.js):
  [1m[31mError[39m[22m[1m: Parse [1m[31merror[39m[22m[1m on line 97:
  ...{{/layout-main}}{{/layout-main}}
  -------------------^
  Expecting 'EOF', got 'OPEN_ENDBLOCK'
      at Parser.parseError (D:\Proyectos\HR-Library\node_modules\handlebars\dist  \cjs\handlebars\compiler\parser.js:267:19)
      at Parser.parse (D:\Proyectos\HR-Library\node_modules\handlebars\dist\cjs\  handlebars\compiler\parser.js:336:30)
      at parseWithoutProcessing (D:\Proyectos\HR-Library\node_modules\handlebars  \dist\cjs\handlebars\compiler\base.js:46:33)
      at HandlebarsEnvironment.parse (D:\Proyectos\HR-Library\node_modules\handl  ebars\dist\cjs\handlebars\compiler\base.js:52:13)
      at compile (D:\Proyectos\HR-Library\node_modules\handlebars-loader\index.j  s:234:18)
      at module.exports (D:\Proyectos\HR-Library\node_modules\handlebars-loader\  index.js:461:5)
  ModuleBuildError: Module build [1m[31mfailed[39m[22m[1m (from ./node_modules/handlebars-loader/i  ndex.js):
  [1m[31mError[39m[22m[1m: Parse [1m[31merror[39m[22m[1m on line 97:
  ...{{/layout-main}}{{/layout-main}}
  -------------------^
  Expecting 'EOF', got 'OPEN_ENDBLOCK'
      at Parser.parseError (D:\Proyectos\HR-Library\node_modules\handlebars\dist  \cjs\handlebars\compiler\parser.js:267:19)
      at Parser.parse (D:\Proyectos\HR-Library\node_modules\handlebars\dist\cjs\  handlebars\compiler\parser.js:336:30)
      at parseWithoutProcessing (D:\Proyectos\HR-Library\node_modules\handlebars  \dist\cjs\handlebars\compiler\base.js:46:33)
      at HandlebarsEnvironment.parse (D:\Proyectos\HR-Library\node_modules\handl  ebars\dist\cjs\handlebars\compiler\base.js:52:13)
      at compile (D:\Proyectos\HR-Library\node_modules\handlebars-loader\index.j  s:234:18)
      at module.exports (D:\Proyectos\HR-Library\node_modules\handlebars-loader\  index.js:461:5)
      at processResult (D:\Proyectos\HR-Library\node_modules\webpack\lib\NormalM  odule.js:764:19)
      at D:\Proyectos\HR-Library\node_modules\webpack\lib\NormalModule.js:866:5
      at D:\Proyectos\HR-Library\node_modules\loader-runner\lib\LoaderRunner.js:  499:11
      at runSyncOrAsyncCallback (D:\Proyectos\HR-Library\node_modules\loader-run  ner\lib\LoaderRunner.js:259:19)
      at innerCallback (D:\Proyectos\HR-Library\node_modules\loader-runner\lib\L  oaderRunner.js:175:13)
      at compile (D:\Proyectos\HR-Library\node_modules\handlebars-loader\index.j  s:238:14)
      at module.exports (D:\Proyectos\HR-Library\node_modules\handlebars-loader\  index.js:461:5)
      at LOADER_EXECUTION (D:\Proyectos\HR-Library\node_modules\loader-runner\li  b\LoaderRunner.js:195:14)
      at runSyncOrAsync (D:\Proyectos\HR-Library\node_modules\loader-runner\lib\  LoaderRunner.js:196:5)
      at iterateNormalLoaders (D:\Proyectos\HR-Library\node_modules\loader-runne  r\lib\LoaderRunner.js:258:2)
  Module build [1m[31mfailed[39m[22m[1m (from ./node_modules/handlebars-loader/index.js):
  [1m[31mError[39m[22m[1m: Parse [1m[31merror[39m[22m[1m on line 146:
  ...{{/layout-main}}{{/layout-main}}
  -------------------^
  Expecting 'EOF', got 'OPEN_ENDBLOCK'
      at Parser.parseError (D:\Proyectos\HR-Library\node_modules\handlebars\dist  \cjs\handlebars\compiler\parser.js:267:19)
      at Parser.parse (D:\Proyectos\HR-Library\node_modules\handlebars\dist\cjs\  handlebars\compiler\parser.js:336:30)
      at parseWithoutProcessing (D:\Proyectos\HR-Library\node_modules\handlebars  \dist\cjs\handlebars\compiler\base.js:46:33)
      at HandlebarsEnvironment.parse (D:\Proyectos\HR-Library\node_modules\handl  ebars\dist\cjs\handlebars\compiler\base.js:52:13)
      at compile (D:\Proyectos\HR-Library\node_modules\handlebars-loader\index.j  s:234:18)
      at module.exports (D:\Proyectos\HR-Library\node_modules\handlebars-loader\  index.js:461:5)
  ModuleBuildError: Module build [1m[31mfailed[39m[22m[1m (from ./node_modules/handlebars-loader/i  ndex.js):
  [1m[31mError[39m[22m[1m: Parse [1m[31merror[39m[22m[1m on line 146:
  ...{{/layout-main}}{{/layout-main}}
  -------------------^
  Expecting 'EOF', got 'OPEN_ENDBLOCK'
      at Parser.parseError (D:\Proyectos\HR-Library\node_modules\handlebars\dist  \cjs\handlebars\compiler\parser.js:267:19)
      at Parser.parse (D:\Proyectos\HR-Library\node_modules\handlebars\dist\cjs\  handlebars\compiler\parser.js:336:30)
      at parseWithoutProcessing (D:\Proyectos\HR-Library\node_modules\handlebars  \dist\cjs\handlebars\compiler\base.js:46:33)
      at HandlebarsEnvironment.parse (D:\Proyectos\HR-Library\node_modules\handl  ebars\dist\cjs\handlebars\compiler\base.js:52:13)
      at compile (D:\Proyectos\HR-Library\node_modules\handlebars-loader\index.j  s:234:18)
      at module.exports (D:\Proyectos\HR-Library\node_modules\handlebars-loader\  index.js:461:5)
      at processResult (D:\Proyectos\HR-Library\node_modules\webpack\lib\NormalM  odule.js:764:19)
      at D:\Proyectos\HR-Library\node_modules\webpack\lib\NormalModule.js:866:5
      at D:\Proyectos\HR-Library\node_modules\loader-runner\lib\LoaderRunner.js:  499:11
      at runSyncOrAsyncCallback (D:\Proyectos\HR-Library\node_modules\loader-run  ner\lib\LoaderRunner.js:259:19)
      at innerCallback (D:\Proyectos\HR-Library\node_modules\loader-runner\lib\L  oaderRunner.js:175:13)
      at compile (D:\Proyectos\HR-Library\node_modules\handlebars-loader\index.j  s:238:14)
      at module.exports (D:\Proyectos\HR-Library\node_modules\handlebars-loader\  index.js:461:5)
      at LOADER_EXECUTION (D:\Proyectos\HR-Library\node_modules\loader-runner\li  b\LoaderRunner.js:195:14)
      at runSyncOrAsync (D:\Proyectos\HR-Library\node_modules\loader-runner\lib\  LoaderRunner.js:196:5)
      at iterateNormalLoaders (D:\Proyectos\HR-Library\node_modules\loader-runne  r\lib\LoaderRunner.js:258:2)
  Module build [1m[31mfailed[39m[22m[1m (from ./node_modules/handlebars-loader/index.js):
  [1m[31mError[39m[22m[1m: Parse [1m[31merror[39m[22m[1m on line 183:
  ...{{/layout-main}}{{/layout-main}}
  -------------------^
  Expecting 'EOF', got 'OPEN_ENDBLOCK'
      at Parser.parseError (D:\Proyectos\HR-Library\node_modules\handlebars\dist  \cjs\handlebars\compiler\parser.js:267:19)
      at Parser.parse (D:\Proyectos\HR-Library\node_modules\handlebars\dist\cjs\  handlebars\compiler\parser.js:336:30)
      at parseWithoutProcessing (D:\Proyectos\HR-Library\node_modules\handlebars  \dist\cjs\handlebars\compiler\base.js:46:33)
      at HandlebarsEnvironment.parse (D:\Proyectos\HR-Library\node_modules\handl  ebars\dist\cjs\handlebars\compiler\base.js:52:13)
      at compile (D:\Proyectos\HR-Library\node_modules\handlebars-loader\index.j  s:234:18)
      at module.exports (D:\Proyectos\HR-Library\node_modules\handlebars-loader\  index.js:461:5)
  ModuleBuildError: Module build [1m[31mfailed[39m[22m[1m (from ./node_modules/handlebars-loader/i  ndex.js):
  [1m[31mError[39m[22m[1m: Parse [1m[31merror[39m[22m[1m on line 183:
  ...{{/layout-main}}{{/layout-main}}
  -------------------^
  Expecting 'EOF', got 'OPEN_ENDBLOCK'
      at Parser.parseError (D:\Proyectos\HR-Library\node_modules\handlebars\dist  \cjs\handlebars\compiler\parser.js:267:19)
      at Parser.parse (D:\Proyectos\HR-Library\node_modules\handlebars\dist\cjs\  handlebars\compiler\parser.js:336:30)
      at parseWithoutProcessing (D:\Proyectos\HR-Library\node_modules\handlebars  \dist\cjs\handlebars\compiler\base.js:46:33)
      at HandlebarsEnvironment.parse (D:\Proyectos\HR-Library\node_modules\handl  ebars\dist\cjs\handlebars\compiler\base.js:52:13)
      at compile (D:\Proyectos\HR-Library\node_modules\handlebars-loader\index.j  s:234:18)
      at module.exports (D:\Proyectos\HR-Library\node_modules\handlebars-loader\  index.js:461:5)
      at processResult (D:\Proyectos\HR-Library\node_modules\webpack\lib\NormalM  odule.js:764:19)
      at D:\Proyectos\HR-Library\node_modules\webpack\lib\NormalModule.js:866:5
      at D:\Proyectos\HR-Library\node_modules\loader-runner\lib\LoaderRunner.js:  499:11
      at runSyncOrAsyncCallback (D:\Proyectos\HR-Library\node_modules\loader-run  ner\lib\LoaderRunner.js:259:19)
      at innerCallback (D:\Proyectos\HR-Library\node_modules\loader-runner\lib\L  oaderRunner.js:175:13)
      at compile (D:\Proyectos\HR-Library\node_modules\handlebars-loader\index.j  s:238:14)
      at module.exports (D:\Proyectos\HR-Library\node_modules\handlebars-loader\  index.js:461:5)
      at LOADER_EXECUTION (D:\Proyectos\HR-Library\node_modules\loader-runner\li  b\LoaderRunner.js:195:14)
      at runSyncOrAsync (D:\Proyectos\HR-Library\node_modules\loader-runner\lib\  LoaderRunner.js:196:5)
      at iterateNormalLoaders (D:\Proyectos\HR-Library\node_modules\loader-runne  r\lib\LoaderRunner.js:258:2)
  Module build [1m[31mfailed[39m[22m[1m (from ./node_modules/handlebars-loader/index.js):
  [1m[31mError[39m[22m[1m: Parse [1m[31merror[39m[22m[1m on line 216:
  ...{{/layout-main}}{{/layout-main}}
  -------------------^
  Expecting 'EOF', got 'OPEN_ENDBLOCK'
      at Parser.parseError (D:\Proyectos\HR-Library\node_modules\handlebars\dist  \cjs\handlebars\compiler\parser.js:267:19)
      at Parser.parse (D:\Proyectos\HR-Library\node_modules\handlebars\dist\cjs\  handlebars\compiler\parser.js:336:30)
      at parseWithoutProcessing (D:\Proyectos\HR-Library\node_modules\handlebars  \dist\cjs\handlebars\compiler\base.js:46:33)
      at HandlebarsEnvironment.parse (D:\Proyectos\HR-Library\node_modules\handl  ebars\dist\cjs\handlebars\compiler\base.js:52:13)
      at compile (D:\Proyectos\HR-Library\node_modules\handlebars-loader\index.j  s:234:18)
      at module.exports (D:\Proyectos\HR-Library\node_modules\handlebars-loader\  index.js:461:5)
  ModuleBuildError: Module build [1m[31mfailed[39m[22m[1m (from ./node_modules/handlebars-loader/i  ndex.js):
  [1m[31mError[39m[22m[1m: Parse [1m[31merror[39m[22m[1m on line 216:
  ...{{/layout-main}}{{/layout-main}}
  -------------------^
  Expecting 'EOF', got 'OPEN_ENDBLOCK'
      at Parser.parseError (D:\Proyectos\HR-Library\node_modules\handlebars\dist  \cjs\handlebars\compiler\parser.js:267:19)
      at Parser.parse (D:\Proyectos\HR-Library\node_modules\handlebars\dist\cjs\  handlebars\compiler\parser.js:336:30)
      at parseWithoutProcessing (D:\Proyectos\HR-Library\node_modules\handlebars  \dist\cjs\handlebars\compiler\base.js:46:33)
      at HandlebarsEnvironment.parse (D:\Proyectos\HR-Library\node_modules\handl  ebars\dist\cjs\handlebars\compiler\base.js:52:13)
      at compile (D:\Proyectos\HR-Library\node_modules\handlebars-loader\index.j  s:234:18)
      at module.exports (D:\Proyectos\HR-Library\node_modules\handlebars-loader\  index.js:461:5)
      at processResult (D:\Proyectos\HR-Library\node_modules\webpack\lib\NormalM  odule.js:764:19)
      at D:\Proyectos\HR-Library\node_modules\webpack\lib\NormalModule.js:866:5
      at D:\Proyectos\HR-Library\node_modules\loader-runner\lib\LoaderRunner.js:  499:11
      at runSyncOrAsyncCallback (D:\Proyectos\HR-Library\node_modules\loader-run  ner\lib\LoaderRunner.js:259:19)
      at innerCallback (D:\Proyectos\HR-Library\node_modules\loader-runner\lib\L  oaderRunner.js:175:13)
      at compile (D:\Proyectos\HR-Library\node_modules\handlebars-loader\index.j  s:238:14)
      at module.exports (D:\Proyectos\HR-Library\node_modules\handlebars-loader\  index.js:461:5)
      at LOADER_EXECUTION (D:\Proyectos\HR-Library\node_modules\loader-runner\li  b\LoaderRunner.js:195:14)
      at runSyncOrAsync (D:\Proyectos\HR-Library\node_modules\loader-runner\lib\  LoaderRunner.js:196:5)
      at iterateNormalLoaders (D:\Proyectos\HR-Library\node_modules\loader-runne  r\lib\LoaderRunner.js:258:2)
  
  - parser.js:267 Parser.parseError
    [HR-Library]/[handlebars]/dist/cjs/handlebars/compiler/parser.js:267:19
  
  - parser.js:336 Parser.parse
    [HR-Library]/[handlebars]/dist/cjs/handlebars/compiler/parser.js:336:30
  
  - base.js:46 parseWithoutProcessing
    [HR-Library]/[handlebars]/dist/cjs/handlebars/compiler/base.js:46:33
  
  - base.js:52 HandlebarsEnvironment.parse
    [HR-Library]/[handlebars]/dist/cjs/handlebars/compiler/base.js:52:13
  
  - index.js:234 compile
    [HR-Library]/[handlebars-loader]/index.js:234:18
  
  - index.js:461 module.exports
    [HR-Library]/[handlebars-loader]/index.js:461:5
  
  - ModuleBuildError: Module build [1m[31mfailed[39m[22m[1m (from ./node_modules/handlebars-loader    /index.js):
  
  - [1m[31mError[39m[22m[1m: Parse [1m[31merror[39m[22m[1m on line 68:
  
  - ...{{/layout-main}}{{/layout-main}}
  
  - -------------------^
  
  - Expecting 'EOF', got 'OPEN_ENDBLOCK'
  
  - parser.js:267 Parser.parseError
    [HR-Library]/[handlebars]/dist/cjs/handlebars/compiler/parser.js:267:19
  
  - parser.js:336 Parser.parse
    [HR-Library]/[handlebars]/dist/cjs/handlebars/compiler/parser.js:336:30
  
  - base.js:46 parseWithoutProcessing
    [HR-Library]/[handlebars]/dist/cjs/handlebars/compiler/base.js:46:33
  
  - base.js:52 HandlebarsEnvironment.parse
    [HR-Library]/[handlebars]/dist/cjs/handlebars/compiler/base.js:52:13
  
  - index.js:234 compile
    [HR-Library]/[handlebars-loader]/index.js:234:18
  
  - index.js:461 module.exports
    [HR-Library]/[handlebars-loader]/index.js:461:5
  
  - NormalModule.js:764 processResult
    [HR-Library]/[webpack]/lib/NormalModule.js:764:19
  
  - NormalModule.js:866 
    [HR-Library]/[webpack]/lib/NormalModule.js:866:5
  
  - LoaderRunner.js:499 
    [HR-Library]/[loader-runner]/lib/LoaderRunner.js:499:11
  
  - LoaderRunner.js:259 runSyncOrAsyncCallback
    [HR-Library]/[loader-runner]/lib/LoaderRunner.js:259:19
  
  - LoaderRunner.js:175 innerCallback
    [HR-Library]/[loader-runner]/lib/LoaderRunner.js:175:13
  
  - index.js:238 compile
    [HR-Library]/[handlebars-loader]/index.js:238:14
  
  - index.js:461 module.exports
    [HR-Library]/[handlebars-loader]/index.js:461:5
  
  - LoaderRunner.js:195 LOADER_EXECUTION
    [HR-Library]/[loader-runner]/lib/LoaderRunner.js:195:14
  
  - LoaderRunner.js:196 runSyncOrAsync
    [HR-Library]/[loader-runner]/lib/LoaderRunner.js:196:5
  
  - LoaderRunner.js:258 iterateNormalLoaders
    [HR-Library]/[loader-runner]/lib/LoaderRunner.js:258:2
  
  - Module build [1m[31mfailed[39m[22m[1m (from ./node_modules/handlebars-loader/index.js):
  
  - [1m[31mError[39m[22m[1m: Parse [1m[31merror[39m[22m[1m on line 201:
  
  - ...{{/layout-main}}{{/layout-main}}
  
  - -------------------^
  
  - Expecting 'EOF', got 'OPEN_ENDBLOCK'
  
  - parser.js:267 Parser.parseError
    [HR-Library]/[handlebars]/dist/cjs/handlebars/compiler/parser.js:267:19
  
  - parser.js:336 Parser.parse
    [HR-Library]/[handlebars]/dist/cjs/handlebars/compiler/parser.js:336:30
  
  - base.js:46 parseWithoutProcessing
    [HR-Library]/[handlebars]/dist/cjs/handlebars/compiler/base.js:46:33
  
  - base.js:52 HandlebarsEnvironment.parse
    [HR-Library]/[handlebars]/dist/cjs/handlebars/compiler/base.js:52:13
  
  - index.js:234 compile
    [HR-Library]/[handlebars-loader]/index.js:234:18
  
  - index.js:461 module.exports
    [HR-Library]/[handlebars-loader]/index.js:461:5
  
  - ModuleBuildError: Module build [1m[31mfailed[39m[22m[1m (from ./node_modules/handlebars-loader    /index.js):
  
  - [1m[31mError[39m[22m[1m: Parse [1m[31merror[39m[22m[1m on line 201:
  
  - ...{{/layout-main}}{{/layout-main}}
  
  - -------------------^
  
  - Expecting 'EOF', got 'OPEN_ENDBLOCK'
  
  - parser.js:267 Parser.parseError
    [HR-Library]/[handlebars]/dist/cjs/handlebars/compiler/parser.js:267:19
  
  - parser.js:336 Parser.parse
    [HR-Library]/[handlebars]/dist/cjs/handlebars/compiler/parser.js:336:30
  
  - base.js:46 parseWithoutProcessing
    [HR-Library]/[handlebars]/dist/cjs/handlebars/compiler/base.js:46:33
  
  - base.js:52 HandlebarsEnvironment.parse
    [HR-Library]/[handlebars]/dist/cjs/handlebars/compiler/base.js:52:13
  
  - index.js:234 compile
    [HR-Library]/[handlebars-loader]/index.js:234:18
  
  - index.js:461 module.exports
    [HR-Library]/[handlebars-loader]/index.js:461:5
  
  - NormalModule.js:764 processResult
    [HR-Library]/[webpack]/lib/NormalModule.js:764:19
  
  - NormalModule.js:866 
    [HR-Library]/[webpack]/lib/NormalModule.js:866:5
  
[39m[22m

[1m[31mERROR[39m[22m in [1m  [1m[31mError[39m[22m[1m: Child compilation [1m[31mfailed[39m[22m[1m:
  Module build [1m[31mfailed[39m[22m[1m (from ./node_modules/handlebars-loader/index.js):
  [1m[31mError[39m[22m[1m: Parse [1m[31merror[39m[22m[1m on line 68:
  ...{{/layout-main}}{{/layout-main}}
  -------------------^
  Expecting 'EOF', got 'OPEN_ENDBLOCK'
      at Parser.parseError (D:\Proyectos\HR-Library\node_modules\handlebars\dist  \cjs\handlebars\compiler\parser.js:267:19)
      at Parser.parse (D:\Proyectos\HR-Library\node_modules\handlebars\dist\cjs\  handlebars\compiler\parser.js:336:30)
      at parseWithoutProcessing (D:\Proyectos\HR-Library\node_modules\handlebars  \dist\cjs\handlebars\compiler\base.js:46:33)
      at HandlebarsEnvironment.parse (D:\Proyectos\HR-Library\node_modules\handl  ebars\dist\cjs\handlebars\compiler\base.js:52:13)
      at compile (D:\Proyectos\HR-Library\node_modules\handlebars-loader\index.j  s:234:18)
      at module.exports (D:\Proyectos\HR-Library\node_modules\handlebars-loader\  index.js:461:5)
  ModuleBuildError: Module build [1m[31mfailed[39m[22m[1m (from ./node_modules/handlebars-loader/i  ndex.js):
  [1m[31mError[39m[22m[1m: Parse [1m[31merror[39m[22m[1m on line 68:
  ...{{/layout-main}}{{/layout-main}}
  -------------------^
  Expecting 'EOF', got 'OPEN_ENDBLOCK'
      at Parser.parseError (D:\Proyectos\HR-Library\node_modules\handlebars\dist  \cjs\handlebars\compiler\parser.js:267:19)
      at Parser.parse (D:\Proyectos\HR-Library\node_modules\handlebars\dist\cjs\  handlebars\compiler\parser.js:336:30)
      at parseWithoutProcessing (D:\Proyectos\HR-Library\node_modules\handlebars  \dist\cjs\handlebars\compiler\base.js:46:33)
      at HandlebarsEnvironment.parse (D:\Proyectos\HR-Library\node_modules\handl  ebars\dist\cjs\handlebars\compiler\base.js:52:13)
      at compile (D:\Proyectos\HR-Library\node_modules\handlebars-loader\index.j  s:234:18)
      at module.exports (D:\Proyectos\HR-Library\node_modules\handlebars-loader\  index.js:461:5)
      at processResult (D:\Proyectos\HR-Library\node_modules\webpack\lib\NormalM  odule.js:764:19)
      at D:\Proyectos\HR-Library\node_modules\webpack\lib\NormalModule.js:866:5
      at D:\Proyectos\HR-Library\node_modules\loader-runner\lib\LoaderRunner.js:  499:11
      at runSyncOrAsyncCallback (D:\Proyectos\HR-Library\node_modules\loader-run  ner\lib\LoaderRunner.js:259:19)
      at innerCallback (D:\Proyectos\HR-Library\node_modules\loader-runner\lib\L  oaderRunner.js:175:13)
      at compile (D:\Proyectos\HR-Library\node_modules\handlebars-loader\index.j  s:238:14)
      at module.exports (D:\Proyectos\HR-Library\node_modules\handlebars-loader\  index.js:461:5)
      at LOADER_EXECUTION (D:\Proyectos\HR-Library\node_modules\loader-runner\li  b\LoaderRunner.js:195:14)
      at runSyncOrAsync (D:\Proyectos\HR-Library\node_modules\loader-runner\lib\  LoaderRunner.js:196:5)
      at iterateNormalLoaders (D:\Proyectos\HR-Library\node_modules\loader-runne  r\lib\LoaderRunner.js:258:2)
  Module build [1m[31mfailed[39m[22m[1m (from ./node_modules/handlebars-loader/index.js):
  [1m[31mError[39m[22m[1m: Parse [1m[31merror[39m[22m[1m on line 201:
  ...{{/layout-main}}{{/layout-main}}
  -------------------^
  Expecting 'EOF', got 'OPEN_ENDBLOCK'
      at Parser.parseError (D:\Proyectos\HR-Library\node_modules\handlebars\dist  \cjs\handlebars\compiler\parser.js:267:19)
      at Parser.parse (D:\Proyectos\HR-Library\node_modules\handlebars\dist\cjs\  handlebars\compiler\parser.js:336:30)
      at parseWithoutProcessing (D:\Proyectos\HR-Library\node_modules\handlebars  \dist\cjs\handlebars\compiler\base.js:46:33)
      at HandlebarsEnvironment.parse (D:\Proyectos\HR-Library\node_modules\handl  ebars\dist\cjs\handlebars\compiler\base.js:52:13)
      at compile (D:\Proyectos\HR-Library\node_modules\handlebars-loader\index.j  s:234:18)
      at module.exports (D:\Proyectos\HR-Library\node_modules\handlebars-loader\  index.js:461:5)
  ModuleBuildError: Module build [1m[31mfailed[39m[22m[1m (from ./node_modules/handlebars-loader/i  ndex.js):
  [1m[31mError[39m[22m[1m: Parse [1m[31merror[39m[22m[1m on line 201:
  ...{{/layout-main}}{{/layout-main}}
  -------------------^
  Expecting 'EOF', got 'OPEN_ENDBLOCK'
      at Parser.parseError (D:\Proyectos\HR-Library\node_modules\handlebars\dist  \cjs\handlebars\compiler\parser.js:267:19)
      at Parser.parse (D:\Proyectos\HR-Library\node_modules\handlebars\dist\cjs\  handlebars\compiler\parser.js:336:30)
      at parseWithoutProcessing (D:\Proyectos\HR-Library\node_modules\handlebars  \dist\cjs\handlebars\compiler\base.js:46:33)
      at HandlebarsEnvironment.parse (D:\Proyectos\HR-Library\node_modules\handl  ebars\dist\cjs\handlebars\compiler\base.js:52:13)
      at compile (D:\Proyectos\HR-Library\node_modules\handlebars-loader\index.j  s:234:18)
      at module.exports (D:\Proyectos\HR-Library\node_modules\handlebars-loader\  index.js:461:5)
      at processResult (D:\Proyectos\HR-Library\node_modules\webpack\lib\NormalM  odule.js:764:19)
      at D:\Proyectos\HR-Library\node_modules\webpack\lib\NormalModule.js:866:5
      at D:\Proyectos\HR-Library\node_modules\loader-runner\lib\LoaderRunner.js:  499:11
      at runSyncOrAsyncCallback (D:\Proyectos\HR-Library\node_modules\loader-run  ner\lib\LoaderRunner.js:259:19)
      at innerCallback (D:\Proyectos\HR-Library\node_modules\loader-runner\lib\L  oaderRunner.js:175:13)
      at compile (D:\Proyectos\HR-Library\node_modules\handlebars-loader\index.j  s:238:14)
      at module.exports (D:\Proyectos\HR-Library\node_modules\handlebars-loader\  index.js:461:5)
      at LOADER_EXECUTION (D:\Proyectos\HR-Library\node_modules\loader-runner\li  b\LoaderRunner.js:195:14)
      at runSyncOrAsync (D:\Proyectos\HR-Library\node_modules\loader-runner\lib\  LoaderRunner.js:196:5)
      at iterateNormalLoaders (D:\Proyectos\HR-Library\node_modules\loader-runne  r\lib\LoaderRunner.js:258:2)
  Module build [1m[31mfailed[39m[22m[1m (from ./node_modules/handlebars-loader/index.js):
  [1m[31mError[39m[22m[1m: Parse [1m[31merror[39m[22m[1m on line 97:
  ...{{/layout-main}}{{/layout-main}}
  -------------------^
  Expecting 'EOF', got 'OPEN_ENDBLOCK'
      at Parser.parseError (D:\Proyectos\HR-Library\node_modules\handlebars\dist  \cjs\handlebars\compiler\parser.js:267:19)
      at Parser.parse (D:\Proyectos\HR-Library\node_modules\handlebars\dist\cjs\  handlebars\compiler\parser.js:336:30)
      at parseWithoutProcessing (D:\Proyectos\HR-Library\node_modules\handlebars  \dist\cjs\handlebars\compiler\base.js:46:33)
      at HandlebarsEnvironment.parse (D:\Proyectos\HR-Library\node_modules\handl  ebars\dist\cjs\handlebars\compiler\base.js:52:13)
      at compile (D:\Proyectos\HR-Library\node_modules\handlebars-loader\index.j  s:234:18)
      at module.exports (D:\Proyectos\HR-Library\node_modules\handlebars-loader\  index.js:461:5)
  ModuleBuildError: Module build [1m[31mfailed[39m[22m[1m (from ./node_modules/handlebars-loader/i  ndex.js):
  [1m[31mError[39m[22m[1m: Parse [1m[31merror[39m[22m[1m on line 97:
  ...{{/layout-main}}{{/layout-main}}
  -------------------^
  Expecting 'EOF', got 'OPEN_ENDBLOCK'
      at Parser.parseError (D:\Proyectos\HR-Library\node_modules\handlebars\dist  \cjs\handlebars\compiler\parser.js:267:19)
      at Parser.parse (D:\Proyectos\HR-Library\node_modules\handlebars\dist\cjs\  handlebars\compiler\parser.js:336:30)
      at parseWithoutProcessing (D:\Proyectos\HR-Library\node_modules\handlebars  \dist\cjs\handlebars\compiler\base.js:46:33)
      at HandlebarsEnvironment.parse (D:\Proyectos\HR-Library\node_modules\handl  ebars\dist\cjs\handlebars\compiler\base.js:52:13)
      at compile (D:\Proyectos\HR-Library\node_modules\handlebars-loader\index.j  s:234:18)
      at module.exports (D:\Proyectos\HR-Library\node_modules\handlebars-loader\  index.js:461:5)
      at processResult (D:\Proyectos\HR-Library\node_modules\webpack\lib\NormalM  odule.js:764:19)
      at D:\Proyectos\HR-Library\node_modules\webpack\lib\NormalModule.js:866:5
      at D:\Proyectos\HR-Library\node_modules\loader-runner\lib\LoaderRunner.js:  499:11
      at runSyncOrAsyncCallback (D:\Proyectos\HR-Library\node_modules\loader-run  ner\lib\LoaderRunner.js:259:19)
      at innerCallback (D:\Proyectos\HR-Library\node_modules\loader-runner\lib\L  oaderRunner.js:175:13)
      at compile (D:\Proyectos\HR-Library\node_modules\handlebars-loader\index.j  s:238:14)
      at module.exports (D:\Proyectos\HR-Library\node_modules\handlebars-loader\  index.js:461:5)
      at LOADER_EXECUTION (D:\Proyectos\HR-Library\node_modules\loader-runner\li  b\LoaderRunner.js:195:14)
      at runSyncOrAsync (D:\Proyectos\HR-Library\node_modules\loader-runner\lib\  LoaderRunner.js:196:5)
      at iterateNormalLoaders (D:\Proyectos\HR-Library\node_modules\loader-runne  r\lib\LoaderRunner.js:258:2)
  Module build [1m[31mfailed[39m[22m[1m (from ./node_modules/handlebars-loader/index.js):
  [1m[31mError[39m[22m[1m: Parse [1m[31merror[39m[22m[1m on line 146:
  ...{{/layout-main}}{{/layout-main}}
  -------------------^
  Expecting 'EOF', got 'OPEN_ENDBLOCK'
      at Parser.parseError (D:\Proyectos\HR-Library\node_modules\handlebars\dist  \cjs\handlebars\compiler\parser.js:267:19)
      at Parser.parse (D:\Proyectos\HR-Library\node_modules\handlebars\dist\cjs\  handlebars\compiler\parser.js:336:30)
      at parseWithoutProcessing (D:\Proyectos\HR-Library\node_modules\handlebars  \dist\cjs\handlebars\compiler\base.js:46:33)
      at HandlebarsEnvironment.parse (D:\Proyectos\HR-Library\node_modules\handl  ebars\dist\cjs\handlebars\compiler\base.js:52:13)
      at compile (D:\Proyectos\HR-Library\node_modules\handlebars-loader\index.j  s:234:18)
      at module.exports (D:\Proyectos\HR-Library\node_modules\handlebars-loader\  index.js:461:5)
  ModuleBuildError: Module build [1m[31mfailed[39m[22m[1m (from ./node_modules/handlebars-loader/i  ndex.js):
  [1m[31mError[39m[22m[1m: Parse [1m[31merror[39m[22m[1m on line 146:
  ...{{/layout-main}}{{/layout-main}}
  -------------------^
  Expecting 'EOF', got 'OPEN_ENDBLOCK'
      at Parser.parseError (D:\Proyectos\HR-Library\node_modules\handlebars\dist  \cjs\handlebars\compiler\parser.js:267:19)
      at Parser.parse (D:\Proyectos\HR-Library\node_modules\handlebars\dist\cjs\  handlebars\compiler\parser.js:336:30)
      at parseWithoutProcessing (D:\Proyectos\HR-Library\node_modules\handlebars  \dist\cjs\handlebars\compiler\base.js:46:33)
      at HandlebarsEnvironment.parse (D:\Proyectos\HR-Library\node_modules\handl  ebars\dist\cjs\handlebars\compiler\base.js:52:13)
      at compile (D:\Proyectos\HR-Library\node_modules\handlebars-loader\index.j  s:234:18)
      at module.exports (D:\Proyectos\HR-Library\node_modules\handlebars-loader\  index.js:461:5)
      at processResult (D:\Proyectos\HR-Library\node_modules\webpack\lib\NormalM  odule.js:764:19)
      at D:\Proyectos\HR-Library\node_modules\webpack\lib\NormalModule.js:866:5
      at D:\Proyectos\HR-Library\node_modules\loader-runner\lib\LoaderRunner.js:  499:11
      at runSyncOrAsyncCallback (D:\Proyectos\HR-Library\node_modules\loader-run  ner\lib\LoaderRunner.js:259:19)
      at innerCallback (D:\Proyectos\HR-Library\node_modules\loader-runner\lib\L  oaderRunner.js:175:13)
      at compile (D:\Proyectos\HR-Library\node_modules\handlebars-loader\index.j  s:238:14)
      at module.exports (D:\Proyectos\HR-Library\node_modules\handlebars-loader\  index.js:461:5)
      at LOADER_EXECUTION (D:\Proyectos\HR-Library\node_modules\loader-runner\li  b\LoaderRunner.js:195:14)
      at runSyncOrAsync (D:\Proyectos\HR-Library\node_modules\loader-runner\lib\  LoaderRunner.js:196:5)
      at iterateNormalLoaders (D:\Proyectos\HR-Library\node_modules\loader-runne  r\lib\LoaderRunner.js:258:2)
  Module build [1m[31mfailed[39m[22m[1m (from ./node_modules/handlebars-loader/index.js):
  [1m[31mError[39m[22m[1m: Parse [1m[31merror[39m[22m[1m on line 183:
  ...{{/layout-main}}{{/layout-main}}
  -------------------^
  Expecting 'EOF', got 'OPEN_ENDBLOCK'
      at Parser.parseError (D:\Proyectos\HR-Library\node_modules\handlebars\dist  \cjs\handlebars\compiler\parser.js:267:19)
      at Parser.parse (D:\Proyectos\HR-Library\node_modules\handlebars\dist\cjs\  handlebars\compiler\parser.js:336:30)
      at parseWithoutProcessing (D:\Proyectos\HR-Library\node_modules\handlebars  \dist\cjs\handlebars\compiler\base.js:46:33)
      at HandlebarsEnvironment.parse (D:\Proyectos\HR-Library\node_modules\handl  ebars\dist\cjs\handlebars\compiler\base.js:52:13)
      at compile (D:\Proyectos\HR-Library\node_modules\handlebars-loader\index.j  s:234:18)
      at module.exports (D:\Proyectos\HR-Library\node_modules\handlebars-loader\  index.js:461:5)
  ModuleBuildError: Module build [1m[31mfailed[39m[22m[1m (from ./node_modules/handlebars-loader/i  ndex.js):
  [1m[31mError[39m[22m[1m: Parse [1m[31merror[39m[22m[1m on line 183:
  ...{{/layout-main}}{{/layout-main}}
  -------------------^
  Expecting 'EOF', got 'OPEN_ENDBLOCK'
      at Parser.parseError (D:\Proyectos\HR-Library\node_modules\handlebars\dist  \cjs\handlebars\compiler\parser.js:267:19)
      at Parser.parse (D:\Proyectos\HR-Library\node_modules\handlebars\dist\cjs\  handlebars\compiler\parser.js:336:30)
      at parseWithoutProcessing (D:\Proyectos\HR-Library\node_modules\handlebars  \dist\cjs\handlebars\compiler\base.js:46:33)
      at HandlebarsEnvironment.parse (D:\Proyectos\HR-Library\node_modules\handl  ebars\dist\cjs\handlebars\compiler\base.js:52:13)
      at compile (D:\Proyectos\HR-Library\node_modules\handlebars-loader\index.j  s:234:18)
      at module.exports (D:\Proyectos\HR-Library\node_modules\handlebars-loader\  index.js:461:5)
      at processResult (D:\Proyectos\HR-Library\node_modules\webpack\lib\NormalM  odule.js:764:19)
      at D:\Proyectos\HR-Library\node_modules\webpack\lib\NormalModule.js:866:5
      at D:\Proyectos\HR-Library\node_modules\loader-runner\lib\LoaderRunner.js:  499:11
      at runSyncOrAsyncCallback (D:\Proyectos\HR-Library\node_modules\loader-run  ner\lib\LoaderRunner.js:259:19)
      at innerCallback (D:\Proyectos\HR-Library\node_modules\loader-runner\lib\L  oaderRunner.js:175:13)
      at compile (D:\Proyectos\HR-Library\node_modules\handlebars-loader\index.j  s:238:14)
      at module.exports (D:\Proyectos\HR-Library\node_modules\handlebars-loader\  index.js:461:5)
      at LOADER_EXECUTION (D:\Proyectos\HR-Library\node_modules\loader-runner\li  b\LoaderRunner.js:195:14)
      at runSyncOrAsync (D:\Proyectos\HR-Library\node_modules\loader-runner\lib\  LoaderRunner.js:196:5)
      at iterateNormalLoaders (D:\Proyectos\HR-Library\node_modules\loader-runne  r\lib\LoaderRunner.js:258:2)
  Module build [1m[31mfailed[39m[22m[1m (from ./node_modules/handlebars-loader/index.js):
  [1m[31mError[39m[22m[1m: Parse [1m[31merror[39m[22m[1m on line 216:
  ...{{/layout-main}}{{/layout-main}}
  -------------------^
  Expecting 'EOF', got 'OPEN_ENDBLOCK'
      at Parser.parseError (D:\Proyectos\HR-Library\node_modules\handlebars\dist  \cjs\handlebars\compiler\parser.js:267:19)
      at Parser.parse (D:\Proyectos\HR-Library\node_modules\handlebars\dist\cjs\  handlebars\compiler\parser.js:336:30)
      at parseWithoutProcessing (D:\Proyectos\HR-Library\node_modules\handlebars  \dist\cjs\handlebars\compiler\base.js:46:33)
      at HandlebarsEnvironment.parse (D:\Proyectos\HR-Library\node_modules\handl  ebars\dist\cjs\handlebars\compiler\base.js:52:13)
      at compile (D:\Proyectos\HR-Library\node_modules\handlebars-loader\index.j  s:234:18)
      at module.exports (D:\Proyectos\HR-Library\node_modules\handlebars-loader\  index.js:461:5)
  ModuleBuildError: Module build [1m[31mfailed[39m[22m[1m (from ./node_modules/handlebars-loader/i  ndex.js):
  [1m[31mError[39m[22m[1m: Parse [1m[31merror[39m[22m[1m on line 216:
  ...{{/layout-main}}{{/layout-main}}
  -------------------^
  Expecting 'EOF', got 'OPEN_ENDBLOCK'
      at Parser.parseError (D:\Proyectos\HR-Library\node_modules\handlebars\dist  \cjs\handlebars\compiler\parser.js:267:19)
      at Parser.parse (D:\Proyectos\HR-Library\node_modules\handlebars\dist\cjs\  handlebars\compiler\parser.js:336:30)
      at parseWithoutProcessing (D:\Proyectos\HR-Library\node_modules\handlebars  \dist\cjs\handlebars\compiler\base.js:46:33)
      at HandlebarsEnvironment.parse (D:\Proyectos\HR-Library\node_modules\handl  ebars\dist\cjs\handlebars\compiler\base.js:52:13)
      at compile (D:\Proyectos\HR-Library\node_modules\handlebars-loader\index.j  s:234:18)
      at module.exports (D:\Proyectos\HR-Library\node_modules\handlebars-loader\  index.js:461:5)
      at processResult (D:\Proyectos\HR-Library\node_modules\webpack\lib\NormalM  odule.js:764:19)
      at D:\Proyectos\HR-Library\node_modules\webpack\lib\NormalModule.js:866:5
      at D:\Proyectos\HR-Library\node_modules\loader-runner\lib\LoaderRunner.js:  499:11
      at runSyncOrAsyncCallback (D:\Proyectos\HR-Library\node_modules\loader-run  ner\lib\LoaderRunner.js:259:19)
      at innerCallback (D:\Proyectos\HR-Library\node_modules\loader-runner\lib\L  oaderRunner.js:175:13)
      at compile (D:\Proyectos\HR-Library\node_modules\handlebars-loader\index.j  s:238:14)
      at module.exports (D:\Proyectos\HR-Library\node_modules\handlebars-loader\  index.js:461:5)
      at LOADER_EXECUTION (D:\Proyectos\HR-Library\node_modules\loader-runner\li  b\LoaderRunner.js:195:14)
      at runSyncOrAsync (D:\Proyectos\HR-Library\node_modules\loader-runner\lib\  LoaderRunner.js:196:5)
      at iterateNormalLoaders (D:\Proyectos\HR-Library\node_modules\loader-runne  r\lib\LoaderRunner.js:258:2)
  
  - parser.js:267 Parser.parseError
    [HR-Library]/[handlebars]/dist/cjs/handlebars/compiler/parser.js:267:19
  
  - parser.js:336 Parser.parse
    [HR-Library]/[handlebars]/dist/cjs/handlebars/compiler/parser.js:336:30
  
  - base.js:46 parseWithoutProcessing
    [HR-Library]/[handlebars]/dist/cjs/handlebars/compiler/base.js:46:33
  
  - base.js:52 HandlebarsEnvironment.parse
    [HR-Library]/[handlebars]/dist/cjs/handlebars/compiler/base.js:52:13
  
  - index.js:234 compile
    [HR-Library]/[handlebars-loader]/index.js:234:18
  
  - index.js:461 module.exports
    [HR-Library]/[handlebars-loader]/index.js:461:5
  
  - ModuleBuildError: Module build [1m[31mfailed[39m[22m[1m (from ./node_modules/handlebars-loader    /index.js):
  
  - [1m[31mError[39m[22m[1m: Parse [1m[31merror[39m[22m[1m on line 68:
  
  - ...{{/layout-main}}{{/layout-main}}
  
  - -------------------^
  
  - Expecting 'EOF', got 'OPEN_ENDBLOCK'
  
  - parser.js:267 Parser.parseError
    [HR-Library]/[handlebars]/dist/cjs/handlebars/compiler/parser.js:267:19
  
  - parser.js:336 Parser.parse
    [HR-Library]/[handlebars]/dist/cjs/handlebars/compiler/parser.js:336:30
  
  - base.js:46 parseWithoutProcessing
    [HR-Library]/[handlebars]/dist/cjs/handlebars/compiler/base.js:46:33
  
  - base.js:52 HandlebarsEnvironment.parse
    [HR-Library]/[handlebars]/dist/cjs/handlebars/compiler/base.js:52:13
  
  - index.js:234 compile
    [HR-Library]/[handlebars-loader]/index.js:234:18
  
  - index.js:461 module.exports
    [HR-Library]/[handlebars-loader]/index.js:461:5
  
  - NormalModule.js:764 processResult
    [HR-Library]/[webpack]/lib/NormalModule.js:764:19
  
  - NormalModule.js:866 
    [HR-Library]/[webpack]/lib/NormalModule.js:866:5
  
  - LoaderRunner.js:499 
    [HR-Library]/[loader-runner]/lib/LoaderRunner.js:499:11
  
  - LoaderRunner.js:259 runSyncOrAsyncCallback
    [HR-Library]/[loader-runner]/lib/LoaderRunner.js:259:19
  
  - LoaderRunner.js:175 innerCallback
    [HR-Library]/[loader-runner]/lib/LoaderRunner.js:175:13
  
  - index.js:238 compile
    [HR-Library]/[handlebars-loader]/index.js:238:14
  
  - index.js:461 module.exports
    [HR-Library]/[handlebars-loader]/index.js:461:5
  
  - LoaderRunner.js:195 LOADER_EXECUTION
    [HR-Library]/[loader-runner]/lib/LoaderRunner.js:195:14
  
  - LoaderRunner.js:196 runSyncOrAsync
    [HR-Library]/[loader-runner]/lib/LoaderRunner.js:196:5
  
  - LoaderRunner.js:258 iterateNormalLoaders
    [HR-Library]/[loader-runner]/lib/LoaderRunner.js:258:2
  
  - Module build [1m[31mfailed[39m[22m[1m (from ./node_modules/handlebars-loader/index.js):
  
  - [1m[31mError[39m[22m[1m: Parse [1m[31merror[39m[22m[1m on line 201:
  
  - ...{{/layout-main}}{{/layout-main}}
  
  - -------------------^
  
  - Expecting 'EOF', got 'OPEN_ENDBLOCK'
  
  - parser.js:267 Parser.parseError
    [HR-Library]/[handlebars]/dist/cjs/handlebars/compiler/parser.js:267:19
  
  - parser.js:336 Parser.parse
    [HR-Library]/[handlebars]/dist/cjs/handlebars/compiler/parser.js:336:30
  
  - base.js:46 parseWithoutProcessing
    [HR-Library]/[handlebars]/dist/cjs/handlebars/compiler/base.js:46:33
  
  - base.js:52 HandlebarsEnvironment.parse
    [HR-Library]/[handlebars]/dist/cjs/handlebars/compiler/base.js:52:13
  
  - index.js:234 compile
    [HR-Library]/[handlebars-loader]/index.js:234:18
  
  - index.js:461 module.exports
    [HR-Library]/[handlebars-loader]/index.js:461:5
  
  - ModuleBuildError: Module build [1m[31mfailed[39m[22m[1m (from ./node_modules/handlebars-loader    /index.js):
  
  - [1m[31mError[39m[22m[1m: Parse [1m[31merror[39m[22m[1m on line 201:
  
  - ...{{/layout-main}}{{/layout-main}}
  
  - -------------------^
  
  - Expecting 'EOF', got 'OPEN_ENDBLOCK'
  
  - parser.js:267 Parser.parseError
    [HR-Library]/[handlebars]/dist/cjs/handlebars/compiler/parser.js:267:19
  
  - parser.js:336 Parser.parse
    [HR-Library]/[handlebars]/dist/cjs/handlebars/compiler/parser.js:336:30
  
  - base.js:46 parseWithoutProcessing
    [HR-Library]/[handlebars]/dist/cjs/handlebars/compiler/base.js:46:33
  
  - base.js:52 HandlebarsEnvironment.parse
    [HR-Library]/[handlebars]/dist/cjs/handlebars/compiler/base.js:52:13
  
  - index.js:234 compile
    [HR-Library]/[handlebars-loader]/index.js:234:18
  
  - index.js:461 module.exports
    [HR-Library]/[handlebars-loader]/index.js:461:5
  
  - NormalModule.js:764 processResult
    [HR-Library]/[webpack]/lib/NormalModule.js:764:19
  
  - NormalModule.js:866 
    [HR-Library]/[webpack]/lib/NormalModule.js:866:5
  
[39m[22m

[1m[31mERROR[39m[22m in [1m  [1m[31mError[39m[22m[1m: Child compilation [1m[31mfailed[39m[22m[1m:
  Module build [1m[31mfailed[39m[22m[1m (from ./node_modules/handlebars-loader/index.js):
  [1m[31mError[39m[22m[1m: Parse [1m[31merror[39m[22m[1m on line 68:
  ...{{/layout-main}}{{/layout-main}}
  -------------------^
  Expecting 'EOF', got 'OPEN_ENDBLOCK'
      at Parser.parseError (D:\Proyectos\HR-Library\node_modules\handlebars\dist  \cjs\handlebars\compiler\parser.js:267:19)
      at Parser.parse (D:\Proyectos\HR-Library\node_modules\handlebars\dist\cjs\  handlebars\compiler\parser.js:336:30)
      at parseWithoutProcessing (D:\Proyectos\HR-Library\node_modules\handlebars  \dist\cjs\handlebars\compiler\base.js:46:33)
      at HandlebarsEnvironment.parse (D:\Proyectos\HR-Library\node_modules\handl  ebars\dist\cjs\handlebars\compiler\base.js:52:13)
      at compile (D:\Proyectos\HR-Library\node_modules\handlebars-loader\index.j  s:234:18)
      at module.exports (D:\Proyectos\HR-Library\node_modules\handlebars-loader\  index.js:461:5)
  ModuleBuildError: Module build [1m[31mfailed[39m[22m[1m (from ./node_modules/handlebars-loader/i  ndex.js):
  [1m[31mError[39m[22m[1m: Parse [1m[31merror[39m[22m[1m on line 68:
  ...{{/layout-main}}{{/layout-main}}
  -------------------^
  Expecting 'EOF', got 'OPEN_ENDBLOCK'
      at Parser.parseError (D:\Proyectos\HR-Library\node_modules\handlebars\dist  \cjs\handlebars\compiler\parser.js:267:19)
      at Parser.parse (D:\Proyectos\HR-Library\node_modules\handlebars\dist\cjs\  handlebars\compiler\parser.js:336:30)
      at parseWithoutProcessing (D:\Proyectos\HR-Library\node_modules\handlebars  \dist\cjs\handlebars\compiler\base.js:46:33)
      at HandlebarsEnvironment.parse (D:\Proyectos\HR-Library\node_modules\handl  ebars\dist\cjs\handlebars\compiler\base.js:52:13)
      at compile (D:\Proyectos\HR-Library\node_modules\handlebars-loader\index.j  s:234:18)
      at module.exports (D:\Proyectos\HR-Library\node_modules\handlebars-loader\  index.js:461:5)
      at processResult (D:\Proyectos\HR-Library\node_modules\webpack\lib\NormalM  odule.js:764:19)
      at D:\Proyectos\HR-Library\node_modules\webpack\lib\NormalModule.js:866:5
      at D:\Proyectos\HR-Library\node_modules\loader-runner\lib\LoaderRunner.js:  499:11
      at runSyncOrAsyncCallback (D:\Proyectos\HR-Library\node_modules\loader-run  ner\lib\LoaderRunner.js:259:19)
      at innerCallback (D:\Proyectos\HR-Library\node_modules\loader-runner\lib\L  oaderRunner.js:175:13)
      at compile (D:\Proyectos\HR-Library\node_modules\handlebars-loader\index.j  s:238:14)
      at module.exports (D:\Proyectos\HR-Library\node_modules\handlebars-loader\  index.js:461:5)
      at LOADER_EXECUTION (D:\Proyectos\HR-Library\node_modules\loader-runner\li  b\LoaderRunner.js:195:14)
      at runSyncOrAsync (D:\Proyectos\HR-Library\node_modules\loader-runner\lib\  LoaderRunner.js:196:5)
      at iterateNormalLoaders (D:\Proyectos\HR-Library\node_modules\loader-runne  r\lib\LoaderRunner.js:258:2)
  Module build [1m[31mfailed[39m[22m[1m (from ./node_modules/handlebars-loader/index.js):
  [1m[31mError[39m[22m[1m: Parse [1m[31merror[39m[22m[1m on line 201:
  ...{{/layout-main}}{{/layout-main}}
  -------------------^
  Expecting 'EOF', got 'OPEN_ENDBLOCK'
      at Parser.parseError (D:\Proyectos\HR-Library\node_modules\handlebars\dist  \cjs\handlebars\compiler\parser.js:267:19)
      at Parser.parse (D:\Proyectos\HR-Library\node_modules\handlebars\dist\cjs\  handlebars\compiler\parser.js:336:30)
      at parseWithoutProcessing (D:\Proyectos\HR-Library\node_modules\handlebars  \dist\cjs\handlebars\compiler\base.js:46:33)
      at HandlebarsEnvironment.parse (D:\Proyectos\HR-Library\node_modules\handl  ebars\dist\cjs\handlebars\compiler\base.js:52:13)
      at compile (D:\Proyectos\HR-Library\node_modules\handlebars-loader\index.j  s:234:18)
      at module.exports (D:\Proyectos\HR-Library\node_modules\handlebars-loader\  index.js:461:5)
  ModuleBuildError: Module build [1m[31mfailed[39m[22m[1m (from ./node_modules/handlebars-loader/i  ndex.js):
  [1m[31mError[39m[22m[1m: Parse [1m[31merror[39m[22m[1m on line 201:
  ...{{/layout-main}}{{/layout-main}}
  -------------------^
  Expecting 'EOF', got 'OPEN_ENDBLOCK'
      at Parser.parseError (D:\Proyectos\HR-Library\node_modules\handlebars\dist  \cjs\handlebars\compiler\parser.js:267:19)
      at Parser.parse (D:\Proyectos\HR-Library\node_modules\handlebars\dist\cjs\  handlebars\compiler\parser.js:336:30)
      at parseWithoutProcessing (D:\Proyectos\HR-Library\node_modules\handlebars  \dist\cjs\handlebars\compiler\base.js:46:33)
      at HandlebarsEnvironment.parse (D:\Proyectos\HR-Library\node_modules\handl  ebars\dist\cjs\handlebars\compiler\base.js:52:13)
      at compile (D:\Proyectos\HR-Library\node_modules\handlebars-loader\index.j  s:234:18)
      at module.exports (D:\Proyectos\HR-Library\node_modules\handlebars-loader\  index.js:461:5)
      at processResult (D:\Proyectos\HR-Library\node_modules\webpack\lib\NormalM  odule.js:764:19)
      at D:\Proyectos\HR-Library\node_modules\webpack\lib\NormalModule.js:866:5
      at D:\Proyectos\HR-Library\node_modules\loader-runner\lib\LoaderRunner.js:  499:11
      at runSyncOrAsyncCallback (D:\Proyectos\HR-Library\node_modules\loader-run  ner\lib\LoaderRunner.js:259:19)
      at innerCallback (D:\Proyectos\HR-Library\node_modules\loader-runner\lib\L  oaderRunner.js:175:13)
      at compile (D:\Proyectos\HR-Library\node_modules\handlebars-loader\index.j  s:238:14)
      at module.exports (D:\Proyectos\HR-Library\node_modules\handlebars-loader\  index.js:461:5)
      at LOADER_EXECUTION (D:\Proyectos\HR-Library\node_modules\loader-runner\li  b\LoaderRunner.js:195:14)
      at runSyncOrAsync (D:\Proyectos\HR-Library\node_modules\loader-runner\lib\  LoaderRunner.js:196:5)
      at iterateNormalLoaders (D:\Proyectos\HR-Library\node_modules\loader-runne  r\lib\LoaderRunner.js:258:2)
  Module build [1m[31mfailed[39m[22m[1m (from ./node_modules/handlebars-loader/index.js):
  [1m[31mError[39m[22m[1m: Parse [1m[31merror[39m[22m[1m on line 97:
  ...{{/layout-main}}{{/layout-main}}
  -------------------^
  Expecting 'EOF', got 'OPEN_ENDBLOCK'
      at Parser.parseError (D:\Proyectos\HR-Library\node_modules\handlebars\dist  \cjs\handlebars\compiler\parser.js:267:19)
      at Parser.parse (D:\Proyectos\HR-Library\node_modules\handlebars\dist\cjs\  handlebars\compiler\parser.js:336:30)
      at parseWithoutProcessing (D:\Proyectos\HR-Library\node_modules\handlebars  \dist\cjs\handlebars\compiler\base.js:46:33)
      at HandlebarsEnvironment.parse (D:\Proyectos\HR-Library\node_modules\handl  ebars\dist\cjs\handlebars\compiler\base.js:52:13)
      at compile (D:\Proyectos\HR-Library\node_modules\handlebars-loader\index.j  s:234:18)
      at module.exports (D:\Proyectos\HR-Library\node_modules\handlebars-loader\  index.js:461:5)
  ModuleBuildError: Module build [1m[31mfailed[39m[22m[1m (from ./node_modules/handlebars-loader/i  ndex.js):
  [1m[31mError[39m[22m[1m: Parse [1m[31merror[39m[22m[1m on line 97:
  ...{{/layout-main}}{{/layout-main}}
  -------------------^
  Expecting 'EOF', got 'OPEN_ENDBLOCK'
      at Parser.parseError (D:\Proyectos\HR-Library\node_modules\handlebars\dist  \cjs\handlebars\compiler\parser.js:267:19)
      at Parser.parse (D:\Proyectos\HR-Library\node_modules\handlebars\dist\cjs\  handlebars\compiler\parser.js:336:30)
      at parseWithoutProcessing (D:\Proyectos\HR-Library\node_modules\handlebars  \dist\cjs\handlebars\compiler\base.js:46:33)
      at HandlebarsEnvironment.parse (D:\Proyectos\HR-Library\node_modules\handl  ebars\dist\cjs\handlebars\compiler\base.js:52:13)
      at compile (D:\Proyectos\HR-Library\node_modules\handlebars-loader\index.j  s:234:18)
      at module.exports (D:\Proyectos\HR-Library\node_modules\handlebars-loader\  index.js:461:5)
      at processResult (D:\Proyectos\HR-Library\node_modules\webpack\lib\NormalM  odule.js:764:19)
      at D:\Proyectos\HR-Library\node_modules\webpack\lib\NormalModule.js:866:5
      at D:\Proyectos\HR-Library\node_modules\loader-runner\lib\LoaderRunner.js:  499:11
      at runSyncOrAsyncCallback (D:\Proyectos\HR-Library\node_modules\loader-run  ner\lib\LoaderRunner.js:259:19)
      at innerCallback (D:\Proyectos\HR-Library\node_modules\loader-runner\lib\L  oaderRunner.js:175:13)
      at compile (D:\Proyectos\HR-Library\node_modules\handlebars-loader\index.j  s:238:14)
      at module.exports (D:\Proyectos\HR-Library\node_modules\handlebars-loader\  index.js:461:5)
      at LOADER_EXECUTION (D:\Proyectos\HR-Library\node_modules\loader-runner\li  b\LoaderRunner.js:195:14)
      at runSyncOrAsync (D:\Proyectos\HR-Library\node_modules\loader-runner\lib\  LoaderRunner.js:196:5)
      at iterateNormalLoaders (D:\Proyectos\HR-Library\node_modules\loader-runne  r\lib\LoaderRunner.js:258:2)
  Module build [1m[31mfailed[39m[22m[1m (from ./node_modules/handlebars-loader/index.js):
  [1m[31mError[39m[22m[1m: Parse [1m[31merror[39m[22m[1m on line 146:
  ...{{/layout-main}}{{/layout-main}}
  -------------------^
  Expecting 'EOF', got 'OPEN_ENDBLOCK'
      at Parser.parseError (D:\Proyectos\HR-Library\node_modules\handlebars\dist  \cjs\handlebars\compiler\parser.js:267:19)
      at Parser.parse (D:\Proyectos\HR-Library\node_modules\handlebars\dist\cjs\  handlebars\compiler\parser.js:336:30)
      at parseWithoutProcessing (D:\Proyectos\HR-Library\node_modules\handlebars  \dist\cjs\handlebars\compiler\base.js:46:33)
      at HandlebarsEnvironment.parse (D:\Proyectos\HR-Library\node_modules\handl  ebars\dist\cjs\handlebars\compiler\base.js:52:13)
      at compile (D:\Proyectos\HR-Library\node_modules\handlebars-loader\index.j  s:234:18)
      at module.exports (D:\Proyectos\HR-Library\node_modules\handlebars-loader\  index.js:461:5)
  ModuleBuildError: Module build [1m[31mfailed[39m[22m[1m (from ./node_modules/handlebars-loader/i  ndex.js):
  [1m[31mError[39m[22m[1m: Parse [1m[31merror[39m[22m[1m on line 146:
  ...{{/layout-main}}{{/layout-main}}
  -------------------^
  Expecting 'EOF', got 'OPEN_ENDBLOCK'
      at Parser.parseError (D:\Proyectos\HR-Library\node_modules\handlebars\dist  \cjs\handlebars\compiler\parser.js:267:19)
      at Parser.parse (D:\Proyectos\HR-Library\node_modules\handlebars\dist\cjs\  handlebars\compiler\parser.js:336:30)
      at parseWithoutProcessing (D:\Proyectos\HR-Library\node_modules\handlebars  \dist\cjs\handlebars\compiler\base.js:46:33)
      at HandlebarsEnvironment.parse (D:\Proyectos\HR-Library\node_modules\handl  ebars\dist\cjs\handlebars\compiler\base.js:52:13)
      at compile (D:\Proyectos\HR-Library\node_modules\handlebars-loader\index.j  s:234:18)
      at module.exports (D:\Proyectos\HR-Library\node_modules\handlebars-loader\  index.js:461:5)
      at processResult (D:\Proyectos\HR-Library\node_modules\webpack\lib\NormalM  odule.js:764:19)
      at D:\Proyectos\HR-Library\node_modules\webpack\lib\NormalModule.js:866:5
      at D:\Proyectos\HR-Library\node_modules\loader-runner\lib\LoaderRunner.js:  499:11
      at runSyncOrAsyncCallback (D:\Proyectos\HR-Library\node_modules\loader-run  ner\lib\LoaderRunner.js:259:19)
      at innerCallback (D:\Proyectos\HR-Library\node_modules\loader-runner\lib\L  oaderRunner.js:175:13)
      at compile (D:\Proyectos\HR-Library\node_modules\handlebars-loader\index.j  s:238:14)
      at module.exports (D:\Proyectos\HR-Library\node_modules\handlebars-loader\  index.js:461:5)
      at LOADER_EXECUTION (D:\Proyectos\HR-Library\node_modules\loader-runner\li  b\LoaderRunner.js:195:14)
      at runSyncOrAsync (D:\Proyectos\HR-Library\node_modules\loader-runner\lib\  LoaderRunner.js:196:5)
      at iterateNormalLoaders (D:\Proyectos\HR-Library\node_modules\loader-runne  r\lib\LoaderRunner.js:258:2)
  Module build [1m[31mfailed[39m[22m[1m (from ./node_modules/handlebars-loader/index.js):
  [1m[31mError[39m[22m[1m: Parse [1m[31merror[39m[22m[1m on line 183:
  ...{{/layout-main}}{{/layout-main}}
  -------------------^
  Expecting 'EOF', got 'OPEN_ENDBLOCK'
      at Parser.parseError (D:\Proyectos\HR-Library\node_modules\handlebars\dist  \cjs\handlebars\compiler\parser.js:267:19)
      at Parser.parse (D:\Proyectos\HR-Library\node_modules\handlebars\dist\cjs\  handlebars\compiler\parser.js:336:30)
      at parseWithoutProcessing (D:\Proyectos\HR-Library\node_modules\handlebars  \dist\cjs\handlebars\compiler\base.js:46:33)
      at HandlebarsEnvironment.parse (D:\Proyectos\HR-Library\node_modules\handl  ebars\dist\cjs\handlebars\compiler\base.js:52:13)
      at compile (D:\Proyectos\HR-Library\node_modules\handlebars-loader\index.j  s:234:18)
      at module.exports (D:\Proyectos\HR-Library\node_modules\handlebars-loader\  index.js:461:5)
  ModuleBuildError: Module build [1m[31mfailed[39m[22m[1m (from ./node_modules/handlebars-loader/i  ndex.js):
  [1m[31mError[39m[22m[1m: Parse [1m[31merror[39m[22m[1m on line 183:
  ...{{/layout-main}}{{/layout-main}}
  -------------------^
  Expecting 'EOF', got 'OPEN_ENDBLOCK'
      at Parser.parseError (D:\Proyectos\HR-Library\node_modules\handlebars\dist  \cjs\handlebars\compiler\parser.js:267:19)
      at Parser.parse (D:\Proyectos\HR-Library\node_modules\handlebars\dist\cjs\  handlebars\compiler\parser.js:336:30)
      at parseWithoutProcessing (D:\Proyectos\HR-Library\node_modules\handlebars  \dist\cjs\handlebars\compiler\base.js:46:33)
      at HandlebarsEnvironment.parse (D:\Proyectos\HR-Library\node_modules\handl  ebars\dist\cjs\handlebars\compiler\base.js:52:13)
      at compile (D:\Proyectos\HR-Library\node_modules\handlebars-loader\index.j  s:234:18)
      at module.exports (D:\Proyectos\HR-Library\node_modules\handlebars-loader\  index.js:461:5)
      at processResult (D:\Proyectos\HR-Library\node_modules\webpack\lib\NormalM  odule.js:764:19)
      at D:\Proyectos\HR-Library\node_modules\webpack\lib\NormalModule.js:866:5
      at D:\Proyectos\HR-Library\node_modules\loader-runner\lib\LoaderRunner.js:  499:11
      at runSyncOrAsyncCallback (D:\Proyectos\HR-Library\node_modules\loader-run  ner\lib\LoaderRunner.js:259:19)
      at innerCallback (D:\Proyectos\HR-Library\node_modules\loader-runner\lib\L  oaderRunner.js:175:13)
      at compile (D:\Proyectos\HR-Library\node_modules\handlebars-loader\index.j  s:238:14)
      at module.exports (D:\Proyectos\HR-Library\node_modules\handlebars-loader\  index.js:461:5)
      at LOADER_EXECUTION (D:\Proyectos\HR-Library\node_modules\loader-runner\li  b\LoaderRunner.js:195:14)
      at runSyncOrAsync (D:\Proyectos\HR-Library\node_modules\loader-runner\lib\  LoaderRunner.js:196:5)
      at iterateNormalLoaders (D:\Proyectos\HR-Library\node_modules\loader-runne  r\lib\LoaderRunner.js:258:2)
  Module build [1m[31mfailed[39m[22m[1m (from ./node_modules/handlebars-loader/index.js):
  [1m[31mError[39m[22m[1m: Parse [1m[31merror[39m[22m[1m on line 216:
  ...{{/layout-main}}{{/layout-main}}
  -------------------^
  Expecting 'EOF', got 'OPEN_ENDBLOCK'
      at Parser.parseError (D:\Proyectos\HR-Library\node_modules\handlebars\dist  \cjs\handlebars\compiler\parser.js:267:19)
      at Parser.parse (D:\Proyectos\HR-Library\node_modules\handlebars\dist\cjs\  handlebars\compiler\parser.js:336:30)
      at parseWithoutProcessing (D:\Proyectos\HR-Library\node_modules\handlebars  \dist\cjs\handlebars\compiler\base.js:46:33)
      at HandlebarsEnvironment.parse (D:\Proyectos\HR-Library\node_modules\handl  ebars\dist\cjs\handlebars\compiler\base.js:52:13)
      at compile (D:\Proyectos\HR-Library\node_modules\handlebars-loader\index.j  s:234:18)
      at module.exports (D:\Proyectos\HR-Library\node_modules\handlebars-loader\  index.js:461:5)
  ModuleBuildError: Module build [1m[31mfailed[39m[22m[1m (from ./node_modules/handlebars-loader/i  ndex.js):
  [1m[31mError[39m[22m[1m: Parse [1m[31merror[39m[22m[1m on line 216:
  ...{{/layout-main}}{{/layout-main}}
  -------------------^
  Expecting 'EOF', got 'OPEN_ENDBLOCK'
      at Parser.parseError (D:\Proyectos\HR-Library\node_modules\handlebars\dist  \cjs\handlebars\compiler\parser.js:267:19)
      at Parser.parse (D:\Proyectos\HR-Library\node_modules\handlebars\dist\cjs\  handlebars\compiler\parser.js:336:30)
      at parseWithoutProcessing (D:\Proyectos\HR-Library\node_modules\handlebars  \dist\cjs\handlebars\compiler\base.js:46:33)
      at HandlebarsEnvironment.parse (D:\Proyectos\HR-Library\node_modules\handl  ebars\dist\cjs\handlebars\compiler\base.js:52:13)
      at compile (D:\Proyectos\HR-Library\node_modules\handlebars-loader\index.j  s:234:18)
      at module.exports (D:\Proyectos\HR-Library\node_modules\handlebars-loader\  index.js:461:5)
      at processResult (D:\Proyectos\HR-Library\node_modules\webpack\lib\NormalM  odule.js:764:19)
      at D:\Proyectos\HR-Library\node_modules\webpack\lib\NormalModule.js:866:5
      at D:\Proyectos\HR-Library\node_modules\loader-runner\lib\LoaderRunner.js:  499:11
      at runSyncOrAsyncCallback (D:\Proyectos\HR-Library\node_modules\loader-run  ner\lib\LoaderRunner.js:259:19)
      at innerCallback (D:\Proyectos\HR-Library\node_modules\loader-runner\lib\L  oaderRunner.js:175:13)
      at compile (D:\Proyectos\HR-Library\node_modules\handlebars-loader\index.j  s:238:14)
      at module.exports (D:\Proyectos\HR-Library\node_modules\handlebars-loader\  index.js:461:5)
      at LOADER_EXECUTION (D:\Proyectos\HR-Library\node_modules\loader-runner\li  b\LoaderRunner.js:195:14)
      at runSyncOrAsync (D:\Proyectos\HR-Library\node_modules\loader-runner\lib\  LoaderRunner.js:196:5)
      at iterateNormalLoaders (D:\Proyectos\HR-Library\node_modules\loader-runne  r\lib\LoaderRunner.js:258:2)
  
  - parser.js:267 Parser.parseError
    [HR-Library]/[handlebars]/dist/cjs/handlebars/compiler/parser.js:267:19
  
  - parser.js:336 Parser.parse
    [HR-Library]/[handlebars]/dist/cjs/handlebars/compiler/parser.js:336:30
  
  - base.js:46 parseWithoutProcessing
    [HR-Library]/[handlebars]/dist/cjs/handlebars/compiler/base.js:46:33
  
  - base.js:52 HandlebarsEnvironment.parse
    [HR-Library]/[handlebars]/dist/cjs/handlebars/compiler/base.js:52:13
  
  - index.js:234 compile
    [HR-Library]/[handlebars-loader]/index.js:234:18
  
  - index.js:461 module.exports
    [HR-Library]/[handlebars-loader]/index.js:461:5
  
  - ModuleBuildError: Module build [1m[31mfailed[39m[22m[1m (from ./node_modules/handlebars-loader    /index.js):
  
  - [1m[31mError[39m[22m[1m: Parse [1m[31merror[39m[22m[1m on line 68:
  
  - ...{{/layout-main}}{{/layout-main}}
  
  - -------------------^
  
  - Expecting 'EOF', got 'OPEN_ENDBLOCK'
  
  - parser.js:267 Parser.parseError
    [HR-Library]/[handlebars]/dist/cjs/handlebars/compiler/parser.js:267:19
  
  - parser.js:336 Parser.parse
    [HR-Library]/[handlebars]/dist/cjs/handlebars/compiler/parser.js:336:30
  
  - base.js:46 parseWithoutProcessing
    [HR-Library]/[handlebars]/dist/cjs/handlebars/compiler/base.js:46:33
  
  - base.js:52 HandlebarsEnvironment.parse
    [HR-Library]/[handlebars]/dist/cjs/handlebars/compiler/base.js:52:13
  
  - index.js:234 compile
    [HR-Library]/[handlebars-loader]/index.js:234:18
  
  - index.js:461 module.exports
    [HR-Library]/[handlebars-loader]/index.js:461:5
  
  - NormalModule.js:764 processResult
    [HR-Library]/[webpack]/lib/NormalModule.js:764:19
  
  - NormalModule.js:866 
    [HR-Library]/[webpack]/lib/NormalModule.js:866:5
  
  - LoaderRunner.js:499 
    [HR-Library]/[loader-runner]/lib/LoaderRunner.js:499:11
  
  - LoaderRunner.js:259 runSyncOrAsyncCallback
    [HR-Library]/[loader-runner]/lib/LoaderRunner.js:259:19
  
  - LoaderRunner.js:175 innerCallback
    [HR-Library]/[loader-runner]/lib/LoaderRunner.js:175:13
  
  - index.js:238 compile
    [HR-Library]/[handlebars-loader]/index.js:238:14
  
  - index.js:461 module.exports
    [HR-Library]/[handlebars-loader]/index.js:461:5
  
  - LoaderRunner.js:195 LOADER_EXECUTION
    [HR-Library]/[loader-runner]/lib/LoaderRunner.js:195:14
  
  - LoaderRunner.js:196 runSyncOrAsync
    [HR-Library]/[loader-runner]/lib/LoaderRunner.js:196:5
  
  - LoaderRunner.js:258 iterateNormalLoaders
    [HR-Library]/[loader-runner]/lib/LoaderRunner.js:258:2
  
  - Module build [1m[31mfailed[39m[22m[1m (from ./node_modules/handlebars-loader/index.js):
  
  - [1m[31mError[39m[22m[1m: Parse [1m[31merror[39m[22m[1m on line 201:
  
  - ...{{/layout-main}}{{/layout-main}}
  
  - -------------------^
  
  - Expecting 'EOF', got 'OPEN_ENDBLOCK'
  
  - parser.js:267 Parser.parseError
    [HR-Library]/[handlebars]/dist/cjs/handlebars/compiler/parser.js:267:19
  
  - parser.js:336 Parser.parse
    [HR-Library]/[handlebars]/dist/cjs/handlebars/compiler/parser.js:336:30
  
  - base.js:46 parseWithoutProcessing
    [HR-Library]/[handlebars]/dist/cjs/handlebars/compiler/base.js:46:33
  
  - base.js:52 HandlebarsEnvironment.parse
    [HR-Library]/[handlebars]/dist/cjs/handlebars/compiler/base.js:52:13
  
  - index.js:234 compile
    [HR-Library]/[handlebars-loader]/index.js:234:18
  
  - index.js:461 module.exports
    [HR-Library]/[handlebars-loader]/index.js:461:5
  
  - ModuleBuildError: Module build [1m[31mfailed[39m[22m[1m (from ./node_modules/handlebars-loader    /index.js):
  
  - [1m[31mError[39m[22m[1m: Parse [1m[31merror[39m[22m[1m on line 201:
  
  - ...{{/layout-main}}{{/layout-main}}
  
  - -------------------^
  
  - Expecting 'EOF', got 'OPEN_ENDBLOCK'
  
  - parser.js:267 Parser.parseError
    [HR-Library]/[handlebars]/dist/cjs/handlebars/compiler/parser.js:267:19
  
  - parser.js:336 Parser.parse
    [HR-Library]/[handlebars]/dist/cjs/handlebars/compiler/parser.js:336:30
  
  - base.js:46 parseWithoutProcessing
    [HR-Library]/[handlebars]/dist/cjs/handlebars/compiler/base.js:46:33
  
  - base.js:52 HandlebarsEnvironment.parse
    [HR-Library]/[handlebars]/dist/cjs/handlebars/compiler/base.js:52:13
  
  - index.js:234 compile
    [HR-Library]/[handlebars-loader]/index.js:234:18
  
  - index.js:461 module.exports
    [HR-Library]/[handlebars-loader]/index.js:461:5
  
  - NormalModule.js:764 processResult
    [HR-Library]/[webpack]/lib/NormalModule.js:764:19
  
  - NormalModule.js:866 
    [HR-Library]/[webpack]/lib/NormalModule.js:866:5
  
[39m[22m

[1m[31mERROR[39m[22m in [1m  [1m[31mError[39m[22m[1m: Child compilation [1m[31mfailed[39m[22m[1m:
  Module build [1m[31mfailed[39m[22m[1m (from ./node_modules/handlebars-loader/index.js):
  [1m[31mError[39m[22m[1m: Parse [1m[31merror[39m[22m[1m on line 68:
  ...{{/layout-main}}{{/layout-main}}
  -------------------^
  Expecting 'EOF', got 'OPEN_ENDBLOCK'
      at Parser.parseError (D:\Proyectos\HR-Library\node_modules\handlebars\dist  \cjs\handlebars\compiler\parser.js:267:19)
      at Parser.parse (D:\Proyectos\HR-Library\node_modules\handlebars\dist\cjs\  handlebars\compiler\parser.js:336:30)
      at parseWithoutProcessing (D:\Proyectos\HR-Library\node_modules\handlebars  \dist\cjs\handlebars\compiler\base.js:46:33)
      at HandlebarsEnvironment.parse (D:\Proyectos\HR-Library\node_modules\handl  ebars\dist\cjs\handlebars\compiler\base.js:52:13)
      at compile (D:\Proyectos\HR-Library\node_modules\handlebars-loader\index.j  s:234:18)
      at module.exports (D:\Proyectos\HR-Library\node_modules\handlebars-loader\  index.js:461:5)
  ModuleBuildError: Module build [1m[31mfailed[39m[22m[1m (from ./node_modules/handlebars-loader/i  ndex.js):
  [1m[31mError[39m[22m[1m: Parse [1m[31merror[39m[22m[1m on line 68:
  ...{{/layout-main}}{{/layout-main}}
  -------------------^
  Expecting 'EOF', got 'OPEN_ENDBLOCK'
      at Parser.parseError (D:\Proyectos\HR-Library\node_modules\handlebars\dist  \cjs\handlebars\compiler\parser.js:267:19)
      at Parser.parse (D:\Proyectos\HR-Library\node_modules\handlebars\dist\cjs\  handlebars\compiler\parser.js:336:30)
      at parseWithoutProcessing (D:\Proyectos\HR-Library\node_modules\handlebars  \dist\cjs\handlebars\compiler\base.js:46:33)
      at HandlebarsEnvironment.parse (D:\Proyectos\HR-Library\node_modules\handl  ebars\dist\cjs\handlebars\compiler\base.js:52:13)
      at compile (D:\Proyectos\HR-Library\node_modules\handlebars-loader\index.j  s:234:18)
      at module.exports (D:\Proyectos\HR-Library\node_modules\handlebars-loader\  index.js:461:5)
      at processResult (D:\Proyectos\HR-Library\node_modules\webpack\lib\NormalM  odule.js:764:19)
      at D:\Proyectos\HR-Library\node_modules\webpack\lib\NormalModule.js:866:5
      at D:\Proyectos\HR-Library\node_modules\loader-runner\lib\LoaderRunner.js:  499:11
      at runSyncOrAsyncCallback (D:\Proyectos\HR-Library\node_modules\loader-run  ner\lib\LoaderRunner.js:259:19)
      at innerCallback (D:\Proyectos\HR-Library\node_modules\loader-runner\lib\L  oaderRunner.js:175:13)
      at compile (D:\Proyectos\HR-Library\node_modules\handlebars-loader\index.j  s:238:14)
      at module.exports (D:\Proyectos\HR-Library\node_modules\handlebars-loader\  index.js:461:5)
      at LOADER_EXECUTION (D:\Proyectos\HR-Library\node_modules\loader-runner\li  b\LoaderRunner.js:195:14)
      at runSyncOrAsync (D:\Proyectos\HR-Library\node_modules\loader-runner\lib\  LoaderRunner.js:196:5)
      at iterateNormalLoaders (D:\Proyectos\HR-Library\node_modules\loader-runne  r\lib\LoaderRunner.js:258:2)
  Module build [1m[31mfailed[39m[22m[1m (from ./node_modules/handlebars-loader/index.js):
  [1m[31mError[39m[22m[1m: Parse [1m[31merror[39m[22m[1m on line 201:
  ...{{/layout-main}}{{/layout-main}}
  -------------------^
  Expecting 'EOF', got 'OPEN_ENDBLOCK'
      at Parser.parseError (D:\Proyectos\HR-Library\node_modules\handlebars\dist  \cjs\handlebars\compiler\parser.js:267:19)
      at Parser.parse (D:\Proyectos\HR-Library\node_modules\handlebars\dist\cjs\  handlebars\compiler\parser.js:336:30)
      at parseWithoutProcessing (D:\Proyectos\HR-Library\node_modules\handlebars  \dist\cjs\handlebars\compiler\base.js:46:33)
      at HandlebarsEnvironment.parse (D:\Proyectos\HR-Library\node_modules\handl  ebars\dist\cjs\handlebars\compiler\base.js:52:13)
      at compile (D:\Proyectos\HR-Library\node_modules\handlebars-loader\index.j  s:234:18)
      at module.exports (D:\Proyectos\HR-Library\node_modules\handlebars-loader\  index.js:461:5)
  ModuleBuildError: Module build [1m[31mfailed[39m[22m[1m (from ./node_modules/handlebars-loader/i  ndex.js):
  [1m[31mError[39m[22m[1m: Parse [1m[31merror[39m[22m[1m on line 201:
  ...{{/layout-main}}{{/layout-main}}
  -------------------^
  Expecting 'EOF', got 'OPEN_ENDBLOCK'
      at Parser.parseError (D:\Proyectos\HR-Library\node_modules\handlebars\dist  \cjs\handlebars\compiler\parser.js:267:19)
      at Parser.parse (D:\Proyectos\HR-Library\node_modules\handlebars\dist\cjs\  handlebars\compiler\parser.js:336:30)
      at parseWithoutProcessing (D:\Proyectos\HR-Library\node_modules\handlebars  \dist\cjs\handlebars\compiler\base.js:46:33)
      at HandlebarsEnvironment.parse (D:\Proyectos\HR-Library\node_modules\handl  ebars\dist\cjs\handlebars\compiler\base.js:52:13)
      at compile (D:\Proyectos\HR-Library\node_modules\handlebars-loader\index.j  s:234:18)
      at module.exports (D:\Proyectos\HR-Library\node_modules\handlebars-loader\  index.js:461:5)
      at processResult (D:\Proyectos\HR-Library\node_modules\webpack\lib\NormalM  odule.js:764:19)
      at D:\Proyectos\HR-Library\node_modules\webpack\lib\NormalModule.js:866:5
      at D:\Proyectos\HR-Library\node_modules\loader-runner\lib\LoaderRunner.js:  499:11
      at runSyncOrAsyncCallback (D:\Proyectos\HR-Library\node_modules\loader-run  ner\lib\LoaderRunner.js:259:19)
      at innerCallback (D:\Proyectos\HR-Library\node_modules\loader-runner\lib\L  oaderRunner.js:175:13)
      at compile (D:\Proyectos\HR-Library\node_modules\handlebars-loader\index.j  s:238:14)
      at module.exports (D:\Proyectos\HR-Library\node_modules\handlebars-loader\  index.js:461:5)
      at LOADER_EXECUTION (D:\Proyectos\HR-Library\node_modules\loader-runner\li  b\LoaderRunner.js:195:14)
      at runSyncOrAsync (D:\Proyectos\HR-Library\node_modules\loader-runner\lib\  LoaderRunner.js:196:5)
      at iterateNormalLoaders (D:\Proyectos\HR-Library\node_modules\loader-runne  r\lib\LoaderRunner.js:258:2)
  Module build [1m[31mfailed[39m[22m[1m (from ./node_modules/handlebars-loader/index.js):
  [1m[31mError[39m[22m[1m: Parse [1m[31merror[39m[22m[1m on line 97:
  ...{{/layout-main}}{{/layout-main}}
  -------------------^
  Expecting 'EOF', got 'OPEN_ENDBLOCK'
      at Parser.parseError (D:\Proyectos\HR-Library\node_modules\handlebars\dist  \cjs\handlebars\compiler\parser.js:267:19)
      at Parser.parse (D:\Proyectos\HR-Library\node_modules\handlebars\dist\cjs\  handlebars\compiler\parser.js:336:30)
      at parseWithoutProcessing (D:\Proyectos\HR-Library\node_modules\handlebars  \dist\cjs\handlebars\compiler\base.js:46:33)
      at HandlebarsEnvironment.parse (D:\Proyectos\HR-Library\node_modules\handl  ebars\dist\cjs\handlebars\compiler\base.js:52:13)
      at compile (D:\Proyectos\HR-Library\node_modules\handlebars-loader\index.j  s:234:18)
      at module.exports (D:\Proyectos\HR-Library\node_modules\handlebars-loader\  index.js:461:5)
  ModuleBuildError: Module build [1m[31mfailed[39m[22m[1m (from ./node_modules/handlebars-loader/i  ndex.js):
  [1m[31mError[39m[22m[1m: Parse [1m[31merror[39m[22m[1m on line 97:
  ...{{/layout-main}}{{/layout-main}}
  -------------------^
  Expecting 'EOF', got 'OPEN_ENDBLOCK'
      at Parser.parseError (D:\Proyectos\HR-Library\node_modules\handlebars\dist  \cjs\handlebars\compiler\parser.js:267:19)
      at Parser.parse (D:\Proyectos\HR-Library\node_modules\handlebars\dist\cjs\  handlebars\compiler\parser.js:336:30)
      at parseWithoutProcessing (D:\Proyectos\HR-Library\node_modules\handlebars  \dist\cjs\handlebars\compiler\base.js:46:33)
      at HandlebarsEnvironment.parse (D:\Proyectos\HR-Library\node_modules\handl  ebars\dist\cjs\handlebars\compiler\base.js:52:13)
      at compile (D:\Proyectos\HR-Library\node_modules\handlebars-loader\index.j  s:234:18)
      at module.exports (D:\Proyectos\HR-Library\node_modules\handlebars-loader\  index.js:461:5)
      at processResult (D:\Proyectos\HR-Library\node_modules\webpack\lib\NormalM  odule.js:764:19)
      at D:\Proyectos\HR-Library\node_modules\webpack\lib\NormalModule.js:866:5
      at D:\Proyectos\HR-Library\node_modules\loader-runner\lib\LoaderRunner.js:  499:11
      at runSyncOrAsyncCallback (D:\Proyectos\HR-Library\node_modules\loader-run  ner\lib\LoaderRunner.js:259:19)
      at innerCallback (D:\Proyectos\HR-Library\node_modules\loader-runner\lib\L  oaderRunner.js:175:13)
      at compile (D:\Proyectos\HR-Library\node_modules\handlebars-loader\index.j  s:238:14)
      at module.exports (D:\Proyectos\HR-Library\node_modules\handlebars-loader\  index.js:461:5)
      at LOADER_EXECUTION (D:\Proyectos\HR-Library\node_modules\loader-runner\li  b\LoaderRunner.js:195:14)
      at runSyncOrAsync (D:\Proyectos\HR-Library\node_modules\loader-runner\lib\  LoaderRunner.js:196:5)
      at iterateNormalLoaders (D:\Proyectos\HR-Library\node_modules\loader-runne  r\lib\LoaderRunner.js:258:2)
  Module build [1m[31mfailed[39m[22m[1m (from ./node_modules/handlebars-loader/index.js):
  [1m[31mError[39m[22m[1m: Parse [1m[31merror[39m[22m[1m on line 146:
  ...{{/layout-main}}{{/layout-main}}
  -------------------^
  Expecting 'EOF', got 'OPEN_ENDBLOCK'
      at Parser.parseError (D:\Proyectos\HR-Library\node_modules\handlebars\dist  \cjs\handlebars\compiler\parser.js:267:19)
      at Parser.parse (D:\Proyectos\HR-Library\node_modules\handlebars\dist\cjs\  handlebars\compiler\parser.js:336:30)
      at parseWithoutProcessing (D:\Proyectos\HR-Library\node_modules\handlebars  \dist\cjs\handlebars\compiler\base.js:46:33)
      at HandlebarsEnvironment.parse (D:\Proyectos\HR-Library\node_modules\handl  ebars\dist\cjs\handlebars\compiler\base.js:52:13)
      at compile (D:\Proyectos\HR-Library\node_modules\handlebars-loader\index.j  s:234:18)
      at module.exports (D:\Proyectos\HR-Library\node_modules\handlebars-loader\  index.js:461:5)
  ModuleBuildError: Module build [1m[31mfailed[39m[22m[1m (from ./node_modules/handlebars-loader/i  ndex.js):
  [1m[31mError[39m[22m[1m: Parse [1m[31merror[39m[22m[1m on line 146:
  ...{{/layout-main}}{{/layout-main}}
  -------------------^
  Expecting 'EOF', got 'OPEN_ENDBLOCK'
      at Parser.parseError (D:\Proyectos\HR-Library\node_modules\handlebars\dist  \cjs\handlebars\compiler\parser.js:267:19)
      at Parser.parse (D:\Proyectos\HR-Library\node_modules\handlebars\dist\cjs\  handlebars\compiler\parser.js:336:30)
      at parseWithoutProcessing (D:\Proyectos\HR-Library\node_modules\handlebars  \dist\cjs\handlebars\compiler\base.js:46:33)
      at HandlebarsEnvironment.parse (D:\Proyectos\HR-Library\node_modules\handl  ebars\dist\cjs\handlebars\compiler\base.js:52:13)
      at compile (D:\Proyectos\HR-Library\node_modules\handlebars-loader\index.j  s:234:18)
      at module.exports (D:\Proyectos\HR-Library\node_modules\handlebars-loader\  index.js:461:5)
      at processResult (D:\Proyectos\HR-Library\node_modules\webpack\lib\NormalM  odule.js:764:19)
      at D:\Proyectos\HR-Library\node_modules\webpack\lib\NormalModule.js:866:5
      at D:\Proyectos\HR-Library\node_modules\loader-runner\lib\LoaderRunner.js:  499:11
      at runSyncOrAsyncCallback (D:\Proyectos\HR-Library\node_modules\loader-run  ner\lib\LoaderRunner.js:259:19)
      at innerCallback (D:\Proyectos\HR-Library\node_modules\loader-runner\lib\L  oaderRunner.js:175:13)
      at compile (D:\Proyectos\HR-Library\node_modules\handlebars-loader\index.j  s:238:14)
      at module.exports (D:\Proyectos\HR-Library\node_modules\handlebars-loader\  index.js:461:5)
      at LOADER_EXECUTION (D:\Proyectos\HR-Library\node_modules\loader-runner\li  b\LoaderRunner.js:195:14)
      at runSyncOrAsync (D:\Proyectos\HR-Library\node_modules\loader-runner\lib\  LoaderRunner.js:196:5)
      at iterateNormalLoaders (D:\Proyectos\HR-Library\node_modules\loader-runne  r\lib\LoaderRunner.js:258:2)
  Module build [1m[31mfailed[39m[22m[1m (from ./node_modules/handlebars-loader/index.js):
  [1m[31mError[39m[22m[1m: Parse [1m[31merror[39m[22m[1m on line 183:
  ...{{/layout-main}}{{/layout-main}}
  -------------------^
  Expecting 'EOF', got 'OPEN_ENDBLOCK'
      at Parser.parseError (D:\Proyectos\HR-Library\node_modules\handlebars\dist  \cjs\handlebars\compiler\parser.js:267:19)
      at Parser.parse (D:\Proyectos\HR-Library\node_modules\handlebars\dist\cjs\  handlebars\compiler\parser.js:336:30)
      at parseWithoutProcessing (D:\Proyectos\HR-Library\node_modules\handlebars  \dist\cjs\handlebars\compiler\base.js:46:33)
      at HandlebarsEnvironment.parse (D:\Proyectos\HR-Library\node_modules\handl  ebars\dist\cjs\handlebars\compiler\base.js:52:13)
      at compile (D:\Proyectos\HR-Library\node_modules\handlebars-loader\index.j  s:234:18)
      at module.exports (D:\Proyectos\HR-Library\node_modules\handlebars-loader\  index.js:461:5)
  ModuleBuildError: Module build [1m[31mfailed[39m[22m[1m (from ./node_modules/handlebars-loader/i  ndex.js):
  [1m[31mError[39m[22m[1m: Parse [1m[31merror[39m[22m[1m on line 183:
  ...{{/layout-main}}{{/layout-main}}
  -------------------^
  Expecting 'EOF', got 'OPEN_ENDBLOCK'
      at Parser.parseError (D:\Proyectos\HR-Library\node_modules\handlebars\dist  \cjs\handlebars\compiler\parser.js:267:19)
      at Parser.parse (D:\Proyectos\HR-Library\node_modules\handlebars\dist\cjs\  handlebars\compiler\parser.js:336:30)
      at parseWithoutProcessing (D:\Proyectos\HR-Library\node_modules\handlebars  \dist\cjs\handlebars\compiler\base.js:46:33)
      at HandlebarsEnvironment.parse (D:\Proyectos\HR-Library\node_modules\handl  ebars\dist\cjs\handlebars\compiler\base.js:52:13)
      at compile (D:\Proyectos\HR-Library\node_modules\handlebars-loader\index.j  s:234:18)
      at module.exports (D:\Proyectos\HR-Library\node_modules\handlebars-loader\  index.js:461:5)
      at processResult (D:\Proyectos\HR-Library\node_modules\webpack\lib\NormalM  odule.js:764:19)
      at D:\Proyectos\HR-Library\node_modules\webpack\lib\NormalModule.js:866:5
      at D:\Proyectos\HR-Library\node_modules\loader-runner\lib\LoaderRunner.js:  499:11
      at runSyncOrAsyncCallback (D:\Proyectos\HR-Library\node_modules\loader-run  ner\lib\LoaderRunner.js:259:19)
      at innerCallback (D:\Proyectos\HR-Library\node_modules\loader-runner\lib\L  oaderRunner.js:175:13)
      at compile (D:\Proyectos\HR-Library\node_modules\handlebars-loader\index.j  s:238:14)
      at module.exports (D:\Proyectos\HR-Library\node_modules\handlebars-loader\  index.js:461:5)
      at LOADER_EXECUTION (D:\Proyectos\HR-Library\node_modules\loader-runner\li  b\LoaderRunner.js:195:14)
      at runSyncOrAsync (D:\Proyectos\HR-Library\node_modules\loader-runner\lib\  LoaderRunner.js:196:5)
      at iterateNormalLoaders (D:\Proyectos\HR-Library\node_modules\loader-runne  r\lib\LoaderRunner.js:258:2)
  Module build [1m[31mfailed[39m[22m[1m (from ./node_modules/handlebars-loader/index.js):
  [1m[31mError[39m[22m[1m: Parse [1m[31merror[39m[22m[1m on line 216:
  ...{{/layout-main}}{{/layout-main}}
  -------------------^
  Expecting 'EOF', got 'OPEN_ENDBLOCK'
      at Parser.parseError (D:\Proyectos\HR-Library\node_modules\handlebars\dist  \cjs\handlebars\compiler\parser.js:267:19)
      at Parser.parse (D:\Proyectos\HR-Library\node_modules\handlebars\dist\cjs\  handlebars\compiler\parser.js:336:30)
      at parseWithoutProcessing (D:\Proyectos\HR-Library\node_modules\handlebars  \dist\cjs\handlebars\compiler\base.js:46:33)
      at HandlebarsEnvironment.parse (D:\Proyectos\HR-Library\node_modules\handl  ebars\dist\cjs\handlebars\compiler\base.js:52:13)
      at compile (D:\Proyectos\HR-Library\node_modules\handlebars-loader\index.j  s:234:18)
      at module.exports (D:\Proyectos\HR-Library\node_modules\handlebars-loader\  index.js:461:5)
  ModuleBuildError: Module build [1m[31mfailed[39m[22m[1m (from ./node_modules/handlebars-loader/i  ndex.js):
  [1m[31mError[39m[22m[1m: Parse [1m[31merror[39m[22m[1m on line 216:
  ...{{/layout-main}}{{/layout-main}}
  -------------------^
  Expecting 'EOF', got 'OPEN_ENDBLOCK'
      at Parser.parseError (D:\Proyectos\HR-Library\node_modules\handlebars\dist  \cjs\handlebars\compiler\parser.js:267:19)
      at Parser.parse (D:\Proyectos\HR-Library\node_modules\handlebars\dist\cjs\  handlebars\compiler\parser.js:336:30)
      at parseWithoutProcessing (D:\Proyectos\HR-Library\node_modules\handlebars  \dist\cjs\handlebars\compiler\base.js:46:33)
      at HandlebarsEnvironment.parse (D:\Proyectos\HR-Library\node_modules\handl  ebars\dist\cjs\handlebars\compiler\base.js:52:13)
      at compile (D:\Proyectos\HR-Library\node_modules\handlebars-loader\index.j  s:234:18)
      at module.exports (D:\Proyectos\HR-Library\node_modules\handlebars-loader\  index.js:461:5)
      at processResult (D:\Proyectos\HR-Library\node_modules\webpack\lib\NormalM  odule.js:764:19)
      at D:\Proyectos\HR-Library\node_modules\webpack\lib\NormalModule.js:866:5
      at D:\Proyectos\HR-Library\node_modules\loader-runner\lib\LoaderRunner.js:  499:11
      at runSyncOrAsyncCallback (D:\Proyectos\HR-Library\node_modules\loader-run  ner\lib\LoaderRunner.js:259:19)
      at innerCallback (D:\Proyectos\HR-Library\node_modules\loader-runner\lib\L  oaderRunner.js:175:13)
      at compile (D:\Proyectos\HR-Library\node_modules\handlebars-loader\index.j  s:238:14)
      at module.exports (D:\Proyectos\HR-Library\node_modules\handlebars-loader\  index.js:461:5)
      at LOADER_EXECUTION (D:\Proyectos\HR-Library\node_modules\loader-runner\li  b\LoaderRunner.js:195:14)
      at runSyncOrAsync (D:\Proyectos\HR-Library\node_modules\loader-runner\lib\  LoaderRunner.js:196:5)
      at iterateNormalLoaders (D:\Proyectos\HR-Library\node_modules\loader-runne  r\lib\LoaderRunner.js:258:2)
  
  - parser.js:267 Parser.parseError
    [HR-Library]/[handlebars]/dist/cjs/handlebars/compiler/parser.js:267:19
  
  - parser.js:336 Parser.parse
    [HR-Library]/[handlebars]/dist/cjs/handlebars/compiler/parser.js:336:30
  
  - base.js:46 parseWithoutProcessing
    [HR-Library]/[handlebars]/dist/cjs/handlebars/compiler/base.js:46:33
  
  - base.js:52 HandlebarsEnvironment.parse
    [HR-Library]/[handlebars]/dist/cjs/handlebars/compiler/base.js:52:13
  
  - index.js:234 compile
    [HR-Library]/[handlebars-loader]/index.js:234:18
  
  - index.js:461 module.exports
    [HR-Library]/[handlebars-loader]/index.js:461:5
  
  - ModuleBuildError: Module build [1m[31mfailed[39m[22m[1m (from ./node_modules/handlebars-loader    /index.js):
  
  - [1m[31mError[39m[22m[1m: Parse [1m[31merror[39m[22m[1m on line 68:
  
  - ...{{/layout-main}}{{/layout-main}}
  
  - -------------------^
  
  - Expecting 'EOF', got 'OPEN_ENDBLOCK'
  
  - parser.js:267 Parser.parseError
    [HR-Library]/[handlebars]/dist/cjs/handlebars/compiler/parser.js:267:19
  
  - parser.js:336 Parser.parse
    [HR-Library]/[handlebars]/dist/cjs/handlebars/compiler/parser.js:336:30
  
  - base.js:46 parseWithoutProcessing
    [HR-Library]/[handlebars]/dist/cjs/handlebars/compiler/base.js:46:33
  
  - base.js:52 HandlebarsEnvironment.parse
    [HR-Library]/[handlebars]/dist/cjs/handlebars/compiler/base.js:52:13
  
  - index.js:234 compile
    [HR-Library]/[handlebars-loader]/index.js:234:18
  
  - index.js:461 module.exports
    [HR-Library]/[handlebars-loader]/index.js:461:5
  
  - NormalModule.js:764 processResult
    [HR-Library]/[webpack]/lib/NormalModule.js:764:19
  
  - NormalModule.js:866 
    [HR-Library]/[webpack]/lib/NormalModule.js:866:5
  
  - LoaderRunner.js:499 
    [HR-Library]/[loader-runner]/lib/LoaderRunner.js:499:11
  
  - LoaderRunner.js:259 runSyncOrAsyncCallback
    [HR-Library]/[loader-runner]/lib/LoaderRunner.js:259:19
  
  - LoaderRunner.js:175 innerCallback
    [HR-Library]/[loader-runner]/lib/LoaderRunner.js:175:13
  
  - index.js:238 compile
    [HR-Library]/[handlebars-loader]/index.js:238:14
  
  - index.js:461 module.exports
    [HR-Library]/[handlebars-loader]/index.js:461:5
  
  - LoaderRunner.js:195 LOADER_EXECUTION
    [HR-Library]/[loader-runner]/lib/LoaderRunner.js:195:14
  
  - LoaderRunner.js:196 runSyncOrAsync
    [HR-Library]/[loader-runner]/lib/LoaderRunner.js:196:5
  
  - LoaderRunner.js:258 iterateNormalLoaders
    [HR-Library]/[loader-runner]/lib/LoaderRunner.js:258:2
  
  - Module build [1m[31mfailed[39m[22m[1m (from ./node_modules/handlebars-loader/index.js):
  
  - [1m[31mError[39m[22m[1m: Parse [1m[31merror[39m[22m[1m on line 201:
  
  - ...{{/layout-main}}{{/layout-main}}
  
  - -------------------^
  
  - Expecting 'EOF', got 'OPEN_ENDBLOCK'
  
  - parser.js:267 Parser.parseError
    [HR-Library]/[handlebars]/dist/cjs/handlebars/compiler/parser.js:267:19
  
  - parser.js:336 Parser.parse
    [HR-Library]/[handlebars]/dist/cjs/handlebars/compiler/parser.js:336:30
  
  - base.js:46 parseWithoutProcessing
    [HR-Library]/[handlebars]/dist/cjs/handlebars/compiler/base.js:46:33
  
  - base.js:52 HandlebarsEnvironment.parse
    [HR-Library]/[handlebars]/dist/cjs/handlebars/compiler/base.js:52:13
  
  - index.js:234 compile
    [HR-Library]/[handlebars-loader]/index.js:234:18
  
  - index.js:461 module.exports
    [HR-Library]/[handlebars-loader]/index.js:461:5
  
  - ModuleBuildError: Module build [1m[31mfailed[39m[22m[1m (from ./node_modules/handlebars-loader    /index.js):
  
  - [1m[31mError[39m[22m[1m: Parse [1m[31merror[39m[22m[1m on line 201:
  
  - ...{{/layout-main}}{{/layout-main}}
  
  - -------------------^
  
  - Expecting 'EOF', got 'OPEN_ENDBLOCK'
  
  - parser.js:267 Parser.parseError
    [HR-Library]/[handlebars]/dist/cjs/handlebars/compiler/parser.js:267:19
  
  - parser.js:336 Parser.parse
    [HR-Library]/[handlebars]/dist/cjs/handlebars/compiler/parser.js:336:30
  
  - base.js:46 parseWithoutProcessing
    [HR-Library]/[handlebars]/dist/cjs/handlebars/compiler/base.js:46:33
  
  - base.js:52 HandlebarsEnvironment.parse
    [HR-Library]/[handlebars]/dist/cjs/handlebars/compiler/base.js:52:13
  
  - index.js:234 compile
    [HR-Library]/[handlebars-loader]/index.js:234:18
  
  - index.js:461 module.exports
    [HR-Library]/[handlebars-loader]/index.js:461:5
  
  - NormalModule.js:764 processResult
    [HR-Library]/[webpack]/lib/NormalModule.js:764:19
  
  - NormalModule.js:866 
    [HR-Library]/[webpack]/lib/NormalModule.js:866:5
  
[39m[22m

[1m[31mERROR[39m[22m in [1m  [1m[31mError[39m[22m[1m: Child compilation [1m[31mfailed[39m[22m[1m:
  Module build [1m[31mfailed[39m[22m[1m (from ./node_modules/handlebars-loader/index.js):
  [1m[31mError[39m[22m[1m: Parse [1m[31merror[39m[22m[1m on line 68:
  ...{{/layout-main}}{{/layout-main}}
  -------------------^
  Expecting 'EOF', got 'OPEN_ENDBLOCK'
      at Parser.parseError (D:\Proyectos\HR-Library\node_modules\handlebars\dist  \cjs\handlebars\compiler\parser.js:267:19)
      at Parser.parse (D:\Proyectos\HR-Library\node_modules\handlebars\dist\cjs\  handlebars\compiler\parser.js:336:30)
      at parseWithoutProcessing (D:\Proyectos\HR-Library\node_modules\handlebars  \dist\cjs\handlebars\compiler\base.js:46:33)
      at HandlebarsEnvironment.parse (D:\Proyectos\HR-Library\node_modules\handl  ebars\dist\cjs\handlebars\compiler\base.js:52:13)
      at compile (D:\Proyectos\HR-Library\node_modules\handlebars-loader\index.j  s:234:18)
      at module.exports (D:\Proyectos\HR-Library\node_modules\handlebars-loader\  index.js:461:5)
  ModuleBuildError: Module build [1m[31mfailed[39m[22m[1m (from ./node_modules/handlebars-loader/i  ndex.js):
  [1m[31mError[39m[22m[1m: Parse [1m[31merror[39m[22m[1m on line 68:
  ...{{/layout-main}}{{/layout-main}}
  -------------------^
  Expecting 'EOF', got 'OPEN_ENDBLOCK'
      at Parser.parseError (D:\Proyectos\HR-Library\node_modules\handlebars\dist  \cjs\handlebars\compiler\parser.js:267:19)
      at Parser.parse (D:\Proyectos\HR-Library\node_modules\handlebars\dist\cjs\  handlebars\compiler\parser.js:336:30)
      at parseWithoutProcessing (D:\Proyectos\HR-Library\node_modules\handlebars  \dist\cjs\handlebars\compiler\base.js:46:33)
      at HandlebarsEnvironment.parse (D:\Proyectos\HR-Library\node_modules\handl  ebars\dist\cjs\handlebars\compiler\base.js:52:13)
      at compile (D:\Proyectos\HR-Library\node_modules\handlebars-loader\index.j  s:234:18)
      at module.exports (D:\Proyectos\HR-Library\node_modules\handlebars-loader\  index.js:461:5)
      at processResult (D:\Proyectos\HR-Library\node_modules\webpack\lib\NormalM  odule.js:764:19)
      at D:\Proyectos\HR-Library\node_modules\webpack\lib\NormalModule.js:866:5
      at D:\Proyectos\HR-Library\node_modules\loader-runner\lib\LoaderRunner.js:  499:11
      at runSyncOrAsyncCallback (D:\Proyectos\HR-Library\node_modules\loader-run  ner\lib\LoaderRunner.js:259:19)
      at innerCallback (D:\Proyectos\HR-Library\node_modules\loader-runner\lib\L  oaderRunner.js:175:13)
      at compile (D:\Proyectos\HR-Library\node_modules\handlebars-loader\index.j  s:238:14)
      at module.exports (D:\Proyectos\HR-Library\node_modules\handlebars-loader\  index.js:461:5)
      at LOADER_EXECUTION (D:\Proyectos\HR-Library\node_modules\loader-runner\li  b\LoaderRunner.js:195:14)
      at runSyncOrAsync (D:\Proyectos\HR-Library\node_modules\loader-runner\lib\  LoaderRunner.js:196:5)
      at iterateNormalLoaders (D:\Proyectos\HR-Library\node_modules\loader-runne  r\lib\LoaderRunner.js:258:2)
  Module build [1m[31mfailed[39m[22m[1m (from ./node_modules/handlebars-loader/index.js):
  [1m[31mError[39m[22m[1m: Parse [1m[31merror[39m[22m[1m on line 201:
  ...{{/layout-main}}{{/layout-main}}
  -------------------^
  Expecting 'EOF', got 'OPEN_ENDBLOCK'
      at Parser.parseError (D:\Proyectos\HR-Library\node_modules\handlebars\dist  \cjs\handlebars\compiler\parser.js:267:19)
      at Parser.parse (D:\Proyectos\HR-Library\node_modules\handlebars\dist\cjs\  handlebars\compiler\parser.js:336:30)
      at parseWithoutProcessing (D:\Proyectos\HR-Library\node_modules\handlebars  \dist\cjs\handlebars\compiler\base.js:46:33)
      at HandlebarsEnvironment.parse (D:\Proyectos\HR-Library\node_modules\handl  ebars\dist\cjs\handlebars\compiler\base.js:52:13)
      at compile (D:\Proyectos\HR-Library\node_modules\handlebars-loader\index.j  s:234:18)
      at module.exports (D:\Proyectos\HR-Library\node_modules\handlebars-loader\  index.js:461:5)
  ModuleBuildError: Module build [1m[31mfailed[39m[22m[1m (from ./node_modules/handlebars-loader/i  ndex.js):
  [1m[31mError[39m[22m[1m: Parse [1m[31merror[39m[22m[1m on line 201:
  ...{{/layout-main}}{{/layout-main}}
  -------------------^
  Expecting 'EOF', got 'OPEN_ENDBLOCK'
      at Parser.parseError (D:\Proyectos\HR-Library\node_modules\handlebars\dist  \cjs\handlebars\compiler\parser.js:267:19)
      at Parser.parse (D:\Proyectos\HR-Library\node_modules\handlebars\dist\cjs\  handlebars\compiler\parser.js:336:30)
      at parseWithoutProcessing (D:\Proyectos\HR-Library\node_modules\handlebars  \dist\cjs\handlebars\compiler\base.js:46:33)
      at HandlebarsEnvironment.parse (D:\Proyectos\HR-Library\node_modules\handl  ebars\dist\cjs\handlebars\compiler\base.js:52:13)
      at compile (D:\Proyectos\HR-Library\node_modules\handlebars-loader\index.j  s:234:18)
      at module.exports (D:\Proyectos\HR-Library\node_modules\handlebars-loader\  index.js:461:5)
      at processResult (D:\Proyectos\HR-Library\node_modules\webpack\lib\NormalM  odule.js:764:19)
      at D:\Proyectos\HR-Library\node_modules\webpack\lib\NormalModule.js:866:5
      at D:\Proyectos\HR-Library\node_modules\loader-runner\lib\LoaderRunner.js:  499:11
      at runSyncOrAsyncCallback (D:\Proyectos\HR-Library\node_modules\loader-run  ner\lib\LoaderRunner.js:259:19)
      at innerCallback (D:\Proyectos\HR-Library\node_modules\loader-runner\lib\L  oaderRunner.js:175:13)
      at compile (D:\Proyectos\HR-Library\node_modules\handlebars-loader\index.j  s:238:14)
      at module.exports (D:\Proyectos\HR-Library\node_modules\handlebars-loader\  index.js:461:5)
      at LOADER_EXECUTION (D:\Proyectos\HR-Library\node_modules\loader-runner\li  b\LoaderRunner.js:195:14)
      at runSyncOrAsync (D:\Proyectos\HR-Library\node_modules\loader-runner\lib\  LoaderRunner.js:196:5)
      at iterateNormalLoaders (D:\Proyectos\HR-Library\node_modules\loader-runne  r\lib\LoaderRunner.js:258:2)
  Module build [1m[31mfailed[39m[22m[1m (from ./node_modules/handlebars-loader/index.js):
  [1m[31mError[39m[22m[1m: Parse [1m[31merror[39m[22m[1m on line 97:
  ...{{/layout-main}}{{/layout-main}}
  -------------------^
  Expecting 'EOF', got 'OPEN_ENDBLOCK'
      at Parser.parseError (D:\Proyectos\HR-Library\node_modules\handlebars\dist  \cjs\handlebars\compiler\parser.js:267:19)
      at Parser.parse (D:\Proyectos\HR-Library\node_modules\handlebars\dist\cjs\  handlebars\compiler\parser.js:336:30)
      at parseWithoutProcessing (D:\Proyectos\HR-Library\node_modules\handlebars  \dist\cjs\handlebars\compiler\base.js:46:33)
      at HandlebarsEnvironment.parse (D:\Proyectos\HR-Library\node_modules\handl  ebars\dist\cjs\handlebars\compiler\base.js:52:13)
      at compile (D:\Proyectos\HR-Library\node_modules\handlebars-loader\index.j  s:234:18)
      at module.exports (D:\Proyectos\HR-Library\node_modules\handlebars-loader\  index.js:461:5)
  ModuleBuildError: Module build [1m[31mfailed[39m[22m[1m (from ./node_modules/handlebars-loader/i  ndex.js):
  [1m[31mError[39m[22m[1m: Parse [1m[31merror[39m[22m[1m on line 97:
  ...{{/layout-main}}{{/layout-main}}
  -------------------^
  Expecting 'EOF', got 'OPEN_ENDBLOCK'
      at Parser.parseError (D:\Proyectos\HR-Library\node_modules\handlebars\dist  \cjs\handlebars\compiler\parser.js:267:19)
      at Parser.parse (D:\Proyectos\HR-Library\node_modules\handlebars\dist\cjs\  handlebars\compiler\parser.js:336:30)
      at parseWithoutProcessing (D:\Proyectos\HR-Library\node_modules\handlebars  \dist\cjs\handlebars\compiler\base.js:46:33)
      at HandlebarsEnvironment.parse (D:\Proyectos\HR-Library\node_modules\handl  ebars\dist\cjs\handlebars\compiler\base.js:52:13)
      at compile (D:\Proyectos\HR-Library\node_modules\handlebars-loader\index.j  s:234:18)
      at module.exports (D:\Proyectos\HR-Library\node_modules\handlebars-loader\  index.js:461:5)
      at processResult (D:\Proyectos\HR-Library\node_modules\webpack\lib\NormalM  odule.js:764:19)
      at D:\Proyectos\HR-Library\node_modules\webpack\lib\NormalModule.js:866:5
      at D:\Proyectos\HR-Library\node_modules\loader-runner\lib\LoaderRunner.js:  499:11
      at runSyncOrAsyncCallback (D:\Proyectos\HR-Library\node_modules\loader-run  ner\lib\LoaderRunner.js:259:19)
      at innerCallback (D:\Proyectos\HR-Library\node_modules\loader-runner\lib\L  oaderRunner.js:175:13)
      at compile (D:\Proyectos\HR-Library\node_modules\handlebars-loader\index.j  s:238:14)
      at module.exports (D:\Proyectos\HR-Library\node_modules\handlebars-loader\  index.js:461:5)
      at LOADER_EXECUTION (D:\Proyectos\HR-Library\node_modules\loader-runner\li  b\LoaderRunner.js:195:14)
      at runSyncOrAsync (D:\Proyectos\HR-Library\node_modules\loader-runner\lib\  LoaderRunner.js:196:5)
      at iterateNormalLoaders (D:\Proyectos\HR-Library\node_modules\loader-runne  r\lib\LoaderRunner.js:258:2)
  Module build [1m[31mfailed[39m[22m[1m (from ./node_modules/handlebars-loader/index.js):
  [1m[31mError[39m[22m[1m: Parse [1m[31merror[39m[22m[1m on line 146:
  ...{{/layout-main}}{{/layout-main}}
  -------------------^
  Expecting 'EOF', got 'OPEN_ENDBLOCK'
      at Parser.parseError (D:\Proyectos\HR-Library\node_modules\handlebars\dist  \cjs\handlebars\compiler\parser.js:267:19)
      at Parser.parse (D:\Proyectos\HR-Library\node_modules\handlebars\dist\cjs\  handlebars\compiler\parser.js:336:30)
      at parseWithoutProcessing (D:\Proyectos\HR-Library\node_modules\handlebars  \dist\cjs\handlebars\compiler\base.js:46:33)
      at HandlebarsEnvironment.parse (D:\Proyectos\HR-Library\node_modules\handl  ebars\dist\cjs\handlebars\compiler\base.js:52:13)
      at compile (D:\Proyectos\HR-Library\node_modules\handlebars-loader\index.j  s:234:18)
      at module.exports (D:\Proyectos\HR-Library\node_modules\handlebars-loader\  index.js:461:5)
  ModuleBuildError: Module build [1m[31mfailed[39m[22m[1m (from ./node_modules/handlebars-loader/i  ndex.js):
  [1m[31mError[39m[22m[1m: Parse [1m[31merror[39m[22m[1m on line 146:
  ...{{/layout-main}}{{/layout-main}}
  -------------------^
  Expecting 'EOF', got 'OPEN_ENDBLOCK'
      at Parser.parseError (D:\Proyectos\HR-Library\node_modules\handlebars\dist  \cjs\handlebars\compiler\parser.js:267:19)
      at Parser.parse (D:\Proyectos\HR-Library\node_modules\handlebars\dist\cjs\  handlebars\compiler\parser.js:336:30)
      at parseWithoutProcessing (D:\Proyectos\HR-Library\node_modules\handlebars  \dist\cjs\handlebars\compiler\base.js:46:33)
      at HandlebarsEnvironment.parse (D:\Proyectos\HR-Library\node_modules\handl  ebars\dist\cjs\handlebars\compiler\base.js:52:13)
      at compile (D:\Proyectos\HR-Library\node_modules\handlebars-loader\index.j  s:234:18)
      at module.exports (D:\Proyectos\HR-Library\node_modules\handlebars-loader\  index.js:461:5)
      at processResult (D:\Proyectos\HR-Library\node_modules\webpack\lib\NormalM  odule.js:764:19)
      at D:\Proyectos\HR-Library\node_modules\webpack\lib\NormalModule.js:866:5
      at D:\Proyectos\HR-Library\node_modules\loader-runner\lib\LoaderRunner.js:  499:11
      at runSyncOrAsyncCallback (D:\Proyectos\HR-Library\node_modules\loader-run  ner\lib\LoaderRunner.js:259:19)
      at innerCallback (D:\Proyectos\HR-Library\node_modules\loader-runner\lib\L  oaderRunner.js:175:13)
      at compile (D:\Proyectos\HR-Library\node_modules\handlebars-loader\index.j  s:238:14)
      at module.exports (D:\Proyectos\HR-Library\node_modules\handlebars-loader\  index.js:461:5)
      at LOADER_EXECUTION (D:\Proyectos\HR-Library\node_modules\loader-runner\li  b\LoaderRunner.js:195:14)
      at runSyncOrAsync (D:\Proyectos\HR-Library\node_modules\loader-runner\lib\  LoaderRunner.js:196:5)
      at iterateNormalLoaders (D:\Proyectos\HR-Library\node_modules\loader-runne  r\lib\LoaderRunner.js:258:2)
  Module build [1m[31mfailed[39m[22m[1m (from ./node_modules/handlebars-loader/index.js):
  [1m[31mError[39m[22m[1m: Parse [1m[31merror[39m[22m[1m on line 183:
  ...{{/layout-main}}{{/layout-main}}
  -------------------^
  Expecting 'EOF', got 'OPEN_ENDBLOCK'
      at Parser.parseError (D:\Proyectos\HR-Library\node_modules\handlebars\dist  \cjs\handlebars\compiler\parser.js:267:19)
      at Parser.parse (D:\Proyectos\HR-Library\node_modules\handlebars\dist\cjs\  handlebars\compiler\parser.js:336:30)
      at parseWithoutProcessing (D:\Proyectos\HR-Library\node_modules\handlebars  \dist\cjs\handlebars\compiler\base.js:46:33)
      at HandlebarsEnvironment.parse (D:\Proyectos\HR-Library\node_modules\handl  ebars\dist\cjs\handlebars\compiler\base.js:52:13)
      at compile (D:\Proyectos\HR-Library\node_modules\handlebars-loader\index.j  s:234:18)
      at module.exports (D:\Proyectos\HR-Library\node_modules\handlebars-loader\  index.js:461:5)
  ModuleBuildError: Module build [1m[31mfailed[39m[22m[1m (from ./node_modules/handlebars-loader/i  ndex.js):
  [1m[31mError[39m[22m[1m: Parse [1m[31merror[39m[22m[1m on line 183:
  ...{{/layout-main}}{{/layout-main}}
  -------------------^
  Expecting 'EOF', got 'OPEN_ENDBLOCK'
      at Parser.parseError (D:\Proyectos\HR-Library\node_modules\handlebars\dist  \cjs\handlebars\compiler\parser.js:267:19)
      at Parser.parse (D:\Proyectos\HR-Library\node_modules\handlebars\dist\cjs\  handlebars\compiler\parser.js:336:30)
      at parseWithoutProcessing (D:\Proyectos\HR-Library\node_modules\handlebars  \dist\cjs\handlebars\compiler\base.js:46:33)
      at HandlebarsEnvironment.parse (D:\Proyectos\HR-Library\node_modules\handl  ebars\dist\cjs\handlebars\compiler\base.js:52:13)
      at compile (D:\Proyectos\HR-Library\node_modules\handlebars-loader\index.j  s:234:18)
      at module.exports (D:\Proyectos\HR-Library\node_modules\handlebars-loader\  index.js:461:5)
      at processResult (D:\Proyectos\HR-Library\node_modules\webpack\lib\NormalM  odule.js:764:19)
      at D:\Proyectos\HR-Library\node_modules\webpack\lib\NormalModule.js:866:5
      at D:\Proyectos\HR-Library\node_modules\loader-runner\lib\LoaderRunner.js:  499:11
      at runSyncOrAsyncCallback (D:\Proyectos\HR-Library\node_modules\loader-run  ner\lib\LoaderRunner.js:259:19)
      at innerCallback (D:\Proyectos\HR-Library\node_modules\loader-runner\lib\L  oaderRunner.js:175:13)
      at compile (D:\Proyectos\HR-Library\node_modules\handlebars-loader\index.j  s:238:14)
      at module.exports (D:\Proyectos\HR-Library\node_modules\handlebars-loader\  index.js:461:5)
      at LOADER_EXECUTION (D:\Proyectos\HR-Library\node_modules\loader-runner\li  b\LoaderRunner.js:195:14)
      at runSyncOrAsync (D:\Proyectos\HR-Library\node_modules\loader-runner\lib\  LoaderRunner.js:196:5)
      at iterateNormalLoaders (D:\Proyectos\HR-Library\node_modules\loader-runne  r\lib\LoaderRunner.js:258:2)
  Module build [1m[31mfailed[39m[22m[1m (from ./node_modules/handlebars-loader/index.js):
  [1m[31mError[39m[22m[1m: Parse [1m[31merror[39m[22m[1m on line 216:
  ...{{/layout-main}}{{/layout-main}}
  -------------------^
  Expecting 'EOF', got 'OPEN_ENDBLOCK'
      at Parser.parseError (D:\Proyectos\HR-Library\node_modules\handlebars\dist  \cjs\handlebars\compiler\parser.js:267:19)
      at Parser.parse (D:\Proyectos\HR-Library\node_modules\handlebars\dist\cjs\  handlebars\compiler\parser.js:336:30)
      at parseWithoutProcessing (D:\Proyectos\HR-Library\node_modules\handlebars  \dist\cjs\handlebars\compiler\base.js:46:33)
      at HandlebarsEnvironment.parse (D:\Proyectos\HR-Library\node_modules\handl  ebars\dist\cjs\handlebars\compiler\base.js:52:13)
      at compile (D:\Proyectos\HR-Library\node_modules\handlebars-loader\index.j  s:234:18)
      at module.exports (D:\Proyectos\HR-Library\node_modules\handlebars-loader\  index.js:461:5)
  ModuleBuildError: Module build [1m[31mfailed[39m[22m[1m (from ./node_modules/handlebars-loader/i  ndex.js):
  [1m[31mError[39m[22m[1m: Parse [1m[31merror[39m[22m[1m on line 216:
  ...{{/layout-main}}{{/layout-main}}
  -------------------^
  Expecting 'EOF', got 'OPEN_ENDBLOCK'
      at Parser.parseError (D:\Proyectos\HR-Library\node_modules\handlebars\dist  \cjs\handlebars\compiler\parser.js:267:19)
      at Parser.parse (D:\Proyectos\HR-Library\node_modules\handlebars\dist\cjs\  handlebars\compiler\parser.js:336:30)
      at parseWithoutProcessing (D:\Proyectos\HR-Library\node_modules\handlebars  \dist\cjs\handlebars\compiler\base.js:46:33)
      at HandlebarsEnvironment.parse (D:\Proyectos\HR-Library\node_modules\handl  ebars\dist\cjs\handlebars\compiler\base.js:52:13)
      at compile (D:\Proyectos\HR-Library\node_modules\handlebars-loader\index.j  s:234:18)
      at module.exports (D:\Proyectos\HR-Library\node_modules\handlebars-loader\  index.js:461:5)
      at processResult (D:\Proyectos\HR-Library\node_modules\webpack\lib\NormalM  odule.js:764:19)
      at D:\Proyectos\HR-Library\node_modules\webpack\lib\NormalModule.js:866:5
      at D:\Proyectos\HR-Library\node_modules\loader-runner\lib\LoaderRunner.js:  499:11
      at runSyncOrAsyncCallback (D:\Proyectos\HR-Library\node_modules\loader-run  ner\lib\LoaderRunner.js:259:19)
      at innerCallback (D:\Proyectos\HR-Library\node_modules\loader-runner\lib\L  oaderRunner.js:175:13)
      at compile (D:\Proyectos\HR-Library\node_modules\handlebars-loader\index.j  s:238:14)
      at module.exports (D:\Proyectos\HR-Library\node_modules\handlebars-loader\  index.js:461:5)
      at LOADER_EXECUTION (D:\Proyectos\HR-Library\node_modules\loader-runner\li  b\LoaderRunner.js:195:14)
      at runSyncOrAsync (D:\Proyectos\HR-Library\node_modules\loader-runner\lib\  LoaderRunner.js:196:5)
      at iterateNormalLoaders (D:\Proyectos\HR-Library\node_modules\loader-runne  r\lib\LoaderRunner.js:258:2)
  
  - parser.js:267 Parser.parseError
    [HR-Library]/[handlebars]/dist/cjs/handlebars/compiler/parser.js:267:19
  
  - parser.js:336 Parser.parse
    [HR-Library]/[handlebars]/dist/cjs/handlebars/compiler/parser.js:336:30
  
  - base.js:46 parseWithoutProcessing
    [HR-Library]/[handlebars]/dist/cjs/handlebars/compiler/base.js:46:33
  
  - base.js:52 HandlebarsEnvironment.parse
    [HR-Library]/[handlebars]/dist/cjs/handlebars/compiler/base.js:52:13
  
  - index.js:234 compile
    [HR-Library]/[handlebars-loader]/index.js:234:18
  
  - index.js:461 module.exports
    [HR-Library]/[handlebars-loader]/index.js:461:5
  
  - ModuleBuildError: Module build [1m[31mfailed[39m[22m[1m (from ./node_modules/handlebars-loader    /index.js):
  
  - [1m[31mError[39m[22m[1m: Parse [1m[31merror[39m[22m[1m on line 68:
  
  - ...{{/layout-main}}{{/layout-main}}
  
  - -------------------^
  
  - Expecting 'EOF', got 'OPEN_ENDBLOCK'
  
  - parser.js:267 Parser.parseError
    [HR-Library]/[handlebars]/dist/cjs/handlebars/compiler/parser.js:267:19
  
  - parser.js:336 Parser.parse
    [HR-Library]/[handlebars]/dist/cjs/handlebars/compiler/parser.js:336:30
  
  - base.js:46 parseWithoutProcessing
    [HR-Library]/[handlebars]/dist/cjs/handlebars/compiler/base.js:46:33
  
  - base.js:52 HandlebarsEnvironment.parse
    [HR-Library]/[handlebars]/dist/cjs/handlebars/compiler/base.js:52:13
  
  - index.js:234 compile
    [HR-Library]/[handlebars-loader]/index.js:234:18
  
  - index.js:461 module.exports
    [HR-Library]/[handlebars-loader]/index.js:461:5
  
  - NormalModule.js:764 processResult
    [HR-Library]/[webpack]/lib/NormalModule.js:764:19
  
  - NormalModule.js:866 
    [HR-Library]/[webpack]/lib/NormalModule.js:866:5
  
  - LoaderRunner.js:499 
    [HR-Library]/[loader-runner]/lib/LoaderRunner.js:499:11
  
  - LoaderRunner.js:259 runSyncOrAsyncCallback
    [HR-Library]/[loader-runner]/lib/LoaderRunner.js:259:19
  
  - LoaderRunner.js:175 innerCallback
    [HR-Library]/[loader-runner]/lib/LoaderRunner.js:175:13
  
  - index.js:238 compile
    [HR-Library]/[handlebars-loader]/index.js:238:14
  
  - index.js:461 module.exports
    [HR-Library]/[handlebars-loader]/index.js:461:5
  
  - LoaderRunner.js:195 LOADER_EXECUTION
    [HR-Library]/[loader-runner]/lib/LoaderRunner.js:195:14
  
  - LoaderRunner.js:196 runSyncOrAsync
    [HR-Library]/[loader-runner]/lib/LoaderRunner.js:196:5
  
  - LoaderRunner.js:258 iterateNormalLoaders
    [HR-Library]/[loader-runner]/lib/LoaderRunner.js:258:2
  
  - Module build [1m[31mfailed[39m[22m[1m (from ./node_modules/handlebars-loader/index.js):
  
  - [1m[31mError[39m[22m[1m: Parse [1m[31merror[39m[22m[1m on line 201:
  
  - ...{{/layout-main}}{{/layout-main}}
  
  - -------------------^
  
  - Expecting 'EOF', got 'OPEN_ENDBLOCK'
  
  - parser.js:267 Parser.parseError
    [HR-Library]/[handlebars]/dist/cjs/handlebars/compiler/parser.js:267:19
  
  - parser.js:336 Parser.parse
    [HR-Library]/[handlebars]/dist/cjs/handlebars/compiler/parser.js:336:30
  
  - base.js:46 parseWithoutProcessing
    [HR-Library]/[handlebars]/dist/cjs/handlebars/compiler/base.js:46:33
  
  - base.js:52 HandlebarsEnvironment.parse
    [HR-Library]/[handlebars]/dist/cjs/handlebars/compiler/base.js:52:13
  
  - index.js:234 compile
    [HR-Library]/[handlebars-loader]/index.js:234:18
  
  - index.js:461 module.exports
    [HR-Library]/[handlebars-loader]/index.js:461:5
  
  - ModuleBuildError: Module build [1m[31mfailed[39m[22m[1m (from ./node_modules/handlebars-loader    /index.js):
  
  - [1m[31mError[39m[22m[1m: Parse [1m[31merror[39m[22m[1m on line 201:
  
  - ...{{/layout-main}}{{/layout-main}}
  
  - -------------------^
  
  - Expecting 'EOF', got 'OPEN_ENDBLOCK'
  
  - parser.js:267 Parser.parseError
    [HR-Library]/[handlebars]/dist/cjs/handlebars/compiler/parser.js:267:19
  
  - parser.js:336 Parser.parse
    [HR-Library]/[handlebars]/dist/cjs/handlebars/compiler/parser.js:336:30
  
  - base.js:46 parseWithoutProcessing
    [HR-Library]/[handlebars]/dist/cjs/handlebars/compiler/base.js:46:33
  
  - base.js:52 HandlebarsEnvironment.parse
    [HR-Library]/[handlebars]/dist/cjs/handlebars/compiler/base.js:52:13
  
  - index.js:234 compile
    [HR-Library]/[handlebars-loader]/index.js:234:18
  
  - index.js:461 module.exports
    [HR-Library]/[handlebars-loader]/index.js:461:5
  
  - NormalModule.js:764 processResult
    [HR-Library]/[webpack]/lib/NormalModule.js:764:19
  
  - NormalModule.js:866 
    [HR-Library]/[webpack]/lib/NormalModule.js:866:5
  
[39m[22m

[1m[31mERROR[39m[22m in [1m  [1m[31mError[39m[22m[1m: Child compilation [1m[31mfailed[39m[22m[1m:
  Module build [1m[31mfailed[39m[22m[1m (from ./node_modules/handlebars-loader/index.js):
  [1m[31mError[39m[22m[1m: Parse [1m[31merror[39m[22m[1m on line 68:
  ...{{/layout-main}}{{/layout-main}}
  -------------------^
  Expecting 'EOF', got 'OPEN_ENDBLOCK'
      at Parser.parseError (D:\Proyectos\HR-Library\node_modules\handlebars\dist  \cjs\handlebars\compiler\parser.js:267:19)
      at Parser.parse (D:\Proyectos\HR-Library\node_modules\handlebars\dist\cjs\  handlebars\compiler\parser.js:336:30)
      at parseWithoutProcessing (D:\Proyectos\HR-Library\node_modules\handlebars  \dist\cjs\handlebars\compiler\base.js:46:33)
      at HandlebarsEnvironment.parse (D:\Proyectos\HR-Library\node_modules\handl  ebars\dist\cjs\handlebars\compiler\base.js:52:13)
      at compile (D:\Proyectos\HR-Library\node_modules\handlebars-loader\index.j  s:234:18)
      at module.exports (D:\Proyectos\HR-Library\node_modules\handlebars-loader\  index.js:461:5)
  ModuleBuildError: Module build [1m[31mfailed[39m[22m[1m (from ./node_modules/handlebars-loader/i  ndex.js):
  [1m[31mError[39m[22m[1m: Parse [1m[31merror[39m[22m[1m on line 68:
  ...{{/layout-main}}{{/layout-main}}
  -------------------^
  Expecting 'EOF', got 'OPEN_ENDBLOCK'
      at Parser.parseError (D:\Proyectos\HR-Library\node_modules\handlebars\dist  \cjs\handlebars\compiler\parser.js:267:19)
      at Parser.parse (D:\Proyectos\HR-Library\node_modules\handlebars\dist\cjs\  handlebars\compiler\parser.js:336:30)
      at parseWithoutProcessing (D:\Proyectos\HR-Library\node_modules\handlebars  \dist\cjs\handlebars\compiler\base.js:46:33)
      at HandlebarsEnvironment.parse (D:\Proyectos\HR-Library\node_modules\handl  ebars\dist\cjs\handlebars\compiler\base.js:52:13)
      at compile (D:\Proyectos\HR-Library\node_modules\handlebars-loader\index.j  s:234:18)
      at module.exports (D:\Proyectos\HR-Library\node_modules\handlebars-loader\  index.js:461:5)
      at processResult (D:\Proyectos\HR-Library\node_modules\webpack\lib\NormalM  odule.js:764:19)
      at D:\Proyectos\HR-Library\node_modules\webpack\lib\NormalModule.js:866:5
      at D:\Proyectos\HR-Library\node_modules\loader-runner\lib\LoaderRunner.js:  499:11
      at runSyncOrAsyncCallback (D:\Proyectos\HR-Library\node_modules\loader-run  ner\lib\LoaderRunner.js:259:19)
      at innerCallback (D:\Proyectos\HR-Library\node_modules\loader-runner\lib\L  oaderRunner.js:175:13)
      at compile (D:\Proyectos\HR-Library\node_modules\handlebars-loader\index.j  s:238:14)
      at module.exports (D:\Proyectos\HR-Library\node_modules\handlebars-loader\  index.js:461:5)
      at LOADER_EXECUTION (D:\Proyectos\HR-Library\node_modules\loader-runner\li  b\LoaderRunner.js:195:14)
      at runSyncOrAsync (D:\Proyectos\HR-Library\node_modules\loader-runner\lib\  LoaderRunner.js:196:5)
      at iterateNormalLoaders (D:\Proyectos\HR-Library\node_modules\loader-runne  r\lib\LoaderRunner.js:258:2)
  Module build [1m[31mfailed[39m[22m[1m (from ./node_modules/handlebars-loader/index.js):
  [1m[31mError[39m[22m[1m: Parse [1m[31merror[39m[22m[1m on line 201:
  ...{{/layout-main}}{{/layout-main}}
  -------------------^
  Expecting 'EOF', got 'OPEN_ENDBLOCK'
      at Parser.parseError (D:\Proyectos\HR-Library\node_modules\handlebars\dist  \cjs\handlebars\compiler\parser.js:267:19)
      at Parser.parse (D:\Proyectos\HR-Library\node_modules\handlebars\dist\cjs\  handlebars\compiler\parser.js:336:30)
      at parseWithoutProcessing (D:\Proyectos\HR-Library\node_modules\handlebars  \dist\cjs\handlebars\compiler\base.js:46:33)
      at HandlebarsEnvironment.parse (D:\Proyectos\HR-Library\node_modules\handl  ebars\dist\cjs\handlebars\compiler\base.js:52:13)
      at compile (D:\Proyectos\HR-Library\node_modules\handlebars-loader\index.j  s:234:18)
      at module.exports (D:\Proyectos\HR-Library\node_modules\handlebars-loader\  index.js:461:5)
  ModuleBuildError: Module build [1m[31mfailed[39m[22m[1m (from ./node_modules/handlebars-loader/i  ndex.js):
  [1m[31mError[39m[22m[1m: Parse [1m[31merror[39m[22m[1m on line 201:
  ...{{/layout-main}}{{/layout-main}}
  -------------------^
  Expecting 'EOF', got 'OPEN_ENDBLOCK'
      at Parser.parseError (D:\Proyectos\HR-Library\node_modules\handlebars\dist  \cjs\handlebars\compiler\parser.js:267:19)
      at Parser.parse (D:\Proyectos\HR-Library\node_modules\handlebars\dist\cjs\  handlebars\compiler\parser.js:336:30)
      at parseWithoutProcessing (D:\Proyectos\HR-Library\node_modules\handlebars  \dist\cjs\handlebars\compiler\base.js:46:33)
      at HandlebarsEnvironment.parse (D:\Proyectos\HR-Library\node_modules\handl  ebars\dist\cjs\handlebars\compiler\base.js:52:13)
      at compile (D:\Proyectos\HR-Library\node_modules\handlebars-loader\index.j  s:234:18)
      at module.exports (D:\Proyectos\HR-Library\node_modules\handlebars-loader\  index.js:461:5)
      at processResult (D:\Proyectos\HR-Library\node_modules\webpack\lib\NormalM  odule.js:764:19)
      at D:\Proyectos\HR-Library\node_modules\webpack\lib\NormalModule.js:866:5
      at D:\Proyectos\HR-Library\node_modules\loader-runner\lib\LoaderRunner.js:  499:11
      at runSyncOrAsyncCallback (D:\Proyectos\HR-Library\node_modules\loader-run  ner\lib\LoaderRunner.js:259:19)
      at innerCallback (D:\Proyectos\HR-Library\node_modules\loader-runner\lib\L  oaderRunner.js:175:13)
      at compile (D:\Proyectos\HR-Library\node_modules\handlebars-loader\index.j  s:238:14)
      at module.exports (D:\Proyectos\HR-Library\node_modules\handlebars-loader\  index.js:461:5)
      at LOADER_EXECUTION (D:\Proyectos\HR-Library\node_modules\loader-runner\li  b\LoaderRunner.js:195:14)
      at runSyncOrAsync (D:\Proyectos\HR-Library\node_modules\loader-runner\lib\  LoaderRunner.js:196:5)
      at iterateNormalLoaders (D:\Proyectos\HR-Library\node_modules\loader-runne  r\lib\LoaderRunner.js:258:2)
  Module build [1m[31mfailed[39m[22m[1m (from ./node_modules/handlebars-loader/index.js):
  [1m[31mError[39m[22m[1m: Parse [1m[31merror[39m[22m[1m on line 97:
  ...{{/layout-main}}{{/layout-main}}
  -------------------^
  Expecting 'EOF', got 'OPEN_ENDBLOCK'
      at Parser.parseError (D:\Proyectos\HR-Library\node_modules\handlebars\dist  \cjs\handlebars\compiler\parser.js:267:19)
      at Parser.parse (D:\Proyectos\HR-Library\node_modules\handlebars\dist\cjs\  handlebars\compiler\parser.js:336:30)
      at parseWithoutProcessing (D:\Proyectos\HR-Library\node_modules\handlebars  \dist\cjs\handlebars\compiler\base.js:46:33)
      at HandlebarsEnvironment.parse (D:\Proyectos\HR-Library\node_modules\handl  ebars\dist\cjs\handlebars\compiler\base.js:52:13)
      at compile (D:\Proyectos\HR-Library\node_modules\handlebars-loader\index.j  s:234:18)
      at module.exports (D:\Proyectos\HR-Library\node_modules\handlebars-loader\  index.js:461:5)
  ModuleBuildError: Module build [1m[31mfailed[39m[22m[1m (from ./node_modules/handlebars-loader/i  ndex.js):
  [1m[31mError[39m[22m[1m: Parse [1m[31merror[39m[22m[1m on line 97:
  ...{{/layout-main}}{{/layout-main}}
  -------------------^
  Expecting 'EOF', got 'OPEN_ENDBLOCK'
      at Parser.parseError (D:\Proyectos\HR-Library\node_modules\handlebars\dist  \cjs\handlebars\compiler\parser.js:267:19)
      at Parser.parse (D:\Proyectos\HR-Library\node_modules\handlebars\dist\cjs\  handlebars\compiler\parser.js:336:30)
      at parseWithoutProcessing (D:\Proyectos\HR-Library\node_modules\handlebars  \dist\cjs\handlebars\compiler\base.js:46:33)
      at HandlebarsEnvironment.parse (D:\Proyectos\HR-Library\node_modules\handl  ebars\dist\cjs\handlebars\compiler\base.js:52:13)
      at compile (D:\Proyectos\HR-Library\node_modules\handlebars-loader\index.j  s:234:18)
      at module.exports (D:\Proyectos\HR-Library\node_modules\handlebars-loader\  index.js:461:5)
      at processResult (D:\Proyectos\HR-Library\node_modules\webpack\lib\NormalM  odule.js:764:19)
      at D:\Proyectos\HR-Library\node_modules\webpack\lib\NormalModule.js:866:5
      at D:\Proyectos\HR-Library\node_modules\loader-runner\lib\LoaderRunner.js:  499:11
      at runSyncOrAsyncCallback (D:\Proyectos\HR-Library\node_modules\loader-run  ner\lib\LoaderRunner.js:259:19)
      at innerCallback (D:\Proyectos\HR-Library\node_modules\loader-runner\lib\L  oaderRunner.js:175:13)
      at compile (D:\Proyectos\HR-Library\node_modules\handlebars-loader\index.j  s:238:14)
      at module.exports (D:\Proyectos\HR-Library\node_modules\handlebars-loader\  index.js:461:5)
      at LOADER_EXECUTION (D:\Proyectos\HR-Library\node_modules\loader-runner\li  b\LoaderRunner.js:195:14)
      at runSyncOrAsync (D:\Proyectos\HR-Library\node_modules\loader-runner\lib\  LoaderRunner.js:196:5)
      at iterateNormalLoaders (D:\Proyectos\HR-Library\node_modules\loader-runne  r\lib\LoaderRunner.js:258:2)
  Module build [1m[31mfailed[39m[22m[1m (from ./node_modules/handlebars-loader/index.js):
  [1m[31mError[39m[22m[1m: Parse [1m[31merror[39m[22m[1m on line 146:
  ...{{/layout-main}}{{/layout-main}}
  -------------------^
  Expecting 'EOF', got 'OPEN_ENDBLOCK'
      at Parser.parseError (D:\Proyectos\HR-Library\node_modules\handlebars\dist  \cjs\handlebars\compiler\parser.js:267:19)
      at Parser.parse (D:\Proyectos\HR-Library\node_modules\handlebars\dist\cjs\  handlebars\compiler\parser.js:336:30)
      at parseWithoutProcessing (D:\Proyectos\HR-Library\node_modules\handlebars  \dist\cjs\handlebars\compiler\base.js:46:33)
      at HandlebarsEnvironment.parse (D:\Proyectos\HR-Library\node_modules\handl  ebars\dist\cjs\handlebars\compiler\base.js:52:13)
      at compile (D:\Proyectos\HR-Library\node_modules\handlebars-loader\index.j  s:234:18)
      at module.exports (D:\Proyectos\HR-Library\node_modules\handlebars-loader\  index.js:461:5)
  ModuleBuildError: Module build [1m[31mfailed[39m[22m[1m (from ./node_modules/handlebars-loader/i  ndex.js):
  [1m[31mError[39m[22m[1m: Parse [1m[31merror[39m[22m[1m on line 146:
  ...{{/layout-main}}{{/layout-main}}
  -------------------^
  Expecting 'EOF', got 'OPEN_ENDBLOCK'
      at Parser.parseError (D:\Proyectos\HR-Library\node_modules\handlebars\dist  \cjs\handlebars\compiler\parser.js:267:19)
      at Parser.parse (D:\Proyectos\HR-Library\node_modules\handlebars\dist\cjs\  handlebars\compiler\parser.js:336:30)
      at parseWithoutProcessing (D:\Proyectos\HR-Library\node_modules\handlebars  \dist\cjs\handlebars\compiler\base.js:46:33)
      at HandlebarsEnvironment.parse (D:\Proyectos\HR-Library\node_modules\handl  ebars\dist\cjs\handlebars\compiler\base.js:52:13)
      at compile (D:\Proyectos\HR-Library\node_modules\handlebars-loader\index.j  s:234:18)
      at module.exports (D:\Proyectos\HR-Library\node_modules\handlebars-loader\  index.js:461:5)
      at processResult (D:\Proyectos\HR-Library\node_modules\webpack\lib\NormalM  odule.js:764:19)
      at D:\Proyectos\HR-Library\node_modules\webpack\lib\NormalModule.js:866:5
      at D:\Proyectos\HR-Library\node_modules\loader-runner\lib\LoaderRunner.js:  499:11
      at runSyncOrAsyncCallback (D:\Proyectos\HR-Library\node_modules\loader-run  ner\lib\LoaderRunner.js:259:19)
      at innerCallback (D:\Proyectos\HR-Library\node_modules\loader-runner\lib\L  oaderRunner.js:175:13)
      at compile (D:\Proyectos\HR-Library\node_modules\handlebars-loader\index.j  s:238:14)
      at module.exports (D:\Proyectos\HR-Library\node_modules\handlebars-loader\  index.js:461:5)
      at LOADER_EXECUTION (D:\Proyectos\HR-Library\node_modules\loader-runner\li  b\LoaderRunner.js:195:14)
      at runSyncOrAsync (D:\Proyectos\HR-Library\node_modules\loader-runner\lib\  LoaderRunner.js:196:5)
      at iterateNormalLoaders (D:\Proyectos\HR-Library\node_modules\loader-runne  r\lib\LoaderRunner.js:258:2)
  Module build [1m[31mfailed[39m[22m[1m (from ./node_modules/handlebars-loader/index.js):
  [1m[31mError[39m[22m[1m: Parse [1m[31merror[39m[22m[1m on line 183:
  ...{{/layout-main}}{{/layout-main}}
  -------------------^
  Expecting 'EOF', got 'OPEN_ENDBLOCK'
      at Parser.parseError (D:\Proyectos\HR-Library\node_modules\handlebars\dist  \cjs\handlebars\compiler\parser.js:267:19)
      at Parser.parse (D:\Proyectos\HR-Library\node_modules\handlebars\dist\cjs\  handlebars\compiler\parser.js:336:30)
      at parseWithoutProcessing (D:\Proyectos\HR-Library\node_modules\handlebars  \dist\cjs\handlebars\compiler\base.js:46:33)
      at HandlebarsEnvironment.parse (D:\Proyectos\HR-Library\node_modules\handl  ebars\dist\cjs\handlebars\compiler\base.js:52:13)
      at compile (D:\Proyectos\HR-Library\node_modules\handlebars-loader\index.j  s:234:18)
      at module.exports (D:\Proyectos\HR-Library\node_modules\handlebars-loader\  index.js:461:5)
  ModuleBuildError: Module build [1m[31mfailed[39m[22m[1m (from ./node_modules/handlebars-loader/i  ndex.js):
  [1m[31mError[39m[22m[1m: Parse [1m[31merror[39m[22m[1m on line 183:
  ...{{/layout-main}}{{/layout-main}}
  -------------------^
  Expecting 'EOF', got 'OPEN_ENDBLOCK'
      at Parser.parseError (D:\Proyectos\HR-Library\node_modules\handlebars\dist  \cjs\handlebars\compiler\parser.js:267:19)
      at Parser.parse (D:\Proyectos\HR-Library\node_modules\handlebars\dist\cjs\  handlebars\compiler\parser.js:336:30)
      at parseWithoutProcessing (D:\Proyectos\HR-Library\node_modules\handlebars  \dist\cjs\handlebars\compiler\base.js:46:33)
      at HandlebarsEnvironment.parse (D:\Proyectos\HR-Library\node_modules\handl  ebars\dist\cjs\handlebars\compiler\base.js:52:13)
      at compile (D:\Proyectos\HR-Library\node_modules\handlebars-loader\index.j  s:234:18)
      at module.exports (D:\Proyectos\HR-Library\node_modules\handlebars-loader\  index.js:461:5)
      at processResult (D:\Proyectos\HR-Library\node_modules\webpack\lib\NormalM  odule.js:764:19)
      at D:\Proyectos\HR-Library\node_modules\webpack\lib\NormalModule.js:866:5
      at D:\Proyectos\HR-Library\node_modules\loader-runner\lib\LoaderRunner.js:  499:11
      at runSyncOrAsyncCallback (D:\Proyectos\HR-Library\node_modules\loader-run  ner\lib\LoaderRunner.js:259:19)
      at innerCallback (D:\Proyectos\HR-Library\node_modules\loader-runner\lib\L  oaderRunner.js:175:13)
      at compile (D:\Proyectos\HR-Library\node_modules\handlebars-loader\index.j  s:238:14)
      at module.exports (D:\Proyectos\HR-Library\node_modules\handlebars-loader\  index.js:461:5)
      at LOADER_EXECUTION (D:\Proyectos\HR-Library\node_modules\loader-runner\li  b\LoaderRunner.js:195:14)
      at runSyncOrAsync (D:\Proyectos\HR-Library\node_modules\loader-runner\lib\  LoaderRunner.js:196:5)
      at iterateNormalLoaders (D:\Proyectos\HR-Library\node_modules\loader-runne  r\lib\LoaderRunner.js:258:2)
  Module build [1m[31mfailed[39m[22m[1m (from ./node_modules/handlebars-loader/index.js):
  [1m[31mError[39m[22m[1m: Parse [1m[31merror[39m[22m[1m on line 216:
  ...{{/layout-main}}{{/layout-main}}
  -------------------^
  Expecting 'EOF', got 'OPEN_ENDBLOCK'
      at Parser.parseError (D:\Proyectos\HR-Library\node_modules\handlebars\dist  \cjs\handlebars\compiler\parser.js:267:19)
      at Parser.parse (D:\Proyectos\HR-Library\node_modules\handlebars\dist\cjs\  handlebars\compiler\parser.js:336:30)
      at parseWithoutProcessing (D:\Proyectos\HR-Library\node_modules\handlebars  \dist\cjs\handlebars\compiler\base.js:46:33)
      at HandlebarsEnvironment.parse (D:\Proyectos\HR-Library\node_modules\handl  ebars\dist\cjs\handlebars\compiler\base.js:52:13)
      at compile (D:\Proyectos\HR-Library\node_modules\handlebars-loader\index.j  s:234:18)
      at module.exports (D:\Proyectos\HR-Library\node_modules\handlebars-loader\  index.js:461:5)
  ModuleBuildError: Module build [1m[31mfailed[39m[22m[1m (from ./node_modules/handlebars-loader/i  ndex.js):
  [1m[31mError[39m[22m[1m: Parse [1m[31merror[39m[22m[1m on line 216:
  ...{{/layout-main}}{{/layout-main}}
  -------------------^
  Expecting 'EOF', got 'OPEN_ENDBLOCK'
      at Parser.parseError (D:\Proyectos\HR-Library\node_modules\handlebars\dist  \cjs\handlebars\compiler\parser.js:267:19)
      at Parser.parse (D:\Proyectos\HR-Library\node_modules\handlebars\dist\cjs\  handlebars\compiler\parser.js:336:30)
      at parseWithoutProcessing (D:\Proyectos\HR-Library\node_modules\handlebars  \dist\cjs\handlebars\compiler\base.js:46:33)
      at HandlebarsEnvironment.parse (D:\Proyectos\HR-Library\node_modules\handl  ebars\dist\cjs\handlebars\compiler\base.js:52:13)
      at compile (D:\Proyectos\HR-Library\node_modules\handlebars-loader\index.j  s:234:18)
      at module.exports (D:\Proyectos\HR-Library\node_modules\handlebars-loader\  index.js:461:5)
      at processResult (D:\Proyectos\HR-Library\node_modules\webpack\lib\NormalM  odule.js:764:19)
      at D:\Proyectos\HR-Library\node_modules\webpack\lib\NormalModule.js:866:5
      at D:\Proyectos\HR-Library\node_modules\loader-runner\lib\LoaderRunner.js:  499:11
      at runSyncOrAsyncCallback (D:\Proyectos\HR-Library\node_modules\loader-run  ner\lib\LoaderRunner.js:259:19)
      at innerCallback (D:\Proyectos\HR-Library\node_modules\loader-runner\lib\L  oaderRunner.js:175:13)
      at compile (D:\Proyectos\HR-Library\node_modules\handlebars-loader\index.j  s:238:14)
      at module.exports (D:\Proyectos\HR-Library\node_modules\handlebars-loader\  index.js:461:5)
      at LOADER_EXECUTION (D:\Proyectos\HR-Library\node_modules\loader-runner\li  b\LoaderRunner.js:195:14)
      at runSyncOrAsync (D:\Proyectos\HR-Library\node_modules\loader-runner\lib\  LoaderRunner.js:196:5)
      at iterateNormalLoaders (D:\Proyectos\HR-Library\node_modules\loader-runne  r\lib\LoaderRunner.js:258:2)
  
  - parser.js:267 Parser.parseError
    [HR-Library]/[handlebars]/dist/cjs/handlebars/compiler/parser.js:267:19
  
  - parser.js:336 Parser.parse
    [HR-Library]/[handlebars]/dist/cjs/handlebars/compiler/parser.js:336:30
  
  - base.js:46 parseWithoutProcessing
    [HR-Library]/[handlebars]/dist/cjs/handlebars/compiler/base.js:46:33
  
  - base.js:52 HandlebarsEnvironment.parse
    [HR-Library]/[handlebars]/dist/cjs/handlebars/compiler/base.js:52:13
  
  - index.js:234 compile
    [HR-Library]/[handlebars-loader]/index.js:234:18
  
  - index.js:461 module.exports
    [HR-Library]/[handlebars-loader]/index.js:461:5
  
  - ModuleBuildError: Module build [1m[31mfailed[39m[22m[1m (from ./node_modules/handlebars-loader    /index.js):
  
  - [1m[31mError[39m[22m[1m: Parse [1m[31merror[39m[22m[1m on line 68:
  
  - ...{{/layout-main}}{{/layout-main}}
  
  - -------------------^
  
  - Expecting 'EOF', got 'OPEN_ENDBLOCK'
  
  - parser.js:267 Parser.parseError
    [HR-Library]/[handlebars]/dist/cjs/handlebars/compiler/parser.js:267:19
  
  - parser.js:336 Parser.parse
    [HR-Library]/[handlebars]/dist/cjs/handlebars/compiler/parser.js:336:30
  
  - base.js:46 parseWithoutProcessing
    [HR-Library]/[handlebars]/dist/cjs/handlebars/compiler/base.js:46:33
  
  - base.js:52 HandlebarsEnvironment.parse
    [HR-Library]/[handlebars]/dist/cjs/handlebars/compiler/base.js:52:13
  
  - index.js:234 compile
    [HR-Library]/[handlebars-loader]/index.js:234:18
  
  - index.js:461 module.exports
    [HR-Library]/[handlebars-loader]/index.js:461:5
  
  - NormalModule.js:764 processResult
    [HR-Library]/[webpack]/lib/NormalModule.js:764:19
  
  - NormalModule.js:866 
    [HR-Library]/[webpack]/lib/NormalModule.js:866:5
  
  - LoaderRunner.js:499 
    [HR-Library]/[loader-runner]/lib/LoaderRunner.js:499:11
  
  - LoaderRunner.js:259 runSyncOrAsyncCallback
    [HR-Library]/[loader-runner]/lib/LoaderRunner.js:259:19
  
  - LoaderRunner.js:175 innerCallback
    [HR-Library]/[loader-runner]/lib/LoaderRunner.js:175:13
  
  - index.js:238 compile
    [HR-Library]/[handlebars-loader]/index.js:238:14
  
  - index.js:461 module.exports
    [HR-Library]/[handlebars-loader]/index.js:461:5
  
  - LoaderRunner.js:195 LOADER_EXECUTION
    [HR-Library]/[loader-runner]/lib/LoaderRunner.js:195:14
  
  - LoaderRunner.js:196 runSyncOrAsync
    [HR-Library]/[loader-runner]/lib/LoaderRunner.js:196:5
  
  - LoaderRunner.js:258 iterateNormalLoaders
    [HR-Library]/[loader-runner]/lib/LoaderRunner.js:258:2
  
  - Module build [1m[31mfailed[39m[22m[1m (from ./node_modules/handlebars-loader/index.js):
  
  - [1m[31mError[39m[22m[1m: Parse [1m[31merror[39m[22m[1m on line 201:
  
  - ...{{/layout-main}}{{/layout-main}}
  
  - -------------------^
  
  - Expecting 'EOF', got 'OPEN_ENDBLOCK'
  
  - parser.js:267 Parser.parseError
    [HR-Library]/[handlebars]/dist/cjs/handlebars/compiler/parser.js:267:19
  
  - parser.js:336 Parser.parse
    [HR-Library]/[handlebars]/dist/cjs/handlebars/compiler/parser.js:336:30
  
  - base.js:46 parseWithoutProcessing
    [HR-Library]/[handlebars]/dist/cjs/handlebars/compiler/base.js:46:33
  
  - base.js:52 HandlebarsEnvironment.parse
    [HR-Library]/[handlebars]/dist/cjs/handlebars/compiler/base.js:52:13
  
  - index.js:234 compile
    [HR-Library]/[handlebars-loader]/index.js:234:18
  
  - index.js:461 module.exports
    [HR-Library]/[handlebars-loader]/index.js:461:5
  
  - ModuleBuildError: Module build [1m[31mfailed[39m[22m[1m (from ./node_modules/handlebars-loader    /index.js):
  
  - [1m[31mError[39m[22m[1m: Parse [1m[31merror[39m[22m[1m on line 201:
  
  - ...{{/layout-main}}{{/layout-main}}
  
  - -------------------^
  
  - Expecting 'EOF', got 'OPEN_ENDBLOCK'
  
  - parser.js:267 Parser.parseError
    [HR-Library]/[handlebars]/dist/cjs/handlebars/compiler/parser.js:267:19
  
  - parser.js:336 Parser.parse
    [HR-Library]/[handlebars]/dist/cjs/handlebars/compiler/parser.js:336:30
  
  - base.js:46 parseWithoutProcessing
    [HR-Library]/[handlebars]/dist/cjs/handlebars/compiler/base.js:46:33
  
  - base.js:52 HandlebarsEnvironment.parse
    [HR-Library]/[handlebars]/dist/cjs/handlebars/compiler/base.js:52:13
  
  - index.js:234 compile
    [HR-Library]/[handlebars-loader]/index.js:234:18
  
  - index.js:461 module.exports
    [HR-Library]/[handlebars-loader]/index.js:461:5
  
  - NormalModule.js:764 processResult
    [HR-Library]/[webpack]/lib/NormalModule.js:764:19
  
  - NormalModule.js:866 
    [HR-Library]/[webpack]/lib/NormalModule.js:866:5
  
[39m[22m

[1m[31mERROR[39m[22m in [1m  [1m[31mError[39m[22m[1m: Child compilation [1m[31mfailed[39m[22m[1m:
  Module build [1m[31mfailed[39m[22m[1m (from ./node_modules/handlebars-loader/index.js):
  [1m[31mError[39m[22m[1m: Parse [1m[31merror[39m[22m[1m on line 68:
  ...{{/layout-main}}{{/layout-main}}
  -------------------^
  Expecting 'EOF', got 'OPEN_ENDBLOCK'
      at Parser.parseError (D:\Proyectos\HR-Library\node_modules\handlebars\dist  \cjs\handlebars\compiler\parser.js:267:19)
      at Parser.parse (D:\Proyectos\HR-Library\node_modules\handlebars\dist\cjs\  handlebars\compiler\parser.js:336:30)
      at parseWithoutProcessing (D:\Proyectos\HR-Library\node_modules\handlebars  \dist\cjs\handlebars\compiler\base.js:46:33)
      at HandlebarsEnvironment.parse (D:\Proyectos\HR-Library\node_modules\handl  ebars\dist\cjs\handlebars\compiler\base.js:52:13)
      at compile (D:\Proyectos\HR-Library\node_modules\handlebars-loader\index.j  s:234:18)
      at module.exports (D:\Proyectos\HR-Library\node_modules\handlebars-loader\  index.js:461:5)
  ModuleBuildError: Module build [1m[31mfailed[39m[22m[1m (from ./node_modules/handlebars-loader/i  ndex.js):
  [1m[31mError[39m[22m[1m: Parse [1m[31merror[39m[22m[1m on line 68:
  ...{{/layout-main}}{{/layout-main}}
  -------------------^
  Expecting 'EOF', got 'OPEN_ENDBLOCK'
      at Parser.parseError (D:\Proyectos\HR-Library\node_modules\handlebars\dist  \cjs\handlebars\compiler\parser.js:267:19)
      at Parser.parse (D:\Proyectos\HR-Library\node_modules\handlebars\dist\cjs\  handlebars\compiler\parser.js:336:30)
      at parseWithoutProcessing (D:\Proyectos\HR-Library\node_modules\handlebars  \dist\cjs\handlebars\compiler\base.js:46:33)
      at HandlebarsEnvironment.parse (D:\Proyectos\HR-Library\node_modules\handl  ebars\dist\cjs\handlebars\compiler\base.js:52:13)
      at compile (D:\Proyectos\HR-Library\node_modules\handlebars-loader\index.j  s:234:18)
      at module.exports (D:\Proyectos\HR-Library\node_modules\handlebars-loader\  index.js:461:5)
      at processResult (D:\Proyectos\HR-Library\node_modules\webpack\lib\NormalM  odule.js:764:19)
      at D:\Proyectos\HR-Library\node_modules\webpack\lib\NormalModule.js:866:5
      at D:\Proyectos\HR-Library\node_modules\loader-runner\lib\LoaderRunner.js:  499:11
      at runSyncOrAsyncCallback (D:\Proyectos\HR-Library\node_modules\loader-run  ner\lib\LoaderRunner.js:259:19)
      at innerCallback (D:\Proyectos\HR-Library\node_modules\loader-runner\lib\L  oaderRunner.js:175:13)
      at compile (D:\Proyectos\HR-Library\node_modules\handlebars-loader\index.j  s:238:14)
      at module.exports (D:\Proyectos\HR-Library\node_modules\handlebars-loader\  index.js:461:5)
      at LOADER_EXECUTION (D:\Proyectos\HR-Library\node_modules\loader-runner\li  b\LoaderRunner.js:195:14)
      at runSyncOrAsync (D:\Proyectos\HR-Library\node_modules\loader-runner\lib\  LoaderRunner.js:196:5)
      at iterateNormalLoaders (D:\Proyectos\HR-Library\node_modules\loader-runne  r\lib\LoaderRunner.js:258:2)
  Module build [1m[31mfailed[39m[22m[1m (from ./node_modules/handlebars-loader/index.js):
  [1m[31mError[39m[22m[1m: Parse [1m[31merror[39m[22m[1m on line 201:
  ...{{/layout-main}}{{/layout-main}}
  -------------------^
  Expecting 'EOF', got 'OPEN_ENDBLOCK'
      at Parser.parseError (D:\Proyectos\HR-Library\node_modules\handlebars\dist  \cjs\handlebars\compiler\parser.js:267:19)
      at Parser.parse (D:\Proyectos\HR-Library\node_modules\handlebars\dist\cjs\  handlebars\compiler\parser.js:336:30)
      at parseWithoutProcessing (D:\Proyectos\HR-Library\node_modules\handlebars  \dist\cjs\handlebars\compiler\base.js:46:33)
      at HandlebarsEnvironment.parse (D:\Proyectos\HR-Library\node_modules\handl  ebars\dist\cjs\handlebars\compiler\base.js:52:13)
      at compile (D:\Proyectos\HR-Library\node_modules\handlebars-loader\index.j  s:234:18)
      at module.exports (D:\Proyectos\HR-Library\node_modules\handlebars-loader\  index.js:461:5)
  ModuleBuildError: Module build [1m[31mfailed[39m[22m[1m (from ./node_modules/handlebars-loader/i  ndex.js):
  [1m[31mError[39m[22m[1m: Parse [1m[31merror[39m[22m[1m on line 201:
  ...{{/layout-main}}{{/layout-main}}
  -------------------^
  Expecting 'EOF', got 'OPEN_ENDBLOCK'
      at Parser.parseError (D:\Proyectos\HR-Library\node_modules\handlebars\dist  \cjs\handlebars\compiler\parser.js:267:19)
      at Parser.parse (D:\Proyectos\HR-Library\node_modules\handlebars\dist\cjs\  handlebars\compiler\parser.js:336:30)
      at parseWithoutProcessing (D:\Proyectos\HR-Library\node_modules\handlebars  \dist\cjs\handlebars\compiler\base.js:46:33)
      at HandlebarsEnvironment.parse (D:\Proyectos\HR-Library\node_modules\handl  ebars\dist\cjs\handlebars\compiler\base.js:52:13)
      at compile (D:\Proyectos\HR-Library\node_modules\handlebars-loader\index.j  s:234:18)
      at module.exports (D:\Proyectos\HR-Library\node_modules\handlebars-loader\  index.js:461:5)
      at processResult (D:\Proyectos\HR-Library\node_modules\webpack\lib\NormalM  odule.js:764:19)
      at D:\Proyectos\HR-Library\node_modules\webpack\lib\NormalModule.js:866:5
      at D:\Proyectos\HR-Library\node_modules\loader-runner\lib\LoaderRunner.js:  499:11
      at runSyncOrAsyncCallback (D:\Proyectos\HR-Library\node_modules\loader-run  ner\lib\LoaderRunner.js:259:19)
      at innerCallback (D:\Proyectos\HR-Library\node_modules\loader-runner\lib\L  oaderRunner.js:175:13)
      at compile (D:\Proyectos\HR-Library\node_modules\handlebars-loader\index.j  s:238:14)
      at module.exports (D:\Proyectos\HR-Library\node_modules\handlebars-loader\  index.js:461:5)
      at LOADER_EXECUTION (D:\Proyectos\HR-Library\node_modules\loader-runner\li  b\LoaderRunner.js:195:14)
      at runSyncOrAsync (D:\Proyectos\HR-Library\node_modules\loader-runner\lib\  LoaderRunner.js:196:5)
      at iterateNormalLoaders (D:\Proyectos\HR-Library\node_modules\loader-runne  r\lib\LoaderRunner.js:258:2)
  Module build [1m[31mfailed[39m[22m[1m (from ./node_modules/handlebars-loader/index.js):
  [1m[31mError[39m[22m[1m: Parse [1m[31merror[39m[22m[1m on line 97:
  ...{{/layout-main}}{{/layout-main}}
  -------------------^
  Expecting 'EOF', got 'OPEN_ENDBLOCK'
      at Parser.parseError (D:\Proyectos\HR-Library\node_modules\handlebars\dist  \cjs\handlebars\compiler\parser.js:267:19)
      at Parser.parse (D:\Proyectos\HR-Library\node_modules\handlebars\dist\cjs\  handlebars\compiler\parser.js:336:30)
      at parseWithoutProcessing (D:\Proyectos\HR-Library\node_modules\handlebars  \dist\cjs\handlebars\compiler\base.js:46:33)
      at HandlebarsEnvironment.parse (D:\Proyectos\HR-Library\node_modules\handl  ebars\dist\cjs\handlebars\compiler\base.js:52:13)
      at compile (D:\Proyectos\HR-Library\node_modules\handlebars-loader\index.j  s:234:18)
      at module.exports (D:\Proyectos\HR-Library\node_modules\handlebars-loader\  index.js:461:5)
  ModuleBuildError: Module build [1m[31mfailed[39m[22m[1m (from ./node_modules/handlebars-loader/i  ndex.js):
  [1m[31mError[39m[22m[1m: Parse [1m[31merror[39m[22m[1m on line 97:
  ...{{/layout-main}}{{/layout-main}}
  -------------------^
  Expecting 'EOF', got 'OPEN_ENDBLOCK'
      at Parser.parseError (D:\Proyectos\HR-Library\node_modules\handlebars\dist  \cjs\handlebars\compiler\parser.js:267:19)
      at Parser.parse (D:\Proyectos\HR-Library\node_modules\handlebars\dist\cjs\  handlebars\compiler\parser.js:336:30)
      at parseWithoutProcessing (D:\Proyectos\HR-Library\node_modules\handlebars  \dist\cjs\handlebars\compiler\base.js:46:33)
      at HandlebarsEnvironment.parse (D:\Proyectos\HR-Library\node_modules\handl  ebars\dist\cjs\handlebars\compiler\base.js:52:13)
      at compile (D:\Proyectos\HR-Library\node_modules\handlebars-loader\index.j  s:234:18)
      at module.exports (D:\Proyectos\HR-Library\node_modules\handlebars-loader\  index.js:461:5)
      at processResult (D:\Proyectos\HR-Library\node_modules\webpack\lib\NormalM  odule.js:764:19)
      at D:\Proyectos\HR-Library\node_modules\webpack\lib\NormalModule.js:866:5
      at D:\Proyectos\HR-Library\node_modules\loader-runner\lib\LoaderRunner.js:  499:11
      at runSyncOrAsyncCallback (D:\Proyectos\HR-Library\node_modules\loader-run  ner\lib\LoaderRunner.js:259:19)
      at innerCallback (D:\Proyectos\HR-Library\node_modules\loader-runner\lib\L  oaderRunner.js:175:13)
      at compile (D:\Proyectos\HR-Library\node_modules\handlebars-loader\index.j  s:238:14)
      at module.exports (D:\Proyectos\HR-Library\node_modules\handlebars-loader\  index.js:461:5)
      at LOADER_EXECUTION (D:\Proyectos\HR-Library\node_modules\loader-runner\li  b\LoaderRunner.js:195:14)
      at runSyncOrAsync (D:\Proyectos\HR-Library\node_modules\loader-runner\lib\  LoaderRunner.js:196:5)
      at iterateNormalLoaders (D:\Proyectos\HR-Library\node_modules\loader-runne  r\lib\LoaderRunner.js:258:2)
  Module build [1m[31mfailed[39m[22m[1m (from ./node_modules/handlebars-loader/index.js):
  [1m[31mError[39m[22m[1m: Parse [1m[31merror[39m[22m[1m on line 146:
  ...{{/layout-main}}{{/layout-main}}
  -------------------^
  Expecting 'EOF', got 'OPEN_ENDBLOCK'
      at Parser.parseError (D:\Proyectos\HR-Library\node_modules\handlebars\dist  \cjs\handlebars\compiler\parser.js:267:19)
      at Parser.parse (D:\Proyectos\HR-Library\node_modules\handlebars\dist\cjs\  handlebars\compiler\parser.js:336:30)
      at parseWithoutProcessing (D:\Proyectos\HR-Library\node_modules\handlebars  \dist\cjs\handlebars\compiler\base.js:46:33)
      at HandlebarsEnvironment.parse (D:\Proyectos\HR-Library\node_modules\handl  ebars\dist\cjs\handlebars\compiler\base.js:52:13)
      at compile (D:\Proyectos\HR-Library\node_modules\handlebars-loader\index.j  s:234:18)
      at module.exports (D:\Proyectos\HR-Library\node_modules\handlebars-loader\  index.js:461:5)
  ModuleBuildError: Module build [1m[31mfailed[39m[22m[1m (from ./node_modules/handlebars-loader/i  ndex.js):
  [1m[31mError[39m[22m[1m: Parse [1m[31merror[39m[22m[1m on line 146:
  ...{{/layout-main}}{{/layout-main}}
  -------------------^
  Expecting 'EOF', got 'OPEN_ENDBLOCK'
      at Parser.parseError (D:\Proyectos\HR-Library\node_modules\handlebars\dist  \cjs\handlebars\compiler\parser.js:267:19)
      at Parser.parse (D:\Proyectos\HR-Library\node_modules\handlebars\dist\cjs\  handlebars\compiler\parser.js:336:30)
      at parseWithoutProcessing (D:\Proyectos\HR-Library\node_modules\handlebars  \dist\cjs\handlebars\compiler\base.js:46:33)
      at HandlebarsEnvironment.parse (D:\Proyectos\HR-Library\node_modules\handl  ebars\dist\cjs\handlebars\compiler\base.js:52:13)
      at compile (D:\Proyectos\HR-Library\node_modules\handlebars-loader\index.j  s:234:18)
      at module.exports (D:\Proyectos\HR-Library\node_modules\handlebars-loader\  index.js:461:5)
      at processResult (D:\Proyectos\HR-Library\node_modules\webpack\lib\NormalM  odule.js:764:19)
      at D:\Proyectos\HR-Library\node_modules\webpack\lib\NormalModule.js:866:5
      at D:\Proyectos\HR-Library\node_modules\loader-runner\lib\LoaderRunner.js:  499:11
      at runSyncOrAsyncCallback (D:\Proyectos\HR-Library\node_modules\loader-run  ner\lib\LoaderRunner.js:259:19)
      at innerCallback (D:\Proyectos\HR-Library\node_modules\loader-runner\lib\L  oaderRunner.js:175:13)
      at compile (D:\Proyectos\HR-Library\node_modules\handlebars-loader\index.j  s:238:14)
      at module.exports (D:\Proyectos\HR-Library\node_modules\handlebars-loader\  index.js:461:5)
      at LOADER_EXECUTION (D:\Proyectos\HR-Library\node_modules\loader-runner\li  b\LoaderRunner.js:195:14)
      at runSyncOrAsync (D:\Proyectos\HR-Library\node_modules\loader-runner\lib\  LoaderRunner.js:196:5)
      at iterateNormalLoaders (D:\Proyectos\HR-Library\node_modules\loader-runne  r\lib\LoaderRunner.js:258:2)
  Module build [1m[31mfailed[39m[22m[1m (from ./node_modules/handlebars-loader/index.js):
  [1m[31mError[39m[22m[1m: Parse [1m[31merror[39m[22m[1m on line 183:
  ...{{/layout-main}}{{/layout-main}}
  -------------------^
  Expecting 'EOF', got 'OPEN_ENDBLOCK'
      at Parser.parseError (D:\Proyectos\HR-Library\node_modules\handlebars\dist  \cjs\handlebars\compiler\parser.js:267:19)
      at Parser.parse (D:\Proyectos\HR-Library\node_modules\handlebars\dist\cjs\  handlebars\compiler\parser.js:336:30)
      at parseWithoutProcessing (D:\Proyectos\HR-Library\node_modules\handlebars  \dist\cjs\handlebars\compiler\base.js:46:33)
      at HandlebarsEnvironment.parse (D:\Proyectos\HR-Library\node_modules\handl  ebars\dist\cjs\handlebars\compiler\base.js:52:13)
      at compile (D:\Proyectos\HR-Library\node_modules\handlebars-loader\index.j  s:234:18)
      at module.exports (D:\Proyectos\HR-Library\node_modules\handlebars-loader\  index.js:461:5)
  ModuleBuildError: Module build [1m[31mfailed[39m[22m[1m (from ./node_modules/handlebars-loader/i  ndex.js):
  [1m[31mError[39m[22m[1m: Parse [1m[31merror[39m[22m[1m on line 183:
  ...{{/layout-main}}{{/layout-main}}
  -------------------^
  Expecting 'EOF', got 'OPEN_ENDBLOCK'
      at Parser.parseError (D:\Proyectos\HR-Library\node_modules\handlebars\dist  \cjs\handlebars\compiler\parser.js:267:19)
      at Parser.parse (D:\Proyectos\HR-Library\node_modules\handlebars\dist\cjs\  handlebars\compiler\parser.js:336:30)
      at parseWithoutProcessing (D:\Proyectos\HR-Library\node_modules\handlebars  \dist\cjs\handlebars\compiler\base.js:46:33)
      at HandlebarsEnvironment.parse (D:\Proyectos\HR-Library\node_modules\handl  ebars\dist\cjs\handlebars\compiler\base.js:52:13)
      at compile (D:\Proyectos\HR-Library\node_modules\handlebars-loader\index.j  s:234:18)
      at module.exports (D:\Proyectos\HR-Library\node_modules\handlebars-loader\  index.js:461:5)
      at processResult (D:\Proyectos\HR-Library\node_modules\webpack\lib\NormalM  odule.js:764:19)
      at D:\Proyectos\HR-Library\node_modules\webpack\lib\NormalModule.js:866:5
      at D:\Proyectos\HR-Library\node_modules\loader-runner\lib\LoaderRunner.js:  499:11
      at runSyncOrAsyncCallback (D:\Proyectos\HR-Library\node_modules\loader-run  ner\lib\LoaderRunner.js:259:19)
      at innerCallback (D:\Proyectos\HR-Library\node_modules\loader-runner\lib\L  oaderRunner.js:175:13)
      at compile (D:\Proyectos\HR-Library\node_modules\handlebars-loader\index.j  s:238:14)
      at module.exports (D:\Proyectos\HR-Library\node_modules\handlebars-loader\  index.js:461:5)
      at LOADER_EXECUTION (D:\Proyectos\HR-Library\node_modules\loader-runner\li  b\LoaderRunner.js:195:14)
      at runSyncOrAsync (D:\Proyectos\HR-Library\node_modules\loader-runner\lib\  LoaderRunner.js:196:5)
      at iterateNormalLoaders (D:\Proyectos\HR-Library\node_modules\loader-runne  r\lib\LoaderRunner.js:258:2)
  Module build [1m[31mfailed[39m[22m[1m (from ./node_modules/handlebars-loader/index.js):
  [1m[31mError[39m[22m[1m: Parse [1m[31merror[39m[22m[1m on line 216:
  ...{{/layout-main}}{{/layout-main}}
  -------------------^
  Expecting 'EOF', got 'OPEN_ENDBLOCK'
      at Parser.parseError (D:\Proyectos\HR-Library\node_modules\handlebars\dist  \cjs\handlebars\compiler\parser.js:267:19)
      at Parser.parse (D:\Proyectos\HR-Library\node_modules\handlebars\dist\cjs\  handlebars\compiler\parser.js:336:30)
      at parseWithoutProcessing (D:\Proyectos\HR-Library\node_modules\handlebars  \dist\cjs\handlebars\compiler\base.js:46:33)
      at HandlebarsEnvironment.parse (D:\Proyectos\HR-Library\node_modules\handl  ebars\dist\cjs\handlebars\compiler\base.js:52:13)
      at compile (D:\Proyectos\HR-Library\node_modules\handlebars-loader\index.j  s:234:18)
      at module.exports (D:\Proyectos\HR-Library\node_modules\handlebars-loader\  index.js:461:5)
  ModuleBuildError: Module build [1m[31mfailed[39m[22m[1m (from ./node_modules/handlebars-loader/i  ndex.js):
  [1m[31mError[39m[22m[1m: Parse [1m[31merror[39m[22m[1m on line 216:
  ...{{/layout-main}}{{/layout-main}}
  -------------------^
  Expecting 'EOF', got 'OPEN_ENDBLOCK'
      at Parser.parseError (D:\Proyectos\HR-Library\node_modules\handlebars\dist  \cjs\handlebars\compiler\parser.js:267:19)
      at Parser.parse (D:\Proyectos\HR-Library\node_modules\handlebars\dist\cjs\  handlebars\compiler\parser.js:336:30)
      at parseWithoutProcessing (D:\Proyectos\HR-Library\node_modules\handlebars  \dist\cjs\handlebars\compiler\base.js:46:33)
      at HandlebarsEnvironment.parse (D:\Proyectos\HR-Library\node_modules\handl  ebars\dist\cjs\handlebars\compiler\base.js:52:13)
      at compile (D:\Proyectos\HR-Library\node_modules\handlebars-loader\index.j  s:234:18)
      at module.exports (D:\Proyectos\HR-Library\node_modules\handlebars-loader\  index.js:461:5)
      at processResult (D:\Proyectos\HR-Library\node_modules\webpack\lib\NormalM  odule.js:764:19)
      at D:\Proyectos\HR-Library\node_modules\webpack\lib\NormalModule.js:866:5
      at D:\Proyectos\HR-Library\node_modules\loader-runner\lib\LoaderRunner.js:  499:11
      at runSyncOrAsyncCallback (D:\Proyectos\HR-Library\node_modules\loader-run  ner\lib\LoaderRunner.js:259:19)
      at innerCallback (D:\Proyectos\HR-Library\node_modules\loader-runner\lib\L  oaderRunner.js:175:13)
      at compile (D:\Proyectos\HR-Library\node_modules\handlebars-loader\index.j  s:238:14)
      at module.exports (D:\Proyectos\HR-Library\node_modules\handlebars-loader\  index.js:461:5)
      at LOADER_EXECUTION (D:\Proyectos\HR-Library\node_modules\loader-runner\li  b\LoaderRunner.js:195:14)
      at runSyncOrAsync (D:\Proyectos\HR-Library\node_modules\loader-runner\lib\  LoaderRunner.js:196:5)
      at iterateNormalLoaders (D:\Proyectos\HR-Library\node_modules\loader-runne  r\lib\LoaderRunner.js:258:2)
  
  - parser.js:267 Parser.parseError
    [HR-Library]/[handlebars]/dist/cjs/handlebars/compiler/parser.js:267:19
  
  - parser.js:336 Parser.parse
    [HR-Library]/[handlebars]/dist/cjs/handlebars/compiler/parser.js:336:30
  
  - base.js:46 parseWithoutProcessing
    [HR-Library]/[handlebars]/dist/cjs/handlebars/compiler/base.js:46:33
  
  - base.js:52 HandlebarsEnvironment.parse
    [HR-Library]/[handlebars]/dist/cjs/handlebars/compiler/base.js:52:13
  
  - index.js:234 compile
    [HR-Library]/[handlebars-loader]/index.js:234:18
  
  - index.js:461 module.exports
    [HR-Library]/[handlebars-loader]/index.js:461:5
  
  - ModuleBuildError: Module build [1m[31mfailed[39m[22m[1m (from ./node_modules/handlebars-loader    /index.js):
  
  - [1m[31mError[39m[22m[1m: Parse [1m[31merror[39m[22m[1m on line 68:
  
  - ...{{/layout-main}}{{/layout-main}}
  
  - -------------------^
  
  - Expecting 'EOF', got 'OPEN_ENDBLOCK'
  
  - parser.js:267 Parser.parseError
    [HR-Library]/[handlebars]/dist/cjs/handlebars/compiler/parser.js:267:19
  
  - parser.js:336 Parser.parse
    [HR-Library]/[handlebars]/dist/cjs/handlebars/compiler/parser.js:336:30
  
  - base.js:46 parseWithoutProcessing
    [HR-Library]/[handlebars]/dist/cjs/handlebars/compiler/base.js:46:33
  
  - base.js:52 HandlebarsEnvironment.parse
    [HR-Library]/[handlebars]/dist/cjs/handlebars/compiler/base.js:52:13
  
  - index.js:234 compile
    [HR-Library]/[handlebars-loader]/index.js:234:18
  
  - index.js:461 module.exports
    [HR-Library]/[handlebars-loader]/index.js:461:5
  
  - NormalModule.js:764 processResult
    [HR-Library]/[webpack]/lib/NormalModule.js:764:19
  
  - NormalModule.js:866 
    [HR-Library]/[webpack]/lib/NormalModule.js:866:5
  
  - LoaderRunner.js:499 
    [HR-Library]/[loader-runner]/lib/LoaderRunner.js:499:11
  
  - LoaderRunner.js:259 runSyncOrAsyncCallback
    [HR-Library]/[loader-runner]/lib/LoaderRunner.js:259:19
  
  - LoaderRunner.js:175 innerCallback
    [HR-Library]/[loader-runner]/lib/LoaderRunner.js:175:13
  
  - index.js:238 compile
    [HR-Library]/[handlebars-loader]/index.js:238:14
  
  - index.js:461 module.exports
    [HR-Library]/[handlebars-loader]/index.js:461:5
  
  - LoaderRunner.js:195 LOADER_EXECUTION
    [HR-Library]/[loader-runner]/lib/LoaderRunner.js:195:14
  
  - LoaderRunner.js:196 runSyncOrAsync
    [HR-Library]/[loader-runner]/lib/LoaderRunner.js:196:5
  
  - LoaderRunner.js:258 iterateNormalLoaders
    [HR-Library]/[loader-runner]/lib/LoaderRunner.js:258:2
  
  - Module build [1m[31mfailed[39m[22m[1m (from ./node_modules/handlebars-loader/index.js):
  
  - [1m[31mError[39m[22m[1m: Parse [1m[31merror[39m[22m[1m on line 201:
  
  - ...{{/layout-main}}{{/layout-main}}
  
  - -------------------^
  
  - Expecting 'EOF', got 'OPEN_ENDBLOCK'
  
  - parser.js:267 Parser.parseError
    [HR-Library]/[handlebars]/dist/cjs/handlebars/compiler/parser.js:267:19
  
  - parser.js:336 Parser.parse
    [HR-Library]/[handlebars]/dist/cjs/handlebars/compiler/parser.js:336:30
  
  - base.js:46 parseWithoutProcessing
    [HR-Library]/[handlebars]/dist/cjs/handlebars/compiler/base.js:46:33
  
  - base.js:52 HandlebarsEnvironment.parse
    [HR-Library]/[handlebars]/dist/cjs/handlebars/compiler/base.js:52:13
  
  - index.js:234 compile
    [HR-Library]/[handlebars-loader]/index.js:234:18
  
  - index.js:461 module.exports
    [HR-Library]/[handlebars-loader]/index.js:461:5
  
  - ModuleBuildError: Module build [1m[31mfailed[39m[22m[1m (from ./node_modules/handlebars-loader    /index.js):
  
  - [1m[31mError[39m[22m[1m: Parse [1m[31merror[39m[22m[1m on line 201:
  
  - ...{{/layout-main}}{{/layout-main}}
  
  - -------------------^
  
  - Expecting 'EOF', got 'OPEN_ENDBLOCK'
  
  - parser.js:267 Parser.parseError
    [HR-Library]/[handlebars]/dist/cjs/handlebars/compiler/parser.js:267:19
  
  - parser.js:336 Parser.parse
    [HR-Library]/[handlebars]/dist/cjs/handlebars/compiler/parser.js:336:30
  
  - base.js:46 parseWithoutProcessing
    [HR-Library]/[handlebars]/dist/cjs/handlebars/compiler/base.js:46:33
  
  - base.js:52 HandlebarsEnvironment.parse
    [HR-Library]/[handlebars]/dist/cjs/handlebars/compiler/base.js:52:13
  
  - index.js:234 compile
    [HR-Library]/[handlebars-loader]/index.js:234:18
  
  - index.js:461 module.exports
    [HR-Library]/[handlebars-loader]/index.js:461:5
  
  - NormalModule.js:764 processResult
    [HR-Library]/[webpack]/lib/NormalModule.js:764:19
  
  - NormalModule.js:866 
    [HR-Library]/[webpack]/lib/NormalModule.js:866:5
  
[39m[22m

[1m[31mERROR[39m[22m in [1m  [1m[31mError[39m[22m[1m: Child compilation [1m[31mfailed[39m[22m[1m:
  Module build [1m[31mfailed[39m[22m[1m (from ./node_modules/handlebars-loader/index.js):
  [1m[31mError[39m[22m[1m: Parse [1m[31merror[39m[22m[1m on line 68:
  ...{{/layout-main}}{{/layout-main}}
  -------------------^
  Expecting 'EOF', got 'OPEN_ENDBLOCK'
      at Parser.parseError (D:\Proyectos\HR-Library\node_modules\handlebars\dist  \cjs\handlebars\compiler\parser.js:267:19)
      at Parser.parse (D:\Proyectos\HR-Library\node_modules\handlebars\dist\cjs\  handlebars\compiler\parser.js:336:30)
      at parseWithoutProcessing (D:\Proyectos\HR-Library\node_modules\handlebars  \dist\cjs\handlebars\compiler\base.js:46:33)
      at HandlebarsEnvironment.parse (D:\Proyectos\HR-Library\node_modules\handl  ebars\dist\cjs\handlebars\compiler\base.js:52:13)
      at compile (D:\Proyectos\HR-Library\node_modules\handlebars-loader\index.j  s:234:18)
      at module.exports (D:\Proyectos\HR-Library\node_modules\handlebars-loader\  index.js:461:5)
  ModuleBuildError: Module build [1m[31mfailed[39m[22m[1m (from ./node_modules/handlebars-loader/i  ndex.js):
  [1m[31mError[39m[22m[1m: Parse [1m[31merror[39m[22m[1m on line 68:
  ...{{/layout-main}}{{/layout-main}}
  -------------------^
  Expecting 'EOF', got 'OPEN_ENDBLOCK'
      at Parser.parseError (D:\Proyectos\HR-Library\node_modules\handlebars\dist  \cjs\handlebars\compiler\parser.js:267:19)
      at Parser.parse (D:\Proyectos\HR-Library\node_modules\handlebars\dist\cjs\  handlebars\compiler\parser.js:336:30)
      at parseWithoutProcessing (D:\Proyectos\HR-Library\node_modules\handlebars  \dist\cjs\handlebars\compiler\base.js:46:33)
      at HandlebarsEnvironment.parse (D:\Proyectos\HR-Library\node_modules\handl  ebars\dist\cjs\handlebars\compiler\base.js:52:13)
      at compile (D:\Proyectos\HR-Library\node_modules\handlebars-loader\index.j  s:234:18)
      at module.exports (D:\Proyectos\HR-Library\node_modules\handlebars-loader\  index.js:461:5)
      at processResult (D:\Proyectos\HR-Library\node_modules\webpack\lib\NormalM  odule.js:764:19)
      at D:\Proyectos\HR-Library\node_modules\webpack\lib\NormalModule.js:866:5
      at D:\Proyectos\HR-Library\node_modules\loader-runner\lib\LoaderRunner.js:  499:11
      at runSyncOrAsyncCallback (D:\Proyectos\HR-Library\node_modules\loader-run  ner\lib\LoaderRunner.js:259:19)
      at innerCallback (D:\Proyectos\HR-Library\node_modules\loader-runner\lib\L  oaderRunner.js:175:13)
      at compile (D:\Proyectos\HR-Library\node_modules\handlebars-loader\index.j  s:238:14)
      at module.exports (D:\Proyectos\HR-Library\node_modules\handlebars-loader\  index.js:461:5)
      at LOADER_EXECUTION (D:\Proyectos\HR-Library\node_modules\loader-runner\li  b\LoaderRunner.js:195:14)
      at runSyncOrAsync (D:\Proyectos\HR-Library\node_modules\loader-runner\lib\  LoaderRunner.js:196:5)
      at iterateNormalLoaders (D:\Proyectos\HR-Library\node_modules\loader-runne  r\lib\LoaderRunner.js:258:2)
  Module build [1m[31mfailed[39m[22m[1m (from ./node_modules/handlebars-loader/index.js):
  [1m[31mError[39m[22m[1m: Parse [1m[31merror[39m[22m[1m on line 201:
  ...{{/layout-main}}{{/layout-main}}
  -------------------^
  Expecting 'EOF', got 'OPEN_ENDBLOCK'
      at Parser.parseError (D:\Proyectos\HR-Library\node_modules\handlebars\dist  \cjs\handlebars\compiler\parser.js:267:19)
      at Parser.parse (D:\Proyectos\HR-Library\node_modules\handlebars\dist\cjs\  handlebars\compiler\parser.js:336:30)
      at parseWithoutProcessing (D:\Proyectos\HR-Library\node_modules\handlebars  \dist\cjs\handlebars\compiler\base.js:46:33)
      at HandlebarsEnvironment.parse (D:\Proyectos\HR-Library\node_modules\handl  ebars\dist\cjs\handlebars\compiler\base.js:52:13)
      at compile (D:\Proyectos\HR-Library\node_modules\handlebars-loader\index.j  s:234:18)
      at module.exports (D:\Proyectos\HR-Library\node_modules\handlebars-loader\  index.js:461:5)
  ModuleBuildError: Module build [1m[31mfailed[39m[22m[1m (from ./node_modules/handlebars-loader/i  ndex.js):
  [1m[31mError[39m[22m[1m: Parse [1m[31merror[39m[22m[1m on line 201:
  ...{{/layout-main}}{{/layout-main}}
  -------------------^
  Expecting 'EOF', got 'OPEN_ENDBLOCK'
      at Parser.parseError (D:\Proyectos\HR-Library\node_modules\handlebars\dist  \cjs\handlebars\compiler\parser.js:267:19)
      at Parser.parse (D:\Proyectos\HR-Library\node_modules\handlebars\dist\cjs\  handlebars\compiler\parser.js:336:30)
      at parseWithoutProcessing (D:\Proyectos\HR-Library\node_modules\handlebars  \dist\cjs\handlebars\compiler\base.js:46:33)
      at HandlebarsEnvironment.parse (D:\Proyectos\HR-Library\node_modules\handl  ebars\dist\cjs\handlebars\compiler\base.js:52:13)
      at compile (D:\Proyectos\HR-Library\node_modules\handlebars-loader\index.j  s:234:18)
      at module.exports (D:\Proyectos\HR-Library\node_modules\handlebars-loader\  index.js:461:5)
      at processResult (D:\Proyectos\HR-Library\node_modules\webpack\lib\NormalM  odule.js:764:19)
      at D:\Proyectos\HR-Library\node_modules\webpack\lib\NormalModule.js:866:5
      at D:\Proyectos\HR-Library\node_modules\loader-runner\lib\LoaderRunner.js:  499:11
      at runSyncOrAsyncCallback (D:\Proyectos\HR-Library\node_modules\loader-run  ner\lib\LoaderRunner.js:259:19)
      at innerCallback (D:\Proyectos\HR-Library\node_modules\loader-runner\lib\L  oaderRunner.js:175:13)
      at compile (D:\Proyectos\HR-Library\node_modules\handlebars-loader\index.j  s:238:14)
      at module.exports (D:\Proyectos\HR-Library\node_modules\handlebars-loader\  index.js:461:5)
      at LOADER_EXECUTION (D:\Proyectos\HR-Library\node_modules\loader-runner\li  b\LoaderRunner.js:195:14)
      at runSyncOrAsync (D:\Proyectos\HR-Library\node_modules\loader-runner\lib\  LoaderRunner.js:196:5)
      at iterateNormalLoaders (D:\Proyectos\HR-Library\node_modules\loader-runne  r\lib\LoaderRunner.js:258:2)
  Module build [1m[31mfailed[39m[22m[1m (from ./node_modules/handlebars-loader/index.js):
  [1m[31mError[39m[22m[1m: Parse [1m[31merror[39m[22m[1m on line 97:
  ...{{/layout-main}}{{/layout-main}}
  -------------------^
  Expecting 'EOF', got 'OPEN_ENDBLOCK'
      at Parser.parseError (D:\Proyectos\HR-Library\node_modules\handlebars\dist  \cjs\handlebars\compiler\parser.js:267:19)
      at Parser.parse (D:\Proyectos\HR-Library\node_modules\handlebars\dist\cjs\  handlebars\compiler\parser.js:336:30)
      at parseWithoutProcessing (D:\Proyectos\HR-Library\node_modules\handlebars  \dist\cjs\handlebars\compiler\base.js:46:33)
      at HandlebarsEnvironment.parse (D:\Proyectos\HR-Library\node_modules\handl  ebars\dist\cjs\handlebars\compiler\base.js:52:13)
      at compile (D:\Proyectos\HR-Library\node_modules\handlebars-loader\index.j  s:234:18)
      at module.exports (D:\Proyectos\HR-Library\node_modules\handlebars-loader\  index.js:461:5)
  ModuleBuildError: Module build [1m[31mfailed[39m[22m[1m (from ./node_modules/handlebars-loader/i  ndex.js):
  [1m[31mError[39m[22m[1m: Parse [1m[31merror[39m[22m[1m on line 97:
  ...{{/layout-main}}{{/layout-main}}
  -------------------^
  Expecting 'EOF', got 'OPEN_ENDBLOCK'
      at Parser.parseError (D:\Proyectos\HR-Library\node_modules\handlebars\dist  \cjs\handlebars\compiler\parser.js:267:19)
      at Parser.parse (D:\Proyectos\HR-Library\node_modules\handlebars\dist\cjs\  handlebars\compiler\parser.js:336:30)
      at parseWithoutProcessing (D:\Proyectos\HR-Library\node_modules\handlebars  \dist\cjs\handlebars\compiler\base.js:46:33)
      at HandlebarsEnvironment.parse (D:\Proyectos\HR-Library\node_modules\handl  ebars\dist\cjs\handlebars\compiler\base.js:52:13)
      at compile (D:\Proyectos\HR-Library\node_modules\handlebars-loader\index.j  s:234:18)
      at module.exports (D:\Proyectos\HR-Library\node_modules\handlebars-loader\  index.js:461:5)
      at processResult (D:\Proyectos\HR-Library\node_modules\webpack\lib\NormalM  odule.js:764:19)
      at D:\Proyectos\HR-Library\node_modules\webpack\lib\NormalModule.js:866:5
      at D:\Proyectos\HR-Library\node_modules\loader-runner\lib\LoaderRunner.js:  499:11
      at runSyncOrAsyncCallback (D:\Proyectos\HR-Library\node_modules\loader-run  ner\lib\LoaderRunner.js:259:19)
      at innerCallback (D:\Proyectos\HR-Library\node_modules\loader-runner\lib\L  oaderRunner.js:175:13)
      at compile (D:\Proyectos\HR-Library\node_modules\handlebars-loader\index.j  s:238:14)
      at module.exports (D:\Proyectos\HR-Library\node_modules\handlebars-loader\  index.js:461:5)
      at LOADER_EXECUTION (D:\Proyectos\HR-Library\node_modules\loader-runner\li  b\LoaderRunner.js:195:14)
      at runSyncOrAsync (D:\Proyectos\HR-Library\node_modules\loader-runner\lib\  LoaderRunner.js:196:5)
      at iterateNormalLoaders (D:\Proyectos\HR-Library\node_modules\loader-runne  r\lib\LoaderRunner.js:258:2)
  Module build [1m[31mfailed[39m[22m[1m (from ./node_modules/handlebars-loader/index.js):
  [1m[31mError[39m[22m[1m: Parse [1m[31merror[39m[22m[1m on line 146:
  ...{{/layout-main}}{{/layout-main}}
  -------------------^
  Expecting 'EOF', got 'OPEN_ENDBLOCK'
      at Parser.parseError (D:\Proyectos\HR-Library\node_modules\handlebars\dist  \cjs\handlebars\compiler\parser.js:267:19)
      at Parser.parse (D:\Proyectos\HR-Library\node_modules\handlebars\dist\cjs\  handlebars\compiler\parser.js:336:30)
      at parseWithoutProcessing (D:\Proyectos\HR-Library\node_modules\handlebars  \dist\cjs\handlebars\compiler\base.js:46:33)
      at HandlebarsEnvironment.parse (D:\Proyectos\HR-Library\node_modules\handl  ebars\dist\cjs\handlebars\compiler\base.js:52:13)
      at compile (D:\Proyectos\HR-Library\node_modules\handlebars-loader\index.j  s:234:18)
      at module.exports (D:\Proyectos\HR-Library\node_modules\handlebars-loader\  index.js:461:5)
  ModuleBuildError: Module build [1m[31mfailed[39m[22m[1m (from ./node_modules/handlebars-loader/i  ndex.js):
  [1m[31mError[39m[22m[1m: Parse [1m[31merror[39m[22m[1m on line 146:
  ...{{/layout-main}}{{/layout-main}}
  -------------------^
  Expecting 'EOF', got 'OPEN_ENDBLOCK'
      at Parser.parseError (D:\Proyectos\HR-Library\node_modules\handlebars\dist  \cjs\handlebars\compiler\parser.js:267:19)
      at Parser.parse (D:\Proyectos\HR-Library\node_modules\handlebars\dist\cjs\  handlebars\compiler\parser.js:336:30)
      at parseWithoutProcessing (D:\Proyectos\HR-Library\node_modules\handlebars  \dist\cjs\handlebars\compiler\base.js:46:33)
      at HandlebarsEnvironment.parse (D:\Proyectos\HR-Library\node_modules\handl  ebars\dist\cjs\handlebars\compiler\base.js:52:13)
      at compile (D:\Proyectos\HR-Library\node_modules\handlebars-loader\index.j  s:234:18)
      at module.exports (D:\Proyectos\HR-Library\node_modules\handlebars-loader\  index.js:461:5)
      at processResult (D:\Proyectos\HR-Library\node_modules\webpack\lib\NormalM  odule.js:764:19)
      at D:\Proyectos\HR-Library\node_modules\webpack\lib\NormalModule.js:866:5
      at D:\Proyectos\HR-Library\node_modules\loader-runner\lib\LoaderRunner.js:  499:11
      at runSyncOrAsyncCallback (D:\Proyectos\HR-Library\node_modules\loader-run  ner\lib\LoaderRunner.js:259:19)
      at innerCallback (D:\Proyectos\HR-Library\node_modules\loader-runner\lib\L  oaderRunner.js:175:13)
      at compile (D:\Proyectos\HR-Library\node_modules\handlebars-loader\index.j  s:238:14)
      at module.exports (D:\Proyectos\HR-Library\node_modules\handlebars-loader\  index.js:461:5)
      at LOADER_EXECUTION (D:\Proyectos\HR-Library\node_modules\loader-runner\li  b\LoaderRunner.js:195:14)
      at runSyncOrAsync (D:\Proyectos\HR-Library\node_modules\loader-runner\lib\  LoaderRunner.js:196:5)
      at iterateNormalLoaders (D:\Proyectos\HR-Library\node_modules\loader-runne  r\lib\LoaderRunner.js:258:2)
  Module build [1m[31mfailed[39m[22m[1m (from ./node_modules/handlebars-loader/index.js):
  [1m[31mError[39m[22m[1m: Parse [1m[31merror[39m[22m[1m on line 183:
  ...{{/layout-main}}{{/layout-main}}
  -------------------^
  Expecting 'EOF', got 'OPEN_ENDBLOCK'
      at Parser.parseError (D:\Proyectos\HR-Library\node_modules\handlebars\dist  \cjs\handlebars\compiler\parser.js:267:19)
      at Parser.parse (D:\Proyectos\HR-Library\node_modules\handlebars\dist\cjs\  handlebars\compiler\parser.js:336:30)
      at parseWithoutProcessing (D:\Proyectos\HR-Library\node_modules\handlebars  \dist\cjs\handlebars\compiler\base.js:46:33)
      at HandlebarsEnvironment.parse (D:\Proyectos\HR-Library\node_modules\handl  ebars\dist\cjs\handlebars\compiler\base.js:52:13)
      at compile (D:\Proyectos\HR-Library\node_modules\handlebars-loader\index.j  s:234:18)
      at module.exports (D:\Proyectos\HR-Library\node_modules\handlebars-loader\  index.js:461:5)
  ModuleBuildError: Module build [1m[31mfailed[39m[22m[1m (from ./node_modules/handlebars-loader/i  ndex.js):
  [1m[31mError[39m[22m[1m: Parse [1m[31merror[39m[22m[1m on line 183:
  ...{{/layout-main}}{{/layout-main}}
  -------------------^
  Expecting 'EOF', got 'OPEN_ENDBLOCK'
      at Parser.parseError (D:\Proyectos\HR-Library\node_modules\handlebars\dist  \cjs\handlebars\compiler\parser.js:267:19)
      at Parser.parse (D:\Proyectos\HR-Library\node_modules\handlebars\dist\cjs\  handlebars\compiler\parser.js:336:30)
      at parseWithoutProcessing (D:\Proyectos\HR-Library\node_modules\handlebars  \dist\cjs\handlebars\compiler\base.js:46:33)
      at HandlebarsEnvironment.parse (D:\Proyectos\HR-Library\node_modules\handl  ebars\dist\cjs\handlebars\compiler\base.js:52:13)
      at compile (D:\Proyectos\HR-Library\node_modules\handlebars-loader\index.j  s:234:18)
      at module.exports (D:\Proyectos\HR-Library\node_modules\handlebars-loader\  index.js:461:5)
      at processResult (D:\Proyectos\HR-Library\node_modules\webpack\lib\NormalM  odule.js:764:19)
      at D:\Proyectos\HR-Library\node_modules\webpack\lib\NormalModule.js:866:5
      at D:\Proyectos\HR-Library\node_modules\loader-runner\lib\LoaderRunner.js:  499:11
      at runSyncOrAsyncCallback (D:\Proyectos\HR-Library\node_modules\loader-run  ner\lib\LoaderRunner.js:259:19)
      at innerCallback (D:\Proyectos\HR-Library\node_modules\loader-runner\lib\L  oaderRunner.js:175:13)
      at compile (D:\Proyectos\HR-Library\node_modules\handlebars-loader\index.j  s:238:14)
      at module.exports (D:\Proyectos\HR-Library\node_modules\handlebars-loader\  index.js:461:5)
      at LOADER_EXECUTION (D:\Proyectos\HR-Library\node_modules\loader-runner\li  b\LoaderRunner.js:195:14)
      at runSyncOrAsync (D:\Proyectos\HR-Library\node_modules\loader-runner\lib\  LoaderRunner.js:196:5)
      at iterateNormalLoaders (D:\Proyectos\HR-Library\node_modules\loader-runne  r\lib\LoaderRunner.js:258:2)
  Module build [1m[31mfailed[39m[22m[1m (from ./node_modules/handlebars-loader/index.js):
  [1m[31mError[39m[22m[1m: Parse [1m[31merror[39m[22m[1m on line 216:
  ...{{/layout-main}}{{/layout-main}}
  -------------------^
  Expecting 'EOF', got 'OPEN_ENDBLOCK'
      at Parser.parseError (D:\Proyectos\HR-Library\node_modules\handlebars\dist  \cjs\handlebars\compiler\parser.js:267:19)
      at Parser.parse (D:\Proyectos\HR-Library\node_modules\handlebars\dist\cjs\  handlebars\compiler\parser.js:336:30)
      at parseWithoutProcessing (D:\Proyectos\HR-Library\node_modules\handlebars  \dist\cjs\handlebars\compiler\base.js:46:33)
      at HandlebarsEnvironment.parse (D:\Proyectos\HR-Library\node_modules\handl  ebars\dist\cjs\handlebars\compiler\base.js:52:13)
      at compile (D:\Proyectos\HR-Library\node_modules\handlebars-loader\index.j  s:234:18)
      at module.exports (D:\Proyectos\HR-Library\node_modules\handlebars-loader\  index.js:461:5)
  ModuleBuildError: Module build [1m[31mfailed[39m[22m[1m (from ./node_modules/handlebars-loader/i  ndex.js):
  [1m[31mError[39m[22m[1m: Parse [1m[31merror[39m[22m[1m on line 216:
  ...{{/layout-main}}{{/layout-main}}
  -------------------^
  Expecting 'EOF', got 'OPEN_ENDBLOCK'
      at Parser.parseError (D:\Proyectos\HR-Library\node_modules\handlebars\dist  \cjs\handlebars\compiler\parser.js:267:19)
      at Parser.parse (D:\Proyectos\HR-Library\node_modules\handlebars\dist\cjs\  handlebars\compiler\parser.js:336:30)
      at parseWithoutProcessing (D:\Proyectos\HR-Library\node_modules\handlebars  \dist\cjs\handlebars\compiler\base.js:46:33)
      at HandlebarsEnvironment.parse (D:\Proyectos\HR-Library\node_modules\handl  ebars\dist\cjs\handlebars\compiler\base.js:52:13)
      at compile (D:\Proyectos\HR-Library\node_modules\handlebars-loader\index.j  s:234:18)
      at module.exports (D:\Proyectos\HR-Library\node_modules\handlebars-loader\  index.js:461:5)
      at processResult (D:\Proyectos\HR-Library\node_modules\webpack\lib\NormalM  odule.js:764:19)
      at D:\Proyectos\HR-Library\node_modules\webpack\lib\NormalModule.js:866:5
      at D:\Proyectos\HR-Library\node_modules\loader-runner\lib\LoaderRunner.js:  499:11
      at runSyncOrAsyncCallback (D:\Proyectos\HR-Library\node_modules\loader-run  ner\lib\LoaderRunner.js:259:19)
      at innerCallback (D:\Proyectos\HR-Library\node_modules\loader-runner\lib\L  oaderRunner.js:175:13)
      at compile (D:\Proyectos\HR-Library\node_modules\handlebars-loader\index.j  s:238:14)
      at module.exports (D:\Proyectos\HR-Library\node_modules\handlebars-loader\  index.js:461:5)
      at LOADER_EXECUTION (D:\Proyectos\HR-Library\node_modules\loader-runner\li  b\LoaderRunner.js:195:14)
      at runSyncOrAsync (D:\Proyectos\HR-Library\node_modules\loader-runner\lib\  LoaderRunner.js:196:5)
      at iterateNormalLoaders (D:\Proyectos\HR-Library\node_modules\loader-runne  r\lib\LoaderRunner.js:258:2)
  
  - parser.js:267 Parser.parseError
    [HR-Library]/[handlebars]/dist/cjs/handlebars/compiler/parser.js:267:19
  
  - parser.js:336 Parser.parse
    [HR-Library]/[handlebars]/dist/cjs/handlebars/compiler/parser.js:336:30
  
  - base.js:46 parseWithoutProcessing
    [HR-Library]/[handlebars]/dist/cjs/handlebars/compiler/base.js:46:33
  
  - base.js:52 HandlebarsEnvironment.parse
    [HR-Library]/[handlebars]/dist/cjs/handlebars/compiler/base.js:52:13
  
  - index.js:234 compile
    [HR-Library]/[handlebars-loader]/index.js:234:18
  
  - index.js:461 module.exports
    [HR-Library]/[handlebars-loader]/index.js:461:5
  
  - ModuleBuildError: Module build [1m[31mfailed[39m[22m[1m (from ./node_modules/handlebars-loader    /index.js):
  
  - [1m[31mError[39m[22m[1m: Parse [1m[31merror[39m[22m[1m on line 68:
  
  - ...{{/layout-main}}{{/layout-main}}
  
  - -------------------^
  
  - Expecting 'EOF', got 'OPEN_ENDBLOCK'
  
  - parser.js:267 Parser.parseError
    [HR-Library]/[handlebars]/dist/cjs/handlebars/compiler/parser.js:267:19
  
  - parser.js:336 Parser.parse
    [HR-Library]/[handlebars]/dist/cjs/handlebars/compiler/parser.js:336:30
  
  - base.js:46 parseWithoutProcessing
    [HR-Library]/[handlebars]/dist/cjs/handlebars/compiler/base.js:46:33
  
  - base.js:52 HandlebarsEnvironment.parse
    [HR-Library]/[handlebars]/dist/cjs/handlebars/compiler/base.js:52:13
  
  - index.js:234 compile
    [HR-Library]/[handlebars-loader]/index.js:234:18
  
  - index.js:461 module.exports
    [HR-Library]/[handlebars-loader]/index.js:461:5
  
  - NormalModule.js:764 processResult
    [HR-Library]/[webpack]/lib/NormalModule.js:764:19
  
  - NormalModule.js:866 
    [HR-Library]/[webpack]/lib/NormalModule.js:866:5
  
  - LoaderRunner.js:499 
    [HR-Library]/[loader-runner]/lib/LoaderRunner.js:499:11
  
  - LoaderRunner.js:259 runSyncOrAsyncCallback
    [HR-Library]/[loader-runner]/lib/LoaderRunner.js:259:19
  
  - LoaderRunner.js:175 innerCallback
    [HR-Library]/[loader-runner]/lib/LoaderRunner.js:175:13
  
  - index.js:238 compile
    [HR-Library]/[handlebars-loader]/index.js:238:14
  
  - index.js:461 module.exports
    [HR-Library]/[handlebars-loader]/index.js:461:5
  
  - LoaderRunner.js:195 LOADER_EXECUTION
    [HR-Library]/[loader-runner]/lib/LoaderRunner.js:195:14
  
  - LoaderRunner.js:196 runSyncOrAsync
    [HR-Library]/[loader-runner]/lib/LoaderRunner.js:196:5
  
  - LoaderRunner.js:258 iterateNormalLoaders
    [HR-Library]/[loader-runner]/lib/LoaderRunner.js:258:2
  
  - Module build [1m[31mfailed[39m[22m[1m (from ./node_modules/handlebars-loader/index.js):
  
  - [1m[31mError[39m[22m[1m: Parse [1m[31merror[39m[22m[1m on line 201:
  
  - ...{{/layout-main}}{{/layout-main}}
  
  - -------------------^
  
  - Expecting 'EOF', got 'OPEN_ENDBLOCK'
  
  - parser.js:267 Parser.parseError
    [HR-Library]/[handlebars]/dist/cjs/handlebars/compiler/parser.js:267:19
  
  - parser.js:336 Parser.parse
    [HR-Library]/[handlebars]/dist/cjs/handlebars/compiler/parser.js:336:30
  
  - base.js:46 parseWithoutProcessing
    [HR-Library]/[handlebars]/dist/cjs/handlebars/compiler/base.js:46:33
  
  - base.js:52 HandlebarsEnvironment.parse
    [HR-Library]/[handlebars]/dist/cjs/handlebars/compiler/base.js:52:13
  
  - index.js:234 compile
    [HR-Library]/[handlebars-loader]/index.js:234:18
  
  - index.js:461 module.exports
    [HR-Library]/[handlebars-loader]/index.js:461:5
  
  - ModuleBuildError: Module build [1m[31mfailed[39m[22m[1m (from ./node_modules/handlebars-loader    /index.js):
  
  - [1m[31mError[39m[22m[1m: Parse [1m[31merror[39m[22m[1m on line 201:
  
  - ...{{/layout-main}}{{/layout-main}}
  
  - -------------------^
  
  - Expecting 'EOF', got 'OPEN_ENDBLOCK'
  
  - parser.js:267 Parser.parseError
    [HR-Library]/[handlebars]/dist/cjs/handlebars/compiler/parser.js:267:19
  
  - parser.js:336 Parser.parse
    [HR-Library]/[handlebars]/dist/cjs/handlebars/compiler/parser.js:336:30
  
  - base.js:46 parseWithoutProcessing
    [HR-Library]/[handlebars]/dist/cjs/handlebars/compiler/base.js:46:33
  
  - base.js:52 HandlebarsEnvironment.parse
    [HR-Library]/[handlebars]/dist/cjs/handlebars/compiler/base.js:52:13
  
  - index.js:234 compile
    [HR-Library]/[handlebars-loader]/index.js:234:18
  
  - index.js:461 module.exports
    [HR-Library]/[handlebars-loader]/index.js:461:5
  
  - NormalModule.js:764 processResult
    [HR-Library]/[webpack]/lib/NormalModule.js:764:19
  
  - NormalModule.js:866 
    [HR-Library]/[webpack]/lib/NormalModule.js:866:5
  
[39m[22m

[1m[31mERROR[39m[22m in [1m  [1m[31mError[39m[22m[1m: Child compilation [1m[31mfailed[39m[22m[1m:
  Module build [1m[31mfailed[39m[22m[1m (from ./node_modules/handlebars-loader/index.js):
  [1m[31mError[39m[22m[1m: Parse [1m[31merror[39m[22m[1m on line 68:
  ...{{/layout-main}}{{/layout-main}}
  -------------------^
  Expecting 'EOF', got 'OPEN_ENDBLOCK'
      at Parser.parseError (D:\Proyectos\HR-Library\node_modules\handlebars\dist  \cjs\handlebars\compiler\parser.js:267:19)
      at Parser.parse (D:\Proyectos\HR-Library\node_modules\handlebars\dist\cjs\  handlebars\compiler\parser.js:336:30)
      at parseWithoutProcessing (D:\Proyectos\HR-Library\node_modules\handlebars  \dist\cjs\handlebars\compiler\base.js:46:33)
      at HandlebarsEnvironment.parse (D:\Proyectos\HR-Library\node_modules\handl  ebars\dist\cjs\handlebars\compiler\base.js:52:13)
      at compile (D:\Proyectos\HR-Library\node_modules\handlebars-loader\index.j  s:234:18)
      at module.exports (D:\Proyectos\HR-Library\node_modules\handlebars-loader\  index.js:461:5)
  ModuleBuildError: Module build [1m[31mfailed[39m[22m[1m (from ./node_modules/handlebars-loader/i  ndex.js):
  [1m[31mError[39m[22m[1m: Parse [1m[31merror[39m[22m[1m on line 68:
  ...{{/layout-main}}{{/layout-main}}
  -------------------^
  Expecting 'EOF', got 'OPEN_ENDBLOCK'
      at Parser.parseError (D:\Proyectos\HR-Library\node_modules\handlebars\dist  \cjs\handlebars\compiler\parser.js:267:19)
      at Parser.parse (D:\Proyectos\HR-Library\node_modules\handlebars\dist\cjs\  handlebars\compiler\parser.js:336:30)
      at parseWithoutProcessing (D:\Proyectos\HR-Library\node_modules\handlebars  \dist\cjs\handlebars\compiler\base.js:46:33)
      at HandlebarsEnvironment.parse (D:\Proyectos\HR-Library\node_modules\handl  ebars\dist\cjs\handlebars\compiler\base.js:52:13)
      at compile (D:\Proyectos\HR-Library\node_modules\handlebars-loader\index.j  s:234:18)
      at module.exports (D:\Proyectos\HR-Library\node_modules\handlebars-loader\  index.js:461:5)
      at processResult (D:\Proyectos\HR-Library\node_modules\webpack\lib\NormalM  odule.js:764:19)
      at D:\Proyectos\HR-Library\node_modules\webpack\lib\NormalModule.js:866:5
      at D:\Proyectos\HR-Library\node_modules\loader-runner\lib\LoaderRunner.js:  499:11
      at runSyncOrAsyncCallback (D:\Proyectos\HR-Library\node_modules\loader-run  ner\lib\LoaderRunner.js:259:19)
      at innerCallback (D:\Proyectos\HR-Library\node_modules\loader-runner\lib\L  oaderRunner.js:175:13)
      at compile (D:\Proyectos\HR-Library\node_modules\handlebars-loader\index.j  s:238:14)
      at module.exports (D:\Proyectos\HR-Library\node_modules\handlebars-loader\  index.js:461:5)
      at LOADER_EXECUTION (D:\Proyectos\HR-Library\node_modules\loader-runner\li  b\LoaderRunner.js:195:14)
      at runSyncOrAsync (D:\Proyectos\HR-Library\node_modules\loader-runner\lib\  LoaderRunner.js:196:5)
      at iterateNormalLoaders (D:\Proyectos\HR-Library\node_modules\loader-runne  r\lib\LoaderRunner.js:258:2)
  Module build [1m[31mfailed[39m[22m[1m (from ./node_modules/handlebars-loader/index.js):
  [1m[31mError[39m[22m[1m: Parse [1m[31merror[39m[22m[1m on line 201:
  ...{{/layout-main}}{{/layout-main}}
  -------------------^
  Expecting 'EOF', got 'OPEN_ENDBLOCK'
      at Parser.parseError (D:\Proyectos\HR-Library\node_modules\handlebars\dist  \cjs\handlebars\compiler\parser.js:267:19)
      at Parser.parse (D:\Proyectos\HR-Library\node_modules\handlebars\dist\cjs\  handlebars\compiler\parser.js:336:30)
      at parseWithoutProcessing (D:\Proyectos\HR-Library\node_modules\handlebars  \dist\cjs\handlebars\compiler\base.js:46:33)
      at HandlebarsEnvironment.parse (D:\Proyectos\HR-Library\node_modules\handl  ebars\dist\cjs\handlebars\compiler\base.js:52:13)
      at compile (D:\Proyectos\HR-Library\node_modules\handlebars-loader\index.j  s:234:18)
      at module.exports (D:\Proyectos\HR-Library\node_modules\handlebars-loader\  index.js:461:5)
  ModuleBuildError: Module build [1m[31mfailed[39m[22m[1m (from ./node_modules/handlebars-loader/i  ndex.js):
  [1m[31mError[39m[22m[1m: Parse [1m[31merror[39m[22m[1m on line 201:
  ...{{/layout-main}}{{/layout-main}}
  -------------------^
  Expecting 'EOF', got 'OPEN_ENDBLOCK'
      at Parser.parseError (D:\Proyectos\HR-Library\node_modules\handlebars\dist  \cjs\handlebars\compiler\parser.js:267:19)
      at Parser.parse (D:\Proyectos\HR-Library\node_modules\handlebars\dist\cjs\  handlebars\compiler\parser.js:336:30)
      at parseWithoutProcessing (D:\Proyectos\HR-Library\node_modules\handlebars  \dist\cjs\handlebars\compiler\base.js:46:33)
      at HandlebarsEnvironment.parse (D:\Proyectos\HR-Library\node_modules\handl  ebars\dist\cjs\handlebars\compiler\base.js:52:13)
      at compile (D:\Proyectos\HR-Library\node_modules\handlebars-loader\index.j  s:234:18)
      at module.exports (D:\Proyectos\HR-Library\node_modules\handlebars-loader\  index.js:461:5)
      at processResult (D:\Proyectos\HR-Library\node_modules\webpack\lib\NormalM  odule.js:764:19)
      at D:\Proyectos\HR-Library\node_modules\webpack\lib\NormalModule.js:866:5
      at D:\Proyectos\HR-Library\node_modules\loader-runner\lib\LoaderRunner.js:  499:11
      at runSyncOrAsyncCallback (D:\Proyectos\HR-Library\node_modules\loader-run  ner\lib\LoaderRunner.js:259:19)
      at innerCallback (D:\Proyectos\HR-Library\node_modules\loader-runner\lib\L  oaderRunner.js:175:13)
      at compile (D:\Proyectos\HR-Library\node_modules\handlebars-loader\index.j  s:238:14)
      at module.exports (D:\Proyectos\HR-Library\node_modules\handlebars-loader\  index.js:461:5)
      at LOADER_EXECUTION (D:\Proyectos\HR-Library\node_modules\loader-runner\li  b\LoaderRunner.js:195:14)
      at runSyncOrAsync (D:\Proyectos\HR-Library\node_modules\loader-runner\lib\  LoaderRunner.js:196:5)
      at iterateNormalLoaders (D:\Proyectos\HR-Library\node_modules\loader-runne  r\lib\LoaderRunner.js:258:2)
  Module build [1m[31mfailed[39m[22m[1m (from ./node_modules/handlebars-loader/index.js):
  [1m[31mError[39m[22m[1m: Parse [1m[31merror[39m[22m[1m on line 97:
  ...{{/layout-main}}{{/layout-main}}
  -------------------^
  Expecting 'EOF', got 'OPEN_ENDBLOCK'
      at Parser.parseError (D:\Proyectos\HR-Library\node_modules\handlebars\dist  \cjs\handlebars\compiler\parser.js:267:19)
      at Parser.parse (D:\Proyectos\HR-Library\node_modules\handlebars\dist\cjs\  handlebars\compiler\parser.js:336:30)
      at parseWithoutProcessing (D:\Proyectos\HR-Library\node_modules\handlebars  \dist\cjs\handlebars\compiler\base.js:46:33)
      at HandlebarsEnvironment.parse (D:\Proyectos\HR-Library\node_modules\handl  ebars\dist\cjs\handlebars\compiler\base.js:52:13)
      at compile (D:\Proyectos\HR-Library\node_modules\handlebars-loader\index.j  s:234:18)
      at module.exports (D:\Proyectos\HR-Library\node_modules\handlebars-loader\  index.js:461:5)
  ModuleBuildError: Module build [1m[31mfailed[39m[22m[1m (from ./node_modules/handlebars-loader/i  ndex.js):
  [1m[31mError[39m[22m[1m: Parse [1m[31merror[39m[22m[1m on line 97:
  ...{{/layout-main}}{{/layout-main}}
  -------------------^
  Expecting 'EOF', got 'OPEN_ENDBLOCK'
      at Parser.parseError (D:\Proyectos\HR-Library\node_modules\handlebars\dist  \cjs\handlebars\compiler\parser.js:267:19)
      at Parser.parse (D:\Proyectos\HR-Library\node_modules\handlebars\dist\cjs\  handlebars\compiler\parser.js:336:30)
      at parseWithoutProcessing (D:\Proyectos\HR-Library\node_modules\handlebars  \dist\cjs\handlebars\compiler\base.js:46:33)
      at HandlebarsEnvironment.parse (D:\Proyectos\HR-Library\node_modules\handl  ebars\dist\cjs\handlebars\compiler\base.js:52:13)
      at compile (D:\Proyectos\HR-Library\node_modules\handlebars-loader\index.j  s:234:18)
      at module.exports (D:\Proyectos\HR-Library\node_modules\handlebars-loader\  index.js:461:5)
      at processResult (D:\Proyectos\HR-Library\node_modules\webpack\lib\NormalM  odule.js:764:19)
      at D:\Proyectos\HR-Library\node_modules\webpack\lib\NormalModule.js:866:5
      at D:\Proyectos\HR-Library\node_modules\loader-runner\lib\LoaderRunner.js:  499:11
      at runSyncOrAsyncCallback (D:\Proyectos\HR-Library\node_modules\loader-run  ner\lib\LoaderRunner.js:259:19)
      at innerCallback (D:\Proyectos\HR-Library\node_modules\loader-runner\lib\L  oaderRunner.js:175:13)
      at compile (D:\Proyectos\HR-Library\node_modules\handlebars-loader\index.j  s:238:14)
      at module.exports (D:\Proyectos\HR-Library\node_modules\handlebars-loader\  index.js:461:5)
      at LOADER_EXECUTION (D:\Proyectos\HR-Library\node_modules\loader-runner\li  b\LoaderRunner.js:195:14)
      at runSyncOrAsync (D:\Proyectos\HR-Library\node_modules\loader-runner\lib\  LoaderRunner.js:196:5)
      at iterateNormalLoaders (D:\Proyectos\HR-Library\node_modules\loader-runne  r\lib\LoaderRunner.js:258:2)
  Module build [1m[31mfailed[39m[22m[1m (from ./node_modules/handlebars-loader/index.js):
  [1m[31mError[39m[22m[1m: Parse [1m[31merror[39m[22m[1m on line 146:
  ...{{/layout-main}}{{/layout-main}}
  -------------------^
  Expecting 'EOF', got 'OPEN_ENDBLOCK'
      at Parser.parseError (D:\Proyectos\HR-Library\node_modules\handlebars\dist  \cjs\handlebars\compiler\parser.js:267:19)
      at Parser.parse (D:\Proyectos\HR-Library\node_modules\handlebars\dist\cjs\  handlebars\compiler\parser.js:336:30)
      at parseWithoutProcessing (D:\Proyectos\HR-Library\node_modules\handlebars  \dist\cjs\handlebars\compiler\base.js:46:33)
      at HandlebarsEnvironment.parse (D:\Proyectos\HR-Library\node_modules\handl  ebars\dist\cjs\handlebars\compiler\base.js:52:13)
      at compile (D:\Proyectos\HR-Library\node_modules\handlebars-loader\index.j  s:234:18)
      at module.exports (D:\Proyectos\HR-Library\node_modules\handlebars-loader\  index.js:461:5)
  ModuleBuildError: Module build [1m[31mfailed[39m[22m[1m (from ./node_modules/handlebars-loader/i  ndex.js):
  [1m[31mError[39m[22m[1m: Parse [1m[31merror[39m[22m[1m on line 146:
  ...{{/layout-main}}{{/layout-main}}
  -------------------^
  Expecting 'EOF', got 'OPEN_ENDBLOCK'
      at Parser.parseError (D:\Proyectos\HR-Library\node_modules\handlebars\dist  \cjs\handlebars\compiler\parser.js:267:19)
      at Parser.parse (D:\Proyectos\HR-Library\node_modules\handlebars\dist\cjs\  handlebars\compiler\parser.js:336:30)
      at parseWithoutProcessing (D:\Proyectos\HR-Library\node_modules\handlebars  \dist\cjs\handlebars\compiler\base.js:46:33)
      at HandlebarsEnvironment.parse (D:\Proyectos\HR-Library\node_modules\handl  ebars\dist\cjs\handlebars\compiler\base.js:52:13)
      at compile (D:\Proyectos\HR-Library\node_modules\handlebars-loader\index.j  s:234:18)
      at module.exports (D:\Proyectos\HR-Library\node_modules\handlebars-loader\  index.js:461:5)
      at processResult (D:\Proyectos\HR-Library\node_modules\webpack\lib\NormalM  odule.js:764:19)
      at D:\Proyectos\HR-Library\node_modules\webpack\lib\NormalModule.js:866:5
      at D:\Proyectos\HR-Library\node_modules\loader-runner\lib\LoaderRunner.js:  499:11
      at runSyncOrAsyncCallback (D:\Proyectos\HR-Library\node_modules\loader-run  ner\lib\LoaderRunner.js:259:19)
      at innerCallback (D:\Proyectos\HR-Library\node_modules\loader-runner\lib\L  oaderRunner.js:175:13)
      at compile (D:\Proyectos\HR-Library\node_modules\handlebars-loader\index.j  s:238:14)
      at module.exports (D:\Proyectos\HR-Library\node_modules\handlebars-loader\  index.js:461:5)
      at LOADER_EXECUTION (D:\Proyectos\HR-Library\node_modules\loader-runner\li  b\LoaderRunner.js:195:14)
      at runSyncOrAsync (D:\Proyectos\HR-Library\node_modules\loader-runner\lib\  LoaderRunner.js:196:5)
      at iterateNormalLoaders (D:\Proyectos\HR-Library\node_modules\loader-runne  r\lib\LoaderRunner.js:258:2)
  Module build [1m[31mfailed[39m[22m[1m (from ./node_modules/handlebars-loader/index.js):
  [1m[31mError[39m[22m[1m: Parse [1m[31merror[39m[22m[1m on line 183:
  ...{{/layout-main}}{{/layout-main}}
  -------------------^
  Expecting 'EOF', got 'OPEN_ENDBLOCK'
      at Parser.parseError (D:\Proyectos\HR-Library\node_modules\handlebars\dist  \cjs\handlebars\compiler\parser.js:267:19)
      at Parser.parse (D:\Proyectos\HR-Library\node_modules\handlebars\dist\cjs\  handlebars\compiler\parser.js:336:30)
      at parseWithoutProcessing (D:\Proyectos\HR-Library\node_modules\handlebars  \dist\cjs\handlebars\compiler\base.js:46:33)
      at HandlebarsEnvironment.parse (D:\Proyectos\HR-Library\node_modules\handl  ebars\dist\cjs\handlebars\compiler\base.js:52:13)
      at compile (D:\Proyectos\HR-Library\node_modules\handlebars-loader\index.j  s:234:18)
      at module.exports (D:\Proyectos\HR-Library\node_modules\handlebars-loader\  index.js:461:5)
  ModuleBuildError: Module build [1m[31mfailed[39m[22m[1m (from ./node_modules/handlebars-loader/i  ndex.js):
  [1m[31mError[39m[22m[1m: Parse [1m[31merror[39m[22m[1m on line 183:
  ...{{/layout-main}}{{/layout-main}}
  -------------------^
  Expecting 'EOF', got 'OPEN_ENDBLOCK'
      at Parser.parseError (D:\Proyectos\HR-Library\node_modules\handlebars\dist  \cjs\handlebars\compiler\parser.js:267:19)
      at Parser.parse (D:\Proyectos\HR-Library\node_modules\handlebars\dist\cjs\  handlebars\compiler\parser.js:336:30)
      at parseWithoutProcessing (D:\Proyectos\HR-Library\node_modules\handlebars  \dist\cjs\handlebars\compiler\base.js:46:33)
      at HandlebarsEnvironment.parse (D:\Proyectos\HR-Library\node_modules\handl  ebars\dist\cjs\handlebars\compiler\base.js:52:13)
      at compile (D:\Proyectos\HR-Library\node_modules\handlebars-loader\index.j  s:234:18)
      at module.exports (D:\Proyectos\HR-Library\node_modules\handlebars-loader\  index.js:461:5)
      at processResult (D:\Proyectos\HR-Library\node_modules\webpack\lib\NormalM  odule.js:764:19)
      at D:\Proyectos\HR-Library\node_modules\webpack\lib\NormalModule.js:866:5
      at D:\Proyectos\HR-Library\node_modules\loader-runner\lib\LoaderRunner.js:  499:11
      at runSyncOrAsyncCallback (D:\Proyectos\HR-Library\node_modules\loader-run  ner\lib\LoaderRunner.js:259:19)
      at innerCallback (D:\Proyectos\HR-Library\node_modules\loader-runner\lib\L  oaderRunner.js:175:13)
      at compile (D:\Proyectos\HR-Library\node_modules\handlebars-loader\index.j  s:238:14)
      at module.exports (D:\Proyectos\HR-Library\node_modules\handlebars-loader\  index.js:461:5)
      at LOADER_EXECUTION (D:\Proyectos\HR-Library\node_modules\loader-runner\li  b\LoaderRunner.js:195:14)
      at runSyncOrAsync (D:\Proyectos\HR-Library\node_modules\loader-runner\lib\  LoaderRunner.js:196:5)
      at iterateNormalLoaders (D:\Proyectos\HR-Library\node_modules\loader-runne  r\lib\LoaderRunner.js:258:2)
  Module build [1m[31mfailed[39m[22m[1m (from ./node_modules/handlebars-loader/index.js):
  [1m[31mError[39m[22m[1m: Parse [1m[31merror[39m[22m[1m on line 216:
  ...{{/layout-main}}{{/layout-main}}
  -------------------^
  Expecting 'EOF', got 'OPEN_ENDBLOCK'
      at Parser.parseError (D:\Proyectos\HR-Library\node_modules\handlebars\dist  \cjs\handlebars\compiler\parser.js:267:19)
      at Parser.parse (D:\Proyectos\HR-Library\node_modules\handlebars\dist\cjs\  handlebars\compiler\parser.js:336:30)
      at parseWithoutProcessing (D:\Proyectos\HR-Library\node_modules\handlebars  \dist\cjs\handlebars\compiler\base.js:46:33)
      at HandlebarsEnvironment.parse (D:\Proyectos\HR-Library\node_modules\handl  ebars\dist\cjs\handlebars\compiler\base.js:52:13)
      at compile (D:\Proyectos\HR-Library\node_modules\handlebars-loader\index.j  s:234:18)
      at module.exports (D:\Proyectos\HR-Library\node_modules\handlebars-loader\  index.js:461:5)
  ModuleBuildError: Module build [1m[31mfailed[39m[22m[1m (from ./node_modules/handlebars-loader/i  ndex.js):
  [1m[31mError[39m[22m[1m: Parse [1m[31merror[39m[22m[1m on line 216:
  ...{{/layout-main}}{{/layout-main}}
  -------------------^
  Expecting 'EOF', got 'OPEN_ENDBLOCK'
      at Parser.parseError (D:\Proyectos\HR-Library\node_modules\handlebars\dist  \cjs\handlebars\compiler\parser.js:267:19)
      at Parser.parse (D:\Proyectos\HR-Library\node_modules\handlebars\dist\cjs\  handlebars\compiler\parser.js:336:30)
      at parseWithoutProcessing (D:\Proyectos\HR-Library\node_modules\handlebars  \dist\cjs\handlebars\compiler\base.js:46:33)
      at HandlebarsEnvironment.parse (D:\Proyectos\HR-Library\node_modules\handl  ebars\dist\cjs\handlebars\compiler\base.js:52:13)
      at compile (D:\Proyectos\HR-Library\node_modules\handlebars-loader\index.j  s:234:18)
      at module.exports (D:\Proyectos\HR-Library\node_modules\handlebars-loader\  index.js:461:5)
      at processResult (D:\Proyectos\HR-Library\node_modules\webpack\lib\NormalM  odule.js:764:19)
      at D:\Proyectos\HR-Library\node_modules\webpack\lib\NormalModule.js:866:5
      at D:\Proyectos\HR-Library\node_modules\loader-runner\lib\LoaderRunner.js:  499:11
      at runSyncOrAsyncCallback (D:\Proyectos\HR-Library\node_modules\loader-run  ner\lib\LoaderRunner.js:259:19)
      at innerCallback (D:\Proyectos\HR-Library\node_modules\loader-runner\lib\L  oaderRunner.js:175:13)
      at compile (D:\Proyectos\HR-Library\node_modules\handlebars-loader\index.j  s:238:14)
      at module.exports (D:\Proyectos\HR-Library\node_modules\handlebars-loader\  index.js:461:5)
      at LOADER_EXECUTION (D:\Proyectos\HR-Library\node_modules\loader-runner\li  b\LoaderRunner.js:195:14)
      at runSyncOrAsync (D:\Proyectos\HR-Library\node_modules\loader-runner\lib\  LoaderRunner.js:196:5)
      at iterateNormalLoaders (D:\Proyectos\HR-Library\node_modules\loader-runne  r\lib\LoaderRunner.js:258:2)
  
  - parser.js:267 Parser.parseError
    [HR-Library]/[handlebars]/dist/cjs/handlebars/compiler/parser.js:267:19
  
  - parser.js:336 Parser.parse
    [HR-Library]/[handlebars]/dist/cjs/handlebars/compiler/parser.js:336:30
  
  - base.js:46 parseWithoutProcessing
    [HR-Library]/[handlebars]/dist/cjs/handlebars/compiler/base.js:46:33
  
  - base.js:52 HandlebarsEnvironment.parse
    [HR-Library]/[handlebars]/dist/cjs/handlebars/compiler/base.js:52:13
  
  - index.js:234 compile
    [HR-Library]/[handlebars-loader]/index.js:234:18
  
  - index.js:461 module.exports
    [HR-Library]/[handlebars-loader]/index.js:461:5
  
  - ModuleBuildError: Module build [1m[31mfailed[39m[22m[1m (from ./node_modules/handlebars-loader    /index.js):
  
  - [1m[31mError[39m[22m[1m: Parse [1m[31merror[39m[22m[1m on line 68:
  
  - ...{{/layout-main}}{{/layout-main}}
  
  - -------------------^
  
  - Expecting 'EOF', got 'OPEN_ENDBLOCK'
  
  - parser.js:267 Parser.parseError
    [HR-Library]/[handlebars]/dist/cjs/handlebars/compiler/parser.js:267:19
  
  - parser.js:336 Parser.parse
    [HR-Library]/[handlebars]/dist/cjs/handlebars/compiler/parser.js:336:30
  
  - base.js:46 parseWithoutProcessing
    [HR-Library]/[handlebars]/dist/cjs/handlebars/compiler/base.js:46:33
  
  - base.js:52 HandlebarsEnvironment.parse
    [HR-Library]/[handlebars]/dist/cjs/handlebars/compiler/base.js:52:13
  
  - index.js:234 compile
    [HR-Library]/[handlebars-loader]/index.js:234:18
  
  - index.js:461 module.exports
    [HR-Library]/[handlebars-loader]/index.js:461:5
  
  - NormalModule.js:764 processResult
    [HR-Library]/[webpack]/lib/NormalModule.js:764:19
  
  - NormalModule.js:866 
    [HR-Library]/[webpack]/lib/NormalModule.js:866:5
  
  - LoaderRunner.js:499 
    [HR-Library]/[loader-runner]/lib/LoaderRunner.js:499:11
  
  - LoaderRunner.js:259 runSyncOrAsyncCallback
    [HR-Library]/[loader-runner]/lib/LoaderRunner.js:259:19
  
  - LoaderRunner.js:175 innerCallback
    [HR-Library]/[loader-runner]/lib/LoaderRunner.js:175:13
  
  - index.js:238 compile
    [HR-Library]/[handlebars-loader]/index.js:238:14
  
  - index.js:461 module.exports
    [HR-Library]/[handlebars-loader]/index.js:461:5
  
  - LoaderRunner.js:195 LOADER_EXECUTION
    [HR-Library]/[loader-runner]/lib/LoaderRunner.js:195:14
  
  - LoaderRunner.js:196 runSyncOrAsync
    [HR-Library]/[loader-runner]/lib/LoaderRunner.js:196:5
  
  - LoaderRunner.js:258 iterateNormalLoaders
    [HR-Library]/[loader-runner]/lib/LoaderRunner.js:258:2
  
  - Module build [1m[31mfailed[39m[22m[1m (from ./node_modules/handlebars-loader/index.js):
  
  - [1m[31mError[39m[22m[1m: Parse [1m[31merror[39m[22m[1m on line 201:
  
  - ...{{/layout-main}}{{/layout-main}}
  
  - -------------------^
  
  - Expecting 'EOF', got 'OPEN_ENDBLOCK'
  
  - parser.js:267 Parser.parseError
    [HR-Library]/[handlebars]/dist/cjs/handlebars/compiler/parser.js:267:19
  
  - parser.js:336 Parser.parse
    [HR-Library]/[handlebars]/dist/cjs/handlebars/compiler/parser.js:336:30
  
  - base.js:46 parseWithoutProcessing
    [HR-Library]/[handlebars]/dist/cjs/handlebars/compiler/base.js:46:33
  
  - base.js:52 HandlebarsEnvironment.parse
    [HR-Library]/[handlebars]/dist/cjs/handlebars/compiler/base.js:52:13
  
  - index.js:234 compile
    [HR-Library]/[handlebars-loader]/index.js:234:18
  
  - index.js:461 module.exports
    [HR-Library]/[handlebars-loader]/index.js:461:5
  
  - ModuleBuildError: Module build [1m[31mfailed[39m[22m[1m (from ./node_modules/handlebars-loader    /index.js):
  
  - [1m[31mError[39m[22m[1m: Parse [1m[31merror[39m[22m[1m on line 201:
  
  - ...{{/layout-main}}{{/layout-main}}
  
  - -------------------^
  
  - Expecting 'EOF', got 'OPEN_ENDBLOCK'
  
  - parser.js:267 Parser.parseError
    [HR-Library]/[handlebars]/dist/cjs/handlebars/compiler/parser.js:267:19
  
  - parser.js:336 Parser.parse
    [HR-Library]/[handlebars]/dist/cjs/handlebars/compiler/parser.js:336:30
  
  - base.js:46 parseWithoutProcessing
    [HR-Library]/[handlebars]/dist/cjs/handlebars/compiler/base.js:46:33
  
  - base.js:52 HandlebarsEnvironment.parse
    [HR-Library]/[handlebars]/dist/cjs/handlebars/compiler/base.js:52:13
  
  - index.js:234 compile
    [HR-Library]/[handlebars-loader]/index.js:234:18
  
  - index.js:461 module.exports
    [HR-Library]/[handlebars-loader]/index.js:461:5
  
  - NormalModule.js:764 processResult
    [HR-Library]/[webpack]/lib/NormalModule.js:764:19
  
  - NormalModule.js:866 
    [HR-Library]/[webpack]/lib/NormalModule.js:866:5
  
[39m[22m

[1m[31mERROR[39m[22m in [1m  [1m[31mError[39m[22m[1m: Child compilation [1m[31mfailed[39m[22m[1m:
  Module build [1m[31mfailed[39m[22m[1m (from ./node_modules/handlebars-loader/index.js):
  [1m[31mError[39m[22m[1m: Parse [1m[31merror[39m[22m[1m on line 68:
  ...{{/layout-main}}{{/layout-main}}
  -------------------^
  Expecting 'EOF', got 'OPEN_ENDBLOCK'
      at Parser.parseError (D:\Proyectos\HR-Library\node_modules\handlebars\dist  \cjs\handlebars\compiler\parser.js:267:19)
      at Parser.parse (D:\Proyectos\HR-Library\node_modules\handlebars\dist\cjs\  handlebars\compiler\parser.js:336:30)
      at parseWithoutProcessing (D:\Proyectos\HR-Library\node_modules\handlebars  \dist\cjs\handlebars\compiler\base.js:46:33)
      at HandlebarsEnvironment.parse (D:\Proyectos\HR-Library\node_modules\handl  ebars\dist\cjs\handlebars\compiler\base.js:52:13)
      at compile (D:\Proyectos\HR-Library\node_modules\handlebars-loader\index.j  s:234:18)
      at module.exports (D:\Proyectos\HR-Library\node_modules\handlebars-loader\  index.js:461:5)
  ModuleBuildError: Module build [1m[31mfailed[39m[22m[1m (from ./node_modules/handlebars-loader/i  ndex.js):
  [1m[31mError[39m[22m[1m: Parse [1m[31merror[39m[22m[1m on line 68:
  ...{{/layout-main}}{{/layout-main}}
  -------------------^
  Expecting 'EOF', got 'OPEN_ENDBLOCK'
      at Parser.parseError (D:\Proyectos\HR-Library\node_modules\handlebars\dist  \cjs\handlebars\compiler\parser.js:267:19)
      at Parser.parse (D:\Proyectos\HR-Library\node_modules\handlebars\dist\cjs\  handlebars\compiler\parser.js:336:30)
      at parseWithoutProcessing (D:\Proyectos\HR-Library\node_modules\handlebars  \dist\cjs\handlebars\compiler\base.js:46:33)
      at HandlebarsEnvironment.parse (D:\Proyectos\HR-Library\node_modules\handl  ebars\dist\cjs\handlebars\compiler\base.js:52:13)
      at compile (D:\Proyectos\HR-Library\node_modules\handlebars-loader\index.j  s:234:18)
      at module.exports (D:\Proyectos\HR-Library\node_modules\handlebars-loader\  index.js:461:5)
      at processResult (D:\Proyectos\HR-Library\node_modules\webpack\lib\NormalM  odule.js:764:19)
      at D:\Proyectos\HR-Library\node_modules\webpack\lib\NormalModule.js:866:5
      at D:\Proyectos\HR-Library\node_modules\loader-runner\lib\LoaderRunner.js:  499:11
      at runSyncOrAsyncCallback (D:\Proyectos\HR-Library\node_modules\loader-run  ner\lib\LoaderRunner.js:259:19)
      at innerCallback (D:\Proyectos\HR-Library\node_modules\loader-runner\lib\L  oaderRunner.js:175:13)
      at compile (D:\Proyectos\HR-Library\node_modules\handlebars-loader\index.j  s:238:14)
      at module.exports (D:\Proyectos\HR-Library\node_modules\handlebars-loader\  index.js:461:5)
      at LOADER_EXECUTION (D:\Proyectos\HR-Library\node_modules\loader-runner\li  b\LoaderRunner.js:195:14)
      at runSyncOrAsync (D:\Proyectos\HR-Library\node_modules\loader-runner\lib\  LoaderRunner.js:196:5)
      at iterateNormalLoaders (D:\Proyectos\HR-Library\node_modules\loader-runne  r\lib\LoaderRunner.js:258:2)
  Module build [1m[31mfailed[39m[22m[1m (from ./node_modules/handlebars-loader/index.js):
  [1m[31mError[39m[22m[1m: Parse [1m[31merror[39m[22m[1m on line 201:
  ...{{/layout-main}}{{/layout-main}}
  -------------------^
  Expecting 'EOF', got 'OPEN_ENDBLOCK'
      at Parser.parseError (D:\Proyectos\HR-Library\node_modules\handlebars\dist  \cjs\handlebars\compiler\parser.js:267:19)
      at Parser.parse (D:\Proyectos\HR-Library\node_modules\handlebars\dist\cjs\  handlebars\compiler\parser.js:336:30)
      at parseWithoutProcessing (D:\Proyectos\HR-Library\node_modules\handlebars  \dist\cjs\handlebars\compiler\base.js:46:33)
      at HandlebarsEnvironment.parse (D:\Proyectos\HR-Library\node_modules\handl  ebars\dist\cjs\handlebars\compiler\base.js:52:13)
      at compile (D:\Proyectos\HR-Library\node_modules\handlebars-loader\index.j  s:234:18)
      at module.exports (D:\Proyectos\HR-Library\node_modules\handlebars-loader\  index.js:461:5)
  ModuleBuildError: Module build [1m[31mfailed[39m[22m[1m (from ./node_modules/handlebars-loader/i  ndex.js):
  [1m[31mError[39m[22m[1m: Parse [1m[31merror[39m[22m[1m on line 201:
  ...{{/layout-main}}{{/layout-main}}
  -------------------^
  Expecting 'EOF', got 'OPEN_ENDBLOCK'
      at Parser.parseError (D:\Proyectos\HR-Library\node_modules\handlebars\dist  \cjs\handlebars\compiler\parser.js:267:19)
      at Parser.parse (D:\Proyectos\HR-Library\node_modules\handlebars\dist\cjs\  handlebars\compiler\parser.js:336:30)
      at parseWithoutProcessing (D:\Proyectos\HR-Library\node_modules\handlebars  \dist\cjs\handlebars\compiler\base.js:46:33)
      at HandlebarsEnvironment.parse (D:\Proyectos\HR-Library\node_modules\handl  ebars\dist\cjs\handlebars\compiler\base.js:52:13)
      at compile (D:\Proyectos\HR-Library\node_modules\handlebars-loader\index.j  s:234:18)
      at module.exports (D:\Proyectos\HR-Library\node_modules\handlebars-loader\  index.js:461:5)
      at processResult (D:\Proyectos\HR-Library\node_modules\webpack\lib\NormalM  odule.js:764:19)
      at D:\Proyectos\HR-Library\node_modules\webpack\lib\NormalModule.js:866:5
      at D:\Proyectos\HR-Library\node_modules\loader-runner\lib\LoaderRunner.js:  499:11
      at runSyncOrAsyncCallback (D:\Proyectos\HR-Library\node_modules\loader-run  ner\lib\LoaderRunner.js:259:19)
      at innerCallback (D:\Proyectos\HR-Library\node_modules\loader-runner\lib\L  oaderRunner.js:175:13)
      at compile (D:\Proyectos\HR-Library\node_modules\handlebars-loader\index.j  s:238:14)
      at module.exports (D:\Proyectos\HR-Library\node_modules\handlebars-loader\  index.js:461:5)
      at LOADER_EXECUTION (D:\Proyectos\HR-Library\node_modules\loader-runner\li  b\LoaderRunner.js:195:14)
      at runSyncOrAsync (D:\Proyectos\HR-Library\node_modules\loader-runner\lib\  LoaderRunner.js:196:5)
      at iterateNormalLoaders (D:\Proyectos\HR-Library\node_modules\loader-runne  r\lib\LoaderRunner.js:258:2)
  Module build [1m[31mfailed[39m[22m[1m (from ./node_modules/handlebars-loader/index.js):
  [1m[31mError[39m[22m[1m: Parse [1m[31merror[39m[22m[1m on line 97:
  ...{{/layout-main}}{{/layout-main}}
  -------------------^
  Expecting 'EOF', got 'OPEN_ENDBLOCK'
      at Parser.parseError (D:\Proyectos\HR-Library\node_modules\handlebars\dist  \cjs\handlebars\compiler\parser.js:267:19)
      at Parser.parse (D:\Proyectos\HR-Library\node_modules\handlebars\dist\cjs\  handlebars\compiler\parser.js:336:30)
      at parseWithoutProcessing (D:\Proyectos\HR-Library\node_modules\handlebars  \dist\cjs\handlebars\compiler\base.js:46:33)
      at HandlebarsEnvironment.parse (D:\Proyectos\HR-Library\node_modules\handl  ebars\dist\cjs\handlebars\compiler\base.js:52:13)
      at compile (D:\Proyectos\HR-Library\node_modules\handlebars-loader\index.j  s:234:18)
      at module.exports (D:\Proyectos\HR-Library\node_modules\handlebars-loader\  index.js:461:5)
  ModuleBuildError: Module build [1m[31mfailed[39m[22m[1m (from ./node_modules/handlebars-loader/i  ndex.js):
  [1m[31mError[39m[22m[1m: Parse [1m[31merror[39m[22m[1m on line 97:
  ...{{/layout-main}}{{/layout-main}}
  -------------------^
  Expecting 'EOF', got 'OPEN_ENDBLOCK'
      at Parser.parseError (D:\Proyectos\HR-Library\node_modules\handlebars\dist  \cjs\handlebars\compiler\parser.js:267:19)
      at Parser.parse (D:\Proyectos\HR-Library\node_modules\handlebars\dist\cjs\  handlebars\compiler\parser.js:336:30)
      at parseWithoutProcessing (D:\Proyectos\HR-Library\node_modules\handlebars  \dist\cjs\handlebars\compiler\base.js:46:33)
      at HandlebarsEnvironment.parse (D:\Proyectos\HR-Library\node_modules\handl  ebars\dist\cjs\handlebars\compiler\base.js:52:13)
      at compile (D:\Proyectos\HR-Library\node_modules\handlebars-loader\index.j  s:234:18)
      at module.exports (D:\Proyectos\HR-Library\node_modules\handlebars-loader\  index.js:461:5)
      at processResult (D:\Proyectos\HR-Library\node_modules\webpack\lib\NormalM  odule.js:764:19)
      at D:\Proyectos\HR-Library\node_modules\webpack\lib\NormalModule.js:866:5
      at D:\Proyectos\HR-Library\node_modules\loader-runner\lib\LoaderRunner.js:  499:11
      at runSyncOrAsyncCallback (D:\Proyectos\HR-Library\node_modules\loader-run  ner\lib\LoaderRunner.js:259:19)
      at innerCallback (D:\Proyectos\HR-Library\node_modules\loader-runner\lib\L  oaderRunner.js:175:13)
      at compile (D:\Proyectos\HR-Library\node_modules\handlebars-loader\index.j  s:238:14)
      at module.exports (D:\Proyectos\HR-Library\node_modules\handlebars-loader\  index.js:461:5)
      at LOADER_EXECUTION (D:\Proyectos\HR-Library\node_modules\loader-runner\li  b\LoaderRunner.js:195:14)
      at runSyncOrAsync (D:\Proyectos\HR-Library\node_modules\loader-runner\lib\  LoaderRunner.js:196:5)
      at iterateNormalLoaders (D:\Proyectos\HR-Library\node_modules\loader-runne  r\lib\LoaderRunner.js:258:2)
  Module build [1m[31mfailed[39m[22m[1m (from ./node_modules/handlebars-loader/index.js):
  [1m[31mError[39m[22m[1m: Parse [1m[31merror[39m[22m[1m on line 146:
  ...{{/layout-main}}{{/layout-main}}
  -------------------^
  Expecting 'EOF', got 'OPEN_ENDBLOCK'
      at Parser.parseError (D:\Proyectos\HR-Library\node_modules\handlebars\dist  \cjs\handlebars\compiler\parser.js:267:19)
      at Parser.parse (D:\Proyectos\HR-Library\node_modules\handlebars\dist\cjs\  handlebars\compiler\parser.js:336:30)
      at parseWithoutProcessing (D:\Proyectos\HR-Library\node_modules\handlebars  \dist\cjs\handlebars\compiler\base.js:46:33)
      at HandlebarsEnvironment.parse (D:\Proyectos\HR-Library\node_modules\handl  ebars\dist\cjs\handlebars\compiler\base.js:52:13)
      at compile (D:\Proyectos\HR-Library\node_modules\handlebars-loader\index.j  s:234:18)
      at module.exports (D:\Proyectos\HR-Library\node_modules\handlebars-loader\  index.js:461:5)
  ModuleBuildError: Module build [1m[31mfailed[39m[22m[1m (from ./node_modules/handlebars-loader/i  ndex.js):
  [1m[31mError[39m[22m[1m: Parse [1m[31merror[39m[22m[1m on line 146:
  ...{{/layout-main}}{{/layout-main}}
  -------------------^
  Expecting 'EOF', got 'OPEN_ENDBLOCK'
      at Parser.parseError (D:\Proyectos\HR-Library\node_modules\handlebars\dist  \cjs\handlebars\compiler\parser.js:267:19)
      at Parser.parse (D:\Proyectos\HR-Library\node_modules\handlebars\dist\cjs\  handlebars\compiler\parser.js:336:30)
      at parseWithoutProcessing (D:\Proyectos\HR-Library\node_modules\handlebars  \dist\cjs\handlebars\compiler\base.js:46:33)
      at HandlebarsEnvironment.parse (D:\Proyectos\HR-Library\node_modules\handl  ebars\dist\cjs\handlebars\compiler\base.js:52:13)
      at compile (D:\Proyectos\HR-Library\node_modules\handlebars-loader\index.j  s:234:18)
      at module.exports (D:\Proyectos\HR-Library\node_modules\handlebars-loader\  index.js:461:5)
      at processResult (D:\Proyectos\HR-Library\node_modules\webpack\lib\NormalM  odule.js:764:19)
      at D:\Proyectos\HR-Library\node_modules\webpack\lib\NormalModule.js:866:5
      at D:\Proyectos\HR-Library\node_modules\loader-runner\lib\LoaderRunner.js:  499:11
      at runSyncOrAsyncCallback (D:\Proyectos\HR-Library\node_modules\loader-run  ner\lib\LoaderRunner.js:259:19)
      at innerCallback (D:\Proyectos\HR-Library\node_modules\loader-runner\lib\L  oaderRunner.js:175:13)
      at compile (D:\Proyectos\HR-Library\node_modules\handlebars-loader\index.j  s:238:14)
      at module.exports (D:\Proyectos\HR-Library\node_modules\handlebars-loader\  index.js:461:5)
      at LOADER_EXECUTION (D:\Proyectos\HR-Library\node_modules\loader-runner\li  b\LoaderRunner.js:195:14)
      at runSyncOrAsync (D:\Proyectos\HR-Library\node_modules\loader-runner\lib\  LoaderRunner.js:196:5)
      at iterateNormalLoaders (D:\Proyectos\HR-Library\node_modules\loader-runne  r\lib\LoaderRunner.js:258:2)
  Module build [1m[31mfailed[39m[22m[1m (from ./node_modules/handlebars-loader/index.js):
  [1m[31mError[39m[22m[1m: Parse [1m[31merror[39m[22m[1m on line 183:
  ...{{/layout-main}}{{/layout-main}}
  -------------------^
  Expecting 'EOF', got 'OPEN_ENDBLOCK'
      at Parser.parseError (D:\Proyectos\HR-Library\node_modules\handlebars\dist  \cjs\handlebars\compiler\parser.js:267:19)
      at Parser.parse (D:\Proyectos\HR-Library\node_modules\handlebars\dist\cjs\  handlebars\compiler\parser.js:336:30)
      at parseWithoutProcessing (D:\Proyectos\HR-Library\node_modules\handlebars  \dist\cjs\handlebars\compiler\base.js:46:33)
      at HandlebarsEnvironment.parse (D:\Proyectos\HR-Library\node_modules\handl  ebars\dist\cjs\handlebars\compiler\base.js:52:13)
      at compile (D:\Proyectos\HR-Library\node_modules\handlebars-loader\index.j  s:234:18)
      at module.exports (D:\Proyectos\HR-Library\node_modules\handlebars-loader\  index.js:461:5)
  ModuleBuildError: Module build [1m[31mfailed[39m[22m[1m (from ./node_modules/handlebars-loader/i  ndex.js):
  [1m[31mError[39m[22m[1m: Parse [1m[31merror[39m[22m[1m on line 183:
  ...{{/layout-main}}{{/layout-main}}
  -------------------^
  Expecting 'EOF', got 'OPEN_ENDBLOCK'
      at Parser.parseError (D:\Proyectos\HR-Library\node_modules\handlebars\dist  \cjs\handlebars\compiler\parser.js:267:19)
      at Parser.parse (D:\Proyectos\HR-Library\node_modules\handlebars\dist\cjs\  handlebars\compiler\parser.js:336:30)
      at parseWithoutProcessing (D:\Proyectos\HR-Library\node_modules\handlebars  \dist\cjs\handlebars\compiler\base.js:46:33)
      at HandlebarsEnvironment.parse (D:\Proyectos\HR-Library\node_modules\handl  ebars\dist\cjs\handlebars\compiler\base.js:52:13)
      at compile (D:\Proyectos\HR-Library\node_modules\handlebars-loader\index.j  s:234:18)
      at module.exports (D:\Proyectos\HR-Library\node_modules\handlebars-loader\  index.js:461:5)
      at processResult (D:\Proyectos\HR-Library\node_modules\webpack\lib\NormalM  odule.js:764:19)
      at D:\Proyectos\HR-Library\node_modules\webpack\lib\NormalModule.js:866:5
      at D:\Proyectos\HR-Library\node_modules\loader-runner\lib\LoaderRunner.js:  499:11
      at runSyncOrAsyncCallback (D:\Proyectos\HR-Library\node_modules\loader-run  ner\lib\LoaderRunner.js:259:19)
      at innerCallback (D:\Proyectos\HR-Library\node_modules\loader-runner\lib\L  oaderRunner.js:175:13)
      at compile (D:\Proyectos\HR-Library\node_modules\handlebars-loader\index.j  s:238:14)
      at module.exports (D:\Proyectos\HR-Library\node_modules\handlebars-loader\  index.js:461:5)
      at LOADER_EXECUTION (D:\Proyectos\HR-Library\node_modules\loader-runner\li  b\LoaderRunner.js:195:14)
      at runSyncOrAsync (D:\Proyectos\HR-Library\node_modules\loader-runner\lib\  LoaderRunner.js:196:5)
      at iterateNormalLoaders (D:\Proyectos\HR-Library\node_modules\loader-runne  r\lib\LoaderRunner.js:258:2)
  Module build [1m[31mfailed[39m[22m[1m (from ./node_modules/handlebars-loader/index.js):
  [1m[31mError[39m[22m[1m: Parse [1m[31merror[39m[22m[1m on line 216:
  ...{{/layout-main}}{{/layout-main}}
  -------------------^
  Expecting 'EOF', got 'OPEN_ENDBLOCK'
      at Parser.parseError (D:\Proyectos\HR-Library\node_modules\handlebars\dist  \cjs\handlebars\compiler\parser.js:267:19)
      at Parser.parse (D:\Proyectos\HR-Library\node_modules\handlebars\dist\cjs\  handlebars\compiler\parser.js:336:30)
      at parseWithoutProcessing (D:\Proyectos\HR-Library\node_modules\handlebars  \dist\cjs\handlebars\compiler\base.js:46:33)
      at HandlebarsEnvironment.parse (D:\Proyectos\HR-Library\node_modules\handl  ebars\dist\cjs\handlebars\compiler\base.js:52:13)
      at compile (D:\Proyectos\HR-Library\node_modules\handlebars-loader\index.j  s:234:18)
      at module.exports (D:\Proyectos\HR-Library\node_modules\handlebars-loader\  index.js:461:5)
  ModuleBuildError: Module build [1m[31mfailed[39m[22m[1m (from ./node_modules/handlebars-loader/i  ndex.js):
  [1m[31mError[39m[22m[1m: Parse [1m[31merror[39m[22m[1m on line 216:
  ...{{/layout-main}}{{/layout-main}}
  -------------------^
  Expecting 'EOF', got 'OPEN_ENDBLOCK'
      at Parser.parseError (D:\Proyectos\HR-Library\node_modules\handlebars\dist  \cjs\handlebars\compiler\parser.js:267:19)
      at Parser.parse (D:\Proyectos\HR-Library\node_modules\handlebars\dist\cjs\  handlebars\compiler\parser.js:336:30)
      at parseWithoutProcessing (D:\Proyectos\HR-Library\node_modules\handlebars  \dist\cjs\handlebars\compiler\base.js:46:33)
      at HandlebarsEnvironment.parse (D:\Proyectos\HR-Library\node_modules\handl  ebars\dist\cjs\handlebars\compiler\base.js:52:13)
      at compile (D:\Proyectos\HR-Library\node_modules\handlebars-loader\index.j  s:234:18)
      at module.exports (D:\Proyectos\HR-Library\node_modules\handlebars-loader\  index.js:461:5)
      at processResult (D:\Proyectos\HR-Library\node_modules\webpack\lib\NormalM  odule.js:764:19)
      at D:\Proyectos\HR-Library\node_modules\webpack\lib\NormalModule.js:866:5
      at D:\Proyectos\HR-Library\node_modules\loader-runner\lib\LoaderRunner.js:  499:11
      at runSyncOrAsyncCallback (D:\Proyectos\HR-Library\node_modules\loader-run  ner\lib\LoaderRunner.js:259:19)
      at innerCallback (D:\Proyectos\HR-Library\node_modules\loader-runner\lib\L  oaderRunner.js:175:13)
      at compile (D:\Proyectos\HR-Library\node_modules\handlebars-loader\index.j  s:238:14)
      at module.exports (D:\Proyectos\HR-Library\node_modules\handlebars-loader\  index.js:461:5)
      at LOADER_EXECUTION (D:\Proyectos\HR-Library\node_modules\loader-runner\li  b\LoaderRunner.js:195:14)
      at runSyncOrAsync (D:\Proyectos\HR-Library\node_modules\loader-runner\lib\  LoaderRunner.js:196:5)
      at iterateNormalLoaders (D:\Proyectos\HR-Library\node_modules\loader-runne  r\lib\LoaderRunner.js:258:2)
  
  - parser.js:267 Parser.parseError
    [HR-Library]/[handlebars]/dist/cjs/handlebars/compiler/parser.js:267:19
  
  - parser.js:336 Parser.parse
    [HR-Library]/[handlebars]/dist/cjs/handlebars/compiler/parser.js:336:30
  
  - base.js:46 parseWithoutProcessing
    [HR-Library]/[handlebars]/dist/cjs/handlebars/compiler/base.js:46:33
  
  - base.js:52 HandlebarsEnvironment.parse
    [HR-Library]/[handlebars]/dist/cjs/handlebars/compiler/base.js:52:13
  
  - index.js:234 compile
    [HR-Library]/[handlebars-loader]/index.js:234:18
  
  - index.js:461 module.exports
    [HR-Library]/[handlebars-loader]/index.js:461:5
  
  - ModuleBuildError: Module build [1m[31mfailed[39m[22m[1m (from ./node_modules/handlebars-loader    /index.js):
  
  - [1m[31mError[39m[22m[1m: Parse [1m[31merror[39m[22m[1m on line 68:
  
  - ...{{/layout-main}}{{/layout-main}}
  
  - -------------------^
  
  - Expecting 'EOF', got 'OPEN_ENDBLOCK'
  
  - parser.js:267 Parser.parseError
    [HR-Library]/[handlebars]/dist/cjs/handlebars/compiler/parser.js:267:19
  
  - parser.js:336 Parser.parse
    [HR-Library]/[handlebars]/dist/cjs/handlebars/compiler/parser.js:336:30
  
  - base.js:46 parseWithoutProcessing
    [HR-Library]/[handlebars]/dist/cjs/handlebars/compiler/base.js:46:33
  
  - base.js:52 HandlebarsEnvironment.parse
    [HR-Library]/[handlebars]/dist/cjs/handlebars/compiler/base.js:52:13
  
  - index.js:234 compile
    [HR-Library]/[handlebars-loader]/index.js:234:18
  
  - index.js:461 module.exports
    [HR-Library]/[handlebars-loader]/index.js:461:5
  
  - NormalModule.js:764 processResult
    [HR-Library]/[webpack]/lib/NormalModule.js:764:19
  
  - NormalModule.js:866 
    [HR-Library]/[webpack]/lib/NormalModule.js:866:5
  
  - LoaderRunner.js:499 
    [HR-Library]/[loader-runner]/lib/LoaderRunner.js:499:11
  
  - LoaderRunner.js:259 runSyncOrAsyncCallback
    [HR-Library]/[loader-runner]/lib/LoaderRunner.js:259:19
  
  - LoaderRunner.js:175 innerCallback
    [HR-Library]/[loader-runner]/lib/LoaderRunner.js:175:13
  
  - index.js:238 compile
    [HR-Library]/[handlebars-loader]/index.js:238:14
  
  - index.js:461 module.exports
    [HR-Library]/[handlebars-loader]/index.js:461:5
  
  - LoaderRunner.js:195 LOADER_EXECUTION
    [HR-Library]/[loader-runner]/lib/LoaderRunner.js:195:14
  
  - LoaderRunner.js:196 runSyncOrAsync
    [HR-Library]/[loader-runner]/lib/LoaderRunner.js:196:5
  
  - LoaderRunner.js:258 iterateNormalLoaders
    [HR-Library]/[loader-runner]/lib/LoaderRunner.js:258:2
  
  - Module build [1m[31mfailed[39m[22m[1m (from ./node_modules/handlebars-loader/index.js):
  
  - [1m[31mError[39m[22m[1m: Parse [1m[31merror[39m[22m[1m on line 201:
  
  - ...{{/layout-main}}{{/layout-main}}
  
  - -------------------^
  
  - Expecting 'EOF', got 'OPEN_ENDBLOCK'
  
  - parser.js:267 Parser.parseError
    [HR-Library]/[handlebars]/dist/cjs/handlebars/compiler/parser.js:267:19
  
  - parser.js:336 Parser.parse
    [HR-Library]/[handlebars]/dist/cjs/handlebars/compiler/parser.js:336:30
  
  - base.js:46 parseWithoutProcessing
    [HR-Library]/[handlebars]/dist/cjs/handlebars/compiler/base.js:46:33
  
  - base.js:52 HandlebarsEnvironment.parse
    [HR-Library]/[handlebars]/dist/cjs/handlebars/compiler/base.js:52:13
  
  - index.js:234 compile
    [HR-Library]/[handlebars-loader]/index.js:234:18
  
  - index.js:461 module.exports
    [HR-Library]/[handlebars-loader]/index.js:461:5
  
  - ModuleBuildError: Module build [1m[31mfailed[39m[22m[1m (from ./node_modules/handlebars-loader    /index.js):
  
  - [1m[31mError[39m[22m[1m: Parse [1m[31merror[39m[22m[1m on line 201:
  
  - ...{{/layout-main}}{{/layout-main}}
  
  - -------------------^
  
  - Expecting 'EOF', got 'OPEN_ENDBLOCK'
  
  - parser.js:267 Parser.parseError
    [HR-Library]/[handlebars]/dist/cjs/handlebars/compiler/parser.js:267:19
  
  - parser.js:336 Parser.parse
    [HR-Library]/[handlebars]/dist/cjs/handlebars/compiler/parser.js:336:30
  
  - base.js:46 parseWithoutProcessing
    [HR-Library]/[handlebars]/dist/cjs/handlebars/compiler/base.js:46:33
  
  - base.js:52 HandlebarsEnvironment.parse
    [HR-Library]/[handlebars]/dist/cjs/handlebars/compiler/base.js:52:13
  
  - index.js:234 compile
    [HR-Library]/[handlebars-loader]/index.js:234:18
  
  - index.js:461 module.exports
    [HR-Library]/[handlebars-loader]/index.js:461:5
  
  - NormalModule.js:764 processResult
    [HR-Library]/[webpack]/lib/NormalModule.js:764:19
  
  - NormalModule.js:866 
    [HR-Library]/[webpack]/lib/NormalModule.js:866:5
  
[39m[22m

[1m[31mERROR[39m[22m in [1m  [1m[31mError[39m[22m[1m: Child compilation [1m[31mfailed[39m[22m[1m:
  Module build [1m[31mfailed[39m[22m[1m (from ./node_modules/handlebars-loader/index.js):
  [1m[31mError[39m[22m[1m: Parse [1m[31merror[39m[22m[1m on line 68:
  ...{{/layout-main}}{{/layout-main}}
  -------------------^
  Expecting 'EOF', got 'OPEN_ENDBLOCK'
      at Parser.parseError (D:\Proyectos\HR-Library\node_modules\handlebars\dist  \cjs\handlebars\compiler\parser.js:267:19)
      at Parser.parse (D:\Proyectos\HR-Library\node_modules\handlebars\dist\cjs\  handlebars\compiler\parser.js:336:30)
      at parseWithoutProcessing (D:\Proyectos\HR-Library\node_modules\handlebars  \dist\cjs\handlebars\compiler\base.js:46:33)
      at HandlebarsEnvironment.parse (D:\Proyectos\HR-Library\node_modules\handl  ebars\dist\cjs\handlebars\compiler\base.js:52:13)
      at compile (D:\Proyectos\HR-Library\node_modules\handlebars-loader\index.j  s:234:18)
      at module.exports (D:\Proyectos\HR-Library\node_modules\handlebars-loader\  index.js:461:5)
  ModuleBuildError: Module build [1m[31mfailed[39m[22m[1m (from ./node_modules/handlebars-loader/i  ndex.js):
  [1m[31mError[39m[22m[1m: Parse [1m[31merror[39m[22m[1m on line 68:
  ...{{/layout-main}}{{/layout-main}}
  -------------------^
  Expecting 'EOF', got 'OPEN_ENDBLOCK'
      at Parser.parseError (D:\Proyectos\HR-Library\node_modules\handlebars\dist  \cjs\handlebars\compiler\parser.js:267:19)
      at Parser.parse (D:\Proyectos\HR-Library\node_modules\handlebars\dist\cjs\  handlebars\compiler\parser.js:336:30)
      at parseWithoutProcessing (D:\Proyectos\HR-Library\node_modules\handlebars  \dist\cjs\handlebars\compiler\base.js:46:33)
      at HandlebarsEnvironment.parse (D:\Proyectos\HR-Library\node_modules\handl  ebars\dist\cjs\handlebars\compiler\base.js:52:13)
      at compile (D:\Proyectos\HR-Library\node_modules\handlebars-loader\index.j  s:234:18)
      at module.exports (D:\Proyectos\HR-Library\node_modules\handlebars-loader\  index.js:461:5)
      at processResult (D:\Proyectos\HR-Library\node_modules\webpack\lib\NormalM  odule.js:764:19)
      at D:\Proyectos\HR-Library\node_modules\webpack\lib\NormalModule.js:866:5
      at D:\Proyectos\HR-Library\node_modules\loader-runner\lib\LoaderRunner.js:  499:11
      at runSyncOrAsyncCallback (D:\Proyectos\HR-Library\node_modules\loader-run  ner\lib\LoaderRunner.js:259:19)
      at innerCallback (D:\Proyectos\HR-Library\node_modules\loader-runner\lib\L  oaderRunner.js:175:13)
      at compile (D:\Proyectos\HR-Library\node_modules\handlebars-loader\index.j  s:238:14)
      at module.exports (D:\Proyectos\HR-Library\node_modules\handlebars-loader\  index.js:461:5)
      at LOADER_EXECUTION (D:\Proyectos\HR-Library\node_modules\loader-runner\li  b\LoaderRunner.js:195:14)
      at runSyncOrAsync (D:\Proyectos\HR-Library\node_modules\loader-runner\lib\  LoaderRunner.js:196:5)
      at iterateNormalLoaders (D:\Proyectos\HR-Library\node_modules\loader-runne  r\lib\LoaderRunner.js:258:2)
  Module build [1m[31mfailed[39m[22m[1m (from ./node_modules/handlebars-loader/index.js):
  [1m[31mError[39m[22m[1m: Parse [1m[31merror[39m[22m[1m on line 201:
  ...{{/layout-main}}{{/layout-main}}
  -------------------^
  Expecting 'EOF', got 'OPEN_ENDBLOCK'
      at Parser.parseError (D:\Proyectos\HR-Library\node_modules\handlebars\dist  \cjs\handlebars\compiler\parser.js:267:19)
      at Parser.parse (D:\Proyectos\HR-Library\node_modules\handlebars\dist\cjs\  handlebars\compiler\parser.js:336:30)
      at parseWithoutProcessing (D:\Proyectos\HR-Library\node_modules\handlebars  \dist\cjs\handlebars\compiler\base.js:46:33)
      at HandlebarsEnvironment.parse (D:\Proyectos\HR-Library\node_modules\handl  ebars\dist\cjs\handlebars\compiler\base.js:52:13)
      at compile (D:\Proyectos\HR-Library\node_modules\handlebars-loader\index.j  s:234:18)
      at module.exports (D:\Proyectos\HR-Library\node_modules\handlebars-loader\  index.js:461:5)
  ModuleBuildError: Module build [1m[31mfailed[39m[22m[1m (from ./node_modules/handlebars-loader/i  ndex.js):
  [1m[31mError[39m[22m[1m: Parse [1m[31merror[39m[22m[1m on line 201:
  ...{{/layout-main}}{{/layout-main}}
  -------------------^
  Expecting 'EOF', got 'OPEN_ENDBLOCK'
      at Parser.parseError (D:\Proyectos\HR-Library\node_modules\handlebars\dist  \cjs\handlebars\compiler\parser.js:267:19)
      at Parser.parse (D:\Proyectos\HR-Library\node_modules\handlebars\dist\cjs\  handlebars\compiler\parser.js:336:30)
      at parseWithoutProcessing (D:\Proyectos\HR-Library\node_modules\handlebars  \dist\cjs\handlebars\compiler\base.js:46:33)
      at HandlebarsEnvironment.parse (D:\Proyectos\HR-Library\node_modules\handl  ebars\dist\cjs\handlebars\compiler\base.js:52:13)
      at compile (D:\Proyectos\HR-Library\node_modules\handlebars-loader\index.j  s:234:18)
      at module.exports (D:\Proyectos\HR-Library\node_modules\handlebars-loader\  index.js:461:5)
      at processResult (D:\Proyectos\HR-Library\node_modules\webpack\lib\NormalM  odule.js:764:19)
      at D:\Proyectos\HR-Library\node_modules\webpack\lib\NormalModule.js:866:5
      at D:\Proyectos\HR-Library\node_modules\loader-runner\lib\LoaderRunner.js:  499:11
      at runSyncOrAsyncCallback (D:\Proyectos\HR-Library\node_modules\loader-run  ner\lib\LoaderRunner.js:259:19)
      at innerCallback (D:\Proyectos\HR-Library\node_modules\loader-runner\lib\L  oaderRunner.js:175:13)
      at compile (D:\Proyectos\HR-Library\node_modules\handlebars-loader\index.j  s:238:14)
      at module.exports (D:\Proyectos\HR-Library\node_modules\handlebars-loader\  index.js:461:5)
      at LOADER_EXECUTION (D:\Proyectos\HR-Library\node_modules\loader-runner\li  b\LoaderRunner.js:195:14)
      at runSyncOrAsync (D:\Proyectos\HR-Library\node_modules\loader-runner\lib\  LoaderRunner.js:196:5)
      at iterateNormalLoaders (D:\Proyectos\HR-Library\node_modules\loader-runne  r\lib\LoaderRunner.js:258:2)
  Module build [1m[31mfailed[39m[22m[1m (from ./node_modules/handlebars-loader/index.js):
  [1m[31mError[39m[22m[1m: Parse [1m[31merror[39m[22m[1m on line 97:
  ...{{/layout-main}}{{/layout-main}}
  -------------------^
  Expecting 'EOF', got 'OPEN_ENDBLOCK'
      at Parser.parseError (D:\Proyectos\HR-Library\node_modules\handlebars\dist  \cjs\handlebars\compiler\parser.js:267:19)
      at Parser.parse (D:\Proyectos\HR-Library\node_modules\handlebars\dist\cjs\  handlebars\compiler\parser.js:336:30)
      at parseWithoutProcessing (D:\Proyectos\HR-Library\node_modules\handlebars  \dist\cjs\handlebars\compiler\base.js:46:33)
      at HandlebarsEnvironment.parse (D:\Proyectos\HR-Library\node_modules\handl  ebars\dist\cjs\handlebars\compiler\base.js:52:13)
      at compile (D:\Proyectos\HR-Library\node_modules\handlebars-loader\index.j  s:234:18)
      at module.exports (D:\Proyectos\HR-Library\node_modules\handlebars-loader\  index.js:461:5)
  ModuleBuildError: Module build [1m[31mfailed[39m[22m[1m (from ./node_modules/handlebars-loader/i  ndex.js):
  [1m[31mError[39m[22m[1m: Parse [1m[31merror[39m[22m[1m on line 97:
  ...{{/layout-main}}{{/layout-main}}
  -------------------^
  Expecting 'EOF', got 'OPEN_ENDBLOCK'
      at Parser.parseError (D:\Proyectos\HR-Library\node_modules\handlebars\dist  \cjs\handlebars\compiler\parser.js:267:19)
      at Parser.parse (D:\Proyectos\HR-Library\node_modules\handlebars\dist\cjs\  handlebars\compiler\parser.js:336:30)
      at parseWithoutProcessing (D:\Proyectos\HR-Library\node_modules\handlebars  \dist\cjs\handlebars\compiler\base.js:46:33)
      at HandlebarsEnvironment.parse (D:\Proyectos\HR-Library\node_modules\handl  ebars\dist\cjs\handlebars\compiler\base.js:52:13)
      at compile (D:\Proyectos\HR-Library\node_modules\handlebars-loader\index.j  s:234:18)
      at module.exports (D:\Proyectos\HR-Library\node_modules\handlebars-loader\  index.js:461:5)
      at processResult (D:\Proyectos\HR-Library\node_modules\webpack\lib\NormalM  odule.js:764:19)
      at D:\Proyectos\HR-Library\node_modules\webpack\lib\NormalModule.js:866:5
      at D:\Proyectos\HR-Library\node_modules\loader-runner\lib\LoaderRunner.js:  499:11
      at runSyncOrAsyncCallback (D:\Proyectos\HR-Library\node_modules\loader-run  ner\lib\LoaderRunner.js:259:19)
      at innerCallback (D:\Proyectos\HR-Library\node_modules\loader-runner\lib\L  oaderRunner.js:175:13)
      at compile (D:\Proyectos\HR-Library\node_modules\handlebars-loader\index.j  s:238:14)
      at module.exports (D:\Proyectos\HR-Library\node_modules\handlebars-loader\  index.js:461:5)
      at LOADER_EXECUTION (D:\Proyectos\HR-Library\node_modules\loader-runner\li  b\LoaderRunner.js:195:14)
      at runSyncOrAsync (D:\Proyectos\HR-Library\node_modules\loader-runner\lib\  LoaderRunner.js:196:5)
      at iterateNormalLoaders (D:\Proyectos\HR-Library\node_modules\loader-runne  r\lib\LoaderRunner.js:258:2)
  Module build [1m[31mfailed[39m[22m[1m (from ./node_modules/handlebars-loader/index.js):
  [1m[31mError[39m[22m[1m: Parse [1m[31merror[39m[22m[1m on line 146:
  ...{{/layout-main}}{{/layout-main}}
  -------------------^
  Expecting 'EOF', got 'OPEN_ENDBLOCK'
      at Parser.parseError (D:\Proyectos\HR-Library\node_modules\handlebars\dist  \cjs\handlebars\compiler\parser.js:267:19)
      at Parser.parse (D:\Proyectos\HR-Library\node_modules\handlebars\dist\cjs\  handlebars\compiler\parser.js:336:30)
      at parseWithoutProcessing (D:\Proyectos\HR-Library\node_modules\handlebars  \dist\cjs\handlebars\compiler\base.js:46:33)
      at HandlebarsEnvironment.parse (D:\Proyectos\HR-Library\node_modules\handl  ebars\dist\cjs\handlebars\compiler\base.js:52:13)
      at compile (D:\Proyectos\HR-Library\node_modules\handlebars-loader\index.j  s:234:18)
      at module.exports (D:\Proyectos\HR-Library\node_modules\handlebars-loader\  index.js:461:5)
  ModuleBuildError: Module build [1m[31mfailed[39m[22m[1m (from ./node_modules/handlebars-loader/i  ndex.js):
  [1m[31mError[39m[22m[1m: Parse [1m[31merror[39m[22m[1m on line 146:
  ...{{/layout-main}}{{/layout-main}}
  -------------------^
  Expecting 'EOF', got 'OPEN_ENDBLOCK'
      at Parser.parseError (D:\Proyectos\HR-Library\node_modules\handlebars\dist  \cjs\handlebars\compiler\parser.js:267:19)
      at Parser.parse (D:\Proyectos\HR-Library\node_modules\handlebars\dist\cjs\  handlebars\compiler\parser.js:336:30)
      at parseWithoutProcessing (D:\Proyectos\HR-Library\node_modules\handlebars  \dist\cjs\handlebars\compiler\base.js:46:33)
      at HandlebarsEnvironment.parse (D:\Proyectos\HR-Library\node_modules\handl  ebars\dist\cjs\handlebars\compiler\base.js:52:13)
      at compile (D:\Proyectos\HR-Library\node_modules\handlebars-loader\index.j  s:234:18)
      at module.exports (D:\Proyectos\HR-Library\node_modules\handlebars-loader\  index.js:461:5)
      at processResult (D:\Proyectos\HR-Library\node_modules\webpack\lib\NormalM  odule.js:764:19)
      at D:\Proyectos\HR-Library\node_modules\webpack\lib\NormalModule.js:866:5
      at D:\Proyectos\HR-Library\node_modules\loader-runner\lib\LoaderRunner.js:  499:11
      at runSyncOrAsyncCallback (D:\Proyectos\HR-Library\node_modules\loader-run  ner\lib\LoaderRunner.js:259:19)
      at innerCallback (D:\Proyectos\HR-Library\node_modules\loader-runner\lib\L  oaderRunner.js:175:13)
      at compile (D:\Proyectos\HR-Library\node_modules\handlebars-loader\index.j  s:238:14)
      at module.exports (D:\Proyectos\HR-Library\node_modules\handlebars-loader\  index.js:461:5)
      at LOADER_EXECUTION (D:\Proyectos\HR-Library\node_modules\loader-runner\li  b\LoaderRunner.js:195:14)
      at runSyncOrAsync (D:\Proyectos\HR-Library\node_modules\loader-runner\lib\  LoaderRunner.js:196:5)
      at iterateNormalLoaders (D:\Proyectos\HR-Library\node_modules\loader-runne  r\lib\LoaderRunner.js:258:2)
  Module build [1m[31mfailed[39m[22m[1m (from ./node_modules/handlebars-loader/index.js):
  [1m[31mError[39m[22m[1m: Parse [1m[31merror[39m[22m[1m on line 183:
  ...{{/layout-main}}{{/layout-main}}
  -------------------^
  Expecting 'EOF', got 'OPEN_ENDBLOCK'
      at Parser.parseError (D:\Proyectos\HR-Library\node_modules\handlebars\dist  \cjs\handlebars\compiler\parser.js:267:19)
      at Parser.parse (D:\Proyectos\HR-Library\node_modules\handlebars\dist\cjs\  handlebars\compiler\parser.js:336:30)
      at parseWithoutProcessing (D:\Proyectos\HR-Library\node_modules\handlebars  \dist\cjs\handlebars\compiler\base.js:46:33)
      at HandlebarsEnvironment.parse (D:\Proyectos\HR-Library\node_modules\handl  ebars\dist\cjs\handlebars\compiler\base.js:52:13)
      at compile (D:\Proyectos\HR-Library\node_modules\handlebars-loader\index.j  s:234:18)
      at module.exports (D:\Proyectos\HR-Library\node_modules\handlebars-loader\  index.js:461:5)
  ModuleBuildError: Module build [1m[31mfailed[39m[22m[1m (from ./node_modules/handlebars-loader/i  ndex.js):
  [1m[31mError[39m[22m[1m: Parse [1m[31merror[39m[22m[1m on line 183:
  ...{{/layout-main}}{{/layout-main}}
  -------------------^
  Expecting 'EOF', got 'OPEN_ENDBLOCK'
      at Parser.parseError (D:\Proyectos\HR-Library\node_modules\handlebars\dist  \cjs\handlebars\compiler\parser.js:267:19)
      at Parser.parse (D:\Proyectos\HR-Library\node_modules\handlebars\dist\cjs\  handlebars\compiler\parser.js:336:30)
      at parseWithoutProcessing (D:\Proyectos\HR-Library\node_modules\handlebars  \dist\cjs\handlebars\compiler\base.js:46:33)
      at HandlebarsEnvironment.parse (D:\Proyectos\HR-Library\node_modules\handl  ebars\dist\cjs\handlebars\compiler\base.js:52:13)
      at compile (D:\Proyectos\HR-Library\node_modules\handlebars-loader\index.j  s:234:18)
      at module.exports (D:\Proyectos\HR-Library\node_modules\handlebars-loader\  index.js:461:5)
      at processResult (D:\Proyectos\HR-Library\node_modules\webpack\lib\NormalM  odule.js:764:19)
      at D:\Proyectos\HR-Library\node_modules\webpack\lib\NormalModule.js:866:5
      at D:\Proyectos\HR-Library\node_modules\loader-runner\lib\LoaderRunner.js:  499:11
      at runSyncOrAsyncCallback (D:\Proyectos\HR-Library\node_modules\loader-run  ner\lib\LoaderRunner.js:259:19)
      at innerCallback (D:\Proyectos\HR-Library\node_modules\loader-runner\lib\L  oaderRunner.js:175:13)
      at compile (D:\Proyectos\HR-Library\node_modules\handlebars-loader\index.j  s:238:14)
      at module.exports (D:\Proyectos\HR-Library\node_modules\handlebars-loader\  index.js:461:5)
      at LOADER_EXECUTION (D:\Proyectos\HR-Library\node_modules\loader-runner\li  b\LoaderRunner.js:195:14)
      at runSyncOrAsync (D:\Proyectos\HR-Library\node_modules\loader-runner\lib\  LoaderRunner.js:196:5)
      at iterateNormalLoaders (D:\Proyectos\HR-Library\node_modules\loader-runne  r\lib\LoaderRunner.js:258:2)
  Module build [1m[31mfailed[39m[22m[1m (from ./node_modules/handlebars-loader/index.js):
  [1m[31mError[39m[22m[1m: Parse [1m[31merror[39m[22m[1m on line 216:
  ...{{/layout-main}}{{/layout-main}}
  -------------------^
  Expecting 'EOF', got 'OPEN_ENDBLOCK'
      at Parser.parseError (D:\Proyectos\HR-Library\node_modules\handlebars\dist  \cjs\handlebars\compiler\parser.js:267:19)
      at Parser.parse (D:\Proyectos\HR-Library\node_modules\handlebars\dist\cjs\  handlebars\compiler\parser.js:336:30)
      at parseWithoutProcessing (D:\Proyectos\HR-Library\node_modules\handlebars  \dist\cjs\handlebars\compiler\base.js:46:33)
      at HandlebarsEnvironment.parse (D:\Proyectos\HR-Library\node_modules\handl  ebars\dist\cjs\handlebars\compiler\base.js:52:13)
      at compile (D:\Proyectos\HR-Library\node_modules\handlebars-loader\index.j  s:234:18)
      at module.exports (D:\Proyectos\HR-Library\node_modules\handlebars-loader\  index.js:461:5)
  ModuleBuildError: Module build [1m[31mfailed[39m[22m[1m (from ./node_modules/handlebars-loader/i  ndex.js):
  [1m[31mError[39m[22m[1m: Parse [1m[31merror[39m[22m[1m on line 216:
  ...{{/layout-main}}{{/layout-main}}
  -------------------^
  Expecting 'EOF', got 'OPEN_ENDBLOCK'
      at Parser.parseError (D:\Proyectos\HR-Library\node_modules\handlebars\dist  \cjs\handlebars\compiler\parser.js:267:19)
      at Parser.parse (D:\Proyectos\HR-Library\node_modules\handlebars\dist\cjs\  handlebars\compiler\parser.js:336:30)
      at parseWithoutProcessing (D:\Proyectos\HR-Library\node_modules\handlebars  \dist\cjs\handlebars\compiler\base.js:46:33)
      at HandlebarsEnvironment.parse (D:\Proyectos\HR-Library\node_modules\handl  ebars\dist\cjs\handlebars\compiler\base.js:52:13)
      at compile (D:\Proyectos\HR-Library\node_modules\handlebars-loader\index.j  s:234:18)
      at module.exports (D:\Proyectos\HR-Library\node_modules\handlebars-loader\  index.js:461:5)
      at processResult (D:\Proyectos\HR-Library\node_modules\webpack\lib\NormalM  odule.js:764:19)
      at D:\Proyectos\HR-Library\node_modules\webpack\lib\NormalModule.js:866:5
      at D:\Proyectos\HR-Library\node_modules\loader-runner\lib\LoaderRunner.js:  499:11
      at runSyncOrAsyncCallback (D:\Proyectos\HR-Library\node_modules\loader-run  ner\lib\LoaderRunner.js:259:19)
      at innerCallback (D:\Proyectos\HR-Library\node_modules\loader-runner\lib\L  oaderRunner.js:175:13)
      at compile (D:\Proyectos\HR-Library\node_modules\handlebars-loader\index.j  s:238:14)
      at module.exports (D:\Proyectos\HR-Library\node_modules\handlebars-loader\  index.js:461:5)
      at LOADER_EXECUTION (D:\Proyectos\HR-Library\node_modules\loader-runner\li  b\LoaderRunner.js:195:14)
      at runSyncOrAsync (D:\Proyectos\HR-Library\node_modules\loader-runner\lib\  LoaderRunner.js:196:5)
      at iterateNormalLoaders (D:\Proyectos\HR-Library\node_modules\loader-runne  r\lib\LoaderRunner.js:258:2)
  
  - parser.js:267 Parser.parseError
    [HR-Library]/[handlebars]/dist/cjs/handlebars/compiler/parser.js:267:19
  
  - parser.js:336 Parser.parse
    [HR-Library]/[handlebars]/dist/cjs/handlebars/compiler/parser.js:336:30
  
  - base.js:46 parseWithoutProcessing
    [HR-Library]/[handlebars]/dist/cjs/handlebars/compiler/base.js:46:33
  
  - base.js:52 HandlebarsEnvironment.parse
    [HR-Library]/[handlebars]/dist/cjs/handlebars/compiler/base.js:52:13
  
  - index.js:234 compile
    [HR-Library]/[handlebars-loader]/index.js:234:18
  
  - index.js:461 module.exports
    [HR-Library]/[handlebars-loader]/index.js:461:5
  
  - ModuleBuildError: Module build [1m[31mfailed[39m[22m[1m (from ./node_modules/handlebars-loader    /index.js):
  
  - [1m[31mError[39m[22m[1m: Parse [1m[31merror[39m[22m[1m on line 68:
  
  - ...{{/layout-main}}{{/layout-main}}
  
  - -------------------^
  
  - Expecting 'EOF', got 'OPEN_ENDBLOCK'
  
  - parser.js:267 Parser.parseError
    [HR-Library]/[handlebars]/dist/cjs/handlebars/compiler/parser.js:267:19
  
  - parser.js:336 Parser.parse
    [HR-Library]/[handlebars]/dist/cjs/handlebars/compiler/parser.js:336:30
  
  - base.js:46 parseWithoutProcessing
    [HR-Library]/[handlebars]/dist/cjs/handlebars/compiler/base.js:46:33
  
  - base.js:52 HandlebarsEnvironment.parse
    [HR-Library]/[handlebars]/dist/cjs/handlebars/compiler/base.js:52:13
  
  - index.js:234 compile
    [HR-Library]/[handlebars-loader]/index.js:234:18
  
  - index.js:461 module.exports
    [HR-Library]/[handlebars-loader]/index.js:461:5
  
  - NormalModule.js:764 processResult
    [HR-Library]/[webpack]/lib/NormalModule.js:764:19
  
  - NormalModule.js:866 
    [HR-Library]/[webpack]/lib/NormalModule.js:866:5
  
  - LoaderRunner.js:499 
    [HR-Library]/[loader-runner]/lib/LoaderRunner.js:499:11
  
  - LoaderRunner.js:259 runSyncOrAsyncCallback
    [HR-Library]/[loader-runner]/lib/LoaderRunner.js:259:19
  
  - LoaderRunner.js:175 innerCallback
    [HR-Library]/[loader-runner]/lib/LoaderRunner.js:175:13
  
  - index.js:238 compile
    [HR-Library]/[handlebars-loader]/index.js:238:14
  
  - index.js:461 module.exports
    [HR-Library]/[handlebars-loader]/index.js:461:5
  
  - LoaderRunner.js:195 LOADER_EXECUTION
    [HR-Library]/[loader-runner]/lib/LoaderRunner.js:195:14
  
  - LoaderRunner.js:196 runSyncOrAsync
    [HR-Library]/[loader-runner]/lib/LoaderRunner.js:196:5
  
  - LoaderRunner.js:258 iterateNormalLoaders
    [HR-Library]/[loader-runner]/lib/LoaderRunner.js:258:2
  
  - Module build [1m[31mfailed[39m[22m[1m (from ./node_modules/handlebars-loader/index.js):
  
  - [1m[31mError[39m[22m[1m: Parse [1m[31merror[39m[22m[1m on line 201:
  
  - ...{{/layout-main}}{{/layout-main}}
  
  - -------------------^
  
  - Expecting 'EOF', got 'OPEN_ENDBLOCK'
  
  - parser.js:267 Parser.parseError
    [HR-Library]/[handlebars]/dist/cjs/handlebars/compiler/parser.js:267:19
  
  - parser.js:336 Parser.parse
    [HR-Library]/[handlebars]/dist/cjs/handlebars/compiler/parser.js:336:30
  
  - base.js:46 parseWithoutProcessing
    [HR-Library]/[handlebars]/dist/cjs/handlebars/compiler/base.js:46:33
  
  - base.js:52 HandlebarsEnvironment.parse
    [HR-Library]/[handlebars]/dist/cjs/handlebars/compiler/base.js:52:13
  
  - index.js:234 compile
    [HR-Library]/[handlebars-loader]/index.js:234:18
  
  - index.js:461 module.exports
    [HR-Library]/[handlebars-loader]/index.js:461:5
  
  - ModuleBuildError: Module build [1m[31mfailed[39m[22m[1m (from ./node_modules/handlebars-loader    /index.js):
  
  - [1m[31mError[39m[22m[1m: Parse [1m[31merror[39m[22m[1m on line 201:
  
  - ...{{/layout-main}}{{/layout-main}}
  
  - -------------------^
  
  - Expecting 'EOF', got 'OPEN_ENDBLOCK'
  
  - parser.js:267 Parser.parseError
    [HR-Library]/[handlebars]/dist/cjs/handlebars/compiler/parser.js:267:19
  
  - parser.js:336 Parser.parse
    [HR-Library]/[handlebars]/dist/cjs/handlebars/compiler/parser.js:336:30
  
  - base.js:46 parseWithoutProcessing
    [HR-Library]/[handlebars]/dist/cjs/handlebars/compiler/base.js:46:33
  
  - base.js:52 HandlebarsEnvironment.parse
    [HR-Library]/[handlebars]/dist/cjs/handlebars/compiler/base.js:52:13
  
  - index.js:234 compile
    [HR-Library]/[handlebars-loader]/index.js:234:18
  
  - index.js:461 module.exports
    [HR-Library]/[handlebars-loader]/index.js:461:5
  
  - NormalModule.js:764 processResult
    [HR-Library]/[webpack]/lib/NormalModule.js:764:19
  
  - NormalModule.js:866 
    [HR-Library]/[webpack]/lib/NormalModule.js:866:5
  
[39m[22m

[1m[31mERROR[39m[22m in [1m  [1m[31mError[39m[22m[1m: Child compilation [1m[31mfailed[39m[22m[1m:
  Module build [1m[31mfailed[39m[22m[1m (from ./node_modules/handlebars-loader/index.js):
  [1m[31mError[39m[22m[1m: Parse [1m[31merror[39m[22m[1m on line 68:
  ...{{/layout-main}}{{/layout-main}}
  -------------------^
  Expecting 'EOF', got 'OPEN_ENDBLOCK'
      at Parser.parseError (D:\Proyectos\HR-Library\node_modules\handlebars\dist  \cjs\handlebars\compiler\parser.js:267:19)
      at Parser.parse (D:\Proyectos\HR-Library\node_modules\handlebars\dist\cjs\  handlebars\compiler\parser.js:336:30)
      at parseWithoutProcessing (D:\Proyectos\HR-Library\node_modules\handlebars  \dist\cjs\handlebars\compiler\base.js:46:33)
      at HandlebarsEnvironment.parse (D:\Proyectos\HR-Library\node_modules\handl  ebars\dist\cjs\handlebars\compiler\base.js:52:13)
      at compile (D:\Proyectos\HR-Library\node_modules\handlebars-loader\index.j  s:234:18)
      at module.exports (D:\Proyectos\HR-Library\node_modules\handlebars-loader\  index.js:461:5)
  ModuleBuildError: Module build [1m[31mfailed[39m[22m[1m (from ./node_modules/handlebars-loader/i  ndex.js):
  [1m[31mError[39m[22m[1m: Parse [1m[31merror[39m[22m[1m on line 68:
  ...{{/layout-main}}{{/layout-main}}
  -------------------^
  Expecting 'EOF', got 'OPEN_ENDBLOCK'
      at Parser.parseError (D:\Proyectos\HR-Library\node_modules\handlebars\dist  \cjs\handlebars\compiler\parser.js:267:19)
      at Parser.parse (D:\Proyectos\HR-Library\node_modules\handlebars\dist\cjs\  handlebars\compiler\parser.js:336:30)
      at parseWithoutProcessing (D:\Proyectos\HR-Library\node_modules\handlebars  \dist\cjs\handlebars\compiler\base.js:46:33)
      at HandlebarsEnvironment.parse (D:\Proyectos\HR-Library\node_modules\handl  ebars\dist\cjs\handlebars\compiler\base.js:52:13)
      at compile (D:\Proyectos\HR-Library\node_modules\handlebars-loader\index.j  s:234:18)
      at module.exports (D:\Proyectos\HR-Library\node_modules\handlebars-loader\  index.js:461:5)
      at processResult (D:\Proyectos\HR-Library\node_modules\webpack\lib\NormalM  odule.js:764:19)
      at D:\Proyectos\HR-Library\node_modules\webpack\lib\NormalModule.js:866:5
      at D:\Proyectos\HR-Library\node_modules\loader-runner\lib\LoaderRunner.js:  499:11
      at runSyncOrAsyncCallback (D:\Proyectos\HR-Library\node_modules\loader-run  ner\lib\LoaderRunner.js:259:19)
      at innerCallback (D:\Proyectos\HR-Library\node_modules\loader-runner\lib\L  oaderRunner.js:175:13)
      at compile (D:\Proyectos\HR-Library\node_modules\handlebars-loader\index.j  s:238:14)
      at module.exports (D:\Proyectos\HR-Library\node_modules\handlebars-loader\  index.js:461:5)
      at LOADER_EXECUTION (D:\Proyectos\HR-Library\node_modules\loader-runner\li  b\LoaderRunner.js:195:14)
      at runSyncOrAsync (D:\Proyectos\HR-Library\node_modules\loader-runner\lib\  LoaderRunner.js:196:5)
      at iterateNormalLoaders (D:\Proyectos\HR-Library\node_modules\loader-runne  r\lib\LoaderRunner.js:258:2)
  Module build [1m[31mfailed[39m[22m[1m (from ./node_modules/handlebars-loader/index.js):
  [1m[31mError[39m[22m[1m: Parse [1m[31merror[39m[22m[1m on line 201:
  ...{{/layout-main}}{{/layout-main}}
  -------------------^
  Expecting 'EOF', got 'OPEN_ENDBLOCK'
      at Parser.parseError (D:\Proyectos\HR-Library\node_modules\handlebars\dist  \cjs\handlebars\compiler\parser.js:267:19)
      at Parser.parse (D:\Proyectos\HR-Library\node_modules\handlebars\dist\cjs\  handlebars\compiler\parser.js:336:30)
      at parseWithoutProcessing (D:\Proyectos\HR-Library\node_modules\handlebars  \dist\cjs\handlebars\compiler\base.js:46:33)
      at HandlebarsEnvironment.parse (D:\Proyectos\HR-Library\node_modules\handl  ebars\dist\cjs\handlebars\compiler\base.js:52:13)
      at compile (D:\Proyectos\HR-Library\node_modules\handlebars-loader\index.j  s:234:18)
      at module.exports (D:\Proyectos\HR-Library\node_modules\handlebars-loader\  index.js:461:5)
  ModuleBuildError: Module build [1m[31mfailed[39m[22m[1m (from ./node_modules/handlebars-loader/i  ndex.js):
  [1m[31mError[39m[22m[1m: Parse [1m[31merror[39m[22m[1m on line 201:
  ...{{/layout-main}}{{/layout-main}}
  -------------------^
  Expecting 'EOF', got 'OPEN_ENDBLOCK'
      at Parser.parseError (D:\Proyectos\HR-Library\node_modules\handlebars\dist  \cjs\handlebars\compiler\parser.js:267:19)
      at Parser.parse (D:\Proyectos\HR-Library\node_modules\handlebars\dist\cjs\  handlebars\compiler\parser.js:336:30)
      at parseWithoutProcessing (D:\Proyectos\HR-Library\node_modules\handlebars  \dist\cjs\handlebars\compiler\base.js:46:33)
      at HandlebarsEnvironment.parse (D:\Proyectos\HR-Library\node_modules\handl  ebars\dist\cjs\handlebars\compiler\base.js:52:13)
      at compile (D:\Proyectos\HR-Library\node_modules\handlebars-loader\index.j  s:234:18)
      at module.exports (D:\Proyectos\HR-Library\node_modules\handlebars-loader\  index.js:461:5)
      at processResult (D:\Proyectos\HR-Library\node_modules\webpack\lib\NormalM  odule.js:764:19)
      at D:\Proyectos\HR-Library\node_modules\webpack\lib\NormalModule.js:866:5
      at D:\Proyectos\HR-Library\node_modules\loader-runner\lib\LoaderRunner.js:  499:11
      at runSyncOrAsyncCallback (D:\Proyectos\HR-Library\node_modules\loader-run  ner\lib\LoaderRunner.js:259:19)
      at innerCallback (D:\Proyectos\HR-Library\node_modules\loader-runner\lib\L  oaderRunner.js:175:13)
      at compile (D:\Proyectos\HR-Library\node_modules\handlebars-loader\index.j  s:238:14)
      at module.exports (D:\Proyectos\HR-Library\node_modules\handlebars-loader\  index.js:461:5)
      at LOADER_EXECUTION (D:\Proyectos\HR-Library\node_modules\loader-runner\li  b\LoaderRunner.js:195:14)
      at runSyncOrAsync (D:\Proyectos\HR-Library\node_modules\loader-runner\lib\  LoaderRunner.js:196:5)
      at iterateNormalLoaders (D:\Proyectos\HR-Library\node_modules\loader-runne  r\lib\LoaderRunner.js:258:2)
  Module build [1m[31mfailed[39m[22m[1m (from ./node_modules/handlebars-loader/index.js):
  [1m[31mError[39m[22m[1m: Parse [1m[31merror[39m[22m[1m on line 97:
  ...{{/layout-main}}{{/layout-main}}
  -------------------^
  Expecting 'EOF', got 'OPEN_ENDBLOCK'
      at Parser.parseError (D:\Proyectos\HR-Library\node_modules\handlebars\dist  \cjs\handlebars\compiler\parser.js:267:19)
      at Parser.parse (D:\Proyectos\HR-Library\node_modules\handlebars\dist\cjs\  handlebars\compiler\parser.js:336:30)
      at parseWithoutProcessing (D:\Proyectos\HR-Library\node_modules\handlebars  \dist\cjs\handlebars\compiler\base.js:46:33)
      at HandlebarsEnvironment.parse (D:\Proyectos\HR-Library\node_modules\handl  ebars\dist\cjs\handlebars\compiler\base.js:52:13)
      at compile (D:\Proyectos\HR-Library\node_modules\handlebars-loader\index.j  s:234:18)
      at module.exports (D:\Proyectos\HR-Library\node_modules\handlebars-loader\  index.js:461:5)
  ModuleBuildError: Module build [1m[31mfailed[39m[22m[1m (from ./node_modules/handlebars-loader/i  ndex.js):
  [1m[31mError[39m[22m[1m: Parse [1m[31merror[39m[22m[1m on line 97:
  ...{{/layout-main}}{{/layout-main}}
  -------------------^
  Expecting 'EOF', got 'OPEN_ENDBLOCK'
      at Parser.parseError (D:\Proyectos\HR-Library\node_modules\handlebars\dist  \cjs\handlebars\compiler\parser.js:267:19)
      at Parser.parse (D:\Proyectos\HR-Library\node_modules\handlebars\dist\cjs\  handlebars\compiler\parser.js:336:30)
      at parseWithoutProcessing (D:\Proyectos\HR-Library\node_modules\handlebars  \dist\cjs\handlebars\compiler\base.js:46:33)
      at HandlebarsEnvironment.parse (D:\Proyectos\HR-Library\node_modules\handl  ebars\dist\cjs\handlebars\compiler\base.js:52:13)
      at compile (D:\Proyectos\HR-Library\node_modules\handlebars-loader\index.j  s:234:18)
      at module.exports (D:\Proyectos\HR-Library\node_modules\handlebars-loader\  index.js:461:5)
      at processResult (D:\Proyectos\HR-Library\node_modules\webpack\lib\NormalM  odule.js:764:19)
      at D:\Proyectos\HR-Library\node_modules\webpack\lib\NormalModule.js:866:5
      at D:\Proyectos\HR-Library\node_modules\loader-runner\lib\LoaderRunner.js:  499:11
      at runSyncOrAsyncCallback (D:\Proyectos\HR-Library\node_modules\loader-run  ner\lib\LoaderRunner.js:259:19)
      at innerCallback (D:\Proyectos\HR-Library\node_modules\loader-runner\lib\L  oaderRunner.js:175:13)
      at compile (D:\Proyectos\HR-Library\node_modules\handlebars-loader\index.j  s:238:14)
      at module.exports (D:\Proyectos\HR-Library\node_modules\handlebars-loader\  index.js:461:5)
      at LOADER_EXECUTION (D:\Proyectos\HR-Library\node_modules\loader-runner\li  b\LoaderRunner.js:195:14)
      at runSyncOrAsync (D:\Proyectos\HR-Library\node_modules\loader-runner\lib\  LoaderRunner.js:196:5)
      at iterateNormalLoaders (D:\Proyectos\HR-Library\node_modules\loader-runne  r\lib\LoaderRunner.js:258:2)
  Module build [1m[31mfailed[39m[22m[1m (from ./node_modules/handlebars-loader/index.js):
  [1m[31mError[39m[22m[1m: Parse [1m[31merror[39m[22m[1m on line 146:
  ...{{/layout-main}}{{/layout-main}}
  -------------------^
  Expecting 'EOF', got 'OPEN_ENDBLOCK'
      at Parser.parseError (D:\Proyectos\HR-Library\node_modules\handlebars\dist  \cjs\handlebars\compiler\parser.js:267:19)
      at Parser.parse (D:\Proyectos\HR-Library\node_modules\handlebars\dist\cjs\  handlebars\compiler\parser.js:336:30)
      at parseWithoutProcessing (D:\Proyectos\HR-Library\node_modules\handlebars  \dist\cjs\handlebars\compiler\base.js:46:33)
      at HandlebarsEnvironment.parse (D:\Proyectos\HR-Library\node_modules\handl  ebars\dist\cjs\handlebars\compiler\base.js:52:13)
      at compile (D:\Proyectos\HR-Library\node_modules\handlebars-loader\index.j  s:234:18)
      at module.exports (D:\Proyectos\HR-Library\node_modules\handlebars-loader\  index.js:461:5)
  ModuleBuildError: Module build [1m[31mfailed[39m[22m[1m (from ./node_modules/handlebars-loader/i  ndex.js):
  [1m[31mError[39m[22m[1m: Parse [1m[31merror[39m[22m[1m on line 146:
  ...{{/layout-main}}{{/layout-main}}
  -------------------^
  Expecting 'EOF', got 'OPEN_ENDBLOCK'
      at Parser.parseError (D:\Proyectos\HR-Library\node_modules\handlebars\dist  \cjs\handlebars\compiler\parser.js:267:19)
      at Parser.parse (D:\Proyectos\HR-Library\node_modules\handlebars\dist\cjs\  handlebars\compiler\parser.js:336:30)
      at parseWithoutProcessing (D:\Proyectos\HR-Library\node_modules\handlebars  \dist\cjs\handlebars\compiler\base.js:46:33)
      at HandlebarsEnvironment.parse (D:\Proyectos\HR-Library\node_modules\handl  ebars\dist\cjs\handlebars\compiler\base.js:52:13)
      at compile (D:\Proyectos\HR-Library\node_modules\handlebars-loader\index.j  s:234:18)
      at module.exports (D:\Proyectos\HR-Library\node_modules\handlebars-loader\  index.js:461:5)
      at processResult (D:\Proyectos\HR-Library\node_modules\webpack\lib\NormalM  odule.js:764:19)
      at D:\Proyectos\HR-Library\node_modules\webpack\lib\NormalModule.js:866:5
      at D:\Proyectos\HR-Library\node_modules\loader-runner\lib\LoaderRunner.js:  499:11
      at runSyncOrAsyncCallback (D:\Proyectos\HR-Library\node_modules\loader-run  ner\lib\LoaderRunner.js:259:19)
      at innerCallback (D:\Proyectos\HR-Library\node_modules\loader-runner\lib\L  oaderRunner.js:175:13)
      at compile (D:\Proyectos\HR-Library\node_modules\handlebars-loader\index.j  s:238:14)
      at module.exports (D:\Proyectos\HR-Library\node_modules\handlebars-loader\  index.js:461:5)
      at LOADER_EXECUTION (D:\Proyectos\HR-Library\node_modules\loader-runner\li  b\LoaderRunner.js:195:14)
      at runSyncOrAsync (D:\Proyectos\HR-Library\node_modules\loader-runner\lib\  LoaderRunner.js:196:5)
      at iterateNormalLoaders (D:\Proyectos\HR-Library\node_modules\loader-runne  r\lib\LoaderRunner.js:258:2)
  Module build [1m[31mfailed[39m[22m[1m (from ./node_modules/handlebars-loader/index.js):
  [1m[31mError[39m[22m[1m: Parse [1m[31merror[39m[22m[1m on line 183:
  ...{{/layout-main}}{{/layout-main}}
  -------------------^
  Expecting 'EOF', got 'OPEN_ENDBLOCK'
      at Parser.parseError (D:\Proyectos\HR-Library\node_modules\handlebars\dist  \cjs\handlebars\compiler\parser.js:267:19)
      at Parser.parse (D:\Proyectos\HR-Library\node_modules\handlebars\dist\cjs\  handlebars\compiler\parser.js:336:30)
      at parseWithoutProcessing (D:\Proyectos\HR-Library\node_modules\handlebars  \dist\cjs\handlebars\compiler\base.js:46:33)
      at HandlebarsEnvironment.parse (D:\Proyectos\HR-Library\node_modules\handl  ebars\dist\cjs\handlebars\compiler\base.js:52:13)
      at compile (D:\Proyectos\HR-Library\node_modules\handlebars-loader\index.j  s:234:18)
      at module.exports (D:\Proyectos\HR-Library\node_modules\handlebars-loader\  index.js:461:5)
  ModuleBuildError: Module build [1m[31mfailed[39m[22m[1m (from ./node_modules/handlebars-loader/i  ndex.js):
  [1m[31mError[39m[22m[1m: Parse [1m[31merror[39m[22m[1m on line 183:
  ...{{/layout-main}}{{/layout-main}}
  -------------------^
  Expecting 'EOF', got 'OPEN_ENDBLOCK'
      at Parser.parseError (D:\Proyectos\HR-Library\node_modules\handlebars\dist  \cjs\handlebars\compiler\parser.js:267:19)
      at Parser.parse (D:\Proyectos\HR-Library\node_modules\handlebars\dist\cjs\  handlebars\compiler\parser.js:336:30)
      at parseWithoutProcessing (D:\Proyectos\HR-Library\node_modules\handlebars  \dist\cjs\handlebars\compiler\base.js:46:33)
      at HandlebarsEnvironment.parse (D:\Proyectos\HR-Library\node_modules\handl  ebars\dist\cjs\handlebars\compiler\base.js:52:13)
      at compile (D:\Proyectos\HR-Library\node_modules\handlebars-loader\index.j  s:234:18)
      at module.exports (D:\Proyectos\HR-Library\node_modules\handlebars-loader\  index.js:461:5)
      at processResult (D:\Proyectos\HR-Library\node_modules\webpack\lib\NormalM  odule.js:764:19)
      at D:\Proyectos\HR-Library\node_modules\webpack\lib\NormalModule.js:866:5
      at D:\Proyectos\HR-Library\node_modules\loader-runner\lib\LoaderRunner.js:  499:11
      at runSyncOrAsyncCallback (D:\Proyectos\HR-Library\node_modules\loader-run  ner\lib\LoaderRunner.js:259:19)
      at innerCallback (D:\Proyectos\HR-Library\node_modules\loader-runner\lib\L  oaderRunner.js:175:13)
      at compile (D:\Proyectos\HR-Library\node_modules\handlebars-loader\index.j  s:238:14)
      at module.exports (D:\Proyectos\HR-Library\node_modules\handlebars-loader\  index.js:461:5)
      at LOADER_EXECUTION (D:\Proyectos\HR-Library\node_modules\loader-runner\li  b\LoaderRunner.js:195:14)
      at runSyncOrAsync (D:\Proyectos\HR-Library\node_modules\loader-runner\lib\  LoaderRunner.js:196:5)
      at iterateNormalLoaders (D:\Proyectos\HR-Library\node_modules\loader-runne  r\lib\LoaderRunner.js:258:2)
  Module build [1m[31mfailed[39m[22m[1m (from ./node_modules/handlebars-loader/index.js):
  [1m[31mError[39m[22m[1m: Parse [1m[31merror[39m[22m[1m on line 216:
  ...{{/layout-main}}{{/layout-main}}
  -------------------^
  Expecting 'EOF', got 'OPEN_ENDBLOCK'
      at Parser.parseError (D:\Proyectos\HR-Library\node_modules\handlebars\dist  \cjs\handlebars\compiler\parser.js:267:19)
      at Parser.parse (D:\Proyectos\HR-Library\node_modules\handlebars\dist\cjs\  handlebars\compiler\parser.js:336:30)
      at parseWithoutProcessing (D:\Proyectos\HR-Library\node_modules\handlebars  \dist\cjs\handlebars\compiler\base.js:46:33)
      at HandlebarsEnvironment.parse (D:\Proyectos\HR-Library\node_modules\handl  ebars\dist\cjs\handlebars\compiler\base.js:52:13)
      at compile (D:\Proyectos\HR-Library\node_modules\handlebars-loader\index.j  s:234:18)
      at module.exports (D:\Proyectos\HR-Library\node_modules\handlebars-loader\  index.js:461:5)
  ModuleBuildError: Module build [1m[31mfailed[39m[22m[1m (from ./node_modules/handlebars-loader/i  ndex.js):
  [1m[31mError[39m[22m[1m: Parse [1m[31merror[39m[22m[1m on line 216:
  ...{{/layout-main}}{{/layout-main}}
  -------------------^
  Expecting 'EOF', got 'OPEN_ENDBLOCK'
      at Parser.parseError (D:\Proyectos\HR-Library\node_modules\handlebars\dist  \cjs\handlebars\compiler\parser.js:267:19)
      at Parser.parse (D:\Proyectos\HR-Library\node_modules\handlebars\dist\cjs\  handlebars\compiler\parser.js:336:30)
      at parseWithoutProcessing (D:\Proyectos\HR-Library\node_modules\handlebars  \dist\cjs\handlebars\compiler\base.js:46:33)
      at HandlebarsEnvironment.parse (D:\Proyectos\HR-Library\node_modules\handl  ebars\dist\cjs\handlebars\compiler\base.js:52:13)
      at compile (D:\Proyectos\HR-Library\node_modules\handlebars-loader\index.j  s:234:18)
      at module.exports (D:\Proyectos\HR-Library\node_modules\handlebars-loader\  index.js:461:5)
      at processResult (D:\Proyectos\HR-Library\node_modules\webpack\lib\NormalM  odule.js:764:19)
      at D:\Proyectos\HR-Library\node_modules\webpack\lib\NormalModule.js:866:5
      at D:\Proyectos\HR-Library\node_modules\loader-runner\lib\LoaderRunner.js:  499:11
      at runSyncOrAsyncCallback (D:\Proyectos\HR-Library\node_modules\loader-run  ner\lib\LoaderRunner.js:259:19)
      at innerCallback (D:\Proyectos\HR-Library\node_modules\loader-runner\lib\L  oaderRunner.js:175:13)
      at compile (D:\Proyectos\HR-Library\node_modules\handlebars-loader\index.j  s:238:14)
      at module.exports (D:\Proyectos\HR-Library\node_modules\handlebars-loader\  index.js:461:5)
      at LOADER_EXECUTION (D:\Proyectos\HR-Library\node_modules\loader-runner\li  b\LoaderRunner.js:195:14)
      at runSyncOrAsync (D:\Proyectos\HR-Library\node_modules\loader-runner\lib\  LoaderRunner.js:196:5)
      at iterateNormalLoaders (D:\Proyectos\HR-Library\node_modules\loader-runne  r\lib\LoaderRunner.js:258:2)
  
  - parser.js:267 Parser.parseError
    [HR-Library]/[handlebars]/dist/cjs/handlebars/compiler/parser.js:267:19
  
  - parser.js:336 Parser.parse
    [HR-Library]/[handlebars]/dist/cjs/handlebars/compiler/parser.js:336:30
  
  - base.js:46 parseWithoutProcessing
    [HR-Library]/[handlebars]/dist/cjs/handlebars/compiler/base.js:46:33
  
  - base.js:52 HandlebarsEnvironment.parse
    [HR-Library]/[handlebars]/dist/cjs/handlebars/compiler/base.js:52:13
  
  - index.js:234 compile
    [HR-Library]/[handlebars-loader]/index.js:234:18
  
  - index.js:461 module.exports
    [HR-Library]/[handlebars-loader]/index.js:461:5
  
  - ModuleBuildError: Module build [1m[31mfailed[39m[22m[1m (from ./node_modules/handlebars-loader    /index.js):
  
  - [1m[31mError[39m[22m[1m: Parse [1m[31merror[39m[22m[1m on line 68:
  
  - ...{{/layout-main}}{{/layout-main}}
  
  - -------------------^
  
  - Expecting 'EOF', got 'OPEN_ENDBLOCK'
  
  - parser.js:267 Parser.parseError
    [HR-Library]/[handlebars]/dist/cjs/handlebars/compiler/parser.js:267:19
  
  - parser.js:336 Parser.parse
    [HR-Library]/[handlebars]/dist/cjs/handlebars/compiler/parser.js:336:30
  
  - base.js:46 parseWithoutProcessing
    [HR-Library]/[handlebars]/dist/cjs/handlebars/compiler/base.js:46:33
  
  - base.js:52 HandlebarsEnvironment.parse
    [HR-Library]/[handlebars]/dist/cjs/handlebars/compiler/base.js:52:13
  
  - index.js:234 compile
    [HR-Library]/[handlebars-loader]/index.js:234:18
  
  - index.js:461 module.exports
    [HR-Library]/[handlebars-loader]/index.js:461:5
  
  - NormalModule.js:764 processResult
    [HR-Library]/[webpack]/lib/NormalModule.js:764:19
  
  - NormalModule.js:866 
    [HR-Library]/[webpack]/lib/NormalModule.js:866:5
  
  - LoaderRunner.js:499 
    [HR-Library]/[loader-runner]/lib/LoaderRunner.js:499:11
  
  - LoaderRunner.js:259 runSyncOrAsyncCallback
    [HR-Library]/[loader-runner]/lib/LoaderRunner.js:259:19
  
  - LoaderRunner.js:175 innerCallback
    [HR-Library]/[loader-runner]/lib/LoaderRunner.js:175:13
  
  - index.js:238 compile
    [HR-Library]/[handlebars-loader]/index.js:238:14
  
  - index.js:461 module.exports
    [HR-Library]/[handlebars-loader]/index.js:461:5
  
  - LoaderRunner.js:195 LOADER_EXECUTION
    [HR-Library]/[loader-runner]/lib/LoaderRunner.js:195:14
  
  - LoaderRunner.js:196 runSyncOrAsync
    [HR-Library]/[loader-runner]/lib/LoaderRunner.js:196:5
  
  - LoaderRunner.js:258 iterateNormalLoaders
    [HR-Library]/[loader-runner]/lib/LoaderRunner.js:258:2
  
  - Module build [1m[31mfailed[39m[22m[1m (from ./node_modules/handlebars-loader/index.js):
  
  - [1m[31mError[39m[22m[1m: Parse [1m[31merror[39m[22m[1m on line 201:
  
  - ...{{/layout-main}}{{/layout-main}}
  
  - -------------------^
  
  - Expecting 'EOF', got 'OPEN_ENDBLOCK'
  
  - parser.js:267 Parser.parseError
    [HR-Library]/[handlebars]/dist/cjs/handlebars/compiler/parser.js:267:19
  
  - parser.js:336 Parser.parse
    [HR-Library]/[handlebars]/dist/cjs/handlebars/compiler/parser.js:336:30
  
  - base.js:46 parseWithoutProcessing
    [HR-Library]/[handlebars]/dist/cjs/handlebars/compiler/base.js:46:33
  
  - base.js:52 HandlebarsEnvironment.parse
    [HR-Library]/[handlebars]/dist/cjs/handlebars/compiler/base.js:52:13
  
  - index.js:234 compile
    [HR-Library]/[handlebars-loader]/index.js:234:18
  
  - index.js:461 module.exports
    [HR-Library]/[handlebars-loader]/index.js:461:5
  
  - ModuleBuildError: Module build [1m[31mfailed[39m[22m[1m (from ./node_modules/handlebars-loader    /index.js):
  
  - [1m[31mError[39m[22m[1m: Parse [1m[31merror[39m[22m[1m on line 201:
  
  - ...{{/layout-main}}{{/layout-main}}
  
  - -------------------^
  
  - Expecting 'EOF', got 'OPEN_ENDBLOCK'
  
  - parser.js:267 Parser.parseError
    [HR-Library]/[handlebars]/dist/cjs/handlebars/compiler/parser.js:267:19
  
  - parser.js:336 Parser.parse
    [HR-Library]/[handlebars]/dist/cjs/handlebars/compiler/parser.js:336:30
  
  - base.js:46 parseWithoutProcessing
    [HR-Library]/[handlebars]/dist/cjs/handlebars/compiler/base.js:46:33
  
  - base.js:52 HandlebarsEnvironment.parse
    [HR-Library]/[handlebars]/dist/cjs/handlebars/compiler/base.js:52:13
  
  - index.js:234 compile
    [HR-Library]/[handlebars-loader]/index.js:234:18
  
  - index.js:461 module.exports
    [HR-Library]/[handlebars-loader]/index.js:461:5
  
  - NormalModule.js:764 processResult
    [HR-Library]/[webpack]/lib/NormalModule.js:764:19
  
  - NormalModule.js:866 
    [HR-Library]/[webpack]/lib/NormalModule.js:866:5
  
[39m[22m

[1m[31mERROR[39m[22m in [1m  [1m[31mError[39m[22m[1m: Child compilation [1m[31mfailed[39m[22m[1m:
  Module build [1m[31mfailed[39m[22m[1m (from ./node_modules/handlebars-loader/index.js):
  [1m[31mError[39m[22m[1m: Parse [1m[31merror[39m[22m[1m on line 68:
  ...{{/layout-main}}{{/layout-main}}
  -------------------^
  Expecting 'EOF', got 'OPEN_ENDBLOCK'
      at Parser.parseError (D:\Proyectos\HR-Library\node_modules\handlebars\dist  \cjs\handlebars\compiler\parser.js:267:19)
      at Parser.parse (D:\Proyectos\HR-Library\node_modules\handlebars\dist\cjs\  handlebars\compiler\parser.js:336:30)
      at parseWithoutProcessing (D:\Proyectos\HR-Library\node_modules\handlebars  \dist\cjs\handlebars\compiler\base.js:46:33)
      at HandlebarsEnvironment.parse (D:\Proyectos\HR-Library\node_modules\handl  ebars\dist\cjs\handlebars\compiler\base.js:52:13)
      at compile (D:\Proyectos\HR-Library\node_modules\handlebars-loader\index.j  s:234:18)
      at module.exports (D:\Proyectos\HR-Library\node_modules\handlebars-loader\  index.js:461:5)
  ModuleBuildError: Module build [1m[31mfailed[39m[22m[1m (from ./node_modules/handlebars-loader/i  ndex.js):
  [1m[31mError[39m[22m[1m: Parse [1m[31merror[39m[22m[1m on line 68:
  ...{{/layout-main}}{{/layout-main}}
  -------------------^
  Expecting 'EOF', got 'OPEN_ENDBLOCK'
      at Parser.parseError (D:\Proyectos\HR-Library\node_modules\handlebars\dist  \cjs\handlebars\compiler\parser.js:267:19)
      at Parser.parse (D:\Proyectos\HR-Library\node_modules\handlebars\dist\cjs\  handlebars\compiler\parser.js:336:30)
      at parseWithoutProcessing (D:\Proyectos\HR-Library\node_modules\handlebars  \dist\cjs\handlebars\compiler\base.js:46:33)
      at HandlebarsEnvironment.parse (D:\Proyectos\HR-Library\node_modules\handl  ebars\dist\cjs\handlebars\compiler\base.js:52:13)
      at compile (D:\Proyectos\HR-Library\node_modules\handlebars-loader\index.j  s:234:18)
      at module.exports (D:\Proyectos\HR-Library\node_modules\handlebars-loader\  index.js:461:5)
      at processResult (D:\Proyectos\HR-Library\node_modules\webpack\lib\NormalM  odule.js:764:19)
      at D:\Proyectos\HR-Library\node_modules\webpack\lib\NormalModule.js:866:5
      at D:\Proyectos\HR-Library\node_modules\loader-runner\lib\LoaderRunner.js:  499:11
      at runSyncOrAsyncCallback (D:\Proyectos\HR-Library\node_modules\loader-run  ner\lib\LoaderRunner.js:259:19)
      at innerCallback (D:\Proyectos\HR-Library\node_modules\loader-runner\lib\L  oaderRunner.js:175:13)
      at compile (D:\Proyectos\HR-Library\node_modules\handlebars-loader\index.j  s:238:14)
      at module.exports (D:\Proyectos\HR-Library\node_modules\handlebars-loader\  index.js:461:5)
      at LOADER_EXECUTION (D:\Proyectos\HR-Library\node_modules\loader-runner\li  b\LoaderRunner.js:195:14)
      at runSyncOrAsync (D:\Proyectos\HR-Library\node_modules\loader-runner\lib\  LoaderRunner.js:196:5)
      at iterateNormalLoaders (D:\Proyectos\HR-Library\node_modules\loader-runne  r\lib\LoaderRunner.js:258:2)
  Module build [1m[31mfailed[39m[22m[1m (from ./node_modules/handlebars-loader/index.js):
  [1m[31mError[39m[22m[1m: Parse [1m[31merror[39m[22m[1m on line 201:
  ...{{/layout-main}}{{/layout-main}}
  -------------------^
  Expecting 'EOF', got 'OPEN_ENDBLOCK'
      at Parser.parseError (D:\Proyectos\HR-Library\node_modules\handlebars\dist  \cjs\handlebars\compiler\parser.js:267:19)
      at Parser.parse (D:\Proyectos\HR-Library\node_modules\handlebars\dist\cjs\  handlebars\compiler\parser.js:336:30)
      at parseWithoutProcessing (D:\Proyectos\HR-Library\node_modules\handlebars  \dist\cjs\handlebars\compiler\base.js:46:33)
      at HandlebarsEnvironment.parse (D:\Proyectos\HR-Library\node_modules\handl  ebars\dist\cjs\handlebars\compiler\base.js:52:13)
      at compile (D:\Proyectos\HR-Library\node_modules\handlebars-loader\index.j  s:234:18)
      at module.exports (D:\Proyectos\HR-Library\node_modules\handlebars-loader\  index.js:461:5)
  ModuleBuildError: Module build [1m[31mfailed[39m[22m[1m (from ./node_modules/handlebars-loader/i  ndex.js):
  [1m[31mError[39m[22m[1m: Parse [1m[31merror[39m[22m[1m on line 201:
  ...{{/layout-main}}{{/layout-main}}
  -------------------^
  Expecting 'EOF', got 'OPEN_ENDBLOCK'
      at Parser.parseError (D:\Proyectos\HR-Library\node_modules\handlebars\dist  \cjs\handlebars\compiler\parser.js:267:19)
      at Parser.parse (D:\Proyectos\HR-Library\node_modules\handlebars\dist\cjs\  handlebars\compiler\parser.js:336:30)
      at parseWithoutProcessing (D:\Proyectos\HR-Library\node_modules\handlebars  \dist\cjs\handlebars\compiler\base.js:46:33)
      at HandlebarsEnvironment.parse (D:\Proyectos\HR-Library\node_modules\handl  ebars\dist\cjs\handlebars\compiler\base.js:52:13)
      at compile (D:\Proyectos\HR-Library\node_modules\handlebars-loader\index.j  s:234:18)
      at module.exports (D:\Proyectos\HR-Library\node_modules\handlebars-loader\  index.js:461:5)
      at processResult (D:\Proyectos\HR-Library\node_modules\webpack\lib\NormalM  odule.js:764:19)
      at D:\Proyectos\HR-Library\node_modules\webpack\lib\NormalModule.js:866:5
      at D:\Proyectos\HR-Library\node_modules\loader-runner\lib\LoaderRunner.js:  499:11
      at runSyncOrAsyncCallback (D:\Proyectos\HR-Library\node_modules\loader-run  ner\lib\LoaderRunner.js:259:19)
      at innerCallback (D:\Proyectos\HR-Library\node_modules\loader-runner\lib\L  oaderRunner.js:175:13)
      at compile (D:\Proyectos\HR-Library\node_modules\handlebars-loader\index.j  s:238:14)
      at module.exports (D:\Proyectos\HR-Library\node_modules\handlebars-loader\  index.js:461:5)
      at LOADER_EXECUTION (D:\Proyectos\HR-Library\node_modules\loader-runner\li  b\LoaderRunner.js:195:14)
      at runSyncOrAsync (D:\Proyectos\HR-Library\node_modules\loader-runner\lib\  LoaderRunner.js:196:5)
      at iterateNormalLoaders (D:\Proyectos\HR-Library\node_modules\loader-runne  r\lib\LoaderRunner.js:258:2)
  Module build [1m[31mfailed[39m[22m[1m (from ./node_modules/handlebars-loader/index.js):
  [1m[31mError[39m[22m[1m: Parse [1m[31merror[39m[22m[1m on line 97:
  ...{{/layout-main}}{{/layout-main}}
  -------------------^
  Expecting 'EOF', got 'OPEN_ENDBLOCK'
      at Parser.parseError (D:\Proyectos\HR-Library\node_modules\handlebars\dist  \cjs\handlebars\compiler\parser.js:267:19)
      at Parser.parse (D:\Proyectos\HR-Library\node_modules\handlebars\dist\cjs\  handlebars\compiler\parser.js:336:30)
      at parseWithoutProcessing (D:\Proyectos\HR-Library\node_modules\handlebars  \dist\cjs\handlebars\compiler\base.js:46:33)
      at HandlebarsEnvironment.parse (D:\Proyectos\HR-Library\node_modules\handl  ebars\dist\cjs\handlebars\compiler\base.js:52:13)
      at compile (D:\Proyectos\HR-Library\node_modules\handlebars-loader\index.j  s:234:18)
      at module.exports (D:\Proyectos\HR-Library\node_modules\handlebars-loader\  index.js:461:5)
  ModuleBuildError: Module build [1m[31mfailed[39m[22m[1m (from ./node_modules/handlebars-loader/i  ndex.js):
  [1m[31mError[39m[22m[1m: Parse [1m[31merror[39m[22m[1m on line 97:
  ...{{/layout-main}}{{/layout-main}}
  -------------------^
  Expecting 'EOF', got 'OPEN_ENDBLOCK'
      at Parser.parseError (D:\Proyectos\HR-Library\node_modules\handlebars\dist  \cjs\handlebars\compiler\parser.js:267:19)
      at Parser.parse (D:\Proyectos\HR-Library\node_modules\handlebars\dist\cjs\  handlebars\compiler\parser.js:336:30)
      at parseWithoutProcessing (D:\Proyectos\HR-Library\node_modules\handlebars  \dist\cjs\handlebars\compiler\base.js:46:33)
      at HandlebarsEnvironment.parse (D:\Proyectos\HR-Library\node_modules\handl  ebars\dist\cjs\handlebars\compiler\base.js:52:13)
      at compile (D:\Proyectos\HR-Library\node_modules\handlebars-loader\index.j  s:234:18)
      at module.exports (D:\Proyectos\HR-Library\node_modules\handlebars-loader\  index.js:461:5)
      at processResult (D:\Proyectos\HR-Library\node_modules\webpack\lib\NormalM  odule.js:764:19)
      at D:\Proyectos\HR-Library\node_modules\webpack\lib\NormalModule.js:866:5
      at D:\Proyectos\HR-Library\node_modules\loader-runner\lib\LoaderRunner.js:  499:11
      at runSyncOrAsyncCallback (D:\Proyectos\HR-Library\node_modules\loader-run  ner\lib\LoaderRunner.js:259:19)
      at innerCallback (D:\Proyectos\HR-Library\node_modules\loader-runner\lib\L  oaderRunner.js:175:13)
      at compile (D:\Proyectos\HR-Library\node_modules\handlebars-loader\index.j  s:238:14)
      at module.exports (D:\Proyectos\HR-Library\node_modules\handlebars-loader\  index.js:461:5)
      at LOADER_EXECUTION (D:\Proyectos\HR-Library\node_modules\loader-runner\li  b\LoaderRunner.js:195:14)
      at runSyncOrAsync (D:\Proyectos\HR-Library\node_modules\loader-runner\lib\  LoaderRunner.js:196:5)
      at iterateNormalLoaders (D:\Proyectos\HR-Library\node_modules\loader-runne  r\lib\LoaderRunner.js:258:2)
  Module build [1m[31mfailed[39m[22m[1m (from ./node_modules/handlebars-loader/index.js):
  [1m[31mError[39m[22m[1m: Parse [1m[31merror[39m[22m[1m on line 146:
  ...{{/layout-main}}{{/layout-main}}
  -------------------^
  Expecting 'EOF', got 'OPEN_ENDBLOCK'
      at Parser.parseError (D:\Proyectos\HR-Library\node_modules\handlebars\dist  \cjs\handlebars\compiler\parser.js:267:19)
      at Parser.parse (D:\Proyectos\HR-Library\node_modules\handlebars\dist\cjs\  handlebars\compiler\parser.js:336:30)
      at parseWithoutProcessing (D:\Proyectos\HR-Library\node_modules\handlebars  \dist\cjs\handlebars\compiler\base.js:46:33)
      at HandlebarsEnvironment.parse (D:\Proyectos\HR-Library\node_modules\handl  ebars\dist\cjs\handlebars\compiler\base.js:52:13)
      at compile (D:\Proyectos\HR-Library\node_modules\handlebars-loader\index.j  s:234:18)
      at module.exports (D:\Proyectos\HR-Library\node_modules\handlebars-loader\  index.js:461:5)
  ModuleBuildError: Module build [1m[31mfailed[39m[22m[1m (from ./node_modules/handlebars-loader/i  ndex.js):
  [1m[31mError[39m[22m[1m: Parse [1m[31merror[39m[22m[1m on line 146:
  ...{{/layout-main}}{{/layout-main}}
  -------------------^
  Expecting 'EOF', got 'OPEN_ENDBLOCK'
      at Parser.parseError (D:\Proyectos\HR-Library\node_modules\handlebars\dist  \cjs\handlebars\compiler\parser.js:267:19)
      at Parser.parse (D:\Proyectos\HR-Library\node_modules\handlebars\dist\cjs\  handlebars\compiler\parser.js:336:30)
      at parseWithoutProcessing (D:\Proyectos\HR-Library\node_modules\handlebars  \dist\cjs\handlebars\compiler\base.js:46:33)
      at HandlebarsEnvironment.parse (D:\Proyectos\HR-Library\node_modules\handl  ebars\dist\cjs\handlebars\compiler\base.js:52:13)
      at compile (D:\Proyectos\HR-Library\node_modules\handlebars-loader\index.j  s:234:18)
      at module.exports (D:\Proyectos\HR-Library\node_modules\handlebars-loader\  index.js:461:5)
      at processResult (D:\Proyectos\HR-Library\node_modules\webpack\lib\NormalM  odule.js:764:19)
      at D:\Proyectos\HR-Library\node_modules\webpack\lib\NormalModule.js:866:5
      at D:\Proyectos\HR-Library\node_modules\loader-runner\lib\LoaderRunner.js:  499:11
      at runSyncOrAsyncCallback (D:\Proyectos\HR-Library\node_modules\loader-run  ner\lib\LoaderRunner.js:259:19)
      at innerCallback (D:\Proyectos\HR-Library\node_modules\loader-runner\lib\L  oaderRunner.js:175:13)
      at compile (D:\Proyectos\HR-Library\node_modules\handlebars-loader\index.j  s:238:14)
      at module.exports (D:\Proyectos\HR-Library\node_modules\handlebars-loader\  index.js:461:5)
      at LOADER_EXECUTION (D:\Proyectos\HR-Library\node_modules\loader-runner\li  b\LoaderRunner.js:195:14)
      at runSyncOrAsync (D:\Proyectos\HR-Library\node_modules\loader-runner\lib\  LoaderRunner.js:196:5)
      at iterateNormalLoaders (D:\Proyectos\HR-Library\node_modules\loader-runne  r\lib\LoaderRunner.js:258:2)
  Module build [1m[31mfailed[39m[22m[1m (from ./node_modules/handlebars-loader/index.js):
  [1m[31mError[39m[22m[1m: Parse [1m[31merror[39m[22m[1m on line 183:
  ...{{/layout-main}}{{/layout-main}}
  -------------------^
  Expecting 'EOF', got 'OPEN_ENDBLOCK'
      at Parser.parseError (D:\Proyectos\HR-Library\node_modules\handlebars\dist  \cjs\handlebars\compiler\parser.js:267:19)
      at Parser.parse (D:\Proyectos\HR-Library\node_modules\handlebars\dist\cjs\  handlebars\compiler\parser.js:336:30)
      at parseWithoutProcessing (D:\Proyectos\HR-Library\node_modules\handlebars  \dist\cjs\handlebars\compiler\base.js:46:33)
      at HandlebarsEnvironment.parse (D:\Proyectos\HR-Library\node_modules\handl  ebars\dist\cjs\handlebars\compiler\base.js:52:13)
      at compile (D:\Proyectos\HR-Library\node_modules\handlebars-loader\index.j  s:234:18)
      at module.exports (D:\Proyectos\HR-Library\node_modules\handlebars-loader\  index.js:461:5)
  ModuleBuildError: Module build [1m[31mfailed[39m[22m[1m (from ./node_modules/handlebars-loader/i  ndex.js):
  [1m[31mError[39m[22m[1m: Parse [1m[31merror[39m[22m[1m on line 183:
  ...{{/layout-main}}{{/layout-main}}
  -------------------^
  Expecting 'EOF', got 'OPEN_ENDBLOCK'
      at Parser.parseError (D:\Proyectos\HR-Library\node_modules\handlebars\dist  \cjs\handlebars\compiler\parser.js:267:19)
      at Parser.parse (D:\Proyectos\HR-Library\node_modules\handlebars\dist\cjs\  handlebars\compiler\parser.js:336:30)
      at parseWithoutProcessing (D:\Proyectos\HR-Library\node_modules\handlebars  \dist\cjs\handlebars\compiler\base.js:46:33)
      at HandlebarsEnvironment.parse (D:\Proyectos\HR-Library\node_modules\handl  ebars\dist\cjs\handlebars\compiler\base.js:52:13)
      at compile (D:\Proyectos\HR-Library\node_modules\handlebars-loader\index.j  s:234:18)
      at module.exports (D:\Proyectos\HR-Library\node_modules\handlebars-loader\  index.js:461:5)
      at processResult (D:\Proyectos\HR-Library\node_modules\webpack\lib\NormalM  odule.js:764:19)
      at D:\Proyectos\HR-Library\node_modules\webpack\lib\NormalModule.js:866:5
      at D:\Proyectos\HR-Library\node_modules\loader-runner\lib\LoaderRunner.js:  499:11
      at runSyncOrAsyncCallback (D:\Proyectos\HR-Library\node_modules\loader-run  ner\lib\LoaderRunner.js:259:19)
      at innerCallback (D:\Proyectos\HR-Library\node_modules\loader-runner\lib\L  oaderRunner.js:175:13)
      at compile (D:\Proyectos\HR-Library\node_modules\handlebars-loader\index.j  s:238:14)
      at module.exports (D:\Proyectos\HR-Library\node_modules\handlebars-loader\  index.js:461:5)
      at LOADER_EXECUTION (D:\Proyectos\HR-Library\node_modules\loader-runner\li  b\LoaderRunner.js:195:14)
      at runSyncOrAsync (D:\Proyectos\HR-Library\node_modules\loader-runner\lib\  LoaderRunner.js:196:5)
      at iterateNormalLoaders (D:\Proyectos\HR-Library\node_modules\loader-runne  r\lib\LoaderRunner.js:258:2)
  Module build [1m[31mfailed[39m[22m[1m (from ./node_modules/handlebars-loader/index.js):
  [1m[31mError[39m[22m[1m: Parse [1m[31merror[39m[22m[1m on line 216:
  ...{{/layout-main}}{{/layout-main}}
  -------------------^
  Expecting 'EOF', got 'OPEN_ENDBLOCK'
      at Parser.parseError (D:\Proyectos\HR-Library\node_modules\handlebars\dist  \cjs\handlebars\compiler\parser.js:267:19)
      at Parser.parse (D:\Proyectos\HR-Library\node_modules\handlebars\dist\cjs\  handlebars\compiler\parser.js:336:30)
      at parseWithoutProcessing (D:\Proyectos\HR-Library\node_modules\handlebars  \dist\cjs\handlebars\compiler\base.js:46:33)
      at HandlebarsEnvironment.parse (D:\Proyectos\HR-Library\node_modules\handl  ebars\dist\cjs\handlebars\compiler\base.js:52:13)
      at compile (D:\Proyectos\HR-Library\node_modules\handlebars-loader\index.j  s:234:18)
      at module.exports (D:\Proyectos\HR-Library\node_modules\handlebars-loader\  index.js:461:5)
  ModuleBuildError: Module build [1m[31mfailed[39m[22m[1m (from ./node_modules/handlebars-loader/i  ndex.js):
  [1m[31mError[39m[22m[1m: Parse [1m[31merror[39m[22m[1m on line 216:
  ...{{/layout-main}}{{/layout-main}}
  -------------------^
  Expecting 'EOF', got 'OPEN_ENDBLOCK'
      at Parser.parseError (D:\Proyectos\HR-Library\node_modules\handlebars\dist  \cjs\handlebars\compiler\parser.js:267:19)
      at Parser.parse (D:\Proyectos\HR-Library\node_modules\handlebars\dist\cjs\  handlebars\compiler\parser.js:336:30)
      at parseWithoutProcessing (D:\Proyectos\HR-Library\node_modules\handlebars  \dist\cjs\handlebars\compiler\base.js:46:33)
      at HandlebarsEnvironment.parse (D:\Proyectos\HR-Library\node_modules\handl  ebars\dist\cjs\handlebars\compiler\base.js:52:13)
      at compile (D:\Proyectos\HR-Library\node_modules\handlebars-loader\index.j  s:234:18)
      at module.exports (D:\Proyectos\HR-Library\node_modules\handlebars-loader\  index.js:461:5)
      at processResult (D:\Proyectos\HR-Library\node_modules\webpack\lib\NormalM  odule.js:764:19)
      at D:\Proyectos\HR-Library\node_modules\webpack\lib\NormalModule.js:866:5
      at D:\Proyectos\HR-Library\node_modules\loader-runner\lib\LoaderRunner.js:  499:11
      at runSyncOrAsyncCallback (D:\Proyectos\HR-Library\node_modules\loader-run  ner\lib\LoaderRunner.js:259:19)
      at innerCallback (D:\Proyectos\HR-Library\node_modules\loader-runner\lib\L  oaderRunner.js:175:13)
      at compile (D:\Proyectos\HR-Library\node_modules\handlebars-loader\index.j  s:238:14)
      at module.exports (D:\Proyectos\HR-Library\node_modules\handlebars-loader\  index.js:461:5)
      at LOADER_EXECUTION (D:\Proyectos\HR-Library\node_modules\loader-runner\li  b\LoaderRunner.js:195:14)
      at runSyncOrAsync (D:\Proyectos\HR-Library\node_modules\loader-runner\lib\  LoaderRunner.js:196:5)
      at iterateNormalLoaders (D:\Proyectos\HR-Library\node_modules\loader-runne  r\lib\LoaderRunner.js:258:2)
  
  - parser.js:267 Parser.parseError
    [HR-Library]/[handlebars]/dist/cjs/handlebars/compiler/parser.js:267:19
  
  - parser.js:336 Parser.parse
    [HR-Library]/[handlebars]/dist/cjs/handlebars/compiler/parser.js:336:30
  
  - base.js:46 parseWithoutProcessing
    [HR-Library]/[handlebars]/dist/cjs/handlebars/compiler/base.js:46:33
  
  - base.js:52 HandlebarsEnvironment.parse
    [HR-Library]/[handlebars]/dist/cjs/handlebars/compiler/base.js:52:13
  
  - index.js:234 compile
    [HR-Library]/[handlebars-loader]/index.js:234:18
  
  - index.js:461 module.exports
    [HR-Library]/[handlebars-loader]/index.js:461:5
  
  - ModuleBuildError: Module build [1m[31mfailed[39m[22m[1m (from ./node_modules/handlebars-loader    /index.js):
  
  - [1m[31mError[39m[22m[1m: Parse [1m[31merror[39m[22m[1m on line 68:
  
  - ...{{/layout-main}}{{/layout-main}}
  
  - -------------------^
  
  - Expecting 'EOF', got 'OPEN_ENDBLOCK'
  
  - parser.js:267 Parser.parseError
    [HR-Library]/[handlebars]/dist/cjs/handlebars/compiler/parser.js:267:19
  
  - parser.js:336 Parser.parse
    [HR-Library]/[handlebars]/dist/cjs/handlebars/compiler/parser.js:336:30
  
  - base.js:46 parseWithoutProcessing
    [HR-Library]/[handlebars]/dist/cjs/handlebars/compiler/base.js:46:33
  
  - base.js:52 HandlebarsEnvironment.parse
    [HR-Library]/[handlebars]/dist/cjs/handlebars/compiler/base.js:52:13
  
  - index.js:234 compile
    [HR-Library]/[handlebars-loader]/index.js:234:18
  
  - index.js:461 module.exports
    [HR-Library]/[handlebars-loader]/index.js:461:5
  
  - NormalModule.js:764 processResult
    [HR-Library]/[webpack]/lib/NormalModule.js:764:19
  
  - NormalModule.js:866 
    [HR-Library]/[webpack]/lib/NormalModule.js:866:5
  
  - LoaderRunner.js:499 
    [HR-Library]/[loader-runner]/lib/LoaderRunner.js:499:11
  
  - LoaderRunner.js:259 runSyncOrAsyncCallback
    [HR-Library]/[loader-runner]/lib/LoaderRunner.js:259:19
  
  - LoaderRunner.js:175 innerCallback
    [HR-Library]/[loader-runner]/lib/LoaderRunner.js:175:13
  
  - index.js:238 compile
    [HR-Library]/[handlebars-loader]/index.js:238:14
  
  - index.js:461 module.exports
    [HR-Library]/[handlebars-loader]/index.js:461:5
  
  - LoaderRunner.js:195 LOADER_EXECUTION
    [HR-Library]/[loader-runner]/lib/LoaderRunner.js:195:14
  
  - LoaderRunner.js:196 runSyncOrAsync
    [HR-Library]/[loader-runner]/lib/LoaderRunner.js:196:5
  
  - LoaderRunner.js:258 iterateNormalLoaders
    [HR-Library]/[loader-runner]/lib/LoaderRunner.js:258:2
  
  - Module build [1m[31mfailed[39m[22m[1m (from ./node_modules/handlebars-loader/index.js):
  
  - [1m[31mError[39m[22m[1m: Parse [1m[31merror[39m[22m[1m on line 201:
  
  - ...{{/layout-main}}{{/layout-main}}
  
  - -------------------^
  
  - Expecting 'EOF', got 'OPEN_ENDBLOCK'
  
  - parser.js:267 Parser.parseError
    [HR-Library]/[handlebars]/dist/cjs/handlebars/compiler/parser.js:267:19
  
  - parser.js:336 Parser.parse
    [HR-Library]/[handlebars]/dist/cjs/handlebars/compiler/parser.js:336:30
  
  - base.js:46 parseWithoutProcessing
    [HR-Library]/[handlebars]/dist/cjs/handlebars/compiler/base.js:46:33
  
  - base.js:52 HandlebarsEnvironment.parse
    [HR-Library]/[handlebars]/dist/cjs/handlebars/compiler/base.js:52:13
  
  - index.js:234 compile
    [HR-Library]/[handlebars-loader]/index.js:234:18
  
  - index.js:461 module.exports
    [HR-Library]/[handlebars-loader]/index.js:461:5
  
  - ModuleBuildError: Module build [1m[31mfailed[39m[22m[1m (from ./node_modules/handlebars-loader    /index.js):
  
  - [1m[31mError[39m[22m[1m: Parse [1m[31merror[39m[22m[1m on line 201:
  
  - ...{{/layout-main}}{{/layout-main}}
  
  - -------------------^
  
  - Expecting 'EOF', got 'OPEN_ENDBLOCK'
  
  - parser.js:267 Parser.parseError
    [HR-Library]/[handlebars]/dist/cjs/handlebars/compiler/parser.js:267:19
  
  - parser.js:336 Parser.parse
    [HR-Library]/[handlebars]/dist/cjs/handlebars/compiler/parser.js:336:30
  
  - base.js:46 parseWithoutProcessing
    [HR-Library]/[handlebars]/dist/cjs/handlebars/compiler/base.js:46:33
  
  - base.js:52 HandlebarsEnvironment.parse
    [HR-Library]/[handlebars]/dist/cjs/handlebars/compiler/base.js:52:13
  
  - index.js:234 compile
    [HR-Library]/[handlebars-loader]/index.js:234:18
  
  - index.js:461 module.exports
    [HR-Library]/[handlebars-loader]/index.js:461:5
  
  - NormalModule.js:764 processResult
    [HR-Library]/[webpack]/lib/NormalModule.js:764:19
  
  - NormalModule.js:866 
    [HR-Library]/[webpack]/lib/NormalModule.js:866:5
  
[39m[22m

[1m[31mERROR[39m[22m in [1m  [1m[31mError[39m[22m[1m: Child compilation [1m[31mfailed[39m[22m[1m:
  Module build [1m[31mfailed[39m[22m[1m (from ./node_modules/handlebars-loader/index.js):
  [1m[31mError[39m[22m[1m: Parse [1m[31merror[39m[22m[1m on line 68:
  ...{{/layout-main}}{{/layout-main}}
  -------------------^
  Expecting 'EOF', got 'OPEN_ENDBLOCK'
      at Parser.parseError (D:\Proyectos\HR-Library\node_modules\handlebars\dist  \cjs\handlebars\compiler\parser.js:267:19)
      at Parser.parse (D:\Proyectos\HR-Library\node_modules\handlebars\dist\cjs\  handlebars\compiler\parser.js:336:30)
      at parseWithoutProcessing (D:\Proyectos\HR-Library\node_modules\handlebars  \dist\cjs\handlebars\compiler\base.js:46:33)
      at HandlebarsEnvironment.parse (D:\Proyectos\HR-Library\node_modules\handl  ebars\dist\cjs\handlebars\compiler\base.js:52:13)
      at compile (D:\Proyectos\HR-Library\node_modules\handlebars-loader\index.j  s:234:18)
      at module.exports (D:\Proyectos\HR-Library\node_modules\handlebars-loader\  index.js:461:5)
  ModuleBuildError: Module build [1m[31mfailed[39m[22m[1m (from ./node_modules/handlebars-loader/i  ndex.js):
  [1m[31mError[39m[22m[1m: Parse [1m[31merror[39m[22m[1m on line 68:
  ...{{/layout-main}}{{/layout-main}}
  -------------------^
  Expecting 'EOF', got 'OPEN_ENDBLOCK'
      at Parser.parseError (D:\Proyectos\HR-Library\node_modules\handlebars\dist  \cjs\handlebars\compiler\parser.js:267:19)
      at Parser.parse (D:\Proyectos\HR-Library\node_modules\handlebars\dist\cjs\  handlebars\compiler\parser.js:336:30)
      at parseWithoutProcessing (D:\Proyectos\HR-Library\node_modules\handlebars  \dist\cjs\handlebars\compiler\base.js:46:33)
      at HandlebarsEnvironment.parse (D:\Proyectos\HR-Library\node_modules\handl  ebars\dist\cjs\handlebars\compiler\base.js:52:13)
      at compile (D:\Proyectos\HR-Library\node_modules\handlebars-loader\index.j  s:234:18)
      at module.exports (D:\Proyectos\HR-Library\node_modules\handlebars-loader\  index.js:461:5)
      at processResult (D:\Proyectos\HR-Library\node_modules\webpack\lib\NormalM  odule.js:764:19)
      at D:\Proyectos\HR-Library\node_modules\webpack\lib\NormalModule.js:866:5
      at D:\Proyectos\HR-Library\node_modules\loader-runner\lib\LoaderRunner.js:  499:11
      at runSyncOrAsyncCallback (D:\Proyectos\HR-Library\node_modules\loader-run  ner\lib\LoaderRunner.js:259:19)
      at innerCallback (D:\Proyectos\HR-Library\node_modules\loader-runner\lib\L  oaderRunner.js:175:13)
      at compile (D:\Proyectos\HR-Library\node_modules\handlebars-loader\index.j  s:238:14)
      at module.exports (D:\Proyectos\HR-Library\node_modules\handlebars-loader\  index.js:461:5)
      at LOADER_EXECUTION (D:\Proyectos\HR-Library\node_modules\loader-runner\li  b\LoaderRunner.js:195:14)
      at runSyncOrAsync (D:\Proyectos\HR-Library\node_modules\loader-runner\lib\  LoaderRunner.js:196:5)
      at iterateNormalLoaders (D:\Proyectos\HR-Library\node_modules\loader-runne  r\lib\LoaderRunner.js:258:2)
  Module build [1m[31mfailed[39m[22m[1m (from ./node_modules/handlebars-loader/index.js):
  [1m[31mError[39m[22m[1m: Parse [1m[31merror[39m[22m[1m on line 201:
  ...{{/layout-main}}{{/layout-main}}
  -------------------^
  Expecting 'EOF', got 'OPEN_ENDBLOCK'
      at Parser.parseError (D:\Proyectos\HR-Library\node_modules\handlebars\dist  \cjs\handlebars\compiler\parser.js:267:19)
      at Parser.parse (D:\Proyectos\HR-Library\node_modules\handlebars\dist\cjs\  handlebars\compiler\parser.js:336:30)
      at parseWithoutProcessing (D:\Proyectos\HR-Library\node_modules\handlebars  \dist\cjs\handlebars\compiler\base.js:46:33)
      at HandlebarsEnvironment.parse (D:\Proyectos\HR-Library\node_modules\handl  ebars\dist\cjs\handlebars\compiler\base.js:52:13)
      at compile (D:\Proyectos\HR-Library\node_modules\handlebars-loader\index.j  s:234:18)
      at module.exports (D:\Proyectos\HR-Library\node_modules\handlebars-loader\  index.js:461:5)
  ModuleBuildError: Module build [1m[31mfailed[39m[22m[1m (from ./node_modules/handlebars-loader/i  ndex.js):
  [1m[31mError[39m[22m[1m: Parse [1m[31merror[39m[22m[1m on line 201:
  ...{{/layout-main}}{{/layout-main}}
  -------------------^
  Expecting 'EOF', got 'OPEN_ENDBLOCK'
      at Parser.parseError (D:\Proyectos\HR-Library\node_modules\handlebars\dist  \cjs\handlebars\compiler\parser.js:267:19)
      at Parser.parse (D:\Proyectos\HR-Library\node_modules\handlebars\dist\cjs\  handlebars\compiler\parser.js:336:30)
      at parseWithoutProcessing (D:\Proyectos\HR-Library\node_modules\handlebars  \dist\cjs\handlebars\compiler\base.js:46:33)
      at HandlebarsEnvironment.parse (D:\Proyectos\HR-Library\node_modules\handl  ebars\dist\cjs\handlebars\compiler\base.js:52:13)
      at compile (D:\Proyectos\HR-Library\node_modules\handlebars-loader\index.j  s:234:18)
      at module.exports (D:\Proyectos\HR-Library\node_modules\handlebars-loader\  index.js:461:5)
      at processResult (D:\Proyectos\HR-Library\node_modules\webpack\lib\NormalM  odule.js:764:19)
      at D:\Proyectos\HR-Library\node_modules\webpack\lib\NormalModule.js:866:5
      at D:\Proyectos\HR-Library\node_modules\loader-runner\lib\LoaderRunner.js:  499:11
      at runSyncOrAsyncCallback (D:\Proyectos\HR-Library\node_modules\loader-run  ner\lib\LoaderRunner.js:259:19)
      at innerCallback (D:\Proyectos\HR-Library\node_modules\loader-runner\lib\L  oaderRunner.js:175:13)
      at compile (D:\Proyectos\HR-Library\node_modules\handlebars-loader\index.j  s:238:14)
      at module.exports (D:\Proyectos\HR-Library\node_modules\handlebars-loader\  index.js:461:5)
      at LOADER_EXECUTION (D:\Proyectos\HR-Library\node_modules\loader-runner\li  b\LoaderRunner.js:195:14)
      at runSyncOrAsync (D:\Proyectos\HR-Library\node_modules\loader-runner\lib\  LoaderRunner.js:196:5)
      at iterateNormalLoaders (D:\Proyectos\HR-Library\node_modules\loader-runne  r\lib\LoaderRunner.js:258:2)
  Module build [1m[31mfailed[39m[22m[1m (from ./node_modules/handlebars-loader/index.js):
  [1m[31mError[39m[22m[1m: Parse [1m[31merror[39m[22m[1m on line 97:
  ...{{/layout-main}}{{/layout-main}}
  -------------------^
  Expecting 'EOF', got 'OPEN_ENDBLOCK'
      at Parser.parseError (D:\Proyectos\HR-Library\node_modules\handlebars\dist  \cjs\handlebars\compiler\parser.js:267:19)
      at Parser.parse (D:\Proyectos\HR-Library\node_modules\handlebars\dist\cjs\  handlebars\compiler\parser.js:336:30)
      at parseWithoutProcessing (D:\Proyectos\HR-Library\node_modules\handlebars  \dist\cjs\handlebars\compiler\base.js:46:33)
      at HandlebarsEnvironment.parse (D:\Proyectos\HR-Library\node_modules\handl  ebars\dist\cjs\handlebars\compiler\base.js:52:13)
      at compile (D:\Proyectos\HR-Library\node_modules\handlebars-loader\index.j  s:234:18)
      at module.exports (D:\Proyectos\HR-Library\node_modules\handlebars-loader\  index.js:461:5)
  ModuleBuildError: Module build [1m[31mfailed[39m[22m[1m (from ./node_modules/handlebars-loader/i  ndex.js):
  [1m[31mError[39m[22m[1m: Parse [1m[31merror[39m[22m[1m on line 97:
  ...{{/layout-main}}{{/layout-main}}
  -------------------^
  Expecting 'EOF', got 'OPEN_ENDBLOCK'
      at Parser.parseError (D:\Proyectos\HR-Library\node_modules\handlebars\dist  \cjs\handlebars\compiler\parser.js:267:19)
      at Parser.parse (D:\Proyectos\HR-Library\node_modules\handlebars\dist\cjs\  handlebars\compiler\parser.js:336:30)
      at parseWithoutProcessing (D:\Proyectos\HR-Library\node_modules\handlebars  \dist\cjs\handlebars\compiler\base.js:46:33)
      at HandlebarsEnvironment.parse (D:\Proyectos\HR-Library\node_modules\handl  ebars\dist\cjs\handlebars\compiler\base.js:52:13)
      at compile (D:\Proyectos\HR-Library\node_modules\handlebars-loader\index.j  s:234:18)
      at module.exports (D:\Proyectos\HR-Library\node_modules\handlebars-loader\  index.js:461:5)
      at processResult (D:\Proyectos\HR-Library\node_modules\webpack\lib\NormalM  odule.js:764:19)
      at D:\Proyectos\HR-Library\node_modules\webpack\lib\NormalModule.js:866:5
      at D:\Proyectos\HR-Library\node_modules\loader-runner\lib\LoaderRunner.js:  499:11
      at runSyncOrAsyncCallback (D:\Proyectos\HR-Library\node_modules\loader-run  ner\lib\LoaderRunner.js:259:19)
      at innerCallback (D:\Proyectos\HR-Library\node_modules\loader-runner\lib\L  oaderRunner.js:175:13)
      at compile (D:\Proyectos\HR-Library\node_modules\handlebars-loader\index.j  s:238:14)
      at module.exports (D:\Proyectos\HR-Library\node_modules\handlebars-loader\  index.js:461:5)
      at LOADER_EXECUTION (D:\Proyectos\HR-Library\node_modules\loader-runner\li  b\LoaderRunner.js:195:14)
      at runSyncOrAsync (D:\Proyectos\HR-Library\node_modules\loader-runner\lib\  LoaderRunner.js:196:5)
      at iterateNormalLoaders (D:\Proyectos\HR-Library\node_modules\loader-runne  r\lib\LoaderRunner.js:258:2)
  Module build [1m[31mfailed[39m[22m[1m (from ./node_modules/handlebars-loader/index.js):
  [1m[31mError[39m[22m[1m: Parse [1m[31merror[39m[22m[1m on line 146:
  ...{{/layout-main}}{{/layout-main}}
  -------------------^
  Expecting 'EOF', got 'OPEN_ENDBLOCK'
      at Parser.parseError (D:\Proyectos\HR-Library\node_modules\handlebars\dist  \cjs\handlebars\compiler\parser.js:267:19)
      at Parser.parse (D:\Proyectos\HR-Library\node_modules\handlebars\dist\cjs\  handlebars\compiler\parser.js:336:30)
      at parseWithoutProcessing (D:\Proyectos\HR-Library\node_modules\handlebars  \dist\cjs\handlebars\compiler\base.js:46:33)
      at HandlebarsEnvironment.parse (D:\Proyectos\HR-Library\node_modules\handl  ebars\dist\cjs\handlebars\compiler\base.js:52:13)
      at compile (D:\Proyectos\HR-Library\node_modules\handlebars-loader\index.j  s:234:18)
      at module.exports (D:\Proyectos\HR-Library\node_modules\handlebars-loader\  index.js:461:5)
  ModuleBuildError: Module build [1m[31mfailed[39m[22m[1m (from ./node_modules/handlebars-loader/i  ndex.js):
  [1m[31mError[39m[22m[1m: Parse [1m[31merror[39m[22m[1m on line 146:
  ...{{/layout-main}}{{/layout-main}}
  -------------------^
  Expecting 'EOF', got 'OPEN_ENDBLOCK'
      at Parser.parseError (D:\Proyectos\HR-Library\node_modules\handlebars\dist  \cjs\handlebars\compiler\parser.js:267:19)
      at Parser.parse (D:\Proyectos\HR-Library\node_modules\handlebars\dist\cjs\  handlebars\compiler\parser.js:336:30)
      at parseWithoutProcessing (D:\Proyectos\HR-Library\node_modules\handlebars  \dist\cjs\handlebars\compiler\base.js:46:33)
      at HandlebarsEnvironment.parse (D:\Proyectos\HR-Library\node_modules\handl  ebars\dist\cjs\handlebars\compiler\base.js:52:13)
      at compile (D:\Proyectos\HR-Library\node_modules\handlebars-loader\index.j  s:234:18)
      at module.exports (D:\Proyectos\HR-Library\node_modules\handlebars-loader\  index.js:461:5)
      at processResult (D:\Proyectos\HR-Library\node_modules\webpack\lib\NormalM  odule.js:764:19)
      at D:\Proyectos\HR-Library\node_modules\webpack\lib\NormalModule.js:866:5
      at D:\Proyectos\HR-Library\node_modules\loader-runner\lib\LoaderRunner.js:  499:11
      at runSyncOrAsyncCallback (D:\Proyectos\HR-Library\node_modules\loader-run  ner\lib\LoaderRunner.js:259:19)
      at innerCallback (D:\Proyectos\HR-Library\node_modules\loader-runner\lib\L  oaderRunner.js:175:13)
      at compile (D:\Proyectos\HR-Library\node_modules\handlebars-loader\index.j  s:238:14)
      at module.exports (D:\Proyectos\HR-Library\node_modules\handlebars-loader\  index.js:461:5)
      at LOADER_EXECUTION (D:\Proyectos\HR-Library\node_modules\loader-runner\li  b\LoaderRunner.js:195:14)
      at runSyncOrAsync (D:\Proyectos\HR-Library\node_modules\loader-runner\lib\  LoaderRunner.js:196:5)
      at iterateNormalLoaders (D:\Proyectos\HR-Library\node_modules\loader-runne  r\lib\LoaderRunner.js:258:2)
  Module build [1m[31mfailed[39m[22m[1m (from ./node_modules/handlebars-loader/index.js):
  [1m[31mError[39m[22m[1m: Parse [1m[31merror[39m[22m[1m on line 183:
  ...{{/layout-main}}{{/layout-main}}
  -------------------^
  Expecting 'EOF', got 'OPEN_ENDBLOCK'
      at Parser.parseError (D:\Proyectos\HR-Library\node_modules\handlebars\dist  \cjs\handlebars\compiler\parser.js:267:19)
      at Parser.parse (D:\Proyectos\HR-Library\node_modules\handlebars\dist\cjs\  handlebars\compiler\parser.js:336:30)
      at parseWithoutProcessing (D:\Proyectos\HR-Library\node_modules\handlebars  \dist\cjs\handlebars\compiler\base.js:46:33)
      at HandlebarsEnvironment.parse (D:\Proyectos\HR-Library\node_modules\handl  ebars\dist\cjs\handlebars\compiler\base.js:52:13)
      at compile (D:\Proyectos\HR-Library\node_modules\handlebars-loader\index.j  s:234:18)
      at module.exports (D:\Proyectos\HR-Library\node_modules\handlebars-loader\  index.js:461:5)
  ModuleBuildError: Module build [1m[31mfailed[39m[22m[1m (from ./node_modules/handlebars-loader/i  ndex.js):
  [1m[31mError[39m[22m[1m: Parse [1m[31merror[39m[22m[1m on line 183:
  ...{{/layout-main}}{{/layout-main}}
  -------------------^
  Expecting 'EOF', got 'OPEN_ENDBLOCK'
      at Parser.parseError (D:\Proyectos\HR-Library\node_modules\handlebars\dist  \cjs\handlebars\compiler\parser.js:267:19)
      at Parser.parse (D:\Proyectos\HR-Library\node_modules\handlebars\dist\cjs\  handlebars\compiler\parser.js:336:30)
      at parseWithoutProcessing (D:\Proyectos\HR-Library\node_modules\handlebars  \dist\cjs\handlebars\compiler\base.js:46:33)
      at HandlebarsEnvironment.parse (D:\Proyectos\HR-Library\node_modules\handl  ebars\dist\cjs\handlebars\compiler\base.js:52:13)
      at compile (D:\Proyectos\HR-Library\node_modules\handlebars-loader\index.j  s:234:18)
      at module.exports (D:\Proyectos\HR-Library\node_modules\handlebars-loader\  index.js:461:5)
      at processResult (D:\Proyectos\HR-Library\node_modules\webpack\lib\NormalM  odule.js:764:19)
      at D:\Proyectos\HR-Library\node_modules\webpack\lib\NormalModule.js:866:5
      at D:\Proyectos\HR-Library\node_modules\loader-runner\lib\LoaderRunner.js:  499:11
      at runSyncOrAsyncCallback (D:\Proyectos\HR-Library\node_modules\loader-run  ner\lib\LoaderRunner.js:259:19)
      at innerCallback (D:\Proyectos\HR-Library\node_modules\loader-runner\lib\L  oaderRunner.js:175:13)
      at compile (D:\Proyectos\HR-Library\node_modules\handlebars-loader\index.j  s:238:14)
      at module.exports (D:\Proyectos\HR-Library\node_modules\handlebars-loader\  index.js:461:5)
      at LOADER_EXECUTION (D:\Proyectos\HR-Library\node_modules\loader-runner\li  b\LoaderRunner.js:195:14)
      at runSyncOrAsync (D:\Proyectos\HR-Library\node_modules\loader-runner\lib\  LoaderRunner.js:196:5)
      at iterateNormalLoaders (D:\Proyectos\HR-Library\node_modules\loader-runne  r\lib\LoaderRunner.js:258:2)
  Module build [1m[31mfailed[39m[22m[1m (from ./node_modules/handlebars-loader/index.js):
  [1m[31mError[39m[22m[1m: Parse [1m[31merror[39m[22m[1m on line 216:
  ...{{/layout-main}}{{/layout-main}}
  -------------------^
  Expecting 'EOF', got 'OPEN_ENDBLOCK'
      at Parser.parseError (D:\Proyectos\HR-Library\node_modules\handlebars\dist  \cjs\handlebars\compiler\parser.js:267:19)
      at Parser.parse (D:\Proyectos\HR-Library\node_modules\handlebars\dist\cjs\  handlebars\compiler\parser.js:336:30)
      at parseWithoutProcessing (D:\Proyectos\HR-Library\node_modules\handlebars  \dist\cjs\handlebars\compiler\base.js:46:33)
      at HandlebarsEnvironment.parse (D:\Proyectos\HR-Library\node_modules\handl  ebars\dist\cjs\handlebars\compiler\base.js:52:13)
      at compile (D:\Proyectos\HR-Library\node_modules\handlebars-loader\index.j  s:234:18)
      at module.exports (D:\Proyectos\HR-Library\node_modules\handlebars-loader\  index.js:461:5)
  ModuleBuildError: Module build [1m[31mfailed[39m[22m[1m (from ./node_modules/handlebars-loader/i  ndex.js):
  [1m[31mError[39m[22m[1m: Parse [1m[31merror[39m[22m[1m on line 216:
  ...{{/layout-main}}{{/layout-main}}
  -------------------^
  Expecting 'EOF', got 'OPEN_ENDBLOCK'
      at Parser.parseError (D:\Proyectos\HR-Library\node_modules\handlebars\dist  \cjs\handlebars\compiler\parser.js:267:19)
      at Parser.parse (D:\Proyectos\HR-Library\node_modules\handlebars\dist\cjs\  handlebars\compiler\parser.js:336:30)
      at parseWithoutProcessing (D:\Proyectos\HR-Library\node_modules\handlebars  \dist\cjs\handlebars\compiler\base.js:46:33)
      at HandlebarsEnvironment.parse (D:\Proyectos\HR-Library\node_modules\handl  ebars\dist\cjs\handlebars\compiler\base.js:52:13)
      at compile (D:\Proyectos\HR-Library\node_modules\handlebars-loader\index.j  s:234:18)
      at module.exports (D:\Proyectos\HR-Library\node_modules\handlebars-loader\  index.js:461:5)
      at processResult (D:\Proyectos\HR-Library\node_modules\webpack\lib\NormalM  odule.js:764:19)
      at D:\Proyectos\HR-Library\node_modules\webpack\lib\NormalModule.js:866:5
      at D:\Proyectos\HR-Library\node_modules\loader-runner\lib\LoaderRunner.js:  499:11
      at runSyncOrAsyncCallback (D:\Proyectos\HR-Library\node_modules\loader-run  ner\lib\LoaderRunner.js:259:19)
      at innerCallback (D:\Proyectos\HR-Library\node_modules\loader-runner\lib\L  oaderRunner.js:175:13)
      at compile (D:\Proyectos\HR-Library\node_modules\handlebars-loader\index.j  s:238:14)
      at module.exports (D:\Proyectos\HR-Library\node_modules\handlebars-loader\  index.js:461:5)
      at LOADER_EXECUTION (D:\Proyectos\HR-Library\node_modules\loader-runner\li  b\LoaderRunner.js:195:14)
      at runSyncOrAsync (D:\Proyectos\HR-Library\node_modules\loader-runner\lib\  LoaderRunner.js:196:5)
      at iterateNormalLoaders (D:\Proyectos\HR-Library\node_modules\loader-runne  r\lib\LoaderRunner.js:258:2)
  
  - parser.js:267 Parser.parseError
    [HR-Library]/[handlebars]/dist/cjs/handlebars/compiler/parser.js:267:19
  
  - parser.js:336 Parser.parse
    [HR-Library]/[handlebars]/dist/cjs/handlebars/compiler/parser.js:336:30
  
  - base.js:46 parseWithoutProcessing
    [HR-Library]/[handlebars]/dist/cjs/handlebars/compiler/base.js:46:33
  
  - base.js:52 HandlebarsEnvironment.parse
    [HR-Library]/[handlebars]/dist/cjs/handlebars/compiler/base.js:52:13
  
  - index.js:234 compile
    [HR-Library]/[handlebars-loader]/index.js:234:18
  
  - index.js:461 module.exports
    [HR-Library]/[handlebars-loader]/index.js:461:5
  
  - ModuleBuildError: Module build [1m[31mfailed[39m[22m[1m (from ./node_modules/handlebars-loader    /index.js):
  
  - [1m[31mError[39m[22m[1m: Parse [1m[31merror[39m[22m[1m on line 68:
  
  - ...{{/layout-main}}{{/layout-main}}
  
  - -------------------^
  
  - Expecting 'EOF', got 'OPEN_ENDBLOCK'
  
  - parser.js:267 Parser.parseError
    [HR-Library]/[handlebars]/dist/cjs/handlebars/compiler/parser.js:267:19
  
  - parser.js:336 Parser.parse
    [HR-Library]/[handlebars]/dist/cjs/handlebars/compiler/parser.js:336:30
  
  - base.js:46 parseWithoutProcessing
    [HR-Library]/[handlebars]/dist/cjs/handlebars/compiler/base.js:46:33
  
  - base.js:52 HandlebarsEnvironment.parse
    [HR-Library]/[handlebars]/dist/cjs/handlebars/compiler/base.js:52:13
  
  - index.js:234 compile
    [HR-Library]/[handlebars-loader]/index.js:234:18
  
  - index.js:461 module.exports
    [HR-Library]/[handlebars-loader]/index.js:461:5
  
  - NormalModule.js:764 processResult
    [HR-Library]/[webpack]/lib/NormalModule.js:764:19
  
  - NormalModule.js:866 
    [HR-Library]/[webpack]/lib/NormalModule.js:866:5
  
  - LoaderRunner.js:499 
    [HR-Library]/[loader-runner]/lib/LoaderRunner.js:499:11
  
  - LoaderRunner.js:259 runSyncOrAsyncCallback
    [HR-Library]/[loader-runner]/lib/LoaderRunner.js:259:19
  
  - LoaderRunner.js:175 innerCallback
    [HR-Library]/[loader-runner]/lib/LoaderRunner.js:175:13
  
  - index.js:238 compile
    [HR-Library]/[handlebars-loader]/index.js:238:14
  
  - index.js:461 module.exports
    [HR-Library]/[handlebars-loader]/index.js:461:5
  
  - LoaderRunner.js:195 LOADER_EXECUTION
    [HR-Library]/[loader-runner]/lib/LoaderRunner.js:195:14
  
  - LoaderRunner.js:196 runSyncOrAsync
    [HR-Library]/[loader-runner]/lib/LoaderRunner.js:196:5
  
  - LoaderRunner.js:258 iterateNormalLoaders
    [HR-Library]/[loader-runner]/lib/LoaderRunner.js:258:2
  
  - Module build [1m[31mfailed[39m[22m[1m (from ./node_modules/handlebars-loader/index.js):
  
  - [1m[31mError[39m[22m[1m: Parse [1m[31merror[39m[22m[1m on line 201:
  
  - ...{{/layout-main}}{{/layout-main}}
  
  - -------------------^
  
  - Expecting 'EOF', got 'OPEN_ENDBLOCK'
  
  - parser.js:267 Parser.parseError
    [HR-Library]/[handlebars]/dist/cjs/handlebars/compiler/parser.js:267:19
  
  - parser.js:336 Parser.parse
    [HR-Library]/[handlebars]/dist/cjs/handlebars/compiler/parser.js:336:30
  
  - base.js:46 parseWithoutProcessing
    [HR-Library]/[handlebars]/dist/cjs/handlebars/compiler/base.js:46:33
  
  - base.js:52 HandlebarsEnvironment.parse
    [HR-Library]/[handlebars]/dist/cjs/handlebars/compiler/base.js:52:13
  
  - index.js:234 compile
    [HR-Library]/[handlebars-loader]/index.js:234:18
  
  - index.js:461 module.exports
    [HR-Library]/[handlebars-loader]/index.js:461:5
  
  - ModuleBuildError: Module build [1m[31mfailed[39m[22m[1m (from ./node_modules/handlebars-loader    /index.js):
  
  - [1m[31mError[39m[22m[1m: Parse [1m[31merror[39m[22m[1m on line 201:
  
  - ...{{/layout-main}}{{/layout-main}}
  
  - -------------------^
  
  - Expecting 'EOF', got 'OPEN_ENDBLOCK'
  
  - parser.js:267 Parser.parseError
    [HR-Library]/[handlebars]/dist/cjs/handlebars/compiler/parser.js:267:19
  
  - parser.js:336 Parser.parse
    [HR-Library]/[handlebars]/dist/cjs/handlebars/compiler/parser.js:336:30
  
  - base.js:46 parseWithoutProcessing
    [HR-Library]/[handlebars]/dist/cjs/handlebars/compiler/base.js:46:33
  
  - base.js:52 HandlebarsEnvironment.parse
    [HR-Library]/[handlebars]/dist/cjs/handlebars/compiler/base.js:52:13
  
  - index.js:234 compile
    [HR-Library]/[handlebars-loader]/index.js:234:18
  
  - index.js:461 module.exports
    [HR-Library]/[handlebars-loader]/index.js:461:5
  
  - NormalModule.js:764 processResult
    [HR-Library]/[webpack]/lib/NormalModule.js:764:19
  
  - NormalModule.js:866 
    [HR-Library]/[webpack]/lib/NormalModule.js:866:5
  
[39m[22m

[1m[31mERROR[39m[22m in [1m  [1m[31mError[39m[22m[1m: Child compilation [1m[31mfailed[39m[22m[1m:
  Module build [1m[31mfailed[39m[22m[1m (from ./node_modules/handlebars-loader/index.js):
  [1m[31mError[39m[22m[1m: Parse [1m[31merror[39m[22m[1m on line 68:
  ...{{/layout-main}}{{/layout-main}}
  -------------------^
  Expecting 'EOF', got 'OPEN_ENDBLOCK'
      at Parser.parseError (D:\Proyectos\HR-Library\node_modules\handlebars\dist  \cjs\handlebars\compiler\parser.js:267:19)
      at Parser.parse (D:\Proyectos\HR-Library\node_modules\handlebars\dist\cjs\  handlebars\compiler\parser.js:336:30)
      at parseWithoutProcessing (D:\Proyectos\HR-Library\node_modules\handlebars  \dist\cjs\handlebars\compiler\base.js:46:33)
      at HandlebarsEnvironment.parse (D:\Proyectos\HR-Library\node_modules\handl  ebars\dist\cjs\handlebars\compiler\base.js:52:13)
      at compile (D:\Proyectos\HR-Library\node_modules\handlebars-loader\index.j  s:234:18)
      at module.exports (D:\Proyectos\HR-Library\node_modules\handlebars-loader\  index.js:461:5)
  ModuleBuildError: Module build [1m[31mfailed[39m[22m[1m (from ./node_modules/handlebars-loader/i  ndex.js):
  [1m[31mError[39m[22m[1m: Parse [1m[31merror[39m[22m[1m on line 68:
  ...{{/layout-main}}{{/layout-main}}
  -------------------^
  Expecting 'EOF', got 'OPEN_ENDBLOCK'
      at Parser.parseError (D:\Proyectos\HR-Library\node_modules\handlebars\dist  \cjs\handlebars\compiler\parser.js:267:19)
      at Parser.parse (D:\Proyectos\HR-Library\node_modules\handlebars\dist\cjs\  handlebars\compiler\parser.js:336:30)
      at parseWithoutProcessing (D:\Proyectos\HR-Library\node_modules\handlebars  \dist\cjs\handlebars\compiler\base.js:46:33)
      at HandlebarsEnvironment.parse (D:\Proyectos\HR-Library\node_modules\handl  ebars\dist\cjs\handlebars\compiler\base.js:52:13)
      at compile (D:\Proyectos\HR-Library\node_modules\handlebars-loader\index.j  s:234:18)
      at module.exports (D:\Proyectos\HR-Library\node_modules\handlebars-loader\  index.js:461:5)
      at processResult (D:\Proyectos\HR-Library\node_modules\webpack\lib\NormalM  odule.js:764:19)
      at D:\Proyectos\HR-Library\node_modules\webpack\lib\NormalModule.js:866:5
      at D:\Proyectos\HR-Library\node_modules\loader-runner\lib\LoaderRunner.js:  499:11
      at runSyncOrAsyncCallback (D:\Proyectos\HR-Library\node_modules\loader-run  ner\lib\LoaderRunner.js:259:19)
      at innerCallback (D:\Proyectos\HR-Library\node_modules\loader-runner\lib\L  oaderRunner.js:175:13)
      at compile (D:\Proyectos\HR-Library\node_modules\handlebars-loader\index.j  s:238:14)
      at module.exports (D:\Proyectos\HR-Library\node_modules\handlebars-loader\  index.js:461:5)
      at LOADER_EXECUTION (D:\Proyectos\HR-Library\node_modules\loader-runner\li  b\LoaderRunner.js:195:14)
      at runSyncOrAsync (D:\Proyectos\HR-Library\node_modules\loader-runner\lib\  LoaderRunner.js:196:5)
      at iterateNormalLoaders (D:\Proyectos\HR-Library\node_modules\loader-runne  r\lib\LoaderRunner.js:258:2)
  Module build [1m[31mfailed[39m[22m[1m (from ./node_modules/handlebars-loader/index.js):
  [1m[31mError[39m[22m[1m: Parse [1m[31merror[39m[22m[1m on line 201:
  ...{{/layout-main}}{{/layout-main}}
  -------------------^
  Expecting 'EOF', got 'OPEN_ENDBLOCK'
      at Parser.parseError (D:\Proyectos\HR-Library\node_modules\handlebars\dist  \cjs\handlebars\compiler\parser.js:267:19)
      at Parser.parse (D:\Proyectos\HR-Library\node_modules\handlebars\dist\cjs\  handlebars\compiler\parser.js:336:30)
      at parseWithoutProcessing (D:\Proyectos\HR-Library\node_modules\handlebars  \dist\cjs\handlebars\compiler\base.js:46:33)
      at HandlebarsEnvironment.parse (D:\Proyectos\HR-Library\node_modules\handl  ebars\dist\cjs\handlebars\compiler\base.js:52:13)
      at compile (D:\Proyectos\HR-Library\node_modules\handlebars-loader\index.j  s:234:18)
      at module.exports (D:\Proyectos\HR-Library\node_modules\handlebars-loader\  index.js:461:5)
  ModuleBuildError: Module build [1m[31mfailed[39m[22m[1m (from ./node_modules/handlebars-loader/i  ndex.js):
  [1m[31mError[39m[22m[1m: Parse [1m[31merror[39m[22m[1m on line 201:
  ...{{/layout-main}}{{/layout-main}}
  -------------------^
  Expecting 'EOF', got 'OPEN_ENDBLOCK'
      at Parser.parseError (D:\Proyectos\HR-Library\node_modules\handlebars\dist  \cjs\handlebars\compiler\parser.js:267:19)
      at Parser.parse (D:\Proyectos\HR-Library\node_modules\handlebars\dist\cjs\  handlebars\compiler\parser.js:336:30)
      at parseWithoutProcessing (D:\Proyectos\HR-Library\node_modules\handlebars  \dist\cjs\handlebars\compiler\base.js:46:33)
      at HandlebarsEnvironment.parse (D:\Proyectos\HR-Library\node_modules\handl  ebars\dist\cjs\handlebars\compiler\base.js:52:13)
      at compile (D:\Proyectos\HR-Library\node_modules\handlebars-loader\index.j  s:234:18)
      at module.exports (D:\Proyectos\HR-Library\node_modules\handlebars-loader\  index.js:461:5)
      at processResult (D:\Proyectos\HR-Library\node_modules\webpack\lib\NormalM  odule.js:764:19)
      at D:\Proyectos\HR-Library\node_modules\webpack\lib\NormalModule.js:866:5
      at D:\Proyectos\HR-Library\node_modules\loader-runner\lib\LoaderRunner.js:  499:11
      at runSyncOrAsyncCallback (D:\Proyectos\HR-Library\node_modules\loader-run  ner\lib\LoaderRunner.js:259:19)
      at innerCallback (D:\Proyectos\HR-Library\node_modules\loader-runner\lib\L  oaderRunner.js:175:13)
      at compile (D:\Proyectos\HR-Library\node_modules\handlebars-loader\index.j  s:238:14)
      at module.exports (D:\Proyectos\HR-Library\node_modules\handlebars-loader\  index.js:461:5)
      at LOADER_EXECUTION (D:\Proyectos\HR-Library\node_modules\loader-runner\li  b\LoaderRunner.js:195:14)
      at runSyncOrAsync (D:\Proyectos\HR-Library\node_modules\loader-runner\lib\  LoaderRunner.js:196:5)
      at iterateNormalLoaders (D:\Proyectos\HR-Library\node_modules\loader-runne  r\lib\LoaderRunner.js:258:2)
  Module build [1m[31mfailed[39m[22m[1m (from ./node_modules/handlebars-loader/index.js):
  [1m[31mError[39m[22m[1m: Parse [1m[31merror[39m[22m[1m on line 97:
  ...{{/layout-main}}{{/layout-main}}
  -------------------^
  Expecting 'EOF', got 'OPEN_ENDBLOCK'
      at Parser.parseError (D:\Proyectos\HR-Library\node_modules\handlebars\dist  \cjs\handlebars\compiler\parser.js:267:19)
      at Parser.parse (D:\Proyectos\HR-Library\node_modules\handlebars\dist\cjs\  handlebars\compiler\parser.js:336:30)
      at parseWithoutProcessing (D:\Proyectos\HR-Library\node_modules\handlebars  \dist\cjs\handlebars\compiler\base.js:46:33)
      at HandlebarsEnvironment.parse (D:\Proyectos\HR-Library\node_modules\handl  ebars\dist\cjs\handlebars\compiler\base.js:52:13)
      at compile (D:\Proyectos\HR-Library\node_modules\handlebars-loader\index.j  s:234:18)
      at module.exports (D:\Proyectos\HR-Library\node_modules\handlebars-loader\  index.js:461:5)
  ModuleBuildError: Module build [1m[31mfailed[39m[22m[1m (from ./node_modules/handlebars-loader/i  ndex.js):
  [1m[31mError[39m[22m[1m: Parse [1m[31merror[39m[22m[1m on line 97:
  ...{{/layout-main}}{{/layout-main}}
  -------------------^
  Expecting 'EOF', got 'OPEN_ENDBLOCK'
      at Parser.parseError (D:\Proyectos\HR-Library\node_modules\handlebars\dist  \cjs\handlebars\compiler\parser.js:267:19)
      at Parser.parse (D:\Proyectos\HR-Library\node_modules\handlebars\dist\cjs\  handlebars\compiler\parser.js:336:30)
      at parseWithoutProcessing (D:\Proyectos\HR-Library\node_modules\handlebars  \dist\cjs\handlebars\compiler\base.js:46:33)
      at HandlebarsEnvironment.parse (D:\Proyectos\HR-Library\node_modules\handl  ebars\dist\cjs\handlebars\compiler\base.js:52:13)
      at compile (D:\Proyectos\HR-Library\node_modules\handlebars-loader\index.j  s:234:18)
      at module.exports (D:\Proyectos\HR-Library\node_modules\handlebars-loader\  index.js:461:5)
      at processResult (D:\Proyectos\HR-Library\node_modules\webpack\lib\NormalM  odule.js:764:19)
      at D:\Proyectos\HR-Library\node_modules\webpack\lib\NormalModule.js:866:5
      at D:\Proyectos\HR-Library\node_modules\loader-runner\lib\LoaderRunner.js:  499:11
      at runSyncOrAsyncCallback (D:\Proyectos\HR-Library\node_modules\loader-run  ner\lib\LoaderRunner.js:259:19)
      at innerCallback (D:\Proyectos\HR-Library\node_modules\loader-runner\lib\L  oaderRunner.js:175:13)
      at compile (D:\Proyectos\HR-Library\node_modules\handlebars-loader\index.j  s:238:14)
      at module.exports (D:\Proyectos\HR-Library\node_modules\handlebars-loader\  index.js:461:5)
      at LOADER_EXECUTION (D:\Proyectos\HR-Library\node_modules\loader-runner\li  b\LoaderRunner.js:195:14)
      at runSyncOrAsync (D:\Proyectos\HR-Library\node_modules\loader-runner\lib\  LoaderRunner.js:196:5)
      at iterateNormalLoaders (D:\Proyectos\HR-Library\node_modules\loader-runne  r\lib\LoaderRunner.js:258:2)
  Module build [1m[31mfailed[39m[22m[1m (from ./node_modules/handlebars-loader/index.js):
  [1m[31mError[39m[22m[1m: Parse [1m[31merror[39m[22m[1m on line 146:
  ...{{/layout-main}}{{/layout-main}}
  -------------------^
  Expecting 'EOF', got 'OPEN_ENDBLOCK'
      at Parser.parseError (D:\Proyectos\HR-Library\node_modules\handlebars\dist  \cjs\handlebars\compiler\parser.js:267:19)
      at Parser.parse (D:\Proyectos\HR-Library\node_modules\handlebars\dist\cjs\  handlebars\compiler\parser.js:336:30)
      at parseWithoutProcessing (D:\Proyectos\HR-Library\node_modules\handlebars  \dist\cjs\handlebars\compiler\base.js:46:33)
      at HandlebarsEnvironment.parse (D:\Proyectos\HR-Library\node_modules\handl  ebars\dist\cjs\handlebars\compiler\base.js:52:13)
      at compile (D:\Proyectos\HR-Library\node_modules\handlebars-loader\index.j  s:234:18)
      at module.exports (D:\Proyectos\HR-Library\node_modules\handlebars-loader\  index.js:461:5)
  ModuleBuildError: Module build [1m[31mfailed[39m[22m[1m (from ./node_modules/handlebars-loader/i  ndex.js):
  [1m[31mError[39m[22m[1m: Parse [1m[31merror[39m[22m[1m on line 146:
  ...{{/layout-main}}{{/layout-main}}
  -------------------^
  Expecting 'EOF', got 'OPEN_ENDBLOCK'
      at Parser.parseError (D:\Proyectos\HR-Library\node_modules\handlebars\dist  \cjs\handlebars\compiler\parser.js:267:19)
      at Parser.parse (D:\Proyectos\HR-Library\node_modules\handlebars\dist\cjs\  handlebars\compiler\parser.js:336:30)
      at parseWithoutProcessing (D:\Proyectos\HR-Library\node_modules\handlebars  \dist\cjs\handlebars\compiler\base.js:46:33)
      at HandlebarsEnvironment.parse (D:\Proyectos\HR-Library\node_modules\handl  ebars\dist\cjs\handlebars\compiler\base.js:52:13)
      at compile (D:\Proyectos\HR-Library\node_modules\handlebars-loader\index.j  s:234:18)
      at module.exports (D:\Proyectos\HR-Library\node_modules\handlebars-loader\  index.js:461:5)
      at processResult (D:\Proyectos\HR-Library\node_modules\webpack\lib\NormalM  odule.js:764:19)
      at D:\Proyectos\HR-Library\node_modules\webpack\lib\NormalModule.js:866:5
      at D:\Proyectos\HR-Library\node_modules\loader-runner\lib\LoaderRunner.js:  499:11
      at runSyncOrAsyncCallback (D:\Proyectos\HR-Library\node_modules\loader-run  ner\lib\LoaderRunner.js:259:19)
      at innerCallback (D:\Proyectos\HR-Library\node_modules\loader-runner\lib\L  oaderRunner.js:175:13)
      at compile (D:\Proyectos\HR-Library\node_modules\handlebars-loader\index.j  s:238:14)
      at module.exports (D:\Proyectos\HR-Library\node_modules\handlebars-loader\  index.js:461:5)
      at LOADER_EXECUTION (D:\Proyectos\HR-Library\node_modules\loader-runner\li  b\LoaderRunner.js:195:14)
      at runSyncOrAsync (D:\Proyectos\HR-Library\node_modules\loader-runner\lib\  LoaderRunner.js:196:5)
      at iterateNormalLoaders (D:\Proyectos\HR-Library\node_modules\loader-runne  r\lib\LoaderRunner.js:258:2)
  Module build [1m[31mfailed[39m[22m[1m (from ./node_modules/handlebars-loader/index.js):
  [1m[31mError[39m[22m[1m: Parse [1m[31merror[39m[22m[1m on line 183:
  ...{{/layout-main}}{{/layout-main}}
  -------------------^
  Expecting 'EOF', got 'OPEN_ENDBLOCK'
      at Parser.parseError (D:\Proyectos\HR-Library\node_modules\handlebars\dist  \cjs\handlebars\compiler\parser.js:267:19)
      at Parser.parse (D:\Proyectos\HR-Library\node_modules\handlebars\dist\cjs\  handlebars\compiler\parser.js:336:30)
      at parseWithoutProcessing (D:\Proyectos\HR-Library\node_modules\handlebars  \dist\cjs\handlebars\compiler\base.js:46:33)
      at HandlebarsEnvironment.parse (D:\Proyectos\HR-Library\node_modules\handl  ebars\dist\cjs\handlebars\compiler\base.js:52:13)
      at compile (D:\Proyectos\HR-Library\node_modules\handlebars-loader\index.j  s:234:18)
      at module.exports (D:\Proyectos\HR-Library\node_modules\handlebars-loader\  index.js:461:5)
  ModuleBuildError: Module build [1m[31mfailed[39m[22m[1m (from ./node_modules/handlebars-loader/i  ndex.js):
  [1m[31mError[39m[22m[1m: Parse [1m[31merror[39m[22m[1m on line 183:
  ...{{/layout-main}}{{/layout-main}}
  -------------------^
  Expecting 'EOF', got 'OPEN_ENDBLOCK'
      at Parser.parseError (D:\Proyectos\HR-Library\node_modules\handlebars\dist  \cjs\handlebars\compiler\parser.js:267:19)
      at Parser.parse (D:\Proyectos\HR-Library\node_modules\handlebars\dist\cjs\  handlebars\compiler\parser.js:336:30)
      at parseWithoutProcessing (D:\Proyectos\HR-Library\node_modules\handlebars  \dist\cjs\handlebars\compiler\base.js:46:33)
      at HandlebarsEnvironment.parse (D:\Proyectos\HR-Library\node_modules\handl  ebars\dist\cjs\handlebars\compiler\base.js:52:13)
      at compile (D:\Proyectos\HR-Library\node_modules\handlebars-loader\index.j  s:234:18)
      at module.exports (D:\Proyectos\HR-Library\node_modules\handlebars-loader\  index.js:461:5)
      at processResult (D:\Proyectos\HR-Library\node_modules\webpack\lib\NormalM  odule.js:764:19)
      at D:\Proyectos\HR-Library\node_modules\webpack\lib\NormalModule.js:866:5
      at D:\Proyectos\HR-Library\node_modules\loader-runner\lib\LoaderRunner.js:  499:11
      at runSyncOrAsyncCallback (D:\Proyectos\HR-Library\node_modules\loader-run  ner\lib\LoaderRunner.js:259:19)
      at innerCallback (D:\Proyectos\HR-Library\node_modules\loader-runner\lib\L  oaderRunner.js:175:13)
      at compile (D:\Proyectos\HR-Library\node_modules\handlebars-loader\index.j  s:238:14)
      at module.exports (D:\Proyectos\HR-Library\node_modules\handlebars-loader\  index.js:461:5)
      at LOADER_EXECUTION (D:\Proyectos\HR-Library\node_modules\loader-runner\li  b\LoaderRunner.js:195:14)
      at runSyncOrAsync (D:\Proyectos\HR-Library\node_modules\loader-runner\lib\  LoaderRunner.js:196:5)
      at iterateNormalLoaders (D:\Proyectos\HR-Library\node_modules\loader-runne  r\lib\LoaderRunner.js:258:2)
  Module build [1m[31mfailed[39m[22m[1m (from ./node_modules/handlebars-loader/index.js):
  [1m[31mError[39m[22m[1m: Parse [1m[31merror[39m[22m[1m on line 216:
  ...{{/layout-main}}{{/layout-main}}
  -------------------^
  Expecting 'EOF', got 'OPEN_ENDBLOCK'
      at Parser.parseError (D:\Proyectos\HR-Library\node_modules\handlebars\dist  \cjs\handlebars\compiler\parser.js:267:19)
      at Parser.parse (D:\Proyectos\HR-Library\node_modules\handlebars\dist\cjs\  handlebars\compiler\parser.js:336:30)
      at parseWithoutProcessing (D:\Proyectos\HR-Library\node_modules\handlebars  \dist\cjs\handlebars\compiler\base.js:46:33)
      at HandlebarsEnvironment.parse (D:\Proyectos\HR-Library\node_modules\handl  ebars\dist\cjs\handlebars\compiler\base.js:52:13)
      at compile (D:\Proyectos\HR-Library\node_modules\handlebars-loader\index.j  s:234:18)
      at module.exports (D:\Proyectos\HR-Library\node_modules\handlebars-loader\  index.js:461:5)
  ModuleBuildError: Module build [1m[31mfailed[39m[22m[1m (from ./node_modules/handlebars-loader/i  ndex.js):
  [1m[31mError[39m[22m[1m: Parse [1m[31merror[39m[22m[1m on line 216:
  ...{{/layout-main}}{{/layout-main}}
  -------------------^
  Expecting 'EOF', got 'OPEN_ENDBLOCK'
      at Parser.parseError (D:\Proyectos\HR-Library\node_modules\handlebars\dist  \cjs\handlebars\compiler\parser.js:267:19)
      at Parser.parse (D:\Proyectos\HR-Library\node_modules\handlebars\dist\cjs\  handlebars\compiler\parser.js:336:30)
      at parseWithoutProcessing (D:\Proyectos\HR-Library\node_modules\handlebars  \dist\cjs\handlebars\compiler\base.js:46:33)
      at HandlebarsEnvironment.parse (D:\Proyectos\HR-Library\node_modules\handl  ebars\dist\cjs\handlebars\compiler\base.js:52:13)
      at compile (D:\Proyectos\HR-Library\node_modules\handlebars-loader\index.j  s:234:18)
      at module.exports (D:\Proyectos\HR-Library\node_modules\handlebars-loader\  index.js:461:5)
      at processResult (D:\Proyectos\HR-Library\node_modules\webpack\lib\NormalM  odule.js:764:19)
      at D:\Proyectos\HR-Library\node_modules\webpack\lib\NormalModule.js:866:5
      at D:\Proyectos\HR-Library\node_modules\loader-runner\lib\LoaderRunner.js:  499:11
      at runSyncOrAsyncCallback (D:\Proyectos\HR-Library\node_modules\loader-run  ner\lib\LoaderRunner.js:259:19)
      at innerCallback (D:\Proyectos\HR-Library\node_modules\loader-runner\lib\L  oaderRunner.js:175:13)
      at compile (D:\Proyectos\HR-Library\node_modules\handlebars-loader\index.j  s:238:14)
      at module.exports (D:\Proyectos\HR-Library\node_modules\handlebars-loader\  index.js:461:5)
      at LOADER_EXECUTION (D:\Proyectos\HR-Library\node_modules\loader-runner\li  b\LoaderRunner.js:195:14)
      at runSyncOrAsync (D:\Proyectos\HR-Library\node_modules\loader-runner\lib\  LoaderRunner.js:196:5)
      at iterateNormalLoaders (D:\Proyectos\HR-Library\node_modules\loader-runne  r\lib\LoaderRunner.js:258:2)
  
  - parser.js:267 Parser.parseError
    [HR-Library]/[handlebars]/dist/cjs/handlebars/compiler/parser.js:267:19
  
  - parser.js:336 Parser.parse
    [HR-Library]/[handlebars]/dist/cjs/handlebars/compiler/parser.js:336:30
  
  - base.js:46 parseWithoutProcessing
    [HR-Library]/[handlebars]/dist/cjs/handlebars/compiler/base.js:46:33
  
  - base.js:52 HandlebarsEnvironment.parse
    [HR-Library]/[handlebars]/dist/cjs/handlebars/compiler/base.js:52:13
  
  - index.js:234 compile
    [HR-Library]/[handlebars-loader]/index.js:234:18
  
  - index.js:461 module.exports
    [HR-Library]/[handlebars-loader]/index.js:461:5
  
  - ModuleBuildError: Module build [1m[31mfailed[39m[22m[1m (from ./node_modules/handlebars-loader    /index.js):
  
  - [1m[31mError[39m[22m[1m: Parse [1m[31merror[39m[22m[1m on line 68:
  
  - ...{{/layout-main}}{{/layout-main}}
  
  - -------------------^
  
  - Expecting 'EOF', got 'OPEN_ENDBLOCK'
  
  - parser.js:267 Parser.parseError
    [HR-Library]/[handlebars]/dist/cjs/handlebars/compiler/parser.js:267:19
  
  - parser.js:336 Parser.parse
    [HR-Library]/[handlebars]/dist/cjs/handlebars/compiler/parser.js:336:30
  
  - base.js:46 parseWithoutProcessing
    [HR-Library]/[handlebars]/dist/cjs/handlebars/compiler/base.js:46:33
  
  - base.js:52 HandlebarsEnvironment.parse
    [HR-Library]/[handlebars]/dist/cjs/handlebars/compiler/base.js:52:13
  
  - index.js:234 compile
    [HR-Library]/[handlebars-loader]/index.js:234:18
  
  - index.js:461 module.exports
    [HR-Library]/[handlebars-loader]/index.js:461:5
  
  - NormalModule.js:764 processResult
    [HR-Library]/[webpack]/lib/NormalModule.js:764:19
  
  - NormalModule.js:866 
    [HR-Library]/[webpack]/lib/NormalModule.js:866:5
  
  - LoaderRunner.js:499 
    [HR-Library]/[loader-runner]/lib/LoaderRunner.js:499:11
  
  - LoaderRunner.js:259 runSyncOrAsyncCallback
    [HR-Library]/[loader-runner]/lib/LoaderRunner.js:259:19
  
  - LoaderRunner.js:175 innerCallback
    [HR-Library]/[loader-runner]/lib/LoaderRunner.js:175:13
  
  - index.js:238 compile
    [HR-Library]/[handlebars-loader]/index.js:238:14
  
  - index.js:461 module.exports
    [HR-Library]/[handlebars-loader]/index.js:461:5
  
  - LoaderRunner.js:195 LOADER_EXECUTION
    [HR-Library]/[loader-runner]/lib/LoaderRunner.js:195:14
  
  - LoaderRunner.js:196 runSyncOrAsync
    [HR-Library]/[loader-runner]/lib/LoaderRunner.js:196:5
  
  - LoaderRunner.js:258 iterateNormalLoaders
    [HR-Library]/[loader-runner]/lib/LoaderRunner.js:258:2
  
  - Module build [1m[31mfailed[39m[22m[1m (from ./node_modules/handlebars-loader/index.js):
  
  - [1m[31mError[39m[22m[1m: Parse [1m[31merror[39m[22m[1m on line 201:
  
  - ...{{/layout-main}}{{/layout-main}}
  
  - -------------------^
  
  - Expecting 'EOF', got 'OPEN_ENDBLOCK'
  
  - parser.js:267 Parser.parseError
    [HR-Library]/[handlebars]/dist/cjs/handlebars/compiler/parser.js:267:19
  
  - parser.js:336 Parser.parse
    [HR-Library]/[handlebars]/dist/cjs/handlebars/compiler/parser.js:336:30
  
  - base.js:46 parseWithoutProcessing
    [HR-Library]/[handlebars]/dist/cjs/handlebars/compiler/base.js:46:33
  
  - base.js:52 HandlebarsEnvironment.parse
    [HR-Library]/[handlebars]/dist/cjs/handlebars/compiler/base.js:52:13
  
  - index.js:234 compile
    [HR-Library]/[handlebars-loader]/index.js:234:18
  
  - index.js:461 module.exports
    [HR-Library]/[handlebars-loader]/index.js:461:5
  
  - ModuleBuildError: Module build [1m[31mfailed[39m[22m[1m (from ./node_modules/handlebars-loader    /index.js):
  
  - [1m[31mError[39m[22m[1m: Parse [1m[31merror[39m[22m[1m on line 201:
  
  - ...{{/layout-main}}{{/layout-main}}
  
  - -------------------^
  
  - Expecting 'EOF', got 'OPEN_ENDBLOCK'
  
  - parser.js:267 Parser.parseError
    [HR-Library]/[handlebars]/dist/cjs/handlebars/compiler/parser.js:267:19
  
  - parser.js:336 Parser.parse
    [HR-Library]/[handlebars]/dist/cjs/handlebars/compiler/parser.js:336:30
  
  - base.js:46 parseWithoutProcessing
    [HR-Library]/[handlebars]/dist/cjs/handlebars/compiler/base.js:46:33
  
  - base.js:52 HandlebarsEnvironment.parse
    [HR-Library]/[handlebars]/dist/cjs/handlebars/compiler/base.js:52:13
  
  - index.js:234 compile
    [HR-Library]/[handlebars-loader]/index.js:234:18
  
  - index.js:461 module.exports
    [HR-Library]/[handlebars-loader]/index.js:461:5
  
  - NormalModule.js:764 processResult
    [HR-Library]/[webpack]/lib/NormalModule.js:764:19
  
  - NormalModule.js:866 
    [HR-Library]/[webpack]/lib/NormalModule.js:866:5
  
[39m[22m

[1m[31mERROR[39m[22m in [1m  [1m[31mError[39m[22m[1m: Child compilation [1m[31mfailed[39m[22m[1m:
  Module build [1m[31mfailed[39m[22m[1m (from ./node_modules/handlebars-loader/index.js):
  [1m[31mError[39m[22m[1m: Parse [1m[31merror[39m[22m[1m on line 68:
  ...{{/layout-main}}{{/layout-main}}
  -------------------^
  Expecting 'EOF', got 'OPEN_ENDBLOCK'
      at Parser.parseError (D:\Proyectos\HR-Library\node_modules\handlebars\dist  \cjs\handlebars\compiler\parser.js:267:19)
      at Parser.parse (D:\Proyectos\HR-Library\node_modules\handlebars\dist\cjs\  handlebars\compiler\parser.js:336:30)
      at parseWithoutProcessing (D:\Proyectos\HR-Library\node_modules\handlebars  \dist\cjs\handlebars\compiler\base.js:46:33)
      at HandlebarsEnvironment.parse (D:\Proyectos\HR-Library\node_modules\handl  ebars\dist\cjs\handlebars\compiler\base.js:52:13)
      at compile (D:\Proyectos\HR-Library\node_modules\handlebars-loader\index.j  s:234:18)
      at module.exports (D:\Proyectos\HR-Library\node_modules\handlebars-loader\  index.js:461:5)
  ModuleBuildError: Module build [1m[31mfailed[39m[22m[1m (from ./node_modules/handlebars-loader/i  ndex.js):
  [1m[31mError[39m[22m[1m: Parse [1m[31merror[39m[22m[1m on line 68:
  ...{{/layout-main}}{{/layout-main}}
  -------------------^
  Expecting 'EOF', got 'OPEN_ENDBLOCK'
      at Parser.parseError (D:\Proyectos\HR-Library\node_modules\handlebars\dist  \cjs\handlebars\compiler\parser.js:267:19)
      at Parser.parse (D:\Proyectos\HR-Library\node_modules\handlebars\dist\cjs\  handlebars\compiler\parser.js:336:30)
      at parseWithoutProcessing (D:\Proyectos\HR-Library\node_modules\handlebars  \dist\cjs\handlebars\compiler\base.js:46:33)
      at HandlebarsEnvironment.parse (D:\Proyectos\HR-Library\node_modules\handl  ebars\dist\cjs\handlebars\compiler\base.js:52:13)
      at compile (D:\Proyectos\HR-Library\node_modules\handlebars-loader\index.j  s:234:18)
      at module.exports (D:\Proyectos\HR-Library\node_modules\handlebars-loader\  index.js:461:5)
      at processResult (D:\Proyectos\HR-Library\node_modules\webpack\lib\NormalM  odule.js:764:19)
      at D:\Proyectos\HR-Library\node_modules\webpack\lib\NormalModule.js:866:5
      at D:\Proyectos\HR-Library\node_modules\loader-runner\lib\LoaderRunner.js:  499:11
      at runSyncOrAsyncCallback (D:\Proyectos\HR-Library\node_modules\loader-run  ner\lib\LoaderRunner.js:259:19)
      at innerCallback (D:\Proyectos\HR-Library\node_modules\loader-runner\lib\L  oaderRunner.js:175:13)
      at compile (D:\Proyectos\HR-Library\node_modules\handlebars-loader\index.j  s:238:14)
      at module.exports (D:\Proyectos\HR-Library\node_modules\handlebars-loader\  index.js:461:5)
      at LOADER_EXECUTION (D:\Proyectos\HR-Library\node_modules\loader-runner\li  b\LoaderRunner.js:195:14)
      at runSyncOrAsync (D:\Proyectos\HR-Library\node_modules\loader-runner\lib\  LoaderRunner.js:196:5)
      at iterateNormalLoaders (D:\Proyectos\HR-Library\node_modules\loader-runne  r\lib\LoaderRunner.js:258:2)
  Module build [1m[31mfailed[39m[22m[1m (from ./node_modules/handlebars-loader/index.js):
  [1m[31mError[39m[22m[1m: Parse [1m[31merror[39m[22m[1m on line 201:
  ...{{/layout-main}}{{/layout-main}}
  -------------------^
  Expecting 'EOF', got 'OPEN_ENDBLOCK'
      at Parser.parseError (D:\Proyectos\HR-Library\node_modules\handlebars\dist  \cjs\handlebars\compiler\parser.js:267:19)
      at Parser.parse (D:\Proyectos\HR-Library\node_modules\handlebars\dist\cjs\  handlebars\compiler\parser.js:336:30)
      at parseWithoutProcessing (D:\Proyectos\HR-Library\node_modules\handlebars  \dist\cjs\handlebars\compiler\base.js:46:33)
      at HandlebarsEnvironment.parse (D:\Proyectos\HR-Library\node_modules\handl  ebars\dist\cjs\handlebars\compiler\base.js:52:13)
      at compile (D:\Proyectos\HR-Library\node_modules\handlebars-loader\index.j  s:234:18)
      at module.exports (D:\Proyectos\HR-Library\node_modules\handlebars-loader\  index.js:461:5)
  ModuleBuildError: Module build [1m[31mfailed[39m[22m[1m (from ./node_modules/handlebars-loader/i  ndex.js):
  [1m[31mError[39m[22m[1m: Parse [1m[31merror[39m[22m[1m on line 201:
  ...{{/layout-main}}{{/layout-main}}
  -------------------^
  Expecting 'EOF', got 'OPEN_ENDBLOCK'
      at Parser.parseError (D:\Proyectos\HR-Library\node_modules\handlebars\dist  \cjs\handlebars\compiler\parser.js:267:19)
      at Parser.parse (D:\Proyectos\HR-Library\node_modules\handlebars\dist\cjs\  handlebars\compiler\parser.js:336:30)
      at parseWithoutProcessing (D:\Proyectos\HR-Library\node_modules\handlebars  \dist\cjs\handlebars\compiler\base.js:46:33)
      at HandlebarsEnvironment.parse (D:\Proyectos\HR-Library\node_modules\handl  ebars\dist\cjs\handlebars\compiler\base.js:52:13)
      at compile (D:\Proyectos\HR-Library\node_modules\handlebars-loader\index.j  s:234:18)
      at module.exports (D:\Proyectos\HR-Library\node_modules\handlebars-loader\  index.js:461:5)
      at processResult (D:\Proyectos\HR-Library\node_modules\webpack\lib\NormalM  odule.js:764:19)
      at D:\Proyectos\HR-Library\node_modules\webpack\lib\NormalModule.js:866:5
      at D:\Proyectos\HR-Library\node_modules\loader-runner\lib\LoaderRunner.js:  499:11
      at runSyncOrAsyncCallback (D:\Proyectos\HR-Library\node_modules\loader-run  ner\lib\LoaderRunner.js:259:19)
      at innerCallback (D:\Proyectos\HR-Library\node_modules\loader-runner\lib\L  oaderRunner.js:175:13)
      at compile (D:\Proyectos\HR-Library\node_modules\handlebars-loader\index.j  s:238:14)
      at module.exports (D:\Proyectos\HR-Library\node_modules\handlebars-loader\  index.js:461:5)
      at LOADER_EXECUTION (D:\Proyectos\HR-Library\node_modules\loader-runner\li  b\LoaderRunner.js:195:14)
      at runSyncOrAsync (D:\Proyectos\HR-Library\node_modules\loader-runner\lib\  LoaderRunner.js:196:5)
      at iterateNormalLoaders (D:\Proyectos\HR-Library\node_modules\loader-runne  r\lib\LoaderRunner.js:258:2)
  Module build [1m[31mfailed[39m[22m[1m (from ./node_modules/handlebars-loader/index.js):
  [1m[31mError[39m[22m[1m: Parse [1m[31merror[39m[22m[1m on line 97:
  ...{{/layout-main}}{{/layout-main}}
  -------------------^
  Expecting 'EOF', got 'OPEN_ENDBLOCK'
      at Parser.parseError (D:\Proyectos\HR-Library\node_modules\handlebars\dist  \cjs\handlebars\compiler\parser.js:267:19)
      at Parser.parse (D:\Proyectos\HR-Library\node_modules\handlebars\dist\cjs\  handlebars\compiler\parser.js:336:30)
      at parseWithoutProcessing (D:\Proyectos\HR-Library\node_modules\handlebars  \dist\cjs\handlebars\compiler\base.js:46:33)
      at HandlebarsEnvironment.parse (D:\Proyectos\HR-Library\node_modules\handl  ebars\dist\cjs\handlebars\compiler\base.js:52:13)
      at compile (D:\Proyectos\HR-Library\node_modules\handlebars-loader\index.j  s:234:18)
      at module.exports (D:\Proyectos\HR-Library\node_modules\handlebars-loader\  index.js:461:5)
  ModuleBuildError: Module build [1m[31mfailed[39m[22m[1m (from ./node_modules/handlebars-loader/i  ndex.js):
  [1m[31mError[39m[22m[1m: Parse [1m[31merror[39m[22m[1m on line 97:
  ...{{/layout-main}}{{/layout-main}}
  -------------------^
  Expecting 'EOF', got 'OPEN_ENDBLOCK'
      at Parser.parseError (D:\Proyectos\HR-Library\node_modules\handlebars\dist  \cjs\handlebars\compiler\parser.js:267:19)
      at Parser.parse (D:\Proyectos\HR-Library\node_modules\handlebars\dist\cjs\  handlebars\compiler\parser.js:336:30)
      at parseWithoutProcessing (D:\Proyectos\HR-Library\node_modules\handlebars  \dist\cjs\handlebars\compiler\base.js:46:33)
      at HandlebarsEnvironment.parse (D:\Proyectos\HR-Library\node_modules\handl  ebars\dist\cjs\handlebars\compiler\base.js:52:13)
      at compile (D:\Proyectos\HR-Library\node_modules\handlebars-loader\index.j  s:234:18)
      at module.exports (D:\Proyectos\HR-Library\node_modules\handlebars-loader\  index.js:461:5)
      at processResult (D:\Proyectos\HR-Library\node_modules\webpack\lib\NormalM  odule.js:764:19)
      at D:\Proyectos\HR-Library\node_modules\webpack\lib\NormalModule.js:866:5
      at D:\Proyectos\HR-Library\node_modules\loader-runner\lib\LoaderRunner.js:  499:11
      at runSyncOrAsyncCallback (D:\Proyectos\HR-Library\node_modules\loader-run  ner\lib\LoaderRunner.js:259:19)
      at innerCallback (D:\Proyectos\HR-Library\node_modules\loader-runner\lib\L  oaderRunner.js:175:13)
      at compile (D:\Proyectos\HR-Library\node_modules\handlebars-loader\index.j  s:238:14)
      at module.exports (D:\Proyectos\HR-Library\node_modules\handlebars-loader\  index.js:461:5)
      at LOADER_EXECUTION (D:\Proyectos\HR-Library\node_modules\loader-runner\li  b\LoaderRunner.js:195:14)
      at runSyncOrAsync (D:\Proyectos\HR-Library\node_modules\loader-runner\lib\  LoaderRunner.js:196:5)
      at iterateNormalLoaders (D:\Proyectos\HR-Library\node_modules\loader-runne  r\lib\LoaderRunner.js:258:2)
  Module build [1m[31mfailed[39m[22m[1m (from ./node_modules/handlebars-loader/index.js):
  [1m[31mError[39m[22m[1m: Parse [1m[31merror[39m[22m[1m on line 146:
  ...{{/layout-main}}{{/layout-main}}
  -------------------^
  Expecting 'EOF', got 'OPEN_ENDBLOCK'
      at Parser.parseError (D:\Proyectos\HR-Library\node_modules\handlebars\dist  \cjs\handlebars\compiler\parser.js:267:19)
      at Parser.parse (D:\Proyectos\HR-Library\node_modules\handlebars\dist\cjs\  handlebars\compiler\parser.js:336:30)
      at parseWithoutProcessing (D:\Proyectos\HR-Library\node_modules\handlebars  \dist\cjs\handlebars\compiler\base.js:46:33)
      at HandlebarsEnvironment.parse (D:\Proyectos\HR-Library\node_modules\handl  ebars\dist\cjs\handlebars\compiler\base.js:52:13)
      at compile (D:\Proyectos\HR-Library\node_modules\handlebars-loader\index.j  s:234:18)
      at module.exports (D:\Proyectos\HR-Library\node_modules\handlebars-loader\  index.js:461:5)
  ModuleBuildError: Module build [1m[31mfailed[39m[22m[1m (from ./node_modules/handlebars-loader/i  ndex.js):
  [1m[31mError[39m[22m[1m: Parse [1m[31merror[39m[22m[1m on line 146:
  ...{{/layout-main}}{{/layout-main}}
  -------------------^
  Expecting 'EOF', got 'OPEN_ENDBLOCK'
      at Parser.parseError (D:\Proyectos\HR-Library\node_modules\handlebars\dist  \cjs\handlebars\compiler\parser.js:267:19)
      at Parser.parse (D:\Proyectos\HR-Library\node_modules\handlebars\dist\cjs\  handlebars\compiler\parser.js:336:30)
      at parseWithoutProcessing (D:\Proyectos\HR-Library\node_modules\handlebars  \dist\cjs\handlebars\compiler\base.js:46:33)
      at HandlebarsEnvironment.parse (D:\Proyectos\HR-Library\node_modules\handl  ebars\dist\cjs\handlebars\compiler\base.js:52:13)
      at compile (D:\Proyectos\HR-Library\node_modules\handlebars-loader\index.j  s:234:18)
      at module.exports (D:\Proyectos\HR-Library\node_modules\handlebars-loader\  index.js:461:5)
      at processResult (D:\Proyectos\HR-Library\node_modules\webpack\lib\NormalM  odule.js:764:19)
      at D:\Proyectos\HR-Library\node_modules\webpack\lib\NormalModule.js:866:5
      at D:\Proyectos\HR-Library\node_modules\loader-runner\lib\LoaderRunner.js:  499:11
      at runSyncOrAsyncCallback (D:\Proyectos\HR-Library\node_modules\loader-run  ner\lib\LoaderRunner.js:259:19)
      at innerCallback (D:\Proyectos\HR-Library\node_modules\loader-runner\lib\L  oaderRunner.js:175:13)
      at compile (D:\Proyectos\HR-Library\node_modules\handlebars-loader\index.j  s:238:14)
      at module.exports (D:\Proyectos\HR-Library\node_modules\handlebars-loader\  index.js:461:5)
      at LOADER_EXECUTION (D:\Proyectos\HR-Library\node_modules\loader-runner\li  b\LoaderRunner.js:195:14)
      at runSyncOrAsync (D:\Proyectos\HR-Library\node_modules\loader-runner\lib\  LoaderRunner.js:196:5)
      at iterateNormalLoaders (D:\Proyectos\HR-Library\node_modules\loader-runne  r\lib\LoaderRunner.js:258:2)
  Module build [1m[31mfailed[39m[22m[1m (from ./node_modules/handlebars-loader/index.js):
  [1m[31mError[39m[22m[1m: Parse [1m[31merror[39m[22m[1m on line 183:
  ...{{/layout-main}}{{/layout-main}}
  -------------------^
  Expecting 'EOF', got 'OPEN_ENDBLOCK'
      at Parser.parseError (D:\Proyectos\HR-Library\node_modules\handlebars\dist  \cjs\handlebars\compiler\parser.js:267:19)
      at Parser.parse (D:\Proyectos\HR-Library\node_modules\handlebars\dist\cjs\  handlebars\compiler\parser.js:336:30)
      at parseWithoutProcessing (D:\Proyectos\HR-Library\node_modules\handlebars  \dist\cjs\handlebars\compiler\base.js:46:33)
      at HandlebarsEnvironment.parse (D:\Proyectos\HR-Library\node_modules\handl  ebars\dist\cjs\handlebars\compiler\base.js:52:13)
      at compile (D:\Proyectos\HR-Library\node_modules\handlebars-loader\index.j  s:234:18)
      at module.exports (D:\Proyectos\HR-Library\node_modules\handlebars-loader\  index.js:461:5)
  ModuleBuildError: Module build [1m[31mfailed[39m[22m[1m (from ./node_modules/handlebars-loader/i  ndex.js):
  [1m[31mError[39m[22m[1m: Parse [1m[31merror[39m[22m[1m on line 183:
  ...{{/layout-main}}{{/layout-main}}
  -------------------^
  Expecting 'EOF', got 'OPEN_ENDBLOCK'
      at Parser.parseError (D:\Proyectos\HR-Library\node_modules\handlebars\dist  \cjs\handlebars\compiler\parser.js:267:19)
      at Parser.parse (D:\Proyectos\HR-Library\node_modules\handlebars\dist\cjs\  handlebars\compiler\parser.js:336:30)
      at parseWithoutProcessing (D:\Proyectos\HR-Library\node_modules\handlebars  \dist\cjs\handlebars\compiler\base.js:46:33)
      at HandlebarsEnvironment.parse (D:\Proyectos\HR-Library\node_modules\handl  ebars\dist\cjs\handlebars\compiler\base.js:52:13)
      at compile (D:\Proyectos\HR-Library\node_modules\handlebars-loader\index.j  s:234:18)
      at module.exports (D:\Proyectos\HR-Library\node_modules\handlebars-loader\  index.js:461:5)
      at processResult (D:\Proyectos\HR-Library\node_modules\webpack\lib\NormalM  odule.js:764:19)
      at D:\Proyectos\HR-Library\node_modules\webpack\lib\NormalModule.js:866:5
      at D:\Proyectos\HR-Library\node_modules\loader-runner\lib\LoaderRunner.js:  499:11
      at runSyncOrAsyncCallback (D:\Proyectos\HR-Library\node_modules\loader-run  ner\lib\LoaderRunner.js:259:19)
      at innerCallback (D:\Proyectos\HR-Library\node_modules\loader-runner\lib\L  oaderRunner.js:175:13)
      at compile (D:\Proyectos\HR-Library\node_modules\handlebars-loader\index.j  s:238:14)
      at module.exports (D:\Proyectos\HR-Library\node_modules\handlebars-loader\  index.js:461:5)
      at LOADER_EXECUTION (D:\Proyectos\HR-Library\node_modules\loader-runner\li  b\LoaderRunner.js:195:14)
      at runSyncOrAsync (D:\Proyectos\HR-Library\node_modules\loader-runner\lib\  LoaderRunner.js:196:5)
      at iterateNormalLoaders (D:\Proyectos\HR-Library\node_modules\loader-runne  r\lib\LoaderRunner.js:258:2)
  Module build [1m[31mfailed[39m[22m[1m (from ./node_modules/handlebars-loader/index.js):
  [1m[31mError[39m[22m[1m: Parse [1m[31merror[39m[22m[1m on line 216:
  ...{{/layout-main}}{{/layout-main}}
  -------------------^
  Expecting 'EOF', got 'OPEN_ENDBLOCK'
      at Parser.parseError (D:\Proyectos\HR-Library\node_modules\handlebars\dist  \cjs\handlebars\compiler\parser.js:267:19)
      at Parser.parse (D:\Proyectos\HR-Library\node_modules\handlebars\dist\cjs\  handlebars\compiler\parser.js:336:30)
      at parseWithoutProcessing (D:\Proyectos\HR-Library\node_modules\handlebars  \dist\cjs\handlebars\compiler\base.js:46:33)
      at HandlebarsEnvironment.parse (D:\Proyectos\HR-Library\node_modules\handl  ebars\dist\cjs\handlebars\compiler\base.js:52:13)
      at compile (D:\Proyectos\HR-Library\node_modules\handlebars-loader\index.j  s:234:18)
      at module.exports (D:\Proyectos\HR-Library\node_modules\handlebars-loader\  index.js:461:5)
  ModuleBuildError: Module build [1m[31mfailed[39m[22m[1m (from ./node_modules/handlebars-loader/i  ndex.js):
  [1m[31mError[39m[22m[1m: Parse [1m[31merror[39m[22m[1m on line 216:
  ...{{/layout-main}}{{/layout-main}}
  -------------------^
  Expecting 'EOF', got 'OPEN_ENDBLOCK'
      at Parser.parseError (D:\Proyectos\HR-Library\node_modules\handlebars\dist  \cjs\handlebars\compiler\parser.js:267:19)
      at Parser.parse (D:\Proyectos\HR-Library\node_modules\handlebars\dist\cjs\  handlebars\compiler\parser.js:336:30)
      at parseWithoutProcessing (D:\Proyectos\HR-Library\node_modules\handlebars  \dist\cjs\handlebars\compiler\base.js:46:33)
      at HandlebarsEnvironment.parse (D:\Proyectos\HR-Library\node_modules\handl  ebars\dist\cjs\handlebars\compiler\base.js:52:13)
      at compile (D:\Proyectos\HR-Library\node_modules\handlebars-loader\index.j  s:234:18)
      at module.exports (D:\Proyectos\HR-Library\node_modules\handlebars-loader\  index.js:461:5)
      at processResult (D:\Proyectos\HR-Library\node_modules\webpack\lib\NormalM  odule.js:764:19)
      at D:\Proyectos\HR-Library\node_modules\webpack\lib\NormalModule.js:866:5
      at D:\Proyectos\HR-Library\node_modules\loader-runner\lib\LoaderRunner.js:  499:11
      at runSyncOrAsyncCallback (D:\Proyectos\HR-Library\node_modules\loader-run  ner\lib\LoaderRunner.js:259:19)
      at innerCallback (D:\Proyectos\HR-Library\node_modules\loader-runner\lib\L  oaderRunner.js:175:13)
      at compile (D:\Proyectos\HR-Library\node_modules\handlebars-loader\index.j  s:238:14)
      at module.exports (D:\Proyectos\HR-Library\node_modules\handlebars-loader\  index.js:461:5)
      at LOADER_EXECUTION (D:\Proyectos\HR-Library\node_modules\loader-runner\li  b\LoaderRunner.js:195:14)
      at runSyncOrAsync (D:\Proyectos\HR-Library\node_modules\loader-runner\lib\  LoaderRunner.js:196:5)
      at iterateNormalLoaders (D:\Proyectos\HR-Library\node_modules\loader-runne  r\lib\LoaderRunner.js:258:2)
  
  - parser.js:267 Parser.parseError
    [HR-Library]/[handlebars]/dist/cjs/handlebars/compiler/parser.js:267:19
  
  - parser.js:336 Parser.parse
    [HR-Library]/[handlebars]/dist/cjs/handlebars/compiler/parser.js:336:30
  
  - base.js:46 parseWithoutProcessing
    [HR-Library]/[handlebars]/dist/cjs/handlebars/compiler/base.js:46:33
  
  - base.js:52 HandlebarsEnvironment.parse
    [HR-Library]/[handlebars]/dist/cjs/handlebars/compiler/base.js:52:13
  
  - index.js:234 compile
    [HR-Library]/[handlebars-loader]/index.js:234:18
  
  - index.js:461 module.exports
    [HR-Library]/[handlebars-loader]/index.js:461:5
  
  - ModuleBuildError: Module build [1m[31mfailed[39m[22m[1m (from ./node_modules/handlebars-loader    /index.js):
  
  - [1m[31mError[39m[22m[1m: Parse [1m[31merror[39m[22m[1m on line 68:
  
  - ...{{/layout-main}}{{/layout-main}}
  
  - -------------------^
  
  - Expecting 'EOF', got 'OPEN_ENDBLOCK'
  
  - parser.js:267 Parser.parseError
    [HR-Library]/[handlebars]/dist/cjs/handlebars/compiler/parser.js:267:19
  
  - parser.js:336 Parser.parse
    [HR-Library]/[handlebars]/dist/cjs/handlebars/compiler/parser.js:336:30
  
  - base.js:46 parseWithoutProcessing
    [HR-Library]/[handlebars]/dist/cjs/handlebars/compiler/base.js:46:33
  
  - base.js:52 HandlebarsEnvironment.parse
    [HR-Library]/[handlebars]/dist/cjs/handlebars/compiler/base.js:52:13
  
  - index.js:234 compile
    [HR-Library]/[handlebars-loader]/index.js:234:18
  
  - index.js:461 module.exports
    [HR-Library]/[handlebars-loader]/index.js:461:5
  
  - NormalModule.js:764 processResult
    [HR-Library]/[webpack]/lib/NormalModule.js:764:19
  
  - NormalModule.js:866 
    [HR-Library]/[webpack]/lib/NormalModule.js:866:5
  
  - LoaderRunner.js:499 
    [HR-Library]/[loader-runner]/lib/LoaderRunner.js:499:11
  
  - LoaderRunner.js:259 runSyncOrAsyncCallback
    [HR-Library]/[loader-runner]/lib/LoaderRunner.js:259:19
  
  - LoaderRunner.js:175 innerCallback
    [HR-Library]/[loader-runner]/lib/LoaderRunner.js:175:13
  
  - index.js:238 compile
    [HR-Library]/[handlebars-loader]/index.js:238:14
  
  - index.js:461 module.exports
    [HR-Library]/[handlebars-loader]/index.js:461:5
  
  - LoaderRunner.js:195 LOADER_EXECUTION
    [HR-Library]/[loader-runner]/lib/LoaderRunner.js:195:14
  
  - LoaderRunner.js:196 runSyncOrAsync
    [HR-Library]/[loader-runner]/lib/LoaderRunner.js:196:5
  
  - LoaderRunner.js:258 iterateNormalLoaders
    [HR-Library]/[loader-runner]/lib/LoaderRunner.js:258:2
  
  - Module build [1m[31mfailed[39m[22m[1m (from ./node_modules/handlebars-loader/index.js):
  
  - [1m[31mError[39m[22m[1m: Parse [1m[31merror[39m[22m[1m on line 201:
  
  - ...{{/layout-main}}{{/layout-main}}
  
  - -------------------^
  
  - Expecting 'EOF', got 'OPEN_ENDBLOCK'
  
  - parser.js:267 Parser.parseError
    [HR-Library]/[handlebars]/dist/cjs/handlebars/compiler/parser.js:267:19
  
  - parser.js:336 Parser.parse
    [HR-Library]/[handlebars]/dist/cjs/handlebars/compiler/parser.js:336:30
  
  - base.js:46 parseWithoutProcessing
    [HR-Library]/[handlebars]/dist/cjs/handlebars/compiler/base.js:46:33
  
  - base.js:52 HandlebarsEnvironment.parse
    [HR-Library]/[handlebars]/dist/cjs/handlebars/compiler/base.js:52:13
  
  - index.js:234 compile
    [HR-Library]/[handlebars-loader]/index.js:234:18
  
  - index.js:461 module.exports
    [HR-Library]/[handlebars-loader]/index.js:461:5
  
  - ModuleBuildError: Module build [1m[31mfailed[39m[22m[1m (from ./node_modules/handlebars-loader    /index.js):
  
  - [1m[31mError[39m[22m[1m: Parse [1m[31merror[39m[22m[1m on line 201:
  
  - ...{{/layout-main}}{{/layout-main}}
  
  - -------------------^
  
  - Expecting 'EOF', got 'OPEN_ENDBLOCK'
  
  - parser.js:267 Parser.parseError
    [HR-Library]/[handlebars]/dist/cjs/handlebars/compiler/parser.js:267:19
  
  - parser.js:336 Parser.parse
    [HR-Library]/[handlebars]/dist/cjs/handlebars/compiler/parser.js:336:30
  
  - base.js:46 parseWithoutProcessing
    [HR-Library]/[handlebars]/dist/cjs/handlebars/compiler/base.js:46:33
  
  - base.js:52 HandlebarsEnvironment.parse
    [HR-Library]/[handlebars]/dist/cjs/handlebars/compiler/base.js:52:13
  
  - index.js:234 compile
    [HR-Library]/[handlebars-loader]/index.js:234:18
  
  - index.js:461 module.exports
    [HR-Library]/[handlebars-loader]/index.js:461:5
  
  - NormalModule.js:764 processResult
    [HR-Library]/[webpack]/lib/NormalModule.js:764:19
  
  - NormalModule.js:866 
    [HR-Library]/[webpack]/lib/NormalModule.js:866:5
  
[39m[22m

[1m[31mERROR[39m[22m in [1m  [1m[31mError[39m[22m[1m: Child compilation [1m[31mfailed[39m[22m[1m:
  Module build [1m[31mfailed[39m[22m[1m (from ./node_modules/handlebars-loader/index.js):
  [1m[31mError[39m[22m[1m: Parse [1m[31merror[39m[22m[1m on line 68:
  ...{{/layout-main}}{{/layout-main}}
  -------------------^
  Expecting 'EOF', got 'OPEN_ENDBLOCK'
      at Parser.parseError (D:\Proyectos\HR-Library\node_modules\handlebars\dist  \cjs\handlebars\compiler\parser.js:267:19)
      at Parser.parse (D:\Proyectos\HR-Library\node_modules\handlebars\dist\cjs\  handlebars\compiler\parser.js:336:30)
      at parseWithoutProcessing (D:\Proyectos\HR-Library\node_modules\handlebars  \dist\cjs\handlebars\compiler\base.js:46:33)
      at HandlebarsEnvironment.parse (D:\Proyectos\HR-Library\node_modules\handl  ebars\dist\cjs\handlebars\compiler\base.js:52:13)
      at compile (D:\Proyectos\HR-Library\node_modules\handlebars-loader\index.j  s:234:18)
      at module.exports (D:\Proyectos\HR-Library\node_modules\handlebars-loader\  index.js:461:5)
  ModuleBuildError: Module build [1m[31mfailed[39m[22m[1m (from ./node_modules/handlebars-loader/i  ndex.js):
  [1m[31mError[39m[22m[1m: Parse [1m[31merror[39m[22m[1m on line 68:
  ...{{/layout-main}}{{/layout-main}}
  -------------------^
  Expecting 'EOF', got 'OPEN_ENDBLOCK'
      at Parser.parseError (D:\Proyectos\HR-Library\node_modules\handlebars\dist  \cjs\handlebars\compiler\parser.js:267:19)
      at Parser.parse (D:\Proyectos\HR-Library\node_modules\handlebars\dist\cjs\  handlebars\compiler\parser.js:336:30)
      at parseWithoutProcessing (D:\Proyectos\HR-Library\node_modules\handlebars  \dist\cjs\handlebars\compiler\base.js:46:33)
      at HandlebarsEnvironment.parse (D:\Proyectos\HR-Library\node_modules\handl  ebars\dist\cjs\handlebars\compiler\base.js:52:13)
      at compile (D:\Proyectos\HR-Library\node_modules\handlebars-loader\index.j  s:234:18)
      at module.exports (D:\Proyectos\HR-Library\node_modules\handlebars-loader\  index.js:461:5)
      at processResult (D:\Proyectos\HR-Library\node_modules\webpack\lib\NormalM  odule.js:764:19)
      at D:\Proyectos\HR-Library\node_modules\webpack\lib\NormalModule.js:866:5
      at D:\Proyectos\HR-Library\node_modules\loader-runner\lib\LoaderRunner.js:  499:11
      at runSyncOrAsyncCallback (D:\Proyectos\HR-Library\node_modules\loader-run  ner\lib\LoaderRunner.js:259:19)
      at innerCallback (D:\Proyectos\HR-Library\node_modules\loader-runner\lib\L  oaderRunner.js:175:13)
      at compile (D:\Proyectos\HR-Library\node_modules\handlebars-loader\index.j  s:238:14)
      at module.exports (D:\Proyectos\HR-Library\node_modules\handlebars-loader\  index.js:461:5)
      at LOADER_EXECUTION (D:\Proyectos\HR-Library\node_modules\loader-runner\li  b\LoaderRunner.js:195:14)
      at runSyncOrAsync (D:\Proyectos\HR-Library\node_modules\loader-runner\lib\  LoaderRunner.js:196:5)
      at iterateNormalLoaders (D:\Proyectos\HR-Library\node_modules\loader-runne  r\lib\LoaderRunner.js:258:2)
  Module build [1m[31mfailed[39m[22m[1m (from ./node_modules/handlebars-loader/index.js):
  [1m[31mError[39m[22m[1m: Parse [1m[31merror[39m[22m[1m on line 201:
  ...{{/layout-main}}{{/layout-main}}
  -------------------^
  Expecting 'EOF', got 'OPEN_ENDBLOCK'
      at Parser.parseError (D:\Proyectos\HR-Library\node_modules\handlebars\dist  \cjs\handlebars\compiler\parser.js:267:19)
      at Parser.parse (D:\Proyectos\HR-Library\node_modules\handlebars\dist\cjs\  handlebars\compiler\parser.js:336:30)
      at parseWithoutProcessing (D:\Proyectos\HR-Library\node_modules\handlebars  \dist\cjs\handlebars\compiler\base.js:46:33)
      at HandlebarsEnvironment.parse (D:\Proyectos\HR-Library\node_modules\handl  ebars\dist\cjs\handlebars\compiler\base.js:52:13)
      at compile (D:\Proyectos\HR-Library\node_modules\handlebars-loader\index.j  s:234:18)
      at module.exports (D:\Proyectos\HR-Library\node_modules\handlebars-loader\  index.js:461:5)
  ModuleBuildError: Module build [1m[31mfailed[39m[22m[1m (from ./node_modules/handlebars-loader/i  ndex.js):
  [1m[31mError[39m[22m[1m: Parse [1m[31merror[39m[22m[1m on line 201:
  ...{{/layout-main}}{{/layout-main}}
  -------------------^
  Expecting 'EOF', got 'OPEN_ENDBLOCK'
      at Parser.parseError (D:\Proyectos\HR-Library\node_modules\handlebars\dist  \cjs\handlebars\compiler\parser.js:267:19)
      at Parser.parse (D:\Proyectos\HR-Library\node_modules\handlebars\dist\cjs\  handlebars\compiler\parser.js:336:30)
      at parseWithoutProcessing (D:\Proyectos\HR-Library\node_modules\handlebars  \dist\cjs\handlebars\compiler\base.js:46:33)
      at HandlebarsEnvironment.parse (D:\Proyectos\HR-Library\node_modules\handl  ebars\dist\cjs\handlebars\compiler\base.js:52:13)
      at compile (D:\Proyectos\HR-Library\node_modules\handlebars-loader\index.j  s:234:18)
      at module.exports (D:\Proyectos\HR-Library\node_modules\handlebars-loader\  index.js:461:5)
      at processResult (D:\Proyectos\HR-Library\node_modules\webpack\lib\NormalM  odule.js:764:19)
      at D:\Proyectos\HR-Library\node_modules\webpack\lib\NormalModule.js:866:5
      at D:\Proyectos\HR-Library\node_modules\loader-runner\lib\LoaderRunner.js:  499:11
      at runSyncOrAsyncCallback (D:\Proyectos\HR-Library\node_modules\loader-run  ner\lib\LoaderRunner.js:259:19)
      at innerCallback (D:\Proyectos\HR-Library\node_modules\loader-runner\lib\L  oaderRunner.js:175:13)
      at compile (D:\Proyectos\HR-Library\node_modules\handlebars-loader\index.j  s:238:14)
      at module.exports (D:\Proyectos\HR-Library\node_modules\handlebars-loader\  index.js:461:5)
      at LOADER_EXECUTION (D:\Proyectos\HR-Library\node_modules\loader-runner\li  b\LoaderRunner.js:195:14)
      at runSyncOrAsync (D:\Proyectos\HR-Library\node_modules\loader-runner\lib\  LoaderRunner.js:196:5)
      at iterateNormalLoaders (D:\Proyectos\HR-Library\node_modules\loader-runne  r\lib\LoaderRunner.js:258:2)
  Module build [1m[31mfailed[39m[22m[1m (from ./node_modules/handlebars-loader/index.js):
  [1m[31mError[39m[22m[1m: Parse [1m[31merror[39m[22m[1m on line 97:
  ...{{/layout-main}}{{/layout-main}}
  -------------------^
  Expecting 'EOF', got 'OPEN_ENDBLOCK'
      at Parser.parseError (D:\Proyectos\HR-Library\node_modules\handlebars\dist  \cjs\handlebars\compiler\parser.js:267:19)
      at Parser.parse (D:\Proyectos\HR-Library\node_modules\handlebars\dist\cjs\  handlebars\compiler\parser.js:336:30)
      at parseWithoutProcessing (D:\Proyectos\HR-Library\node_modules\handlebars  \dist\cjs\handlebars\compiler\base.js:46:33)
      at HandlebarsEnvironment.parse (D:\Proyectos\HR-Library\node_modules\handl  ebars\dist\cjs\handlebars\compiler\base.js:52:13)
      at compile (D:\Proyectos\HR-Library\node_modules\handlebars-loader\index.j  s:234:18)
      at module.exports (D:\Proyectos\HR-Library\node_modules\handlebars-loader\  index.js:461:5)
  ModuleBuildError: Module build [1m[31mfailed[39m[22m[1m (from ./node_modules/handlebars-loader/i  ndex.js):
  [1m[31mError[39m[22m[1m: Parse [1m[31merror[39m[22m[1m on line 97:
  ...{{/layout-main}}{{/layout-main}}
  -------------------^
  Expecting 'EOF', got 'OPEN_ENDBLOCK'
      at Parser.parseError (D:\Proyectos\HR-Library\node_modules\handlebars\dist  \cjs\handlebars\compiler\parser.js:267:19)
      at Parser.parse (D:\Proyectos\HR-Library\node_modules\handlebars\dist\cjs\  handlebars\compiler\parser.js:336:30)
      at parseWithoutProcessing (D:\Proyectos\HR-Library\node_modules\handlebars  \dist\cjs\handlebars\compiler\base.js:46:33)
      at HandlebarsEnvironment.parse (D:\Proyectos\HR-Library\node_modules\handl  ebars\dist\cjs\handlebars\compiler\base.js:52:13)
      at compile (D:\Proyectos\HR-Library\node_modules\handlebars-loader\index.j  s:234:18)
      at module.exports (D:\Proyectos\HR-Library\node_modules\handlebars-loader\  index.js:461:5)
      at processResult (D:\Proyectos\HR-Library\node_modules\webpack\lib\NormalM  odule.js:764:19)
      at D:\Proyectos\HR-Library\node_modules\webpack\lib\NormalModule.js:866:5
      at D:\Proyectos\HR-Library\node_modules\loader-runner\lib\LoaderRunner.js:  499:11
      at runSyncOrAsyncCallback (D:\Proyectos\HR-Library\node_modules\loader-run  ner\lib\LoaderRunner.js:259:19)
      at innerCallback (D:\Proyectos\HR-Library\node_modules\loader-runner\lib\L  oaderRunner.js:175:13)
      at compile (D:\Proyectos\HR-Library\node_modules\handlebars-loader\index.j  s:238:14)
      at module.exports (D:\Proyectos\HR-Library\node_modules\handlebars-loader\  index.js:461:5)
      at LOADER_EXECUTION (D:\Proyectos\HR-Library\node_modules\loader-runner\li  b\LoaderRunner.js:195:14)
      at runSyncOrAsync (D:\Proyectos\HR-Library\node_modules\loader-runner\lib\  LoaderRunner.js:196:5)
      at iterateNormalLoaders (D:\Proyectos\HR-Library\node_modules\loader-runne  r\lib\LoaderRunner.js:258:2)
  Module build [1m[31mfailed[39m[22m[1m (from ./node_modules/handlebars-loader/index.js):
  [1m[31mError[39m[22m[1m: Parse [1m[31merror[39m[22m[1m on line 146:
  ...{{/layout-main}}{{/layout-main}}
  -------------------^
  Expecting 'EOF', got 'OPEN_ENDBLOCK'
      at Parser.parseError (D:\Proyectos\HR-Library\node_modules\handlebars\dist  \cjs\handlebars\compiler\parser.js:267:19)
      at Parser.parse (D:\Proyectos\HR-Library\node_modules\handlebars\dist\cjs\  handlebars\compiler\parser.js:336:30)
      at parseWithoutProcessing (D:\Proyectos\HR-Library\node_modules\handlebars  \dist\cjs\handlebars\compiler\base.js:46:33)
      at HandlebarsEnvironment.parse (D:\Proyectos\HR-Library\node_modules\handl  ebars\dist\cjs\handlebars\compiler\base.js:52:13)
      at compile (D:\Proyectos\HR-Library\node_modules\handlebars-loader\index.j  s:234:18)
      at module.exports (D:\Proyectos\HR-Library\node_modules\handlebars-loader\  index.js:461:5)
  ModuleBuildError: Module build [1m[31mfailed[39m[22m[1m (from ./node_modules/handlebars-loader/i  ndex.js):
  [1m[31mError[39m[22m[1m: Parse [1m[31merror[39m[22m[1m on line 146:
  ...{{/layout-main}}{{/layout-main}}
  -------------------^
  Expecting 'EOF', got 'OPEN_ENDBLOCK'
      at Parser.parseError (D:\Proyectos\HR-Library\node_modules\handlebars\dist  \cjs\handlebars\compiler\parser.js:267:19)
      at Parser.parse (D:\Proyectos\HR-Library\node_modules\handlebars\dist\cjs\  handlebars\compiler\parser.js:336:30)
      at parseWithoutProcessing (D:\Proyectos\HR-Library\node_modules\handlebars  \dist\cjs\handlebars\compiler\base.js:46:33)
      at HandlebarsEnvironment.parse (D:\Proyectos\HR-Library\node_modules\handl  ebars\dist\cjs\handlebars\compiler\base.js:52:13)
      at compile (D:\Proyectos\HR-Library\node_modules\handlebars-loader\index.j  s:234:18)
      at module.exports (D:\Proyectos\HR-Library\node_modules\handlebars-loader\  index.js:461:5)
      at processResult (D:\Proyectos\HR-Library\node_modules\webpack\lib\NormalM  odule.js:764:19)
      at D:\Proyectos\HR-Library\node_modules\webpack\lib\NormalModule.js:866:5
      at D:\Proyectos\HR-Library\node_modules\loader-runner\lib\LoaderRunner.js:  499:11
      at runSyncOrAsyncCallback (D:\Proyectos\HR-Library\node_modules\loader-run  ner\lib\LoaderRunner.js:259:19)
      at innerCallback (D:\Proyectos\HR-Library\node_modules\loader-runner\lib\L  oaderRunner.js:175:13)
      at compile (D:\Proyectos\HR-Library\node_modules\handlebars-loader\index.j  s:238:14)
      at module.exports (D:\Proyectos\HR-Library\node_modules\handlebars-loader\  index.js:461:5)
      at LOADER_EXECUTION (D:\Proyectos\HR-Library\node_modules\loader-runner\li  b\LoaderRunner.js:195:14)
      at runSyncOrAsync (D:\Proyectos\HR-Library\node_modules\loader-runner\lib\  LoaderRunner.js:196:5)
      at iterateNormalLoaders (D:\Proyectos\HR-Library\node_modules\loader-runne  r\lib\LoaderRunner.js:258:2)
  Module build [1m[31mfailed[39m[22m[1m (from ./node_modules/handlebars-loader/index.js):
  [1m[31mError[39m[22m[1m: Parse [1m[31merror[39m[22m[1m on line 183:
  ...{{/layout-main}}{{/layout-main}}
  -------------------^
  Expecting 'EOF', got 'OPEN_ENDBLOCK'
      at Parser.parseError (D:\Proyectos\HR-Library\node_modules\handlebars\dist  \cjs\handlebars\compiler\parser.js:267:19)
      at Parser.parse (D:\Proyectos\HR-Library\node_modules\handlebars\dist\cjs\  handlebars\compiler\parser.js:336:30)
      at parseWithoutProcessing (D:\Proyectos\HR-Library\node_modules\handlebars  \dist\cjs\handlebars\compiler\base.js:46:33)
      at HandlebarsEnvironment.parse (D:\Proyectos\HR-Library\node_modules\handl  ebars\dist\cjs\handlebars\compiler\base.js:52:13)
      at compile (D:\Proyectos\HR-Library\node_modules\handlebars-loader\index.j  s:234:18)
      at module.exports (D:\Proyectos\HR-Library\node_modules\handlebars-loader\  index.js:461:5)
  ModuleBuildError: Module build [1m[31mfailed[39m[22m[1m (from ./node_modules/handlebars-loader/i  ndex.js):
  [1m[31mError[39m[22m[1m: Parse [1m[31merror[39m[22m[1m on line 183:
  ...{{/layout-main}}{{/layout-main}}
  -------------------^
  Expecting 'EOF', got 'OPEN_ENDBLOCK'
      at Parser.parseError (D:\Proyectos\HR-Library\node_modules\handlebars\dist  \cjs\handlebars\compiler\parser.js:267:19)
      at Parser.parse (D:\Proyectos\HR-Library\node_modules\handlebars\dist\cjs\  handlebars\compiler\parser.js:336:30)
      at parseWithoutProcessing (D:\Proyectos\HR-Library\node_modules\handlebars  \dist\cjs\handlebars\compiler\base.js:46:33)
      at HandlebarsEnvironment.parse (D:\Proyectos\HR-Library\node_modules\handl  ebars\dist\cjs\handlebars\compiler\base.js:52:13)
      at compile (D:\Proyectos\HR-Library\node_modules\handlebars-loader\index.j  s:234:18)
      at module.exports (D:\Proyectos\HR-Library\node_modules\handlebars-loader\  index.js:461:5)
      at processResult (D:\Proyectos\HR-Library\node_modules\webpack\lib\NormalM  odule.js:764:19)
      at D:\Proyectos\HR-Library\node_modules\webpack\lib\NormalModule.js:866:5
      at D:\Proyectos\HR-Library\node_modules\loader-runner\lib\LoaderRunner.js:  499:11
      at runSyncOrAsyncCallback (D:\Proyectos\HR-Library\node_modules\loader-run  ner\lib\LoaderRunner.js:259:19)
      at innerCallback (D:\Proyectos\HR-Library\node_modules\loader-runner\lib\L  oaderRunner.js:175:13)
      at compile (D:\Proyectos\HR-Library\node_modules\handlebars-loader\index.j  s:238:14)
      at module.exports (D:\Proyectos\HR-Library\node_modules\handlebars-loader\  index.js:461:5)
      at LOADER_EXECUTION (D:\Proyectos\HR-Library\node_modules\loader-runner\li  b\LoaderRunner.js:195:14)
      at runSyncOrAsync (D:\Proyectos\HR-Library\node_modules\loader-runner\lib\  LoaderRunner.js:196:5)
      at iterateNormalLoaders (D:\Proyectos\HR-Library\node_modules\loader-runne  r\lib\LoaderRunner.js:258:2)
  Module build [1m[31mfailed[39m[22m[1m (from ./node_modules/handlebars-loader/index.js):
  [1m[31mError[39m[22m[1m: Parse [1m[31merror[39m[22m[1m on line 216:
  ...{{/layout-main}}{{/layout-main}}
  -------------------^
  Expecting 'EOF', got 'OPEN_ENDBLOCK'
      at Parser.parseError (D:\Proyectos\HR-Library\node_modules\handlebars\dist  \cjs\handlebars\compiler\parser.js:267:19)
      at Parser.parse (D:\Proyectos\HR-Library\node_modules\handlebars\dist\cjs\  handlebars\compiler\parser.js:336:30)
      at parseWithoutProcessing (D:\Proyectos\HR-Library\node_modules\handlebars  \dist\cjs\handlebars\compiler\base.js:46:33)
      at HandlebarsEnvironment.parse (D:\Proyectos\HR-Library\node_modules\handl  ebars\dist\cjs\handlebars\compiler\base.js:52:13)
      at compile (D:\Proyectos\HR-Library\node_modules\handlebars-loader\index.j  s:234:18)
      at module.exports (D:\Proyectos\HR-Library\node_modules\handlebars-loader\  index.js:461:5)
  ModuleBuildError: Module build [1m[31mfailed[39m[22m[1m (from ./node_modules/handlebars-loader/i  ndex.js):
  [1m[31mError[39m[22m[1m: Parse [1m[31merror[39m[22m[1m on line 216:
  ...{{/layout-main}}{{/layout-main}}
  -------------------^
  Expecting 'EOF', got 'OPEN_ENDBLOCK'
      at Parser.parseError (D:\Proyectos\HR-Library\node_modules\handlebars\dist  \cjs\handlebars\compiler\parser.js:267:19)
      at Parser.parse (D:\Proyectos\HR-Library\node_modules\handlebars\dist\cjs\  handlebars\compiler\parser.js:336:30)
      at parseWithoutProcessing (D:\Proyectos\HR-Library\node_modules\handlebars  \dist\cjs\handlebars\compiler\base.js:46:33)
      at HandlebarsEnvironment.parse (D:\Proyectos\HR-Library\node_modules\handl  ebars\dist\cjs\handlebars\compiler\base.js:52:13)
      at compile (D:\Proyectos\HR-Library\node_modules\handlebars-loader\index.j  s:234:18)
      at module.exports (D:\Proyectos\HR-Library\node_modules\handlebars-loader\  index.js:461:5)
      at processResult (D:\Proyectos\HR-Library\node_modules\webpack\lib\NormalM  odule.js:764:19)
      at D:\Proyectos\HR-Library\node_modules\webpack\lib\NormalModule.js:866:5
      at D:\Proyectos\HR-Library\node_modules\loader-runner\lib\LoaderRunner.js:  499:11
      at runSyncOrAsyncCallback (D:\Proyectos\HR-Library\node_modules\loader-run  ner\lib\LoaderRunner.js:259:19)
      at innerCallback (D:\Proyectos\HR-Library\node_modules\loader-runner\lib\L  oaderRunner.js:175:13)
      at compile (D:\Proyectos\HR-Library\node_modules\handlebars-loader\index.j  s:238:14)
      at module.exports (D:\Proyectos\HR-Library\node_modules\handlebars-loader\  index.js:461:5)
      at LOADER_EXECUTION (D:\Proyectos\HR-Library\node_modules\loader-runner\li  b\LoaderRunner.js:195:14)
      at runSyncOrAsync (D:\Proyectos\HR-Library\node_modules\loader-runner\lib\  LoaderRunner.js:196:5)
      at iterateNormalLoaders (D:\Proyectos\HR-Library\node_modules\loader-runne  r\lib\LoaderRunner.js:258:2)
  
  - parser.js:267 Parser.parseError
    [HR-Library]/[handlebars]/dist/cjs/handlebars/compiler/parser.js:267:19
  
  - parser.js:336 Parser.parse
    [HR-Library]/[handlebars]/dist/cjs/handlebars/compiler/parser.js:336:30
  
  - base.js:46 parseWithoutProcessing
    [HR-Library]/[handlebars]/dist/cjs/handlebars/compiler/base.js:46:33
  
  - base.js:52 HandlebarsEnvironment.parse
    [HR-Library]/[handlebars]/dist/cjs/handlebars/compiler/base.js:52:13
  
  - index.js:234 compile
    [HR-Library]/[handlebars-loader]/index.js:234:18
  
  - index.js:461 module.exports
    [HR-Library]/[handlebars-loader]/index.js:461:5
  
  - ModuleBuildError: Module build [1m[31mfailed[39m[22m[1m (from ./node_modules/handlebars-loader    /index.js):
  
  - [1m[31mError[39m[22m[1m: Parse [1m[31merror[39m[22m[1m on line 68:
  
  - ...{{/layout-main}}{{/layout-main}}
  
  - -------------------^
  
  - Expecting 'EOF', got 'OPEN_ENDBLOCK'
  
  - parser.js:267 Parser.parseError
    [HR-Library]/[handlebars]/dist/cjs/handlebars/compiler/parser.js:267:19
  
  - parser.js:336 Parser.parse
    [HR-Library]/[handlebars]/dist/cjs/handlebars/compiler/parser.js:336:30
  
  - base.js:46 parseWithoutProcessing
    [HR-Library]/[handlebars]/dist/cjs/handlebars/compiler/base.js:46:33
  
  - base.js:52 HandlebarsEnvironment.parse
    [HR-Library]/[handlebars]/dist/cjs/handlebars/compiler/base.js:52:13
  
  - index.js:234 compile
    [HR-Library]/[handlebars-loader]/index.js:234:18
  
  - index.js:461 module.exports
    [HR-Library]/[handlebars-loader]/index.js:461:5
  
  - NormalModule.js:764 processResult
    [HR-Library]/[webpack]/lib/NormalModule.js:764:19
  
  - NormalModule.js:866 
    [HR-Library]/[webpack]/lib/NormalModule.js:866:5
  
  - LoaderRunner.js:499 
    [HR-Library]/[loader-runner]/lib/LoaderRunner.js:499:11
  
  - LoaderRunner.js:259 runSyncOrAsyncCallback
    [HR-Library]/[loader-runner]/lib/LoaderRunner.js:259:19
  
  - LoaderRunner.js:175 innerCallback
    [HR-Library]/[loader-runner]/lib/LoaderRunner.js:175:13
  
  - index.js:238 compile
    [HR-Library]/[handlebars-loader]/index.js:238:14
  
  - index.js:461 module.exports
    [HR-Library]/[handlebars-loader]/index.js:461:5
  
  - LoaderRunner.js:195 LOADER_EXECUTION
    [HR-Library]/[loader-runner]/lib/LoaderRunner.js:195:14
  
  - LoaderRunner.js:196 runSyncOrAsync
    [HR-Library]/[loader-runner]/lib/LoaderRunner.js:196:5
  
  - LoaderRunner.js:258 iterateNormalLoaders
    [HR-Library]/[loader-runner]/lib/LoaderRunner.js:258:2
  
  - Module build [1m[31mfailed[39m[22m[1m (from ./node_modules/handlebars-loader/index.js):
  
  - [1m[31mError[39m[22m[1m: Parse [1m[31merror[39m[22m[1m on line 201:
  
  - ...{{/layout-main}}{{/layout-main}}
  
  - -------------------^
  
  - Expecting 'EOF', got 'OPEN_ENDBLOCK'
  
  - parser.js:267 Parser.parseError
    [HR-Library]/[handlebars]/dist/cjs/handlebars/compiler/parser.js:267:19
  
  - parser.js:336 Parser.parse
    [HR-Library]/[handlebars]/dist/cjs/handlebars/compiler/parser.js:336:30
  
  - base.js:46 parseWithoutProcessing
    [HR-Library]/[handlebars]/dist/cjs/handlebars/compiler/base.js:46:33
  
  - base.js:52 HandlebarsEnvironment.parse
    [HR-Library]/[handlebars]/dist/cjs/handlebars/compiler/base.js:52:13
  
  - index.js:234 compile
    [HR-Library]/[handlebars-loader]/index.js:234:18
  
  - index.js:461 module.exports
    [HR-Library]/[handlebars-loader]/index.js:461:5
  
  - ModuleBuildError: Module build [1m[31mfailed[39m[22m[1m (from ./node_modules/handlebars-loader    /index.js):
  
  - [1m[31mError[39m[22m[1m: Parse [1m[31merror[39m[22m[1m on line 201:
  
  - ...{{/layout-main}}{{/layout-main}}
  
  - -------------------^
  
  - Expecting 'EOF', got 'OPEN_ENDBLOCK'
  
  - parser.js:267 Parser.parseError
    [HR-Library]/[handlebars]/dist/cjs/handlebars/compiler/parser.js:267:19
  
  - parser.js:336 Parser.parse
    [HR-Library]/[handlebars]/dist/cjs/handlebars/compiler/parser.js:336:30
  
  - base.js:46 parseWithoutProcessing
    [HR-Library]/[handlebars]/dist/cjs/handlebars/compiler/base.js:46:33
  
  - base.js:52 HandlebarsEnvironment.parse
    [HR-Library]/[handlebars]/dist/cjs/handlebars/compiler/base.js:52:13
  
  - index.js:234 compile
    [HR-Library]/[handlebars-loader]/index.js:234:18
  
  - index.js:461 module.exports
    [HR-Library]/[handlebars-loader]/index.js:461:5
  
  - NormalModule.js:764 processResult
    [HR-Library]/[webpack]/lib/NormalModule.js:764:19
  
  - NormalModule.js:866 
    [HR-Library]/[webpack]/lib/NormalModule.js:866:5
  
[39m[22m

[1m[31m6 ERRORS in child compilations (Use 'stats.children: true' resp. '--stats-children' for more details)[39m[22m
webpack 5.86.0 compiled with [1m[31m50 errors[39m[22m in 42453 ms
